[2026-03-28T18:41:24.611+0500] {local_task_job_runner.py:120} INFO - ::group::Pre task execution logs
[2026-03-28T18:41:24.625+0500] {taskinstance.py:2076} INFO - Dependencies all met for dep_context=non-requeueable deps ti=<TaskInstance: sales_dwh_pipeline.scd2_update manual__2026-03-28T13:36:27.228103+00:00 [queued]>
[2026-03-28T18:41:24.629+0500] {taskinstance.py:2076} INFO - Dependencies all met for dep_context=requeueable deps ti=<TaskInstance: sales_dwh_pipeline.scd2_update manual__2026-03-28T13:36:27.228103+00:00 [queued]>
[2026-03-28T18:41:24.629+0500] {taskinstance.py:2306} INFO - Starting attempt 1 of 2
[2026-03-28T18:41:24.639+0500] {taskinstance.py:2330} INFO - Executing <Task(PostgresOperator): scd2_update> on 2026-03-28 13:36:27.228103+00:00
[2026-03-28T18:41:24.660+0500] {standard_task_runner.py:64} INFO - Started process 21712 to run task
[2026-03-28T18:41:24.665+0500] {standard_task_runner.py:90} INFO - Running: ['airflow', 'tasks', 'run', 'sales_dwh_pipeline', 'scd2_update', 'manual__2026-03-28T13:36:27.228103+00:00', '--job-id', '18', '--raw', '--subdir', 'DAGS_FOLDER/sales_dwh_pipeline.py', '--cfg-path', '/tmp/tmp8wtb5w3t']
[2026-03-28T18:41:24.668+0500] {standard_task_runner.py:91} INFO - Job 18: Subtask scd2_update
[2026-03-28T18:41:24.704+0500] {task_command.py:426} INFO - Running <TaskInstance: sales_dwh_pipeline.scd2_update manual__2026-03-28T13:36:27.228103+00:00 [running]> on host DESKTOP-I2ADLC6.localdomain
[2026-03-28T18:41:24.744+0500] {taskinstance.py:2648} INFO - Exporting env vars: AIRFLOW_CTX_DAG_OWNER='abay' AIRFLOW_CTX_DAG_ID='sales_dwh_pipeline' AIRFLOW_CTX_TASK_ID='scd2_update' AIRFLOW_CTX_EXECUTION_DATE='2026-03-28T13:36:27.228103+00:00' AIRFLOW_CTX_TRY_NUMBER='1' AIRFLOW_CTX_DAG_RUN_ID='manual__2026-03-28T13:36:27.228103+00:00'
[2026-03-28T18:41:24.746+0500] {taskinstance.py:430} INFO - ::endgroup::
[2026-03-28T18:41:24.746+0500] {sql.py:282} INFO - Executing: UPDATE analytics.dim_customer d
SET valid_to = CURRENT_DATE,
    is_current = FALSE
FROM analytics.sales_stg s
WHERE d.customer_name = s.customer_name
    AND d.is_current = TRUE
    AND (
        s.customer_segment IS DISTINCT
        FROM d.customer_segment
            OR s.region IS DISTINCT
        FROM d.region
            OR s.province IS DISTINCT
        FROM d.province
    );
[2026-03-28T18:41:24.750+0500] {base.py:84} INFO - Using connection ID 'postgres_default' for task execution.
[2026-03-28T18:41:24.754+0500] {base.py:84} INFO - Using connection ID 'postgres_default' for task execution.
[2026-03-28T18:41:24.770+0500] {sql.py:495} INFO - Running statement: UPDATE analytics.dim_customer d
SET valid_to = CURRENT_DATE,
    is_current = FALSE
FROM analytics.sales_stg s
WHERE d.customer_name = s.customer_name
    AND d.is_current = TRUE
    AND (
        s.customer_segment IS DISTINCT
        FROM d.customer_segment
            OR s.region IS DISTINCT
        FROM d.region
            OR s.province IS DISTINCT
        FROM d.province
    );, parameters: None
[2026-03-28T18:41:24.799+0500] {sql.py:504} INFO - Rows affected: 0
[2026-03-28T18:41:24.800+0500] {taskinstance.py:441} INFO - ::group::Post task execution logs
[2026-03-28T18:41:24.804+0500] {taskinstance.py:1206} INFO - Marking task as SUCCESS. dag_id=sales_dwh_pipeline, task_id=scd2_update, run_id=manual__2026-03-28T13:36:27.228103+00:00, execution_date=20260328T133627, start_date=20260328T134124, end_date=20260328T134124
[2026-03-28T18:41:24.841+0500] {local_task_job_runner.py:243} INFO - Task exited with return code 0
[2026-03-28T18:41:24.852+0500] {logging_mixin.py:188} WARNING - /home/abayturar/airflow-project/venv/lib/python3.12/site-packages/airflow/models/baseoperator.py:1297 AirflowProviderDeprecationWarning: Call to deprecated class PostgresOperator. (Please use `airflow.providers.common.sql.operators.sql.SQLExecuteQueryOperator`.Also, you can provide `hook_params={'schema': <database>}`.)
[2026-03-28T18:41:24.863+0500] {taskinstance.py:3503} INFO - 1 downstream tasks scheduled from follow-on schedule check
[2026-03-28T18:41:24.865+0500] {local_task_job_runner.py:222} INFO - ::endgroup::
