[2026-03-28T15:21:50.570+0500] {processor.py:161} INFO - Started process (PID=11926) to work on /home/abayturar/airflow-project/dags/sales_etl_superstore.py
[2026-03-28T15:21:50.571+0500] {processor.py:830} INFO - Processing file /home/abayturar/airflow-project/dags/sales_etl_superstore.py for tasks to queue
[2026-03-28T15:21:50.573+0500] {logging_mixin.py:188} INFO - [2026-03-28T15:21:50.573+0500] {dagbag.py:545} INFO - Filling up the DagBag from /home/abayturar/airflow-project/dags/sales_etl_superstore.py
[2026-03-28T15:21:50.581+0500] {processor.py:840} INFO - DAG(s) 'sales_etl_superstore' retrieved from /home/abayturar/airflow-project/dags/sales_etl_superstore.py
[2026-03-28T15:21:50.677+0500] {logging_mixin.py:188} INFO - [2026-03-28T15:21:50.676+0500] {override.py:1858} INFO - Created Permission View: can edit on DAG:sales_etl_superstore
[2026-03-28T15:21:50.686+0500] {logging_mixin.py:188} INFO - [2026-03-28T15:21:50.685+0500] {override.py:1858} INFO - Created Permission View: can read on DAG:sales_etl_superstore
[2026-03-28T15:21:50.691+0500] {logging_mixin.py:188} INFO - [2026-03-28T15:21:50.691+0500] {override.py:1858} INFO - Created Permission View: can delete on DAG:sales_etl_superstore
[2026-03-28T15:21:50.692+0500] {logging_mixin.py:188} INFO - [2026-03-28T15:21:50.691+0500] {dag.py:3089} INFO - Sync 1 DAGs
[2026-03-28T15:21:50.699+0500] {logging_mixin.py:188} INFO - [2026-03-28T15:21:50.699+0500] {dag.py:3111} INFO - Creating ORM DAG for sales_etl_superstore
[2026-03-28T15:21:50.700+0500] {logging_mixin.py:188} INFO - [2026-03-28T15:21:50.700+0500] {dag.py:3947} INFO - Setting next_dagrun for sales_etl_superstore to None, run_after=None
[2026-03-28T15:21:50.713+0500] {processor.py:183} INFO - Processing /home/abayturar/airflow-project/dags/sales_etl_superstore.py took 0.150 seconds
[2026-03-28T15:22:35.721+0500] {processor.py:161} INFO - Started process (PID=12063) to work on /home/abayturar/airflow-project/dags/sales_etl_superstore.py
[2026-03-28T15:22:35.722+0500] {processor.py:830} INFO - Processing file /home/abayturar/airflow-project/dags/sales_etl_superstore.py for tasks to queue
[2026-03-28T15:22:35.724+0500] {logging_mixin.py:188} INFO - [2026-03-28T15:22:35.724+0500] {dagbag.py:545} INFO - Filling up the DagBag from /home/abayturar/airflow-project/dags/sales_etl_superstore.py
[2026-03-28T15:22:35.731+0500] {processor.py:840} INFO - DAG(s) 'sales_etl_superstore' retrieved from /home/abayturar/airflow-project/dags/sales_etl_superstore.py
[2026-03-28T15:22:35.751+0500] {logging_mixin.py:188} INFO - [2026-03-28T15:22:35.751+0500] {taskinstance.py:2907} ERROR - {'DAG Id': 'sales_etl_superstore', 'Task Id': 'transform', 'Run Id': 'manual__2026-03-28T10:22:26.411786+00:00', 'Hostname': 'DESKTOP-I2ADLC6.localdomain'}
[2026-03-28T15:22:35.761+0500] {logging_mixin.py:188} INFO - [2026-03-28T15:22:35.761+0500] {taskinstance.py:1206} INFO - Marking task as FAILED. dag_id=sales_etl_superstore, task_id=transform, run_id=manual__2026-03-28T10:22:26.411786+00:00, execution_date=20260328T102226, start_date=20260328T102234, end_date=20260328T102235
[2026-03-28T15:22:35.767+0500] {processor.py:791} INFO - Executed failure callback for <TaskInstance: sales_etl_superstore.transform manual__2026-03-28T10:22:26.411786+00:00 [failed]> in state failed
[2026-03-28T15:22:35.778+0500] {logging_mixin.py:188} INFO - [2026-03-28T15:22:35.778+0500] {dag.py:3089} INFO - Sync 1 DAGs
[2026-03-28T15:22:35.785+0500] {logging_mixin.py:188} INFO - [2026-03-28T15:22:35.785+0500] {dag.py:3947} INFO - Setting next_dagrun for sales_etl_superstore to None, run_after=None
[2026-03-28T15:22:35.799+0500] {processor.py:183} INFO - Processing /home/abayturar/airflow-project/dags/sales_etl_superstore.py took 0.084 seconds
[2026-03-28T15:23:37.880+0500] {processor.py:161} INFO - Started process (PID=12242) to work on /home/abayturar/airflow-project/dags/sales_etl_superstore.py
[2026-03-28T15:23:37.881+0500] {processor.py:830} INFO - Processing file /home/abayturar/airflow-project/dags/sales_etl_superstore.py for tasks to queue
[2026-03-28T15:23:37.883+0500] {logging_mixin.py:188} INFO - [2026-03-28T15:23:37.882+0500] {dagbag.py:545} INFO - Filling up the DagBag from /home/abayturar/airflow-project/dags/sales_etl_superstore.py
[2026-03-28T15:23:37.889+0500] {processor.py:840} INFO - DAG(s) 'sales_etl_superstore' retrieved from /home/abayturar/airflow-project/dags/sales_etl_superstore.py
[2026-03-28T15:23:37.906+0500] {logging_mixin.py:188} INFO - [2026-03-28T15:23:37.906+0500] {dag.py:3089} INFO - Sync 1 DAGs
[2026-03-28T15:23:37.917+0500] {logging_mixin.py:188} INFO - [2026-03-28T15:23:37.917+0500] {dag.py:3947} INFO - Setting next_dagrun for sales_etl_superstore to None, run_after=None
[2026-03-28T15:23:37.932+0500] {processor.py:183} INFO - Processing /home/abayturar/airflow-project/dags/sales_etl_superstore.py took 0.057 seconds
[2026-03-28T15:24:26.986+0500] {processor.py:161} INFO - Started process (PID=12383) to work on /home/abayturar/airflow-project/dags/sales_etl_superstore.py
[2026-03-28T15:24:26.988+0500] {processor.py:830} INFO - Processing file /home/abayturar/airflow-project/dags/sales_etl_superstore.py for tasks to queue
[2026-03-28T15:24:26.990+0500] {logging_mixin.py:188} INFO - [2026-03-28T15:24:26.989+0500] {dagbag.py:545} INFO - Filling up the DagBag from /home/abayturar/airflow-project/dags/sales_etl_superstore.py
[2026-03-28T15:24:26.997+0500] {processor.py:840} INFO - DAG(s) 'sales_etl_superstore' retrieved from /home/abayturar/airflow-project/dags/sales_etl_superstore.py
[2026-03-28T15:24:27.012+0500] {logging_mixin.py:188} INFO - [2026-03-28T15:24:27.012+0500] {dag.py:3089} INFO - Sync 1 DAGs
[2026-03-28T15:24:27.022+0500] {logging_mixin.py:188} INFO - [2026-03-28T15:24:27.022+0500] {dag.py:3947} INFO - Setting next_dagrun for sales_etl_superstore to None, run_after=None
[2026-03-28T15:24:27.039+0500] {processor.py:183} INFO - Processing /home/abayturar/airflow-project/dags/sales_etl_superstore.py took 0.059 seconds
[2026-03-28T15:27:34.622+0500] {processor.py:161} INFO - Started process (PID=12867) to work on /home/abayturar/airflow-project/dags/sales_etl_superstore.py
[2026-03-28T15:27:34.623+0500] {processor.py:830} INFO - Processing file /home/abayturar/airflow-project/dags/sales_etl_superstore.py for tasks to queue
[2026-03-28T15:27:34.624+0500] {logging_mixin.py:188} INFO - [2026-03-28T15:27:34.624+0500] {dagbag.py:545} INFO - Filling up the DagBag from /home/abayturar/airflow-project/dags/sales_etl_superstore.py
[2026-03-28T15:27:34.631+0500] {processor.py:840} INFO - DAG(s) 'sales_etl_superstore' retrieved from /home/abayturar/airflow-project/dags/sales_etl_superstore.py
[2026-03-28T15:27:34.720+0500] {logging_mixin.py:188} INFO - [2026-03-28T15:27:34.720+0500] {dag.py:3089} INFO - Sync 1 DAGs
[2026-03-28T15:27:34.728+0500] {logging_mixin.py:188} INFO - [2026-03-28T15:27:34.727+0500] {dag.py:3947} INFO - Setting next_dagrun for sales_etl_superstore to None, run_after=None
[2026-03-28T15:27:34.754+0500] {processor.py:183} INFO - Processing /home/abayturar/airflow-project/dags/sales_etl_superstore.py took 0.137 seconds
[2026-03-28T18:18:11.649+0500] {processor.py:161} INFO - Started process (PID=17999) to work on /home/abayturar/airflow-project/dags/sales_etl_superstore.py
[2026-03-28T18:18:11.650+0500] {processor.py:830} INFO - Processing file /home/abayturar/airflow-project/dags/sales_etl_superstore.py for tasks to queue
[2026-03-28T18:18:11.654+0500] {logging_mixin.py:188} INFO - [2026-03-28T18:18:11.653+0500] {dagbag.py:545} INFO - Filling up the DagBag from /home/abayturar/airflow-project/dags/sales_etl_superstore.py
[2026-03-28T18:18:11.663+0500] {processor.py:840} INFO - DAG(s) 'sales_etl_superstore' retrieved from /home/abayturar/airflow-project/dags/sales_etl_superstore.py
[2026-03-28T18:18:11.768+0500] {logging_mixin.py:188} INFO - [2026-03-28T18:18:11.767+0500] {override.py:1858} INFO - Created Permission View: can edit on DAG:sales_etl_superstore
[2026-03-28T18:18:11.775+0500] {logging_mixin.py:188} INFO - [2026-03-28T18:18:11.775+0500] {override.py:1858} INFO - Created Permission View: can delete on DAG:sales_etl_superstore
[2026-03-28T18:18:11.781+0500] {logging_mixin.py:188} INFO - [2026-03-28T18:18:11.781+0500] {override.py:1858} INFO - Created Permission View: can read on DAG:sales_etl_superstore
[2026-03-28T18:18:11.782+0500] {logging_mixin.py:188} INFO - [2026-03-28T18:18:11.782+0500] {dag.py:3089} INFO - Sync 1 DAGs
[2026-03-28T18:18:11.789+0500] {logging_mixin.py:188} INFO - [2026-03-28T18:18:11.789+0500] {dag.py:3111} INFO - Creating ORM DAG for sales_etl_superstore
[2026-03-28T18:18:11.789+0500] {logging_mixin.py:188} INFO - [2026-03-28T18:18:11.789+0500] {dag.py:3947} INFO - Setting next_dagrun for sales_etl_superstore to None, run_after=None
[2026-03-28T18:18:11.804+0500] {processor.py:183} INFO - Processing /home/abayturar/airflow-project/dags/sales_etl_superstore.py took 0.163 seconds
[2026-03-28T18:22:55.281+0500] {processor.py:161} INFO - Started process (PID=18682) to work on /home/abayturar/airflow-project/dags/sales_etl_superstore.py
[2026-03-28T18:22:55.281+0500] {processor.py:830} INFO - Processing file /home/abayturar/airflow-project/dags/sales_etl_superstore.py for tasks to queue
[2026-03-28T18:22:55.283+0500] {logging_mixin.py:188} INFO - [2026-03-28T18:22:55.283+0500] {dagbag.py:545} INFO - Filling up the DagBag from /home/abayturar/airflow-project/dags/sales_etl_superstore.py
[2026-03-28T18:22:55.290+0500] {processor.py:840} INFO - DAG(s) 'sales_etl_superstore' retrieved from /home/abayturar/airflow-project/dags/sales_etl_superstore.py
[2026-03-28T18:22:55.306+0500] {logging_mixin.py:188} INFO - [2026-03-28T18:22:55.306+0500] {dag.py:3089} INFO - Sync 1 DAGs
[2026-03-28T18:22:55.316+0500] {logging_mixin.py:188} INFO - [2026-03-28T18:22:55.316+0500] {dag.py:3947} INFO - Setting next_dagrun for sales_etl_superstore to None, run_after=None
[2026-03-28T18:22:55.334+0500] {processor.py:183} INFO - Processing /home/abayturar/airflow-project/dags/sales_etl_superstore.py took 0.059 seconds
[2026-03-28T18:24:05.535+0500] {processor.py:161} INFO - Started process (PID=18874) to work on /home/abayturar/airflow-project/dags/sales_etl_superstore.py
[2026-03-28T18:24:05.536+0500] {processor.py:830} INFO - Processing file /home/abayturar/airflow-project/dags/sales_etl_superstore.py for tasks to queue
[2026-03-28T18:24:05.537+0500] {logging_mixin.py:188} INFO - [2026-03-28T18:24:05.537+0500] {dagbag.py:545} INFO - Filling up the DagBag from /home/abayturar/airflow-project/dags/sales_etl_superstore.py
[2026-03-28T18:24:05.544+0500] {processor.py:840} INFO - DAG(s) 'sales_etl_superstore' retrieved from /home/abayturar/airflow-project/dags/sales_etl_superstore.py
[2026-03-28T18:24:05.559+0500] {logging_mixin.py:188} INFO - [2026-03-28T18:24:05.558+0500] {dag.py:3089} INFO - Sync 1 DAGs
[2026-03-28T18:24:05.567+0500] {logging_mixin.py:188} INFO - [2026-03-28T18:24:05.567+0500] {dag.py:3947} INFO - Setting next_dagrun for sales_etl_superstore to None, run_after=None
[2026-03-28T18:24:05.584+0500] {processor.py:183} INFO - Processing /home/abayturar/airflow-project/dags/sales_etl_superstore.py took 0.054 seconds
[2026-03-28T18:25:15.426+0500] {processor.py:161} INFO - Started process (PID=19059) to work on /home/abayturar/airflow-project/dags/sales_etl_superstore.py
[2026-03-28T18:25:15.427+0500] {processor.py:830} INFO - Processing file /home/abayturar/airflow-project/dags/sales_etl_superstore.py for tasks to queue
[2026-03-28T18:25:15.429+0500] {logging_mixin.py:188} INFO - [2026-03-28T18:25:15.428+0500] {dagbag.py:545} INFO - Filling up the DagBag from /home/abayturar/airflow-project/dags/sales_etl_superstore.py
[2026-03-28T18:25:15.435+0500] {processor.py:840} INFO - DAG(s) 'sales_etl_superstore' retrieved from /home/abayturar/airflow-project/dags/sales_etl_superstore.py
[2026-03-28T18:25:15.451+0500] {logging_mixin.py:188} INFO - [2026-03-28T18:25:15.450+0500] {dag.py:3089} INFO - Sync 1 DAGs
[2026-03-28T18:25:15.459+0500] {logging_mixin.py:188} INFO - [2026-03-28T18:25:15.459+0500] {dag.py:3947} INFO - Setting next_dagrun for sales_etl_superstore to None, run_after=None
[2026-03-28T18:25:15.485+0500] {processor.py:183} INFO - Processing /home/abayturar/airflow-project/dags/sales_etl_superstore.py took 0.066 seconds
[2026-03-28T18:26:25.298+0500] {processor.py:161} INFO - Started process (PID=19249) to work on /home/abayturar/airflow-project/dags/sales_etl_superstore.py
[2026-03-28T18:26:25.299+0500] {processor.py:830} INFO - Processing file /home/abayturar/airflow-project/dags/sales_etl_superstore.py for tasks to queue
[2026-03-28T18:26:25.301+0500] {logging_mixin.py:188} INFO - [2026-03-28T18:26:25.301+0500] {dagbag.py:545} INFO - Filling up the DagBag from /home/abayturar/airflow-project/dags/sales_etl_superstore.py
[2026-03-28T18:26:25.309+0500] {processor.py:840} INFO - DAG(s) 'sales_etl_superstore' retrieved from /home/abayturar/airflow-project/dags/sales_etl_superstore.py
[2026-03-28T18:26:25.324+0500] {logging_mixin.py:188} INFO - [2026-03-28T18:26:25.324+0500] {dag.py:3089} INFO - Sync 1 DAGs
[2026-03-28T18:26:25.332+0500] {logging_mixin.py:188} INFO - [2026-03-28T18:26:25.332+0500] {dag.py:3947} INFO - Setting next_dagrun for sales_etl_superstore to None, run_after=None
[2026-03-28T18:26:25.348+0500] {processor.py:183} INFO - Processing /home/abayturar/airflow-project/dags/sales_etl_superstore.py took 0.055 seconds
[2026-03-28T18:27:41.262+0500] {processor.py:161} INFO - Started process (PID=19453) to work on /home/abayturar/airflow-project/dags/sales_etl_superstore.py
[2026-03-28T18:27:41.263+0500] {processor.py:830} INFO - Processing file /home/abayturar/airflow-project/dags/sales_etl_superstore.py for tasks to queue
[2026-03-28T18:27:41.265+0500] {logging_mixin.py:188} INFO - [2026-03-28T18:27:41.264+0500] {dagbag.py:545} INFO - Filling up the DagBag from /home/abayturar/airflow-project/dags/sales_etl_superstore.py
[2026-03-28T18:27:41.273+0500] {processor.py:840} INFO - DAG(s) 'sales_etl_superstore' retrieved from /home/abayturar/airflow-project/dags/sales_etl_superstore.py
[2026-03-28T18:27:41.291+0500] {logging_mixin.py:188} INFO - [2026-03-28T18:27:41.290+0500] {dag.py:3089} INFO - Sync 1 DAGs
[2026-03-28T18:27:41.300+0500] {logging_mixin.py:188} INFO - [2026-03-28T18:27:41.300+0500] {dag.py:3947} INFO - Setting next_dagrun for sales_etl_superstore to None, run_after=None
[2026-03-28T18:27:41.318+0500] {processor.py:183} INFO - Processing /home/abayturar/airflow-project/dags/sales_etl_superstore.py took 0.063 seconds
[2026-03-28T18:29:01.181+0500] {processor.py:161} INFO - Started process (PID=19674) to work on /home/abayturar/airflow-project/dags/sales_etl_superstore.py
[2026-03-28T18:29:01.182+0500] {processor.py:830} INFO - Processing file /home/abayturar/airflow-project/dags/sales_etl_superstore.py for tasks to queue
[2026-03-28T18:29:01.186+0500] {logging_mixin.py:188} INFO - [2026-03-28T18:29:01.185+0500] {dagbag.py:545} INFO - Filling up the DagBag from /home/abayturar/airflow-project/dags/sales_etl_superstore.py
[2026-03-28T18:29:01.196+0500] {processor.py:840} INFO - DAG(s) 'sales_etl_superstore' retrieved from /home/abayturar/airflow-project/dags/sales_etl_superstore.py
[2026-03-28T18:29:01.214+0500] {logging_mixin.py:188} INFO - [2026-03-28T18:29:01.214+0500] {dag.py:3089} INFO - Sync 1 DAGs
[2026-03-28T18:29:01.228+0500] {logging_mixin.py:188} INFO - [2026-03-28T18:29:01.228+0500] {dag.py:3947} INFO - Setting next_dagrun for sales_etl_superstore to None, run_after=None
[2026-03-28T18:29:01.260+0500] {processor.py:183} INFO - Processing /home/abayturar/airflow-project/dags/sales_etl_superstore.py took 0.087 seconds
[2026-03-28T18:30:15.323+0500] {processor.py:161} INFO - Started process (PID=19867) to work on /home/abayturar/airflow-project/dags/sales_etl_superstore.py
[2026-03-28T18:30:15.324+0500] {processor.py:830} INFO - Processing file /home/abayturar/airflow-project/dags/sales_etl_superstore.py for tasks to queue
[2026-03-28T18:30:15.325+0500] {logging_mixin.py:188} INFO - [2026-03-28T18:30:15.325+0500] {dagbag.py:545} INFO - Filling up the DagBag from /home/abayturar/airflow-project/dags/sales_etl_superstore.py
[2026-03-28T18:30:15.334+0500] {processor.py:840} INFO - DAG(s) 'sales_etl_superstore' retrieved from /home/abayturar/airflow-project/dags/sales_etl_superstore.py
[2026-03-28T18:30:15.352+0500] {logging_mixin.py:188} INFO - [2026-03-28T18:30:15.352+0500] {dag.py:3089} INFO - Sync 1 DAGs
[2026-03-28T18:30:15.363+0500] {logging_mixin.py:188} INFO - [2026-03-28T18:30:15.363+0500] {dag.py:3947} INFO - Setting next_dagrun for sales_etl_superstore to None, run_after=None
[2026-03-28T18:30:15.382+0500] {processor.py:183} INFO - Processing /home/abayturar/airflow-project/dags/sales_etl_superstore.py took 0.067 seconds
[2026-03-28T18:31:23.204+0500] {processor.py:161} INFO - Started process (PID=20062) to work on /home/abayturar/airflow-project/dags/sales_etl_superstore.py
[2026-03-28T18:31:23.205+0500] {processor.py:830} INFO - Processing file /home/abayturar/airflow-project/dags/sales_etl_superstore.py for tasks to queue
[2026-03-28T18:31:23.206+0500] {logging_mixin.py:188} INFO - [2026-03-28T18:31:23.206+0500] {dagbag.py:545} INFO - Filling up the DagBag from /home/abayturar/airflow-project/dags/sales_etl_superstore.py
[2026-03-28T18:31:23.214+0500] {processor.py:840} INFO - DAG(s) 'sales_etl_superstore' retrieved from /home/abayturar/airflow-project/dags/sales_etl_superstore.py
[2026-03-28T18:31:23.232+0500] {logging_mixin.py:188} INFO - [2026-03-28T18:31:23.232+0500] {dag.py:3089} INFO - Sync 1 DAGs
[2026-03-28T18:31:23.244+0500] {logging_mixin.py:188} INFO - [2026-03-28T18:31:23.243+0500] {dag.py:3947} INFO - Setting next_dagrun for sales_etl_superstore to None, run_after=None
[2026-03-28T18:31:23.276+0500] {processor.py:183} INFO - Processing /home/abayturar/airflow-project/dags/sales_etl_superstore.py took 0.079 seconds
[2026-03-28T18:32:28.965+0500] {processor.py:161} INFO - Started process (PID=20237) to work on /home/abayturar/airflow-project/dags/sales_etl_superstore.py
[2026-03-28T18:32:28.966+0500] {processor.py:830} INFO - Processing file /home/abayturar/airflow-project/dags/sales_etl_superstore.py for tasks to queue
[2026-03-28T18:32:28.968+0500] {logging_mixin.py:188} INFO - [2026-03-28T18:32:28.968+0500] {dagbag.py:545} INFO - Filling up the DagBag from /home/abayturar/airflow-project/dags/sales_etl_superstore.py
[2026-03-28T18:32:28.974+0500] {processor.py:840} INFO - DAG(s) 'sales_etl_superstore' retrieved from /home/abayturar/airflow-project/dags/sales_etl_superstore.py
[2026-03-28T18:32:28.989+0500] {logging_mixin.py:188} INFO - [2026-03-28T18:32:28.988+0500] {dag.py:3089} INFO - Sync 1 DAGs
[2026-03-28T18:32:28.997+0500] {logging_mixin.py:188} INFO - [2026-03-28T18:32:28.997+0500] {dag.py:3947} INFO - Setting next_dagrun for sales_etl_superstore to None, run_after=None
[2026-03-28T18:32:29.013+0500] {processor.py:183} INFO - Processing /home/abayturar/airflow-project/dags/sales_etl_superstore.py took 0.053 seconds
[2026-03-28T18:33:47.234+0500] {processor.py:161} INFO - Started process (PID=20445) to work on /home/abayturar/airflow-project/dags/sales_etl_superstore.py
[2026-03-28T18:33:47.235+0500] {processor.py:830} INFO - Processing file /home/abayturar/airflow-project/dags/sales_etl_superstore.py for tasks to queue
[2026-03-28T18:33:47.237+0500] {logging_mixin.py:188} INFO - [2026-03-28T18:33:47.236+0500] {dagbag.py:545} INFO - Filling up the DagBag from /home/abayturar/airflow-project/dags/sales_etl_superstore.py
[2026-03-28T18:33:47.243+0500] {processor.py:840} INFO - DAG(s) 'sales_etl_superstore' retrieved from /home/abayturar/airflow-project/dags/sales_etl_superstore.py
[2026-03-28T18:33:47.259+0500] {logging_mixin.py:188} INFO - [2026-03-28T18:33:47.259+0500] {dag.py:3089} INFO - Sync 1 DAGs
[2026-03-28T18:33:47.268+0500] {logging_mixin.py:188} INFO - [2026-03-28T18:33:47.268+0500] {dag.py:3947} INFO - Setting next_dagrun for sales_etl_superstore to None, run_after=None
[2026-03-28T18:33:47.297+0500] {processor.py:183} INFO - Processing /home/abayturar/airflow-project/dags/sales_etl_superstore.py took 0.069 seconds
[2026-03-28T18:35:04.515+0500] {processor.py:161} INFO - Started process (PID=20661) to work on /home/abayturar/airflow-project/dags/sales_etl_superstore.py
[2026-03-28T18:35:04.515+0500] {processor.py:830} INFO - Processing file /home/abayturar/airflow-project/dags/sales_etl_superstore.py for tasks to queue
[2026-03-28T18:35:04.517+0500] {logging_mixin.py:188} INFO - [2026-03-28T18:35:04.517+0500] {dagbag.py:545} INFO - Filling up the DagBag from /home/abayturar/airflow-project/dags/sales_etl_superstore.py
[2026-03-28T18:35:04.523+0500] {processor.py:840} INFO - DAG(s) 'sales_etl_superstore' retrieved from /home/abayturar/airflow-project/dags/sales_etl_superstore.py
[2026-03-28T18:35:04.540+0500] {logging_mixin.py:188} INFO - [2026-03-28T18:35:04.540+0500] {dag.py:3089} INFO - Sync 1 DAGs
[2026-03-28T18:35:04.550+0500] {logging_mixin.py:188} INFO - [2026-03-28T18:35:04.550+0500] {dag.py:3947} INFO - Setting next_dagrun for sales_etl_superstore to None, run_after=None
[2026-03-28T18:35:04.565+0500] {processor.py:183} INFO - Processing /home/abayturar/airflow-project/dags/sales_etl_superstore.py took 0.056 seconds
[2026-03-28T18:36:20.405+0500] {processor.py:161} INFO - Started process (PID=20878) to work on /home/abayturar/airflow-project/dags/sales_etl_superstore.py
[2026-03-28T18:36:20.405+0500] {processor.py:830} INFO - Processing file /home/abayturar/airflow-project/dags/sales_etl_superstore.py for tasks to queue
[2026-03-28T18:36:20.407+0500] {logging_mixin.py:188} INFO - [2026-03-28T18:36:20.407+0500] {dagbag.py:545} INFO - Filling up the DagBag from /home/abayturar/airflow-project/dags/sales_etl_superstore.py
[2026-03-28T18:36:20.413+0500] {processor.py:840} INFO - DAG(s) 'sales_etl_superstore' retrieved from /home/abayturar/airflow-project/dags/sales_etl_superstore.py
[2026-03-28T18:36:20.428+0500] {logging_mixin.py:188} INFO - [2026-03-28T18:36:20.428+0500] {dag.py:3089} INFO - Sync 1 DAGs
[2026-03-28T18:36:20.439+0500] {logging_mixin.py:188} INFO - [2026-03-28T18:36:20.439+0500] {dag.py:3947} INFO - Setting next_dagrun for sales_etl_superstore to None, run_after=None
[2026-03-28T18:36:20.468+0500] {processor.py:183} INFO - Processing /home/abayturar/airflow-project/dags/sales_etl_superstore.py took 0.069 seconds
[2026-03-28T18:37:18.755+0500] {processor.py:161} INFO - Started process (PID=21044) to work on /home/abayturar/airflow-project/dags/sales_etl_superstore.py
[2026-03-28T18:37:18.756+0500] {processor.py:830} INFO - Processing file /home/abayturar/airflow-project/dags/sales_etl_superstore.py for tasks to queue
[2026-03-28T18:37:18.758+0500] {logging_mixin.py:188} INFO - [2026-03-28T18:37:18.757+0500] {dagbag.py:545} INFO - Filling up the DagBag from /home/abayturar/airflow-project/dags/sales_etl_superstore.py
[2026-03-28T18:37:18.764+0500] {processor.py:840} INFO - DAG(s) 'sales_etl_superstore' retrieved from /home/abayturar/airflow-project/dags/sales_etl_superstore.py
[2026-03-28T18:37:18.779+0500] {logging_mixin.py:188} INFO - [2026-03-28T18:37:18.779+0500] {dag.py:3089} INFO - Sync 1 DAGs
[2026-03-28T18:37:18.788+0500] {logging_mixin.py:188} INFO - [2026-03-28T18:37:18.787+0500] {dag.py:3947} INFO - Setting next_dagrun for sales_etl_superstore to None, run_after=None
[2026-03-28T18:37:18.816+0500] {processor.py:183} INFO - Processing /home/abayturar/airflow-project/dags/sales_etl_superstore.py took 0.067 seconds
[2026-03-28T18:38:33.955+0500] {processor.py:161} INFO - Started process (PID=21240) to work on /home/abayturar/airflow-project/dags/sales_etl_superstore.py
[2026-03-28T18:38:33.956+0500] {processor.py:830} INFO - Processing file /home/abayturar/airflow-project/dags/sales_etl_superstore.py for tasks to queue
[2026-03-28T18:38:33.958+0500] {logging_mixin.py:188} INFO - [2026-03-28T18:38:33.958+0500] {dagbag.py:545} INFO - Filling up the DagBag from /home/abayturar/airflow-project/dags/sales_etl_superstore.py
[2026-03-28T18:38:33.964+0500] {processor.py:840} INFO - DAG(s) 'sales_etl_superstore' retrieved from /home/abayturar/airflow-project/dags/sales_etl_superstore.py
[2026-03-28T18:38:33.980+0500] {logging_mixin.py:188} INFO - [2026-03-28T18:38:33.980+0500] {dag.py:3089} INFO - Sync 1 DAGs
[2026-03-28T18:38:33.989+0500] {logging_mixin.py:188} INFO - [2026-03-28T18:38:33.989+0500] {dag.py:3947} INFO - Setting next_dagrun for sales_etl_superstore to None, run_after=None
[2026-03-28T18:38:34.016+0500] {processor.py:183} INFO - Processing /home/abayturar/airflow-project/dags/sales_etl_superstore.py took 0.066 seconds
[2026-03-28T18:39:50.700+0500] {processor.py:161} INFO - Started process (PID=21448) to work on /home/abayturar/airflow-project/dags/sales_etl_superstore.py
[2026-03-28T18:39:50.701+0500] {processor.py:830} INFO - Processing file /home/abayturar/airflow-project/dags/sales_etl_superstore.py for tasks to queue
[2026-03-28T18:39:50.702+0500] {logging_mixin.py:188} INFO - [2026-03-28T18:39:50.702+0500] {dagbag.py:545} INFO - Filling up the DagBag from /home/abayturar/airflow-project/dags/sales_etl_superstore.py
[2026-03-28T18:39:50.710+0500] {processor.py:840} INFO - DAG(s) 'sales_etl_superstore' retrieved from /home/abayturar/airflow-project/dags/sales_etl_superstore.py
[2026-03-28T18:39:50.731+0500] {logging_mixin.py:188} INFO - [2026-03-28T18:39:50.730+0500] {dag.py:3089} INFO - Sync 1 DAGs
[2026-03-28T18:39:50.741+0500] {logging_mixin.py:188} INFO - [2026-03-28T18:39:50.741+0500] {dag.py:3947} INFO - Setting next_dagrun for sales_etl_superstore to None, run_after=None
[2026-03-28T18:39:50.761+0500] {processor.py:183} INFO - Processing /home/abayturar/airflow-project/dags/sales_etl_superstore.py took 0.068 seconds
[2026-03-28T18:41:08.599+0500] {processor.py:161} INFO - Started process (PID=21650) to work on /home/abayturar/airflow-project/dags/sales_etl_superstore.py
[2026-03-28T18:41:08.599+0500] {processor.py:830} INFO - Processing file /home/abayturar/airflow-project/dags/sales_etl_superstore.py for tasks to queue
[2026-03-28T18:41:08.601+0500] {logging_mixin.py:188} INFO - [2026-03-28T18:41:08.601+0500] {dagbag.py:545} INFO - Filling up the DagBag from /home/abayturar/airflow-project/dags/sales_etl_superstore.py
[2026-03-28T18:41:08.607+0500] {processor.py:840} INFO - DAG(s) 'sales_etl_superstore' retrieved from /home/abayturar/airflow-project/dags/sales_etl_superstore.py
[2026-03-28T18:41:08.622+0500] {logging_mixin.py:188} INFO - [2026-03-28T18:41:08.622+0500] {dag.py:3089} INFO - Sync 1 DAGs
[2026-03-28T18:41:08.720+0500] {logging_mixin.py:188} INFO - [2026-03-28T18:41:08.719+0500] {dag.py:3947} INFO - Setting next_dagrun for sales_etl_superstore to None, run_after=None
[2026-03-28T18:41:08.733+0500] {processor.py:183} INFO - Processing /home/abayturar/airflow-project/dags/sales_etl_superstore.py took 0.141 seconds
[2026-03-28T18:42:20.313+0500] {processor.py:161} INFO - Started process (PID=21894) to work on /home/abayturar/airflow-project/dags/sales_etl_superstore.py
[2026-03-28T18:42:20.314+0500] {processor.py:830} INFO - Processing file /home/abayturar/airflow-project/dags/sales_etl_superstore.py for tasks to queue
[2026-03-28T18:42:20.315+0500] {logging_mixin.py:188} INFO - [2026-03-28T18:42:20.315+0500] {dagbag.py:545} INFO - Filling up the DagBag from /home/abayturar/airflow-project/dags/sales_etl_superstore.py
[2026-03-28T18:42:20.322+0500] {processor.py:840} INFO - DAG(s) 'sales_etl_superstore' retrieved from /home/abayturar/airflow-project/dags/sales_etl_superstore.py
[2026-03-28T18:42:20.338+0500] {logging_mixin.py:188} INFO - [2026-03-28T18:42:20.338+0500] {dag.py:3089} INFO - Sync 1 DAGs
[2026-03-28T18:42:20.347+0500] {logging_mixin.py:188} INFO - [2026-03-28T18:42:20.347+0500] {dag.py:3947} INFO - Setting next_dagrun for sales_etl_superstore to None, run_after=None
[2026-03-28T18:42:20.473+0500] {processor.py:183} INFO - Processing /home/abayturar/airflow-project/dags/sales_etl_superstore.py took 0.166 seconds
[2026-03-28T18:43:32.016+0500] {processor.py:161} INFO - Started process (PID=22128) to work on /home/abayturar/airflow-project/dags/sales_etl_superstore.py
[2026-03-28T18:43:32.017+0500] {processor.py:830} INFO - Processing file /home/abayturar/airflow-project/dags/sales_etl_superstore.py for tasks to queue
[2026-03-28T18:43:32.019+0500] {logging_mixin.py:188} INFO - [2026-03-28T18:43:32.018+0500] {dagbag.py:545} INFO - Filling up the DagBag from /home/abayturar/airflow-project/dags/sales_etl_superstore.py
[2026-03-28T18:43:32.027+0500] {processor.py:840} INFO - DAG(s) 'sales_etl_superstore' retrieved from /home/abayturar/airflow-project/dags/sales_etl_superstore.py
[2026-03-28T18:43:32.046+0500] {logging_mixin.py:188} INFO - [2026-03-28T18:43:32.046+0500] {dag.py:3089} INFO - Sync 1 DAGs
[2026-03-28T18:43:32.173+0500] {logging_mixin.py:188} INFO - [2026-03-28T18:43:32.172+0500] {dag.py:3947} INFO - Setting next_dagrun for sales_etl_superstore to None, run_after=None
[2026-03-28T18:43:32.191+0500] {processor.py:183} INFO - Processing /home/abayturar/airflow-project/dags/sales_etl_superstore.py took 0.183 seconds
[2026-03-28T18:44:47.919+0500] {processor.py:161} INFO - Started process (PID=22324) to work on /home/abayturar/airflow-project/dags/sales_etl_superstore.py
[2026-03-28T18:44:47.920+0500] {processor.py:830} INFO - Processing file /home/abayturar/airflow-project/dags/sales_etl_superstore.py for tasks to queue
[2026-03-28T18:44:47.922+0500] {logging_mixin.py:188} INFO - [2026-03-28T18:44:47.922+0500] {dagbag.py:545} INFO - Filling up the DagBag from /home/abayturar/airflow-project/dags/sales_etl_superstore.py
[2026-03-28T18:44:47.930+0500] {processor.py:840} INFO - DAG(s) 'sales_etl_superstore' retrieved from /home/abayturar/airflow-project/dags/sales_etl_superstore.py
[2026-03-28T18:44:47.946+0500] {logging_mixin.py:188} INFO - [2026-03-28T18:44:47.946+0500] {dag.py:3089} INFO - Sync 1 DAGs
[2026-03-28T18:44:47.956+0500] {logging_mixin.py:188} INFO - [2026-03-28T18:44:47.956+0500] {dag.py:3947} INFO - Setting next_dagrun for sales_etl_superstore to None, run_after=None
[2026-03-28T18:44:47.984+0500] {processor.py:183} INFO - Processing /home/abayturar/airflow-project/dags/sales_etl_superstore.py took 0.071 seconds
[2026-03-28T18:46:00.819+0500] {processor.py:161} INFO - Started process (PID=22522) to work on /home/abayturar/airflow-project/dags/sales_etl_superstore.py
[2026-03-28T18:46:00.820+0500] {processor.py:830} INFO - Processing file /home/abayturar/airflow-project/dags/sales_etl_superstore.py for tasks to queue
[2026-03-28T18:46:00.821+0500] {logging_mixin.py:188} INFO - [2026-03-28T18:46:00.821+0500] {dagbag.py:545} INFO - Filling up the DagBag from /home/abayturar/airflow-project/dags/sales_etl_superstore.py
[2026-03-28T18:46:00.828+0500] {processor.py:840} INFO - DAG(s) 'sales_etl_superstore' retrieved from /home/abayturar/airflow-project/dags/sales_etl_superstore.py
[2026-03-28T18:46:00.843+0500] {logging_mixin.py:188} INFO - [2026-03-28T18:46:00.843+0500] {dag.py:3089} INFO - Sync 1 DAGs
[2026-03-28T18:46:00.851+0500] {logging_mixin.py:188} INFO - [2026-03-28T18:46:00.851+0500] {dag.py:3947} INFO - Setting next_dagrun for sales_etl_superstore to None, run_after=None
[2026-03-28T18:46:00.879+0500] {processor.py:183} INFO - Processing /home/abayturar/airflow-project/dags/sales_etl_superstore.py took 0.066 seconds
[2026-03-28T18:47:12.217+0500] {processor.py:161} INFO - Started process (PID=22709) to work on /home/abayturar/airflow-project/dags/sales_etl_superstore.py
[2026-03-28T18:47:12.218+0500] {processor.py:830} INFO - Processing file /home/abayturar/airflow-project/dags/sales_etl_superstore.py for tasks to queue
[2026-03-28T18:47:12.220+0500] {logging_mixin.py:188} INFO - [2026-03-28T18:47:12.219+0500] {dagbag.py:545} INFO - Filling up the DagBag from /home/abayturar/airflow-project/dags/sales_etl_superstore.py
[2026-03-28T18:47:12.226+0500] {processor.py:840} INFO - DAG(s) 'sales_etl_superstore' retrieved from /home/abayturar/airflow-project/dags/sales_etl_superstore.py
[2026-03-28T18:47:12.243+0500] {logging_mixin.py:188} INFO - [2026-03-28T18:47:12.243+0500] {dag.py:3089} INFO - Sync 1 DAGs
[2026-03-28T18:47:12.253+0500] {logging_mixin.py:188} INFO - [2026-03-28T18:47:12.253+0500] {dag.py:3947} INFO - Setting next_dagrun for sales_etl_superstore to None, run_after=None
[2026-03-28T18:47:12.281+0500] {processor.py:183} INFO - Processing /home/abayturar/airflow-project/dags/sales_etl_superstore.py took 0.070 seconds
[2026-03-28T18:48:20.585+0500] {processor.py:161} INFO - Started process (PID=22897) to work on /home/abayturar/airflow-project/dags/sales_etl_superstore.py
[2026-03-28T18:48:20.586+0500] {processor.py:830} INFO - Processing file /home/abayturar/airflow-project/dags/sales_etl_superstore.py for tasks to queue
[2026-03-28T18:48:20.588+0500] {logging_mixin.py:188} INFO - [2026-03-28T18:48:20.587+0500] {dagbag.py:545} INFO - Filling up the DagBag from /home/abayturar/airflow-project/dags/sales_etl_superstore.py
[2026-03-28T18:48:20.594+0500] {processor.py:840} INFO - DAG(s) 'sales_etl_superstore' retrieved from /home/abayturar/airflow-project/dags/sales_etl_superstore.py
[2026-03-28T18:48:20.609+0500] {logging_mixin.py:188} INFO - [2026-03-28T18:48:20.609+0500] {dag.py:3089} INFO - Sync 1 DAGs
[2026-03-28T18:48:20.619+0500] {logging_mixin.py:188} INFO - [2026-03-28T18:48:20.619+0500] {dag.py:3947} INFO - Setting next_dagrun for sales_etl_superstore to None, run_after=None
[2026-03-28T18:48:20.647+0500] {processor.py:183} INFO - Processing /home/abayturar/airflow-project/dags/sales_etl_superstore.py took 0.068 seconds
[2026-03-28T18:49:26.438+0500] {processor.py:161} INFO - Started process (PID=23070) to work on /home/abayturar/airflow-project/dags/sales_etl_superstore.py
[2026-03-28T18:49:26.439+0500] {processor.py:830} INFO - Processing file /home/abayturar/airflow-project/dags/sales_etl_superstore.py for tasks to queue
[2026-03-28T18:49:26.441+0500] {logging_mixin.py:188} INFO - [2026-03-28T18:49:26.440+0500] {dagbag.py:545} INFO - Filling up the DagBag from /home/abayturar/airflow-project/dags/sales_etl_superstore.py
[2026-03-28T18:49:26.448+0500] {processor.py:840} INFO - DAG(s) 'sales_etl_superstore' retrieved from /home/abayturar/airflow-project/dags/sales_etl_superstore.py
[2026-03-28T18:49:26.465+0500] {logging_mixin.py:188} INFO - [2026-03-28T18:49:26.465+0500] {dag.py:3089} INFO - Sync 1 DAGs
[2026-03-28T18:49:26.475+0500] {logging_mixin.py:188} INFO - [2026-03-28T18:49:26.475+0500] {dag.py:3947} INFO - Setting next_dagrun for sales_etl_superstore to None, run_after=None
[2026-03-28T18:49:26.493+0500] {processor.py:183} INFO - Processing /home/abayturar/airflow-project/dags/sales_etl_superstore.py took 0.062 seconds
[2026-03-28T18:50:35.115+0500] {processor.py:161} INFO - Started process (PID=23256) to work on /home/abayturar/airflow-project/dags/sales_etl_superstore.py
[2026-03-28T18:50:35.116+0500] {processor.py:830} INFO - Processing file /home/abayturar/airflow-project/dags/sales_etl_superstore.py for tasks to queue
[2026-03-28T18:50:35.118+0500] {logging_mixin.py:188} INFO - [2026-03-28T18:50:35.118+0500] {dagbag.py:545} INFO - Filling up the DagBag from /home/abayturar/airflow-project/dags/sales_etl_superstore.py
[2026-03-28T18:50:35.125+0500] {processor.py:840} INFO - DAG(s) 'sales_etl_superstore' retrieved from /home/abayturar/airflow-project/dags/sales_etl_superstore.py
[2026-03-28T18:50:35.140+0500] {logging_mixin.py:188} INFO - [2026-03-28T18:50:35.140+0500] {dag.py:3089} INFO - Sync 1 DAGs
[2026-03-28T18:50:35.150+0500] {logging_mixin.py:188} INFO - [2026-03-28T18:50:35.150+0500] {dag.py:3947} INFO - Setting next_dagrun for sales_etl_superstore to None, run_after=None
[2026-03-28T18:50:35.179+0500] {processor.py:183} INFO - Processing /home/abayturar/airflow-project/dags/sales_etl_superstore.py took 0.070 seconds
[2026-03-28T18:51:46.787+0500] {processor.py:161} INFO - Started process (PID=23446) to work on /home/abayturar/airflow-project/dags/sales_etl_superstore.py
[2026-03-28T18:51:46.788+0500] {processor.py:830} INFO - Processing file /home/abayturar/airflow-project/dags/sales_etl_superstore.py for tasks to queue
[2026-03-28T18:51:46.790+0500] {logging_mixin.py:188} INFO - [2026-03-28T18:51:46.789+0500] {dagbag.py:545} INFO - Filling up the DagBag from /home/abayturar/airflow-project/dags/sales_etl_superstore.py
[2026-03-28T18:51:46.796+0500] {processor.py:840} INFO - DAG(s) 'sales_etl_superstore' retrieved from /home/abayturar/airflow-project/dags/sales_etl_superstore.py
[2026-03-28T18:51:46.810+0500] {logging_mixin.py:188} INFO - [2026-03-28T18:51:46.810+0500] {dag.py:3089} INFO - Sync 1 DAGs
[2026-03-28T18:51:46.819+0500] {logging_mixin.py:188} INFO - [2026-03-28T18:51:46.819+0500] {dag.py:3947} INFO - Setting next_dagrun for sales_etl_superstore to None, run_after=None
[2026-03-28T18:51:46.834+0500] {processor.py:183} INFO - Processing /home/abayturar/airflow-project/dags/sales_etl_superstore.py took 0.053 seconds
[2026-03-28T18:52:54.932+0500] {processor.py:161} INFO - Started process (PID=23633) to work on /home/abayturar/airflow-project/dags/sales_etl_superstore.py
[2026-03-28T18:52:54.932+0500] {processor.py:830} INFO - Processing file /home/abayturar/airflow-project/dags/sales_etl_superstore.py for tasks to queue
[2026-03-28T18:52:54.934+0500] {logging_mixin.py:188} INFO - [2026-03-28T18:52:54.934+0500] {dagbag.py:545} INFO - Filling up the DagBag from /home/abayturar/airflow-project/dags/sales_etl_superstore.py
[2026-03-28T18:52:54.941+0500] {processor.py:840} INFO - DAG(s) 'sales_etl_superstore' retrieved from /home/abayturar/airflow-project/dags/sales_etl_superstore.py
[2026-03-28T18:52:54.956+0500] {logging_mixin.py:188} INFO - [2026-03-28T18:52:54.955+0500] {dag.py:3089} INFO - Sync 1 DAGs
[2026-03-28T18:52:54.965+0500] {logging_mixin.py:188} INFO - [2026-03-28T18:52:54.965+0500] {dag.py:3947} INFO - Setting next_dagrun for sales_etl_superstore to None, run_after=None
[2026-03-28T18:52:54.980+0500] {processor.py:183} INFO - Processing /home/abayturar/airflow-project/dags/sales_etl_superstore.py took 0.055 seconds
[2026-03-28T18:54:02.457+0500] {processor.py:161} INFO - Started process (PID=23813) to work on /home/abayturar/airflow-project/dags/sales_etl_superstore.py
[2026-03-28T18:54:02.457+0500] {processor.py:830} INFO - Processing file /home/abayturar/airflow-project/dags/sales_etl_superstore.py for tasks to queue
[2026-03-28T18:54:02.459+0500] {logging_mixin.py:188} INFO - [2026-03-28T18:54:02.459+0500] {dagbag.py:545} INFO - Filling up the DagBag from /home/abayturar/airflow-project/dags/sales_etl_superstore.py
[2026-03-28T18:54:02.466+0500] {processor.py:840} INFO - DAG(s) 'sales_etl_superstore' retrieved from /home/abayturar/airflow-project/dags/sales_etl_superstore.py
[2026-03-28T18:54:02.481+0500] {logging_mixin.py:188} INFO - [2026-03-28T18:54:02.481+0500] {dag.py:3089} INFO - Sync 1 DAGs
[2026-03-28T18:54:02.491+0500] {logging_mixin.py:188} INFO - [2026-03-28T18:54:02.491+0500] {dag.py:3947} INFO - Setting next_dagrun for sales_etl_superstore to None, run_after=None
[2026-03-28T18:54:02.518+0500] {processor.py:183} INFO - Processing /home/abayturar/airflow-project/dags/sales_etl_superstore.py took 0.068 seconds
[2026-03-28T18:55:09.627+0500] {processor.py:161} INFO - Started process (PID=23994) to work on /home/abayturar/airflow-project/dags/sales_etl_superstore.py
[2026-03-28T18:55:09.629+0500] {processor.py:830} INFO - Processing file /home/abayturar/airflow-project/dags/sales_etl_superstore.py for tasks to queue
[2026-03-28T18:55:09.634+0500] {logging_mixin.py:188} INFO - [2026-03-28T18:55:09.633+0500] {dagbag.py:545} INFO - Filling up the DagBag from /home/abayturar/airflow-project/dags/sales_etl_superstore.py
[2026-03-28T18:55:09.652+0500] {processor.py:840} INFO - DAG(s) 'sales_etl_superstore' retrieved from /home/abayturar/airflow-project/dags/sales_etl_superstore.py
[2026-03-28T18:55:09.686+0500] {logging_mixin.py:188} INFO - [2026-03-28T18:55:09.686+0500] {dag.py:3089} INFO - Sync 1 DAGs
[2026-03-28T18:55:09.706+0500] {logging_mixin.py:188} INFO - [2026-03-28T18:55:09.705+0500] {dag.py:3947} INFO - Setting next_dagrun for sales_etl_superstore to None, run_after=None
[2026-03-28T18:55:09.752+0500] {processor.py:183} INFO - Processing /home/abayturar/airflow-project/dags/sales_etl_superstore.py took 0.133 seconds
[2026-03-28T18:56:30.441+0500] {processor.py:161} INFO - Started process (PID=24200) to work on /home/abayturar/airflow-project/dags/sales_etl_superstore.py
[2026-03-28T18:56:30.442+0500] {processor.py:830} INFO - Processing file /home/abayturar/airflow-project/dags/sales_etl_superstore.py for tasks to queue
[2026-03-28T18:56:30.445+0500] {logging_mixin.py:188} INFO - [2026-03-28T18:56:30.444+0500] {dagbag.py:545} INFO - Filling up the DagBag from /home/abayturar/airflow-project/dags/sales_etl_superstore.py
[2026-03-28T18:56:30.454+0500] {processor.py:840} INFO - DAG(s) 'sales_etl_superstore' retrieved from /home/abayturar/airflow-project/dags/sales_etl_superstore.py
[2026-03-28T18:56:30.470+0500] {logging_mixin.py:188} INFO - [2026-03-28T18:56:30.470+0500] {dag.py:3089} INFO - Sync 1 DAGs
[2026-03-28T18:56:30.480+0500] {logging_mixin.py:188} INFO - [2026-03-28T18:56:30.480+0500] {dag.py:3947} INFO - Setting next_dagrun for sales_etl_superstore to None, run_after=None
[2026-03-28T18:56:30.510+0500] {processor.py:183} INFO - Processing /home/abayturar/airflow-project/dags/sales_etl_superstore.py took 0.076 seconds
[2026-03-28T18:57:43.227+0500] {processor.py:161} INFO - Started process (PID=24399) to work on /home/abayturar/airflow-project/dags/sales_etl_superstore.py
[2026-03-28T18:57:43.228+0500] {processor.py:830} INFO - Processing file /home/abayturar/airflow-project/dags/sales_etl_superstore.py for tasks to queue
[2026-03-28T18:57:43.231+0500] {logging_mixin.py:188} INFO - [2026-03-28T18:57:43.230+0500] {dagbag.py:545} INFO - Filling up the DagBag from /home/abayturar/airflow-project/dags/sales_etl_superstore.py
[2026-03-28T18:57:43.241+0500] {processor.py:840} INFO - DAG(s) 'sales_etl_superstore' retrieved from /home/abayturar/airflow-project/dags/sales_etl_superstore.py
[2026-03-28T18:57:43.262+0500] {logging_mixin.py:188} INFO - [2026-03-28T18:57:43.261+0500] {dag.py:3089} INFO - Sync 1 DAGs
[2026-03-28T18:57:43.277+0500] {logging_mixin.py:188} INFO - [2026-03-28T18:57:43.277+0500] {dag.py:3947} INFO - Setting next_dagrun for sales_etl_superstore to None, run_after=None
[2026-03-28T18:57:43.317+0500] {processor.py:183} INFO - Processing /home/abayturar/airflow-project/dags/sales_etl_superstore.py took 0.099 seconds
[2026-03-28T18:58:52.274+0500] {processor.py:161} INFO - Started process (PID=24580) to work on /home/abayturar/airflow-project/dags/sales_etl_superstore.py
[2026-03-28T18:58:52.274+0500] {processor.py:830} INFO - Processing file /home/abayturar/airflow-project/dags/sales_etl_superstore.py for tasks to queue
[2026-03-28T18:58:52.276+0500] {logging_mixin.py:188} INFO - [2026-03-28T18:58:52.276+0500] {dagbag.py:545} INFO - Filling up the DagBag from /home/abayturar/airflow-project/dags/sales_etl_superstore.py
[2026-03-28T18:58:52.283+0500] {processor.py:840} INFO - DAG(s) 'sales_etl_superstore' retrieved from /home/abayturar/airflow-project/dags/sales_etl_superstore.py
[2026-03-28T18:58:52.302+0500] {logging_mixin.py:188} INFO - [2026-03-28T18:58:52.301+0500] {dag.py:3089} INFO - Sync 1 DAGs
[2026-03-28T18:58:52.313+0500] {logging_mixin.py:188} INFO - [2026-03-28T18:58:52.313+0500] {dag.py:3947} INFO - Setting next_dagrun for sales_etl_superstore to None, run_after=None
[2026-03-28T18:58:52.341+0500] {processor.py:183} INFO - Processing /home/abayturar/airflow-project/dags/sales_etl_superstore.py took 0.074 seconds
[2026-03-28T19:00:04.190+0500] {processor.py:161} INFO - Started process (PID=24776) to work on /home/abayturar/airflow-project/dags/sales_etl_superstore.py
[2026-03-28T19:00:04.191+0500] {processor.py:830} INFO - Processing file /home/abayturar/airflow-project/dags/sales_etl_superstore.py for tasks to queue
[2026-03-28T19:00:04.193+0500] {logging_mixin.py:188} INFO - [2026-03-28T19:00:04.192+0500] {dagbag.py:545} INFO - Filling up the DagBag from /home/abayturar/airflow-project/dags/sales_etl_superstore.py
[2026-03-28T19:00:04.200+0500] {processor.py:840} INFO - DAG(s) 'sales_etl_superstore' retrieved from /home/abayturar/airflow-project/dags/sales_etl_superstore.py
[2026-03-28T19:00:04.221+0500] {logging_mixin.py:188} INFO - [2026-03-28T19:00:04.221+0500] {dag.py:3089} INFO - Sync 1 DAGs
[2026-03-28T19:00:04.233+0500] {logging_mixin.py:188} INFO - [2026-03-28T19:00:04.232+0500] {dag.py:3947} INFO - Setting next_dagrun for sales_etl_superstore to None, run_after=None
[2026-03-28T19:00:04.256+0500] {processor.py:183} INFO - Processing /home/abayturar/airflow-project/dags/sales_etl_superstore.py took 0.073 seconds
[2026-03-28T19:01:13.503+0500] {processor.py:161} INFO - Started process (PID=24959) to work on /home/abayturar/airflow-project/dags/sales_etl_superstore.py
[2026-03-28T19:01:13.504+0500] {processor.py:830} INFO - Processing file /home/abayturar/airflow-project/dags/sales_etl_superstore.py for tasks to queue
[2026-03-28T19:01:13.507+0500] {logging_mixin.py:188} INFO - [2026-03-28T19:01:13.506+0500] {dagbag.py:545} INFO - Filling up the DagBag from /home/abayturar/airflow-project/dags/sales_etl_superstore.py
[2026-03-28T19:01:13.515+0500] {processor.py:840} INFO - DAG(s) 'sales_etl_superstore' retrieved from /home/abayturar/airflow-project/dags/sales_etl_superstore.py
[2026-03-28T19:01:13.532+0500] {logging_mixin.py:188} INFO - [2026-03-28T19:01:13.532+0500] {dag.py:3089} INFO - Sync 1 DAGs
[2026-03-28T19:01:13.543+0500] {logging_mixin.py:188} INFO - [2026-03-28T19:01:13.543+0500] {dag.py:3947} INFO - Setting next_dagrun for sales_etl_superstore to None, run_after=None
[2026-03-28T19:01:13.571+0500] {processor.py:183} INFO - Processing /home/abayturar/airflow-project/dags/sales_etl_superstore.py took 0.076 seconds
[2026-03-28T19:02:22.888+0500] {processor.py:161} INFO - Started process (PID=25152) to work on /home/abayturar/airflow-project/dags/sales_etl_superstore.py
[2026-03-28T19:02:22.888+0500] {processor.py:830} INFO - Processing file /home/abayturar/airflow-project/dags/sales_etl_superstore.py for tasks to queue
[2026-03-28T19:02:22.890+0500] {logging_mixin.py:188} INFO - [2026-03-28T19:02:22.890+0500] {dagbag.py:545} INFO - Filling up the DagBag from /home/abayturar/airflow-project/dags/sales_etl_superstore.py
[2026-03-28T19:02:22.897+0500] {processor.py:840} INFO - DAG(s) 'sales_etl_superstore' retrieved from /home/abayturar/airflow-project/dags/sales_etl_superstore.py
[2026-03-28T19:02:22.914+0500] {logging_mixin.py:188} INFO - [2026-03-28T19:02:22.914+0500] {dag.py:3089} INFO - Sync 1 DAGs
[2026-03-28T19:02:22.926+0500] {logging_mixin.py:188} INFO - [2026-03-28T19:02:22.926+0500] {dag.py:3947} INFO - Setting next_dagrun for sales_etl_superstore to None, run_after=None
[2026-03-28T19:02:22.960+0500] {processor.py:183} INFO - Processing /home/abayturar/airflow-project/dags/sales_etl_superstore.py took 0.079 seconds
[2026-03-28T19:03:26.740+0500] {processor.py:161} INFO - Started process (PID=25323) to work on /home/abayturar/airflow-project/dags/sales_etl_superstore.py
[2026-03-28T19:03:26.741+0500] {processor.py:830} INFO - Processing file /home/abayturar/airflow-project/dags/sales_etl_superstore.py for tasks to queue
[2026-03-28T19:03:26.743+0500] {logging_mixin.py:188} INFO - [2026-03-28T19:03:26.742+0500] {dagbag.py:545} INFO - Filling up the DagBag from /home/abayturar/airflow-project/dags/sales_etl_superstore.py
[2026-03-28T19:03:26.750+0500] {processor.py:840} INFO - DAG(s) 'sales_etl_superstore' retrieved from /home/abayturar/airflow-project/dags/sales_etl_superstore.py
[2026-03-28T19:03:26.767+0500] {logging_mixin.py:188} INFO - [2026-03-28T19:03:26.767+0500] {dag.py:3089} INFO - Sync 1 DAGs
[2026-03-28T19:03:26.778+0500] {logging_mixin.py:188} INFO - [2026-03-28T19:03:26.778+0500] {dag.py:3947} INFO - Setting next_dagrun for sales_etl_superstore to None, run_after=None
[2026-03-28T19:03:26.810+0500] {processor.py:183} INFO - Processing /home/abayturar/airflow-project/dags/sales_etl_superstore.py took 0.077 seconds
[2026-03-28T19:04:38.894+0500] {processor.py:161} INFO - Started process (PID=25517) to work on /home/abayturar/airflow-project/dags/sales_etl_superstore.py
[2026-03-28T19:04:38.895+0500] {processor.py:830} INFO - Processing file /home/abayturar/airflow-project/dags/sales_etl_superstore.py for tasks to queue
[2026-03-28T19:04:38.897+0500] {logging_mixin.py:188} INFO - [2026-03-28T19:04:38.896+0500] {dagbag.py:545} INFO - Filling up the DagBag from /home/abayturar/airflow-project/dags/sales_etl_superstore.py
[2026-03-28T19:04:38.903+0500] {processor.py:840} INFO - DAG(s) 'sales_etl_superstore' retrieved from /home/abayturar/airflow-project/dags/sales_etl_superstore.py
[2026-03-28T19:04:38.918+0500] {logging_mixin.py:188} INFO - [2026-03-28T19:04:38.918+0500] {dag.py:3089} INFO - Sync 1 DAGs
[2026-03-28T19:04:38.927+0500] {logging_mixin.py:188} INFO - [2026-03-28T19:04:38.927+0500] {dag.py:3947} INFO - Setting next_dagrun for sales_etl_superstore to None, run_after=None
[2026-03-28T19:04:38.954+0500] {processor.py:183} INFO - Processing /home/abayturar/airflow-project/dags/sales_etl_superstore.py took 0.065 seconds
[2026-03-28T19:05:43.440+0500] {processor.py:161} INFO - Started process (PID=25689) to work on /home/abayturar/airflow-project/dags/sales_etl_superstore.py
[2026-03-28T19:05:43.441+0500] {processor.py:830} INFO - Processing file /home/abayturar/airflow-project/dags/sales_etl_superstore.py for tasks to queue
[2026-03-28T19:05:43.443+0500] {logging_mixin.py:188} INFO - [2026-03-28T19:05:43.443+0500] {dagbag.py:545} INFO - Filling up the DagBag from /home/abayturar/airflow-project/dags/sales_etl_superstore.py
[2026-03-28T19:05:43.450+0500] {processor.py:840} INFO - DAG(s) 'sales_etl_superstore' retrieved from /home/abayturar/airflow-project/dags/sales_etl_superstore.py
[2026-03-28T19:05:43.465+0500] {logging_mixin.py:188} INFO - [2026-03-28T19:05:43.464+0500] {dag.py:3089} INFO - Sync 1 DAGs
[2026-03-28T19:05:43.474+0500] {logging_mixin.py:188} INFO - [2026-03-28T19:05:43.474+0500] {dag.py:3947} INFO - Setting next_dagrun for sales_etl_superstore to None, run_after=None
[2026-03-28T19:05:43.502+0500] {processor.py:183} INFO - Processing /home/abayturar/airflow-project/dags/sales_etl_superstore.py took 0.068 seconds
[2026-03-28T19:06:47.607+0500] {processor.py:161} INFO - Started process (PID=25866) to work on /home/abayturar/airflow-project/dags/sales_etl_superstore.py
[2026-03-28T19:06:47.609+0500] {processor.py:830} INFO - Processing file /home/abayturar/airflow-project/dags/sales_etl_superstore.py for tasks to queue
[2026-03-28T19:06:47.611+0500] {logging_mixin.py:188} INFO - [2026-03-28T19:06:47.611+0500] {dagbag.py:545} INFO - Filling up the DagBag from /home/abayturar/airflow-project/dags/sales_etl_superstore.py
[2026-03-28T19:06:47.620+0500] {processor.py:840} INFO - DAG(s) 'sales_etl_superstore' retrieved from /home/abayturar/airflow-project/dags/sales_etl_superstore.py
[2026-03-28T19:06:47.643+0500] {logging_mixin.py:188} INFO - [2026-03-28T19:06:47.643+0500] {dag.py:3089} INFO - Sync 1 DAGs
[2026-03-28T19:06:47.659+0500] {logging_mixin.py:188} INFO - [2026-03-28T19:06:47.658+0500] {dag.py:3947} INFO - Setting next_dagrun for sales_etl_superstore to None, run_after=None
[2026-03-28T19:06:47.687+0500] {processor.py:183} INFO - Processing /home/abayturar/airflow-project/dags/sales_etl_superstore.py took 0.091 seconds
[2026-03-28T19:07:58.508+0500] {processor.py:161} INFO - Started process (PID=26055) to work on /home/abayturar/airflow-project/dags/sales_etl_superstore.py
[2026-03-28T19:07:58.509+0500] {processor.py:830} INFO - Processing file /home/abayturar/airflow-project/dags/sales_etl_superstore.py for tasks to queue
[2026-03-28T19:07:58.510+0500] {logging_mixin.py:188} INFO - [2026-03-28T19:07:58.510+0500] {dagbag.py:545} INFO - Filling up the DagBag from /home/abayturar/airflow-project/dags/sales_etl_superstore.py
[2026-03-28T19:07:58.517+0500] {processor.py:840} INFO - DAG(s) 'sales_etl_superstore' retrieved from /home/abayturar/airflow-project/dags/sales_etl_superstore.py
[2026-03-28T19:07:58.534+0500] {logging_mixin.py:188} INFO - [2026-03-28T19:07:58.534+0500] {dag.py:3089} INFO - Sync 1 DAGs
[2026-03-28T19:07:58.543+0500] {logging_mixin.py:188} INFO - [2026-03-28T19:07:58.543+0500] {dag.py:3947} INFO - Setting next_dagrun for sales_etl_superstore to None, run_after=None
[2026-03-28T19:07:58.559+0500] {processor.py:183} INFO - Processing /home/abayturar/airflow-project/dags/sales_etl_superstore.py took 0.057 seconds
[2026-03-28T19:09:11.120+0500] {processor.py:161} INFO - Started process (PID=26250) to work on /home/abayturar/airflow-project/dags/sales_etl_superstore.py
[2026-03-28T19:09:11.121+0500] {processor.py:830} INFO - Processing file /home/abayturar/airflow-project/dags/sales_etl_superstore.py for tasks to queue
[2026-03-28T19:09:11.122+0500] {logging_mixin.py:188} INFO - [2026-03-28T19:09:11.122+0500] {dagbag.py:545} INFO - Filling up the DagBag from /home/abayturar/airflow-project/dags/sales_etl_superstore.py
[2026-03-28T19:09:11.129+0500] {processor.py:840} INFO - DAG(s) 'sales_etl_superstore' retrieved from /home/abayturar/airflow-project/dags/sales_etl_superstore.py
[2026-03-28T19:09:11.145+0500] {logging_mixin.py:188} INFO - [2026-03-28T19:09:11.145+0500] {dag.py:3089} INFO - Sync 1 DAGs
[2026-03-28T19:09:11.154+0500] {logging_mixin.py:188} INFO - [2026-03-28T19:09:11.154+0500] {dag.py:3947} INFO - Setting next_dagrun for sales_etl_superstore to None, run_after=None
[2026-03-28T19:09:11.180+0500] {processor.py:183} INFO - Processing /home/abayturar/airflow-project/dags/sales_etl_superstore.py took 0.067 seconds
[2026-03-28T19:10:18.211+0500] {processor.py:161} INFO - Started process (PID=26428) to work on /home/abayturar/airflow-project/dags/sales_etl_superstore.py
[2026-03-28T19:10:18.212+0500] {processor.py:830} INFO - Processing file /home/abayturar/airflow-project/dags/sales_etl_superstore.py for tasks to queue
[2026-03-28T19:10:18.215+0500] {logging_mixin.py:188} INFO - [2026-03-28T19:10:18.214+0500] {dagbag.py:545} INFO - Filling up the DagBag from /home/abayturar/airflow-project/dags/sales_etl_superstore.py
[2026-03-28T19:10:18.221+0500] {processor.py:840} INFO - DAG(s) 'sales_etl_superstore' retrieved from /home/abayturar/airflow-project/dags/sales_etl_superstore.py
[2026-03-28T19:10:18.237+0500] {logging_mixin.py:188} INFO - [2026-03-28T19:10:18.237+0500] {dag.py:3089} INFO - Sync 1 DAGs
[2026-03-28T19:10:18.247+0500] {logging_mixin.py:188} INFO - [2026-03-28T19:10:18.247+0500] {dag.py:3947} INFO - Setting next_dagrun for sales_etl_superstore to None, run_after=None
[2026-03-28T19:10:18.280+0500] {processor.py:183} INFO - Processing /home/abayturar/airflow-project/dags/sales_etl_superstore.py took 0.075 seconds
[2026-03-28T19:11:30.826+0500] {processor.py:161} INFO - Started process (PID=26625) to work on /home/abayturar/airflow-project/dags/sales_etl_superstore.py
[2026-03-28T19:11:30.827+0500] {processor.py:830} INFO - Processing file /home/abayturar/airflow-project/dags/sales_etl_superstore.py for tasks to queue
[2026-03-28T19:11:30.829+0500] {logging_mixin.py:188} INFO - [2026-03-28T19:11:30.828+0500] {dagbag.py:545} INFO - Filling up the DagBag from /home/abayturar/airflow-project/dags/sales_etl_superstore.py
[2026-03-28T19:11:30.836+0500] {processor.py:840} INFO - DAG(s) 'sales_etl_superstore' retrieved from /home/abayturar/airflow-project/dags/sales_etl_superstore.py
[2026-03-28T19:11:30.852+0500] {logging_mixin.py:188} INFO - [2026-03-28T19:11:30.852+0500] {dag.py:3089} INFO - Sync 1 DAGs
[2026-03-28T19:11:30.862+0500] {logging_mixin.py:188} INFO - [2026-03-28T19:11:30.862+0500] {dag.py:3947} INFO - Setting next_dagrun for sales_etl_superstore to None, run_after=None
[2026-03-28T19:11:30.890+0500] {processor.py:183} INFO - Processing /home/abayturar/airflow-project/dags/sales_etl_superstore.py took 0.071 seconds
[2026-03-28T19:12:41.751+0500] {processor.py:161} INFO - Started process (PID=26810) to work on /home/abayturar/airflow-project/dags/sales_etl_superstore.py
[2026-03-28T19:12:41.752+0500] {processor.py:830} INFO - Processing file /home/abayturar/airflow-project/dags/sales_etl_superstore.py for tasks to queue
[2026-03-28T19:12:41.753+0500] {logging_mixin.py:188} INFO - [2026-03-28T19:12:41.753+0500] {dagbag.py:545} INFO - Filling up the DagBag from /home/abayturar/airflow-project/dags/sales_etl_superstore.py
[2026-03-28T19:12:41.760+0500] {processor.py:840} INFO - DAG(s) 'sales_etl_superstore' retrieved from /home/abayturar/airflow-project/dags/sales_etl_superstore.py
[2026-03-28T19:12:41.775+0500] {logging_mixin.py:188} INFO - [2026-03-28T19:12:41.774+0500] {dag.py:3089} INFO - Sync 1 DAGs
[2026-03-28T19:12:41.783+0500] {logging_mixin.py:188} INFO - [2026-03-28T19:12:41.783+0500] {dag.py:3947} INFO - Setting next_dagrun for sales_etl_superstore to None, run_after=None
[2026-03-28T19:12:41.798+0500] {processor.py:183} INFO - Processing /home/abayturar/airflow-project/dags/sales_etl_superstore.py took 0.053 seconds
[2026-03-28T19:13:52.531+0500] {processor.py:161} INFO - Started process (PID=27004) to work on /home/abayturar/airflow-project/dags/sales_etl_superstore.py
[2026-03-28T19:13:52.531+0500] {processor.py:830} INFO - Processing file /home/abayturar/airflow-project/dags/sales_etl_superstore.py for tasks to queue
[2026-03-28T19:13:52.533+0500] {logging_mixin.py:188} INFO - [2026-03-28T19:13:52.533+0500] {dagbag.py:545} INFO - Filling up the DagBag from /home/abayturar/airflow-project/dags/sales_etl_superstore.py
[2026-03-28T19:13:52.540+0500] {processor.py:840} INFO - DAG(s) 'sales_etl_superstore' retrieved from /home/abayturar/airflow-project/dags/sales_etl_superstore.py
[2026-03-28T19:13:52.558+0500] {logging_mixin.py:188} INFO - [2026-03-28T19:13:52.558+0500] {dag.py:3089} INFO - Sync 1 DAGs
[2026-03-28T19:13:52.570+0500] {logging_mixin.py:188} INFO - [2026-03-28T19:13:52.569+0500] {dag.py:3947} INFO - Setting next_dagrun for sales_etl_superstore to None, run_after=None
[2026-03-28T19:13:52.598+0500] {processor.py:183} INFO - Processing /home/abayturar/airflow-project/dags/sales_etl_superstore.py took 0.074 seconds
[2026-03-28T19:15:03.969+0500] {processor.py:161} INFO - Started process (PID=27193) to work on /home/abayturar/airflow-project/dags/sales_etl_superstore.py
[2026-03-28T19:15:03.970+0500] {processor.py:830} INFO - Processing file /home/abayturar/airflow-project/dags/sales_etl_superstore.py for tasks to queue
[2026-03-28T19:15:03.971+0500] {logging_mixin.py:188} INFO - [2026-03-28T19:15:03.971+0500] {dagbag.py:545} INFO - Filling up the DagBag from /home/abayturar/airflow-project/dags/sales_etl_superstore.py
[2026-03-28T19:15:03.978+0500] {processor.py:840} INFO - DAG(s) 'sales_etl_superstore' retrieved from /home/abayturar/airflow-project/dags/sales_etl_superstore.py
[2026-03-28T19:15:03.993+0500] {logging_mixin.py:188} INFO - [2026-03-28T19:15:03.993+0500] {dag.py:3089} INFO - Sync 1 DAGs
[2026-03-28T19:15:04.002+0500] {logging_mixin.py:188} INFO - [2026-03-28T19:15:04.002+0500] {dag.py:3947} INFO - Setting next_dagrun for sales_etl_superstore to None, run_after=None
[2026-03-28T19:15:04.018+0500] {processor.py:183} INFO - Processing /home/abayturar/airflow-project/dags/sales_etl_superstore.py took 0.055 seconds
[2026-03-28T19:16:11.133+0500] {processor.py:161} INFO - Started process (PID=27377) to work on /home/abayturar/airflow-project/dags/sales_etl_superstore.py
[2026-03-28T19:16:11.133+0500] {processor.py:830} INFO - Processing file /home/abayturar/airflow-project/dags/sales_etl_superstore.py for tasks to queue
[2026-03-28T19:16:11.135+0500] {logging_mixin.py:188} INFO - [2026-03-28T19:16:11.135+0500] {dagbag.py:545} INFO - Filling up the DagBag from /home/abayturar/airflow-project/dags/sales_etl_superstore.py
[2026-03-28T19:16:11.142+0500] {processor.py:840} INFO - DAG(s) 'sales_etl_superstore' retrieved from /home/abayturar/airflow-project/dags/sales_etl_superstore.py
[2026-03-28T19:16:11.157+0500] {logging_mixin.py:188} INFO - [2026-03-28T19:16:11.157+0500] {dag.py:3089} INFO - Sync 1 DAGs
[2026-03-28T19:16:11.166+0500] {logging_mixin.py:188} INFO - [2026-03-28T19:16:11.166+0500] {dag.py:3947} INFO - Setting next_dagrun for sales_etl_superstore to None, run_after=None
[2026-03-28T19:16:11.194+0500] {processor.py:183} INFO - Processing /home/abayturar/airflow-project/dags/sales_etl_superstore.py took 0.068 seconds
[2026-03-28T19:17:21.007+0500] {processor.py:161} INFO - Started process (PID=27563) to work on /home/abayturar/airflow-project/dags/sales_etl_superstore.py
[2026-03-28T19:17:21.008+0500] {processor.py:830} INFO - Processing file /home/abayturar/airflow-project/dags/sales_etl_superstore.py for tasks to queue
[2026-03-28T19:17:21.010+0500] {logging_mixin.py:188} INFO - [2026-03-28T19:17:21.010+0500] {dagbag.py:545} INFO - Filling up the DagBag from /home/abayturar/airflow-project/dags/sales_etl_superstore.py
[2026-03-28T19:17:21.020+0500] {processor.py:840} INFO - DAG(s) 'sales_etl_superstore' retrieved from /home/abayturar/airflow-project/dags/sales_etl_superstore.py
[2026-03-28T19:17:21.039+0500] {logging_mixin.py:188} INFO - [2026-03-28T19:17:21.039+0500] {dag.py:3089} INFO - Sync 1 DAGs
[2026-03-28T19:17:21.049+0500] {logging_mixin.py:188} INFO - [2026-03-28T19:17:21.049+0500] {dag.py:3947} INFO - Setting next_dagrun for sales_etl_superstore to None, run_after=None
[2026-03-28T19:17:21.078+0500] {processor.py:183} INFO - Processing /home/abayturar/airflow-project/dags/sales_etl_superstore.py took 0.078 seconds
[2026-03-28T19:18:27.817+0500] {processor.py:161} INFO - Started process (PID=27746) to work on /home/abayturar/airflow-project/dags/sales_etl_superstore.py
[2026-03-28T19:18:27.818+0500] {processor.py:830} INFO - Processing file /home/abayturar/airflow-project/dags/sales_etl_superstore.py for tasks to queue
[2026-03-28T19:18:27.820+0500] {logging_mixin.py:188} INFO - [2026-03-28T19:18:27.820+0500] {dagbag.py:545} INFO - Filling up the DagBag from /home/abayturar/airflow-project/dags/sales_etl_superstore.py
[2026-03-28T19:18:27.826+0500] {processor.py:840} INFO - DAG(s) 'sales_etl_superstore' retrieved from /home/abayturar/airflow-project/dags/sales_etl_superstore.py
[2026-03-28T19:18:27.841+0500] {logging_mixin.py:188} INFO - [2026-03-28T19:18:27.841+0500] {dag.py:3089} INFO - Sync 1 DAGs
[2026-03-28T19:18:27.850+0500] {logging_mixin.py:188} INFO - [2026-03-28T19:18:27.850+0500] {dag.py:3947} INFO - Setting next_dagrun for sales_etl_superstore to None, run_after=None
[2026-03-28T19:18:27.866+0500] {processor.py:183} INFO - Processing /home/abayturar/airflow-project/dags/sales_etl_superstore.py took 0.055 seconds
[2026-03-28T19:19:37.278+0500] {processor.py:161} INFO - Started process (PID=27929) to work on /home/abayturar/airflow-project/dags/sales_etl_superstore.py
[2026-03-28T19:19:37.278+0500] {processor.py:830} INFO - Processing file /home/abayturar/airflow-project/dags/sales_etl_superstore.py for tasks to queue
[2026-03-28T19:19:37.280+0500] {logging_mixin.py:188} INFO - [2026-03-28T19:19:37.280+0500] {dagbag.py:545} INFO - Filling up the DagBag from /home/abayturar/airflow-project/dags/sales_etl_superstore.py
[2026-03-28T19:19:37.288+0500] {processor.py:840} INFO - DAG(s) 'sales_etl_superstore' retrieved from /home/abayturar/airflow-project/dags/sales_etl_superstore.py
[2026-03-28T19:19:37.305+0500] {logging_mixin.py:188} INFO - [2026-03-28T19:19:37.305+0500] {dag.py:3089} INFO - Sync 1 DAGs
[2026-03-28T19:19:37.315+0500] {logging_mixin.py:188} INFO - [2026-03-28T19:19:37.315+0500] {dag.py:3947} INFO - Setting next_dagrun for sales_etl_superstore to None, run_after=None
[2026-03-28T19:19:37.332+0500] {processor.py:183} INFO - Processing /home/abayturar/airflow-project/dags/sales_etl_superstore.py took 0.062 seconds
[2026-03-28T19:20:48.011+0500] {processor.py:161} INFO - Started process (PID=28126) to work on /home/abayturar/airflow-project/dags/sales_etl_superstore.py
[2026-03-28T19:20:48.012+0500] {processor.py:830} INFO - Processing file /home/abayturar/airflow-project/dags/sales_etl_superstore.py for tasks to queue
[2026-03-28T19:20:48.014+0500] {logging_mixin.py:188} INFO - [2026-03-28T19:20:48.013+0500] {dagbag.py:545} INFO - Filling up the DagBag from /home/abayturar/airflow-project/dags/sales_etl_superstore.py
[2026-03-28T19:20:48.021+0500] {processor.py:840} INFO - DAG(s) 'sales_etl_superstore' retrieved from /home/abayturar/airflow-project/dags/sales_etl_superstore.py
[2026-03-28T19:20:48.036+0500] {logging_mixin.py:188} INFO - [2026-03-28T19:20:48.036+0500] {dag.py:3089} INFO - Sync 1 DAGs
[2026-03-28T19:20:48.045+0500] {logging_mixin.py:188} INFO - [2026-03-28T19:20:48.045+0500] {dag.py:3947} INFO - Setting next_dagrun for sales_etl_superstore to None, run_after=None
[2026-03-28T19:20:48.072+0500] {processor.py:183} INFO - Processing /home/abayturar/airflow-project/dags/sales_etl_superstore.py took 0.068 seconds
[2026-03-28T19:21:54.891+0500] {processor.py:161} INFO - Started process (PID=28338) to work on /home/abayturar/airflow-project/dags/sales_etl_superstore.py
[2026-03-28T19:21:54.892+0500] {processor.py:830} INFO - Processing file /home/abayturar/airflow-project/dags/sales_etl_superstore.py for tasks to queue
[2026-03-28T19:21:54.894+0500] {logging_mixin.py:188} INFO - [2026-03-28T19:21:54.893+0500] {dagbag.py:545} INFO - Filling up the DagBag from /home/abayturar/airflow-project/dags/sales_etl_superstore.py
[2026-03-28T19:21:54.900+0500] {processor.py:840} INFO - DAG(s) 'sales_etl_superstore' retrieved from /home/abayturar/airflow-project/dags/sales_etl_superstore.py
[2026-03-28T19:21:54.915+0500] {logging_mixin.py:188} INFO - [2026-03-28T19:21:54.915+0500] {dag.py:3089} INFO - Sync 1 DAGs
[2026-03-28T19:21:54.924+0500] {logging_mixin.py:188} INFO - [2026-03-28T19:21:54.924+0500] {dag.py:3947} INFO - Setting next_dagrun for sales_etl_superstore to None, run_after=None
[2026-03-28T19:21:54.950+0500] {processor.py:183} INFO - Processing /home/abayturar/airflow-project/dags/sales_etl_superstore.py took 0.066 seconds
[2026-03-28T19:22:59.428+0500] {processor.py:161} INFO - Started process (PID=28517) to work on /home/abayturar/airflow-project/dags/sales_etl_superstore.py
[2026-03-28T19:22:59.429+0500] {processor.py:830} INFO - Processing file /home/abayturar/airflow-project/dags/sales_etl_superstore.py for tasks to queue
[2026-03-28T19:22:59.430+0500] {logging_mixin.py:188} INFO - [2026-03-28T19:22:59.430+0500] {dagbag.py:545} INFO - Filling up the DagBag from /home/abayturar/airflow-project/dags/sales_etl_superstore.py
[2026-03-28T19:22:59.437+0500] {processor.py:840} INFO - DAG(s) 'sales_etl_superstore' retrieved from /home/abayturar/airflow-project/dags/sales_etl_superstore.py
[2026-03-28T19:22:59.452+0500] {logging_mixin.py:188} INFO - [2026-03-28T19:22:59.452+0500] {dag.py:3089} INFO - Sync 1 DAGs
[2026-03-28T19:22:59.462+0500] {logging_mixin.py:188} INFO - [2026-03-28T19:22:59.462+0500] {dag.py:3947} INFO - Setting next_dagrun for sales_etl_superstore to None, run_after=None
[2026-03-28T19:22:59.478+0500] {processor.py:183} INFO - Processing /home/abayturar/airflow-project/dags/sales_etl_superstore.py took 0.057 seconds
[2026-03-28T19:24:08.991+0500] {processor.py:161} INFO - Started process (PID=28703) to work on /home/abayturar/airflow-project/dags/sales_etl_superstore.py
[2026-03-28T19:24:08.992+0500] {processor.py:830} INFO - Processing file /home/abayturar/airflow-project/dags/sales_etl_superstore.py for tasks to queue
[2026-03-28T19:24:08.994+0500] {logging_mixin.py:188} INFO - [2026-03-28T19:24:08.994+0500] {dagbag.py:545} INFO - Filling up the DagBag from /home/abayturar/airflow-project/dags/sales_etl_superstore.py
[2026-03-28T19:24:09.001+0500] {processor.py:840} INFO - DAG(s) 'sales_etl_superstore' retrieved from /home/abayturar/airflow-project/dags/sales_etl_superstore.py
[2026-03-28T19:24:09.018+0500] {logging_mixin.py:188} INFO - [2026-03-28T19:24:09.018+0500] {dag.py:3089} INFO - Sync 1 DAGs
[2026-03-28T19:24:09.027+0500] {logging_mixin.py:188} INFO - [2026-03-28T19:24:09.027+0500] {dag.py:3947} INFO - Setting next_dagrun for sales_etl_superstore to None, run_after=None
[2026-03-28T19:24:09.055+0500] {processor.py:183} INFO - Processing /home/abayturar/airflow-project/dags/sales_etl_superstore.py took 0.071 seconds
[2026-03-28T19:25:18.247+0500] {processor.py:161} INFO - Started process (PID=28892) to work on /home/abayturar/airflow-project/dags/sales_etl_superstore.py
[2026-03-28T19:25:18.248+0500] {processor.py:830} INFO - Processing file /home/abayturar/airflow-project/dags/sales_etl_superstore.py for tasks to queue
[2026-03-28T19:25:18.250+0500] {logging_mixin.py:188} INFO - [2026-03-28T19:25:18.250+0500] {dagbag.py:545} INFO - Filling up the DagBag from /home/abayturar/airflow-project/dags/sales_etl_superstore.py
[2026-03-28T19:25:18.256+0500] {processor.py:840} INFO - DAG(s) 'sales_etl_superstore' retrieved from /home/abayturar/airflow-project/dags/sales_etl_superstore.py
[2026-03-28T19:25:18.272+0500] {logging_mixin.py:188} INFO - [2026-03-28T19:25:18.271+0500] {dag.py:3089} INFO - Sync 1 DAGs
[2026-03-28T19:25:18.281+0500] {logging_mixin.py:188} INFO - [2026-03-28T19:25:18.281+0500] {dag.py:3947} INFO - Setting next_dagrun for sales_etl_superstore to None, run_after=None
[2026-03-28T19:25:18.296+0500] {processor.py:183} INFO - Processing /home/abayturar/airflow-project/dags/sales_etl_superstore.py took 0.055 seconds
[2026-03-28T19:26:27.255+0500] {processor.py:161} INFO - Started process (PID=29074) to work on /home/abayturar/airflow-project/dags/sales_etl_superstore.py
[2026-03-28T19:26:27.257+0500] {processor.py:830} INFO - Processing file /home/abayturar/airflow-project/dags/sales_etl_superstore.py for tasks to queue
[2026-03-28T19:26:27.258+0500] {logging_mixin.py:188} INFO - [2026-03-28T19:26:27.258+0500] {dagbag.py:545} INFO - Filling up the DagBag from /home/abayturar/airflow-project/dags/sales_etl_superstore.py
[2026-03-28T19:26:27.266+0500] {processor.py:840} INFO - DAG(s) 'sales_etl_superstore' retrieved from /home/abayturar/airflow-project/dags/sales_etl_superstore.py
[2026-03-28T19:26:27.283+0500] {logging_mixin.py:188} INFO - [2026-03-28T19:26:27.283+0500] {dag.py:3089} INFO - Sync 1 DAGs
[2026-03-28T19:26:27.292+0500] {logging_mixin.py:188} INFO - [2026-03-28T19:26:27.292+0500] {dag.py:3947} INFO - Setting next_dagrun for sales_etl_superstore to None, run_after=None
[2026-03-28T19:26:27.322+0500] {processor.py:183} INFO - Processing /home/abayturar/airflow-project/dags/sales_etl_superstore.py took 0.074 seconds
[2026-03-28T19:27:39.380+0500] {processor.py:161} INFO - Started process (PID=29271) to work on /home/abayturar/airflow-project/dags/sales_etl_superstore.py
[2026-03-28T19:27:39.381+0500] {processor.py:830} INFO - Processing file /home/abayturar/airflow-project/dags/sales_etl_superstore.py for tasks to queue
[2026-03-28T19:27:39.384+0500] {logging_mixin.py:188} INFO - [2026-03-28T19:27:39.383+0500] {dagbag.py:545} INFO - Filling up the DagBag from /home/abayturar/airflow-project/dags/sales_etl_superstore.py
[2026-03-28T19:27:39.403+0500] {processor.py:840} INFO - DAG(s) 'sales_etl_superstore' retrieved from /home/abayturar/airflow-project/dags/sales_etl_superstore.py
[2026-03-28T19:27:39.429+0500] {logging_mixin.py:188} INFO - [2026-03-28T19:27:39.429+0500] {dag.py:3089} INFO - Sync 1 DAGs
[2026-03-28T19:27:39.455+0500] {logging_mixin.py:188} INFO - [2026-03-28T19:27:39.455+0500] {dag.py:3947} INFO - Setting next_dagrun for sales_etl_superstore to None, run_after=None
[2026-03-28T19:27:39.483+0500] {processor.py:183} INFO - Processing /home/abayturar/airflow-project/dags/sales_etl_superstore.py took 0.114 seconds
[2026-03-28T19:28:52.115+0500] {processor.py:161} INFO - Started process (PID=29463) to work on /home/abayturar/airflow-project/dags/sales_etl_superstore.py
[2026-03-28T19:28:52.116+0500] {processor.py:830} INFO - Processing file /home/abayturar/airflow-project/dags/sales_etl_superstore.py for tasks to queue
[2026-03-28T19:28:52.118+0500] {logging_mixin.py:188} INFO - [2026-03-28T19:28:52.117+0500] {dagbag.py:545} INFO - Filling up the DagBag from /home/abayturar/airflow-project/dags/sales_etl_superstore.py
[2026-03-28T19:28:52.125+0500] {processor.py:840} INFO - DAG(s) 'sales_etl_superstore' retrieved from /home/abayturar/airflow-project/dags/sales_etl_superstore.py
[2026-03-28T19:28:52.141+0500] {logging_mixin.py:188} INFO - [2026-03-28T19:28:52.141+0500] {dag.py:3089} INFO - Sync 1 DAGs
[2026-03-28T19:28:52.150+0500] {logging_mixin.py:188} INFO - [2026-03-28T19:28:52.150+0500] {dag.py:3947} INFO - Setting next_dagrun for sales_etl_superstore to None, run_after=None
[2026-03-28T19:28:52.166+0500] {processor.py:183} INFO - Processing /home/abayturar/airflow-project/dags/sales_etl_superstore.py took 0.057 seconds
[2026-03-28T19:30:00.922+0500] {processor.py:161} INFO - Started process (PID=29721) to work on /home/abayturar/airflow-project/dags/sales_etl_superstore.py
[2026-03-28T19:30:00.923+0500] {processor.py:830} INFO - Processing file /home/abayturar/airflow-project/dags/sales_etl_superstore.py for tasks to queue
[2026-03-28T19:30:00.924+0500] {logging_mixin.py:188} INFO - [2026-03-28T19:30:00.924+0500] {dagbag.py:545} INFO - Filling up the DagBag from /home/abayturar/airflow-project/dags/sales_etl_superstore.py
[2026-03-28T19:30:00.931+0500] {processor.py:840} INFO - DAG(s) 'sales_etl_superstore' retrieved from /home/abayturar/airflow-project/dags/sales_etl_superstore.py
[2026-03-28T19:30:00.945+0500] {logging_mixin.py:188} INFO - [2026-03-28T19:30:00.945+0500] {dag.py:3089} INFO - Sync 1 DAGs
[2026-03-28T19:30:00.954+0500] {logging_mixin.py:188} INFO - [2026-03-28T19:30:00.954+0500] {dag.py:3947} INFO - Setting next_dagrun for sales_etl_superstore to None, run_after=None
[2026-03-28T19:30:00.969+0500] {processor.py:183} INFO - Processing /home/abayturar/airflow-project/dags/sales_etl_superstore.py took 0.053 seconds
[2026-03-28T19:31:04.680+0500] {processor.py:161} INFO - Started process (PID=29918) to work on /home/abayturar/airflow-project/dags/sales_etl_superstore.py
[2026-03-28T19:31:04.681+0500] {processor.py:830} INFO - Processing file /home/abayturar/airflow-project/dags/sales_etl_superstore.py for tasks to queue
[2026-03-28T19:31:04.683+0500] {logging_mixin.py:188} INFO - [2026-03-28T19:31:04.682+0500] {dagbag.py:545} INFO - Filling up the DagBag from /home/abayturar/airflow-project/dags/sales_etl_superstore.py
[2026-03-28T19:31:04.690+0500] {processor.py:840} INFO - DAG(s) 'sales_etl_superstore' retrieved from /home/abayturar/airflow-project/dags/sales_etl_superstore.py
[2026-03-28T19:31:04.708+0500] {logging_mixin.py:188} INFO - [2026-03-28T19:31:04.708+0500] {dag.py:3089} INFO - Sync 1 DAGs
[2026-03-28T19:31:04.718+0500] {logging_mixin.py:188} INFO - [2026-03-28T19:31:04.718+0500] {dag.py:3947} INFO - Setting next_dagrun for sales_etl_superstore to None, run_after=None
[2026-03-28T19:31:04.735+0500] {processor.py:183} INFO - Processing /home/abayturar/airflow-project/dags/sales_etl_superstore.py took 0.063 seconds
[2026-03-28T19:31:56.651+0500] {processor.py:161} INFO - Started process (PID=30063) to work on /home/abayturar/airflow-project/dags/sales_etl_superstore.py
[2026-03-28T19:31:56.652+0500] {processor.py:830} INFO - Processing file /home/abayturar/airflow-project/dags/sales_etl_superstore.py for tasks to queue
[2026-03-28T19:31:56.654+0500] {logging_mixin.py:188} INFO - [2026-03-28T19:31:56.654+0500] {dagbag.py:545} INFO - Filling up the DagBag from /home/abayturar/airflow-project/dags/sales_etl_superstore.py
[2026-03-28T19:31:56.661+0500] {processor.py:840} INFO - DAG(s) 'sales_etl_superstore' retrieved from /home/abayturar/airflow-project/dags/sales_etl_superstore.py
[2026-03-28T19:31:56.677+0500] {logging_mixin.py:188} INFO - [2026-03-28T19:31:56.677+0500] {dag.py:3089} INFO - Sync 1 DAGs
[2026-03-28T19:31:56.688+0500] {logging_mixin.py:188} INFO - [2026-03-28T19:31:56.688+0500] {dag.py:3947} INFO - Setting next_dagrun for sales_etl_superstore to None, run_after=None
[2026-03-28T19:31:56.705+0500] {processor.py:183} INFO - Processing /home/abayturar/airflow-project/dags/sales_etl_superstore.py took 0.062 seconds
[2026-03-28T19:32:50.166+0500] {processor.py:161} INFO - Started process (PID=30219) to work on /home/abayturar/airflow-project/dags/sales_etl_superstore.py
[2026-03-28T19:32:50.167+0500] {processor.py:830} INFO - Processing file /home/abayturar/airflow-project/dags/sales_etl_superstore.py for tasks to queue
[2026-03-28T19:32:50.169+0500] {logging_mixin.py:188} INFO - [2026-03-28T19:32:50.168+0500] {dagbag.py:545} INFO - Filling up the DagBag from /home/abayturar/airflow-project/dags/sales_etl_superstore.py
[2026-03-28T19:32:50.178+0500] {processor.py:840} INFO - DAG(s) 'sales_etl_superstore' retrieved from /home/abayturar/airflow-project/dags/sales_etl_superstore.py
[2026-03-28T19:32:50.196+0500] {logging_mixin.py:188} INFO - [2026-03-28T19:32:50.195+0500] {dag.py:3089} INFO - Sync 1 DAGs
[2026-03-28T19:32:50.205+0500] {logging_mixin.py:188} INFO - [2026-03-28T19:32:50.205+0500] {dag.py:3947} INFO - Setting next_dagrun for sales_etl_superstore to None, run_after=None
[2026-03-28T19:32:50.224+0500] {processor.py:183} INFO - Processing /home/abayturar/airflow-project/dags/sales_etl_superstore.py took 0.065 seconds
[2026-03-28T19:33:40.505+0500] {processor.py:161} INFO - Started process (PID=30364) to work on /home/abayturar/airflow-project/dags/sales_etl_superstore.py
[2026-03-28T19:33:40.505+0500] {processor.py:830} INFO - Processing file /home/abayturar/airflow-project/dags/sales_etl_superstore.py for tasks to queue
[2026-03-28T19:33:40.508+0500] {logging_mixin.py:188} INFO - [2026-03-28T19:33:40.508+0500] {dagbag.py:545} INFO - Filling up the DagBag from /home/abayturar/airflow-project/dags/sales_etl_superstore.py
[2026-03-28T19:33:40.517+0500] {processor.py:840} INFO - DAG(s) 'sales_etl_superstore' retrieved from /home/abayturar/airflow-project/dags/sales_etl_superstore.py
[2026-03-28T19:33:40.537+0500] {logging_mixin.py:188} INFO - [2026-03-28T19:33:40.537+0500] {dag.py:3089} INFO - Sync 1 DAGs
[2026-03-28T19:33:40.549+0500] {logging_mixin.py:188} INFO - [2026-03-28T19:33:40.548+0500] {dag.py:3947} INFO - Setting next_dagrun for sales_etl_superstore to None, run_after=None
[2026-03-28T19:33:40.570+0500] {processor.py:183} INFO - Processing /home/abayturar/airflow-project/dags/sales_etl_superstore.py took 0.073 seconds
[2026-03-28T19:36:03.131+0500] {processor.py:161} INFO - Started process (PID=30743) to work on /home/abayturar/airflow-project/dags/sales_etl_superstore.py
[2026-03-28T19:36:03.132+0500] {processor.py:830} INFO - Processing file /home/abayturar/airflow-project/dags/sales_etl_superstore.py for tasks to queue
[2026-03-28T19:36:03.134+0500] {logging_mixin.py:188} INFO - [2026-03-28T19:36:03.134+0500] {dagbag.py:545} INFO - Filling up the DagBag from /home/abayturar/airflow-project/dags/sales_etl_superstore.py
[2026-03-28T19:36:03.141+0500] {processor.py:840} INFO - DAG(s) 'sales_etl_superstore' retrieved from /home/abayturar/airflow-project/dags/sales_etl_superstore.py
[2026-03-28T19:36:03.158+0500] {logging_mixin.py:188} INFO - [2026-03-28T19:36:03.157+0500] {dag.py:3089} INFO - Sync 1 DAGs
[2026-03-28T19:36:03.167+0500] {logging_mixin.py:188} INFO - [2026-03-28T19:36:03.166+0500] {dag.py:3947} INFO - Setting next_dagrun for sales_etl_superstore to None, run_after=None
[2026-03-28T19:36:03.193+0500] {processor.py:183} INFO - Processing /home/abayturar/airflow-project/dags/sales_etl_superstore.py took 0.067 seconds
[2026-03-28T19:36:56.977+0500] {processor.py:161} INFO - Started process (PID=30886) to work on /home/abayturar/airflow-project/dags/sales_etl_superstore.py
[2026-03-28T19:36:56.979+0500] {processor.py:830} INFO - Processing file /home/abayturar/airflow-project/dags/sales_etl_superstore.py for tasks to queue
[2026-03-28T19:36:56.981+0500] {logging_mixin.py:188} INFO - [2026-03-28T19:36:56.981+0500] {dagbag.py:545} INFO - Filling up the DagBag from /home/abayturar/airflow-project/dags/sales_etl_superstore.py
[2026-03-28T19:36:56.991+0500] {processor.py:840} INFO - DAG(s) 'sales_etl_superstore' retrieved from /home/abayturar/airflow-project/dags/sales_etl_superstore.py
[2026-03-28T19:36:57.013+0500] {logging_mixin.py:188} INFO - [2026-03-28T19:36:57.013+0500] {dag.py:3089} INFO - Sync 1 DAGs
[2026-03-28T19:36:57.026+0500] {logging_mixin.py:188} INFO - [2026-03-28T19:36:57.026+0500] {dag.py:3947} INFO - Setting next_dagrun for sales_etl_superstore to None, run_after=None
[2026-03-28T19:36:57.058+0500] {processor.py:183} INFO - Processing /home/abayturar/airflow-project/dags/sales_etl_superstore.py took 0.090 seconds
[2026-03-28T19:38:05.613+0500] {processor.py:161} INFO - Started process (PID=31079) to work on /home/abayturar/airflow-project/dags/sales_etl_superstore.py
[2026-03-28T19:38:05.614+0500] {processor.py:830} INFO - Processing file /home/abayturar/airflow-project/dags/sales_etl_superstore.py for tasks to queue
[2026-03-28T19:38:05.615+0500] {logging_mixin.py:188} INFO - [2026-03-28T19:38:05.615+0500] {dagbag.py:545} INFO - Filling up the DagBag from /home/abayturar/airflow-project/dags/sales_etl_superstore.py
[2026-03-28T19:38:05.622+0500] {processor.py:840} INFO - DAG(s) 'sales_etl_superstore' retrieved from /home/abayturar/airflow-project/dags/sales_etl_superstore.py
[2026-03-28T19:38:05.638+0500] {logging_mixin.py:188} INFO - [2026-03-28T19:38:05.638+0500] {dag.py:3089} INFO - Sync 1 DAGs
[2026-03-28T19:38:05.647+0500] {logging_mixin.py:188} INFO - [2026-03-28T19:38:05.647+0500] {dag.py:3947} INFO - Setting next_dagrun for sales_etl_superstore to None, run_after=None
[2026-03-28T19:38:05.673+0500] {processor.py:183} INFO - Processing /home/abayturar/airflow-project/dags/sales_etl_superstore.py took 0.066 seconds
[2026-03-28T19:39:12.835+0500] {processor.py:161} INFO - Started process (PID=31258) to work on /home/abayturar/airflow-project/dags/sales_etl_superstore.py
[2026-03-28T19:39:12.836+0500] {processor.py:830} INFO - Processing file /home/abayturar/airflow-project/dags/sales_etl_superstore.py for tasks to queue
[2026-03-28T19:39:12.837+0500] {logging_mixin.py:188} INFO - [2026-03-28T19:39:12.837+0500] {dagbag.py:545} INFO - Filling up the DagBag from /home/abayturar/airflow-project/dags/sales_etl_superstore.py
[2026-03-28T19:39:12.844+0500] {processor.py:840} INFO - DAG(s) 'sales_etl_superstore' retrieved from /home/abayturar/airflow-project/dags/sales_etl_superstore.py
[2026-03-28T19:39:12.860+0500] {logging_mixin.py:188} INFO - [2026-03-28T19:39:12.860+0500] {dag.py:3089} INFO - Sync 1 DAGs
[2026-03-28T19:39:12.869+0500] {logging_mixin.py:188} INFO - [2026-03-28T19:39:12.869+0500] {dag.py:3947} INFO - Setting next_dagrun for sales_etl_superstore to None, run_after=None
[2026-03-28T19:39:12.897+0500] {processor.py:183} INFO - Processing /home/abayturar/airflow-project/dags/sales_etl_superstore.py took 0.069 seconds
[2026-03-28T19:40:21.559+0500] {processor.py:161} INFO - Started process (PID=31450) to work on /home/abayturar/airflow-project/dags/sales_etl_superstore.py
[2026-03-28T19:40:21.560+0500] {processor.py:830} INFO - Processing file /home/abayturar/airflow-project/dags/sales_etl_superstore.py for tasks to queue
[2026-03-28T19:40:21.561+0500] {logging_mixin.py:188} INFO - [2026-03-28T19:40:21.561+0500] {dagbag.py:545} INFO - Filling up the DagBag from /home/abayturar/airflow-project/dags/sales_etl_superstore.py
[2026-03-28T19:40:21.568+0500] {processor.py:840} INFO - DAG(s) 'sales_etl_superstore' retrieved from /home/abayturar/airflow-project/dags/sales_etl_superstore.py
[2026-03-28T19:40:21.583+0500] {logging_mixin.py:188} INFO - [2026-03-28T19:40:21.582+0500] {dag.py:3089} INFO - Sync 1 DAGs
[2026-03-28T19:40:21.591+0500] {logging_mixin.py:188} INFO - [2026-03-28T19:40:21.591+0500] {dag.py:3947} INFO - Setting next_dagrun for sales_etl_superstore to None, run_after=None
[2026-03-28T19:40:21.620+0500] {processor.py:183} INFO - Processing /home/abayturar/airflow-project/dags/sales_etl_superstore.py took 0.067 seconds
[2026-03-28T19:41:27.834+0500] {processor.py:161} INFO - Started process (PID=31625) to work on /home/abayturar/airflow-project/dags/sales_etl_superstore.py
[2026-03-28T19:41:27.835+0500] {processor.py:830} INFO - Processing file /home/abayturar/airflow-project/dags/sales_etl_superstore.py for tasks to queue
[2026-03-28T19:41:27.836+0500] {logging_mixin.py:188} INFO - [2026-03-28T19:41:27.836+0500] {dagbag.py:545} INFO - Filling up the DagBag from /home/abayturar/airflow-project/dags/sales_etl_superstore.py
[2026-03-28T19:41:27.843+0500] {processor.py:840} INFO - DAG(s) 'sales_etl_superstore' retrieved from /home/abayturar/airflow-project/dags/sales_etl_superstore.py
[2026-03-28T19:41:27.860+0500] {logging_mixin.py:188} INFO - [2026-03-28T19:41:27.860+0500] {dag.py:3089} INFO - Sync 1 DAGs
[2026-03-28T19:41:27.870+0500] {logging_mixin.py:188} INFO - [2026-03-28T19:41:27.870+0500] {dag.py:3947} INFO - Setting next_dagrun for sales_etl_superstore to None, run_after=None
[2026-03-28T19:41:27.899+0500] {processor.py:183} INFO - Processing /home/abayturar/airflow-project/dags/sales_etl_superstore.py took 0.071 seconds
[2026-03-28T19:42:40.011+0500] {processor.py:161} INFO - Started process (PID=31822) to work on /home/abayturar/airflow-project/dags/sales_etl_superstore.py
[2026-03-28T19:42:40.012+0500] {processor.py:830} INFO - Processing file /home/abayturar/airflow-project/dags/sales_etl_superstore.py for tasks to queue
[2026-03-28T19:42:40.013+0500] {logging_mixin.py:188} INFO - [2026-03-28T19:42:40.013+0500] {dagbag.py:545} INFO - Filling up the DagBag from /home/abayturar/airflow-project/dags/sales_etl_superstore.py
[2026-03-28T19:42:40.020+0500] {processor.py:840} INFO - DAG(s) 'sales_etl_superstore' retrieved from /home/abayturar/airflow-project/dags/sales_etl_superstore.py
[2026-03-28T19:42:40.037+0500] {logging_mixin.py:188} INFO - [2026-03-28T19:42:40.037+0500] {dag.py:3089} INFO - Sync 1 DAGs
[2026-03-28T19:42:40.048+0500] {logging_mixin.py:188} INFO - [2026-03-28T19:42:40.048+0500] {dag.py:3947} INFO - Setting next_dagrun for sales_etl_superstore to None, run_after=None
[2026-03-28T19:42:40.078+0500] {processor.py:183} INFO - Processing /home/abayturar/airflow-project/dags/sales_etl_superstore.py took 0.074 seconds
[2026-03-28T19:43:53.598+0500] {processor.py:161} INFO - Started process (PID=32015) to work on /home/abayturar/airflow-project/dags/sales_etl_superstore.py
[2026-03-28T19:43:53.599+0500] {processor.py:830} INFO - Processing file /home/abayturar/airflow-project/dags/sales_etl_superstore.py for tasks to queue
[2026-03-28T19:43:53.601+0500] {logging_mixin.py:188} INFO - [2026-03-28T19:43:53.601+0500] {dagbag.py:545} INFO - Filling up the DagBag from /home/abayturar/airflow-project/dags/sales_etl_superstore.py
[2026-03-28T19:43:53.608+0500] {processor.py:840} INFO - DAG(s) 'sales_etl_superstore' retrieved from /home/abayturar/airflow-project/dags/sales_etl_superstore.py
[2026-03-28T19:43:53.625+0500] {logging_mixin.py:188} INFO - [2026-03-28T19:43:53.625+0500] {dag.py:3089} INFO - Sync 1 DAGs
[2026-03-28T19:43:53.636+0500] {logging_mixin.py:188} INFO - [2026-03-28T19:43:53.635+0500] {dag.py:3947} INFO - Setting next_dagrun for sales_etl_superstore to None, run_after=None
[2026-03-28T19:43:53.664+0500] {processor.py:183} INFO - Processing /home/abayturar/airflow-project/dags/sales_etl_superstore.py took 0.072 seconds
[2026-03-28T19:45:02.738+0500] {processor.py:161} INFO - Started process (PID=32202) to work on /home/abayturar/airflow-project/dags/sales_etl_superstore.py
[2026-03-28T19:45:02.740+0500] {processor.py:830} INFO - Processing file /home/abayturar/airflow-project/dags/sales_etl_superstore.py for tasks to queue
[2026-03-28T19:45:02.742+0500] {logging_mixin.py:188} INFO - [2026-03-28T19:45:02.742+0500] {dagbag.py:545} INFO - Filling up the DagBag from /home/abayturar/airflow-project/dags/sales_etl_superstore.py
[2026-03-28T19:45:02.752+0500] {processor.py:840} INFO - DAG(s) 'sales_etl_superstore' retrieved from /home/abayturar/airflow-project/dags/sales_etl_superstore.py
[2026-03-28T19:45:02.776+0500] {logging_mixin.py:188} INFO - [2026-03-28T19:45:02.776+0500] {dag.py:3089} INFO - Sync 1 DAGs
[2026-03-28T19:45:02.791+0500] {logging_mixin.py:188} INFO - [2026-03-28T19:45:02.791+0500] {dag.py:3947} INFO - Setting next_dagrun for sales_etl_superstore to None, run_after=None
[2026-03-28T19:45:02.818+0500] {processor.py:183} INFO - Processing /home/abayturar/airflow-project/dags/sales_etl_superstore.py took 0.089 seconds
