[2026-03-28T19:35:29.316+0500] {local_task_job_runner.py:120} INFO - ::group::Pre task execution logs
[2026-03-28T19:35:29.330+0500] {taskinstance.py:2076} INFO - Dependencies all met for dep_context=non-requeueable deps ti=<TaskInstance: sales_dwh_pipeline.load_staging manual__2026-03-28T14:30:41.306537+00:00 [queued]>
[2026-03-28T19:35:29.333+0500] {taskinstance.py:2076} INFO - Dependencies all met for dep_context=requeueable deps ti=<TaskInstance: sales_dwh_pipeline.load_staging manual__2026-03-28T14:30:41.306537+00:00 [queued]>
[2026-03-28T19:35:29.334+0500] {taskinstance.py:2306} INFO - Starting attempt 2 of 3
[2026-03-28T19:35:29.343+0500] {taskinstance.py:2330} INFO - Executing <Task(PostgresOperator): load_staging> on 2026-03-28 14:30:41.306537+00:00
[2026-03-28T19:35:29.361+0500] {standard_task_runner.py:64} INFO - Started process 30616 to run task
[2026-03-28T19:35:29.366+0500] {standard_task_runner.py:90} INFO - Running: ['airflow', 'tasks', 'run', 'sales_dwh_pipeline', 'load_staging', 'manual__2026-03-28T14:30:41.306537+00:00', '--job-id', '28', '--raw', '--subdir', 'DAGS_FOLDER/sales_dwh_pipeline.py', '--cfg-path', '/tmp/tmpto7b9wg1']
[2026-03-28T19:35:29.369+0500] {standard_task_runner.py:91} INFO - Job 28: Subtask load_staging
[2026-03-28T19:35:29.403+0500] {task_command.py:426} INFO - Running <TaskInstance: sales_dwh_pipeline.load_staging manual__2026-03-28T14:30:41.306537+00:00 [running]> on host DESKTOP-I2ADLC6.localdomain
[2026-03-28T19:35:29.450+0500] {taskinstance.py:2648} INFO - Exporting env vars: AIRFLOW_CTX_DAG_OWNER='abay' AIRFLOW_CTX_DAG_ID='sales_dwh_pipeline' AIRFLOW_CTX_TASK_ID='load_staging' AIRFLOW_CTX_EXECUTION_DATE='2026-03-28T14:30:41.306537+00:00' AIRFLOW_CTX_TRY_NUMBER='2' AIRFLOW_CTX_DAG_RUN_ID='manual__2026-03-28T14:30:41.306537+00:00'
[2026-03-28T19:35:29.452+0500] {taskinstance.py:430} INFO - ::endgroup::
[2026-03-28T19:35:29.452+0500] {sql.py:282} INFO - Executing: TRUNCATE TABLE analytics.sales_stg;
INSERT INTO analytics.sales_stg
SELECT DISTINCT ON (customer_name) order_id,
    order_date,
    ship_date,
    customer_name,
    customer_segment,
    region,
    province,
    product_name,
    product_category,
    product_sub_category,
    product_container,
    ship_mode,
    order_quantity,
    sales,
    profit,
    discount,
    shipping_cost
FROM analytics.sales
ORDER BY customer_name,
    order_date DESC;
[2026-03-28T19:35:29.455+0500] {base.py:84} INFO - Using connection ID 'postgres_default' for task execution.
[2026-03-28T19:35:29.460+0500] {base.py:84} INFO - Using connection ID 'postgres_default' for task execution.
[2026-03-28T19:35:29.477+0500] {sql.py:495} INFO - Running statement: TRUNCATE TABLE analytics.sales_stg;
INSERT INTO analytics.sales_stg
SELECT DISTINCT ON (customer_name) order_id,
    order_date,
    ship_date,
    customer_name,
    customer_segment,
    region,
    province,
    product_name,
    product_category,
    product_sub_category,
    product_container,
    ship_mode,
    order_quantity,
    sales,
    profit,
    discount,
    shipping_cost
FROM analytics.sales
ORDER BY customer_name,
    order_date DESC;, parameters: None
[2026-03-28T19:35:29.493+0500] {sql.py:504} INFO - Rows affected: 797
[2026-03-28T19:35:29.503+0500] {taskinstance.py:441} INFO - ::group::Post task execution logs
[2026-03-28T19:35:29.510+0500] {taskinstance.py:1206} INFO - Marking task as SUCCESS. dag_id=sales_dwh_pipeline, task_id=load_staging, run_id=manual__2026-03-28T14:30:41.306537+00:00, execution_date=20260328T143041, start_date=20260328T143529, end_date=20260328T143529
[2026-03-28T19:35:29.664+0500] {local_task_job_runner.py:243} INFO - Task exited with return code 0
[2026-03-28T19:35:29.677+0500] {logging_mixin.py:188} WARNING - /home/abayturar/airflow-project/venv/lib/python3.12/site-packages/airflow/models/baseoperator.py:1297 AirflowProviderDeprecationWarning: Call to deprecated class PostgresOperator. (Please use `airflow.providers.common.sql.operators.sql.SQLExecuteQueryOperator`.Also, you can provide `hook_params={'schema': <database>}`.)
[2026-03-28T19:35:29.689+0500] {taskinstance.py:3503} INFO - 1 downstream tasks scheduled from follow-on schedule check
[2026-03-28T19:35:29.692+0500] {local_task_job_runner.py:222} INFO - ::endgroup::
