[2026-03-28T18:18:52.028+0500] {local_task_job_runner.py:120} INFO - ::group::Pre task execution logs
[2026-03-28T18:18:52.043+0500] {taskinstance.py:2076} INFO - Dependencies all met for dep_context=non-requeueable deps ti=<TaskInstance: sales_etl_superstore.load manual__2026-03-28T13:18:42.158509+00:00 [queued]>
[2026-03-28T18:18:52.047+0500] {taskinstance.py:2076} INFO - Dependencies all met for dep_context=requeueable deps ti=<TaskInstance: sales_etl_superstore.load manual__2026-03-28T13:18:42.158509+00:00 [queued]>
[2026-03-28T18:18:52.047+0500] {taskinstance.py:2306} INFO - Starting attempt 1 of 1
[2026-03-28T18:18:52.056+0500] {taskinstance.py:2330} INFO - Executing <Task(_PythonDecoratedOperator): load> on 2026-03-28 13:18:42.158509+00:00
[2026-03-28T18:18:52.076+0500] {standard_task_runner.py:64} INFO - Started process 18128 to run task
[2026-03-28T18:18:52.080+0500] {standard_task_runner.py:90} INFO - Running: ['airflow', 'tasks', 'run', 'sales_etl_superstore', 'load', 'manual__2026-03-28T13:18:42.158509+00:00', '--job-id', '4', '--raw', '--subdir', 'DAGS_FOLDER/sales_etl_superstore.py', '--cfg-path', '/tmp/tmp10bht0si']
[2026-03-28T18:18:52.083+0500] {standard_task_runner.py:91} INFO - Job 4: Subtask load
[2026-03-28T18:18:52.121+0500] {task_command.py:426} INFO - Running <TaskInstance: sales_etl_superstore.load manual__2026-03-28T13:18:42.158509+00:00 [running]> on host DESKTOP-I2ADLC6.localdomain
[2026-03-28T18:18:52.174+0500] {taskinstance.py:2648} INFO - Exporting env vars: AIRFLOW_CTX_DAG_OWNER='airflow' AIRFLOW_CTX_DAG_ID='sales_etl_superstore' AIRFLOW_CTX_TASK_ID='load' AIRFLOW_CTX_EXECUTION_DATE='2026-03-28T13:18:42.158509+00:00' AIRFLOW_CTX_TRY_NUMBER='1' AIRFLOW_CTX_DAG_RUN_ID='manual__2026-03-28T13:18:42.158509+00:00'
[2026-03-28T18:18:52.176+0500] {taskinstance.py:430} INFO - ::endgroup::
[2026-03-28T18:18:52.181+0500] {logging_mixin.py:188} INFO - LOAD INPUT: /home/abayturar/airflow-project/data/processed/superstore_sales_processed.csv
[2026-03-28T18:18:52.181+0500] {logging_mixin.py:188} INFO - === LOAD START ===
[2026-03-28T18:18:52.191+0500] {logging_mixin.py:188} INFO - LOAD ERROR: PG_PASSWORD environment variable is not set
[2026-03-28T18:18:52.192+0500] {taskinstance.py:441} INFO - ::group::Post task execution logs
[2026-03-28T18:18:52.192+0500] {taskinstance.py:2905} ERROR - Task failed with exception
Traceback (most recent call last):
  File "/home/abayturar/airflow-project/venv/lib/python3.12/site-packages/airflow/models/taskinstance.py", line 465, in _execute_task
    result = _execute_callable(context=context, **execute_callable_kwargs)
             ^^^^^^^^^^^^^^^^^^^^^^^^^^^^^^^^^^^^^^^^^^^^^^^^^^^^^^^^^^^^^
  File "/home/abayturar/airflow-project/venv/lib/python3.12/site-packages/airflow/models/taskinstance.py", line 432, in _execute_callable
    return execute_callable(context=context, **execute_callable_kwargs)
           ^^^^^^^^^^^^^^^^^^^^^^^^^^^^^^^^^^^^^^^^^^^^^^^^^^^^^^^^^^^^
  File "/home/abayturar/airflow-project/venv/lib/python3.12/site-packages/airflow/models/baseoperator.py", line 401, in wrapper
    return func(self, *args, **kwargs)
           ^^^^^^^^^^^^^^^^^^^^^^^^^^^
  File "/home/abayturar/airflow-project/venv/lib/python3.12/site-packages/airflow/decorators/base.py", line 265, in execute
    return_value = super().execute(context)
                   ^^^^^^^^^^^^^^^^^^^^^^^^
  File "/home/abayturar/airflow-project/venv/lib/python3.12/site-packages/airflow/models/baseoperator.py", line 401, in wrapper
    return func(self, *args, **kwargs)
           ^^^^^^^^^^^^^^^^^^^^^^^^^^^
  File "/home/abayturar/airflow-project/venv/lib/python3.12/site-packages/airflow/operators/python.py", line 235, in execute
    return_value = self.execute_callable()
                   ^^^^^^^^^^^^^^^^^^^^^^^
  File "/home/abayturar/airflow-project/venv/lib/python3.12/site-packages/airflow/operators/python.py", line 252, in execute_callable
    return self.python_callable(*self.op_args, **self.op_kwargs)
           ^^^^^^^^^^^^^^^^^^^^^^^^^^^^^^^^^^^^^^^^^^^^^^^^^^^^^
  File "/home/abayturar/airflow-project/dags/sales_etl_superstore.py", line 104, in load
    load_main(file_path)
  File "/home/abayturar/airflow-project/load/load_to_postgres.py", line 32, in main
    raise ValueError("PG_PASSWORD environment variable is not set")
ValueError: PG_PASSWORD environment variable is not set
[2026-03-28T18:18:52.243+0500] {taskinstance.py:1206} INFO - Marking task as FAILED. dag_id=sales_etl_superstore, task_id=load, run_id=manual__2026-03-28T13:18:42.158509+00:00, execution_date=20260328T131842, start_date=20260328T131852, end_date=20260328T131852
[2026-03-28T18:18:52.250+0500] {standard_task_runner.py:110} ERROR - Failed to execute job 4 for task load (PG_PASSWORD environment variable is not set; 18128)
[2026-03-28T18:18:52.256+0500] {local_task_job_runner.py:243} INFO - Task exited with return code 1
[2026-03-28T18:18:52.272+0500] {taskinstance.py:3503} INFO - 0 downstream tasks scheduled from follow-on schedule check
[2026-03-28T18:18:52.272+0500] {local_task_job_runner.py:222} INFO - ::endgroup::
