[2026-03-28T18:37:06.677+0500] {local_task_job_runner.py:120} INFO - ::group::Pre task execution logs
[2026-03-28T18:37:06.691+0500] {taskinstance.py:2076} INFO - Dependencies all met for dep_context=non-requeueable deps ti=<TaskInstance: sales_dwh_pipeline.load_staging manual__2026-03-28T13:36:27.228103+00:00 [queued]>
[2026-03-28T18:37:06.694+0500] {taskinstance.py:2076} INFO - Dependencies all met for dep_context=requeueable deps ti=<TaskInstance: sales_dwh_pipeline.load_staging manual__2026-03-28T13:36:27.228103+00:00 [queued]>
[2026-03-28T18:37:06.694+0500] {taskinstance.py:2306} INFO - Starting attempt 2 of 3
[2026-03-28T18:37:06.704+0500] {taskinstance.py:2330} INFO - Executing <Task(PostgresOperator): load_staging> on 2026-03-28 13:36:27.228103+00:00
[2026-03-28T18:37:06.721+0500] {standard_task_runner.py:64} INFO - Started process 21016 to run task
[2026-03-28T18:37:06.725+0500] {standard_task_runner.py:90} INFO - Running: ['airflow', 'tasks', 'run', 'sales_dwh_pipeline', 'load_staging', 'manual__2026-03-28T13:36:27.228103+00:00', '--job-id', '16', '--raw', '--subdir', 'DAGS_FOLDER/sales_dwh_pipeline.py', '--cfg-path', '/tmp/tmpdyq0opgn']
[2026-03-28T18:37:06.727+0500] {standard_task_runner.py:91} INFO - Job 16: Subtask load_staging
[2026-03-28T18:37:06.763+0500] {task_command.py:426} INFO - Running <TaskInstance: sales_dwh_pipeline.load_staging manual__2026-03-28T13:36:27.228103+00:00 [running]> on host DESKTOP-I2ADLC6.localdomain
[2026-03-28T18:37:06.803+0500] {taskinstance.py:2648} INFO - Exporting env vars: AIRFLOW_CTX_DAG_OWNER='abay' AIRFLOW_CTX_DAG_ID='sales_dwh_pipeline' AIRFLOW_CTX_TASK_ID='load_staging' AIRFLOW_CTX_EXECUTION_DATE='2026-03-28T13:36:27.228103+00:00' AIRFLOW_CTX_TRY_NUMBER='2' AIRFLOW_CTX_DAG_RUN_ID='manual__2026-03-28T13:36:27.228103+00:00'
[2026-03-28T18:37:06.804+0500] {taskinstance.py:430} INFO - ::endgroup::
[2026-03-28T18:37:06.804+0500] {sql.py:282} INFO - Executing: TRUNCATE TABLE analytics.sales_stg;
INSERT INTO analytics.sales_stg
SELECT DISTINCT ON (customer_name) order_id,
    order_date,
    ship_date,
    customer_name,
    customer_segment,
    region,
    province,
    product_name,
    product_category,
    product_sub_category,
    product_container,
    ship_mode,
    order_quantity,
    sales,
    profit,
    discount,
    shipping_cost
FROM analytics.sales
ORDER BY customer_name,
    order_date DESC;
[2026-03-28T18:37:06.808+0500] {base.py:84} INFO - Using connection ID 'postgres_default' for task execution.
[2026-03-28T18:37:06.813+0500] {base.py:84} INFO - Using connection ID 'postgres_default' for task execution.
[2026-03-28T18:37:06.837+0500] {taskinstance.py:441} INFO - ::group::Post task execution logs
[2026-03-28T18:37:06.837+0500] {taskinstance.py:2905} ERROR - Task failed with exception
Traceback (most recent call last):
  File "/home/abayturar/airflow-project/venv/lib/python3.12/site-packages/airflow/models/taskinstance.py", line 465, in _execute_task
    result = _execute_callable(context=context, **execute_callable_kwargs)
             ^^^^^^^^^^^^^^^^^^^^^^^^^^^^^^^^^^^^^^^^^^^^^^^^^^^^^^^^^^^^^
  File "/home/abayturar/airflow-project/venv/lib/python3.12/site-packages/airflow/models/taskinstance.py", line 432, in _execute_callable
    return execute_callable(context=context, **execute_callable_kwargs)
           ^^^^^^^^^^^^^^^^^^^^^^^^^^^^^^^^^^^^^^^^^^^^^^^^^^^^^^^^^^^^
  File "/home/abayturar/airflow-project/venv/lib/python3.12/site-packages/airflow/models/baseoperator.py", line 401, in wrapper
    return func(self, *args, **kwargs)
           ^^^^^^^^^^^^^^^^^^^^^^^^^^^
  File "/home/abayturar/airflow-project/venv/lib/python3.12/site-packages/airflow/providers/common/sql/operators/sql.py", line 288, in execute
    output = hook.run(
             ^^^^^^^^^
  File "/home/abayturar/airflow-project/venv/lib/python3.12/site-packages/airflow/providers/common/sql/hooks/sql.py", line 438, in run
    with self._create_autocommit_connection(autocommit) as conn:
  File "/usr/lib/python3.12/contextlib.py", line 137, in __enter__
    return next(self.gen)
           ^^^^^^^^^^^^^^
  File "/home/abayturar/airflow-project/venv/lib/python3.12/site-packages/airflow/providers/common/sql/hooks/sql.py", line 560, in _create_autocommit_connection
    with closing(self.get_conn()) as conn:
                 ^^^^^^^^^^^^^^^
  File "/home/abayturar/airflow-project/venv/lib/python3.12/site-packages/airflow/providers/postgres/hooks/postgres.py", line 175, in get_conn
    self.conn = psycopg2.connect(**conn_args)
                ^^^^^^^^^^^^^^^^^^^^^^^^^^^^^
  File "/home/abayturar/airflow-project/venv/lib/python3.12/site-packages/psycopg2/__init__.py", line 122, in connect
    conn = _connect(dsn, connection_factory=connection_factory, **kwasync)
           ^^^^^^^^^^^^^^^^^^^^^^^^^^^^^^^^^^^^^^^^^^^^^^^^^^^^^^^^^^^^^^^
psycopg2.OperationalError: connection to server at "localhost" (127.0.0.1), port 5432 failed: FATAL:  password authentication failed for user "postgres"

[2026-03-28T18:37:06.844+0500] {taskinstance.py:1206} INFO - Marking task as UP_FOR_RETRY. dag_id=sales_dwh_pipeline, task_id=load_staging, run_id=manual__2026-03-28T13:36:27.228103+00:00, execution_date=20260328T133627, start_date=20260328T133706, end_date=20260328T133706
[2026-03-28T18:37:06.852+0500] {standard_task_runner.py:110} ERROR - Failed to execute job 16 for task load_staging (connection to server at "localhost" (127.0.0.1), port 5432 failed: FATAL:  password authentication failed for user "postgres"
; 21016)
[2026-03-28T18:37:06.859+0500] {local_task_job_runner.py:243} INFO - Task exited with return code 1
[2026-03-28T18:37:06.870+0500] {logging_mixin.py:188} WARNING - /home/abayturar/airflow-project/venv/lib/python3.12/site-packages/airflow/models/baseoperator.py:1297 AirflowProviderDeprecationWarning: Call to deprecated class PostgresOperator. (Please use `airflow.providers.common.sql.operators.sql.SQLExecuteQueryOperator`.Also, you can provide `hook_params={'schema': <database>}`.)
[2026-03-28T18:37:06.880+0500] {taskinstance.py:3503} INFO - 0 downstream tasks scheduled from follow-on schedule check
[2026-03-28T18:37:06.882+0500] {local_task_job_runner.py:222} INFO - ::endgroup::
