[2026-03-28T18:41:34.850+0500] {local_task_job_runner.py:120} INFO - ::group::Pre task execution logs
[2026-03-28T18:41:34.864+0500] {taskinstance.py:2076} INFO - Dependencies all met for dep_context=non-requeueable deps ti=<TaskInstance: sales_dwh_pipeline.load_fact manual__2026-03-28T13:36:27.228103+00:00 [queued]>
[2026-03-28T18:41:34.868+0500] {taskinstance.py:2076} INFO - Dependencies all met for dep_context=requeueable deps ti=<TaskInstance: sales_dwh_pipeline.load_fact manual__2026-03-28T13:36:27.228103+00:00 [queued]>
[2026-03-28T18:41:34.868+0500] {taskinstance.py:2306} INFO - Starting attempt 1 of 2
[2026-03-28T18:41:34.878+0500] {taskinstance.py:2330} INFO - Executing <Task(PostgresOperator): load_fact> on 2026-03-28 13:36:27.228103+00:00
[2026-03-28T18:41:34.895+0500] {standard_task_runner.py:64} INFO - Started process 21771 to run task
[2026-03-28T18:41:34.900+0500] {standard_task_runner.py:90} INFO - Running: ['airflow', 'tasks', 'run', 'sales_dwh_pipeline', 'load_fact', 'manual__2026-03-28T13:36:27.228103+00:00', '--job-id', '22', '--raw', '--subdir', 'DAGS_FOLDER/sales_dwh_pipeline.py', '--cfg-path', '/tmp/tmpxvv0on3d']
[2026-03-28T18:41:34.902+0500] {standard_task_runner.py:91} INFO - Job 22: Subtask load_fact
[2026-03-28T18:41:34.937+0500] {task_command.py:426} INFO - Running <TaskInstance: sales_dwh_pipeline.load_fact manual__2026-03-28T13:36:27.228103+00:00 [running]> on host DESKTOP-I2ADLC6.localdomain
[2026-03-28T18:41:34.977+0500] {taskinstance.py:2648} INFO - Exporting env vars: AIRFLOW_CTX_DAG_OWNER='abay' AIRFLOW_CTX_DAG_ID='sales_dwh_pipeline' AIRFLOW_CTX_TASK_ID='load_fact' AIRFLOW_CTX_EXECUTION_DATE='2026-03-28T13:36:27.228103+00:00' AIRFLOW_CTX_TRY_NUMBER='1' AIRFLOW_CTX_DAG_RUN_ID='manual__2026-03-28T13:36:27.228103+00:00'
[2026-03-28T18:41:34.978+0500] {taskinstance.py:430} INFO - ::endgroup::
[2026-03-28T18:41:34.979+0500] {sql.py:282} INFO - Executing: TRUNCATE TABLE analytics.fact_sales;
INSERT INTO analytics.fact_sales (
        order_id,
        product_id,
        customer_sk,
        order_date_id,
        ship_date_id,
        ship_mode_id,
        quantity,
        sales,
        profit,
        discount,
        shipping_cost
    )
SELECT s.order_id,
    p.product_id,
    d.customer_id,
    od.date_id,
    sd.date_id,
    sm.ship_mode_id,
    s.order_quantity,
    s.sales,
    s.profit,
    s.discount,
    s.shipping_cost
FROM analytics.sales s
    JOIN analytics.dim_customer d ON s.customer_name = d.customer_name
    AND d.is_current = TRUE -- пока так
    JOIN analytics.dim_product p ON s.product_name = p.product_name
    JOIN analytics.dim_date od ON od.full_date = s.order_date
    JOIN analytics.dim_date sd ON sd.full_date = s.ship_date
    JOIN analytics.dim_ship_mode sm ON sm.ship_mode = s.ship_mode;
[2026-03-28T18:41:34.983+0500] {base.py:84} INFO - Using connection ID 'postgres_default' for task execution.
[2026-03-28T18:41:34.987+0500] {base.py:84} INFO - Using connection ID 'postgres_default' for task execution.
[2026-03-28T18:41:35.002+0500] {sql.py:495} INFO - Running statement: TRUNCATE TABLE analytics.fact_sales;
INSERT INTO analytics.fact_sales (
        order_id,
        product_id,
        customer_sk,
        order_date_id,
        ship_date_id,
        ship_mode_id,
        quantity,
        sales,
        profit,
        discount,
        shipping_cost
    )
SELECT s.order_id,
    p.product_id,
    d.customer_id,
    od.date_id,
    sd.date_id,
    sm.ship_mode_id,
    s.order_quantity,
    s.sales,
    s.profit,
    s.discount,
    s.shipping_cost
FROM analytics.sales s
    JOIN analytics.dim_customer d ON s.customer_name = d.customer_name
    AND d.is_current = TRUE -- пока так
    JOIN analytics.dim_product p ON s.product_name = p.product_name
    JOIN analytics.dim_date od ON od.full_date = s.order_date
    JOIN analytics.dim_date sd ON sd.full_date = s.ship_date
    JOIN analytics.dim_ship_mode sm ON sm.ship_mode = s.ship_mode;, parameters: None
[2026-03-28T18:41:35.226+0500] {sql.py:504} INFO - Rows affected: 8402
[2026-03-28T18:41:35.238+0500] {taskinstance.py:441} INFO - ::group::Post task execution logs
[2026-03-28T18:41:35.244+0500] {taskinstance.py:1206} INFO - Marking task as SUCCESS. dag_id=sales_dwh_pipeline, task_id=load_fact, run_id=manual__2026-03-28T13:36:27.228103+00:00, execution_date=20260328T133627, start_date=20260328T134134, end_date=20260328T134135
[2026-03-28T18:41:35.280+0500] {local_task_job_runner.py:243} INFO - Task exited with return code 0
[2026-03-28T18:41:35.292+0500] {taskinstance.py:3503} INFO - 0 downstream tasks scheduled from follow-on schedule check
[2026-03-28T18:41:35.293+0500] {local_task_job_runner.py:222} INFO - ::endgroup::
