[2026-03-29T12:02:11.964+0500] {processor.py:161} INFO - Started process (PID=32485) to work on /home/abayturar/airflow-project/dags/sales_etl_superstore.py
[2026-03-29T12:02:11.965+0500] {processor.py:830} INFO - Processing file /home/abayturar/airflow-project/dags/sales_etl_superstore.py for tasks to queue
[2026-03-29T12:02:11.967+0500] {logging_mixin.py:188} INFO - [2026-03-29T12:02:11.966+0500] {dagbag.py:545} INFO - Filling up the DagBag from /home/abayturar/airflow-project/dags/sales_etl_superstore.py
[2026-03-29T12:02:11.973+0500] {processor.py:840} INFO - DAG(s) 'sales_etl_superstore' retrieved from /home/abayturar/airflow-project/dags/sales_etl_superstore.py
[2026-03-29T12:02:12.052+0500] {logging_mixin.py:188} INFO - [2026-03-29T12:02:12.052+0500] {dag.py:3089} INFO - Sync 1 DAGs
[2026-03-29T12:02:12.058+0500] {logging_mixin.py:188} INFO - [2026-03-29T12:02:12.058+0500] {dag.py:3947} INFO - Setting next_dagrun for sales_etl_superstore to None, run_after=None
[2026-03-29T12:02:12.074+0500] {processor.py:183} INFO - Processing /home/abayturar/airflow-project/dags/sales_etl_superstore.py took 0.116 seconds
[2026-03-29T12:06:04.204+0500] {processor.py:161} INFO - Started process (PID=53) to work on /home/abayturar/airflow-project/dags/sales_etl_superstore.py
[2026-03-29T12:06:04.205+0500] {processor.py:830} INFO - Processing file /home/abayturar/airflow-project/dags/sales_etl_superstore.py for tasks to queue
[2026-03-29T12:06:04.206+0500] {logging_mixin.py:188} INFO - [2026-03-29T12:06:04.206+0500] {dagbag.py:545} INFO - Filling up the DagBag from /home/abayturar/airflow-project/dags/sales_etl_superstore.py
[2026-03-29T12:06:04.215+0500] {processor.py:840} INFO - DAG(s) 'sales_etl_superstore' retrieved from /home/abayturar/airflow-project/dags/sales_etl_superstore.py
[2026-03-29T12:06:04.232+0500] {logging_mixin.py:188} INFO - [2026-03-29T12:06:04.232+0500] {dag.py:3089} INFO - Sync 1 DAGs
[2026-03-29T12:06:04.241+0500] {logging_mixin.py:188} INFO - [2026-03-29T12:06:04.241+0500] {dag.py:3947} INFO - Setting next_dagrun for sales_etl_superstore to None, run_after=None
[2026-03-29T12:06:04.258+0500] {processor.py:183} INFO - Processing /home/abayturar/airflow-project/dags/sales_etl_superstore.py took 0.061 seconds
[2026-03-29T12:06:57.921+0500] {processor.py:161} INFO - Started process (PID=274) to work on /home/abayturar/airflow-project/dags/sales_etl_superstore.py
[2026-03-29T12:06:57.922+0500] {processor.py:830} INFO - Processing file /home/abayturar/airflow-project/dags/sales_etl_superstore.py for tasks to queue
[2026-03-29T12:06:57.925+0500] {logging_mixin.py:188} INFO - [2026-03-29T12:06:57.925+0500] {dagbag.py:545} INFO - Filling up the DagBag from /home/abayturar/airflow-project/dags/sales_etl_superstore.py
[2026-03-29T12:06:57.934+0500] {processor.py:840} INFO - DAG(s) 'sales_etl_superstore' retrieved from /home/abayturar/airflow-project/dags/sales_etl_superstore.py
[2026-03-29T12:06:57.960+0500] {logging_mixin.py:188} INFO - [2026-03-29T12:06:57.959+0500] {dag.py:3089} INFO - Sync 1 DAGs
[2026-03-29T12:06:57.973+0500] {logging_mixin.py:188} INFO - [2026-03-29T12:06:57.973+0500] {dag.py:3947} INFO - Setting next_dagrun for sales_etl_superstore to None, run_after=None
[2026-03-29T12:06:58.005+0500] {processor.py:183} INFO - Processing /home/abayturar/airflow-project/dags/sales_etl_superstore.py took 0.092 seconds
[2026-03-29T12:08:09.458+0500] {processor.py:161} INFO - Started process (PID=560) to work on /home/abayturar/airflow-project/dags/sales_etl_superstore.py
[2026-03-29T12:08:09.459+0500] {processor.py:830} INFO - Processing file /home/abayturar/airflow-project/dags/sales_etl_superstore.py for tasks to queue
[2026-03-29T12:08:09.461+0500] {logging_mixin.py:188} INFO - [2026-03-29T12:08:09.461+0500] {dagbag.py:545} INFO - Filling up the DagBag from /home/abayturar/airflow-project/dags/sales_etl_superstore.py
[2026-03-29T12:08:09.468+0500] {processor.py:840} INFO - DAG(s) 'sales_etl_superstore' retrieved from /home/abayturar/airflow-project/dags/sales_etl_superstore.py
[2026-03-29T12:08:09.483+0500] {logging_mixin.py:188} INFO - [2026-03-29T12:08:09.483+0500] {dag.py:3089} INFO - Sync 1 DAGs
[2026-03-29T12:08:09.492+0500] {logging_mixin.py:188} INFO - [2026-03-29T12:08:09.491+0500] {dag.py:3947} INFO - Setting next_dagrun for sales_etl_superstore to None, run_after=None
[2026-03-29T12:08:09.547+0500] {processor.py:183} INFO - Processing /home/abayturar/airflow-project/dags/sales_etl_superstore.py took 0.094 seconds
[2026-03-29T12:09:25.951+0500] {processor.py:161} INFO - Started process (PID=878) to work on /home/abayturar/airflow-project/dags/sales_etl_superstore.py
[2026-03-29T12:09:25.952+0500] {processor.py:830} INFO - Processing file /home/abayturar/airflow-project/dags/sales_etl_superstore.py for tasks to queue
[2026-03-29T12:09:25.953+0500] {logging_mixin.py:188} INFO - [2026-03-29T12:09:25.953+0500] {dagbag.py:545} INFO - Filling up the DagBag from /home/abayturar/airflow-project/dags/sales_etl_superstore.py
[2026-03-29T12:09:25.960+0500] {processor.py:840} INFO - DAG(s) 'sales_etl_superstore' retrieved from /home/abayturar/airflow-project/dags/sales_etl_superstore.py
[2026-03-29T12:09:25.974+0500] {logging_mixin.py:188} INFO - [2026-03-29T12:09:25.974+0500] {dag.py:3089} INFO - Sync 1 DAGs
[2026-03-29T12:09:25.983+0500] {logging_mixin.py:188} INFO - [2026-03-29T12:09:25.983+0500] {dag.py:3947} INFO - Setting next_dagrun for sales_etl_superstore to None, run_after=None
[2026-03-29T12:09:26.037+0500] {processor.py:183} INFO - Processing /home/abayturar/airflow-project/dags/sales_etl_superstore.py took 0.092 seconds
[2026-03-29T12:10:39.547+0500] {processor.py:161} INFO - Started process (PID=1070) to work on /home/abayturar/airflow-project/dags/sales_etl_superstore.py
[2026-03-29T12:10:39.548+0500] {processor.py:830} INFO - Processing file /home/abayturar/airflow-project/dags/sales_etl_superstore.py for tasks to queue
[2026-03-29T12:10:39.549+0500] {logging_mixin.py:188} INFO - [2026-03-29T12:10:39.549+0500] {dagbag.py:545} INFO - Filling up the DagBag from /home/abayturar/airflow-project/dags/sales_etl_superstore.py
[2026-03-29T12:10:39.556+0500] {processor.py:840} INFO - DAG(s) 'sales_etl_superstore' retrieved from /home/abayturar/airflow-project/dags/sales_etl_superstore.py
[2026-03-29T12:10:39.571+0500] {logging_mixin.py:188} INFO - [2026-03-29T12:10:39.571+0500] {dag.py:3089} INFO - Sync 1 DAGs
[2026-03-29T12:10:39.581+0500] {logging_mixin.py:188} INFO - [2026-03-29T12:10:39.581+0500] {dag.py:3947} INFO - Setting next_dagrun for sales_etl_superstore to None, run_after=None
[2026-03-29T12:10:39.636+0500] {processor.py:183} INFO - Processing /home/abayturar/airflow-project/dags/sales_etl_superstore.py took 0.095 seconds
[2026-03-29T12:11:53.427+0500] {processor.py:161} INFO - Started process (PID=1270) to work on /home/abayturar/airflow-project/dags/sales_etl_superstore.py
[2026-03-29T12:11:53.428+0500] {processor.py:830} INFO - Processing file /home/abayturar/airflow-project/dags/sales_etl_superstore.py for tasks to queue
[2026-03-29T12:11:53.429+0500] {logging_mixin.py:188} INFO - [2026-03-29T12:11:53.429+0500] {dagbag.py:545} INFO - Filling up the DagBag from /home/abayturar/airflow-project/dags/sales_etl_superstore.py
[2026-03-29T12:11:53.436+0500] {processor.py:840} INFO - DAG(s) 'sales_etl_superstore' retrieved from /home/abayturar/airflow-project/dags/sales_etl_superstore.py
[2026-03-29T12:11:53.451+0500] {logging_mixin.py:188} INFO - [2026-03-29T12:11:53.451+0500] {dag.py:3089} INFO - Sync 1 DAGs
[2026-03-29T12:11:53.460+0500] {logging_mixin.py:188} INFO - [2026-03-29T12:11:53.460+0500] {dag.py:3947} INFO - Setting next_dagrun for sales_etl_superstore to None, run_after=None
[2026-03-29T12:11:53.478+0500] {processor.py:183} INFO - Processing /home/abayturar/airflow-project/dags/sales_etl_superstore.py took 0.057 seconds
[2026-03-29T12:13:10.390+0500] {processor.py:161} INFO - Started process (PID=1471) to work on /home/abayturar/airflow-project/dags/sales_etl_superstore.py
[2026-03-29T12:13:10.391+0500] {processor.py:830} INFO - Processing file /home/abayturar/airflow-project/dags/sales_etl_superstore.py for tasks to queue
[2026-03-29T12:13:10.393+0500] {logging_mixin.py:188} INFO - [2026-03-29T12:13:10.393+0500] {dagbag.py:545} INFO - Filling up the DagBag from /home/abayturar/airflow-project/dags/sales_etl_superstore.py
[2026-03-29T12:13:10.399+0500] {processor.py:840} INFO - DAG(s) 'sales_etl_superstore' retrieved from /home/abayturar/airflow-project/dags/sales_etl_superstore.py
[2026-03-29T12:13:10.414+0500] {logging_mixin.py:188} INFO - [2026-03-29T12:13:10.414+0500] {dag.py:3089} INFO - Sync 1 DAGs
[2026-03-29T12:13:10.422+0500] {logging_mixin.py:188} INFO - [2026-03-29T12:13:10.422+0500] {dag.py:3947} INFO - Setting next_dagrun for sales_etl_superstore to None, run_after=None
[2026-03-29T12:13:10.477+0500] {processor.py:183} INFO - Processing /home/abayturar/airflow-project/dags/sales_etl_superstore.py took 0.092 seconds
[2026-03-29T12:14:26.781+0500] {processor.py:161} INFO - Started process (PID=1672) to work on /home/abayturar/airflow-project/dags/sales_etl_superstore.py
[2026-03-29T12:14:26.782+0500] {processor.py:830} INFO - Processing file /home/abayturar/airflow-project/dags/sales_etl_superstore.py for tasks to queue
[2026-03-29T12:14:26.784+0500] {logging_mixin.py:188} INFO - [2026-03-29T12:14:26.783+0500] {dagbag.py:545} INFO - Filling up the DagBag from /home/abayturar/airflow-project/dags/sales_etl_superstore.py
[2026-03-29T12:14:26.790+0500] {processor.py:840} INFO - DAG(s) 'sales_etl_superstore' retrieved from /home/abayturar/airflow-project/dags/sales_etl_superstore.py
[2026-03-29T12:14:26.804+0500] {logging_mixin.py:188} INFO - [2026-03-29T12:14:26.804+0500] {dag.py:3089} INFO - Sync 1 DAGs
[2026-03-29T12:14:26.813+0500] {logging_mixin.py:188} INFO - [2026-03-29T12:14:26.813+0500] {dag.py:3947} INFO - Setting next_dagrun for sales_etl_superstore to None, run_after=None
[2026-03-29T12:14:26.951+0500] {processor.py:183} INFO - Processing /home/abayturar/airflow-project/dags/sales_etl_superstore.py took 0.176 seconds
[2026-03-29T12:15:48.208+0500] {processor.py:161} INFO - Started process (PID=1882) to work on /home/abayturar/airflow-project/dags/sales_etl_superstore.py
[2026-03-29T12:15:48.209+0500] {processor.py:830} INFO - Processing file /home/abayturar/airflow-project/dags/sales_etl_superstore.py for tasks to queue
[2026-03-29T12:15:48.211+0500] {logging_mixin.py:188} INFO - [2026-03-29T12:15:48.211+0500] {dagbag.py:545} INFO - Filling up the DagBag from /home/abayturar/airflow-project/dags/sales_etl_superstore.py
[2026-03-29T12:15:48.218+0500] {processor.py:840} INFO - DAG(s) 'sales_etl_superstore' retrieved from /home/abayturar/airflow-project/dags/sales_etl_superstore.py
[2026-03-29T12:15:48.233+0500] {logging_mixin.py:188} INFO - [2026-03-29T12:15:48.233+0500] {dag.py:3089} INFO - Sync 1 DAGs
[2026-03-29T12:15:48.350+0500] {logging_mixin.py:188} INFO - [2026-03-29T12:15:48.350+0500] {dag.py:3947} INFO - Setting next_dagrun for sales_etl_superstore to None, run_after=None
[2026-03-29T12:15:48.363+0500] {processor.py:183} INFO - Processing /home/abayturar/airflow-project/dags/sales_etl_superstore.py took 0.162 seconds
[2026-03-29T12:17:05.835+0500] {processor.py:161} INFO - Started process (PID=2086) to work on /home/abayturar/airflow-project/dags/sales_etl_superstore.py
[2026-03-29T12:17:05.836+0500] {processor.py:830} INFO - Processing file /home/abayturar/airflow-project/dags/sales_etl_superstore.py for tasks to queue
[2026-03-29T12:17:05.838+0500] {logging_mixin.py:188} INFO - [2026-03-29T12:17:05.837+0500] {dagbag.py:545} INFO - Filling up the DagBag from /home/abayturar/airflow-project/dags/sales_etl_superstore.py
[2026-03-29T12:17:05.844+0500] {processor.py:840} INFO - DAG(s) 'sales_etl_superstore' retrieved from /home/abayturar/airflow-project/dags/sales_etl_superstore.py
[2026-03-29T12:17:05.949+0500] {logging_mixin.py:188} INFO - [2026-03-29T12:17:05.949+0500] {dag.py:3089} INFO - Sync 1 DAGs
[2026-03-29T12:17:05.955+0500] {logging_mixin.py:188} INFO - [2026-03-29T12:17:05.955+0500] {dag.py:3947} INFO - Setting next_dagrun for sales_etl_superstore to None, run_after=None
[2026-03-29T12:17:05.968+0500] {processor.py:183} INFO - Processing /home/abayturar/airflow-project/dags/sales_etl_superstore.py took 0.138 seconds
[2026-03-29T12:18:25.044+0500] {processor.py:161} INFO - Started process (PID=2290) to work on /home/abayturar/airflow-project/dags/sales_etl_superstore.py
[2026-03-29T12:18:25.044+0500] {processor.py:830} INFO - Processing file /home/abayturar/airflow-project/dags/sales_etl_superstore.py for tasks to queue
[2026-03-29T12:18:25.046+0500] {logging_mixin.py:188} INFO - [2026-03-29T12:18:25.046+0500] {dagbag.py:545} INFO - Filling up the DagBag from /home/abayturar/airflow-project/dags/sales_etl_superstore.py
[2026-03-29T12:18:25.052+0500] {processor.py:840} INFO - DAG(s) 'sales_etl_superstore' retrieved from /home/abayturar/airflow-project/dags/sales_etl_superstore.py
[2026-03-29T12:18:25.067+0500] {logging_mixin.py:188} INFO - [2026-03-29T12:18:25.067+0500] {dag.py:3089} INFO - Sync 1 DAGs
[2026-03-29T12:18:25.075+0500] {logging_mixin.py:188} INFO - [2026-03-29T12:18:25.075+0500] {dag.py:3947} INFO - Setting next_dagrun for sales_etl_superstore to None, run_after=None
[2026-03-29T12:18:25.089+0500] {processor.py:183} INFO - Processing /home/abayturar/airflow-project/dags/sales_etl_superstore.py took 0.052 seconds
[2026-03-29T12:19:40.523+0500] {processor.py:161} INFO - Started process (PID=2493) to work on /home/abayturar/airflow-project/dags/sales_etl_superstore.py
[2026-03-29T12:19:40.524+0500] {processor.py:830} INFO - Processing file /home/abayturar/airflow-project/dags/sales_etl_superstore.py for tasks to queue
[2026-03-29T12:19:40.526+0500] {logging_mixin.py:188} INFO - [2026-03-29T12:19:40.525+0500] {dagbag.py:545} INFO - Filling up the DagBag from /home/abayturar/airflow-project/dags/sales_etl_superstore.py
[2026-03-29T12:19:40.534+0500] {processor.py:840} INFO - DAG(s) 'sales_etl_superstore' retrieved from /home/abayturar/airflow-project/dags/sales_etl_superstore.py
[2026-03-29T12:19:40.555+0500] {logging_mixin.py:188} INFO - [2026-03-29T12:19:40.554+0500] {dag.py:3089} INFO - Sync 1 DAGs
[2026-03-29T12:19:40.565+0500] {logging_mixin.py:188} INFO - [2026-03-29T12:19:40.565+0500] {dag.py:3947} INFO - Setting next_dagrun for sales_etl_superstore to None, run_after=None
[2026-03-29T12:19:40.622+0500] {processor.py:183} INFO - Processing /home/abayturar/airflow-project/dags/sales_etl_superstore.py took 0.108 seconds
[2026-03-29T12:21:02.742+0500] {processor.py:161} INFO - Started process (PID=2702) to work on /home/abayturar/airflow-project/dags/sales_etl_superstore.py
[2026-03-29T12:21:02.743+0500] {processor.py:830} INFO - Processing file /home/abayturar/airflow-project/dags/sales_etl_superstore.py for tasks to queue
[2026-03-29T12:21:02.745+0500] {logging_mixin.py:188} INFO - [2026-03-29T12:21:02.744+0500] {dagbag.py:545} INFO - Filling up the DagBag from /home/abayturar/airflow-project/dags/sales_etl_superstore.py
[2026-03-29T12:21:02.752+0500] {processor.py:840} INFO - DAG(s) 'sales_etl_superstore' retrieved from /home/abayturar/airflow-project/dags/sales_etl_superstore.py
[2026-03-29T12:21:02.769+0500] {logging_mixin.py:188} INFO - [2026-03-29T12:21:02.768+0500] {dag.py:3089} INFO - Sync 1 DAGs
[2026-03-29T12:21:02.782+0500] {logging_mixin.py:188} INFO - [2026-03-29T12:21:02.781+0500] {dag.py:3947} INFO - Setting next_dagrun for sales_etl_superstore to None, run_after=None
[2026-03-29T12:21:02.841+0500] {processor.py:183} INFO - Processing /home/abayturar/airflow-project/dags/sales_etl_superstore.py took 0.107 seconds
[2026-03-29T12:22:18.586+0500] {processor.py:161} INFO - Started process (PID=3022) to work on /home/abayturar/airflow-project/dags/sales_etl_superstore.py
[2026-03-29T12:22:18.587+0500] {processor.py:830} INFO - Processing file /home/abayturar/airflow-project/dags/sales_etl_superstore.py for tasks to queue
[2026-03-29T12:22:18.589+0500] {logging_mixin.py:188} INFO - [2026-03-29T12:22:18.589+0500] {dagbag.py:545} INFO - Filling up the DagBag from /home/abayturar/airflow-project/dags/sales_etl_superstore.py
[2026-03-29T12:22:18.595+0500] {processor.py:840} INFO - DAG(s) 'sales_etl_superstore' retrieved from /home/abayturar/airflow-project/dags/sales_etl_superstore.py
[2026-03-29T12:22:18.610+0500] {logging_mixin.py:188} INFO - [2026-03-29T12:22:18.610+0500] {dag.py:3089} INFO - Sync 1 DAGs
[2026-03-29T12:22:18.619+0500] {logging_mixin.py:188} INFO - [2026-03-29T12:22:18.619+0500] {dag.py:3947} INFO - Setting next_dagrun for sales_etl_superstore to None, run_after=None
[2026-03-29T12:22:18.633+0500] {processor.py:183} INFO - Processing /home/abayturar/airflow-project/dags/sales_etl_superstore.py took 0.053 seconds
[2026-03-29T12:23:37.229+0500] {processor.py:161} INFO - Started process (PID=3307) to work on /home/abayturar/airflow-project/dags/sales_etl_superstore.py
[2026-03-29T12:23:37.230+0500] {processor.py:830} INFO - Processing file /home/abayturar/airflow-project/dags/sales_etl_superstore.py for tasks to queue
[2026-03-29T12:23:37.232+0500] {logging_mixin.py:188} INFO - [2026-03-29T12:23:37.232+0500] {dagbag.py:545} INFO - Filling up the DagBag from /home/abayturar/airflow-project/dags/sales_etl_superstore.py
[2026-03-29T12:23:37.239+0500] {processor.py:840} INFO - DAG(s) 'sales_etl_superstore' retrieved from /home/abayturar/airflow-project/dags/sales_etl_superstore.py
[2026-03-29T12:23:37.256+0500] {logging_mixin.py:188} INFO - [2026-03-29T12:23:37.256+0500] {dag.py:3089} INFO - Sync 1 DAGs
[2026-03-29T12:23:37.266+0500] {logging_mixin.py:188} INFO - [2026-03-29T12:23:37.266+0500] {dag.py:3947} INFO - Setting next_dagrun for sales_etl_superstore to None, run_after=None
[2026-03-29T12:23:37.282+0500] {processor.py:183} INFO - Processing /home/abayturar/airflow-project/dags/sales_etl_superstore.py took 0.061 seconds
[2026-03-29T12:24:56.833+0500] {processor.py:161} INFO - Started process (PID=3591) to work on /home/abayturar/airflow-project/dags/sales_etl_superstore.py
[2026-03-29T12:24:56.834+0500] {processor.py:830} INFO - Processing file /home/abayturar/airflow-project/dags/sales_etl_superstore.py for tasks to queue
[2026-03-29T12:24:56.836+0500] {logging_mixin.py:188} INFO - [2026-03-29T12:24:56.836+0500] {dagbag.py:545} INFO - Filling up the DagBag from /home/abayturar/airflow-project/dags/sales_etl_superstore.py
[2026-03-29T12:24:56.845+0500] {processor.py:840} INFO - DAG(s) 'sales_etl_superstore' retrieved from /home/abayturar/airflow-project/dags/sales_etl_superstore.py
[2026-03-29T12:24:56.861+0500] {logging_mixin.py:188} INFO - [2026-03-29T12:24:56.860+0500] {dag.py:3089} INFO - Sync 1 DAGs
[2026-03-29T12:24:56.870+0500] {logging_mixin.py:188} INFO - [2026-03-29T12:24:56.869+0500] {dag.py:3947} INFO - Setting next_dagrun for sales_etl_superstore to None, run_after=None
[2026-03-29T12:24:56.925+0500] {processor.py:183} INFO - Processing /home/abayturar/airflow-project/dags/sales_etl_superstore.py took 0.100 seconds
[2026-03-29T12:26:13.887+0500] {processor.py:161} INFO - Started process (PID=3912) to work on /home/abayturar/airflow-project/dags/sales_etl_superstore.py
[2026-03-29T12:26:13.889+0500] {processor.py:830} INFO - Processing file /home/abayturar/airflow-project/dags/sales_etl_superstore.py for tasks to queue
[2026-03-29T12:26:13.893+0500] {logging_mixin.py:188} INFO - [2026-03-29T12:26:13.893+0500] {dagbag.py:545} INFO - Filling up the DagBag from /home/abayturar/airflow-project/dags/sales_etl_superstore.py
[2026-03-29T12:26:13.902+0500] {processor.py:840} INFO - DAG(s) 'sales_etl_superstore' retrieved from /home/abayturar/airflow-project/dags/sales_etl_superstore.py
[2026-03-29T12:26:13.933+0500] {logging_mixin.py:188} INFO - [2026-03-29T12:26:13.933+0500] {dag.py:3089} INFO - Sync 1 DAGs
[2026-03-29T12:26:13.959+0500] {logging_mixin.py:188} INFO - [2026-03-29T12:26:13.958+0500] {dag.py:3947} INFO - Setting next_dagrun for sales_etl_superstore to None, run_after=None
[2026-03-29T12:26:14.020+0500] {processor.py:183} INFO - Processing /home/abayturar/airflow-project/dags/sales_etl_superstore.py took 0.142 seconds
