[2026-03-28T18:22:22.562+0500] {local_task_job_runner.py:120} INFO - ::group::Pre task execution logs
[2026-03-28T18:22:22.579+0500] {taskinstance.py:2076} INFO - Dependencies all met for dep_context=non-requeueable deps ti=<TaskInstance: sales_etl_superstore.load manual__2026-03-28T13:22:12.986463+00:00 [queued]>
[2026-03-28T18:22:22.583+0500] {taskinstance.py:2076} INFO - Dependencies all met for dep_context=requeueable deps ti=<TaskInstance: sales_etl_superstore.load manual__2026-03-28T13:22:12.986463+00:00 [queued]>
[2026-03-28T18:22:22.584+0500] {taskinstance.py:2306} INFO - Starting attempt 1 of 1
[2026-03-28T18:22:22.592+0500] {taskinstance.py:2330} INFO - Executing <Task(_PythonDecoratedOperator): load> on 2026-03-28 13:22:12.986463+00:00
[2026-03-28T18:22:22.610+0500] {standard_task_runner.py:64} INFO - Started process 18590 to run task
[2026-03-28T18:22:22.615+0500] {standard_task_runner.py:90} INFO - Running: ['airflow', 'tasks', 'run', 'sales_etl_superstore', 'load', 'manual__2026-03-28T13:22:12.986463+00:00', '--job-id', '9', '--raw', '--subdir', 'DAGS_FOLDER/sales_etl_superstore.py', '--cfg-path', '/tmp/tmpcl8jn8m7']
[2026-03-28T18:22:22.617+0500] {standard_task_runner.py:91} INFO - Job 9: Subtask load
[2026-03-28T18:22:22.653+0500] {task_command.py:426} INFO - Running <TaskInstance: sales_etl_superstore.load manual__2026-03-28T13:22:12.986463+00:00 [running]> on host DESKTOP-I2ADLC6.localdomain
[2026-03-28T18:22:22.698+0500] {taskinstance.py:2648} INFO - Exporting env vars: AIRFLOW_CTX_DAG_OWNER='airflow' AIRFLOW_CTX_DAG_ID='sales_etl_superstore' AIRFLOW_CTX_TASK_ID='load' AIRFLOW_CTX_EXECUTION_DATE='2026-03-28T13:22:12.986463+00:00' AIRFLOW_CTX_TRY_NUMBER='1' AIRFLOW_CTX_DAG_RUN_ID='manual__2026-03-28T13:22:12.986463+00:00'
[2026-03-28T18:22:22.699+0500] {taskinstance.py:430} INFO - ::endgroup::
[2026-03-28T18:22:22.701+0500] {logging_mixin.py:188} INFO - LOAD INPUT: /home/abayturar/airflow-project/data/processed/superstore_sales_processed.csv
[2026-03-28T18:22:22.701+0500] {logging_mixin.py:188} INFO - === LOAD START ===
[2026-03-28T18:22:22.703+0500] {logging_mixin.py:188} INFO - Using file: /home/abayturar/airflow-project/data/processed/superstore_sales_processed.csv
[2026-03-28T18:22:22.730+0500] {logging_mixin.py:188} INFO - Data shape (raw): (8399, 21)
[2026-03-28T18:22:22.807+0500] {logging_mixin.py:188} INFO - Max row_id in DB: 999200
[2026-03-28T18:22:22.811+0500] {logging_mixin.py:188} INFO - Rows to insert: (0, 21)
[2026-03-28T18:22:22.811+0500] {logging_mixin.py:188} INFO - No new rows. Skip.
[2026-03-28T18:22:22.812+0500] {logging_mixin.py:188} INFO - LOAD DONE
[2026-03-28T18:22:22.812+0500] {python.py:237} INFO - Done. Returned value was: None
[2026-03-28T18:22:22.812+0500] {taskinstance.py:441} INFO - ::group::Post task execution logs
[2026-03-28T18:22:22.815+0500] {taskinstance.py:1206} INFO - Marking task as SUCCESS. dag_id=sales_etl_superstore, task_id=load, run_id=manual__2026-03-28T13:22:12.986463+00:00, execution_date=20260328T132212, start_date=20260328T132222, end_date=20260328T132222
[2026-03-28T18:22:22.832+0500] {local_task_job_runner.py:243} INFO - Task exited with return code 0
[2026-03-28T18:22:22.844+0500] {taskinstance.py:3503} INFO - 0 downstream tasks scheduled from follow-on schedule check
[2026-03-28T18:22:22.844+0500] {local_task_job_runner.py:222} INFO - ::endgroup::
