[2026-03-29T12:01:33.250+0500] {processor.py:161} INFO - Started process (PID=32262) to work on /home/abayturar/airflow-project/venv/lib/python3.12/site-packages/airflow/example_dags/example_datasets.py
[2026-03-29T12:01:33.251+0500] {processor.py:830} INFO - Processing file /home/abayturar/airflow-project/venv/lib/python3.12/site-packages/airflow/example_dags/example_datasets.py for tasks to queue
[2026-03-29T12:01:33.253+0500] {logging_mixin.py:188} INFO - [2026-03-29T12:01:33.253+0500] {dagbag.py:545} INFO - Filling up the DagBag from /home/abayturar/airflow-project/venv/lib/python3.12/site-packages/airflow/example_dags/example_datasets.py
[2026-03-29T12:01:33.266+0500] {processor.py:840} INFO - DAG(s) 'dataset_consumes_1_and_2', 'dataset_produces_1', 'dataset_produces_2', 'conditional_dataset_and_time_based_timetable', 'consume_1_or_2_with_dataset_expressions', 'dataset_consumes_1_never_scheduled', 'dataset_consumes_unknown_never_scheduled', 'consume_1_or_both_2_and_3_with_dataset_expressions', 'consume_1_and_2_with_dataset_expressions', 'dataset_consumes_1' retrieved from /home/abayturar/airflow-project/venv/lib/python3.12/site-packages/airflow/example_dags/example_datasets.py
[2026-03-29T12:01:33.294+0500] {logging_mixin.py:188} INFO - [2026-03-29T12:01:33.293+0500] {dag.py:3089} INFO - Sync 10 DAGs
[2026-03-29T12:01:33.309+0500] {logging_mixin.py:188} INFO - [2026-03-29T12:01:33.309+0500] {dag.py:3947} INFO - Setting next_dagrun for conditional_dataset_and_time_based_timetable to 2026-03-25 01:00:00+00:00, run_after=2026-03-25 01:00:00+00:00
[2026-03-29T12:01:33.311+0500] {logging_mixin.py:188} INFO - [2026-03-29T12:01:33.311+0500] {dag.py:3947} INFO - Setting next_dagrun for consume_1_and_2_with_dataset_expressions to None, run_after=None
[2026-03-29T12:01:33.312+0500] {logging_mixin.py:188} INFO - [2026-03-29T12:01:33.311+0500] {dag.py:3947} INFO - Setting next_dagrun for consume_1_or_2_with_dataset_expressions to None, run_after=None
[2026-03-29T12:01:33.312+0500] {logging_mixin.py:188} INFO - [2026-03-29T12:01:33.312+0500] {dag.py:3947} INFO - Setting next_dagrun for consume_1_or_both_2_and_3_with_dataset_expressions to None, run_after=None
[2026-03-29T12:01:33.313+0500] {logging_mixin.py:188} INFO - [2026-03-29T12:01:33.313+0500] {dag.py:3947} INFO - Setting next_dagrun for dataset_consumes_1 to None, run_after=None
[2026-03-29T12:01:33.313+0500] {logging_mixin.py:188} INFO - [2026-03-29T12:01:33.313+0500] {dag.py:3947} INFO - Setting next_dagrun for dataset_consumes_1_and_2 to None, run_after=None
[2026-03-29T12:01:33.314+0500] {logging_mixin.py:188} INFO - [2026-03-29T12:01:33.314+0500] {dag.py:3947} INFO - Setting next_dagrun for dataset_consumes_1_never_scheduled to None, run_after=None
[2026-03-29T12:01:33.314+0500] {logging_mixin.py:188} INFO - [2026-03-29T12:01:33.314+0500] {dag.py:3947} INFO - Setting next_dagrun for dataset_consumes_unknown_never_scheduled to None, run_after=None
[2026-03-29T12:01:33.315+0500] {logging_mixin.py:188} INFO - [2026-03-29T12:01:33.315+0500] {dag.py:3947} INFO - Setting next_dagrun for dataset_produces_1 to 2026-03-28 00:00:00+00:00, run_after=2026-03-29 00:00:00+00:00
[2026-03-29T12:01:33.316+0500] {logging_mixin.py:188} INFO - [2026-03-29T12:01:33.315+0500] {dag.py:3947} INFO - Setting next_dagrun for dataset_produces_2 to None, run_after=None
[2026-03-29T12:01:33.338+0500] {processor.py:183} INFO - Processing /home/abayturar/airflow-project/venv/lib/python3.12/site-packages/airflow/example_dags/example_datasets.py took 0.093 seconds
[2026-03-29T12:02:32.375+0500] {processor.py:161} INFO - Started process (PID=32575) to work on /home/abayturar/airflow-project/venv/lib/python3.12/site-packages/airflow/example_dags/example_datasets.py
[2026-03-29T12:02:32.376+0500] {processor.py:830} INFO - Processing file /home/abayturar/airflow-project/venv/lib/python3.12/site-packages/airflow/example_dags/example_datasets.py for tasks to queue
[2026-03-29T12:02:32.378+0500] {logging_mixin.py:188} INFO - [2026-03-29T12:02:32.377+0500] {dagbag.py:545} INFO - Filling up the DagBag from /home/abayturar/airflow-project/venv/lib/python3.12/site-packages/airflow/example_dags/example_datasets.py
[2026-03-29T12:02:32.389+0500] {processor.py:840} INFO - DAG(s) 'dataset_consumes_unknown_never_scheduled', 'dataset_consumes_1', 'dataset_produces_2', 'dataset_consumes_1_never_scheduled', 'consume_1_or_2_with_dataset_expressions', 'conditional_dataset_and_time_based_timetable', 'consume_1_and_2_with_dataset_expressions', 'dataset_consumes_1_and_2', 'consume_1_or_both_2_and_3_with_dataset_expressions', 'dataset_produces_1' retrieved from /home/abayturar/airflow-project/venv/lib/python3.12/site-packages/airflow/example_dags/example_datasets.py
[2026-03-29T12:02:32.415+0500] {logging_mixin.py:188} INFO - [2026-03-29T12:02:32.415+0500] {dag.py:3089} INFO - Sync 10 DAGs
[2026-03-29T12:02:32.429+0500] {logging_mixin.py:188} INFO - [2026-03-29T12:02:32.429+0500] {dag.py:3947} INFO - Setting next_dagrun for conditional_dataset_and_time_based_timetable to 2026-03-25 01:00:00+00:00, run_after=2026-03-25 01:00:00+00:00
[2026-03-29T12:02:32.431+0500] {logging_mixin.py:188} INFO - [2026-03-29T12:02:32.431+0500] {dag.py:3947} INFO - Setting next_dagrun for consume_1_and_2_with_dataset_expressions to None, run_after=None
[2026-03-29T12:02:32.432+0500] {logging_mixin.py:188} INFO - [2026-03-29T12:02:32.432+0500] {dag.py:3947} INFO - Setting next_dagrun for consume_1_or_2_with_dataset_expressions to None, run_after=None
[2026-03-29T12:02:32.432+0500] {logging_mixin.py:188} INFO - [2026-03-29T12:02:32.432+0500] {dag.py:3947} INFO - Setting next_dagrun for consume_1_or_both_2_and_3_with_dataset_expressions to None, run_after=None
[2026-03-29T12:02:32.433+0500] {logging_mixin.py:188} INFO - [2026-03-29T12:02:32.433+0500] {dag.py:3947} INFO - Setting next_dagrun for dataset_consumes_1 to None, run_after=None
[2026-03-29T12:02:32.433+0500] {logging_mixin.py:188} INFO - [2026-03-29T12:02:32.433+0500] {dag.py:3947} INFO - Setting next_dagrun for dataset_consumes_1_and_2 to None, run_after=None
[2026-03-29T12:02:32.434+0500] {logging_mixin.py:188} INFO - [2026-03-29T12:02:32.434+0500] {dag.py:3947} INFO - Setting next_dagrun for dataset_consumes_1_never_scheduled to None, run_after=None
[2026-03-29T12:02:32.434+0500] {logging_mixin.py:188} INFO - [2026-03-29T12:02:32.434+0500] {dag.py:3947} INFO - Setting next_dagrun for dataset_consumes_unknown_never_scheduled to None, run_after=None
[2026-03-29T12:02:32.435+0500] {logging_mixin.py:188} INFO - [2026-03-29T12:02:32.435+0500] {dag.py:3947} INFO - Setting next_dagrun for dataset_produces_1 to 2026-03-28 00:00:00+00:00, run_after=2026-03-29 00:00:00+00:00
[2026-03-29T12:02:32.436+0500] {logging_mixin.py:188} INFO - [2026-03-29T12:02:32.436+0500] {dag.py:3947} INFO - Setting next_dagrun for dataset_produces_2 to None, run_after=None
[2026-03-29T12:02:32.457+0500] {processor.py:183} INFO - Processing /home/abayturar/airflow-project/venv/lib/python3.12/site-packages/airflow/example_dags/example_datasets.py took 0.087 seconds
[2026-03-29T12:06:26.166+0500] {processor.py:161} INFO - Started process (PID=136) to work on /home/abayturar/airflow-project/venv/lib/python3.12/site-packages/airflow/example_dags/example_datasets.py
[2026-03-29T12:06:26.227+0500] {processor.py:830} INFO - Processing file /home/abayturar/airflow-project/venv/lib/python3.12/site-packages/airflow/example_dags/example_datasets.py for tasks to queue
[2026-03-29T12:06:26.230+0500] {logging_mixin.py:188} INFO - [2026-03-29T12:06:26.229+0500] {dagbag.py:545} INFO - Filling up the DagBag from /home/abayturar/airflow-project/venv/lib/python3.12/site-packages/airflow/example_dags/example_datasets.py
[2026-03-29T12:06:26.250+0500] {processor.py:840} INFO - DAG(s) 'dataset_consumes_unknown_never_scheduled', 'dataset_consumes_1', 'consume_1_or_both_2_and_3_with_dataset_expressions', 'conditional_dataset_and_time_based_timetable', 'dataset_produces_1', 'consume_1_and_2_with_dataset_expressions', 'consume_1_or_2_with_dataset_expressions', 'dataset_produces_2', 'dataset_consumes_1_and_2', 'dataset_consumes_1_never_scheduled' retrieved from /home/abayturar/airflow-project/venv/lib/python3.12/site-packages/airflow/example_dags/example_datasets.py
[2026-03-29T12:06:26.296+0500] {logging_mixin.py:188} INFO - [2026-03-29T12:06:26.296+0500] {dag.py:3089} INFO - Sync 10 DAGs
[2026-03-29T12:06:26.335+0500] {logging_mixin.py:188} INFO - [2026-03-29T12:06:26.335+0500] {dag.py:3947} INFO - Setting next_dagrun for conditional_dataset_and_time_based_timetable to 2026-03-25 01:00:00+00:00, run_after=2026-03-25 01:00:00+00:00
[2026-03-29T12:06:26.339+0500] {logging_mixin.py:188} INFO - [2026-03-29T12:06:26.339+0500] {dag.py:3947} INFO - Setting next_dagrun for consume_1_and_2_with_dataset_expressions to None, run_after=None
[2026-03-29T12:06:26.340+0500] {logging_mixin.py:188} INFO - [2026-03-29T12:06:26.340+0500] {dag.py:3947} INFO - Setting next_dagrun for consume_1_or_2_with_dataset_expressions to None, run_after=None
[2026-03-29T12:06:26.341+0500] {logging_mixin.py:188} INFO - [2026-03-29T12:06:26.341+0500] {dag.py:3947} INFO - Setting next_dagrun for consume_1_or_both_2_and_3_with_dataset_expressions to None, run_after=None
[2026-03-29T12:06:26.342+0500] {logging_mixin.py:188} INFO - [2026-03-29T12:06:26.342+0500] {dag.py:3947} INFO - Setting next_dagrun for dataset_consumes_1 to None, run_after=None
[2026-03-29T12:06:26.343+0500] {logging_mixin.py:188} INFO - [2026-03-29T12:06:26.343+0500] {dag.py:3947} INFO - Setting next_dagrun for dataset_consumes_1_and_2 to None, run_after=None
[2026-03-29T12:06:26.344+0500] {logging_mixin.py:188} INFO - [2026-03-29T12:06:26.343+0500] {dag.py:3947} INFO - Setting next_dagrun for dataset_consumes_1_never_scheduled to None, run_after=None
[2026-03-29T12:06:26.345+0500] {logging_mixin.py:188} INFO - [2026-03-29T12:06:26.344+0500] {dag.py:3947} INFO - Setting next_dagrun for dataset_consumes_unknown_never_scheduled to None, run_after=None
[2026-03-29T12:06:26.347+0500] {logging_mixin.py:188} INFO - [2026-03-29T12:06:26.347+0500] {dag.py:3947} INFO - Setting next_dagrun for dataset_produces_1 to 2026-03-28 00:00:00+00:00, run_after=2026-03-29 00:00:00+00:00
[2026-03-29T12:06:26.348+0500] {logging_mixin.py:188} INFO - [2026-03-29T12:06:26.348+0500] {dag.py:3947} INFO - Setting next_dagrun for dataset_produces_2 to None, run_after=None
[2026-03-29T12:06:26.386+0500] {processor.py:183} INFO - Processing /home/abayturar/airflow-project/venv/lib/python3.12/site-packages/airflow/example_dags/example_datasets.py took 0.226 seconds
[2026-03-29T12:07:17.560+0500] {processor.py:161} INFO - Started process (PID=350) to work on /home/abayturar/airflow-project/venv/lib/python3.12/site-packages/airflow/example_dags/example_datasets.py
[2026-03-29T12:07:17.561+0500] {processor.py:830} INFO - Processing file /home/abayturar/airflow-project/venv/lib/python3.12/site-packages/airflow/example_dags/example_datasets.py for tasks to queue
[2026-03-29T12:07:17.563+0500] {logging_mixin.py:188} INFO - [2026-03-29T12:07:17.562+0500] {dagbag.py:545} INFO - Filling up the DagBag from /home/abayturar/airflow-project/venv/lib/python3.12/site-packages/airflow/example_dags/example_datasets.py
[2026-03-29T12:07:17.574+0500] {processor.py:840} INFO - DAG(s) 'dataset_consumes_1_and_2', 'dataset_consumes_unknown_never_scheduled', 'dataset_produces_1', 'conditional_dataset_and_time_based_timetable', 'consume_1_or_both_2_and_3_with_dataset_expressions', 'dataset_consumes_1_never_scheduled', 'dataset_produces_2', 'consume_1_and_2_with_dataset_expressions', 'consume_1_or_2_with_dataset_expressions', 'dataset_consumes_1' retrieved from /home/abayturar/airflow-project/venv/lib/python3.12/site-packages/airflow/example_dags/example_datasets.py
[2026-03-29T12:07:17.600+0500] {logging_mixin.py:188} INFO - [2026-03-29T12:07:17.600+0500] {dag.py:3089} INFO - Sync 10 DAGs
[2026-03-29T12:07:17.616+0500] {logging_mixin.py:188} INFO - [2026-03-29T12:07:17.615+0500] {dag.py:3947} INFO - Setting next_dagrun for conditional_dataset_and_time_based_timetable to 2026-03-25 01:00:00+00:00, run_after=2026-03-25 01:00:00+00:00
[2026-03-29T12:07:17.618+0500] {logging_mixin.py:188} INFO - [2026-03-29T12:07:17.618+0500] {dag.py:3947} INFO - Setting next_dagrun for consume_1_and_2_with_dataset_expressions to None, run_after=None
[2026-03-29T12:07:17.619+0500] {logging_mixin.py:188} INFO - [2026-03-29T12:07:17.619+0500] {dag.py:3947} INFO - Setting next_dagrun for consume_1_or_2_with_dataset_expressions to None, run_after=None
[2026-03-29T12:07:17.620+0500] {logging_mixin.py:188} INFO - [2026-03-29T12:07:17.620+0500] {dag.py:3947} INFO - Setting next_dagrun for consume_1_or_both_2_and_3_with_dataset_expressions to None, run_after=None
[2026-03-29T12:07:17.620+0500] {logging_mixin.py:188} INFO - [2026-03-29T12:07:17.620+0500] {dag.py:3947} INFO - Setting next_dagrun for dataset_consumes_1 to None, run_after=None
[2026-03-29T12:07:17.621+0500] {logging_mixin.py:188} INFO - [2026-03-29T12:07:17.621+0500] {dag.py:3947} INFO - Setting next_dagrun for dataset_consumes_1_and_2 to None, run_after=None
[2026-03-29T12:07:17.622+0500] {logging_mixin.py:188} INFO - [2026-03-29T12:07:17.622+0500] {dag.py:3947} INFO - Setting next_dagrun for dataset_consumes_1_never_scheduled to None, run_after=None
[2026-03-29T12:07:17.622+0500] {logging_mixin.py:188} INFO - [2026-03-29T12:07:17.622+0500] {dag.py:3947} INFO - Setting next_dagrun for dataset_consumes_unknown_never_scheduled to None, run_after=None
[2026-03-29T12:07:17.624+0500] {logging_mixin.py:188} INFO - [2026-03-29T12:07:17.624+0500] {dag.py:3947} INFO - Setting next_dagrun for dataset_produces_1 to 2026-03-28 00:00:00+00:00, run_after=2026-03-29 00:00:00+00:00
[2026-03-29T12:07:17.624+0500] {logging_mixin.py:188} INFO - [2026-03-29T12:07:17.624+0500] {dag.py:3947} INFO - Setting next_dagrun for dataset_produces_2 to None, run_after=None
[2026-03-29T12:07:17.684+0500] {processor.py:183} INFO - Processing /home/abayturar/airflow-project/venv/lib/python3.12/site-packages/airflow/example_dags/example_datasets.py took 0.130 seconds
[2026-03-29T12:08:29.386+0500] {processor.py:161} INFO - Started process (PID=648) to work on /home/abayturar/airflow-project/venv/lib/python3.12/site-packages/airflow/example_dags/example_datasets.py
[2026-03-29T12:08:29.386+0500] {processor.py:830} INFO - Processing file /home/abayturar/airflow-project/venv/lib/python3.12/site-packages/airflow/example_dags/example_datasets.py for tasks to queue
[2026-03-29T12:08:29.388+0500] {logging_mixin.py:188} INFO - [2026-03-29T12:08:29.388+0500] {dagbag.py:545} INFO - Filling up the DagBag from /home/abayturar/airflow-project/venv/lib/python3.12/site-packages/airflow/example_dags/example_datasets.py
[2026-03-29T12:08:29.399+0500] {processor.py:840} INFO - DAG(s) 'dataset_consumes_1', 'dataset_produces_1', 'dataset_consumes_1_and_2', 'conditional_dataset_and_time_based_timetable', 'dataset_consumes_unknown_never_scheduled', 'consume_1_or_both_2_and_3_with_dataset_expressions', 'dataset_consumes_1_never_scheduled', 'consume_1_or_2_with_dataset_expressions', 'dataset_produces_2', 'consume_1_and_2_with_dataset_expressions' retrieved from /home/abayturar/airflow-project/venv/lib/python3.12/site-packages/airflow/example_dags/example_datasets.py
[2026-03-29T12:08:29.424+0500] {logging_mixin.py:188} INFO - [2026-03-29T12:08:29.424+0500] {dag.py:3089} INFO - Sync 10 DAGs
[2026-03-29T12:08:29.439+0500] {logging_mixin.py:188} INFO - [2026-03-29T12:08:29.439+0500] {dag.py:3947} INFO - Setting next_dagrun for conditional_dataset_and_time_based_timetable to 2026-03-25 01:00:00+00:00, run_after=2026-03-25 01:00:00+00:00
[2026-03-29T12:08:29.441+0500] {logging_mixin.py:188} INFO - [2026-03-29T12:08:29.441+0500] {dag.py:3947} INFO - Setting next_dagrun for consume_1_and_2_with_dataset_expressions to None, run_after=None
[2026-03-29T12:08:29.441+0500] {logging_mixin.py:188} INFO - [2026-03-29T12:08:29.441+0500] {dag.py:3947} INFO - Setting next_dagrun for consume_1_or_2_with_dataset_expressions to None, run_after=None
[2026-03-29T12:08:29.442+0500] {logging_mixin.py:188} INFO - [2026-03-29T12:08:29.442+0500] {dag.py:3947} INFO - Setting next_dagrun for consume_1_or_both_2_and_3_with_dataset_expressions to None, run_after=None
[2026-03-29T12:08:29.442+0500] {logging_mixin.py:188} INFO - [2026-03-29T12:08:29.442+0500] {dag.py:3947} INFO - Setting next_dagrun for dataset_consumes_1 to None, run_after=None
[2026-03-29T12:08:29.443+0500] {logging_mixin.py:188} INFO - [2026-03-29T12:08:29.443+0500] {dag.py:3947} INFO - Setting next_dagrun for dataset_consumes_1_and_2 to None, run_after=None
[2026-03-29T12:08:29.443+0500] {logging_mixin.py:188} INFO - [2026-03-29T12:08:29.443+0500] {dag.py:3947} INFO - Setting next_dagrun for dataset_consumes_1_never_scheduled to None, run_after=None
[2026-03-29T12:08:29.444+0500] {logging_mixin.py:188} INFO - [2026-03-29T12:08:29.444+0500] {dag.py:3947} INFO - Setting next_dagrun for dataset_consumes_unknown_never_scheduled to None, run_after=None
[2026-03-29T12:08:29.445+0500] {logging_mixin.py:188} INFO - [2026-03-29T12:08:29.445+0500] {dag.py:3947} INFO - Setting next_dagrun for dataset_produces_1 to 2026-03-28 00:00:00+00:00, run_after=2026-03-29 00:00:00+00:00
[2026-03-29T12:08:29.446+0500] {logging_mixin.py:188} INFO - [2026-03-29T12:08:29.445+0500] {dag.py:3947} INFO - Setting next_dagrun for dataset_produces_2 to None, run_after=None
[2026-03-29T12:08:29.469+0500] {processor.py:183} INFO - Processing /home/abayturar/airflow-project/venv/lib/python3.12/site-packages/airflow/example_dags/example_datasets.py took 0.089 seconds
[2026-03-29T12:09:20.847+0500] {processor.py:161} INFO - Started process (PID=864) to work on /home/abayturar/airflow-project/venv/lib/python3.12/site-packages/airflow/example_dags/example_datasets.py
[2026-03-29T12:09:20.848+0500] {processor.py:830} INFO - Processing file /home/abayturar/airflow-project/venv/lib/python3.12/site-packages/airflow/example_dags/example_datasets.py for tasks to queue
[2026-03-29T12:09:20.849+0500] {logging_mixin.py:188} INFO - [2026-03-29T12:09:20.849+0500] {dagbag.py:545} INFO - Filling up the DagBag from /home/abayturar/airflow-project/venv/lib/python3.12/site-packages/airflow/example_dags/example_datasets.py
[2026-03-29T12:09:20.861+0500] {processor.py:840} INFO - DAG(s) 'consume_1_or_both_2_and_3_with_dataset_expressions', 'dataset_produces_1', 'dataset_consumes_1', 'consume_1_and_2_with_dataset_expressions', 'dataset_consumes_1_and_2', 'dataset_consumes_unknown_never_scheduled', 'conditional_dataset_and_time_based_timetable', 'dataset_consumes_1_never_scheduled', 'dataset_produces_2', 'consume_1_or_2_with_dataset_expressions' retrieved from /home/abayturar/airflow-project/venv/lib/python3.12/site-packages/airflow/example_dags/example_datasets.py
[2026-03-29T12:09:20.889+0500] {logging_mixin.py:188} INFO - [2026-03-29T12:09:20.889+0500] {dag.py:3089} INFO - Sync 10 DAGs
[2026-03-29T12:09:20.904+0500] {logging_mixin.py:188} INFO - [2026-03-29T12:09:20.904+0500] {dag.py:3947} INFO - Setting next_dagrun for conditional_dataset_and_time_based_timetable to 2026-03-25 01:00:00+00:00, run_after=2026-03-25 01:00:00+00:00
[2026-03-29T12:09:20.906+0500] {logging_mixin.py:188} INFO - [2026-03-29T12:09:20.906+0500] {dag.py:3947} INFO - Setting next_dagrun for consume_1_and_2_with_dataset_expressions to None, run_after=None
[2026-03-29T12:09:20.907+0500] {logging_mixin.py:188} INFO - [2026-03-29T12:09:20.906+0500] {dag.py:3947} INFO - Setting next_dagrun for consume_1_or_2_with_dataset_expressions to None, run_after=None
[2026-03-29T12:09:20.907+0500] {logging_mixin.py:188} INFO - [2026-03-29T12:09:20.907+0500] {dag.py:3947} INFO - Setting next_dagrun for consume_1_or_both_2_and_3_with_dataset_expressions to None, run_after=None
[2026-03-29T12:09:20.908+0500] {logging_mixin.py:188} INFO - [2026-03-29T12:09:20.908+0500] {dag.py:3947} INFO - Setting next_dagrun for dataset_consumes_1 to None, run_after=None
[2026-03-29T12:09:20.908+0500] {logging_mixin.py:188} INFO - [2026-03-29T12:09:20.908+0500] {dag.py:3947} INFO - Setting next_dagrun for dataset_consumes_1_and_2 to None, run_after=None
[2026-03-29T12:09:20.909+0500] {logging_mixin.py:188} INFO - [2026-03-29T12:09:20.909+0500] {dag.py:3947} INFO - Setting next_dagrun for dataset_consumes_1_never_scheduled to None, run_after=None
[2026-03-29T12:09:20.909+0500] {logging_mixin.py:188} INFO - [2026-03-29T12:09:20.909+0500] {dag.py:3947} INFO - Setting next_dagrun for dataset_consumes_unknown_never_scheduled to None, run_after=None
[2026-03-29T12:09:20.910+0500] {logging_mixin.py:188} INFO - [2026-03-29T12:09:20.910+0500] {dag.py:3947} INFO - Setting next_dagrun for dataset_produces_1 to 2026-03-28 00:00:00+00:00, run_after=2026-03-29 00:00:00+00:00
[2026-03-29T12:09:20.911+0500] {logging_mixin.py:188} INFO - [2026-03-29T12:09:20.911+0500] {dag.py:3947} INFO - Setting next_dagrun for dataset_produces_2 to None, run_after=None
[2026-03-29T12:09:20.970+0500] {processor.py:183} INFO - Processing /home/abayturar/airflow-project/venv/lib/python3.12/site-packages/airflow/example_dags/example_datasets.py took 0.129 seconds
[2026-03-29T12:10:11.296+0500] {processor.py:161} INFO - Started process (PID=1002) to work on /home/abayturar/airflow-project/venv/lib/python3.12/site-packages/airflow/example_dags/example_datasets.py
[2026-03-29T12:10:11.297+0500] {processor.py:830} INFO - Processing file /home/abayturar/airflow-project/venv/lib/python3.12/site-packages/airflow/example_dags/example_datasets.py for tasks to queue
[2026-03-29T12:10:11.298+0500] {logging_mixin.py:188} INFO - [2026-03-29T12:10:11.298+0500] {dagbag.py:545} INFO - Filling up the DagBag from /home/abayturar/airflow-project/venv/lib/python3.12/site-packages/airflow/example_dags/example_datasets.py
[2026-03-29T12:10:11.309+0500] {processor.py:840} INFO - DAG(s) 'consume_1_or_both_2_and_3_with_dataset_expressions', 'consume_1_and_2_with_dataset_expressions', 'dataset_produces_2', 'dataset_produces_1', 'consume_1_or_2_with_dataset_expressions', 'conditional_dataset_and_time_based_timetable', 'dataset_consumes_1_and_2', 'dataset_consumes_1', 'dataset_consumes_1_never_scheduled', 'dataset_consumes_unknown_never_scheduled' retrieved from /home/abayturar/airflow-project/venv/lib/python3.12/site-packages/airflow/example_dags/example_datasets.py
[2026-03-29T12:10:11.336+0500] {logging_mixin.py:188} INFO - [2026-03-29T12:10:11.335+0500] {dag.py:3089} INFO - Sync 10 DAGs
[2026-03-29T12:10:11.350+0500] {logging_mixin.py:188} INFO - [2026-03-29T12:10:11.350+0500] {dag.py:3947} INFO - Setting next_dagrun for conditional_dataset_and_time_based_timetable to 2026-03-25 01:00:00+00:00, run_after=2026-03-25 01:00:00+00:00
[2026-03-29T12:10:11.352+0500] {logging_mixin.py:188} INFO - [2026-03-29T12:10:11.352+0500] {dag.py:3947} INFO - Setting next_dagrun for consume_1_and_2_with_dataset_expressions to None, run_after=None
[2026-03-29T12:10:11.352+0500] {logging_mixin.py:188} INFO - [2026-03-29T12:10:11.352+0500] {dag.py:3947} INFO - Setting next_dagrun for consume_1_or_2_with_dataset_expressions to None, run_after=None
[2026-03-29T12:10:11.353+0500] {logging_mixin.py:188} INFO - [2026-03-29T12:10:11.353+0500] {dag.py:3947} INFO - Setting next_dagrun for consume_1_or_both_2_and_3_with_dataset_expressions to None, run_after=None
[2026-03-29T12:10:11.354+0500] {logging_mixin.py:188} INFO - [2026-03-29T12:10:11.353+0500] {dag.py:3947} INFO - Setting next_dagrun for dataset_consumes_1 to None, run_after=None
[2026-03-29T12:10:11.354+0500] {logging_mixin.py:188} INFO - [2026-03-29T12:10:11.354+0500] {dag.py:3947} INFO - Setting next_dagrun for dataset_consumes_1_and_2 to None, run_after=None
[2026-03-29T12:10:11.355+0500] {logging_mixin.py:188} INFO - [2026-03-29T12:10:11.354+0500] {dag.py:3947} INFO - Setting next_dagrun for dataset_consumes_1_never_scheduled to None, run_after=None
[2026-03-29T12:10:11.355+0500] {logging_mixin.py:188} INFO - [2026-03-29T12:10:11.355+0500] {dag.py:3947} INFO - Setting next_dagrun for dataset_consumes_unknown_never_scheduled to None, run_after=None
[2026-03-29T12:10:11.356+0500] {logging_mixin.py:188} INFO - [2026-03-29T12:10:11.356+0500] {dag.py:3947} INFO - Setting next_dagrun for dataset_produces_1 to 2026-03-28 00:00:00+00:00, run_after=2026-03-29 00:00:00+00:00
[2026-03-29T12:10:11.357+0500] {logging_mixin.py:188} INFO - [2026-03-29T12:10:11.357+0500] {dag.py:3947} INFO - Setting next_dagrun for dataset_produces_2 to None, run_after=None
[2026-03-29T12:10:11.379+0500] {processor.py:183} INFO - Processing /home/abayturar/airflow-project/venv/lib/python3.12/site-packages/airflow/example_dags/example_datasets.py took 0.089 seconds
[2026-03-29T12:11:23.870+0500] {processor.py:161} INFO - Started process (PID=1190) to work on /home/abayturar/airflow-project/venv/lib/python3.12/site-packages/airflow/example_dags/example_datasets.py
[2026-03-29T12:11:23.871+0500] {processor.py:830} INFO - Processing file /home/abayturar/airflow-project/venv/lib/python3.12/site-packages/airflow/example_dags/example_datasets.py for tasks to queue
[2026-03-29T12:11:23.873+0500] {logging_mixin.py:188} INFO - [2026-03-29T12:11:23.872+0500] {dagbag.py:545} INFO - Filling up the DagBag from /home/abayturar/airflow-project/venv/lib/python3.12/site-packages/airflow/example_dags/example_datasets.py
[2026-03-29T12:11:23.884+0500] {processor.py:840} INFO - DAG(s) 'dataset_produces_1', 'dataset_produces_2', 'consume_1_and_2_with_dataset_expressions', 'dataset_consumes_1_never_scheduled', 'consume_1_or_both_2_and_3_with_dataset_expressions', 'dataset_consumes_1', 'dataset_consumes_unknown_never_scheduled', 'conditional_dataset_and_time_based_timetable', 'dataset_consumes_1_and_2', 'consume_1_or_2_with_dataset_expressions' retrieved from /home/abayturar/airflow-project/venv/lib/python3.12/site-packages/airflow/example_dags/example_datasets.py
[2026-03-29T12:11:23.910+0500] {logging_mixin.py:188} INFO - [2026-03-29T12:11:23.909+0500] {dag.py:3089} INFO - Sync 10 DAGs
[2026-03-29T12:11:23.925+0500] {logging_mixin.py:188} INFO - [2026-03-29T12:11:23.925+0500] {dag.py:3947} INFO - Setting next_dagrun for conditional_dataset_and_time_based_timetable to 2026-03-25 01:00:00+00:00, run_after=2026-03-25 01:00:00+00:00
[2026-03-29T12:11:23.927+0500] {logging_mixin.py:188} INFO - [2026-03-29T12:11:23.927+0500] {dag.py:3947} INFO - Setting next_dagrun for consume_1_and_2_with_dataset_expressions to None, run_after=None
[2026-03-29T12:11:23.928+0500] {logging_mixin.py:188} INFO - [2026-03-29T12:11:23.928+0500] {dag.py:3947} INFO - Setting next_dagrun for consume_1_or_2_with_dataset_expressions to None, run_after=None
[2026-03-29T12:11:23.928+0500] {logging_mixin.py:188} INFO - [2026-03-29T12:11:23.928+0500] {dag.py:3947} INFO - Setting next_dagrun for consume_1_or_both_2_and_3_with_dataset_expressions to None, run_after=None
[2026-03-29T12:11:23.929+0500] {logging_mixin.py:188} INFO - [2026-03-29T12:11:23.929+0500] {dag.py:3947} INFO - Setting next_dagrun for dataset_consumes_1 to None, run_after=None
[2026-03-29T12:11:23.929+0500] {logging_mixin.py:188} INFO - [2026-03-29T12:11:23.929+0500] {dag.py:3947} INFO - Setting next_dagrun for dataset_consumes_1_and_2 to None, run_after=None
[2026-03-29T12:11:23.930+0500] {logging_mixin.py:188} INFO - [2026-03-29T12:11:23.930+0500] {dag.py:3947} INFO - Setting next_dagrun for dataset_consumes_1_never_scheduled to None, run_after=None
[2026-03-29T12:11:23.930+0500] {logging_mixin.py:188} INFO - [2026-03-29T12:11:23.930+0500] {dag.py:3947} INFO - Setting next_dagrun for dataset_consumes_unknown_never_scheduled to None, run_after=None
[2026-03-29T12:11:23.932+0500] {logging_mixin.py:188} INFO - [2026-03-29T12:11:23.932+0500] {dag.py:3947} INFO - Setting next_dagrun for dataset_produces_1 to 2026-03-28 00:00:00+00:00, run_after=2026-03-29 00:00:00+00:00
[2026-03-29T12:11:23.932+0500] {logging_mixin.py:188} INFO - [2026-03-29T12:11:23.932+0500] {dag.py:3947} INFO - Setting next_dagrun for dataset_produces_2 to None, run_after=None
[2026-03-29T12:11:23.993+0500] {processor.py:183} INFO - Processing /home/abayturar/airflow-project/venv/lib/python3.12/site-packages/airflow/example_dags/example_datasets.py took 0.129 seconds
[2026-03-29T12:12:15.607+0500] {processor.py:161} INFO - Started process (PID=1325) to work on /home/abayturar/airflow-project/venv/lib/python3.12/site-packages/airflow/example_dags/example_datasets.py
[2026-03-29T12:12:15.608+0500] {processor.py:830} INFO - Processing file /home/abayturar/airflow-project/venv/lib/python3.12/site-packages/airflow/example_dags/example_datasets.py for tasks to queue
[2026-03-29T12:12:15.610+0500] {logging_mixin.py:188} INFO - [2026-03-29T12:12:15.609+0500] {dagbag.py:545} INFO - Filling up the DagBag from /home/abayturar/airflow-project/venv/lib/python3.12/site-packages/airflow/example_dags/example_datasets.py
[2026-03-29T12:12:15.621+0500] {processor.py:840} INFO - DAG(s) 'dataset_produces_2', 'dataset_consumes_1_never_scheduled', 'dataset_consumes_1', 'consume_1_and_2_with_dataset_expressions', 'consume_1_or_both_2_and_3_with_dataset_expressions', 'conditional_dataset_and_time_based_timetable', 'consume_1_or_2_with_dataset_expressions', 'dataset_consumes_unknown_never_scheduled', 'dataset_consumes_1_and_2', 'dataset_produces_1' retrieved from /home/abayturar/airflow-project/venv/lib/python3.12/site-packages/airflow/example_dags/example_datasets.py
[2026-03-29T12:12:15.651+0500] {logging_mixin.py:188} INFO - [2026-03-29T12:12:15.651+0500] {dag.py:3089} INFO - Sync 10 DAGs
[2026-03-29T12:12:15.669+0500] {logging_mixin.py:188} INFO - [2026-03-29T12:12:15.668+0500] {dag.py:3947} INFO - Setting next_dagrun for conditional_dataset_and_time_based_timetable to 2026-03-25 01:00:00+00:00, run_after=2026-03-25 01:00:00+00:00
[2026-03-29T12:12:15.671+0500] {logging_mixin.py:188} INFO - [2026-03-29T12:12:15.670+0500] {dag.py:3947} INFO - Setting next_dagrun for consume_1_and_2_with_dataset_expressions to None, run_after=None
[2026-03-29T12:12:15.671+0500] {logging_mixin.py:188} INFO - [2026-03-29T12:12:15.671+0500] {dag.py:3947} INFO - Setting next_dagrun for consume_1_or_2_with_dataset_expressions to None, run_after=None
[2026-03-29T12:12:15.672+0500] {logging_mixin.py:188} INFO - [2026-03-29T12:12:15.672+0500] {dag.py:3947} INFO - Setting next_dagrun for consume_1_or_both_2_and_3_with_dataset_expressions to None, run_after=None
[2026-03-29T12:12:15.672+0500] {logging_mixin.py:188} INFO - [2026-03-29T12:12:15.672+0500] {dag.py:3947} INFO - Setting next_dagrun for dataset_consumes_1 to None, run_after=None
[2026-03-29T12:12:15.673+0500] {logging_mixin.py:188} INFO - [2026-03-29T12:12:15.673+0500] {dag.py:3947} INFO - Setting next_dagrun for dataset_consumes_1_and_2 to None, run_after=None
[2026-03-29T12:12:15.673+0500] {logging_mixin.py:188} INFO - [2026-03-29T12:12:15.673+0500] {dag.py:3947} INFO - Setting next_dagrun for dataset_consumes_1_never_scheduled to None, run_after=None
[2026-03-29T12:12:15.674+0500] {logging_mixin.py:188} INFO - [2026-03-29T12:12:15.674+0500] {dag.py:3947} INFO - Setting next_dagrun for dataset_consumes_unknown_never_scheduled to None, run_after=None
[2026-03-29T12:12:15.675+0500] {logging_mixin.py:188} INFO - [2026-03-29T12:12:15.675+0500] {dag.py:3947} INFO - Setting next_dagrun for dataset_produces_1 to 2026-03-28 00:00:00+00:00, run_after=2026-03-29 00:00:00+00:00
[2026-03-29T12:12:15.676+0500] {logging_mixin.py:188} INFO - [2026-03-29T12:12:15.676+0500] {dag.py:3947} INFO - Setting next_dagrun for dataset_produces_2 to None, run_after=None
[2026-03-29T12:12:15.698+0500] {processor.py:183} INFO - Processing /home/abayturar/airflow-project/venv/lib/python3.12/site-packages/airflow/example_dags/example_datasets.py took 0.098 seconds
[2026-03-29T12:13:06.755+0500] {processor.py:161} INFO - Started process (PID=1460) to work on /home/abayturar/airflow-project/venv/lib/python3.12/site-packages/airflow/example_dags/example_datasets.py
[2026-03-29T12:13:06.756+0500] {processor.py:830} INFO - Processing file /home/abayturar/airflow-project/venv/lib/python3.12/site-packages/airflow/example_dags/example_datasets.py for tasks to queue
[2026-03-29T12:13:06.758+0500] {logging_mixin.py:188} INFO - [2026-03-29T12:13:06.757+0500] {dagbag.py:545} INFO - Filling up the DagBag from /home/abayturar/airflow-project/venv/lib/python3.12/site-packages/airflow/example_dags/example_datasets.py
[2026-03-29T12:13:06.769+0500] {processor.py:840} INFO - DAG(s) 'conditional_dataset_and_time_based_timetable', 'dataset_produces_2', 'consume_1_or_2_with_dataset_expressions', 'dataset_produces_1', 'dataset_consumes_1_and_2', 'dataset_consumes_1', 'dataset_consumes_1_never_scheduled', 'dataset_consumes_unknown_never_scheduled', 'consume_1_or_both_2_and_3_with_dataset_expressions', 'consume_1_and_2_with_dataset_expressions' retrieved from /home/abayturar/airflow-project/venv/lib/python3.12/site-packages/airflow/example_dags/example_datasets.py
[2026-03-29T12:13:06.796+0500] {logging_mixin.py:188} INFO - [2026-03-29T12:13:06.796+0500] {dag.py:3089} INFO - Sync 10 DAGs
[2026-03-29T12:13:06.897+0500] {logging_mixin.py:188} INFO - [2026-03-29T12:13:06.897+0500] {dag.py:3947} INFO - Setting next_dagrun for conditional_dataset_and_time_based_timetable to 2026-03-25 01:00:00+00:00, run_after=2026-03-25 01:00:00+00:00
[2026-03-29T12:13:06.899+0500] {logging_mixin.py:188} INFO - [2026-03-29T12:13:06.899+0500] {dag.py:3947} INFO - Setting next_dagrun for consume_1_and_2_with_dataset_expressions to None, run_after=None
[2026-03-29T12:13:06.900+0500] {logging_mixin.py:188} INFO - [2026-03-29T12:13:06.900+0500] {dag.py:3947} INFO - Setting next_dagrun for consume_1_or_2_with_dataset_expressions to None, run_after=None
[2026-03-29T12:13:06.900+0500] {logging_mixin.py:188} INFO - [2026-03-29T12:13:06.900+0500] {dag.py:3947} INFO - Setting next_dagrun for consume_1_or_both_2_and_3_with_dataset_expressions to None, run_after=None
[2026-03-29T12:13:06.901+0500] {logging_mixin.py:188} INFO - [2026-03-29T12:13:06.901+0500] {dag.py:3947} INFO - Setting next_dagrun for dataset_consumes_1 to None, run_after=None
[2026-03-29T12:13:06.901+0500] {logging_mixin.py:188} INFO - [2026-03-29T12:13:06.901+0500] {dag.py:3947} INFO - Setting next_dagrun for dataset_consumes_1_and_2 to None, run_after=None
[2026-03-29T12:13:06.902+0500] {logging_mixin.py:188} INFO - [2026-03-29T12:13:06.902+0500] {dag.py:3947} INFO - Setting next_dagrun for dataset_consumes_1_never_scheduled to None, run_after=None
[2026-03-29T12:13:06.902+0500] {logging_mixin.py:188} INFO - [2026-03-29T12:13:06.902+0500] {dag.py:3947} INFO - Setting next_dagrun for dataset_consumes_unknown_never_scheduled to None, run_after=None
[2026-03-29T12:13:06.904+0500] {logging_mixin.py:188} INFO - [2026-03-29T12:13:06.903+0500] {dag.py:3947} INFO - Setting next_dagrun for dataset_produces_1 to 2026-03-28 00:00:00+00:00, run_after=2026-03-29 00:00:00+00:00
[2026-03-29T12:13:06.904+0500] {logging_mixin.py:188} INFO - [2026-03-29T12:13:06.904+0500] {dag.py:3947} INFO - Setting next_dagrun for dataset_produces_2 to None, run_after=None
[2026-03-29T12:13:06.961+0500] {processor.py:183} INFO - Processing /home/abayturar/airflow-project/venv/lib/python3.12/site-packages/airflow/example_dags/example_datasets.py took 0.212 seconds
[2026-03-29T12:14:21.494+0500] {processor.py:161} INFO - Started process (PID=1659) to work on /home/abayturar/airflow-project/venv/lib/python3.12/site-packages/airflow/example_dags/example_datasets.py
[2026-03-29T12:14:21.495+0500] {processor.py:830} INFO - Processing file /home/abayturar/airflow-project/venv/lib/python3.12/site-packages/airflow/example_dags/example_datasets.py for tasks to queue
[2026-03-29T12:14:21.497+0500] {logging_mixin.py:188} INFO - [2026-03-29T12:14:21.496+0500] {dagbag.py:545} INFO - Filling up the DagBag from /home/abayturar/airflow-project/venv/lib/python3.12/site-packages/airflow/example_dags/example_datasets.py
[2026-03-29T12:14:21.508+0500] {processor.py:840} INFO - DAG(s) 'dataset_consumes_1', 'consume_1_or_2_with_dataset_expressions', 'dataset_consumes_1_never_scheduled', 'consume_1_and_2_with_dataset_expressions', 'dataset_consumes_unknown_never_scheduled', 'conditional_dataset_and_time_based_timetable', 'dataset_produces_1', 'dataset_produces_2', 'dataset_consumes_1_and_2', 'consume_1_or_both_2_and_3_with_dataset_expressions' retrieved from /home/abayturar/airflow-project/venv/lib/python3.12/site-packages/airflow/example_dags/example_datasets.py
[2026-03-29T12:14:21.536+0500] {logging_mixin.py:188} INFO - [2026-03-29T12:14:21.536+0500] {dag.py:3089} INFO - Sync 10 DAGs
[2026-03-29T12:14:21.637+0500] {logging_mixin.py:188} INFO - [2026-03-29T12:14:21.637+0500] {dag.py:3947} INFO - Setting next_dagrun for conditional_dataset_and_time_based_timetable to 2026-03-25 01:00:00+00:00, run_after=2026-03-25 01:00:00+00:00
[2026-03-29T12:14:21.639+0500] {logging_mixin.py:188} INFO - [2026-03-29T12:14:21.639+0500] {dag.py:3947} INFO - Setting next_dagrun for consume_1_and_2_with_dataset_expressions to None, run_after=None
[2026-03-29T12:14:21.640+0500] {logging_mixin.py:188} INFO - [2026-03-29T12:14:21.639+0500] {dag.py:3947} INFO - Setting next_dagrun for consume_1_or_2_with_dataset_expressions to None, run_after=None
[2026-03-29T12:14:21.640+0500] {logging_mixin.py:188} INFO - [2026-03-29T12:14:21.640+0500] {dag.py:3947} INFO - Setting next_dagrun for consume_1_or_both_2_and_3_with_dataset_expressions to None, run_after=None
[2026-03-29T12:14:21.640+0500] {logging_mixin.py:188} INFO - [2026-03-29T12:14:21.640+0500] {dag.py:3947} INFO - Setting next_dagrun for dataset_consumes_1 to None, run_after=None
[2026-03-29T12:14:21.641+0500] {logging_mixin.py:188} INFO - [2026-03-29T12:14:21.641+0500] {dag.py:3947} INFO - Setting next_dagrun for dataset_consumes_1_and_2 to None, run_after=None
[2026-03-29T12:14:21.642+0500] {logging_mixin.py:188} INFO - [2026-03-29T12:14:21.642+0500] {dag.py:3947} INFO - Setting next_dagrun for dataset_consumes_1_never_scheduled to None, run_after=None
[2026-03-29T12:14:21.642+0500] {logging_mixin.py:188} INFO - [2026-03-29T12:14:21.642+0500] {dag.py:3947} INFO - Setting next_dagrun for dataset_consumes_unknown_never_scheduled to None, run_after=None
[2026-03-29T12:14:21.644+0500] {logging_mixin.py:188} INFO - [2026-03-29T12:14:21.644+0500] {dag.py:3947} INFO - Setting next_dagrun for dataset_produces_1 to 2026-03-28 00:00:00+00:00, run_after=2026-03-29 00:00:00+00:00
[2026-03-29T12:14:21.645+0500] {logging_mixin.py:188} INFO - [2026-03-29T12:14:21.645+0500] {dag.py:3947} INFO - Setting next_dagrun for dataset_produces_2 to None, run_after=None
[2026-03-29T12:14:21.706+0500] {processor.py:183} INFO - Processing /home/abayturar/airflow-project/venv/lib/python3.12/site-packages/airflow/example_dags/example_datasets.py took 0.218 seconds
[2026-03-29T12:15:14.723+0500] {processor.py:161} INFO - Started process (PID=1798) to work on /home/abayturar/airflow-project/venv/lib/python3.12/site-packages/airflow/example_dags/example_datasets.py
[2026-03-29T12:15:14.724+0500] {processor.py:830} INFO - Processing file /home/abayturar/airflow-project/venv/lib/python3.12/site-packages/airflow/example_dags/example_datasets.py for tasks to queue
[2026-03-29T12:15:14.725+0500] {logging_mixin.py:188} INFO - [2026-03-29T12:15:14.725+0500] {dagbag.py:545} INFO - Filling up the DagBag from /home/abayturar/airflow-project/venv/lib/python3.12/site-packages/airflow/example_dags/example_datasets.py
[2026-03-29T12:15:14.736+0500] {processor.py:840} INFO - DAG(s) 'consume_1_or_both_2_and_3_with_dataset_expressions', 'dataset_consumes_1_never_scheduled', 'conditional_dataset_and_time_based_timetable', 'dataset_produces_1', 'consume_1_or_2_with_dataset_expressions', 'dataset_produces_2', 'consume_1_and_2_with_dataset_expressions', 'dataset_consumes_1_and_2', 'dataset_consumes_1', 'dataset_consumes_unknown_never_scheduled' retrieved from /home/abayturar/airflow-project/venv/lib/python3.12/site-packages/airflow/example_dags/example_datasets.py
[2026-03-29T12:15:14.762+0500] {logging_mixin.py:188} INFO - [2026-03-29T12:15:14.762+0500] {dag.py:3089} INFO - Sync 10 DAGs
[2026-03-29T12:15:14.776+0500] {logging_mixin.py:188} INFO - [2026-03-29T12:15:14.776+0500] {dag.py:3947} INFO - Setting next_dagrun for conditional_dataset_and_time_based_timetable to 2026-03-25 01:00:00+00:00, run_after=2026-03-25 01:00:00+00:00
[2026-03-29T12:15:14.778+0500] {logging_mixin.py:188} INFO - [2026-03-29T12:15:14.778+0500] {dag.py:3947} INFO - Setting next_dagrun for consume_1_and_2_with_dataset_expressions to None, run_after=None
[2026-03-29T12:15:14.779+0500] {logging_mixin.py:188} INFO - [2026-03-29T12:15:14.778+0500] {dag.py:3947} INFO - Setting next_dagrun for consume_1_or_2_with_dataset_expressions to None, run_after=None
[2026-03-29T12:15:14.779+0500] {logging_mixin.py:188} INFO - [2026-03-29T12:15:14.779+0500] {dag.py:3947} INFO - Setting next_dagrun for consume_1_or_both_2_and_3_with_dataset_expressions to None, run_after=None
[2026-03-29T12:15:14.780+0500] {logging_mixin.py:188} INFO - [2026-03-29T12:15:14.780+0500] {dag.py:3947} INFO - Setting next_dagrun for dataset_consumes_1 to None, run_after=None
[2026-03-29T12:15:14.781+0500] {logging_mixin.py:188} INFO - [2026-03-29T12:15:14.781+0500] {dag.py:3947} INFO - Setting next_dagrun for dataset_consumes_1_and_2 to None, run_after=None
[2026-03-29T12:15:14.781+0500] {logging_mixin.py:188} INFO - [2026-03-29T12:15:14.781+0500] {dag.py:3947} INFO - Setting next_dagrun for dataset_consumes_1_never_scheduled to None, run_after=None
[2026-03-29T12:15:14.782+0500] {logging_mixin.py:188} INFO - [2026-03-29T12:15:14.782+0500] {dag.py:3947} INFO - Setting next_dagrun for dataset_consumes_unknown_never_scheduled to None, run_after=None
[2026-03-29T12:15:14.783+0500] {logging_mixin.py:188} INFO - [2026-03-29T12:15:14.783+0500] {dag.py:3947} INFO - Setting next_dagrun for dataset_produces_1 to 2026-03-28 00:00:00+00:00, run_after=2026-03-29 00:00:00+00:00
[2026-03-29T12:15:14.783+0500] {logging_mixin.py:188} INFO - [2026-03-29T12:15:14.783+0500] {dag.py:3947} INFO - Setting next_dagrun for dataset_produces_2 to None, run_after=None
[2026-03-29T12:15:14.909+0500] {processor.py:183} INFO - Processing /home/abayturar/airflow-project/venv/lib/python3.12/site-packages/airflow/example_dags/example_datasets.py took 0.192 seconds
[2026-03-29T12:16:08.980+0500] {processor.py:161} INFO - Started process (PID=1940) to work on /home/abayturar/airflow-project/venv/lib/python3.12/site-packages/airflow/example_dags/example_datasets.py
[2026-03-29T12:16:08.981+0500] {processor.py:830} INFO - Processing file /home/abayturar/airflow-project/venv/lib/python3.12/site-packages/airflow/example_dags/example_datasets.py for tasks to queue
[2026-03-29T12:16:08.982+0500] {logging_mixin.py:188} INFO - [2026-03-29T12:16:08.982+0500] {dagbag.py:545} INFO - Filling up the DagBag from /home/abayturar/airflow-project/venv/lib/python3.12/site-packages/airflow/example_dags/example_datasets.py
[2026-03-29T12:16:08.994+0500] {processor.py:840} INFO - DAG(s) 'dataset_consumes_unknown_never_scheduled', 'conditional_dataset_and_time_based_timetable', 'dataset_produces_1', 'dataset_consumes_1_and_2', 'consume_1_or_2_with_dataset_expressions', 'consume_1_or_both_2_and_3_with_dataset_expressions', 'dataset_consumes_1', 'dataset_consumes_1_never_scheduled', 'dataset_produces_2', 'consume_1_and_2_with_dataset_expressions' retrieved from /home/abayturar/airflow-project/venv/lib/python3.12/site-packages/airflow/example_dags/example_datasets.py
[2026-03-29T12:16:09.020+0500] {logging_mixin.py:188} INFO - [2026-03-29T12:16:09.020+0500] {dag.py:3089} INFO - Sync 10 DAGs
[2026-03-29T12:16:09.034+0500] {logging_mixin.py:188} INFO - [2026-03-29T12:16:09.034+0500] {dag.py:3947} INFO - Setting next_dagrun for conditional_dataset_and_time_based_timetable to 2026-03-25 01:00:00+00:00, run_after=2026-03-25 01:00:00+00:00
[2026-03-29T12:16:09.036+0500] {logging_mixin.py:188} INFO - [2026-03-29T12:16:09.036+0500] {dag.py:3947} INFO - Setting next_dagrun for consume_1_and_2_with_dataset_expressions to None, run_after=None
[2026-03-29T12:16:09.037+0500] {logging_mixin.py:188} INFO - [2026-03-29T12:16:09.037+0500] {dag.py:3947} INFO - Setting next_dagrun for consume_1_or_2_with_dataset_expressions to None, run_after=None
[2026-03-29T12:16:09.037+0500] {logging_mixin.py:188} INFO - [2026-03-29T12:16:09.037+0500] {dag.py:3947} INFO - Setting next_dagrun for consume_1_or_both_2_and_3_with_dataset_expressions to None, run_after=None
[2026-03-29T12:16:09.038+0500] {logging_mixin.py:188} INFO - [2026-03-29T12:16:09.038+0500] {dag.py:3947} INFO - Setting next_dagrun for dataset_consumes_1 to None, run_after=None
[2026-03-29T12:16:09.038+0500] {logging_mixin.py:188} INFO - [2026-03-29T12:16:09.038+0500] {dag.py:3947} INFO - Setting next_dagrun for dataset_consumes_1_and_2 to None, run_after=None
[2026-03-29T12:16:09.039+0500] {logging_mixin.py:188} INFO - [2026-03-29T12:16:09.039+0500] {dag.py:3947} INFO - Setting next_dagrun for dataset_consumes_1_never_scheduled to None, run_after=None
[2026-03-29T12:16:09.039+0500] {logging_mixin.py:188} INFO - [2026-03-29T12:16:09.039+0500] {dag.py:3947} INFO - Setting next_dagrun for dataset_consumes_unknown_never_scheduled to None, run_after=None
[2026-03-29T12:16:09.040+0500] {logging_mixin.py:188} INFO - [2026-03-29T12:16:09.040+0500] {dag.py:3947} INFO - Setting next_dagrun for dataset_produces_1 to 2026-03-28 00:00:00+00:00, run_after=2026-03-29 00:00:00+00:00
[2026-03-29T12:16:09.041+0500] {logging_mixin.py:188} INFO - [2026-03-29T12:16:09.041+0500] {dag.py:3947} INFO - Setting next_dagrun for dataset_produces_2 to None, run_after=None
[2026-03-29T12:16:09.099+0500] {processor.py:183} INFO - Processing /home/abayturar/airflow-project/venv/lib/python3.12/site-packages/airflow/example_dags/example_datasets.py took 0.125 seconds
[2026-03-29T12:17:01.582+0500] {processor.py:161} INFO - Started process (PID=2076) to work on /home/abayturar/airflow-project/venv/lib/python3.12/site-packages/airflow/example_dags/example_datasets.py
[2026-03-29T12:17:01.583+0500] {processor.py:830} INFO - Processing file /home/abayturar/airflow-project/venv/lib/python3.12/site-packages/airflow/example_dags/example_datasets.py for tasks to queue
[2026-03-29T12:17:01.584+0500] {logging_mixin.py:188} INFO - [2026-03-29T12:17:01.584+0500] {dagbag.py:545} INFO - Filling up the DagBag from /home/abayturar/airflow-project/venv/lib/python3.12/site-packages/airflow/example_dags/example_datasets.py
[2026-03-29T12:17:01.595+0500] {processor.py:840} INFO - DAG(s) 'consume_1_or_both_2_and_3_with_dataset_expressions', 'dataset_consumes_unknown_never_scheduled', 'dataset_produces_2', 'consume_1_or_2_with_dataset_expressions', 'dataset_consumes_1', 'dataset_consumes_1_and_2', 'consume_1_and_2_with_dataset_expressions', 'conditional_dataset_and_time_based_timetable', 'dataset_produces_1', 'dataset_consumes_1_never_scheduled' retrieved from /home/abayturar/airflow-project/venv/lib/python3.12/site-packages/airflow/example_dags/example_datasets.py
[2026-03-29T12:17:01.712+0500] {logging_mixin.py:188} INFO - [2026-03-29T12:17:01.712+0500] {dag.py:3089} INFO - Sync 10 DAGs
[2026-03-29T12:17:01.723+0500] {logging_mixin.py:188} INFO - [2026-03-29T12:17:01.723+0500] {dag.py:3947} INFO - Setting next_dagrun for conditional_dataset_and_time_based_timetable to 2026-03-25 01:00:00+00:00, run_after=2026-03-25 01:00:00+00:00
[2026-03-29T12:17:01.725+0500] {logging_mixin.py:188} INFO - [2026-03-29T12:17:01.725+0500] {dag.py:3947} INFO - Setting next_dagrun for consume_1_and_2_with_dataset_expressions to None, run_after=None
[2026-03-29T12:17:01.726+0500] {logging_mixin.py:188} INFO - [2026-03-29T12:17:01.726+0500] {dag.py:3947} INFO - Setting next_dagrun for consume_1_or_2_with_dataset_expressions to None, run_after=None
[2026-03-29T12:17:01.726+0500] {logging_mixin.py:188} INFO - [2026-03-29T12:17:01.726+0500] {dag.py:3947} INFO - Setting next_dagrun for consume_1_or_both_2_and_3_with_dataset_expressions to None, run_after=None
[2026-03-29T12:17:01.727+0500] {logging_mixin.py:188} INFO - [2026-03-29T12:17:01.727+0500] {dag.py:3947} INFO - Setting next_dagrun for dataset_consumes_1 to None, run_after=None
[2026-03-29T12:17:01.727+0500] {logging_mixin.py:188} INFO - [2026-03-29T12:17:01.727+0500] {dag.py:3947} INFO - Setting next_dagrun for dataset_consumes_1_and_2 to None, run_after=None
[2026-03-29T12:17:01.728+0500] {logging_mixin.py:188} INFO - [2026-03-29T12:17:01.728+0500] {dag.py:3947} INFO - Setting next_dagrun for dataset_consumes_1_never_scheduled to None, run_after=None
[2026-03-29T12:17:01.728+0500] {logging_mixin.py:188} INFO - [2026-03-29T12:17:01.728+0500] {dag.py:3947} INFO - Setting next_dagrun for dataset_consumes_unknown_never_scheduled to None, run_after=None
[2026-03-29T12:17:01.730+0500] {logging_mixin.py:188} INFO - [2026-03-29T12:17:01.730+0500] {dag.py:3947} INFO - Setting next_dagrun for dataset_produces_1 to 2026-03-28 00:00:00+00:00, run_after=2026-03-29 00:00:00+00:00
[2026-03-29T12:17:01.731+0500] {logging_mixin.py:188} INFO - [2026-03-29T12:17:01.731+0500] {dag.py:3947} INFO - Setting next_dagrun for dataset_produces_2 to None, run_after=None
[2026-03-29T12:17:01.749+0500] {processor.py:183} INFO - Processing /home/abayturar/airflow-project/venv/lib/python3.12/site-packages/airflow/example_dags/example_datasets.py took 0.173 seconds
[2026-03-29T12:17:53.859+0500] {processor.py:161} INFO - Started process (PID=2214) to work on /home/abayturar/airflow-project/venv/lib/python3.12/site-packages/airflow/example_dags/example_datasets.py
[2026-03-29T12:17:53.860+0500] {processor.py:830} INFO - Processing file /home/abayturar/airflow-project/venv/lib/python3.12/site-packages/airflow/example_dags/example_datasets.py for tasks to queue
[2026-03-29T12:17:53.862+0500] {logging_mixin.py:188} INFO - [2026-03-29T12:17:53.861+0500] {dagbag.py:545} INFO - Filling up the DagBag from /home/abayturar/airflow-project/venv/lib/python3.12/site-packages/airflow/example_dags/example_datasets.py
[2026-03-29T12:17:53.877+0500] {processor.py:840} INFO - DAG(s) 'consume_1_and_2_with_dataset_expressions', 'dataset_produces_2', 'consume_1_or_2_with_dataset_expressions', 'dataset_produces_1', 'dataset_consumes_1_and_2', 'dataset_consumes_1', 'dataset_consumes_1_never_scheduled', 'conditional_dataset_and_time_based_timetable', 'dataset_consumes_unknown_never_scheduled', 'consume_1_or_both_2_and_3_with_dataset_expressions' retrieved from /home/abayturar/airflow-project/venv/lib/python3.12/site-packages/airflow/example_dags/example_datasets.py
[2026-03-29T12:17:53.909+0500] {logging_mixin.py:188} INFO - [2026-03-29T12:17:53.909+0500] {dag.py:3089} INFO - Sync 10 DAGs
[2026-03-29T12:17:53.926+0500] {logging_mixin.py:188} INFO - [2026-03-29T12:17:53.926+0500] {dag.py:3947} INFO - Setting next_dagrun for conditional_dataset_and_time_based_timetable to 2026-03-25 01:00:00+00:00, run_after=2026-03-25 01:00:00+00:00
[2026-03-29T12:17:53.928+0500] {logging_mixin.py:188} INFO - [2026-03-29T12:17:53.928+0500] {dag.py:3947} INFO - Setting next_dagrun for consume_1_and_2_with_dataset_expressions to None, run_after=None
[2026-03-29T12:17:53.929+0500] {logging_mixin.py:188} INFO - [2026-03-29T12:17:53.929+0500] {dag.py:3947} INFO - Setting next_dagrun for consume_1_or_2_with_dataset_expressions to None, run_after=None
[2026-03-29T12:17:53.930+0500] {logging_mixin.py:188} INFO - [2026-03-29T12:17:53.930+0500] {dag.py:3947} INFO - Setting next_dagrun for consume_1_or_both_2_and_3_with_dataset_expressions to None, run_after=None
[2026-03-29T12:17:53.930+0500] {logging_mixin.py:188} INFO - [2026-03-29T12:17:53.930+0500] {dag.py:3947} INFO - Setting next_dagrun for dataset_consumes_1 to None, run_after=None
[2026-03-29T12:17:53.931+0500] {logging_mixin.py:188} INFO - [2026-03-29T12:17:53.931+0500] {dag.py:3947} INFO - Setting next_dagrun for dataset_consumes_1_and_2 to None, run_after=None
[2026-03-29T12:17:53.931+0500] {logging_mixin.py:188} INFO - [2026-03-29T12:17:53.931+0500] {dag.py:3947} INFO - Setting next_dagrun for dataset_consumes_1_never_scheduled to None, run_after=None
[2026-03-29T12:17:53.932+0500] {logging_mixin.py:188} INFO - [2026-03-29T12:17:53.932+0500] {dag.py:3947} INFO - Setting next_dagrun for dataset_consumes_unknown_never_scheduled to None, run_after=None
[2026-03-29T12:17:53.933+0500] {logging_mixin.py:188} INFO - [2026-03-29T12:17:53.933+0500] {dag.py:3947} INFO - Setting next_dagrun for dataset_produces_1 to 2026-03-28 00:00:00+00:00, run_after=2026-03-29 00:00:00+00:00
[2026-03-29T12:17:53.934+0500] {logging_mixin.py:188} INFO - [2026-03-29T12:17:53.934+0500] {dag.py:3947} INFO - Setting next_dagrun for dataset_produces_2 to None, run_after=None
[2026-03-29T12:17:53.957+0500] {processor.py:183} INFO - Processing /home/abayturar/airflow-project/venv/lib/python3.12/site-packages/airflow/example_dags/example_datasets.py took 0.105 seconds
[2026-03-29T12:18:45.900+0500] {processor.py:161} INFO - Started process (PID=2348) to work on /home/abayturar/airflow-project/venv/lib/python3.12/site-packages/airflow/example_dags/example_datasets.py
[2026-03-29T12:18:45.901+0500] {processor.py:830} INFO - Processing file /home/abayturar/airflow-project/venv/lib/python3.12/site-packages/airflow/example_dags/example_datasets.py for tasks to queue
[2026-03-29T12:18:45.903+0500] {logging_mixin.py:188} INFO - [2026-03-29T12:18:45.902+0500] {dagbag.py:545} INFO - Filling up the DagBag from /home/abayturar/airflow-project/venv/lib/python3.12/site-packages/airflow/example_dags/example_datasets.py
[2026-03-29T12:18:45.914+0500] {processor.py:840} INFO - DAG(s) 'dataset_consumes_1', 'consume_1_or_both_2_and_3_with_dataset_expressions', 'consume_1_and_2_with_dataset_expressions', 'dataset_consumes_1_never_scheduled', 'dataset_produces_1', 'conditional_dataset_and_time_based_timetable', 'consume_1_or_2_with_dataset_expressions', 'dataset_consumes_1_and_2', 'dataset_consumes_unknown_never_scheduled', 'dataset_produces_2' retrieved from /home/abayturar/airflow-project/venv/lib/python3.12/site-packages/airflow/example_dags/example_datasets.py
[2026-03-29T12:18:45.945+0500] {logging_mixin.py:188} INFO - [2026-03-29T12:18:45.944+0500] {dag.py:3089} INFO - Sync 10 DAGs
[2026-03-29T12:18:45.962+0500] {logging_mixin.py:188} INFO - [2026-03-29T12:18:45.962+0500] {dag.py:3947} INFO - Setting next_dagrun for conditional_dataset_and_time_based_timetable to 2026-03-25 01:00:00+00:00, run_after=2026-03-25 01:00:00+00:00
[2026-03-29T12:18:45.964+0500] {logging_mixin.py:188} INFO - [2026-03-29T12:18:45.964+0500] {dag.py:3947} INFO - Setting next_dagrun for consume_1_and_2_with_dataset_expressions to None, run_after=None
[2026-03-29T12:18:45.965+0500] {logging_mixin.py:188} INFO - [2026-03-29T12:18:45.965+0500] {dag.py:3947} INFO - Setting next_dagrun for consume_1_or_2_with_dataset_expressions to None, run_after=None
[2026-03-29T12:18:45.966+0500] {logging_mixin.py:188} INFO - [2026-03-29T12:18:45.966+0500] {dag.py:3947} INFO - Setting next_dagrun for consume_1_or_both_2_and_3_with_dataset_expressions to None, run_after=None
[2026-03-29T12:18:45.966+0500] {logging_mixin.py:188} INFO - [2026-03-29T12:18:45.966+0500] {dag.py:3947} INFO - Setting next_dagrun for dataset_consumes_1 to None, run_after=None
[2026-03-29T12:18:45.967+0500] {logging_mixin.py:188} INFO - [2026-03-29T12:18:45.967+0500] {dag.py:3947} INFO - Setting next_dagrun for dataset_consumes_1_and_2 to None, run_after=None
[2026-03-29T12:18:45.967+0500] {logging_mixin.py:188} INFO - [2026-03-29T12:18:45.967+0500] {dag.py:3947} INFO - Setting next_dagrun for dataset_consumes_1_never_scheduled to None, run_after=None
[2026-03-29T12:18:45.968+0500] {logging_mixin.py:188} INFO - [2026-03-29T12:18:45.968+0500] {dag.py:3947} INFO - Setting next_dagrun for dataset_consumes_unknown_never_scheduled to None, run_after=None
[2026-03-29T12:18:45.969+0500] {logging_mixin.py:188} INFO - [2026-03-29T12:18:45.969+0500] {dag.py:3947} INFO - Setting next_dagrun for dataset_produces_1 to 2026-03-28 00:00:00+00:00, run_after=2026-03-29 00:00:00+00:00
[2026-03-29T12:18:45.970+0500] {logging_mixin.py:188} INFO - [2026-03-29T12:18:45.970+0500] {dag.py:3947} INFO - Setting next_dagrun for dataset_produces_2 to None, run_after=None
[2026-03-29T12:18:46.031+0500] {processor.py:183} INFO - Processing /home/abayturar/airflow-project/venv/lib/python3.12/site-packages/airflow/example_dags/example_datasets.py took 0.137 seconds
[2026-03-29T12:19:36.970+0500] {processor.py:161} INFO - Started process (PID=2484) to work on /home/abayturar/airflow-project/venv/lib/python3.12/site-packages/airflow/example_dags/example_datasets.py
[2026-03-29T12:19:36.971+0500] {processor.py:830} INFO - Processing file /home/abayturar/airflow-project/venv/lib/python3.12/site-packages/airflow/example_dags/example_datasets.py for tasks to queue
[2026-03-29T12:19:36.973+0500] {logging_mixin.py:188} INFO - [2026-03-29T12:19:36.973+0500] {dagbag.py:545} INFO - Filling up the DagBag from /home/abayturar/airflow-project/venv/lib/python3.12/site-packages/airflow/example_dags/example_datasets.py
[2026-03-29T12:19:36.998+0500] {processor.py:840} INFO - DAG(s) 'dataset_produces_1', 'consume_1_and_2_with_dataset_expressions', 'dataset_consumes_1', 'dataset_produces_2', 'consume_1_or_2_with_dataset_expressions', 'dataset_consumes_1_and_2', 'dataset_consumes_1_never_scheduled', 'dataset_consumes_unknown_never_scheduled', 'consume_1_or_both_2_and_3_with_dataset_expressions', 'conditional_dataset_and_time_based_timetable' retrieved from /home/abayturar/airflow-project/venv/lib/python3.12/site-packages/airflow/example_dags/example_datasets.py
[2026-03-29T12:19:37.029+0500] {logging_mixin.py:188} INFO - [2026-03-29T12:19:37.029+0500] {dag.py:3089} INFO - Sync 10 DAGs
[2026-03-29T12:19:37.053+0500] {logging_mixin.py:188} INFO - [2026-03-29T12:19:37.053+0500] {dag.py:3947} INFO - Setting next_dagrun for conditional_dataset_and_time_based_timetable to 2026-03-25 01:00:00+00:00, run_after=2026-03-25 01:00:00+00:00
[2026-03-29T12:19:37.056+0500] {logging_mixin.py:188} INFO - [2026-03-29T12:19:37.056+0500] {dag.py:3947} INFO - Setting next_dagrun for consume_1_and_2_with_dataset_expressions to None, run_after=None
[2026-03-29T12:19:37.057+0500] {logging_mixin.py:188} INFO - [2026-03-29T12:19:37.057+0500] {dag.py:3947} INFO - Setting next_dagrun for consume_1_or_2_with_dataset_expressions to None, run_after=None
[2026-03-29T12:19:37.058+0500] {logging_mixin.py:188} INFO - [2026-03-29T12:19:37.057+0500] {dag.py:3947} INFO - Setting next_dagrun for consume_1_or_both_2_and_3_with_dataset_expressions to None, run_after=None
[2026-03-29T12:19:37.058+0500] {logging_mixin.py:188} INFO - [2026-03-29T12:19:37.058+0500] {dag.py:3947} INFO - Setting next_dagrun for dataset_consumes_1 to None, run_after=None
[2026-03-29T12:19:37.059+0500] {logging_mixin.py:188} INFO - [2026-03-29T12:19:37.059+0500] {dag.py:3947} INFO - Setting next_dagrun for dataset_consumes_1_and_2 to None, run_after=None
[2026-03-29T12:19:37.060+0500] {logging_mixin.py:188} INFO - [2026-03-29T12:19:37.060+0500] {dag.py:3947} INFO - Setting next_dagrun for dataset_consumes_1_never_scheduled to None, run_after=None
[2026-03-29T12:19:37.061+0500] {logging_mixin.py:188} INFO - [2026-03-29T12:19:37.060+0500] {dag.py:3947} INFO - Setting next_dagrun for dataset_consumes_unknown_never_scheduled to None, run_after=None
[2026-03-29T12:19:37.062+0500] {logging_mixin.py:188} INFO - [2026-03-29T12:19:37.062+0500] {dag.py:3947} INFO - Setting next_dagrun for dataset_produces_1 to 2026-03-28 00:00:00+00:00, run_after=2026-03-29 00:00:00+00:00
[2026-03-29T12:19:37.063+0500] {logging_mixin.py:188} INFO - [2026-03-29T12:19:37.063+0500] {dag.py:3947} INFO - Setting next_dagrun for dataset_produces_2 to None, run_after=None
[2026-03-29T12:19:37.128+0500] {processor.py:183} INFO - Processing /home/abayturar/airflow-project/venv/lib/python3.12/site-packages/airflow/example_dags/example_datasets.py took 0.168 seconds
[2026-03-29T12:20:29.117+0500] {processor.py:161} INFO - Started process (PID=2618) to work on /home/abayturar/airflow-project/venv/lib/python3.12/site-packages/airflow/example_dags/example_datasets.py
[2026-03-29T12:20:29.118+0500] {processor.py:830} INFO - Processing file /home/abayturar/airflow-project/venv/lib/python3.12/site-packages/airflow/example_dags/example_datasets.py for tasks to queue
[2026-03-29T12:20:29.120+0500] {logging_mixin.py:188} INFO - [2026-03-29T12:20:29.119+0500] {dagbag.py:545} INFO - Filling up the DagBag from /home/abayturar/airflow-project/venv/lib/python3.12/site-packages/airflow/example_dags/example_datasets.py
[2026-03-29T12:20:29.132+0500] {processor.py:840} INFO - DAG(s) 'consume_1_or_2_with_dataset_expressions', 'consume_1_or_both_2_and_3_with_dataset_expressions', 'dataset_consumes_1_never_scheduled', 'dataset_consumes_unknown_never_scheduled', 'dataset_produces_1', 'dataset_produces_2', 'dataset_consumes_1_and_2', 'conditional_dataset_and_time_based_timetable', 'dataset_consumes_1', 'consume_1_and_2_with_dataset_expressions' retrieved from /home/abayturar/airflow-project/venv/lib/python3.12/site-packages/airflow/example_dags/example_datasets.py
[2026-03-29T12:20:29.164+0500] {logging_mixin.py:188} INFO - [2026-03-29T12:20:29.164+0500] {dag.py:3089} INFO - Sync 10 DAGs
[2026-03-29T12:20:29.180+0500] {logging_mixin.py:188} INFO - [2026-03-29T12:20:29.180+0500] {dag.py:3947} INFO - Setting next_dagrun for conditional_dataset_and_time_based_timetable to 2026-03-25 01:00:00+00:00, run_after=2026-03-25 01:00:00+00:00
[2026-03-29T12:20:29.182+0500] {logging_mixin.py:188} INFO - [2026-03-29T12:20:29.182+0500] {dag.py:3947} INFO - Setting next_dagrun for consume_1_and_2_with_dataset_expressions to None, run_after=None
[2026-03-29T12:20:29.183+0500] {logging_mixin.py:188} INFO - [2026-03-29T12:20:29.183+0500] {dag.py:3947} INFO - Setting next_dagrun for consume_1_or_2_with_dataset_expressions to None, run_after=None
[2026-03-29T12:20:29.183+0500] {logging_mixin.py:188} INFO - [2026-03-29T12:20:29.183+0500] {dag.py:3947} INFO - Setting next_dagrun for consume_1_or_both_2_and_3_with_dataset_expressions to None, run_after=None
[2026-03-29T12:20:29.184+0500] {logging_mixin.py:188} INFO - [2026-03-29T12:20:29.184+0500] {dag.py:3947} INFO - Setting next_dagrun for dataset_consumes_1 to None, run_after=None
[2026-03-29T12:20:29.184+0500] {logging_mixin.py:188} INFO - [2026-03-29T12:20:29.184+0500] {dag.py:3947} INFO - Setting next_dagrun for dataset_consumes_1_and_2 to None, run_after=None
[2026-03-29T12:20:29.185+0500] {logging_mixin.py:188} INFO - [2026-03-29T12:20:29.185+0500] {dag.py:3947} INFO - Setting next_dagrun for dataset_consumes_1_never_scheduled to None, run_after=None
[2026-03-29T12:20:29.186+0500] {logging_mixin.py:188} INFO - [2026-03-29T12:20:29.185+0500] {dag.py:3947} INFO - Setting next_dagrun for dataset_consumes_unknown_never_scheduled to None, run_after=None
[2026-03-29T12:20:29.187+0500] {logging_mixin.py:188} INFO - [2026-03-29T12:20:29.187+0500] {dag.py:3947} INFO - Setting next_dagrun for dataset_produces_1 to 2026-03-28 00:00:00+00:00, run_after=2026-03-29 00:00:00+00:00
[2026-03-29T12:20:29.187+0500] {logging_mixin.py:188} INFO - [2026-03-29T12:20:29.187+0500] {dag.py:3947} INFO - Setting next_dagrun for dataset_produces_2 to None, run_after=None
[2026-03-29T12:20:29.211+0500] {processor.py:183} INFO - Processing /home/abayturar/airflow-project/venv/lib/python3.12/site-packages/airflow/example_dags/example_datasets.py took 0.101 seconds
[2026-03-29T12:21:22.426+0500] {processor.py:161} INFO - Started process (PID=2757) to work on /home/abayturar/airflow-project/venv/lib/python3.12/site-packages/airflow/example_dags/example_datasets.py
[2026-03-29T12:21:22.427+0500] {processor.py:830} INFO - Processing file /home/abayturar/airflow-project/venv/lib/python3.12/site-packages/airflow/example_dags/example_datasets.py for tasks to queue
[2026-03-29T12:21:22.429+0500] {logging_mixin.py:188} INFO - [2026-03-29T12:21:22.428+0500] {dagbag.py:545} INFO - Filling up the DagBag from /home/abayturar/airflow-project/venv/lib/python3.12/site-packages/airflow/example_dags/example_datasets.py
[2026-03-29T12:21:22.441+0500] {processor.py:840} INFO - DAG(s) 'dataset_consumes_1_and_2', 'dataset_consumes_1_never_scheduled', 'consume_1_and_2_with_dataset_expressions', 'dataset_produces_1', 'dataset_consumes_1', 'dataset_produces_2', 'dataset_consumes_unknown_never_scheduled', 'conditional_dataset_and_time_based_timetable', 'consume_1_or_both_2_and_3_with_dataset_expressions', 'consume_1_or_2_with_dataset_expressions' retrieved from /home/abayturar/airflow-project/venv/lib/python3.12/site-packages/airflow/example_dags/example_datasets.py
[2026-03-29T12:21:22.468+0500] {logging_mixin.py:188} INFO - [2026-03-29T12:21:22.468+0500] {dag.py:3089} INFO - Sync 10 DAGs
[2026-03-29T12:21:22.483+0500] {logging_mixin.py:188} INFO - [2026-03-29T12:21:22.483+0500] {dag.py:3947} INFO - Setting next_dagrun for conditional_dataset_and_time_based_timetable to 2026-03-25 01:00:00+00:00, run_after=2026-03-25 01:00:00+00:00
[2026-03-29T12:21:22.485+0500] {logging_mixin.py:188} INFO - [2026-03-29T12:21:22.485+0500] {dag.py:3947} INFO - Setting next_dagrun for consume_1_and_2_with_dataset_expressions to None, run_after=None
[2026-03-29T12:21:22.486+0500] {logging_mixin.py:188} INFO - [2026-03-29T12:21:22.486+0500] {dag.py:3947} INFO - Setting next_dagrun for consume_1_or_2_with_dataset_expressions to None, run_after=None
[2026-03-29T12:21:22.486+0500] {logging_mixin.py:188} INFO - [2026-03-29T12:21:22.486+0500] {dag.py:3947} INFO - Setting next_dagrun for consume_1_or_both_2_and_3_with_dataset_expressions to None, run_after=None
[2026-03-29T12:21:22.487+0500] {logging_mixin.py:188} INFO - [2026-03-29T12:21:22.487+0500] {dag.py:3947} INFO - Setting next_dagrun for dataset_consumes_1 to None, run_after=None
[2026-03-29T12:21:22.487+0500] {logging_mixin.py:188} INFO - [2026-03-29T12:21:22.487+0500] {dag.py:3947} INFO - Setting next_dagrun for dataset_consumes_1_and_2 to None, run_after=None
[2026-03-29T12:21:22.488+0500] {logging_mixin.py:188} INFO - [2026-03-29T12:21:22.488+0500] {dag.py:3947} INFO - Setting next_dagrun for dataset_consumes_1_never_scheduled to None, run_after=None
[2026-03-29T12:21:22.488+0500] {logging_mixin.py:188} INFO - [2026-03-29T12:21:22.488+0500] {dag.py:3947} INFO - Setting next_dagrun for dataset_consumes_unknown_never_scheduled to None, run_after=None
[2026-03-29T12:21:22.489+0500] {logging_mixin.py:188} INFO - [2026-03-29T12:21:22.489+0500] {dag.py:3947} INFO - Setting next_dagrun for dataset_produces_1 to 2026-03-28 00:00:00+00:00, run_after=2026-03-29 00:00:00+00:00
[2026-03-29T12:21:22.490+0500] {logging_mixin.py:188} INFO - [2026-03-29T12:21:22.490+0500] {dag.py:3947} INFO - Setting next_dagrun for dataset_produces_2 to None, run_after=None
[2026-03-29T12:21:22.549+0500] {processor.py:183} INFO - Processing /home/abayturar/airflow-project/venv/lib/python3.12/site-packages/airflow/example_dags/example_datasets.py took 0.129 seconds
[2026-03-29T12:22:13.270+0500] {processor.py:161} INFO - Started process (PID=2984) to work on /home/abayturar/airflow-project/venv/lib/python3.12/site-packages/airflow/example_dags/example_datasets.py
[2026-03-29T12:22:13.272+0500] {processor.py:830} INFO - Processing file /home/abayturar/airflow-project/venv/lib/python3.12/site-packages/airflow/example_dags/example_datasets.py for tasks to queue
[2026-03-29T12:22:13.275+0500] {logging_mixin.py:188} INFO - [2026-03-29T12:22:13.274+0500] {dagbag.py:545} INFO - Filling up the DagBag from /home/abayturar/airflow-project/venv/lib/python3.12/site-packages/airflow/example_dags/example_datasets.py
[2026-03-29T12:22:13.295+0500] {processor.py:840} INFO - DAG(s) 'dataset_produces_1', 'conditional_dataset_and_time_based_timetable', 'dataset_consumes_1_and_2', 'dataset_produces_2', 'consume_1_or_2_with_dataset_expressions', 'consume_1_or_both_2_and_3_with_dataset_expressions', 'dataset_consumes_1_never_scheduled', 'consume_1_and_2_with_dataset_expressions', 'dataset_consumes_unknown_never_scheduled', 'dataset_consumes_1' retrieved from /home/abayturar/airflow-project/venv/lib/python3.12/site-packages/airflow/example_dags/example_datasets.py
[2026-03-29T12:22:13.386+0500] {logging_mixin.py:188} INFO - [2026-03-29T12:22:13.385+0500] {dag.py:3089} INFO - Sync 10 DAGs
[2026-03-29T12:22:13.417+0500] {logging_mixin.py:188} INFO - [2026-03-29T12:22:13.417+0500] {dag.py:3947} INFO - Setting next_dagrun for conditional_dataset_and_time_based_timetable to 2026-03-25 01:00:00+00:00, run_after=2026-03-25 01:00:00+00:00
[2026-03-29T12:22:13.421+0500] {logging_mixin.py:188} INFO - [2026-03-29T12:22:13.421+0500] {dag.py:3947} INFO - Setting next_dagrun for consume_1_and_2_with_dataset_expressions to None, run_after=None
[2026-03-29T12:22:13.423+0500] {logging_mixin.py:188} INFO - [2026-03-29T12:22:13.422+0500] {dag.py:3947} INFO - Setting next_dagrun for consume_1_or_2_with_dataset_expressions to None, run_after=None
[2026-03-29T12:22:13.424+0500] {logging_mixin.py:188} INFO - [2026-03-29T12:22:13.424+0500] {dag.py:3947} INFO - Setting next_dagrun for consume_1_or_both_2_and_3_with_dataset_expressions to None, run_after=None
[2026-03-29T12:22:13.425+0500] {logging_mixin.py:188} INFO - [2026-03-29T12:22:13.425+0500] {dag.py:3947} INFO - Setting next_dagrun for dataset_consumes_1 to None, run_after=None
[2026-03-29T12:22:13.426+0500] {logging_mixin.py:188} INFO - [2026-03-29T12:22:13.426+0500] {dag.py:3947} INFO - Setting next_dagrun for dataset_consumes_1_and_2 to None, run_after=None
[2026-03-29T12:22:13.427+0500] {logging_mixin.py:188} INFO - [2026-03-29T12:22:13.427+0500] {dag.py:3947} INFO - Setting next_dagrun for dataset_consumes_1_never_scheduled to None, run_after=None
[2026-03-29T12:22:13.428+0500] {logging_mixin.py:188} INFO - [2026-03-29T12:22:13.427+0500] {dag.py:3947} INFO - Setting next_dagrun for dataset_consumes_unknown_never_scheduled to None, run_after=None
[2026-03-29T12:22:13.429+0500] {logging_mixin.py:188} INFO - [2026-03-29T12:22:13.429+0500] {dag.py:3947} INFO - Setting next_dagrun for dataset_produces_1 to 2026-03-28 00:00:00+00:00, run_after=2026-03-29 00:00:00+00:00
[2026-03-29T12:22:13.430+0500] {logging_mixin.py:188} INFO - [2026-03-29T12:22:13.430+0500] {dag.py:3947} INFO - Setting next_dagrun for dataset_produces_2 to None, run_after=None
[2026-03-29T12:22:13.497+0500] {processor.py:183} INFO - Processing /home/abayturar/airflow-project/venv/lib/python3.12/site-packages/airflow/example_dags/example_datasets.py took 0.268 seconds
[2026-03-29T12:23:06.378+0500] {processor.py:161} INFO - Started process (PID=3216) to work on /home/abayturar/airflow-project/venv/lib/python3.12/site-packages/airflow/example_dags/example_datasets.py
[2026-03-29T12:23:06.379+0500] {processor.py:830} INFO - Processing file /home/abayturar/airflow-project/venv/lib/python3.12/site-packages/airflow/example_dags/example_datasets.py for tasks to queue
[2026-03-29T12:23:06.381+0500] {logging_mixin.py:188} INFO - [2026-03-29T12:23:06.381+0500] {dagbag.py:545} INFO - Filling up the DagBag from /home/abayturar/airflow-project/venv/lib/python3.12/site-packages/airflow/example_dags/example_datasets.py
[2026-03-29T12:23:06.393+0500] {processor.py:840} INFO - DAG(s) 'dataset_produces_2', 'dataset_consumes_1', 'dataset_consumes_1_never_scheduled', 'conditional_dataset_and_time_based_timetable', 'consume_1_and_2_with_dataset_expressions', 'consume_1_or_both_2_and_3_with_dataset_expressions', 'dataset_consumes_1_and_2', 'dataset_consumes_unknown_never_scheduled', 'consume_1_or_2_with_dataset_expressions', 'dataset_produces_1' retrieved from /home/abayturar/airflow-project/venv/lib/python3.12/site-packages/airflow/example_dags/example_datasets.py
[2026-03-29T12:23:06.422+0500] {logging_mixin.py:188} INFO - [2026-03-29T12:23:06.421+0500] {dag.py:3089} INFO - Sync 10 DAGs
[2026-03-29T12:23:06.438+0500] {logging_mixin.py:188} INFO - [2026-03-29T12:23:06.438+0500] {dag.py:3947} INFO - Setting next_dagrun for conditional_dataset_and_time_based_timetable to 2026-03-25 01:00:00+00:00, run_after=2026-03-25 01:00:00+00:00
[2026-03-29T12:23:06.441+0500] {logging_mixin.py:188} INFO - [2026-03-29T12:23:06.441+0500] {dag.py:3947} INFO - Setting next_dagrun for consume_1_and_2_with_dataset_expressions to None, run_after=None
[2026-03-29T12:23:06.442+0500] {logging_mixin.py:188} INFO - [2026-03-29T12:23:06.442+0500] {dag.py:3947} INFO - Setting next_dagrun for consume_1_or_2_with_dataset_expressions to None, run_after=None
[2026-03-29T12:23:06.442+0500] {logging_mixin.py:188} INFO - [2026-03-29T12:23:06.442+0500] {dag.py:3947} INFO - Setting next_dagrun for consume_1_or_both_2_and_3_with_dataset_expressions to None, run_after=None
[2026-03-29T12:23:06.443+0500] {logging_mixin.py:188} INFO - [2026-03-29T12:23:06.443+0500] {dag.py:3947} INFO - Setting next_dagrun for dataset_consumes_1 to None, run_after=None
[2026-03-29T12:23:06.443+0500] {logging_mixin.py:188} INFO - [2026-03-29T12:23:06.443+0500] {dag.py:3947} INFO - Setting next_dagrun for dataset_consumes_1_and_2 to None, run_after=None
[2026-03-29T12:23:06.444+0500] {logging_mixin.py:188} INFO - [2026-03-29T12:23:06.444+0500] {dag.py:3947} INFO - Setting next_dagrun for dataset_consumes_1_never_scheduled to None, run_after=None
[2026-03-29T12:23:06.445+0500] {logging_mixin.py:188} INFO - [2026-03-29T12:23:06.445+0500] {dag.py:3947} INFO - Setting next_dagrun for dataset_consumes_unknown_never_scheduled to None, run_after=None
[2026-03-29T12:23:06.446+0500] {logging_mixin.py:188} INFO - [2026-03-29T12:23:06.446+0500] {dag.py:3947} INFO - Setting next_dagrun for dataset_produces_1 to 2026-03-28 00:00:00+00:00, run_after=2026-03-29 00:00:00+00:00
[2026-03-29T12:23:06.446+0500] {logging_mixin.py:188} INFO - [2026-03-29T12:23:06.446+0500] {dag.py:3947} INFO - Setting next_dagrun for dataset_produces_2 to None, run_after=None
[2026-03-29T12:23:06.508+0500] {processor.py:183} INFO - Processing /home/abayturar/airflow-project/venv/lib/python3.12/site-packages/airflow/example_dags/example_datasets.py took 0.136 seconds
[2026-03-29T12:23:59.431+0500] {processor.py:161} INFO - Started process (PID=3429) to work on /home/abayturar/airflow-project/venv/lib/python3.12/site-packages/airflow/example_dags/example_datasets.py
[2026-03-29T12:23:59.431+0500] {processor.py:830} INFO - Processing file /home/abayturar/airflow-project/venv/lib/python3.12/site-packages/airflow/example_dags/example_datasets.py for tasks to queue
[2026-03-29T12:23:59.433+0500] {logging_mixin.py:188} INFO - [2026-03-29T12:23:59.433+0500] {dagbag.py:545} INFO - Filling up the DagBag from /home/abayturar/airflow-project/venv/lib/python3.12/site-packages/airflow/example_dags/example_datasets.py
[2026-03-29T12:23:59.445+0500] {processor.py:840} INFO - DAG(s) 'consume_1_or_both_2_and_3_with_dataset_expressions', 'consume_1_or_2_with_dataset_expressions', 'consume_1_and_2_with_dataset_expressions', 'dataset_produces_2', 'dataset_consumes_1_never_scheduled', 'conditional_dataset_and_time_based_timetable', 'dataset_consumes_unknown_never_scheduled', 'dataset_consumes_1_and_2', 'dataset_produces_1', 'dataset_consumes_1' retrieved from /home/abayturar/airflow-project/venv/lib/python3.12/site-packages/airflow/example_dags/example_datasets.py
[2026-03-29T12:23:59.478+0500] {logging_mixin.py:188} INFO - [2026-03-29T12:23:59.478+0500] {dag.py:3089} INFO - Sync 10 DAGs
[2026-03-29T12:23:59.496+0500] {logging_mixin.py:188} INFO - [2026-03-29T12:23:59.496+0500] {dag.py:3947} INFO - Setting next_dagrun for conditional_dataset_and_time_based_timetable to 2026-03-25 01:00:00+00:00, run_after=2026-03-25 01:00:00+00:00
[2026-03-29T12:23:59.499+0500] {logging_mixin.py:188} INFO - [2026-03-29T12:23:59.499+0500] {dag.py:3947} INFO - Setting next_dagrun for consume_1_and_2_with_dataset_expressions to None, run_after=None
[2026-03-29T12:23:59.500+0500] {logging_mixin.py:188} INFO - [2026-03-29T12:23:59.500+0500] {dag.py:3947} INFO - Setting next_dagrun for consume_1_or_2_with_dataset_expressions to None, run_after=None
[2026-03-29T12:23:59.500+0500] {logging_mixin.py:188} INFO - [2026-03-29T12:23:59.500+0500] {dag.py:3947} INFO - Setting next_dagrun for consume_1_or_both_2_and_3_with_dataset_expressions to None, run_after=None
[2026-03-29T12:23:59.501+0500] {logging_mixin.py:188} INFO - [2026-03-29T12:23:59.501+0500] {dag.py:3947} INFO - Setting next_dagrun for dataset_consumes_1 to None, run_after=None
[2026-03-29T12:23:59.502+0500] {logging_mixin.py:188} INFO - [2026-03-29T12:23:59.502+0500] {dag.py:3947} INFO - Setting next_dagrun for dataset_consumes_1_and_2 to None, run_after=None
[2026-03-29T12:23:59.502+0500] {logging_mixin.py:188} INFO - [2026-03-29T12:23:59.502+0500] {dag.py:3947} INFO - Setting next_dagrun for dataset_consumes_1_never_scheduled to None, run_after=None
[2026-03-29T12:23:59.503+0500] {logging_mixin.py:188} INFO - [2026-03-29T12:23:59.503+0500] {dag.py:3947} INFO - Setting next_dagrun for dataset_consumes_unknown_never_scheduled to None, run_after=None
[2026-03-29T12:23:59.504+0500] {logging_mixin.py:188} INFO - [2026-03-29T12:23:59.504+0500] {dag.py:3947} INFO - Setting next_dagrun for dataset_produces_1 to 2026-03-28 00:00:00+00:00, run_after=2026-03-29 00:00:00+00:00
[2026-03-29T12:23:59.505+0500] {logging_mixin.py:188} INFO - [2026-03-29T12:23:59.505+0500] {dag.py:3947} INFO - Setting next_dagrun for dataset_produces_2 to None, run_after=None
[2026-03-29T12:23:59.530+0500] {processor.py:183} INFO - Processing /home/abayturar/airflow-project/venv/lib/python3.12/site-packages/airflow/example_dags/example_datasets.py took 0.106 seconds
[2026-03-29T12:24:52.498+0500] {processor.py:161} INFO - Started process (PID=3580) to work on /home/abayturar/airflow-project/venv/lib/python3.12/site-packages/airflow/example_dags/example_datasets.py
[2026-03-29T12:24:52.499+0500] {processor.py:830} INFO - Processing file /home/abayturar/airflow-project/venv/lib/python3.12/site-packages/airflow/example_dags/example_datasets.py for tasks to queue
[2026-03-29T12:24:52.501+0500] {logging_mixin.py:188} INFO - [2026-03-29T12:24:52.501+0500] {dagbag.py:545} INFO - Filling up the DagBag from /home/abayturar/airflow-project/venv/lib/python3.12/site-packages/airflow/example_dags/example_datasets.py
[2026-03-29T12:24:52.517+0500] {processor.py:840} INFO - DAG(s) 'consume_1_and_2_with_dataset_expressions', 'dataset_consumes_unknown_never_scheduled', 'dataset_consumes_1_never_scheduled', 'consume_1_or_2_with_dataset_expressions', 'dataset_produces_1', 'conditional_dataset_and_time_based_timetable', 'dataset_produces_2', 'dataset_consumes_1_and_2', 'consume_1_or_both_2_and_3_with_dataset_expressions', 'dataset_consumes_1' retrieved from /home/abayturar/airflow-project/venv/lib/python3.12/site-packages/airflow/example_dags/example_datasets.py
[2026-03-29T12:24:52.543+0500] {logging_mixin.py:188} INFO - [2026-03-29T12:24:52.543+0500] {dag.py:3089} INFO - Sync 10 DAGs
[2026-03-29T12:24:52.558+0500] {logging_mixin.py:188} INFO - [2026-03-29T12:24:52.558+0500] {dag.py:3947} INFO - Setting next_dagrun for conditional_dataset_and_time_based_timetable to 2026-03-25 01:00:00+00:00, run_after=2026-03-25 01:00:00+00:00
[2026-03-29T12:24:52.560+0500] {logging_mixin.py:188} INFO - [2026-03-29T12:24:52.560+0500] {dag.py:3947} INFO - Setting next_dagrun for consume_1_and_2_with_dataset_expressions to None, run_after=None
[2026-03-29T12:24:52.561+0500] {logging_mixin.py:188} INFO - [2026-03-29T12:24:52.561+0500] {dag.py:3947} INFO - Setting next_dagrun for consume_1_or_2_with_dataset_expressions to None, run_after=None
[2026-03-29T12:24:52.562+0500] {logging_mixin.py:188} INFO - [2026-03-29T12:24:52.561+0500] {dag.py:3947} INFO - Setting next_dagrun for consume_1_or_both_2_and_3_with_dataset_expressions to None, run_after=None
[2026-03-29T12:24:52.562+0500] {logging_mixin.py:188} INFO - [2026-03-29T12:24:52.562+0500] {dag.py:3947} INFO - Setting next_dagrun for dataset_consumes_1 to None, run_after=None
[2026-03-29T12:24:52.562+0500] {logging_mixin.py:188} INFO - [2026-03-29T12:24:52.562+0500] {dag.py:3947} INFO - Setting next_dagrun for dataset_consumes_1_and_2 to None, run_after=None
[2026-03-29T12:24:52.563+0500] {logging_mixin.py:188} INFO - [2026-03-29T12:24:52.563+0500] {dag.py:3947} INFO - Setting next_dagrun for dataset_consumes_1_never_scheduled to None, run_after=None
[2026-03-29T12:24:52.563+0500] {logging_mixin.py:188} INFO - [2026-03-29T12:24:52.563+0500] {dag.py:3947} INFO - Setting next_dagrun for dataset_consumes_unknown_never_scheduled to None, run_after=None
[2026-03-29T12:24:52.564+0500] {logging_mixin.py:188} INFO - [2026-03-29T12:24:52.564+0500] {dag.py:3947} INFO - Setting next_dagrun for dataset_produces_1 to 2026-03-28 00:00:00+00:00, run_after=2026-03-29 00:00:00+00:00
[2026-03-29T12:24:52.565+0500] {logging_mixin.py:188} INFO - [2026-03-29T12:24:52.565+0500] {dag.py:3947} INFO - Setting next_dagrun for dataset_produces_2 to None, run_after=None
[2026-03-29T12:24:52.627+0500] {processor.py:183} INFO - Processing /home/abayturar/airflow-project/venv/lib/python3.12/site-packages/airflow/example_dags/example_datasets.py took 0.137 seconds
[2026-03-29T12:25:44.590+0500] {processor.py:161} INFO - Started process (PID=3735) to work on /home/abayturar/airflow-project/venv/lib/python3.12/site-packages/airflow/example_dags/example_datasets.py
[2026-03-29T12:25:44.590+0500] {processor.py:830} INFO - Processing file /home/abayturar/airflow-project/venv/lib/python3.12/site-packages/airflow/example_dags/example_datasets.py for tasks to queue
[2026-03-29T12:25:44.592+0500] {logging_mixin.py:188} INFO - [2026-03-29T12:25:44.592+0500] {dagbag.py:545} INFO - Filling up the DagBag from /home/abayturar/airflow-project/venv/lib/python3.12/site-packages/airflow/example_dags/example_datasets.py
[2026-03-29T12:25:44.604+0500] {processor.py:840} INFO - DAG(s) 'dataset_produces_1', 'consume_1_or_both_2_and_3_with_dataset_expressions', 'dataset_consumes_1_never_scheduled', 'consume_1_or_2_with_dataset_expressions', 'dataset_consumes_1', 'dataset_produces_2', 'dataset_consumes_unknown_never_scheduled', 'conditional_dataset_and_time_based_timetable', 'consume_1_and_2_with_dataset_expressions', 'dataset_consumes_1_and_2' retrieved from /home/abayturar/airflow-project/venv/lib/python3.12/site-packages/airflow/example_dags/example_datasets.py
[2026-03-29T12:25:44.630+0500] {logging_mixin.py:188} INFO - [2026-03-29T12:25:44.630+0500] {dag.py:3089} INFO - Sync 10 DAGs
[2026-03-29T12:25:44.645+0500] {logging_mixin.py:188} INFO - [2026-03-29T12:25:44.645+0500] {dag.py:3947} INFO - Setting next_dagrun for conditional_dataset_and_time_based_timetable to 2026-03-25 01:00:00+00:00, run_after=2026-03-25 01:00:00+00:00
[2026-03-29T12:25:44.647+0500] {logging_mixin.py:188} INFO - [2026-03-29T12:25:44.647+0500] {dag.py:3947} INFO - Setting next_dagrun for consume_1_and_2_with_dataset_expressions to None, run_after=None
[2026-03-29T12:25:44.647+0500] {logging_mixin.py:188} INFO - [2026-03-29T12:25:44.647+0500] {dag.py:3947} INFO - Setting next_dagrun for consume_1_or_2_with_dataset_expressions to None, run_after=None
[2026-03-29T12:25:44.648+0500] {logging_mixin.py:188} INFO - [2026-03-29T12:25:44.648+0500] {dag.py:3947} INFO - Setting next_dagrun for consume_1_or_both_2_and_3_with_dataset_expressions to None, run_after=None
[2026-03-29T12:25:44.648+0500] {logging_mixin.py:188} INFO - [2026-03-29T12:25:44.648+0500] {dag.py:3947} INFO - Setting next_dagrun for dataset_consumes_1 to None, run_after=None
[2026-03-29T12:25:44.649+0500] {logging_mixin.py:188} INFO - [2026-03-29T12:25:44.649+0500] {dag.py:3947} INFO - Setting next_dagrun for dataset_consumes_1_and_2 to None, run_after=None
[2026-03-29T12:25:44.649+0500] {logging_mixin.py:188} INFO - [2026-03-29T12:25:44.649+0500] {dag.py:3947} INFO - Setting next_dagrun for dataset_consumes_1_never_scheduled to None, run_after=None
[2026-03-29T12:25:44.650+0500] {logging_mixin.py:188} INFO - [2026-03-29T12:25:44.650+0500] {dag.py:3947} INFO - Setting next_dagrun for dataset_consumes_unknown_never_scheduled to None, run_after=None
[2026-03-29T12:25:44.651+0500] {logging_mixin.py:188} INFO - [2026-03-29T12:25:44.651+0500] {dag.py:3947} INFO - Setting next_dagrun for dataset_produces_1 to 2026-03-28 00:00:00+00:00, run_after=2026-03-29 00:00:00+00:00
[2026-03-29T12:25:44.651+0500] {logging_mixin.py:188} INFO - [2026-03-29T12:25:44.651+0500] {dag.py:3947} INFO - Setting next_dagrun for dataset_produces_2 to None, run_after=None
[2026-03-29T12:25:44.713+0500] {processor.py:183} INFO - Processing /home/abayturar/airflow-project/venv/lib/python3.12/site-packages/airflow/example_dags/example_datasets.py took 0.130 seconds
[2026-03-29T12:26:34.272+0500] {processor.py:161} INFO - Started process (PID=4049) to work on /home/abayturar/airflow-project/venv/lib/python3.12/site-packages/airflow/example_dags/example_datasets.py
[2026-03-29T12:26:34.273+0500] {processor.py:830} INFO - Processing file /home/abayturar/airflow-project/venv/lib/python3.12/site-packages/airflow/example_dags/example_datasets.py for tasks to queue
[2026-03-29T12:26:34.275+0500] {logging_mixin.py:188} INFO - [2026-03-29T12:26:34.274+0500] {dagbag.py:545} INFO - Filling up the DagBag from /home/abayturar/airflow-project/venv/lib/python3.12/site-packages/airflow/example_dags/example_datasets.py
[2026-03-29T12:26:34.287+0500] {processor.py:840} INFO - DAG(s) 'dataset_consumes_1', 'dataset_consumes_unknown_never_scheduled', 'dataset_consumes_1_and_2', 'dataset_produces_1', 'consume_1_or_both_2_and_3_with_dataset_expressions', 'conditional_dataset_and_time_based_timetable', 'consume_1_and_2_with_dataset_expressions', 'consume_1_or_2_with_dataset_expressions', 'dataset_produces_2', 'dataset_consumes_1_never_scheduled' retrieved from /home/abayturar/airflow-project/venv/lib/python3.12/site-packages/airflow/example_dags/example_datasets.py
[2026-03-29T12:26:34.313+0500] {logging_mixin.py:188} INFO - [2026-03-29T12:26:34.313+0500] {dag.py:3089} INFO - Sync 10 DAGs
[2026-03-29T12:26:34.329+0500] {logging_mixin.py:188} INFO - [2026-03-29T12:26:34.329+0500] {dag.py:3947} INFO - Setting next_dagrun for conditional_dataset_and_time_based_timetable to 2026-03-25 01:00:00+00:00, run_after=2026-03-25 01:00:00+00:00
[2026-03-29T12:26:34.331+0500] {logging_mixin.py:188} INFO - [2026-03-29T12:26:34.331+0500] {dag.py:3947} INFO - Setting next_dagrun for consume_1_and_2_with_dataset_expressions to None, run_after=None
[2026-03-29T12:26:34.331+0500] {logging_mixin.py:188} INFO - [2026-03-29T12:26:34.331+0500] {dag.py:3947} INFO - Setting next_dagrun for consume_1_or_2_with_dataset_expressions to None, run_after=None
[2026-03-29T12:26:34.332+0500] {logging_mixin.py:188} INFO - [2026-03-29T12:26:34.332+0500] {dag.py:3947} INFO - Setting next_dagrun for consume_1_or_both_2_and_3_with_dataset_expressions to None, run_after=None
[2026-03-29T12:26:34.332+0500] {logging_mixin.py:188} INFO - [2026-03-29T12:26:34.332+0500] {dag.py:3947} INFO - Setting next_dagrun for dataset_consumes_1 to None, run_after=None
[2026-03-29T12:26:34.333+0500] {logging_mixin.py:188} INFO - [2026-03-29T12:26:34.333+0500] {dag.py:3947} INFO - Setting next_dagrun for dataset_consumes_1_and_2 to None, run_after=None
[2026-03-29T12:26:34.333+0500] {logging_mixin.py:188} INFO - [2026-03-29T12:26:34.333+0500] {dag.py:3947} INFO - Setting next_dagrun for dataset_consumes_1_never_scheduled to None, run_after=None
[2026-03-29T12:26:34.334+0500] {logging_mixin.py:188} INFO - [2026-03-29T12:26:34.334+0500] {dag.py:3947} INFO - Setting next_dagrun for dataset_consumes_unknown_never_scheduled to None, run_after=None
[2026-03-29T12:26:34.335+0500] {logging_mixin.py:188} INFO - [2026-03-29T12:26:34.335+0500] {dag.py:3947} INFO - Setting next_dagrun for dataset_produces_1 to 2026-03-28 00:00:00+00:00, run_after=2026-03-29 00:00:00+00:00
[2026-03-29T12:26:34.336+0500] {logging_mixin.py:188} INFO - [2026-03-29T12:26:34.335+0500] {dag.py:3947} INFO - Setting next_dagrun for dataset_produces_2 to None, run_after=None
[2026-03-29T12:26:34.394+0500] {processor.py:183} INFO - Processing /home/abayturar/airflow-project/venv/lib/python3.12/site-packages/airflow/example_dags/example_datasets.py took 0.128 seconds
