[2026-03-29T12:01:58.048+0500] {processor.py:161} INFO - Started process (PID=32429) to work on /home/abayturar/airflow-project/venv/lib/python3.12/site-packages/airflow/example_dags/example_local_kubernetes_executor.py
[2026-03-29T12:01:58.048+0500] {processor.py:830} INFO - Processing file /home/abayturar/airflow-project/venv/lib/python3.12/site-packages/airflow/example_dags/example_local_kubernetes_executor.py for tasks to queue
[2026-03-29T12:01:58.050+0500] {logging_mixin.py:188} INFO - [2026-03-29T12:01:58.050+0500] {dagbag.py:545} INFO - Filling up the DagBag from /home/abayturar/airflow-project/venv/lib/python3.12/site-packages/airflow/example_dags/example_local_kubernetes_executor.py
[2026-03-29T12:01:58.054+0500] {logging_mixin.py:188} INFO - [2026-03-29T12:01:58.053+0500] {example_local_kubernetes_executor.py:40} WARNING - Could not import DAGs in example_local_kubernetes_executor.py
Traceback (most recent call last):
  File "/home/abayturar/airflow-project/venv/lib/python3.12/site-packages/airflow/example_dags/example_local_kubernetes_executor.py", line 38, in <module>
    from kubernetes.client import models as k8s
ModuleNotFoundError: No module named 'kubernetes'
[2026-03-29T12:01:58.054+0500] {logging_mixin.py:188} INFO - [2026-03-29T12:01:58.054+0500] {example_local_kubernetes_executor.py:41} WARNING - Install Kubernetes dependencies with: pip install apache-airflow[cncf.kubernetes]
[2026-03-29T12:01:58.054+0500] {processor.py:842} WARNING - No viable dags retrieved from /home/abayturar/airflow-project/venv/lib/python3.12/site-packages/airflow/example_dags/example_local_kubernetes_executor.py
[2026-03-29T12:01:58.065+0500] {processor.py:183} INFO - Processing /home/abayturar/airflow-project/venv/lib/python3.12/site-packages/airflow/example_dags/example_local_kubernetes_executor.py took 0.023 seconds
[2026-03-29T12:02:51.227+0500] {processor.py:161} INFO - Started process (PID=32649) to work on /home/abayturar/airflow-project/venv/lib/python3.12/site-packages/airflow/example_dags/example_local_kubernetes_executor.py
[2026-03-29T12:02:51.228+0500] {processor.py:830} INFO - Processing file /home/abayturar/airflow-project/venv/lib/python3.12/site-packages/airflow/example_dags/example_local_kubernetes_executor.py for tasks to queue
[2026-03-29T12:02:51.229+0500] {logging_mixin.py:188} INFO - [2026-03-29T12:02:51.229+0500] {dagbag.py:545} INFO - Filling up the DagBag from /home/abayturar/airflow-project/venv/lib/python3.12/site-packages/airflow/example_dags/example_local_kubernetes_executor.py
[2026-03-29T12:02:51.232+0500] {logging_mixin.py:188} INFO - [2026-03-29T12:02:51.232+0500] {example_local_kubernetes_executor.py:40} WARNING - Could not import DAGs in example_local_kubernetes_executor.py
Traceback (most recent call last):
  File "/home/abayturar/airflow-project/venv/lib/python3.12/site-packages/airflow/example_dags/example_local_kubernetes_executor.py", line 38, in <module>
    from kubernetes.client import models as k8s
ModuleNotFoundError: No module named 'kubernetes'
[2026-03-29T12:02:51.233+0500] {logging_mixin.py:188} INFO - [2026-03-29T12:02:51.232+0500] {example_local_kubernetes_executor.py:41} WARNING - Install Kubernetes dependencies with: pip install apache-airflow[cncf.kubernetes]
[2026-03-29T12:02:51.233+0500] {processor.py:842} WARNING - No viable dags retrieved from /home/abayturar/airflow-project/venv/lib/python3.12/site-packages/airflow/example_dags/example_local_kubernetes_executor.py
[2026-03-29T12:02:51.244+0500] {processor.py:183} INFO - Processing /home/abayturar/airflow-project/venv/lib/python3.12/site-packages/airflow/example_dags/example_local_kubernetes_executor.py took 0.023 seconds
[2026-03-29T12:06:19.863+0500] {processor.py:161} INFO - Started process (PID=112) to work on /home/abayturar/airflow-project/venv/lib/python3.12/site-packages/airflow/example_dags/example_local_kubernetes_executor.py
[2026-03-29T12:06:19.864+0500] {processor.py:830} INFO - Processing file /home/abayturar/airflow-project/venv/lib/python3.12/site-packages/airflow/example_dags/example_local_kubernetes_executor.py for tasks to queue
[2026-03-29T12:06:19.866+0500] {logging_mixin.py:188} INFO - [2026-03-29T12:06:19.866+0500] {dagbag.py:545} INFO - Filling up the DagBag from /home/abayturar/airflow-project/venv/lib/python3.12/site-packages/airflow/example_dags/example_local_kubernetes_executor.py
[2026-03-29T12:06:19.870+0500] {logging_mixin.py:188} INFO - [2026-03-29T12:06:19.869+0500] {example_local_kubernetes_executor.py:40} WARNING - Could not import DAGs in example_local_kubernetes_executor.py
Traceback (most recent call last):
  File "/home/abayturar/airflow-project/venv/lib/python3.12/site-packages/airflow/example_dags/example_local_kubernetes_executor.py", line 38, in <module>
    from kubernetes.client import models as k8s
ModuleNotFoundError: No module named 'kubernetes'
[2026-03-29T12:06:19.870+0500] {logging_mixin.py:188} INFO - [2026-03-29T12:06:19.870+0500] {example_local_kubernetes_executor.py:41} WARNING - Install Kubernetes dependencies with: pip install apache-airflow[cncf.kubernetes]
[2026-03-29T12:06:19.870+0500] {processor.py:842} WARNING - No viable dags retrieved from /home/abayturar/airflow-project/venv/lib/python3.12/site-packages/airflow/example_dags/example_local_kubernetes_executor.py
[2026-03-29T12:06:19.884+0500] {processor.py:183} INFO - Processing /home/abayturar/airflow-project/venv/lib/python3.12/site-packages/airflow/example_dags/example_local_kubernetes_executor.py took 0.027 seconds
[2026-03-29T12:07:11.916+0500] {processor.py:161} INFO - Started process (PID=326) to work on /home/abayturar/airflow-project/venv/lib/python3.12/site-packages/airflow/example_dags/example_local_kubernetes_executor.py
[2026-03-29T12:07:11.917+0500] {processor.py:830} INFO - Processing file /home/abayturar/airflow-project/venv/lib/python3.12/site-packages/airflow/example_dags/example_local_kubernetes_executor.py for tasks to queue
[2026-03-29T12:07:11.919+0500] {logging_mixin.py:188} INFO - [2026-03-29T12:07:11.918+0500] {dagbag.py:545} INFO - Filling up the DagBag from /home/abayturar/airflow-project/venv/lib/python3.12/site-packages/airflow/example_dags/example_local_kubernetes_executor.py
[2026-03-29T12:07:11.922+0500] {logging_mixin.py:188} INFO - [2026-03-29T12:07:11.922+0500] {example_local_kubernetes_executor.py:40} WARNING - Could not import DAGs in example_local_kubernetes_executor.py
Traceback (most recent call last):
  File "/home/abayturar/airflow-project/venv/lib/python3.12/site-packages/airflow/example_dags/example_local_kubernetes_executor.py", line 38, in <module>
    from kubernetes.client import models as k8s
ModuleNotFoundError: No module named 'kubernetes'
[2026-03-29T12:07:11.923+0500] {logging_mixin.py:188} INFO - [2026-03-29T12:07:11.922+0500] {example_local_kubernetes_executor.py:41} WARNING - Install Kubernetes dependencies with: pip install apache-airflow[cncf.kubernetes]
[2026-03-29T12:07:11.923+0500] {processor.py:842} WARNING - No viable dags retrieved from /home/abayturar/airflow-project/venv/lib/python3.12/site-packages/airflow/example_dags/example_local_kubernetes_executor.py
[2026-03-29T12:07:11.935+0500] {processor.py:183} INFO - Processing /home/abayturar/airflow-project/venv/lib/python3.12/site-packages/airflow/example_dags/example_local_kubernetes_executor.py took 0.025 seconds
[2026-03-29T12:08:01.170+0500] {processor.py:161} INFO - Started process (PID=527) to work on /home/abayturar/airflow-project/venv/lib/python3.12/site-packages/airflow/example_dags/example_local_kubernetes_executor.py
[2026-03-29T12:08:01.171+0500] {processor.py:830} INFO - Processing file /home/abayturar/airflow-project/venv/lib/python3.12/site-packages/airflow/example_dags/example_local_kubernetes_executor.py for tasks to queue
[2026-03-29T12:08:01.172+0500] {logging_mixin.py:188} INFO - [2026-03-29T12:08:01.172+0500] {dagbag.py:545} INFO - Filling up the DagBag from /home/abayturar/airflow-project/venv/lib/python3.12/site-packages/airflow/example_dags/example_local_kubernetes_executor.py
[2026-03-29T12:08:01.176+0500] {logging_mixin.py:188} INFO - [2026-03-29T12:08:01.175+0500] {example_local_kubernetes_executor.py:40} WARNING - Could not import DAGs in example_local_kubernetes_executor.py
Traceback (most recent call last):
  File "/home/abayturar/airflow-project/venv/lib/python3.12/site-packages/airflow/example_dags/example_local_kubernetes_executor.py", line 38, in <module>
    from kubernetes.client import models as k8s
ModuleNotFoundError: No module named 'kubernetes'
[2026-03-29T12:08:01.176+0500] {logging_mixin.py:188} INFO - [2026-03-29T12:08:01.176+0500] {example_local_kubernetes_executor.py:41} WARNING - Install Kubernetes dependencies with: pip install apache-airflow[cncf.kubernetes]
[2026-03-29T12:08:01.176+0500] {processor.py:842} WARNING - No viable dags retrieved from /home/abayturar/airflow-project/venv/lib/python3.12/site-packages/airflow/example_dags/example_local_kubernetes_executor.py
[2026-03-29T12:08:01.187+0500] {processor.py:183} INFO - Processing /home/abayturar/airflow-project/venv/lib/python3.12/site-packages/airflow/example_dags/example_local_kubernetes_executor.py took 0.023 seconds
[2026-03-29T12:08:52.012+0500] {processor.py:161} INFO - Started process (PID=743) to work on /home/abayturar/airflow-project/venv/lib/python3.12/site-packages/airflow/example_dags/example_local_kubernetes_executor.py
[2026-03-29T12:08:52.013+0500] {processor.py:830} INFO - Processing file /home/abayturar/airflow-project/venv/lib/python3.12/site-packages/airflow/example_dags/example_local_kubernetes_executor.py for tasks to queue
[2026-03-29T12:08:52.015+0500] {logging_mixin.py:188} INFO - [2026-03-29T12:08:52.014+0500] {dagbag.py:545} INFO - Filling up the DagBag from /home/abayturar/airflow-project/venv/lib/python3.12/site-packages/airflow/example_dags/example_local_kubernetes_executor.py
[2026-03-29T12:08:52.018+0500] {logging_mixin.py:188} INFO - [2026-03-29T12:08:52.017+0500] {example_local_kubernetes_executor.py:40} WARNING - Could not import DAGs in example_local_kubernetes_executor.py
Traceback (most recent call last):
  File "/home/abayturar/airflow-project/venv/lib/python3.12/site-packages/airflow/example_dags/example_local_kubernetes_executor.py", line 38, in <module>
    from kubernetes.client import models as k8s
ModuleNotFoundError: No module named 'kubernetes'
[2026-03-29T12:08:52.018+0500] {logging_mixin.py:188} INFO - [2026-03-29T12:08:52.018+0500] {example_local_kubernetes_executor.py:41} WARNING - Install Kubernetes dependencies with: pip install apache-airflow[cncf.kubernetes]
[2026-03-29T12:08:52.018+0500] {processor.py:842} WARNING - No viable dags retrieved from /home/abayturar/airflow-project/venv/lib/python3.12/site-packages/airflow/example_dags/example_local_kubernetes_executor.py
[2026-03-29T12:08:52.029+0500] {processor.py:183} INFO - Processing /home/abayturar/airflow-project/venv/lib/python3.12/site-packages/airflow/example_dags/example_local_kubernetes_executor.py took 0.023 seconds
[2026-03-29T12:09:42.797+0500] {processor.py:161} INFO - Started process (PID=923) to work on /home/abayturar/airflow-project/venv/lib/python3.12/site-packages/airflow/example_dags/example_local_kubernetes_executor.py
[2026-03-29T12:09:42.798+0500] {processor.py:830} INFO - Processing file /home/abayturar/airflow-project/venv/lib/python3.12/site-packages/airflow/example_dags/example_local_kubernetes_executor.py for tasks to queue
[2026-03-29T12:09:42.800+0500] {logging_mixin.py:188} INFO - [2026-03-29T12:09:42.799+0500] {dagbag.py:545} INFO - Filling up the DagBag from /home/abayturar/airflow-project/venv/lib/python3.12/site-packages/airflow/example_dags/example_local_kubernetes_executor.py
[2026-03-29T12:09:42.803+0500] {logging_mixin.py:188} INFO - [2026-03-29T12:09:42.802+0500] {example_local_kubernetes_executor.py:40} WARNING - Could not import DAGs in example_local_kubernetes_executor.py
Traceback (most recent call last):
  File "/home/abayturar/airflow-project/venv/lib/python3.12/site-packages/airflow/example_dags/example_local_kubernetes_executor.py", line 38, in <module>
    from kubernetes.client import models as k8s
ModuleNotFoundError: No module named 'kubernetes'
[2026-03-29T12:09:42.803+0500] {logging_mixin.py:188} INFO - [2026-03-29T12:09:42.803+0500] {example_local_kubernetes_executor.py:41} WARNING - Install Kubernetes dependencies with: pip install apache-airflow[cncf.kubernetes]
[2026-03-29T12:09:42.803+0500] {processor.py:842} WARNING - No viable dags retrieved from /home/abayturar/airflow-project/venv/lib/python3.12/site-packages/airflow/example_dags/example_local_kubernetes_executor.py
[2026-03-29T12:09:42.815+0500] {processor.py:183} INFO - Processing /home/abayturar/airflow-project/venv/lib/python3.12/site-packages/airflow/example_dags/example_local_kubernetes_executor.py took 0.023 seconds
[2026-03-29T12:10:33.060+0500] {processor.py:161} INFO - Started process (PID=1055) to work on /home/abayturar/airflow-project/venv/lib/python3.12/site-packages/airflow/example_dags/example_local_kubernetes_executor.py
[2026-03-29T12:10:33.061+0500] {processor.py:830} INFO - Processing file /home/abayturar/airflow-project/venv/lib/python3.12/site-packages/airflow/example_dags/example_local_kubernetes_executor.py for tasks to queue
[2026-03-29T12:10:33.063+0500] {logging_mixin.py:188} INFO - [2026-03-29T12:10:33.063+0500] {dagbag.py:545} INFO - Filling up the DagBag from /home/abayturar/airflow-project/venv/lib/python3.12/site-packages/airflow/example_dags/example_local_kubernetes_executor.py
[2026-03-29T12:10:33.067+0500] {logging_mixin.py:188} INFO - [2026-03-29T12:10:33.066+0500] {example_local_kubernetes_executor.py:40} WARNING - Could not import DAGs in example_local_kubernetes_executor.py
Traceback (most recent call last):
  File "/home/abayturar/airflow-project/venv/lib/python3.12/site-packages/airflow/example_dags/example_local_kubernetes_executor.py", line 38, in <module>
    from kubernetes.client import models as k8s
ModuleNotFoundError: No module named 'kubernetes'
[2026-03-29T12:10:33.067+0500] {logging_mixin.py:188} INFO - [2026-03-29T12:10:33.067+0500] {example_local_kubernetes_executor.py:41} WARNING - Install Kubernetes dependencies with: pip install apache-airflow[cncf.kubernetes]
[2026-03-29T12:10:33.067+0500] {processor.py:842} WARNING - No viable dags retrieved from /home/abayturar/airflow-project/venv/lib/python3.12/site-packages/airflow/example_dags/example_local_kubernetes_executor.py
[2026-03-29T12:10:33.079+0500] {processor.py:183} INFO - Processing /home/abayturar/airflow-project/venv/lib/python3.12/site-packages/airflow/example_dags/example_local_kubernetes_executor.py took 0.026 seconds
[2026-03-29T12:11:19.870+0500] {processor.py:161} INFO - Started process (PID=1180) to work on /home/abayturar/airflow-project/venv/lib/python3.12/site-packages/airflow/example_dags/example_local_kubernetes_executor.py
[2026-03-29T12:11:19.871+0500] {processor.py:830} INFO - Processing file /home/abayturar/airflow-project/venv/lib/python3.12/site-packages/airflow/example_dags/example_local_kubernetes_executor.py for tasks to queue
[2026-03-29T12:11:19.873+0500] {logging_mixin.py:188} INFO - [2026-03-29T12:11:19.872+0500] {dagbag.py:545} INFO - Filling up the DagBag from /home/abayturar/airflow-project/venv/lib/python3.12/site-packages/airflow/example_dags/example_local_kubernetes_executor.py
[2026-03-29T12:11:19.876+0500] {logging_mixin.py:188} INFO - [2026-03-29T12:11:19.875+0500] {example_local_kubernetes_executor.py:40} WARNING - Could not import DAGs in example_local_kubernetes_executor.py
Traceback (most recent call last):
  File "/home/abayturar/airflow-project/venv/lib/python3.12/site-packages/airflow/example_dags/example_local_kubernetes_executor.py", line 38, in <module>
    from kubernetes.client import models as k8s
ModuleNotFoundError: No module named 'kubernetes'
[2026-03-29T12:11:19.876+0500] {logging_mixin.py:188} INFO - [2026-03-29T12:11:19.876+0500] {example_local_kubernetes_executor.py:41} WARNING - Install Kubernetes dependencies with: pip install apache-airflow[cncf.kubernetes]
[2026-03-29T12:11:19.876+0500] {processor.py:842} WARNING - No viable dags retrieved from /home/abayturar/airflow-project/venv/lib/python3.12/site-packages/airflow/example_dags/example_local_kubernetes_executor.py
[2026-03-29T12:11:19.887+0500] {processor.py:183} INFO - Processing /home/abayturar/airflow-project/venv/lib/python3.12/site-packages/airflow/example_dags/example_local_kubernetes_executor.py took 0.023 seconds
[2026-03-29T12:12:10.590+0500] {processor.py:161} INFO - Started process (PID=1315) to work on /home/abayturar/airflow-project/venv/lib/python3.12/site-packages/airflow/example_dags/example_local_kubernetes_executor.py
[2026-03-29T12:12:10.591+0500] {processor.py:830} INFO - Processing file /home/abayturar/airflow-project/venv/lib/python3.12/site-packages/airflow/example_dags/example_local_kubernetes_executor.py for tasks to queue
[2026-03-29T12:12:10.594+0500] {logging_mixin.py:188} INFO - [2026-03-29T12:12:10.593+0500] {dagbag.py:545} INFO - Filling up the DagBag from /home/abayturar/airflow-project/venv/lib/python3.12/site-packages/airflow/example_dags/example_local_kubernetes_executor.py
[2026-03-29T12:12:10.597+0500] {logging_mixin.py:188} INFO - [2026-03-29T12:12:10.597+0500] {example_local_kubernetes_executor.py:40} WARNING - Could not import DAGs in example_local_kubernetes_executor.py
Traceback (most recent call last):
  File "/home/abayturar/airflow-project/venv/lib/python3.12/site-packages/airflow/example_dags/example_local_kubernetes_executor.py", line 38, in <module>
    from kubernetes.client import models as k8s
ModuleNotFoundError: No module named 'kubernetes'
[2026-03-29T12:12:10.598+0500] {logging_mixin.py:188} INFO - [2026-03-29T12:12:10.597+0500] {example_local_kubernetes_executor.py:41} WARNING - Install Kubernetes dependencies with: pip install apache-airflow[cncf.kubernetes]
[2026-03-29T12:12:10.598+0500] {processor.py:842} WARNING - No viable dags retrieved from /home/abayturar/airflow-project/venv/lib/python3.12/site-packages/airflow/example_dags/example_local_kubernetes_executor.py
[2026-03-29T12:12:10.613+0500] {processor.py:183} INFO - Processing /home/abayturar/airflow-project/venv/lib/python3.12/site-packages/airflow/example_dags/example_local_kubernetes_executor.py took 0.031 seconds
[2026-03-29T12:13:02.162+0500] {processor.py:161} INFO - Started process (PID=1450) to work on /home/abayturar/airflow-project/venv/lib/python3.12/site-packages/airflow/example_dags/example_local_kubernetes_executor.py
[2026-03-29T12:13:02.163+0500] {processor.py:830} INFO - Processing file /home/abayturar/airflow-project/venv/lib/python3.12/site-packages/airflow/example_dags/example_local_kubernetes_executor.py for tasks to queue
[2026-03-29T12:13:02.164+0500] {logging_mixin.py:188} INFO - [2026-03-29T12:13:02.164+0500] {dagbag.py:545} INFO - Filling up the DagBag from /home/abayturar/airflow-project/venv/lib/python3.12/site-packages/airflow/example_dags/example_local_kubernetes_executor.py
[2026-03-29T12:13:02.167+0500] {logging_mixin.py:188} INFO - [2026-03-29T12:13:02.167+0500] {example_local_kubernetes_executor.py:40} WARNING - Could not import DAGs in example_local_kubernetes_executor.py
Traceback (most recent call last):
  File "/home/abayturar/airflow-project/venv/lib/python3.12/site-packages/airflow/example_dags/example_local_kubernetes_executor.py", line 38, in <module>
    from kubernetes.client import models as k8s
ModuleNotFoundError: No module named 'kubernetes'
[2026-03-29T12:13:02.168+0500] {logging_mixin.py:188} INFO - [2026-03-29T12:13:02.167+0500] {example_local_kubernetes_executor.py:41} WARNING - Install Kubernetes dependencies with: pip install apache-airflow[cncf.kubernetes]
[2026-03-29T12:13:02.168+0500] {processor.py:842} WARNING - No viable dags retrieved from /home/abayturar/airflow-project/venv/lib/python3.12/site-packages/airflow/example_dags/example_local_kubernetes_executor.py
[2026-03-29T12:13:02.179+0500] {processor.py:183} INFO - Processing /home/abayturar/airflow-project/venv/lib/python3.12/site-packages/airflow/example_dags/example_local_kubernetes_executor.py took 0.023 seconds
[2026-03-29T12:13:51.093+0500] {processor.py:161} INFO - Started process (PID=1580) to work on /home/abayturar/airflow-project/venv/lib/python3.12/site-packages/airflow/example_dags/example_local_kubernetes_executor.py
[2026-03-29T12:13:51.094+0500] {processor.py:830} INFO - Processing file /home/abayturar/airflow-project/venv/lib/python3.12/site-packages/airflow/example_dags/example_local_kubernetes_executor.py for tasks to queue
[2026-03-29T12:13:51.095+0500] {logging_mixin.py:188} INFO - [2026-03-29T12:13:51.095+0500] {dagbag.py:545} INFO - Filling up the DagBag from /home/abayturar/airflow-project/venv/lib/python3.12/site-packages/airflow/example_dags/example_local_kubernetes_executor.py
[2026-03-29T12:13:51.099+0500] {logging_mixin.py:188} INFO - [2026-03-29T12:13:51.098+0500] {example_local_kubernetes_executor.py:40} WARNING - Could not import DAGs in example_local_kubernetes_executor.py
Traceback (most recent call last):
  File "/home/abayturar/airflow-project/venv/lib/python3.12/site-packages/airflow/example_dags/example_local_kubernetes_executor.py", line 38, in <module>
    from kubernetes.client import models as k8s
ModuleNotFoundError: No module named 'kubernetes'
[2026-03-29T12:13:51.099+0500] {logging_mixin.py:188} INFO - [2026-03-29T12:13:51.099+0500] {example_local_kubernetes_executor.py:41} WARNING - Install Kubernetes dependencies with: pip install apache-airflow[cncf.kubernetes]
[2026-03-29T12:13:51.099+0500] {processor.py:842} WARNING - No viable dags retrieved from /home/abayturar/airflow-project/venv/lib/python3.12/site-packages/airflow/example_dags/example_local_kubernetes_executor.py
[2026-03-29T12:13:51.110+0500] {processor.py:183} INFO - Processing /home/abayturar/airflow-project/venv/lib/python3.12/site-packages/airflow/example_dags/example_local_kubernetes_executor.py took 0.023 seconds
[2026-03-29T12:14:44.658+0500] {processor.py:161} INFO - Started process (PID=1717) to work on /home/abayturar/airflow-project/venv/lib/python3.12/site-packages/airflow/example_dags/example_local_kubernetes_executor.py
[2026-03-29T12:14:44.659+0500] {processor.py:830} INFO - Processing file /home/abayturar/airflow-project/venv/lib/python3.12/site-packages/airflow/example_dags/example_local_kubernetes_executor.py for tasks to queue
[2026-03-29T12:14:44.661+0500] {logging_mixin.py:188} INFO - [2026-03-29T12:14:44.661+0500] {dagbag.py:545} INFO - Filling up the DagBag from /home/abayturar/airflow-project/venv/lib/python3.12/site-packages/airflow/example_dags/example_local_kubernetes_executor.py
[2026-03-29T12:14:44.665+0500] {logging_mixin.py:188} INFO - [2026-03-29T12:14:44.665+0500] {example_local_kubernetes_executor.py:40} WARNING - Could not import DAGs in example_local_kubernetes_executor.py
Traceback (most recent call last):
  File "/home/abayturar/airflow-project/venv/lib/python3.12/site-packages/airflow/example_dags/example_local_kubernetes_executor.py", line 38, in <module>
    from kubernetes.client import models as k8s
ModuleNotFoundError: No module named 'kubernetes'
[2026-03-29T12:14:44.665+0500] {logging_mixin.py:188} INFO - [2026-03-29T12:14:44.665+0500] {example_local_kubernetes_executor.py:41} WARNING - Install Kubernetes dependencies with: pip install apache-airflow[cncf.kubernetes]
[2026-03-29T12:14:44.666+0500] {processor.py:842} WARNING - No viable dags retrieved from /home/abayturar/airflow-project/venv/lib/python3.12/site-packages/airflow/example_dags/example_local_kubernetes_executor.py
[2026-03-29T12:14:44.680+0500] {processor.py:183} INFO - Processing /home/abayturar/airflow-project/venv/lib/python3.12/site-packages/airflow/example_dags/example_local_kubernetes_executor.py took 0.029 seconds
[2026-03-29T12:15:38.123+0500] {processor.py:161} INFO - Started process (PID=1857) to work on /home/abayturar/airflow-project/venv/lib/python3.12/site-packages/airflow/example_dags/example_local_kubernetes_executor.py
[2026-03-29T12:15:38.124+0500] {processor.py:830} INFO - Processing file /home/abayturar/airflow-project/venv/lib/python3.12/site-packages/airflow/example_dags/example_local_kubernetes_executor.py for tasks to queue
[2026-03-29T12:15:38.125+0500] {logging_mixin.py:188} INFO - [2026-03-29T12:15:38.125+0500] {dagbag.py:545} INFO - Filling up the DagBag from /home/abayturar/airflow-project/venv/lib/python3.12/site-packages/airflow/example_dags/example_local_kubernetes_executor.py
[2026-03-29T12:15:38.128+0500] {logging_mixin.py:188} INFO - [2026-03-29T12:15:38.128+0500] {example_local_kubernetes_executor.py:40} WARNING - Could not import DAGs in example_local_kubernetes_executor.py
Traceback (most recent call last):
  File "/home/abayturar/airflow-project/venv/lib/python3.12/site-packages/airflow/example_dags/example_local_kubernetes_executor.py", line 38, in <module>
    from kubernetes.client import models as k8s
ModuleNotFoundError: No module named 'kubernetes'
[2026-03-29T12:15:38.128+0500] {logging_mixin.py:188} INFO - [2026-03-29T12:15:38.128+0500] {example_local_kubernetes_executor.py:41} WARNING - Install Kubernetes dependencies with: pip install apache-airflow[cncf.kubernetes]
[2026-03-29T12:15:38.129+0500] {processor.py:842} WARNING - No viable dags retrieved from /home/abayturar/airflow-project/venv/lib/python3.12/site-packages/airflow/example_dags/example_local_kubernetes_executor.py
[2026-03-29T12:15:38.140+0500] {processor.py:183} INFO - Processing /home/abayturar/airflow-project/venv/lib/python3.12/site-packages/airflow/example_dags/example_local_kubernetes_executor.py took 0.023 seconds
[2026-03-29T12:16:31.590+0500] {processor.py:161} INFO - Started process (PID=1997) to work on /home/abayturar/airflow-project/venv/lib/python3.12/site-packages/airflow/example_dags/example_local_kubernetes_executor.py
[2026-03-29T12:16:31.590+0500] {processor.py:830} INFO - Processing file /home/abayturar/airflow-project/venv/lib/python3.12/site-packages/airflow/example_dags/example_local_kubernetes_executor.py for tasks to queue
[2026-03-29T12:16:31.592+0500] {logging_mixin.py:188} INFO - [2026-03-29T12:16:31.592+0500] {dagbag.py:545} INFO - Filling up the DagBag from /home/abayturar/airflow-project/venv/lib/python3.12/site-packages/airflow/example_dags/example_local_kubernetes_executor.py
[2026-03-29T12:16:31.595+0500] {logging_mixin.py:188} INFO - [2026-03-29T12:16:31.595+0500] {example_local_kubernetes_executor.py:40} WARNING - Could not import DAGs in example_local_kubernetes_executor.py
Traceback (most recent call last):
  File "/home/abayturar/airflow-project/venv/lib/python3.12/site-packages/airflow/example_dags/example_local_kubernetes_executor.py", line 38, in <module>
    from kubernetes.client import models as k8s
ModuleNotFoundError: No module named 'kubernetes'
[2026-03-29T12:16:31.595+0500] {logging_mixin.py:188} INFO - [2026-03-29T12:16:31.595+0500] {example_local_kubernetes_executor.py:41} WARNING - Install Kubernetes dependencies with: pip install apache-airflow[cncf.kubernetes]
[2026-03-29T12:16:31.596+0500] {processor.py:842} WARNING - No viable dags retrieved from /home/abayturar/airflow-project/venv/lib/python3.12/site-packages/airflow/example_dags/example_local_kubernetes_executor.py
[2026-03-29T12:16:31.607+0500] {processor.py:183} INFO - Processing /home/abayturar/airflow-project/venv/lib/python3.12/site-packages/airflow/example_dags/example_local_kubernetes_executor.py took 0.023 seconds
[2026-03-29T12:17:24.315+0500] {processor.py:161} INFO - Started process (PID=2131) to work on /home/abayturar/airflow-project/venv/lib/python3.12/site-packages/airflow/example_dags/example_local_kubernetes_executor.py
[2026-03-29T12:17:24.315+0500] {processor.py:830} INFO - Processing file /home/abayturar/airflow-project/venv/lib/python3.12/site-packages/airflow/example_dags/example_local_kubernetes_executor.py for tasks to queue
[2026-03-29T12:17:24.317+0500] {logging_mixin.py:188} INFO - [2026-03-29T12:17:24.317+0500] {dagbag.py:545} INFO - Filling up the DagBag from /home/abayturar/airflow-project/venv/lib/python3.12/site-packages/airflow/example_dags/example_local_kubernetes_executor.py
[2026-03-29T12:17:24.322+0500] {logging_mixin.py:188} INFO - [2026-03-29T12:17:24.321+0500] {example_local_kubernetes_executor.py:40} WARNING - Could not import DAGs in example_local_kubernetes_executor.py
Traceback (most recent call last):
  File "/home/abayturar/airflow-project/venv/lib/python3.12/site-packages/airflow/example_dags/example_local_kubernetes_executor.py", line 38, in <module>
    from kubernetes.client import models as k8s
ModuleNotFoundError: No module named 'kubernetes'
[2026-03-29T12:17:24.322+0500] {logging_mixin.py:188} INFO - [2026-03-29T12:17:24.322+0500] {example_local_kubernetes_executor.py:41} WARNING - Install Kubernetes dependencies with: pip install apache-airflow[cncf.kubernetes]
[2026-03-29T12:17:24.322+0500] {processor.py:842} WARNING - No viable dags retrieved from /home/abayturar/airflow-project/venv/lib/python3.12/site-packages/airflow/example_dags/example_local_kubernetes_executor.py
[2026-03-29T12:17:24.338+0500] {processor.py:183} INFO - Processing /home/abayturar/airflow-project/venv/lib/python3.12/site-packages/airflow/example_dags/example_local_kubernetes_executor.py took 0.031 seconds
[2026-03-29T12:18:17.804+0500] {processor.py:161} INFO - Started process (PID=2271) to work on /home/abayturar/airflow-project/venv/lib/python3.12/site-packages/airflow/example_dags/example_local_kubernetes_executor.py
[2026-03-29T12:18:17.805+0500] {processor.py:830} INFO - Processing file /home/abayturar/airflow-project/venv/lib/python3.12/site-packages/airflow/example_dags/example_local_kubernetes_executor.py for tasks to queue
[2026-03-29T12:18:17.807+0500] {logging_mixin.py:188} INFO - [2026-03-29T12:18:17.807+0500] {dagbag.py:545} INFO - Filling up the DagBag from /home/abayturar/airflow-project/venv/lib/python3.12/site-packages/airflow/example_dags/example_local_kubernetes_executor.py
[2026-03-29T12:18:17.811+0500] {logging_mixin.py:188} INFO - [2026-03-29T12:18:17.810+0500] {example_local_kubernetes_executor.py:40} WARNING - Could not import DAGs in example_local_kubernetes_executor.py
Traceback (most recent call last):
  File "/home/abayturar/airflow-project/venv/lib/python3.12/site-packages/airflow/example_dags/example_local_kubernetes_executor.py", line 38, in <module>
    from kubernetes.client import models as k8s
ModuleNotFoundError: No module named 'kubernetes'
[2026-03-29T12:18:17.811+0500] {logging_mixin.py:188} INFO - [2026-03-29T12:18:17.811+0500] {example_local_kubernetes_executor.py:41} WARNING - Install Kubernetes dependencies with: pip install apache-airflow[cncf.kubernetes]
[2026-03-29T12:18:17.811+0500] {processor.py:842} WARNING - No viable dags retrieved from /home/abayturar/airflow-project/venv/lib/python3.12/site-packages/airflow/example_dags/example_local_kubernetes_executor.py
[2026-03-29T12:18:17.823+0500] {processor.py:183} INFO - Processing /home/abayturar/airflow-project/venv/lib/python3.12/site-packages/airflow/example_dags/example_local_kubernetes_executor.py took 0.025 seconds
[2026-03-29T12:19:06.690+0500] {processor.py:161} INFO - Started process (PID=2401) to work on /home/abayturar/airflow-project/venv/lib/python3.12/site-packages/airflow/example_dags/example_local_kubernetes_executor.py
[2026-03-29T12:19:06.691+0500] {processor.py:830} INFO - Processing file /home/abayturar/airflow-project/venv/lib/python3.12/site-packages/airflow/example_dags/example_local_kubernetes_executor.py for tasks to queue
[2026-03-29T12:19:06.692+0500] {logging_mixin.py:188} INFO - [2026-03-29T12:19:06.692+0500] {dagbag.py:545} INFO - Filling up the DagBag from /home/abayturar/airflow-project/venv/lib/python3.12/site-packages/airflow/example_dags/example_local_kubernetes_executor.py
[2026-03-29T12:19:06.697+0500] {logging_mixin.py:188} INFO - [2026-03-29T12:19:06.696+0500] {example_local_kubernetes_executor.py:40} WARNING - Could not import DAGs in example_local_kubernetes_executor.py
Traceback (most recent call last):
  File "/home/abayturar/airflow-project/venv/lib/python3.12/site-packages/airflow/example_dags/example_local_kubernetes_executor.py", line 38, in <module>
    from kubernetes.client import models as k8s
ModuleNotFoundError: No module named 'kubernetes'
[2026-03-29T12:19:06.697+0500] {logging_mixin.py:188} INFO - [2026-03-29T12:19:06.697+0500] {example_local_kubernetes_executor.py:41} WARNING - Install Kubernetes dependencies with: pip install apache-airflow[cncf.kubernetes]
[2026-03-29T12:19:06.697+0500] {processor.py:842} WARNING - No viable dags retrieved from /home/abayturar/airflow-project/venv/lib/python3.12/site-packages/airflow/example_dags/example_local_kubernetes_executor.py
[2026-03-29T12:19:06.710+0500] {processor.py:183} INFO - Processing /home/abayturar/airflow-project/venv/lib/python3.12/site-packages/airflow/example_dags/example_local_kubernetes_executor.py took 0.026 seconds
[2026-03-29T12:19:57.449+0500] {processor.py:161} INFO - Started process (PID=2535) to work on /home/abayturar/airflow-project/venv/lib/python3.12/site-packages/airflow/example_dags/example_local_kubernetes_executor.py
[2026-03-29T12:19:57.450+0500] {processor.py:830} INFO - Processing file /home/abayturar/airflow-project/venv/lib/python3.12/site-packages/airflow/example_dags/example_local_kubernetes_executor.py for tasks to queue
[2026-03-29T12:19:57.452+0500] {logging_mixin.py:188} INFO - [2026-03-29T12:19:57.452+0500] {dagbag.py:545} INFO - Filling up the DagBag from /home/abayturar/airflow-project/venv/lib/python3.12/site-packages/airflow/example_dags/example_local_kubernetes_executor.py
[2026-03-29T12:19:57.455+0500] {logging_mixin.py:188} INFO - [2026-03-29T12:19:57.454+0500] {example_local_kubernetes_executor.py:40} WARNING - Could not import DAGs in example_local_kubernetes_executor.py
Traceback (most recent call last):
  File "/home/abayturar/airflow-project/venv/lib/python3.12/site-packages/airflow/example_dags/example_local_kubernetes_executor.py", line 38, in <module>
    from kubernetes.client import models as k8s
ModuleNotFoundError: No module named 'kubernetes'
[2026-03-29T12:19:57.455+0500] {logging_mixin.py:188} INFO - [2026-03-29T12:19:57.455+0500] {example_local_kubernetes_executor.py:41} WARNING - Install Kubernetes dependencies with: pip install apache-airflow[cncf.kubernetes]
[2026-03-29T12:19:57.456+0500] {processor.py:842} WARNING - No viable dags retrieved from /home/abayturar/airflow-project/venv/lib/python3.12/site-packages/airflow/example_dags/example_local_kubernetes_executor.py
[2026-03-29T12:19:57.467+0500] {processor.py:183} INFO - Processing /home/abayturar/airflow-project/venv/lib/python3.12/site-packages/airflow/example_dags/example_local_kubernetes_executor.py took 0.023 seconds
[2026-03-29T12:20:52.140+0500] {processor.py:161} INFO - Started process (PID=2674) to work on /home/abayturar/airflow-project/venv/lib/python3.12/site-packages/airflow/example_dags/example_local_kubernetes_executor.py
[2026-03-29T12:20:52.141+0500] {processor.py:830} INFO - Processing file /home/abayturar/airflow-project/venv/lib/python3.12/site-packages/airflow/example_dags/example_local_kubernetes_executor.py for tasks to queue
[2026-03-29T12:20:52.143+0500] {logging_mixin.py:188} INFO - [2026-03-29T12:20:52.142+0500] {dagbag.py:545} INFO - Filling up the DagBag from /home/abayturar/airflow-project/venv/lib/python3.12/site-packages/airflow/example_dags/example_local_kubernetes_executor.py
[2026-03-29T12:20:52.147+0500] {logging_mixin.py:188} INFO - [2026-03-29T12:20:52.146+0500] {example_local_kubernetes_executor.py:40} WARNING - Could not import DAGs in example_local_kubernetes_executor.py
Traceback (most recent call last):
  File "/home/abayturar/airflow-project/venv/lib/python3.12/site-packages/airflow/example_dags/example_local_kubernetes_executor.py", line 38, in <module>
    from kubernetes.client import models as k8s
ModuleNotFoundError: No module named 'kubernetes'
[2026-03-29T12:20:52.147+0500] {logging_mixin.py:188} INFO - [2026-03-29T12:20:52.147+0500] {example_local_kubernetes_executor.py:41} WARNING - Install Kubernetes dependencies with: pip install apache-airflow[cncf.kubernetes]
[2026-03-29T12:20:52.148+0500] {processor.py:842} WARNING - No viable dags retrieved from /home/abayturar/airflow-project/venv/lib/python3.12/site-packages/airflow/example_dags/example_local_kubernetes_executor.py
[2026-03-29T12:20:52.160+0500] {processor.py:183} INFO - Processing /home/abayturar/airflow-project/venv/lib/python3.12/site-packages/airflow/example_dags/example_local_kubernetes_executor.py took 0.027 seconds
[2026-03-29T12:21:44.949+0500] {processor.py:161} INFO - Started process (PID=2813) to work on /home/abayturar/airflow-project/venv/lib/python3.12/site-packages/airflow/example_dags/example_local_kubernetes_executor.py
[2026-03-29T12:21:44.950+0500] {processor.py:830} INFO - Processing file /home/abayturar/airflow-project/venv/lib/python3.12/site-packages/airflow/example_dags/example_local_kubernetes_executor.py for tasks to queue
[2026-03-29T12:21:44.952+0500] {logging_mixin.py:188} INFO - [2026-03-29T12:21:44.952+0500] {dagbag.py:545} INFO - Filling up the DagBag from /home/abayturar/airflow-project/venv/lib/python3.12/site-packages/airflow/example_dags/example_local_kubernetes_executor.py
[2026-03-29T12:21:44.956+0500] {logging_mixin.py:188} INFO - [2026-03-29T12:21:44.955+0500] {example_local_kubernetes_executor.py:40} WARNING - Could not import DAGs in example_local_kubernetes_executor.py
Traceback (most recent call last):
  File "/home/abayturar/airflow-project/venv/lib/python3.12/site-packages/airflow/example_dags/example_local_kubernetes_executor.py", line 38, in <module>
    from kubernetes.client import models as k8s
ModuleNotFoundError: No module named 'kubernetes'
[2026-03-29T12:21:44.957+0500] {logging_mixin.py:188} INFO - [2026-03-29T12:21:44.957+0500] {example_local_kubernetes_executor.py:41} WARNING - Install Kubernetes dependencies with: pip install apache-airflow[cncf.kubernetes]
[2026-03-29T12:21:44.957+0500] {processor.py:842} WARNING - No viable dags retrieved from /home/abayturar/airflow-project/venv/lib/python3.12/site-packages/airflow/example_dags/example_local_kubernetes_executor.py
[2026-03-29T12:21:44.971+0500] {processor.py:183} INFO - Processing /home/abayturar/airflow-project/venv/lib/python3.12/site-packages/airflow/example_dags/example_local_kubernetes_executor.py took 0.030 seconds
[2026-03-29T12:22:36.393+0500] {processor.py:161} INFO - Started process (PID=3070) to work on /home/abayturar/airflow-project/venv/lib/python3.12/site-packages/airflow/example_dags/example_local_kubernetes_executor.py
[2026-03-29T12:22:36.394+0500] {processor.py:830} INFO - Processing file /home/abayturar/airflow-project/venv/lib/python3.12/site-packages/airflow/example_dags/example_local_kubernetes_executor.py for tasks to queue
[2026-03-29T12:22:36.396+0500] {logging_mixin.py:188} INFO - [2026-03-29T12:22:36.396+0500] {dagbag.py:545} INFO - Filling up the DagBag from /home/abayturar/airflow-project/venv/lib/python3.12/site-packages/airflow/example_dags/example_local_kubernetes_executor.py
[2026-03-29T12:22:36.399+0500] {logging_mixin.py:188} INFO - [2026-03-29T12:22:36.399+0500] {example_local_kubernetes_executor.py:40} WARNING - Could not import DAGs in example_local_kubernetes_executor.py
Traceback (most recent call last):
  File "/home/abayturar/airflow-project/venv/lib/python3.12/site-packages/airflow/example_dags/example_local_kubernetes_executor.py", line 38, in <module>
    from kubernetes.client import models as k8s
ModuleNotFoundError: No module named 'kubernetes'
[2026-03-29T12:22:36.400+0500] {logging_mixin.py:188} INFO - [2026-03-29T12:22:36.399+0500] {example_local_kubernetes_executor.py:41} WARNING - Install Kubernetes dependencies with: pip install apache-airflow[cncf.kubernetes]
[2026-03-29T12:22:36.400+0500] {processor.py:842} WARNING - No viable dags retrieved from /home/abayturar/airflow-project/venv/lib/python3.12/site-packages/airflow/example_dags/example_local_kubernetes_executor.py
[2026-03-29T12:22:36.411+0500] {processor.py:183} INFO - Processing /home/abayturar/airflow-project/venv/lib/python3.12/site-packages/airflow/example_dags/example_local_kubernetes_executor.py took 0.024 seconds
[2026-03-29T12:23:28.280+0500] {processor.py:161} INFO - Started process (PID=3272) to work on /home/abayturar/airflow-project/venv/lib/python3.12/site-packages/airflow/example_dags/example_local_kubernetes_executor.py
[2026-03-29T12:23:28.281+0500] {processor.py:830} INFO - Processing file /home/abayturar/airflow-project/venv/lib/python3.12/site-packages/airflow/example_dags/example_local_kubernetes_executor.py for tasks to queue
[2026-03-29T12:23:28.283+0500] {logging_mixin.py:188} INFO - [2026-03-29T12:23:28.282+0500] {dagbag.py:545} INFO - Filling up the DagBag from /home/abayturar/airflow-project/venv/lib/python3.12/site-packages/airflow/example_dags/example_local_kubernetes_executor.py
[2026-03-29T12:23:28.286+0500] {logging_mixin.py:188} INFO - [2026-03-29T12:23:28.285+0500] {example_local_kubernetes_executor.py:40} WARNING - Could not import DAGs in example_local_kubernetes_executor.py
Traceback (most recent call last):
  File "/home/abayturar/airflow-project/venv/lib/python3.12/site-packages/airflow/example_dags/example_local_kubernetes_executor.py", line 38, in <module>
    from kubernetes.client import models as k8s
ModuleNotFoundError: No module named 'kubernetes'
[2026-03-29T12:23:28.286+0500] {logging_mixin.py:188} INFO - [2026-03-29T12:23:28.286+0500] {example_local_kubernetes_executor.py:41} WARNING - Install Kubernetes dependencies with: pip install apache-airflow[cncf.kubernetes]
[2026-03-29T12:23:28.286+0500] {processor.py:842} WARNING - No viable dags retrieved from /home/abayturar/airflow-project/venv/lib/python3.12/site-packages/airflow/example_dags/example_local_kubernetes_executor.py
[2026-03-29T12:23:28.298+0500] {processor.py:183} INFO - Processing /home/abayturar/airflow-project/venv/lib/python3.12/site-packages/airflow/example_dags/example_local_kubernetes_executor.py took 0.023 seconds
[2026-03-29T12:24:21.592+0500] {processor.py:161} INFO - Started process (PID=3496) to work on /home/abayturar/airflow-project/venv/lib/python3.12/site-packages/airflow/example_dags/example_local_kubernetes_executor.py
[2026-03-29T12:24:21.593+0500] {processor.py:830} INFO - Processing file /home/abayturar/airflow-project/venv/lib/python3.12/site-packages/airflow/example_dags/example_local_kubernetes_executor.py for tasks to queue
[2026-03-29T12:24:21.595+0500] {logging_mixin.py:188} INFO - [2026-03-29T12:24:21.594+0500] {dagbag.py:545} INFO - Filling up the DagBag from /home/abayturar/airflow-project/venv/lib/python3.12/site-packages/airflow/example_dags/example_local_kubernetes_executor.py
[2026-03-29T12:24:21.598+0500] {logging_mixin.py:188} INFO - [2026-03-29T12:24:21.597+0500] {example_local_kubernetes_executor.py:40} WARNING - Could not import DAGs in example_local_kubernetes_executor.py
Traceback (most recent call last):
  File "/home/abayturar/airflow-project/venv/lib/python3.12/site-packages/airflow/example_dags/example_local_kubernetes_executor.py", line 38, in <module>
    from kubernetes.client import models as k8s
ModuleNotFoundError: No module named 'kubernetes'
[2026-03-29T12:24:21.598+0500] {logging_mixin.py:188} INFO - [2026-03-29T12:24:21.598+0500] {example_local_kubernetes_executor.py:41} WARNING - Install Kubernetes dependencies with: pip install apache-airflow[cncf.kubernetes]
[2026-03-29T12:24:21.598+0500] {processor.py:842} WARNING - No viable dags retrieved from /home/abayturar/airflow-project/venv/lib/python3.12/site-packages/airflow/example_dags/example_local_kubernetes_executor.py
[2026-03-29T12:24:21.609+0500] {processor.py:183} INFO - Processing /home/abayturar/airflow-project/venv/lib/python3.12/site-packages/airflow/example_dags/example_local_kubernetes_executor.py took 0.023 seconds
[2026-03-29T12:25:14.889+0500] {processor.py:161} INFO - Started process (PID=3636) to work on /home/abayturar/airflow-project/venv/lib/python3.12/site-packages/airflow/example_dags/example_local_kubernetes_executor.py
[2026-03-29T12:25:14.891+0500] {processor.py:830} INFO - Processing file /home/abayturar/airflow-project/venv/lib/python3.12/site-packages/airflow/example_dags/example_local_kubernetes_executor.py for tasks to queue
[2026-03-29T12:25:14.893+0500] {logging_mixin.py:188} INFO - [2026-03-29T12:25:14.892+0500] {dagbag.py:545} INFO - Filling up the DagBag from /home/abayturar/airflow-project/venv/lib/python3.12/site-packages/airflow/example_dags/example_local_kubernetes_executor.py
[2026-03-29T12:25:14.896+0500] {logging_mixin.py:188} INFO - [2026-03-29T12:25:14.896+0500] {example_local_kubernetes_executor.py:40} WARNING - Could not import DAGs in example_local_kubernetes_executor.py
Traceback (most recent call last):
  File "/home/abayturar/airflow-project/venv/lib/python3.12/site-packages/airflow/example_dags/example_local_kubernetes_executor.py", line 38, in <module>
    from kubernetes.client import models as k8s
ModuleNotFoundError: No module named 'kubernetes'
[2026-03-29T12:25:14.897+0500] {logging_mixin.py:188} INFO - [2026-03-29T12:25:14.897+0500] {example_local_kubernetes_executor.py:41} WARNING - Install Kubernetes dependencies with: pip install apache-airflow[cncf.kubernetes]
[2026-03-29T12:25:14.897+0500] {processor.py:842} WARNING - No viable dags retrieved from /home/abayturar/airflow-project/venv/lib/python3.12/site-packages/airflow/example_dags/example_local_kubernetes_executor.py
[2026-03-29T12:25:14.909+0500] {processor.py:183} INFO - Processing /home/abayturar/airflow-project/venv/lib/python3.12/site-packages/airflow/example_dags/example_local_kubernetes_executor.py took 0.028 seconds
[2026-03-29T12:26:06.687+0500] {processor.py:161} INFO - Started process (PID=3868) to work on /home/abayturar/airflow-project/venv/lib/python3.12/site-packages/airflow/example_dags/example_local_kubernetes_executor.py
[2026-03-29T12:26:06.688+0500] {processor.py:830} INFO - Processing file /home/abayturar/airflow-project/venv/lib/python3.12/site-packages/airflow/example_dags/example_local_kubernetes_executor.py for tasks to queue
[2026-03-29T12:26:06.690+0500] {logging_mixin.py:188} INFO - [2026-03-29T12:26:06.689+0500] {dagbag.py:545} INFO - Filling up the DagBag from /home/abayturar/airflow-project/venv/lib/python3.12/site-packages/airflow/example_dags/example_local_kubernetes_executor.py
[2026-03-29T12:26:06.693+0500] {logging_mixin.py:188} INFO - [2026-03-29T12:26:06.693+0500] {example_local_kubernetes_executor.py:40} WARNING - Could not import DAGs in example_local_kubernetes_executor.py
Traceback (most recent call last):
  File "/home/abayturar/airflow-project/venv/lib/python3.12/site-packages/airflow/example_dags/example_local_kubernetes_executor.py", line 38, in <module>
    from kubernetes.client import models as k8s
ModuleNotFoundError: No module named 'kubernetes'
[2026-03-29T12:26:06.694+0500] {logging_mixin.py:188} INFO - [2026-03-29T12:26:06.693+0500] {example_local_kubernetes_executor.py:41} WARNING - Install Kubernetes dependencies with: pip install apache-airflow[cncf.kubernetes]
[2026-03-29T12:26:06.694+0500] {processor.py:842} WARNING - No viable dags retrieved from /home/abayturar/airflow-project/venv/lib/python3.12/site-packages/airflow/example_dags/example_local_kubernetes_executor.py
[2026-03-29T12:26:06.707+0500] {processor.py:183} INFO - Processing /home/abayturar/airflow-project/venv/lib/python3.12/site-packages/airflow/example_dags/example_local_kubernetes_executor.py took 0.027 seconds
[2026-03-29T12:26:54.761+0500] {processor.py:161} INFO - Started process (PID=4098) to work on /home/abayturar/airflow-project/venv/lib/python3.12/site-packages/airflow/example_dags/example_local_kubernetes_executor.py
[2026-03-29T12:26:54.762+0500] {processor.py:830} INFO - Processing file /home/abayturar/airflow-project/venv/lib/python3.12/site-packages/airflow/example_dags/example_local_kubernetes_executor.py for tasks to queue
[2026-03-29T12:26:54.764+0500] {logging_mixin.py:188} INFO - [2026-03-29T12:26:54.764+0500] {dagbag.py:545} INFO - Filling up the DagBag from /home/abayturar/airflow-project/venv/lib/python3.12/site-packages/airflow/example_dags/example_local_kubernetes_executor.py
[2026-03-29T12:26:54.769+0500] {logging_mixin.py:188} INFO - [2026-03-29T12:26:54.768+0500] {example_local_kubernetes_executor.py:40} WARNING - Could not import DAGs in example_local_kubernetes_executor.py
Traceback (most recent call last):
  File "/home/abayturar/airflow-project/venv/lib/python3.12/site-packages/airflow/example_dags/example_local_kubernetes_executor.py", line 38, in <module>
    from kubernetes.client import models as k8s
ModuleNotFoundError: No module named 'kubernetes'
[2026-03-29T12:26:54.770+0500] {logging_mixin.py:188} INFO - [2026-03-29T12:26:54.769+0500] {example_local_kubernetes_executor.py:41} WARNING - Install Kubernetes dependencies with: pip install apache-airflow[cncf.kubernetes]
[2026-03-29T12:26:54.770+0500] {processor.py:842} WARNING - No viable dags retrieved from /home/abayturar/airflow-project/venv/lib/python3.12/site-packages/airflow/example_dags/example_local_kubernetes_executor.py
[2026-03-29T12:26:54.783+0500] {processor.py:183} INFO - Processing /home/abayturar/airflow-project/venv/lib/python3.12/site-packages/airflow/example_dags/example_local_kubernetes_executor.py took 0.030 seconds
[2026-03-29T12:27:44.987+0500] {processor.py:161} INFO - Started process (PID=4377) to work on /home/abayturar/airflow-project/venv/lib/python3.12/site-packages/airflow/example_dags/example_local_kubernetes_executor.py
[2026-03-29T12:27:44.988+0500] {processor.py:830} INFO - Processing file /home/abayturar/airflow-project/venv/lib/python3.12/site-packages/airflow/example_dags/example_local_kubernetes_executor.py for tasks to queue
[2026-03-29T12:27:44.989+0500] {logging_mixin.py:188} INFO - [2026-03-29T12:27:44.989+0500] {dagbag.py:545} INFO - Filling up the DagBag from /home/abayturar/airflow-project/venv/lib/python3.12/site-packages/airflow/example_dags/example_local_kubernetes_executor.py
[2026-03-29T12:27:44.993+0500] {logging_mixin.py:188} INFO - [2026-03-29T12:27:44.992+0500] {example_local_kubernetes_executor.py:40} WARNING - Could not import DAGs in example_local_kubernetes_executor.py
Traceback (most recent call last):
  File "/home/abayturar/airflow-project/venv/lib/python3.12/site-packages/airflow/example_dags/example_local_kubernetes_executor.py", line 38, in <module>
    from kubernetes.client import models as k8s
ModuleNotFoundError: No module named 'kubernetes'
[2026-03-29T12:27:44.993+0500] {logging_mixin.py:188} INFO - [2026-03-29T12:27:44.993+0500] {example_local_kubernetes_executor.py:41} WARNING - Install Kubernetes dependencies with: pip install apache-airflow[cncf.kubernetes]
[2026-03-29T12:27:44.993+0500] {processor.py:842} WARNING - No viable dags retrieved from /home/abayturar/airflow-project/venv/lib/python3.12/site-packages/airflow/example_dags/example_local_kubernetes_executor.py
[2026-03-29T12:27:45.006+0500] {processor.py:183} INFO - Processing /home/abayturar/airflow-project/venv/lib/python3.12/site-packages/airflow/example_dags/example_local_kubernetes_executor.py took 0.026 seconds
[2026-03-29T12:28:33.960+0500] {processor.py:161} INFO - Started process (PID=4545) to work on /home/abayturar/airflow-project/venv/lib/python3.12/site-packages/airflow/example_dags/example_local_kubernetes_executor.py
[2026-03-29T12:28:33.961+0500] {processor.py:830} INFO - Processing file /home/abayturar/airflow-project/venv/lib/python3.12/site-packages/airflow/example_dags/example_local_kubernetes_executor.py for tasks to queue
[2026-03-29T12:28:33.963+0500] {logging_mixin.py:188} INFO - [2026-03-29T12:28:33.962+0500] {dagbag.py:545} INFO - Filling up the DagBag from /home/abayturar/airflow-project/venv/lib/python3.12/site-packages/airflow/example_dags/example_local_kubernetes_executor.py
[2026-03-29T12:28:33.967+0500] {logging_mixin.py:188} INFO - [2026-03-29T12:28:33.966+0500] {example_local_kubernetes_executor.py:40} WARNING - Could not import DAGs in example_local_kubernetes_executor.py
Traceback (most recent call last):
  File "/home/abayturar/airflow-project/venv/lib/python3.12/site-packages/airflow/example_dags/example_local_kubernetes_executor.py", line 38, in <module>
    from kubernetes.client import models as k8s
ModuleNotFoundError: No module named 'kubernetes'
[2026-03-29T12:28:33.967+0500] {logging_mixin.py:188} INFO - [2026-03-29T12:28:33.967+0500] {example_local_kubernetes_executor.py:41} WARNING - Install Kubernetes dependencies with: pip install apache-airflow[cncf.kubernetes]
[2026-03-29T12:28:33.967+0500] {processor.py:842} WARNING - No viable dags retrieved from /home/abayturar/airflow-project/venv/lib/python3.12/site-packages/airflow/example_dags/example_local_kubernetes_executor.py
[2026-03-29T12:28:33.980+0500] {processor.py:183} INFO - Processing /home/abayturar/airflow-project/venv/lib/python3.12/site-packages/airflow/example_dags/example_local_kubernetes_executor.py took 0.026 seconds
[2026-03-29T12:29:20.371+0500] {processor.py:161} INFO - Started process (PID=4666) to work on /home/abayturar/airflow-project/venv/lib/python3.12/site-packages/airflow/example_dags/example_local_kubernetes_executor.py
[2026-03-29T12:29:20.372+0500] {processor.py:830} INFO - Processing file /home/abayturar/airflow-project/venv/lib/python3.12/site-packages/airflow/example_dags/example_local_kubernetes_executor.py for tasks to queue
[2026-03-29T12:29:20.374+0500] {logging_mixin.py:188} INFO - [2026-03-29T12:29:20.373+0500] {dagbag.py:545} INFO - Filling up the DagBag from /home/abayturar/airflow-project/venv/lib/python3.12/site-packages/airflow/example_dags/example_local_kubernetes_executor.py
[2026-03-29T12:29:20.378+0500] {logging_mixin.py:188} INFO - [2026-03-29T12:29:20.377+0500] {example_local_kubernetes_executor.py:40} WARNING - Could not import DAGs in example_local_kubernetes_executor.py
Traceback (most recent call last):
  File "/home/abayturar/airflow-project/venv/lib/python3.12/site-packages/airflow/example_dags/example_local_kubernetes_executor.py", line 38, in <module>
    from kubernetes.client import models as k8s
ModuleNotFoundError: No module named 'kubernetes'
[2026-03-29T12:29:20.378+0500] {logging_mixin.py:188} INFO - [2026-03-29T12:29:20.378+0500] {example_local_kubernetes_executor.py:41} WARNING - Install Kubernetes dependencies with: pip install apache-airflow[cncf.kubernetes]
[2026-03-29T12:29:20.378+0500] {processor.py:842} WARNING - No viable dags retrieved from /home/abayturar/airflow-project/venv/lib/python3.12/site-packages/airflow/example_dags/example_local_kubernetes_executor.py
[2026-03-29T12:29:20.392+0500] {processor.py:183} INFO - Processing /home/abayturar/airflow-project/venv/lib/python3.12/site-packages/airflow/example_dags/example_local_kubernetes_executor.py took 0.028 seconds
[2026-03-29T12:30:09.879+0500] {processor.py:161} INFO - Started process (PID=4958) to work on /home/abayturar/airflow-project/venv/lib/python3.12/site-packages/airflow/example_dags/example_local_kubernetes_executor.py
[2026-03-29T12:30:09.880+0500] {processor.py:830} INFO - Processing file /home/abayturar/airflow-project/venv/lib/python3.12/site-packages/airflow/example_dags/example_local_kubernetes_executor.py for tasks to queue
[2026-03-29T12:30:09.882+0500] {logging_mixin.py:188} INFO - [2026-03-29T12:30:09.881+0500] {dagbag.py:545} INFO - Filling up the DagBag from /home/abayturar/airflow-project/venv/lib/python3.12/site-packages/airflow/example_dags/example_local_kubernetes_executor.py
[2026-03-29T12:30:09.886+0500] {logging_mixin.py:188} INFO - [2026-03-29T12:30:09.885+0500] {example_local_kubernetes_executor.py:40} WARNING - Could not import DAGs in example_local_kubernetes_executor.py
Traceback (most recent call last):
  File "/home/abayturar/airflow-project/venv/lib/python3.12/site-packages/airflow/example_dags/example_local_kubernetes_executor.py", line 38, in <module>
    from kubernetes.client import models as k8s
ModuleNotFoundError: No module named 'kubernetes'
[2026-03-29T12:30:09.886+0500] {logging_mixin.py:188} INFO - [2026-03-29T12:30:09.886+0500] {example_local_kubernetes_executor.py:41} WARNING - Install Kubernetes dependencies with: pip install apache-airflow[cncf.kubernetes]
[2026-03-29T12:30:09.886+0500] {processor.py:842} WARNING - No viable dags retrieved from /home/abayturar/airflow-project/venv/lib/python3.12/site-packages/airflow/example_dags/example_local_kubernetes_executor.py
[2026-03-29T12:30:09.899+0500] {processor.py:183} INFO - Processing /home/abayturar/airflow-project/venv/lib/python3.12/site-packages/airflow/example_dags/example_local_kubernetes_executor.py took 0.028 seconds
[2026-03-29T12:31:00.237+0500] {processor.py:161} INFO - Started process (PID=5176) to work on /home/abayturar/airflow-project/venv/lib/python3.12/site-packages/airflow/example_dags/example_local_kubernetes_executor.py
[2026-03-29T12:31:00.237+0500] {processor.py:830} INFO - Processing file /home/abayturar/airflow-project/venv/lib/python3.12/site-packages/airflow/example_dags/example_local_kubernetes_executor.py for tasks to queue
[2026-03-29T12:31:00.239+0500] {logging_mixin.py:188} INFO - [2026-03-29T12:31:00.239+0500] {dagbag.py:545} INFO - Filling up the DagBag from /home/abayturar/airflow-project/venv/lib/python3.12/site-packages/airflow/example_dags/example_local_kubernetes_executor.py
[2026-03-29T12:31:00.242+0500] {logging_mixin.py:188} INFO - [2026-03-29T12:31:00.242+0500] {example_local_kubernetes_executor.py:40} WARNING - Could not import DAGs in example_local_kubernetes_executor.py
Traceback (most recent call last):
  File "/home/abayturar/airflow-project/venv/lib/python3.12/site-packages/airflow/example_dags/example_local_kubernetes_executor.py", line 38, in <module>
    from kubernetes.client import models as k8s
ModuleNotFoundError: No module named 'kubernetes'
[2026-03-29T12:31:00.242+0500] {logging_mixin.py:188} INFO - [2026-03-29T12:31:00.242+0500] {example_local_kubernetes_executor.py:41} WARNING - Install Kubernetes dependencies with: pip install apache-airflow[cncf.kubernetes]
[2026-03-29T12:31:00.243+0500] {processor.py:842} WARNING - No viable dags retrieved from /home/abayturar/airflow-project/venv/lib/python3.12/site-packages/airflow/example_dags/example_local_kubernetes_executor.py
[2026-03-29T12:31:00.254+0500] {processor.py:183} INFO - Processing /home/abayturar/airflow-project/venv/lib/python3.12/site-packages/airflow/example_dags/example_local_kubernetes_executor.py took 0.023 seconds
[2026-03-29T12:31:48.065+0500] {processor.py:161} INFO - Started process (PID=5487) to work on /home/abayturar/airflow-project/venv/lib/python3.12/site-packages/airflow/example_dags/example_local_kubernetes_executor.py
[2026-03-29T12:31:48.066+0500] {processor.py:830} INFO - Processing file /home/abayturar/airflow-project/venv/lib/python3.12/site-packages/airflow/example_dags/example_local_kubernetes_executor.py for tasks to queue
[2026-03-29T12:31:48.068+0500] {logging_mixin.py:188} INFO - [2026-03-29T12:31:48.067+0500] {dagbag.py:545} INFO - Filling up the DagBag from /home/abayturar/airflow-project/venv/lib/python3.12/site-packages/airflow/example_dags/example_local_kubernetes_executor.py
[2026-03-29T12:31:48.071+0500] {logging_mixin.py:188} INFO - [2026-03-29T12:31:48.070+0500] {example_local_kubernetes_executor.py:40} WARNING - Could not import DAGs in example_local_kubernetes_executor.py
Traceback (most recent call last):
  File "/home/abayturar/airflow-project/venv/lib/python3.12/site-packages/airflow/example_dags/example_local_kubernetes_executor.py", line 38, in <module>
    from kubernetes.client import models as k8s
ModuleNotFoundError: No module named 'kubernetes'
[2026-03-29T12:31:48.071+0500] {logging_mixin.py:188} INFO - [2026-03-29T12:31:48.071+0500] {example_local_kubernetes_executor.py:41} WARNING - Install Kubernetes dependencies with: pip install apache-airflow[cncf.kubernetes]
[2026-03-29T12:31:48.072+0500] {processor.py:842} WARNING - No viable dags retrieved from /home/abayturar/airflow-project/venv/lib/python3.12/site-packages/airflow/example_dags/example_local_kubernetes_executor.py
[2026-03-29T12:31:48.084+0500] {processor.py:183} INFO - Processing /home/abayturar/airflow-project/venv/lib/python3.12/site-packages/airflow/example_dags/example_local_kubernetes_executor.py took 0.026 seconds
[2026-03-29T12:32:35.396+0500] {processor.py:161} INFO - Started process (PID=6032) to work on /home/abayturar/airflow-project/venv/lib/python3.12/site-packages/airflow/example_dags/example_local_kubernetes_executor.py
[2026-03-29T12:32:35.397+0500] {processor.py:830} INFO - Processing file /home/abayturar/airflow-project/venv/lib/python3.12/site-packages/airflow/example_dags/example_local_kubernetes_executor.py for tasks to queue
[2026-03-29T12:32:35.399+0500] {logging_mixin.py:188} INFO - [2026-03-29T12:32:35.399+0500] {dagbag.py:545} INFO - Filling up the DagBag from /home/abayturar/airflow-project/venv/lib/python3.12/site-packages/airflow/example_dags/example_local_kubernetes_executor.py
[2026-03-29T12:32:35.403+0500] {logging_mixin.py:188} INFO - [2026-03-29T12:32:35.402+0500] {example_local_kubernetes_executor.py:40} WARNING - Could not import DAGs in example_local_kubernetes_executor.py
Traceback (most recent call last):
  File "/home/abayturar/airflow-project/venv/lib/python3.12/site-packages/airflow/example_dags/example_local_kubernetes_executor.py", line 38, in <module>
    from kubernetes.client import models as k8s
ModuleNotFoundError: No module named 'kubernetes'
[2026-03-29T12:32:35.403+0500] {logging_mixin.py:188} INFO - [2026-03-29T12:32:35.403+0500] {example_local_kubernetes_executor.py:41} WARNING - Install Kubernetes dependencies with: pip install apache-airflow[cncf.kubernetes]
[2026-03-29T12:32:35.403+0500] {processor.py:842} WARNING - No viable dags retrieved from /home/abayturar/airflow-project/venv/lib/python3.12/site-packages/airflow/example_dags/example_local_kubernetes_executor.py
[2026-03-29T12:32:35.417+0500] {processor.py:183} INFO - Processing /home/abayturar/airflow-project/venv/lib/python3.12/site-packages/airflow/example_dags/example_local_kubernetes_executor.py took 0.027 seconds
[2026-03-29T12:33:25.514+0500] {processor.py:161} INFO - Started process (PID=6162) to work on /home/abayturar/airflow-project/venv/lib/python3.12/site-packages/airflow/example_dags/example_local_kubernetes_executor.py
[2026-03-29T12:33:25.515+0500] {processor.py:830} INFO - Processing file /home/abayturar/airflow-project/venv/lib/python3.12/site-packages/airflow/example_dags/example_local_kubernetes_executor.py for tasks to queue
[2026-03-29T12:33:25.516+0500] {logging_mixin.py:188} INFO - [2026-03-29T12:33:25.516+0500] {dagbag.py:545} INFO - Filling up the DagBag from /home/abayturar/airflow-project/venv/lib/python3.12/site-packages/airflow/example_dags/example_local_kubernetes_executor.py
[2026-03-29T12:33:25.520+0500] {logging_mixin.py:188} INFO - [2026-03-29T12:33:25.519+0500] {example_local_kubernetes_executor.py:40} WARNING - Could not import DAGs in example_local_kubernetes_executor.py
Traceback (most recent call last):
  File "/home/abayturar/airflow-project/venv/lib/python3.12/site-packages/airflow/example_dags/example_local_kubernetes_executor.py", line 38, in <module>
    from kubernetes.client import models as k8s
ModuleNotFoundError: No module named 'kubernetes'
[2026-03-29T12:33:25.520+0500] {logging_mixin.py:188} INFO - [2026-03-29T12:33:25.520+0500] {example_local_kubernetes_executor.py:41} WARNING - Install Kubernetes dependencies with: pip install apache-airflow[cncf.kubernetes]
[2026-03-29T12:33:25.521+0500] {processor.py:842} WARNING - No viable dags retrieved from /home/abayturar/airflow-project/venv/lib/python3.12/site-packages/airflow/example_dags/example_local_kubernetes_executor.py
[2026-03-29T12:33:25.533+0500] {processor.py:183} INFO - Processing /home/abayturar/airflow-project/venv/lib/python3.12/site-packages/airflow/example_dags/example_local_kubernetes_executor.py took 0.026 seconds
[2026-03-29T12:34:13.419+0500] {processor.py:161} INFO - Started process (PID=6301) to work on /home/abayturar/airflow-project/venv/lib/python3.12/site-packages/airflow/example_dags/example_local_kubernetes_executor.py
[2026-03-29T12:34:13.421+0500] {processor.py:830} INFO - Processing file /home/abayturar/airflow-project/venv/lib/python3.12/site-packages/airflow/example_dags/example_local_kubernetes_executor.py for tasks to queue
[2026-03-29T12:34:13.423+0500] {logging_mixin.py:188} INFO - [2026-03-29T12:34:13.423+0500] {dagbag.py:545} INFO - Filling up the DagBag from /home/abayturar/airflow-project/venv/lib/python3.12/site-packages/airflow/example_dags/example_local_kubernetes_executor.py
[2026-03-29T12:34:13.428+0500] {logging_mixin.py:188} INFO - [2026-03-29T12:34:13.427+0500] {example_local_kubernetes_executor.py:40} WARNING - Could not import DAGs in example_local_kubernetes_executor.py
Traceback (most recent call last):
  File "/home/abayturar/airflow-project/venv/lib/python3.12/site-packages/airflow/example_dags/example_local_kubernetes_executor.py", line 38, in <module>
    from kubernetes.client import models as k8s
ModuleNotFoundError: No module named 'kubernetes'
[2026-03-29T12:34:13.429+0500] {logging_mixin.py:188} INFO - [2026-03-29T12:34:13.428+0500] {example_local_kubernetes_executor.py:41} WARNING - Install Kubernetes dependencies with: pip install apache-airflow[cncf.kubernetes]
[2026-03-29T12:34:13.429+0500] {processor.py:842} WARNING - No viable dags retrieved from /home/abayturar/airflow-project/venv/lib/python3.12/site-packages/airflow/example_dags/example_local_kubernetes_executor.py
[2026-03-29T12:34:13.442+0500] {processor.py:183} INFO - Processing /home/abayturar/airflow-project/venv/lib/python3.12/site-packages/airflow/example_dags/example_local_kubernetes_executor.py took 0.033 seconds
[2026-03-29T12:35:02.287+0500] {processor.py:161} INFO - Started process (PID=6430) to work on /home/abayturar/airflow-project/venv/lib/python3.12/site-packages/airflow/example_dags/example_local_kubernetes_executor.py
[2026-03-29T12:35:02.288+0500] {processor.py:830} INFO - Processing file /home/abayturar/airflow-project/venv/lib/python3.12/site-packages/airflow/example_dags/example_local_kubernetes_executor.py for tasks to queue
[2026-03-29T12:35:02.290+0500] {logging_mixin.py:188} INFO - [2026-03-29T12:35:02.289+0500] {dagbag.py:545} INFO - Filling up the DagBag from /home/abayturar/airflow-project/venv/lib/python3.12/site-packages/airflow/example_dags/example_local_kubernetes_executor.py
[2026-03-29T12:35:02.293+0500] {logging_mixin.py:188} INFO - [2026-03-29T12:35:02.292+0500] {example_local_kubernetes_executor.py:40} WARNING - Could not import DAGs in example_local_kubernetes_executor.py
Traceback (most recent call last):
  File "/home/abayturar/airflow-project/venv/lib/python3.12/site-packages/airflow/example_dags/example_local_kubernetes_executor.py", line 38, in <module>
    from kubernetes.client import models as k8s
ModuleNotFoundError: No module named 'kubernetes'
[2026-03-29T12:35:02.293+0500] {logging_mixin.py:188} INFO - [2026-03-29T12:35:02.293+0500] {example_local_kubernetes_executor.py:41} WARNING - Install Kubernetes dependencies with: pip install apache-airflow[cncf.kubernetes]
[2026-03-29T12:35:02.293+0500] {processor.py:842} WARNING - No viable dags retrieved from /home/abayturar/airflow-project/venv/lib/python3.12/site-packages/airflow/example_dags/example_local_kubernetes_executor.py
[2026-03-29T12:35:02.304+0500] {processor.py:183} INFO - Processing /home/abayturar/airflow-project/venv/lib/python3.12/site-packages/airflow/example_dags/example_local_kubernetes_executor.py took 0.023 seconds
[2026-03-29T12:35:50.828+0500] {processor.py:161} INFO - Started process (PID=6558) to work on /home/abayturar/airflow-project/venv/lib/python3.12/site-packages/airflow/example_dags/example_local_kubernetes_executor.py
[2026-03-29T12:35:50.830+0500] {processor.py:830} INFO - Processing file /home/abayturar/airflow-project/venv/lib/python3.12/site-packages/airflow/example_dags/example_local_kubernetes_executor.py for tasks to queue
[2026-03-29T12:35:50.832+0500] {logging_mixin.py:188} INFO - [2026-03-29T12:35:50.832+0500] {dagbag.py:545} INFO - Filling up the DagBag from /home/abayturar/airflow-project/venv/lib/python3.12/site-packages/airflow/example_dags/example_local_kubernetes_executor.py
[2026-03-29T12:35:50.836+0500] {logging_mixin.py:188} INFO - [2026-03-29T12:35:50.835+0500] {example_local_kubernetes_executor.py:40} WARNING - Could not import DAGs in example_local_kubernetes_executor.py
Traceback (most recent call last):
  File "/home/abayturar/airflow-project/venv/lib/python3.12/site-packages/airflow/example_dags/example_local_kubernetes_executor.py", line 38, in <module>
    from kubernetes.client import models as k8s
ModuleNotFoundError: No module named 'kubernetes'
[2026-03-29T12:35:50.836+0500] {logging_mixin.py:188} INFO - [2026-03-29T12:35:50.836+0500] {example_local_kubernetes_executor.py:41} WARNING - Install Kubernetes dependencies with: pip install apache-airflow[cncf.kubernetes]
[2026-03-29T12:35:50.836+0500] {processor.py:842} WARNING - No viable dags retrieved from /home/abayturar/airflow-project/venv/lib/python3.12/site-packages/airflow/example_dags/example_local_kubernetes_executor.py
[2026-03-29T12:35:50.851+0500] {processor.py:183} INFO - Processing /home/abayturar/airflow-project/venv/lib/python3.12/site-packages/airflow/example_dags/example_local_kubernetes_executor.py took 0.029 seconds
[2026-03-29T12:36:40.114+0500] {processor.py:161} INFO - Started process (PID=6687) to work on /home/abayturar/airflow-project/venv/lib/python3.12/site-packages/airflow/example_dags/example_local_kubernetes_executor.py
[2026-03-29T12:36:40.115+0500] {processor.py:830} INFO - Processing file /home/abayturar/airflow-project/venv/lib/python3.12/site-packages/airflow/example_dags/example_local_kubernetes_executor.py for tasks to queue
[2026-03-29T12:36:40.117+0500] {logging_mixin.py:188} INFO - [2026-03-29T12:36:40.117+0500] {dagbag.py:545} INFO - Filling up the DagBag from /home/abayturar/airflow-project/venv/lib/python3.12/site-packages/airflow/example_dags/example_local_kubernetes_executor.py
[2026-03-29T12:36:40.121+0500] {logging_mixin.py:188} INFO - [2026-03-29T12:36:40.120+0500] {example_local_kubernetes_executor.py:40} WARNING - Could not import DAGs in example_local_kubernetes_executor.py
Traceback (most recent call last):
  File "/home/abayturar/airflow-project/venv/lib/python3.12/site-packages/airflow/example_dags/example_local_kubernetes_executor.py", line 38, in <module>
    from kubernetes.client import models as k8s
ModuleNotFoundError: No module named 'kubernetes'
[2026-03-29T12:36:40.121+0500] {logging_mixin.py:188} INFO - [2026-03-29T12:36:40.121+0500] {example_local_kubernetes_executor.py:41} WARNING - Install Kubernetes dependencies with: pip install apache-airflow[cncf.kubernetes]
[2026-03-29T12:36:40.122+0500] {processor.py:842} WARNING - No viable dags retrieved from /home/abayturar/airflow-project/venv/lib/python3.12/site-packages/airflow/example_dags/example_local_kubernetes_executor.py
[2026-03-29T12:36:40.134+0500] {processor.py:183} INFO - Processing /home/abayturar/airflow-project/venv/lib/python3.12/site-packages/airflow/example_dags/example_local_kubernetes_executor.py took 0.026 seconds
[2026-03-29T12:37:30.810+0500] {processor.py:161} INFO - Started process (PID=6822) to work on /home/abayturar/airflow-project/venv/lib/python3.12/site-packages/airflow/example_dags/example_local_kubernetes_executor.py
[2026-03-29T12:37:30.811+0500] {processor.py:830} INFO - Processing file /home/abayturar/airflow-project/venv/lib/python3.12/site-packages/airflow/example_dags/example_local_kubernetes_executor.py for tasks to queue
[2026-03-29T12:37:30.813+0500] {logging_mixin.py:188} INFO - [2026-03-29T12:37:30.813+0500] {dagbag.py:545} INFO - Filling up the DagBag from /home/abayturar/airflow-project/venv/lib/python3.12/site-packages/airflow/example_dags/example_local_kubernetes_executor.py
[2026-03-29T12:37:30.817+0500] {logging_mixin.py:188} INFO - [2026-03-29T12:37:30.816+0500] {example_local_kubernetes_executor.py:40} WARNING - Could not import DAGs in example_local_kubernetes_executor.py
Traceback (most recent call last):
  File "/home/abayturar/airflow-project/venv/lib/python3.12/site-packages/airflow/example_dags/example_local_kubernetes_executor.py", line 38, in <module>
    from kubernetes.client import models as k8s
ModuleNotFoundError: No module named 'kubernetes'
[2026-03-29T12:37:30.817+0500] {logging_mixin.py:188} INFO - [2026-03-29T12:37:30.817+0500] {example_local_kubernetes_executor.py:41} WARNING - Install Kubernetes dependencies with: pip install apache-airflow[cncf.kubernetes]
[2026-03-29T12:37:30.817+0500] {processor.py:842} WARNING - No viable dags retrieved from /home/abayturar/airflow-project/venv/lib/python3.12/site-packages/airflow/example_dags/example_local_kubernetes_executor.py
[2026-03-29T12:37:30.831+0500] {processor.py:183} INFO - Processing /home/abayturar/airflow-project/venv/lib/python3.12/site-packages/airflow/example_dags/example_local_kubernetes_executor.py took 0.028 seconds
[2026-03-29T12:38:20.106+0500] {processor.py:161} INFO - Started process (PID=6953) to work on /home/abayturar/airflow-project/venv/lib/python3.12/site-packages/airflow/example_dags/example_local_kubernetes_executor.py
[2026-03-29T12:38:20.107+0500] {processor.py:830} INFO - Processing file /home/abayturar/airflow-project/venv/lib/python3.12/site-packages/airflow/example_dags/example_local_kubernetes_executor.py for tasks to queue
[2026-03-29T12:38:20.109+0500] {logging_mixin.py:188} INFO - [2026-03-29T12:38:20.108+0500] {dagbag.py:545} INFO - Filling up the DagBag from /home/abayturar/airflow-project/venv/lib/python3.12/site-packages/airflow/example_dags/example_local_kubernetes_executor.py
[2026-03-29T12:38:20.113+0500] {logging_mixin.py:188} INFO - [2026-03-29T12:38:20.112+0500] {example_local_kubernetes_executor.py:40} WARNING - Could not import DAGs in example_local_kubernetes_executor.py
Traceback (most recent call last):
  File "/home/abayturar/airflow-project/venv/lib/python3.12/site-packages/airflow/example_dags/example_local_kubernetes_executor.py", line 38, in <module>
    from kubernetes.client import models as k8s
ModuleNotFoundError: No module named 'kubernetes'
[2026-03-29T12:38:20.113+0500] {logging_mixin.py:188} INFO - [2026-03-29T12:38:20.113+0500] {example_local_kubernetes_executor.py:41} WARNING - Install Kubernetes dependencies with: pip install apache-airflow[cncf.kubernetes]
[2026-03-29T12:38:20.113+0500] {processor.py:842} WARNING - No viable dags retrieved from /home/abayturar/airflow-project/venv/lib/python3.12/site-packages/airflow/example_dags/example_local_kubernetes_executor.py
[2026-03-29T12:38:20.126+0500] {processor.py:183} INFO - Processing /home/abayturar/airflow-project/venv/lib/python3.12/site-packages/airflow/example_dags/example_local_kubernetes_executor.py took 0.027 seconds
[2026-03-29T12:39:12.938+0500] {processor.py:161} INFO - Started process (PID=7087) to work on /home/abayturar/airflow-project/venv/lib/python3.12/site-packages/airflow/example_dags/example_local_kubernetes_executor.py
[2026-03-29T12:39:12.939+0500] {processor.py:830} INFO - Processing file /home/abayturar/airflow-project/venv/lib/python3.12/site-packages/airflow/example_dags/example_local_kubernetes_executor.py for tasks to queue
[2026-03-29T12:39:12.941+0500] {logging_mixin.py:188} INFO - [2026-03-29T12:39:12.941+0500] {dagbag.py:545} INFO - Filling up the DagBag from /home/abayturar/airflow-project/venv/lib/python3.12/site-packages/airflow/example_dags/example_local_kubernetes_executor.py
[2026-03-29T12:39:12.944+0500] {logging_mixin.py:188} INFO - [2026-03-29T12:39:12.944+0500] {example_local_kubernetes_executor.py:40} WARNING - Could not import DAGs in example_local_kubernetes_executor.py
Traceback (most recent call last):
  File "/home/abayturar/airflow-project/venv/lib/python3.12/site-packages/airflow/example_dags/example_local_kubernetes_executor.py", line 38, in <module>
    from kubernetes.client import models as k8s
ModuleNotFoundError: No module named 'kubernetes'
[2026-03-29T12:39:12.944+0500] {logging_mixin.py:188} INFO - [2026-03-29T12:39:12.944+0500] {example_local_kubernetes_executor.py:41} WARNING - Install Kubernetes dependencies with: pip install apache-airflow[cncf.kubernetes]
[2026-03-29T12:39:12.945+0500] {processor.py:842} WARNING - No viable dags retrieved from /home/abayturar/airflow-project/venv/lib/python3.12/site-packages/airflow/example_dags/example_local_kubernetes_executor.py
[2026-03-29T12:39:12.956+0500] {processor.py:183} INFO - Processing /home/abayturar/airflow-project/venv/lib/python3.12/site-packages/airflow/example_dags/example_local_kubernetes_executor.py took 0.023 seconds
[2026-03-29T12:40:04.851+0500] {processor.py:161} INFO - Started process (PID=7250) to work on /home/abayturar/airflow-project/venv/lib/python3.12/site-packages/airflow/example_dags/example_local_kubernetes_executor.py
[2026-03-29T12:40:04.852+0500] {processor.py:830} INFO - Processing file /home/abayturar/airflow-project/venv/lib/python3.12/site-packages/airflow/example_dags/example_local_kubernetes_executor.py for tasks to queue
[2026-03-29T12:40:04.854+0500] {logging_mixin.py:188} INFO - [2026-03-29T12:40:04.853+0500] {dagbag.py:545} INFO - Filling up the DagBag from /home/abayturar/airflow-project/venv/lib/python3.12/site-packages/airflow/example_dags/example_local_kubernetes_executor.py
[2026-03-29T12:40:04.858+0500] {logging_mixin.py:188} INFO - [2026-03-29T12:40:04.857+0500] {example_local_kubernetes_executor.py:40} WARNING - Could not import DAGs in example_local_kubernetes_executor.py
Traceback (most recent call last):
  File "/home/abayturar/airflow-project/venv/lib/python3.12/site-packages/airflow/example_dags/example_local_kubernetes_executor.py", line 38, in <module>
    from kubernetes.client import models as k8s
ModuleNotFoundError: No module named 'kubernetes'
[2026-03-29T12:40:04.858+0500] {logging_mixin.py:188} INFO - [2026-03-29T12:40:04.858+0500] {example_local_kubernetes_executor.py:41} WARNING - Install Kubernetes dependencies with: pip install apache-airflow[cncf.kubernetes]
[2026-03-29T12:40:04.858+0500] {processor.py:842} WARNING - No viable dags retrieved from /home/abayturar/airflow-project/venv/lib/python3.12/site-packages/airflow/example_dags/example_local_kubernetes_executor.py
[2026-03-29T12:40:04.870+0500] {processor.py:183} INFO - Processing /home/abayturar/airflow-project/venv/lib/python3.12/site-packages/airflow/example_dags/example_local_kubernetes_executor.py took 0.026 seconds
[2026-03-29T12:40:54.371+0500] {processor.py:161} INFO - Started process (PID=7384) to work on /home/abayturar/airflow-project/venv/lib/python3.12/site-packages/airflow/example_dags/example_local_kubernetes_executor.py
[2026-03-29T12:40:54.372+0500] {processor.py:830} INFO - Processing file /home/abayturar/airflow-project/venv/lib/python3.12/site-packages/airflow/example_dags/example_local_kubernetes_executor.py for tasks to queue
[2026-03-29T12:40:54.373+0500] {logging_mixin.py:188} INFO - [2026-03-29T12:40:54.373+0500] {dagbag.py:545} INFO - Filling up the DagBag from /home/abayturar/airflow-project/venv/lib/python3.12/site-packages/airflow/example_dags/example_local_kubernetes_executor.py
[2026-03-29T12:40:54.377+0500] {logging_mixin.py:188} INFO - [2026-03-29T12:40:54.376+0500] {example_local_kubernetes_executor.py:40} WARNING - Could not import DAGs in example_local_kubernetes_executor.py
Traceback (most recent call last):
  File "/home/abayturar/airflow-project/venv/lib/python3.12/site-packages/airflow/example_dags/example_local_kubernetes_executor.py", line 38, in <module>
    from kubernetes.client import models as k8s
ModuleNotFoundError: No module named 'kubernetes'
[2026-03-29T12:40:54.377+0500] {logging_mixin.py:188} INFO - [2026-03-29T12:40:54.377+0500] {example_local_kubernetes_executor.py:41} WARNING - Install Kubernetes dependencies with: pip install apache-airflow[cncf.kubernetes]
[2026-03-29T12:40:54.377+0500] {processor.py:842} WARNING - No viable dags retrieved from /home/abayturar/airflow-project/venv/lib/python3.12/site-packages/airflow/example_dags/example_local_kubernetes_executor.py
[2026-03-29T12:40:54.388+0500] {processor.py:183} INFO - Processing /home/abayturar/airflow-project/venv/lib/python3.12/site-packages/airflow/example_dags/example_local_kubernetes_executor.py took 0.024 seconds
[2026-03-29T12:41:46.306+0500] {processor.py:161} INFO - Started process (PID=7543) to work on /home/abayturar/airflow-project/venv/lib/python3.12/site-packages/airflow/example_dags/example_local_kubernetes_executor.py
[2026-03-29T12:41:46.308+0500] {processor.py:830} INFO - Processing file /home/abayturar/airflow-project/venv/lib/python3.12/site-packages/airflow/example_dags/example_local_kubernetes_executor.py for tasks to queue
[2026-03-29T12:41:46.310+0500] {logging_mixin.py:188} INFO - [2026-03-29T12:41:46.310+0500] {dagbag.py:545} INFO - Filling up the DagBag from /home/abayturar/airflow-project/venv/lib/python3.12/site-packages/airflow/example_dags/example_local_kubernetes_executor.py
[2026-03-29T12:41:46.314+0500] {logging_mixin.py:188} INFO - [2026-03-29T12:41:46.313+0500] {example_local_kubernetes_executor.py:40} WARNING - Could not import DAGs in example_local_kubernetes_executor.py
Traceback (most recent call last):
  File "/home/abayturar/airflow-project/venv/lib/python3.12/site-packages/airflow/example_dags/example_local_kubernetes_executor.py", line 38, in <module>
    from kubernetes.client import models as k8s
ModuleNotFoundError: No module named 'kubernetes'
[2026-03-29T12:41:46.314+0500] {logging_mixin.py:188} INFO - [2026-03-29T12:41:46.314+0500] {example_local_kubernetes_executor.py:41} WARNING - Install Kubernetes dependencies with: pip install apache-airflow[cncf.kubernetes]
[2026-03-29T12:41:46.314+0500] {processor.py:842} WARNING - No viable dags retrieved from /home/abayturar/airflow-project/venv/lib/python3.12/site-packages/airflow/example_dags/example_local_kubernetes_executor.py
[2026-03-29T12:41:46.328+0500] {processor.py:183} INFO - Processing /home/abayturar/airflow-project/venv/lib/python3.12/site-packages/airflow/example_dags/example_local_kubernetes_executor.py took 0.029 seconds
[2026-03-29T12:42:37.959+0500] {processor.py:161} INFO - Started process (PID=7678) to work on /home/abayturar/airflow-project/venv/lib/python3.12/site-packages/airflow/example_dags/example_local_kubernetes_executor.py
[2026-03-29T12:42:37.960+0500] {processor.py:830} INFO - Processing file /home/abayturar/airflow-project/venv/lib/python3.12/site-packages/airflow/example_dags/example_local_kubernetes_executor.py for tasks to queue
[2026-03-29T12:42:37.962+0500] {logging_mixin.py:188} INFO - [2026-03-29T12:42:37.962+0500] {dagbag.py:545} INFO - Filling up the DagBag from /home/abayturar/airflow-project/venv/lib/python3.12/site-packages/airflow/example_dags/example_local_kubernetes_executor.py
[2026-03-29T12:42:37.965+0500] {logging_mixin.py:188} INFO - [2026-03-29T12:42:37.965+0500] {example_local_kubernetes_executor.py:40} WARNING - Could not import DAGs in example_local_kubernetes_executor.py
Traceback (most recent call last):
  File "/home/abayturar/airflow-project/venv/lib/python3.12/site-packages/airflow/example_dags/example_local_kubernetes_executor.py", line 38, in <module>
    from kubernetes.client import models as k8s
ModuleNotFoundError: No module named 'kubernetes'
[2026-03-29T12:42:37.966+0500] {logging_mixin.py:188} INFO - [2026-03-29T12:42:37.966+0500] {example_local_kubernetes_executor.py:41} WARNING - Install Kubernetes dependencies with: pip install apache-airflow[cncf.kubernetes]
[2026-03-29T12:42:37.966+0500] {processor.py:842} WARNING - No viable dags retrieved from /home/abayturar/airflow-project/venv/lib/python3.12/site-packages/airflow/example_dags/example_local_kubernetes_executor.py
[2026-03-29T12:42:37.978+0500] {processor.py:183} INFO - Processing /home/abayturar/airflow-project/venv/lib/python3.12/site-packages/airflow/example_dags/example_local_kubernetes_executor.py took 0.027 seconds
[2026-03-29T12:43:31.255+0500] {processor.py:161} INFO - Started process (PID=7816) to work on /home/abayturar/airflow-project/venv/lib/python3.12/site-packages/airflow/example_dags/example_local_kubernetes_executor.py
[2026-03-29T12:43:31.256+0500] {processor.py:830} INFO - Processing file /home/abayturar/airflow-project/venv/lib/python3.12/site-packages/airflow/example_dags/example_local_kubernetes_executor.py for tasks to queue
[2026-03-29T12:43:31.258+0500] {logging_mixin.py:188} INFO - [2026-03-29T12:43:31.258+0500] {dagbag.py:545} INFO - Filling up the DagBag from /home/abayturar/airflow-project/venv/lib/python3.12/site-packages/airflow/example_dags/example_local_kubernetes_executor.py
[2026-03-29T12:43:31.261+0500] {logging_mixin.py:188} INFO - [2026-03-29T12:43:31.261+0500] {example_local_kubernetes_executor.py:40} WARNING - Could not import DAGs in example_local_kubernetes_executor.py
Traceback (most recent call last):
  File "/home/abayturar/airflow-project/venv/lib/python3.12/site-packages/airflow/example_dags/example_local_kubernetes_executor.py", line 38, in <module>
    from kubernetes.client import models as k8s
ModuleNotFoundError: No module named 'kubernetes'
[2026-03-29T12:43:31.262+0500] {logging_mixin.py:188} INFO - [2026-03-29T12:43:31.262+0500] {example_local_kubernetes_executor.py:41} WARNING - Install Kubernetes dependencies with: pip install apache-airflow[cncf.kubernetes]
[2026-03-29T12:43:31.262+0500] {processor.py:842} WARNING - No viable dags retrieved from /home/abayturar/airflow-project/venv/lib/python3.12/site-packages/airflow/example_dags/example_local_kubernetes_executor.py
[2026-03-29T12:43:31.274+0500] {processor.py:183} INFO - Processing /home/abayturar/airflow-project/venv/lib/python3.12/site-packages/airflow/example_dags/example_local_kubernetes_executor.py took 0.025 seconds
[2026-03-29T12:44:23.132+0500] {processor.py:161} INFO - Started process (PID=8083) to work on /home/abayturar/airflow-project/venv/lib/python3.12/site-packages/airflow/example_dags/example_local_kubernetes_executor.py
[2026-03-29T12:44:23.133+0500] {processor.py:830} INFO - Processing file /home/abayturar/airflow-project/venv/lib/python3.12/site-packages/airflow/example_dags/example_local_kubernetes_executor.py for tasks to queue
[2026-03-29T12:44:23.135+0500] {logging_mixin.py:188} INFO - [2026-03-29T12:44:23.134+0500] {dagbag.py:545} INFO - Filling up the DagBag from /home/abayturar/airflow-project/venv/lib/python3.12/site-packages/airflow/example_dags/example_local_kubernetes_executor.py
[2026-03-29T12:44:23.138+0500] {logging_mixin.py:188} INFO - [2026-03-29T12:44:23.138+0500] {example_local_kubernetes_executor.py:40} WARNING - Could not import DAGs in example_local_kubernetes_executor.py
Traceback (most recent call last):
  File "/home/abayturar/airflow-project/venv/lib/python3.12/site-packages/airflow/example_dags/example_local_kubernetes_executor.py", line 38, in <module>
    from kubernetes.client import models as k8s
ModuleNotFoundError: No module named 'kubernetes'
[2026-03-29T12:44:23.139+0500] {logging_mixin.py:188} INFO - [2026-03-29T12:44:23.139+0500] {example_local_kubernetes_executor.py:41} WARNING - Install Kubernetes dependencies with: pip install apache-airflow[cncf.kubernetes]
[2026-03-29T12:44:23.139+0500] {processor.py:842} WARNING - No viable dags retrieved from /home/abayturar/airflow-project/venv/lib/python3.12/site-packages/airflow/example_dags/example_local_kubernetes_executor.py
[2026-03-29T12:44:23.151+0500] {processor.py:183} INFO - Processing /home/abayturar/airflow-project/venv/lib/python3.12/site-packages/airflow/example_dags/example_local_kubernetes_executor.py took 0.026 seconds
[2026-03-29T12:45:17.017+0500] {processor.py:161} INFO - Started process (PID=8477) to work on /home/abayturar/airflow-project/venv/lib/python3.12/site-packages/airflow/example_dags/example_local_kubernetes_executor.py
[2026-03-29T12:45:17.018+0500] {processor.py:830} INFO - Processing file /home/abayturar/airflow-project/venv/lib/python3.12/site-packages/airflow/example_dags/example_local_kubernetes_executor.py for tasks to queue
[2026-03-29T12:45:17.020+0500] {logging_mixin.py:188} INFO - [2026-03-29T12:45:17.019+0500] {dagbag.py:545} INFO - Filling up the DagBag from /home/abayturar/airflow-project/venv/lib/python3.12/site-packages/airflow/example_dags/example_local_kubernetes_executor.py
[2026-03-29T12:45:17.023+0500] {logging_mixin.py:188} INFO - [2026-03-29T12:45:17.022+0500] {example_local_kubernetes_executor.py:40} WARNING - Could not import DAGs in example_local_kubernetes_executor.py
Traceback (most recent call last):
  File "/home/abayturar/airflow-project/venv/lib/python3.12/site-packages/airflow/example_dags/example_local_kubernetes_executor.py", line 38, in <module>
    from kubernetes.client import models as k8s
ModuleNotFoundError: No module named 'kubernetes'
[2026-03-29T12:45:17.023+0500] {logging_mixin.py:188} INFO - [2026-03-29T12:45:17.023+0500] {example_local_kubernetes_executor.py:41} WARNING - Install Kubernetes dependencies with: pip install apache-airflow[cncf.kubernetes]
[2026-03-29T12:45:17.024+0500] {processor.py:842} WARNING - No viable dags retrieved from /home/abayturar/airflow-project/venv/lib/python3.12/site-packages/airflow/example_dags/example_local_kubernetes_executor.py
[2026-03-29T12:45:17.035+0500] {processor.py:183} INFO - Processing /home/abayturar/airflow-project/venv/lib/python3.12/site-packages/airflow/example_dags/example_local_kubernetes_executor.py took 0.024 seconds
[2026-03-29T12:46:10.070+0500] {processor.py:161} INFO - Started process (PID=8752) to work on /home/abayturar/airflow-project/venv/lib/python3.12/site-packages/airflow/example_dags/example_local_kubernetes_executor.py
[2026-03-29T12:46:10.072+0500] {processor.py:830} INFO - Processing file /home/abayturar/airflow-project/venv/lib/python3.12/site-packages/airflow/example_dags/example_local_kubernetes_executor.py for tasks to queue
[2026-03-29T12:46:10.074+0500] {logging_mixin.py:188} INFO - [2026-03-29T12:46:10.074+0500] {dagbag.py:545} INFO - Filling up the DagBag from /home/abayturar/airflow-project/venv/lib/python3.12/site-packages/airflow/example_dags/example_local_kubernetes_executor.py
[2026-03-29T12:46:10.079+0500] {logging_mixin.py:188} INFO - [2026-03-29T12:46:10.078+0500] {example_local_kubernetes_executor.py:40} WARNING - Could not import DAGs in example_local_kubernetes_executor.py
Traceback (most recent call last):
  File "/home/abayturar/airflow-project/venv/lib/python3.12/site-packages/airflow/example_dags/example_local_kubernetes_executor.py", line 38, in <module>
    from kubernetes.client import models as k8s
ModuleNotFoundError: No module named 'kubernetes'
[2026-03-29T12:46:10.079+0500] {logging_mixin.py:188} INFO - [2026-03-29T12:46:10.079+0500] {example_local_kubernetes_executor.py:41} WARNING - Install Kubernetes dependencies with: pip install apache-airflow[cncf.kubernetes]
[2026-03-29T12:46:10.079+0500] {processor.py:842} WARNING - No viable dags retrieved from /home/abayturar/airflow-project/venv/lib/python3.12/site-packages/airflow/example_dags/example_local_kubernetes_executor.py
[2026-03-29T12:46:10.093+0500] {processor.py:183} INFO - Processing /home/abayturar/airflow-project/venv/lib/python3.12/site-packages/airflow/example_dags/example_local_kubernetes_executor.py took 0.031 seconds
[2026-03-29T12:47:01.836+0500] {processor.py:161} INFO - Started process (PID=9041) to work on /home/abayturar/airflow-project/venv/lib/python3.12/site-packages/airflow/example_dags/example_local_kubernetes_executor.py
[2026-03-29T12:47:01.836+0500] {processor.py:830} INFO - Processing file /home/abayturar/airflow-project/venv/lib/python3.12/site-packages/airflow/example_dags/example_local_kubernetes_executor.py for tasks to queue
[2026-03-29T12:47:01.838+0500] {logging_mixin.py:188} INFO - [2026-03-29T12:47:01.838+0500] {dagbag.py:545} INFO - Filling up the DagBag from /home/abayturar/airflow-project/venv/lib/python3.12/site-packages/airflow/example_dags/example_local_kubernetes_executor.py
[2026-03-29T12:47:01.841+0500] {logging_mixin.py:188} INFO - [2026-03-29T12:47:01.841+0500] {example_local_kubernetes_executor.py:40} WARNING - Could not import DAGs in example_local_kubernetes_executor.py
Traceback (most recent call last):
  File "/home/abayturar/airflow-project/venv/lib/python3.12/site-packages/airflow/example_dags/example_local_kubernetes_executor.py", line 38, in <module>
    from kubernetes.client import models as k8s
ModuleNotFoundError: No module named 'kubernetes'
[2026-03-29T12:47:01.842+0500] {logging_mixin.py:188} INFO - [2026-03-29T12:47:01.841+0500] {example_local_kubernetes_executor.py:41} WARNING - Install Kubernetes dependencies with: pip install apache-airflow[cncf.kubernetes]
[2026-03-29T12:47:01.842+0500] {processor.py:842} WARNING - No viable dags retrieved from /home/abayturar/airflow-project/venv/lib/python3.12/site-packages/airflow/example_dags/example_local_kubernetes_executor.py
[2026-03-29T12:47:01.853+0500] {processor.py:183} INFO - Processing /home/abayturar/airflow-project/venv/lib/python3.12/site-packages/airflow/example_dags/example_local_kubernetes_executor.py took 0.024 seconds
