[2026-03-29T12:01:31.525+0500] {processor.py:161} INFO - Started process (PID=32256) to work on /home/abayturar/airflow-project/venv/lib/python3.12/site-packages/airflow/example_dags/example_latest_only.py
[2026-03-29T12:01:31.526+0500] {processor.py:830} INFO - Processing file /home/abayturar/airflow-project/venv/lib/python3.12/site-packages/airflow/example_dags/example_latest_only.py for tasks to queue
[2026-03-29T12:01:31.528+0500] {logging_mixin.py:188} INFO - [2026-03-29T12:01:31.527+0500] {dagbag.py:545} INFO - Filling up the DagBag from /home/abayturar/airflow-project/venv/lib/python3.12/site-packages/airflow/example_dags/example_latest_only.py
[2026-03-29T12:01:31.533+0500] {processor.py:840} INFO - DAG(s) 'latest_only' retrieved from /home/abayturar/airflow-project/venv/lib/python3.12/site-packages/airflow/example_dags/example_latest_only.py
[2026-03-29T12:01:31.548+0500] {logging_mixin.py:188} INFO - [2026-03-29T12:01:31.548+0500] {dag.py:3089} INFO - Sync 1 DAGs
[2026-03-29T12:01:31.562+0500] {logging_mixin.py:188} INFO - [2026-03-29T12:01:31.562+0500] {dag.py:3947} INFO - Setting next_dagrun for latest_only to 2026-03-29 00:00:00+00:00, run_after=2026-03-29 04:00:00+00:00
[2026-03-29T12:01:31.577+0500] {processor.py:183} INFO - Processing /home/abayturar/airflow-project/venv/lib/python3.12/site-packages/airflow/example_dags/example_latest_only.py took 0.057 seconds
[2026-03-29T12:02:29.160+0500] {processor.py:161} INFO - Started process (PID=32562) to work on /home/abayturar/airflow-project/venv/lib/python3.12/site-packages/airflow/example_dags/example_latest_only.py
[2026-03-29T12:02:29.161+0500] {processor.py:830} INFO - Processing file /home/abayturar/airflow-project/venv/lib/python3.12/site-packages/airflow/example_dags/example_latest_only.py for tasks to queue
[2026-03-29T12:02:29.163+0500] {logging_mixin.py:188} INFO - [2026-03-29T12:02:29.162+0500] {dagbag.py:545} INFO - Filling up the DagBag from /home/abayturar/airflow-project/venv/lib/python3.12/site-packages/airflow/example_dags/example_latest_only.py
[2026-03-29T12:02:29.168+0500] {processor.py:840} INFO - DAG(s) 'latest_only' retrieved from /home/abayturar/airflow-project/venv/lib/python3.12/site-packages/airflow/example_dags/example_latest_only.py
[2026-03-29T12:02:29.183+0500] {logging_mixin.py:188} INFO - [2026-03-29T12:02:29.183+0500] {dag.py:3089} INFO - Sync 1 DAGs
[2026-03-29T12:02:29.198+0500] {logging_mixin.py:188} INFO - [2026-03-29T12:02:29.198+0500] {dag.py:3947} INFO - Setting next_dagrun for latest_only to 2026-03-29 00:00:00+00:00, run_after=2026-03-29 04:00:00+00:00
[2026-03-29T12:02:29.213+0500] {processor.py:183} INFO - Processing /home/abayturar/airflow-project/venv/lib/python3.12/site-packages/airflow/example_dags/example_latest_only.py took 0.060 seconds
[2026-03-29T12:05:59.068+0500] {processor.py:161} INFO - Started process (PID=30) to work on /home/abayturar/airflow-project/venv/lib/python3.12/site-packages/airflow/example_dags/example_latest_only.py
[2026-03-29T12:05:59.069+0500] {processor.py:830} INFO - Processing file /home/abayturar/airflow-project/venv/lib/python3.12/site-packages/airflow/example_dags/example_latest_only.py for tasks to queue
[2026-03-29T12:05:59.071+0500] {logging_mixin.py:188} INFO - [2026-03-29T12:05:59.071+0500] {dagbag.py:545} INFO - Filling up the DagBag from /home/abayturar/airflow-project/venv/lib/python3.12/site-packages/airflow/example_dags/example_latest_only.py
[2026-03-29T12:05:59.077+0500] {processor.py:840} INFO - DAG(s) 'latest_only' retrieved from /home/abayturar/airflow-project/venv/lib/python3.12/site-packages/airflow/example_dags/example_latest_only.py
[2026-03-29T12:05:59.092+0500] {logging_mixin.py:188} INFO - [2026-03-29T12:05:59.092+0500] {dag.py:3089} INFO - Sync 1 DAGs
[2026-03-29T12:05:59.105+0500] {logging_mixin.py:188} INFO - [2026-03-29T12:05:59.105+0500] {dag.py:3947} INFO - Setting next_dagrun for latest_only to 2026-03-29 00:00:00+00:00, run_after=2026-03-29 04:00:00+00:00
[2026-03-29T12:05:59.122+0500] {processor.py:183} INFO - Processing /home/abayturar/airflow-project/venv/lib/python3.12/site-packages/airflow/example_dags/example_latest_only.py took 0.060 seconds
[2026-03-29T12:06:53.218+0500] {processor.py:161} INFO - Started process (PID=251) to work on /home/abayturar/airflow-project/venv/lib/python3.12/site-packages/airflow/example_dags/example_latest_only.py
[2026-03-29T12:06:53.219+0500] {processor.py:830} INFO - Processing file /home/abayturar/airflow-project/venv/lib/python3.12/site-packages/airflow/example_dags/example_latest_only.py for tasks to queue
[2026-03-29T12:06:53.221+0500] {logging_mixin.py:188} INFO - [2026-03-29T12:06:53.221+0500] {dagbag.py:545} INFO - Filling up the DagBag from /home/abayturar/airflow-project/venv/lib/python3.12/site-packages/airflow/example_dags/example_latest_only.py
[2026-03-29T12:06:53.226+0500] {processor.py:840} INFO - DAG(s) 'latest_only' retrieved from /home/abayturar/airflow-project/venv/lib/python3.12/site-packages/airflow/example_dags/example_latest_only.py
[2026-03-29T12:06:53.242+0500] {logging_mixin.py:188} INFO - [2026-03-29T12:06:53.242+0500] {dag.py:3089} INFO - Sync 1 DAGs
[2026-03-29T12:06:53.256+0500] {logging_mixin.py:188} INFO - [2026-03-29T12:06:53.256+0500] {dag.py:3947} INFO - Setting next_dagrun for latest_only to 2026-03-29 00:00:00+00:00, run_after=2026-03-29 04:00:00+00:00
[2026-03-29T12:06:53.278+0500] {processor.py:183} INFO - Processing /home/abayturar/airflow-project/venv/lib/python3.12/site-packages/airflow/example_dags/example_latest_only.py took 0.065 seconds
[2026-03-29T12:08:03.430+0500] {processor.py:161} INFO - Started process (PID=536) to work on /home/abayturar/airflow-project/venv/lib/python3.12/site-packages/airflow/example_dags/example_latest_only.py
[2026-03-29T12:08:03.431+0500] {processor.py:830} INFO - Processing file /home/abayturar/airflow-project/venv/lib/python3.12/site-packages/airflow/example_dags/example_latest_only.py for tasks to queue
[2026-03-29T12:08:03.432+0500] {logging_mixin.py:188} INFO - [2026-03-29T12:08:03.432+0500] {dagbag.py:545} INFO - Filling up the DagBag from /home/abayturar/airflow-project/venv/lib/python3.12/site-packages/airflow/example_dags/example_latest_only.py
[2026-03-29T12:08:03.437+0500] {processor.py:840} INFO - DAG(s) 'latest_only' retrieved from /home/abayturar/airflow-project/venv/lib/python3.12/site-packages/airflow/example_dags/example_latest_only.py
[2026-03-29T12:08:03.452+0500] {logging_mixin.py:188} INFO - [2026-03-29T12:08:03.452+0500] {dag.py:3089} INFO - Sync 1 DAGs
[2026-03-29T12:08:03.465+0500] {logging_mixin.py:188} INFO - [2026-03-29T12:08:03.465+0500] {dag.py:3947} INFO - Setting next_dagrun for latest_only to 2026-03-29 00:00:00+00:00, run_after=2026-03-29 04:00:00+00:00
[2026-03-29T12:08:03.479+0500] {processor.py:183} INFO - Processing /home/abayturar/airflow-project/venv/lib/python3.12/site-packages/airflow/example_dags/example_latest_only.py took 0.055 seconds
[2026-03-29T12:08:54.203+0500] {processor.py:161} INFO - Started process (PID=752) to work on /home/abayturar/airflow-project/venv/lib/python3.12/site-packages/airflow/example_dags/example_latest_only.py
[2026-03-29T12:08:54.203+0500] {processor.py:830} INFO - Processing file /home/abayturar/airflow-project/venv/lib/python3.12/site-packages/airflow/example_dags/example_latest_only.py for tasks to queue
[2026-03-29T12:08:54.205+0500] {logging_mixin.py:188} INFO - [2026-03-29T12:08:54.205+0500] {dagbag.py:545} INFO - Filling up the DagBag from /home/abayturar/airflow-project/venv/lib/python3.12/site-packages/airflow/example_dags/example_latest_only.py
[2026-03-29T12:08:54.211+0500] {processor.py:840} INFO - DAG(s) 'latest_only' retrieved from /home/abayturar/airflow-project/venv/lib/python3.12/site-packages/airflow/example_dags/example_latest_only.py
[2026-03-29T12:08:54.228+0500] {logging_mixin.py:188} INFO - [2026-03-29T12:08:54.228+0500] {dag.py:3089} INFO - Sync 1 DAGs
[2026-03-29T12:08:54.243+0500] {logging_mixin.py:188} INFO - [2026-03-29T12:08:54.243+0500] {dag.py:3947} INFO - Setting next_dagrun for latest_only to 2026-03-29 00:00:00+00:00, run_after=2026-03-29 04:00:00+00:00
[2026-03-29T12:08:54.258+0500] {processor.py:183} INFO - Processing /home/abayturar/airflow-project/venv/lib/python3.12/site-packages/airflow/example_dags/example_latest_only.py took 0.061 seconds
[2026-03-29T12:09:46.423+0500] {processor.py:161} INFO - Started process (PID=929) to work on /home/abayturar/airflow-project/venv/lib/python3.12/site-packages/airflow/example_dags/example_latest_only.py
[2026-03-29T12:09:46.424+0500] {processor.py:830} INFO - Processing file /home/abayturar/airflow-project/venv/lib/python3.12/site-packages/airflow/example_dags/example_latest_only.py for tasks to queue
[2026-03-29T12:09:46.425+0500] {logging_mixin.py:188} INFO - [2026-03-29T12:09:46.425+0500] {dagbag.py:545} INFO - Filling up the DagBag from /home/abayturar/airflow-project/venv/lib/python3.12/site-packages/airflow/example_dags/example_latest_only.py
[2026-03-29T12:09:46.430+0500] {processor.py:840} INFO - DAG(s) 'latest_only' retrieved from /home/abayturar/airflow-project/venv/lib/python3.12/site-packages/airflow/example_dags/example_latest_only.py
[2026-03-29T12:09:46.445+0500] {logging_mixin.py:188} INFO - [2026-03-29T12:09:46.445+0500] {dag.py:3089} INFO - Sync 1 DAGs
[2026-03-29T12:09:46.458+0500] {logging_mixin.py:188} INFO - [2026-03-29T12:09:46.458+0500] {dag.py:3947} INFO - Setting next_dagrun for latest_only to 2026-03-29 00:00:00+00:00, run_after=2026-03-29 04:00:00+00:00
[2026-03-29T12:09:46.540+0500] {processor.py:183} INFO - Processing /home/abayturar/airflow-project/venv/lib/python3.12/site-packages/airflow/example_dags/example_latest_only.py took 0.123 seconds
[2026-03-29T12:10:56.819+0500] {processor.py:161} INFO - Started process (PID=1122) to work on /home/abayturar/airflow-project/venv/lib/python3.12/site-packages/airflow/example_dags/example_latest_only.py
[2026-03-29T12:10:56.820+0500] {processor.py:830} INFO - Processing file /home/abayturar/airflow-project/venv/lib/python3.12/site-packages/airflow/example_dags/example_latest_only.py for tasks to queue
[2026-03-29T12:10:56.821+0500] {logging_mixin.py:188} INFO - [2026-03-29T12:10:56.821+0500] {dagbag.py:545} INFO - Filling up the DagBag from /home/abayturar/airflow-project/venv/lib/python3.12/site-packages/airflow/example_dags/example_latest_only.py
[2026-03-29T12:10:56.826+0500] {processor.py:840} INFO - DAG(s) 'latest_only' retrieved from /home/abayturar/airflow-project/venv/lib/python3.12/site-packages/airflow/example_dags/example_latest_only.py
[2026-03-29T12:10:56.842+0500] {logging_mixin.py:188} INFO - [2026-03-29T12:10:56.842+0500] {dag.py:3089} INFO - Sync 1 DAGs
[2026-03-29T12:10:56.855+0500] {logging_mixin.py:188} INFO - [2026-03-29T12:10:56.855+0500] {dag.py:3947} INFO - Setting next_dagrun for latest_only to 2026-03-29 00:00:00+00:00, run_after=2026-03-29 04:00:00+00:00
[2026-03-29T12:10:56.870+0500] {processor.py:183} INFO - Processing /home/abayturar/airflow-project/venv/lib/python3.12/site-packages/airflow/example_dags/example_latest_only.py took 0.057 seconds
[2026-03-29T12:11:45.530+0500] {processor.py:161} INFO - Started process (PID=1250) to work on /home/abayturar/airflow-project/venv/lib/python3.12/site-packages/airflow/example_dags/example_latest_only.py
[2026-03-29T12:11:45.532+0500] {processor.py:830} INFO - Processing file /home/abayturar/airflow-project/venv/lib/python3.12/site-packages/airflow/example_dags/example_latest_only.py for tasks to queue
[2026-03-29T12:11:45.535+0500] {logging_mixin.py:188} INFO - [2026-03-29T12:11:45.534+0500] {dagbag.py:545} INFO - Filling up the DagBag from /home/abayturar/airflow-project/venv/lib/python3.12/site-packages/airflow/example_dags/example_latest_only.py
[2026-03-29T12:11:45.542+0500] {processor.py:840} INFO - DAG(s) 'latest_only' retrieved from /home/abayturar/airflow-project/venv/lib/python3.12/site-packages/airflow/example_dags/example_latest_only.py
[2026-03-29T12:11:45.567+0500] {logging_mixin.py:188} INFO - [2026-03-29T12:11:45.567+0500] {dag.py:3089} INFO - Sync 1 DAGs
[2026-03-29T12:11:45.584+0500] {logging_mixin.py:188} INFO - [2026-03-29T12:11:45.584+0500] {dag.py:3947} INFO - Setting next_dagrun for latest_only to 2026-03-29 00:00:00+00:00, run_after=2026-03-29 04:00:00+00:00
[2026-03-29T12:11:45.628+0500] {processor.py:183} INFO - Processing /home/abayturar/airflow-project/venv/lib/python3.12/site-packages/airflow/example_dags/example_latest_only.py took 0.107 seconds
[2026-03-29T12:12:37.547+0500] {processor.py:161} INFO - Started process (PID=1387) to work on /home/abayturar/airflow-project/venv/lib/python3.12/site-packages/airflow/example_dags/example_latest_only.py
[2026-03-29T12:12:37.548+0500] {processor.py:830} INFO - Processing file /home/abayturar/airflow-project/venv/lib/python3.12/site-packages/airflow/example_dags/example_latest_only.py for tasks to queue
[2026-03-29T12:12:37.550+0500] {logging_mixin.py:188} INFO - [2026-03-29T12:12:37.549+0500] {dagbag.py:545} INFO - Filling up the DagBag from /home/abayturar/airflow-project/venv/lib/python3.12/site-packages/airflow/example_dags/example_latest_only.py
[2026-03-29T12:12:37.554+0500] {processor.py:840} INFO - DAG(s) 'latest_only' retrieved from /home/abayturar/airflow-project/venv/lib/python3.12/site-packages/airflow/example_dags/example_latest_only.py
[2026-03-29T12:12:37.570+0500] {logging_mixin.py:188} INFO - [2026-03-29T12:12:37.570+0500] {dag.py:3089} INFO - Sync 1 DAGs
[2026-03-29T12:12:37.583+0500] {logging_mixin.py:188} INFO - [2026-03-29T12:12:37.583+0500] {dag.py:3947} INFO - Setting next_dagrun for latest_only to 2026-03-29 00:00:00+00:00, run_after=2026-03-29 04:00:00+00:00
[2026-03-29T12:12:37.637+0500] {processor.py:183} INFO - Processing /home/abayturar/airflow-project/venv/lib/python3.12/site-packages/airflow/example_dags/example_latest_only.py took 0.096 seconds
[2026-03-29T12:13:28.332+0500] {processor.py:161} INFO - Started process (PID=1520) to work on /home/abayturar/airflow-project/venv/lib/python3.12/site-packages/airflow/example_dags/example_latest_only.py
[2026-03-29T12:13:28.333+0500] {processor.py:830} INFO - Processing file /home/abayturar/airflow-project/venv/lib/python3.12/site-packages/airflow/example_dags/example_latest_only.py for tasks to queue
[2026-03-29T12:13:28.334+0500] {logging_mixin.py:188} INFO - [2026-03-29T12:13:28.334+0500] {dagbag.py:545} INFO - Filling up the DagBag from /home/abayturar/airflow-project/venv/lib/python3.12/site-packages/airflow/example_dags/example_latest_only.py
[2026-03-29T12:13:28.339+0500] {processor.py:840} INFO - DAG(s) 'latest_only' retrieved from /home/abayturar/airflow-project/venv/lib/python3.12/site-packages/airflow/example_dags/example_latest_only.py
[2026-03-29T12:13:28.356+0500] {logging_mixin.py:188} INFO - [2026-03-29T12:13:28.356+0500] {dag.py:3089} INFO - Sync 1 DAGs
[2026-03-29T12:13:28.456+0500] {logging_mixin.py:188} INFO - [2026-03-29T12:13:28.455+0500] {dag.py:3947} INFO - Setting next_dagrun for latest_only to 2026-03-29 00:00:00+00:00, run_after=2026-03-29 04:00:00+00:00
[2026-03-29T12:13:28.509+0500] {processor.py:183} INFO - Processing /home/abayturar/airflow-project/venv/lib/python3.12/site-packages/airflow/example_dags/example_latest_only.py took 0.183 seconds
[2026-03-29T12:14:18.611+0500] {processor.py:161} INFO - Started process (PID=1653) to work on /home/abayturar/airflow-project/venv/lib/python3.12/site-packages/airflow/example_dags/example_latest_only.py
[2026-03-29T12:14:18.612+0500] {processor.py:830} INFO - Processing file /home/abayturar/airflow-project/venv/lib/python3.12/site-packages/airflow/example_dags/example_latest_only.py for tasks to queue
[2026-03-29T12:14:18.614+0500] {logging_mixin.py:188} INFO - [2026-03-29T12:14:18.613+0500] {dagbag.py:545} INFO - Filling up the DagBag from /home/abayturar/airflow-project/venv/lib/python3.12/site-packages/airflow/example_dags/example_latest_only.py
[2026-03-29T12:14:18.618+0500] {processor.py:840} INFO - DAG(s) 'latest_only' retrieved from /home/abayturar/airflow-project/venv/lib/python3.12/site-packages/airflow/example_dags/example_latest_only.py
[2026-03-29T12:14:18.633+0500] {logging_mixin.py:188} INFO - [2026-03-29T12:14:18.633+0500] {dag.py:3089} INFO - Sync 1 DAGs
[2026-03-29T12:14:18.646+0500] {logging_mixin.py:188} INFO - [2026-03-29T12:14:18.646+0500] {dag.py:3947} INFO - Setting next_dagrun for latest_only to 2026-03-29 00:00:00+00:00, run_after=2026-03-29 04:00:00+00:00
[2026-03-29T12:14:18.700+0500] {processor.py:183} INFO - Processing /home/abayturar/airflow-project/venv/lib/python3.12/site-packages/airflow/example_dags/example_latest_only.py took 0.094 seconds
[2026-03-29T12:15:11.458+0500] {processor.py:161} INFO - Started process (PID=1792) to work on /home/abayturar/airflow-project/venv/lib/python3.12/site-packages/airflow/example_dags/example_latest_only.py
[2026-03-29T12:15:11.459+0500] {processor.py:830} INFO - Processing file /home/abayturar/airflow-project/venv/lib/python3.12/site-packages/airflow/example_dags/example_latest_only.py for tasks to queue
[2026-03-29T12:15:11.461+0500] {logging_mixin.py:188} INFO - [2026-03-29T12:15:11.461+0500] {dagbag.py:545} INFO - Filling up the DagBag from /home/abayturar/airflow-project/venv/lib/python3.12/site-packages/airflow/example_dags/example_latest_only.py
[2026-03-29T12:15:11.466+0500] {processor.py:840} INFO - DAG(s) 'latest_only' retrieved from /home/abayturar/airflow-project/venv/lib/python3.12/site-packages/airflow/example_dags/example_latest_only.py
[2026-03-29T12:15:11.481+0500] {logging_mixin.py:188} INFO - [2026-03-29T12:15:11.481+0500] {dag.py:3089} INFO - Sync 1 DAGs
[2026-03-29T12:15:11.494+0500] {logging_mixin.py:188} INFO - [2026-03-29T12:15:11.494+0500] {dag.py:3947} INFO - Setting next_dagrun for latest_only to 2026-03-29 00:00:00+00:00, run_after=2026-03-29 04:00:00+00:00
[2026-03-29T12:15:11.509+0500] {processor.py:183} INFO - Processing /home/abayturar/airflow-project/venv/lib/python3.12/site-packages/airflow/example_dags/example_latest_only.py took 0.057 seconds
[2026-03-29T12:16:05.566+0500] {processor.py:161} INFO - Started process (PID=1930) to work on /home/abayturar/airflow-project/venv/lib/python3.12/site-packages/airflow/example_dags/example_latest_only.py
[2026-03-29T12:16:05.567+0500] {processor.py:830} INFO - Processing file /home/abayturar/airflow-project/venv/lib/python3.12/site-packages/airflow/example_dags/example_latest_only.py for tasks to queue
[2026-03-29T12:16:05.569+0500] {logging_mixin.py:188} INFO - [2026-03-29T12:16:05.568+0500] {dagbag.py:545} INFO - Filling up the DagBag from /home/abayturar/airflow-project/venv/lib/python3.12/site-packages/airflow/example_dags/example_latest_only.py
[2026-03-29T12:16:05.573+0500] {processor.py:840} INFO - DAG(s) 'latest_only' retrieved from /home/abayturar/airflow-project/venv/lib/python3.12/site-packages/airflow/example_dags/example_latest_only.py
[2026-03-29T12:16:05.589+0500] {logging_mixin.py:188} INFO - [2026-03-29T12:16:05.588+0500] {dag.py:3089} INFO - Sync 1 DAGs
[2026-03-29T12:16:05.601+0500] {logging_mixin.py:188} INFO - [2026-03-29T12:16:05.601+0500] {dag.py:3947} INFO - Setting next_dagrun for latest_only to 2026-03-29 00:00:00+00:00, run_after=2026-03-29 04:00:00+00:00
[2026-03-29T12:16:05.657+0500] {processor.py:183} INFO - Processing /home/abayturar/airflow-project/venv/lib/python3.12/site-packages/airflow/example_dags/example_latest_only.py took 0.096 seconds
[2026-03-29T12:16:58.818+0500] {processor.py:161} INFO - Started process (PID=2070) to work on /home/abayturar/airflow-project/venv/lib/python3.12/site-packages/airflow/example_dags/example_latest_only.py
[2026-03-29T12:16:58.818+0500] {processor.py:830} INFO - Processing file /home/abayturar/airflow-project/venv/lib/python3.12/site-packages/airflow/example_dags/example_latest_only.py for tasks to queue
[2026-03-29T12:16:58.820+0500] {logging_mixin.py:188} INFO - [2026-03-29T12:16:58.820+0500] {dagbag.py:545} INFO - Filling up the DagBag from /home/abayturar/airflow-project/venv/lib/python3.12/site-packages/airflow/example_dags/example_latest_only.py
[2026-03-29T12:16:58.825+0500] {processor.py:840} INFO - DAG(s) 'latest_only' retrieved from /home/abayturar/airflow-project/venv/lib/python3.12/site-packages/airflow/example_dags/example_latest_only.py
[2026-03-29T12:16:58.840+0500] {logging_mixin.py:188} INFO - [2026-03-29T12:16:58.840+0500] {dag.py:3089} INFO - Sync 1 DAGs
[2026-03-29T12:16:58.939+0500] {logging_mixin.py:188} INFO - [2026-03-29T12:16:58.938+0500] {dag.py:3947} INFO - Setting next_dagrun for latest_only to 2026-03-29 00:00:00+00:00, run_after=2026-03-29 04:00:00+00:00
[2026-03-29T12:16:58.990+0500] {processor.py:183} INFO - Processing /home/abayturar/airflow-project/venv/lib/python3.12/site-packages/airflow/example_dags/example_latest_only.py took 0.178 seconds
[2026-03-29T12:17:50.229+0500] {processor.py:161} INFO - Started process (PID=2205) to work on /home/abayturar/airflow-project/venv/lib/python3.12/site-packages/airflow/example_dags/example_latest_only.py
[2026-03-29T12:17:50.229+0500] {processor.py:830} INFO - Processing file /home/abayturar/airflow-project/venv/lib/python3.12/site-packages/airflow/example_dags/example_latest_only.py for tasks to queue
[2026-03-29T12:17:50.231+0500] {logging_mixin.py:188} INFO - [2026-03-29T12:17:50.231+0500] {dagbag.py:545} INFO - Filling up the DagBag from /home/abayturar/airflow-project/venv/lib/python3.12/site-packages/airflow/example_dags/example_latest_only.py
[2026-03-29T12:17:50.236+0500] {processor.py:840} INFO - DAG(s) 'latest_only' retrieved from /home/abayturar/airflow-project/venv/lib/python3.12/site-packages/airflow/example_dags/example_latest_only.py
[2026-03-29T12:17:50.252+0500] {logging_mixin.py:188} INFO - [2026-03-29T12:17:50.252+0500] {dag.py:3089} INFO - Sync 1 DAGs
[2026-03-29T12:17:50.266+0500] {logging_mixin.py:188} INFO - [2026-03-29T12:17:50.266+0500] {dag.py:3947} INFO - Setting next_dagrun for latest_only to 2026-03-29 00:00:00+00:00, run_after=2026-03-29 04:00:00+00:00
[2026-03-29T12:17:50.320+0500] {processor.py:183} INFO - Processing /home/abayturar/airflow-project/venv/lib/python3.12/site-packages/airflow/example_dags/example_latest_only.py took 0.097 seconds
[2026-03-29T12:18:43.044+0500] {processor.py:161} INFO - Started process (PID=2342) to work on /home/abayturar/airflow-project/venv/lib/python3.12/site-packages/airflow/example_dags/example_latest_only.py
[2026-03-29T12:18:43.044+0500] {processor.py:830} INFO - Processing file /home/abayturar/airflow-project/venv/lib/python3.12/site-packages/airflow/example_dags/example_latest_only.py for tasks to queue
[2026-03-29T12:18:43.047+0500] {logging_mixin.py:188} INFO - [2026-03-29T12:18:43.046+0500] {dagbag.py:545} INFO - Filling up the DagBag from /home/abayturar/airflow-project/venv/lib/python3.12/site-packages/airflow/example_dags/example_latest_only.py
[2026-03-29T12:18:43.052+0500] {processor.py:840} INFO - DAG(s) 'latest_only' retrieved from /home/abayturar/airflow-project/venv/lib/python3.12/site-packages/airflow/example_dags/example_latest_only.py
[2026-03-29T12:18:43.070+0500] {logging_mixin.py:188} INFO - [2026-03-29T12:18:43.070+0500] {dag.py:3089} INFO - Sync 1 DAGs
[2026-03-29T12:18:43.086+0500] {logging_mixin.py:188} INFO - [2026-03-29T12:18:43.085+0500] {dag.py:3947} INFO - Setting next_dagrun for latest_only to 2026-03-29 00:00:00+00:00, run_after=2026-03-29 04:00:00+00:00
[2026-03-29T12:18:43.145+0500] {processor.py:183} INFO - Processing /home/abayturar/airflow-project/venv/lib/python3.12/site-packages/airflow/example_dags/example_latest_only.py took 0.108 seconds
[2026-03-29T12:19:34.023+0500] {processor.py:161} INFO - Started process (PID=2475) to work on /home/abayturar/airflow-project/venv/lib/python3.12/site-packages/airflow/example_dags/example_latest_only.py
[2026-03-29T12:19:34.024+0500] {processor.py:830} INFO - Processing file /home/abayturar/airflow-project/venv/lib/python3.12/site-packages/airflow/example_dags/example_latest_only.py for tasks to queue
[2026-03-29T12:19:34.026+0500] {logging_mixin.py:188} INFO - [2026-03-29T12:19:34.026+0500] {dagbag.py:545} INFO - Filling up the DagBag from /home/abayturar/airflow-project/venv/lib/python3.12/site-packages/airflow/example_dags/example_latest_only.py
[2026-03-29T12:19:34.031+0500] {processor.py:840} INFO - DAG(s) 'latest_only' retrieved from /home/abayturar/airflow-project/venv/lib/python3.12/site-packages/airflow/example_dags/example_latest_only.py
[2026-03-29T12:19:34.046+0500] {logging_mixin.py:188} INFO - [2026-03-29T12:19:34.046+0500] {dag.py:3089} INFO - Sync 1 DAGs
[2026-03-29T12:19:34.061+0500] {logging_mixin.py:188} INFO - [2026-03-29T12:19:34.061+0500] {dag.py:3947} INFO - Setting next_dagrun for latest_only to 2026-03-29 00:00:00+00:00, run_after=2026-03-29 04:00:00+00:00
[2026-03-29T12:19:34.114+0500] {processor.py:183} INFO - Processing /home/abayturar/airflow-project/venv/lib/python3.12/site-packages/airflow/example_dags/example_latest_only.py took 0.096 seconds
[2026-03-29T12:20:26.438+0500] {processor.py:161} INFO - Started process (PID=2611) to work on /home/abayturar/airflow-project/venv/lib/python3.12/site-packages/airflow/example_dags/example_latest_only.py
[2026-03-29T12:20:26.439+0500] {processor.py:830} INFO - Processing file /home/abayturar/airflow-project/venv/lib/python3.12/site-packages/airflow/example_dags/example_latest_only.py for tasks to queue
[2026-03-29T12:20:26.441+0500] {logging_mixin.py:188} INFO - [2026-03-29T12:20:26.441+0500] {dagbag.py:545} INFO - Filling up the DagBag from /home/abayturar/airflow-project/venv/lib/python3.12/site-packages/airflow/example_dags/example_latest_only.py
[2026-03-29T12:20:26.448+0500] {processor.py:840} INFO - DAG(s) 'latest_only' retrieved from /home/abayturar/airflow-project/venv/lib/python3.12/site-packages/airflow/example_dags/example_latest_only.py
[2026-03-29T12:20:26.466+0500] {logging_mixin.py:188} INFO - [2026-03-29T12:20:26.466+0500] {dag.py:3089} INFO - Sync 1 DAGs
[2026-03-29T12:20:26.481+0500] {logging_mixin.py:188} INFO - [2026-03-29T12:20:26.481+0500] {dag.py:3947} INFO - Setting next_dagrun for latest_only to 2026-03-29 00:00:00+00:00, run_after=2026-03-29 04:00:00+00:00
[2026-03-29T12:20:26.498+0500] {processor.py:183} INFO - Processing /home/abayturar/airflow-project/venv/lib/python3.12/site-packages/airflow/example_dags/example_latest_only.py took 0.069 seconds
[2026-03-29T12:21:19.160+0500] {processor.py:161} INFO - Started process (PID=2751) to work on /home/abayturar/airflow-project/venv/lib/python3.12/site-packages/airflow/example_dags/example_latest_only.py
[2026-03-29T12:21:19.161+0500] {processor.py:830} INFO - Processing file /home/abayturar/airflow-project/venv/lib/python3.12/site-packages/airflow/example_dags/example_latest_only.py for tasks to queue
[2026-03-29T12:21:19.163+0500] {logging_mixin.py:188} INFO - [2026-03-29T12:21:19.163+0500] {dagbag.py:545} INFO - Filling up the DagBag from /home/abayturar/airflow-project/venv/lib/python3.12/site-packages/airflow/example_dags/example_latest_only.py
[2026-03-29T12:21:19.168+0500] {processor.py:840} INFO - DAG(s) 'latest_only' retrieved from /home/abayturar/airflow-project/venv/lib/python3.12/site-packages/airflow/example_dags/example_latest_only.py
[2026-03-29T12:21:19.184+0500] {logging_mixin.py:188} INFO - [2026-03-29T12:21:19.184+0500] {dag.py:3089} INFO - Sync 1 DAGs
[2026-03-29T12:21:19.199+0500] {logging_mixin.py:188} INFO - [2026-03-29T12:21:19.199+0500] {dag.py:3947} INFO - Setting next_dagrun for latest_only to 2026-03-29 00:00:00+00:00, run_after=2026-03-29 04:00:00+00:00
[2026-03-29T12:21:19.253+0500] {processor.py:183} INFO - Processing /home/abayturar/airflow-project/venv/lib/python3.12/site-packages/airflow/example_dags/example_latest_only.py took 0.100 seconds
[2026-03-29T12:22:10.060+0500] {processor.py:161} INFO - Started process (PID=2942) to work on /home/abayturar/airflow-project/venv/lib/python3.12/site-packages/airflow/example_dags/example_latest_only.py
[2026-03-29T12:22:10.061+0500] {processor.py:830} INFO - Processing file /home/abayturar/airflow-project/venv/lib/python3.12/site-packages/airflow/example_dags/example_latest_only.py for tasks to queue
[2026-03-29T12:22:10.063+0500] {logging_mixin.py:188} INFO - [2026-03-29T12:22:10.062+0500] {dagbag.py:545} INFO - Filling up the DagBag from /home/abayturar/airflow-project/venv/lib/python3.12/site-packages/airflow/example_dags/example_latest_only.py
[2026-03-29T12:22:10.068+0500] {processor.py:840} INFO - DAG(s) 'latest_only' retrieved from /home/abayturar/airflow-project/venv/lib/python3.12/site-packages/airflow/example_dags/example_latest_only.py
[2026-03-29T12:22:10.087+0500] {logging_mixin.py:188} INFO - [2026-03-29T12:22:10.087+0500] {dag.py:3089} INFO - Sync 1 DAGs
[2026-03-29T12:22:10.102+0500] {logging_mixin.py:188} INFO - [2026-03-29T12:22:10.102+0500] {dag.py:3947} INFO - Setting next_dagrun for latest_only to 2026-03-29 00:00:00+00:00, run_after=2026-03-29 04:00:00+00:00
[2026-03-29T12:22:10.120+0500] {processor.py:183} INFO - Processing /home/abayturar/airflow-project/venv/lib/python3.12/site-packages/airflow/example_dags/example_latest_only.py took 0.070 seconds
[2026-03-29T12:23:02.026+0500] {processor.py:161} INFO - Started process (PID=3206) to work on /home/abayturar/airflow-project/venv/lib/python3.12/site-packages/airflow/example_dags/example_latest_only.py
[2026-03-29T12:23:02.027+0500] {processor.py:830} INFO - Processing file /home/abayturar/airflow-project/venv/lib/python3.12/site-packages/airflow/example_dags/example_latest_only.py for tasks to queue
[2026-03-29T12:23:02.028+0500] {logging_mixin.py:188} INFO - [2026-03-29T12:23:02.028+0500] {dagbag.py:545} INFO - Filling up the DagBag from /home/abayturar/airflow-project/venv/lib/python3.12/site-packages/airflow/example_dags/example_latest_only.py
[2026-03-29T12:23:02.033+0500] {processor.py:840} INFO - DAG(s) 'latest_only' retrieved from /home/abayturar/airflow-project/venv/lib/python3.12/site-packages/airflow/example_dags/example_latest_only.py
[2026-03-29T12:23:02.049+0500] {logging_mixin.py:188} INFO - [2026-03-29T12:23:02.049+0500] {dag.py:3089} INFO - Sync 1 DAGs
[2026-03-29T12:23:02.063+0500] {logging_mixin.py:188} INFO - [2026-03-29T12:23:02.063+0500] {dag.py:3947} INFO - Setting next_dagrun for latest_only to 2026-03-29 00:00:00+00:00, run_after=2026-03-29 04:00:00+00:00
[2026-03-29T12:23:02.118+0500] {processor.py:183} INFO - Processing /home/abayturar/airflow-project/venv/lib/python3.12/site-packages/airflow/example_dags/example_latest_only.py took 0.098 seconds
[2026-03-29T12:23:54.538+0500] {processor.py:161} INFO - Started process (PID=3395) to work on /home/abayturar/airflow-project/venv/lib/python3.12/site-packages/airflow/example_dags/example_latest_only.py
[2026-03-29T12:23:54.539+0500] {processor.py:830} INFO - Processing file /home/abayturar/airflow-project/venv/lib/python3.12/site-packages/airflow/example_dags/example_latest_only.py for tasks to queue
[2026-03-29T12:23:54.540+0500] {logging_mixin.py:188} INFO - [2026-03-29T12:23:54.540+0500] {dagbag.py:545} INFO - Filling up the DagBag from /home/abayturar/airflow-project/venv/lib/python3.12/site-packages/airflow/example_dags/example_latest_only.py
[2026-03-29T12:23:54.545+0500] {processor.py:840} INFO - DAG(s) 'latest_only' retrieved from /home/abayturar/airflow-project/venv/lib/python3.12/site-packages/airflow/example_dags/example_latest_only.py
[2026-03-29T12:23:54.561+0500] {logging_mixin.py:188} INFO - [2026-03-29T12:23:54.561+0500] {dag.py:3089} INFO - Sync 1 DAGs
[2026-03-29T12:23:54.578+0500] {logging_mixin.py:188} INFO - [2026-03-29T12:23:54.578+0500] {dag.py:3947} INFO - Setting next_dagrun for latest_only to 2026-03-29 00:00:00+00:00, run_after=2026-03-29 04:00:00+00:00
[2026-03-29T12:23:54.633+0500] {processor.py:183} INFO - Processing /home/abayturar/airflow-project/venv/lib/python3.12/site-packages/airflow/example_dags/example_latest_only.py took 0.101 seconds
[2026-03-29T12:24:48.118+0500] {processor.py:161} INFO - Started process (PID=3570) to work on /home/abayturar/airflow-project/venv/lib/python3.12/site-packages/airflow/example_dags/example_latest_only.py
[2026-03-29T12:24:48.119+0500] {processor.py:830} INFO - Processing file /home/abayturar/airflow-project/venv/lib/python3.12/site-packages/airflow/example_dags/example_latest_only.py for tasks to queue
[2026-03-29T12:24:48.121+0500] {logging_mixin.py:188} INFO - [2026-03-29T12:24:48.120+0500] {dagbag.py:545} INFO - Filling up the DagBag from /home/abayturar/airflow-project/venv/lib/python3.12/site-packages/airflow/example_dags/example_latest_only.py
[2026-03-29T12:24:48.126+0500] {processor.py:840} INFO - DAG(s) 'latest_only' retrieved from /home/abayturar/airflow-project/venv/lib/python3.12/site-packages/airflow/example_dags/example_latest_only.py
[2026-03-29T12:24:48.142+0500] {logging_mixin.py:188} INFO - [2026-03-29T12:24:48.142+0500] {dag.py:3089} INFO - Sync 1 DAGs
[2026-03-29T12:24:48.157+0500] {logging_mixin.py:188} INFO - [2026-03-29T12:24:48.156+0500] {dag.py:3947} INFO - Setting next_dagrun for latest_only to 2026-03-29 00:00:00+00:00, run_after=2026-03-29 04:00:00+00:00
[2026-03-29T12:24:48.171+0500] {processor.py:183} INFO - Processing /home/abayturar/airflow-project/venv/lib/python3.12/site-packages/airflow/example_dags/example_latest_only.py took 0.059 seconds
[2026-03-29T12:25:41.132+0500] {processor.py:161} INFO - Started process (PID=3724) to work on /home/abayturar/airflow-project/venv/lib/python3.12/site-packages/airflow/example_dags/example_latest_only.py
[2026-03-29T12:25:41.133+0500] {processor.py:830} INFO - Processing file /home/abayturar/airflow-project/venv/lib/python3.12/site-packages/airflow/example_dags/example_latest_only.py for tasks to queue
[2026-03-29T12:25:41.135+0500] {logging_mixin.py:188} INFO - [2026-03-29T12:25:41.134+0500] {dagbag.py:545} INFO - Filling up the DagBag from /home/abayturar/airflow-project/venv/lib/python3.12/site-packages/airflow/example_dags/example_latest_only.py
[2026-03-29T12:25:41.140+0500] {processor.py:840} INFO - DAG(s) 'latest_only' retrieved from /home/abayturar/airflow-project/venv/lib/python3.12/site-packages/airflow/example_dags/example_latest_only.py
[2026-03-29T12:25:41.157+0500] {logging_mixin.py:188} INFO - [2026-03-29T12:25:41.156+0500] {dag.py:3089} INFO - Sync 1 DAGs
[2026-03-29T12:25:41.174+0500] {logging_mixin.py:188} INFO - [2026-03-29T12:25:41.174+0500] {dag.py:3947} INFO - Setting next_dagrun for latest_only to 2026-03-29 00:00:00+00:00, run_after=2026-03-29 04:00:00+00:00
[2026-03-29T12:25:41.194+0500] {processor.py:183} INFO - Processing /home/abayturar/airflow-project/venv/lib/python3.12/site-packages/airflow/example_dags/example_latest_only.py took 0.070 seconds
[2026-03-29T12:26:31.123+0500] {processor.py:161} INFO - Started process (PID=4039) to work on /home/abayturar/airflow-project/venv/lib/python3.12/site-packages/airflow/example_dags/example_latest_only.py
[2026-03-29T12:26:31.124+0500] {processor.py:830} INFO - Processing file /home/abayturar/airflow-project/venv/lib/python3.12/site-packages/airflow/example_dags/example_latest_only.py for tasks to queue
[2026-03-29T12:26:31.127+0500] {logging_mixin.py:188} INFO - [2026-03-29T12:26:31.126+0500] {dagbag.py:545} INFO - Filling up the DagBag from /home/abayturar/airflow-project/venv/lib/python3.12/site-packages/airflow/example_dags/example_latest_only.py
[2026-03-29T12:26:31.136+0500] {processor.py:840} INFO - DAG(s) 'latest_only' retrieved from /home/abayturar/airflow-project/venv/lib/python3.12/site-packages/airflow/example_dags/example_latest_only.py
[2026-03-29T12:26:31.163+0500] {logging_mixin.py:188} INFO - [2026-03-29T12:26:31.163+0500] {dag.py:3089} INFO - Sync 1 DAGs
[2026-03-29T12:26:31.201+0500] {logging_mixin.py:188} INFO - [2026-03-29T12:26:31.201+0500] {dag.py:3947} INFO - Setting next_dagrun for latest_only to 2026-03-29 00:00:00+00:00, run_after=2026-03-29 04:00:00+00:00
[2026-03-29T12:26:31.259+0500] {processor.py:183} INFO - Processing /home/abayturar/airflow-project/venv/lib/python3.12/site-packages/airflow/example_dags/example_latest_only.py took 0.145 seconds
[2026-03-29T12:27:20.595+0500] {processor.py:161} INFO - Started process (PID=4261) to work on /home/abayturar/airflow-project/venv/lib/python3.12/site-packages/airflow/example_dags/example_latest_only.py
[2026-03-29T12:27:20.595+0500] {processor.py:830} INFO - Processing file /home/abayturar/airflow-project/venv/lib/python3.12/site-packages/airflow/example_dags/example_latest_only.py for tasks to queue
[2026-03-29T12:27:20.597+0500] {logging_mixin.py:188} INFO - [2026-03-29T12:27:20.597+0500] {dagbag.py:545} INFO - Filling up the DagBag from /home/abayturar/airflow-project/venv/lib/python3.12/site-packages/airflow/example_dags/example_latest_only.py
[2026-03-29T12:27:20.602+0500] {processor.py:840} INFO - DAG(s) 'latest_only' retrieved from /home/abayturar/airflow-project/venv/lib/python3.12/site-packages/airflow/example_dags/example_latest_only.py
[2026-03-29T12:27:20.618+0500] {logging_mixin.py:188} INFO - [2026-03-29T12:27:20.618+0500] {dag.py:3089} INFO - Sync 1 DAGs
[2026-03-29T12:27:20.633+0500] {logging_mixin.py:188} INFO - [2026-03-29T12:27:20.633+0500] {dag.py:3947} INFO - Setting next_dagrun for latest_only to 2026-03-29 00:00:00+00:00, run_after=2026-03-29 04:00:00+00:00
[2026-03-29T12:27:20.650+0500] {processor.py:183} INFO - Processing /home/abayturar/airflow-project/venv/lib/python3.12/site-packages/airflow/example_dags/example_latest_only.py took 0.061 seconds
[2026-03-29T12:28:09.380+0500] {processor.py:161} INFO - Started process (PID=4483) to work on /home/abayturar/airflow-project/venv/lib/python3.12/site-packages/airflow/example_dags/example_latest_only.py
[2026-03-29T12:28:09.381+0500] {processor.py:830} INFO - Processing file /home/abayturar/airflow-project/venv/lib/python3.12/site-packages/airflow/example_dags/example_latest_only.py for tasks to queue
[2026-03-29T12:28:09.383+0500] {logging_mixin.py:188} INFO - [2026-03-29T12:28:09.383+0500] {dagbag.py:545} INFO - Filling up the DagBag from /home/abayturar/airflow-project/venv/lib/python3.12/site-packages/airflow/example_dags/example_latest_only.py
[2026-03-29T12:28:09.389+0500] {processor.py:840} INFO - DAG(s) 'latest_only' retrieved from /home/abayturar/airflow-project/venv/lib/python3.12/site-packages/airflow/example_dags/example_latest_only.py
[2026-03-29T12:28:09.409+0500] {logging_mixin.py:188} INFO - [2026-03-29T12:28:09.409+0500] {dag.py:3089} INFO - Sync 1 DAGs
[2026-03-29T12:28:09.426+0500] {logging_mixin.py:188} INFO - [2026-03-29T12:28:09.426+0500] {dag.py:3947} INFO - Setting next_dagrun for latest_only to 2026-03-29 00:00:00+00:00, run_after=2026-03-29 04:00:00+00:00
[2026-03-29T12:28:09.446+0500] {processor.py:183} INFO - Processing /home/abayturar/airflow-project/venv/lib/python3.12/site-packages/airflow/example_dags/example_latest_only.py took 0.072 seconds
[2026-03-29T12:28:56.370+0500] {processor.py:161} INFO - Started process (PID=4608) to work on /home/abayturar/airflow-project/venv/lib/python3.12/site-packages/airflow/example_dags/example_latest_only.py
[2026-03-29T12:28:56.371+0500] {processor.py:830} INFO - Processing file /home/abayturar/airflow-project/venv/lib/python3.12/site-packages/airflow/example_dags/example_latest_only.py for tasks to queue
[2026-03-29T12:28:56.373+0500] {logging_mixin.py:188} INFO - [2026-03-29T12:28:56.372+0500] {dagbag.py:545} INFO - Filling up the DagBag from /home/abayturar/airflow-project/venv/lib/python3.12/site-packages/airflow/example_dags/example_latest_only.py
[2026-03-29T12:28:56.379+0500] {processor.py:840} INFO - DAG(s) 'latest_only' retrieved from /home/abayturar/airflow-project/venv/lib/python3.12/site-packages/airflow/example_dags/example_latest_only.py
[2026-03-29T12:28:56.398+0500] {logging_mixin.py:188} INFO - [2026-03-29T12:28:56.398+0500] {dag.py:3089} INFO - Sync 1 DAGs
[2026-03-29T12:28:56.414+0500] {logging_mixin.py:188} INFO - [2026-03-29T12:28:56.414+0500] {dag.py:3947} INFO - Setting next_dagrun for latest_only to 2026-03-29 00:00:00+00:00, run_after=2026-03-29 04:00:00+00:00
[2026-03-29T12:28:56.440+0500] {processor.py:183} INFO - Processing /home/abayturar/airflow-project/venv/lib/python3.12/site-packages/airflow/example_dags/example_latest_only.py took 0.079 seconds
[2026-03-29T12:29:47.097+0500] {processor.py:161} INFO - Started process (PID=4871) to work on /home/abayturar/airflow-project/venv/lib/python3.12/site-packages/airflow/example_dags/example_latest_only.py
[2026-03-29T12:29:47.098+0500] {processor.py:830} INFO - Processing file /home/abayturar/airflow-project/venv/lib/python3.12/site-packages/airflow/example_dags/example_latest_only.py for tasks to queue
[2026-03-29T12:29:47.101+0500] {logging_mixin.py:188} INFO - [2026-03-29T12:29:47.100+0500] {dagbag.py:545} INFO - Filling up the DagBag from /home/abayturar/airflow-project/venv/lib/python3.12/site-packages/airflow/example_dags/example_latest_only.py
[2026-03-29T12:29:47.107+0500] {processor.py:840} INFO - DAG(s) 'latest_only' retrieved from /home/abayturar/airflow-project/venv/lib/python3.12/site-packages/airflow/example_dags/example_latest_only.py
[2026-03-29T12:29:47.125+0500] {logging_mixin.py:188} INFO - [2026-03-29T12:29:47.125+0500] {dag.py:3089} INFO - Sync 1 DAGs
[2026-03-29T12:29:47.141+0500] {logging_mixin.py:188} INFO - [2026-03-29T12:29:47.141+0500] {dag.py:3947} INFO - Setting next_dagrun for latest_only to 2026-03-29 00:00:00+00:00, run_after=2026-03-29 04:00:00+00:00
[2026-03-29T12:29:47.160+0500] {processor.py:183} INFO - Processing /home/abayturar/airflow-project/venv/lib/python3.12/site-packages/airflow/example_dags/example_latest_only.py took 0.070 seconds
[2026-03-29T12:30:38.168+0500] {processor.py:161} INFO - Started process (PID=5071) to work on /home/abayturar/airflow-project/venv/lib/python3.12/site-packages/airflow/example_dags/example_latest_only.py
[2026-03-29T12:30:38.169+0500] {processor.py:830} INFO - Processing file /home/abayturar/airflow-project/venv/lib/python3.12/site-packages/airflow/example_dags/example_latest_only.py for tasks to queue
[2026-03-29T12:30:38.171+0500] {logging_mixin.py:188} INFO - [2026-03-29T12:30:38.170+0500] {dagbag.py:545} INFO - Filling up the DagBag from /home/abayturar/airflow-project/venv/lib/python3.12/site-packages/airflow/example_dags/example_latest_only.py
[2026-03-29T12:30:38.177+0500] {processor.py:840} INFO - DAG(s) 'latest_only' retrieved from /home/abayturar/airflow-project/venv/lib/python3.12/site-packages/airflow/example_dags/example_latest_only.py
[2026-03-29T12:30:38.198+0500] {logging_mixin.py:188} INFO - [2026-03-29T12:30:38.197+0500] {dag.py:3089} INFO - Sync 1 DAGs
[2026-03-29T12:30:38.215+0500] {logging_mixin.py:188} INFO - [2026-03-29T12:30:38.214+0500] {dag.py:3947} INFO - Setting next_dagrun for latest_only to 2026-03-29 00:00:00+00:00, run_after=2026-03-29 04:00:00+00:00
[2026-03-29T12:30:38.273+0500] {processor.py:183} INFO - Processing /home/abayturar/airflow-project/venv/lib/python3.12/site-packages/airflow/example_dags/example_latest_only.py took 0.112 seconds
[2026-03-29T12:31:28.064+0500] {processor.py:161} INFO - Started process (PID=5347) to work on /home/abayturar/airflow-project/venv/lib/python3.12/site-packages/airflow/example_dags/example_latest_only.py
[2026-03-29T12:31:28.065+0500] {processor.py:830} INFO - Processing file /home/abayturar/airflow-project/venv/lib/python3.12/site-packages/airflow/example_dags/example_latest_only.py for tasks to queue
[2026-03-29T12:31:28.067+0500] {logging_mixin.py:188} INFO - [2026-03-29T12:31:28.066+0500] {dagbag.py:545} INFO - Filling up the DagBag from /home/abayturar/airflow-project/venv/lib/python3.12/site-packages/airflow/example_dags/example_latest_only.py
[2026-03-29T12:31:28.072+0500] {processor.py:840} INFO - DAG(s) 'latest_only' retrieved from /home/abayturar/airflow-project/venv/lib/python3.12/site-packages/airflow/example_dags/example_latest_only.py
[2026-03-29T12:31:28.088+0500] {logging_mixin.py:188} INFO - [2026-03-29T12:31:28.088+0500] {dag.py:3089} INFO - Sync 1 DAGs
[2026-03-29T12:31:28.106+0500] {logging_mixin.py:188} INFO - [2026-03-29T12:31:28.106+0500] {dag.py:3947} INFO - Setting next_dagrun for latest_only to 2026-03-29 00:00:00+00:00, run_after=2026-03-29 04:00:00+00:00
[2026-03-29T12:31:28.151+0500] {processor.py:183} INFO - Processing /home/abayturar/airflow-project/venv/lib/python3.12/site-packages/airflow/example_dags/example_latest_only.py took 0.094 seconds
[2026-03-29T12:32:37.687+0500] {processor.py:161} INFO - Started process (PID=6037) to work on /home/abayturar/airflow-project/venv/lib/python3.12/site-packages/airflow/example_dags/example_latest_only.py
[2026-03-29T12:32:37.688+0500] {processor.py:830} INFO - Processing file /home/abayturar/airflow-project/venv/lib/python3.12/site-packages/airflow/example_dags/example_latest_only.py for tasks to queue
[2026-03-29T12:32:37.690+0500] {logging_mixin.py:188} INFO - [2026-03-29T12:32:37.689+0500] {dagbag.py:545} INFO - Filling up the DagBag from /home/abayturar/airflow-project/venv/lib/python3.12/site-packages/airflow/example_dags/example_latest_only.py
[2026-03-29T12:32:37.695+0500] {processor.py:840} INFO - DAG(s) 'latest_only' retrieved from /home/abayturar/airflow-project/venv/lib/python3.12/site-packages/airflow/example_dags/example_latest_only.py
[2026-03-29T12:32:37.712+0500] {logging_mixin.py:188} INFO - [2026-03-29T12:32:37.712+0500] {dag.py:3089} INFO - Sync 1 DAGs
[2026-03-29T12:32:37.730+0500] {logging_mixin.py:188} INFO - [2026-03-29T12:32:37.729+0500] {dag.py:3947} INFO - Setting next_dagrun for latest_only to 2026-03-29 00:00:00+00:00, run_after=2026-03-29 04:00:00+00:00
[2026-03-29T12:32:37.750+0500] {processor.py:183} INFO - Processing /home/abayturar/airflow-project/venv/lib/python3.12/site-packages/airflow/example_dags/example_latest_only.py took 0.070 seconds
[2026-03-29T12:33:27.023+0500] {processor.py:161} INFO - Started process (PID=6167) to work on /home/abayturar/airflow-project/venv/lib/python3.12/site-packages/airflow/example_dags/example_latest_only.py
[2026-03-29T12:33:27.024+0500] {processor.py:830} INFO - Processing file /home/abayturar/airflow-project/venv/lib/python3.12/site-packages/airflow/example_dags/example_latest_only.py for tasks to queue
[2026-03-29T12:33:27.026+0500] {logging_mixin.py:188} INFO - [2026-03-29T12:33:27.026+0500] {dagbag.py:545} INFO - Filling up the DagBag from /home/abayturar/airflow-project/venv/lib/python3.12/site-packages/airflow/example_dags/example_latest_only.py
[2026-03-29T12:33:27.032+0500] {processor.py:840} INFO - DAG(s) 'latest_only' retrieved from /home/abayturar/airflow-project/venv/lib/python3.12/site-packages/airflow/example_dags/example_latest_only.py
[2026-03-29T12:33:27.051+0500] {logging_mixin.py:188} INFO - [2026-03-29T12:33:27.050+0500] {dag.py:3089} INFO - Sync 1 DAGs
[2026-03-29T12:33:27.067+0500] {logging_mixin.py:188} INFO - [2026-03-29T12:33:27.067+0500] {dag.py:3947} INFO - Setting next_dagrun for latest_only to 2026-03-29 00:00:00+00:00, run_after=2026-03-29 04:00:00+00:00
[2026-03-29T12:33:27.083+0500] {processor.py:183} INFO - Processing /home/abayturar/airflow-project/venv/lib/python3.12/site-packages/airflow/example_dags/example_latest_only.py took 0.066 seconds
[2026-03-29T12:34:14.927+0500] {processor.py:161} INFO - Started process (PID=6306) to work on /home/abayturar/airflow-project/venv/lib/python3.12/site-packages/airflow/example_dags/example_latest_only.py
[2026-03-29T12:34:14.928+0500] {processor.py:830} INFO - Processing file /home/abayturar/airflow-project/venv/lib/python3.12/site-packages/airflow/example_dags/example_latest_only.py for tasks to queue
[2026-03-29T12:34:14.930+0500] {logging_mixin.py:188} INFO - [2026-03-29T12:34:14.929+0500] {dagbag.py:545} INFO - Filling up the DagBag from /home/abayturar/airflow-project/venv/lib/python3.12/site-packages/airflow/example_dags/example_latest_only.py
[2026-03-29T12:34:14.935+0500] {processor.py:840} INFO - DAG(s) 'latest_only' retrieved from /home/abayturar/airflow-project/venv/lib/python3.12/site-packages/airflow/example_dags/example_latest_only.py
[2026-03-29T12:34:14.953+0500] {logging_mixin.py:188} INFO - [2026-03-29T12:34:14.953+0500] {dag.py:3089} INFO - Sync 1 DAGs
[2026-03-29T12:34:14.972+0500] {logging_mixin.py:188} INFO - [2026-03-29T12:34:14.972+0500] {dag.py:3947} INFO - Setting next_dagrun for latest_only to 2026-03-29 00:00:00+00:00, run_after=2026-03-29 04:00:00+00:00
[2026-03-29T12:34:15.028+0500] {processor.py:183} INFO - Processing /home/abayturar/airflow-project/venv/lib/python3.12/site-packages/airflow/example_dags/example_latest_only.py took 0.107 seconds
[2026-03-29T12:35:04.049+0500] {processor.py:161} INFO - Started process (PID=6435) to work on /home/abayturar/airflow-project/venv/lib/python3.12/site-packages/airflow/example_dags/example_latest_only.py
[2026-03-29T12:35:04.050+0500] {processor.py:830} INFO - Processing file /home/abayturar/airflow-project/venv/lib/python3.12/site-packages/airflow/example_dags/example_latest_only.py for tasks to queue
[2026-03-29T12:35:04.051+0500] {logging_mixin.py:188} INFO - [2026-03-29T12:35:04.051+0500] {dagbag.py:545} INFO - Filling up the DagBag from /home/abayturar/airflow-project/venv/lib/python3.12/site-packages/airflow/example_dags/example_latest_only.py
[2026-03-29T12:35:04.057+0500] {processor.py:840} INFO - DAG(s) 'latest_only' retrieved from /home/abayturar/airflow-project/venv/lib/python3.12/site-packages/airflow/example_dags/example_latest_only.py
[2026-03-29T12:35:04.073+0500] {logging_mixin.py:188} INFO - [2026-03-29T12:35:04.073+0500] {dag.py:3089} INFO - Sync 1 DAGs
[2026-03-29T12:35:04.088+0500] {logging_mixin.py:188} INFO - [2026-03-29T12:35:04.088+0500] {dag.py:3947} INFO - Setting next_dagrun for latest_only to 2026-03-29 00:00:00+00:00, run_after=2026-03-29 04:00:00+00:00
[2026-03-29T12:35:04.142+0500] {processor.py:183} INFO - Processing /home/abayturar/airflow-project/venv/lib/python3.12/site-packages/airflow/example_dags/example_latest_only.py took 0.100 seconds
[2026-03-29T12:35:52.750+0500] {processor.py:161} INFO - Started process (PID=6563) to work on /home/abayturar/airflow-project/venv/lib/python3.12/site-packages/airflow/example_dags/example_latest_only.py
[2026-03-29T12:35:52.750+0500] {processor.py:830} INFO - Processing file /home/abayturar/airflow-project/venv/lib/python3.12/site-packages/airflow/example_dags/example_latest_only.py for tasks to queue
[2026-03-29T12:35:52.752+0500] {logging_mixin.py:188} INFO - [2026-03-29T12:35:52.752+0500] {dagbag.py:545} INFO - Filling up the DagBag from /home/abayturar/airflow-project/venv/lib/python3.12/site-packages/airflow/example_dags/example_latest_only.py
[2026-03-29T12:35:52.757+0500] {processor.py:840} INFO - DAG(s) 'latest_only' retrieved from /home/abayturar/airflow-project/venv/lib/python3.12/site-packages/airflow/example_dags/example_latest_only.py
[2026-03-29T12:35:52.772+0500] {logging_mixin.py:188} INFO - [2026-03-29T12:35:52.772+0500] {dag.py:3089} INFO - Sync 1 DAGs
[2026-03-29T12:35:52.786+0500] {logging_mixin.py:188} INFO - [2026-03-29T12:35:52.786+0500] {dag.py:3947} INFO - Setting next_dagrun for latest_only to 2026-03-29 00:00:00+00:00, run_after=2026-03-29 04:00:00+00:00
[2026-03-29T12:35:52.842+0500] {processor.py:183} INFO - Processing /home/abayturar/airflow-project/venv/lib/python3.12/site-packages/airflow/example_dags/example_latest_only.py took 0.099 seconds
[2026-03-29T12:36:42.545+0500] {processor.py:161} INFO - Started process (PID=6692) to work on /home/abayturar/airflow-project/venv/lib/python3.12/site-packages/airflow/example_dags/example_latest_only.py
[2026-03-29T12:36:42.546+0500] {processor.py:830} INFO - Processing file /home/abayturar/airflow-project/venv/lib/python3.12/site-packages/airflow/example_dags/example_latest_only.py for tasks to queue
[2026-03-29T12:36:42.548+0500] {logging_mixin.py:188} INFO - [2026-03-29T12:36:42.548+0500] {dagbag.py:545} INFO - Filling up the DagBag from /home/abayturar/airflow-project/venv/lib/python3.12/site-packages/airflow/example_dags/example_latest_only.py
[2026-03-29T12:36:42.553+0500] {processor.py:840} INFO - DAG(s) 'latest_only' retrieved from /home/abayturar/airflow-project/venv/lib/python3.12/site-packages/airflow/example_dags/example_latest_only.py
[2026-03-29T12:36:42.572+0500] {logging_mixin.py:188} INFO - [2026-03-29T12:36:42.572+0500] {dag.py:3089} INFO - Sync 1 DAGs
[2026-03-29T12:36:42.587+0500] {logging_mixin.py:188} INFO - [2026-03-29T12:36:42.587+0500] {dag.py:3947} INFO - Setting next_dagrun for latest_only to 2026-03-29 00:00:00+00:00, run_after=2026-03-29 04:00:00+00:00
[2026-03-29T12:36:42.604+0500] {processor.py:183} INFO - Processing /home/abayturar/airflow-project/venv/lib/python3.12/site-packages/airflow/example_dags/example_latest_only.py took 0.065 seconds
[2026-03-29T12:37:32.429+0500] {processor.py:161} INFO - Started process (PID=6827) to work on /home/abayturar/airflow-project/venv/lib/python3.12/site-packages/airflow/example_dags/example_latest_only.py
[2026-03-29T12:37:32.430+0500] {processor.py:830} INFO - Processing file /home/abayturar/airflow-project/venv/lib/python3.12/site-packages/airflow/example_dags/example_latest_only.py for tasks to queue
[2026-03-29T12:37:32.432+0500] {logging_mixin.py:188} INFO - [2026-03-29T12:37:32.431+0500] {dagbag.py:545} INFO - Filling up the DagBag from /home/abayturar/airflow-project/venv/lib/python3.12/site-packages/airflow/example_dags/example_latest_only.py
[2026-03-29T12:37:32.437+0500] {processor.py:840} INFO - DAG(s) 'latest_only' retrieved from /home/abayturar/airflow-project/venv/lib/python3.12/site-packages/airflow/example_dags/example_latest_only.py
[2026-03-29T12:37:32.453+0500] {logging_mixin.py:188} INFO - [2026-03-29T12:37:32.453+0500] {dag.py:3089} INFO - Sync 1 DAGs
[2026-03-29T12:37:32.467+0500] {logging_mixin.py:188} INFO - [2026-03-29T12:37:32.467+0500] {dag.py:3947} INFO - Setting next_dagrun for latest_only to 2026-03-29 00:00:00+00:00, run_after=2026-03-29 04:00:00+00:00
[2026-03-29T12:37:32.522+0500] {processor.py:183} INFO - Processing /home/abayturar/airflow-project/venv/lib/python3.12/site-packages/airflow/example_dags/example_latest_only.py took 0.101 seconds
[2026-03-29T12:38:22.491+0500] {processor.py:161} INFO - Started process (PID=6958) to work on /home/abayturar/airflow-project/venv/lib/python3.12/site-packages/airflow/example_dags/example_latest_only.py
[2026-03-29T12:38:22.492+0500] {processor.py:830} INFO - Processing file /home/abayturar/airflow-project/venv/lib/python3.12/site-packages/airflow/example_dags/example_latest_only.py for tasks to queue
[2026-03-29T12:38:22.495+0500] {logging_mixin.py:188} INFO - [2026-03-29T12:38:22.494+0500] {dagbag.py:545} INFO - Filling up the DagBag from /home/abayturar/airflow-project/venv/lib/python3.12/site-packages/airflow/example_dags/example_latest_only.py
[2026-03-29T12:38:22.500+0500] {processor.py:840} INFO - DAG(s) 'latest_only' retrieved from /home/abayturar/airflow-project/venv/lib/python3.12/site-packages/airflow/example_dags/example_latest_only.py
[2026-03-29T12:38:22.516+0500] {logging_mixin.py:188} INFO - [2026-03-29T12:38:22.516+0500] {dag.py:3089} INFO - Sync 1 DAGs
[2026-03-29T12:38:22.531+0500] {logging_mixin.py:188} INFO - [2026-03-29T12:38:22.531+0500] {dag.py:3947} INFO - Setting next_dagrun for latest_only to 2026-03-29 00:00:00+00:00, run_after=2026-03-29 04:00:00+00:00
[2026-03-29T12:38:22.588+0500] {processor.py:183} INFO - Processing /home/abayturar/airflow-project/venv/lib/python3.12/site-packages/airflow/example_dags/example_latest_only.py took 0.104 seconds
[2026-03-29T12:39:15.312+0500] {processor.py:161} INFO - Started process (PID=7092) to work on /home/abayturar/airflow-project/venv/lib/python3.12/site-packages/airflow/example_dags/example_latest_only.py
[2026-03-29T12:39:15.313+0500] {processor.py:830} INFO - Processing file /home/abayturar/airflow-project/venv/lib/python3.12/site-packages/airflow/example_dags/example_latest_only.py for tasks to queue
[2026-03-29T12:39:15.315+0500] {logging_mixin.py:188} INFO - [2026-03-29T12:39:15.314+0500] {dagbag.py:545} INFO - Filling up the DagBag from /home/abayturar/airflow-project/venv/lib/python3.12/site-packages/airflow/example_dags/example_latest_only.py
[2026-03-29T12:39:15.320+0500] {processor.py:840} INFO - DAG(s) 'latest_only' retrieved from /home/abayturar/airflow-project/venv/lib/python3.12/site-packages/airflow/example_dags/example_latest_only.py
[2026-03-29T12:39:15.336+0500] {logging_mixin.py:188} INFO - [2026-03-29T12:39:15.336+0500] {dag.py:3089} INFO - Sync 1 DAGs
[2026-03-29T12:39:15.351+0500] {logging_mixin.py:188} INFO - [2026-03-29T12:39:15.351+0500] {dag.py:3947} INFO - Setting next_dagrun for latest_only to 2026-03-29 00:00:00+00:00, run_after=2026-03-29 04:00:00+00:00
[2026-03-29T12:39:15.404+0500] {processor.py:183} INFO - Processing /home/abayturar/airflow-project/venv/lib/python3.12/site-packages/airflow/example_dags/example_latest_only.py took 0.098 seconds
[2026-03-29T12:40:06.467+0500] {processor.py:161} INFO - Started process (PID=7255) to work on /home/abayturar/airflow-project/venv/lib/python3.12/site-packages/airflow/example_dags/example_latest_only.py
[2026-03-29T12:40:06.468+0500] {processor.py:830} INFO - Processing file /home/abayturar/airflow-project/venv/lib/python3.12/site-packages/airflow/example_dags/example_latest_only.py for tasks to queue
[2026-03-29T12:40:06.470+0500] {logging_mixin.py:188} INFO - [2026-03-29T12:40:06.469+0500] {dagbag.py:545} INFO - Filling up the DagBag from /home/abayturar/airflow-project/venv/lib/python3.12/site-packages/airflow/example_dags/example_latest_only.py
[2026-03-29T12:40:06.475+0500] {processor.py:840} INFO - DAG(s) 'latest_only' retrieved from /home/abayturar/airflow-project/venv/lib/python3.12/site-packages/airflow/example_dags/example_latest_only.py
[2026-03-29T12:40:06.490+0500] {logging_mixin.py:188} INFO - [2026-03-29T12:40:06.490+0500] {dag.py:3089} INFO - Sync 1 DAGs
[2026-03-29T12:40:06.503+0500] {logging_mixin.py:188} INFO - [2026-03-29T12:40:06.503+0500] {dag.py:3947} INFO - Setting next_dagrun for latest_only to 2026-03-29 00:00:00+00:00, run_after=2026-03-29 04:00:00+00:00
[2026-03-29T12:40:06.558+0500] {processor.py:183} INFO - Processing /home/abayturar/airflow-project/venv/lib/python3.12/site-packages/airflow/example_dags/example_latest_only.py took 0.096 seconds
[2026-03-29T12:40:56.795+0500] {processor.py:161} INFO - Started process (PID=7389) to work on /home/abayturar/airflow-project/venv/lib/python3.12/site-packages/airflow/example_dags/example_latest_only.py
[2026-03-29T12:40:56.796+0500] {processor.py:830} INFO - Processing file /home/abayturar/airflow-project/venv/lib/python3.12/site-packages/airflow/example_dags/example_latest_only.py for tasks to queue
[2026-03-29T12:40:56.797+0500] {logging_mixin.py:188} INFO - [2026-03-29T12:40:56.797+0500] {dagbag.py:545} INFO - Filling up the DagBag from /home/abayturar/airflow-project/venv/lib/python3.12/site-packages/airflow/example_dags/example_latest_only.py
[2026-03-29T12:40:56.802+0500] {processor.py:840} INFO - DAG(s) 'latest_only' retrieved from /home/abayturar/airflow-project/venv/lib/python3.12/site-packages/airflow/example_dags/example_latest_only.py
[2026-03-29T12:40:56.819+0500] {logging_mixin.py:188} INFO - [2026-03-29T12:40:56.819+0500] {dag.py:3089} INFO - Sync 1 DAGs
[2026-03-29T12:40:56.833+0500] {logging_mixin.py:188} INFO - [2026-03-29T12:40:56.833+0500] {dag.py:3947} INFO - Setting next_dagrun for latest_only to 2026-03-29 00:00:00+00:00, run_after=2026-03-29 04:00:00+00:00
[2026-03-29T12:40:56.888+0500] {processor.py:183} INFO - Processing /home/abayturar/airflow-project/venv/lib/python3.12/site-packages/airflow/example_dags/example_latest_only.py took 0.100 seconds
[2026-03-29T12:41:48.717+0500] {processor.py:161} INFO - Started process (PID=7548) to work on /home/abayturar/airflow-project/venv/lib/python3.12/site-packages/airflow/example_dags/example_latest_only.py
[2026-03-29T12:41:48.718+0500] {processor.py:830} INFO - Processing file /home/abayturar/airflow-project/venv/lib/python3.12/site-packages/airflow/example_dags/example_latest_only.py for tasks to queue
[2026-03-29T12:41:48.720+0500] {logging_mixin.py:188} INFO - [2026-03-29T12:41:48.719+0500] {dagbag.py:545} INFO - Filling up the DagBag from /home/abayturar/airflow-project/venv/lib/python3.12/site-packages/airflow/example_dags/example_latest_only.py
[2026-03-29T12:41:48.725+0500] {processor.py:840} INFO - DAG(s) 'latest_only' retrieved from /home/abayturar/airflow-project/venv/lib/python3.12/site-packages/airflow/example_dags/example_latest_only.py
[2026-03-29T12:41:48.743+0500] {logging_mixin.py:188} INFO - [2026-03-29T12:41:48.742+0500] {dag.py:3089} INFO - Sync 1 DAGs
[2026-03-29T12:41:48.758+0500] {logging_mixin.py:188} INFO - [2026-03-29T12:41:48.758+0500] {dag.py:3947} INFO - Setting next_dagrun for latest_only to 2026-03-29 00:00:00+00:00, run_after=2026-03-29 04:00:00+00:00
[2026-03-29T12:41:48.804+0500] {processor.py:183} INFO - Processing /home/abayturar/airflow-project/venv/lib/python3.12/site-packages/airflow/example_dags/example_latest_only.py took 0.093 seconds
[2026-03-29T12:42:39.453+0500] {processor.py:161} INFO - Started process (PID=7683) to work on /home/abayturar/airflow-project/venv/lib/python3.12/site-packages/airflow/example_dags/example_latest_only.py
[2026-03-29T12:42:39.454+0500] {processor.py:830} INFO - Processing file /home/abayturar/airflow-project/venv/lib/python3.12/site-packages/airflow/example_dags/example_latest_only.py for tasks to queue
[2026-03-29T12:42:39.456+0500] {logging_mixin.py:188} INFO - [2026-03-29T12:42:39.455+0500] {dagbag.py:545} INFO - Filling up the DagBag from /home/abayturar/airflow-project/venv/lib/python3.12/site-packages/airflow/example_dags/example_latest_only.py
[2026-03-29T12:42:39.460+0500] {processor.py:840} INFO - DAG(s) 'latest_only' retrieved from /home/abayturar/airflow-project/venv/lib/python3.12/site-packages/airflow/example_dags/example_latest_only.py
[2026-03-29T12:42:39.477+0500] {logging_mixin.py:188} INFO - [2026-03-29T12:42:39.477+0500] {dag.py:3089} INFO - Sync 1 DAGs
[2026-03-29T12:42:39.492+0500] {logging_mixin.py:188} INFO - [2026-03-29T12:42:39.491+0500] {dag.py:3947} INFO - Setting next_dagrun for latest_only to 2026-03-29 00:00:00+00:00, run_after=2026-03-29 04:00:00+00:00
[2026-03-29T12:42:39.546+0500] {processor.py:183} INFO - Processing /home/abayturar/airflow-project/venv/lib/python3.12/site-packages/airflow/example_dags/example_latest_only.py took 0.099 seconds
[2026-03-29T12:43:32.382+0500] {processor.py:161} INFO - Started process (PID=7818) to work on /home/abayturar/airflow-project/venv/lib/python3.12/site-packages/airflow/example_dags/example_latest_only.py
[2026-03-29T12:43:32.383+0500] {processor.py:830} INFO - Processing file /home/abayturar/airflow-project/venv/lib/python3.12/site-packages/airflow/example_dags/example_latest_only.py for tasks to queue
[2026-03-29T12:43:32.385+0500] {logging_mixin.py:188} INFO - [2026-03-29T12:43:32.384+0500] {dagbag.py:545} INFO - Filling up the DagBag from /home/abayturar/airflow-project/venv/lib/python3.12/site-packages/airflow/example_dags/example_latest_only.py
[2026-03-29T12:43:32.390+0500] {processor.py:840} INFO - DAG(s) 'latest_only' retrieved from /home/abayturar/airflow-project/venv/lib/python3.12/site-packages/airflow/example_dags/example_latest_only.py
[2026-03-29T12:43:32.405+0500] {logging_mixin.py:188} INFO - [2026-03-29T12:43:32.405+0500] {dag.py:3089} INFO - Sync 1 DAGs
[2026-03-29T12:43:32.419+0500] {logging_mixin.py:188} INFO - [2026-03-29T12:43:32.419+0500] {dag.py:3947} INFO - Setting next_dagrun for latest_only to 2026-03-29 00:00:00+00:00, run_after=2026-03-29 04:00:00+00:00
[2026-03-29T12:43:32.473+0500] {processor.py:183} INFO - Processing /home/abayturar/airflow-project/venv/lib/python3.12/site-packages/airflow/example_dags/example_latest_only.py took 0.097 seconds
[2026-03-29T12:44:25.148+0500] {processor.py:161} INFO - Started process (PID=8088) to work on /home/abayturar/airflow-project/venv/lib/python3.12/site-packages/airflow/example_dags/example_latest_only.py
[2026-03-29T12:44:25.149+0500] {processor.py:830} INFO - Processing file /home/abayturar/airflow-project/venv/lib/python3.12/site-packages/airflow/example_dags/example_latest_only.py for tasks to queue
[2026-03-29T12:44:25.150+0500] {logging_mixin.py:188} INFO - [2026-03-29T12:44:25.150+0500] {dagbag.py:545} INFO - Filling up the DagBag from /home/abayturar/airflow-project/venv/lib/python3.12/site-packages/airflow/example_dags/example_latest_only.py
[2026-03-29T12:44:25.155+0500] {processor.py:840} INFO - DAG(s) 'latest_only' retrieved from /home/abayturar/airflow-project/venv/lib/python3.12/site-packages/airflow/example_dags/example_latest_only.py
[2026-03-29T12:44:25.171+0500] {logging_mixin.py:188} INFO - [2026-03-29T12:44:25.171+0500] {dag.py:3089} INFO - Sync 1 DAGs
[2026-03-29T12:44:25.185+0500] {logging_mixin.py:188} INFO - [2026-03-29T12:44:25.185+0500] {dag.py:3947} INFO - Setting next_dagrun for latest_only to 2026-03-29 00:00:00+00:00, run_after=2026-03-29 04:00:00+00:00
[2026-03-29T12:44:25.200+0500] {processor.py:183} INFO - Processing /home/abayturar/airflow-project/venv/lib/python3.12/site-packages/airflow/example_dags/example_latest_only.py took 0.058 seconds
[2026-03-29T12:45:19.422+0500] {processor.py:161} INFO - Started process (PID=8510) to work on /home/abayturar/airflow-project/venv/lib/python3.12/site-packages/airflow/example_dags/example_latest_only.py
[2026-03-29T12:45:19.423+0500] {processor.py:830} INFO - Processing file /home/abayturar/airflow-project/venv/lib/python3.12/site-packages/airflow/example_dags/example_latest_only.py for tasks to queue
[2026-03-29T12:45:19.425+0500] {logging_mixin.py:188} INFO - [2026-03-29T12:45:19.425+0500] {dagbag.py:545} INFO - Filling up the DagBag from /home/abayturar/airflow-project/venv/lib/python3.12/site-packages/airflow/example_dags/example_latest_only.py
[2026-03-29T12:45:19.430+0500] {processor.py:840} INFO - DAG(s) 'latest_only' retrieved from /home/abayturar/airflow-project/venv/lib/python3.12/site-packages/airflow/example_dags/example_latest_only.py
[2026-03-29T12:45:19.450+0500] {logging_mixin.py:188} INFO - [2026-03-29T12:45:19.450+0500] {dag.py:3089} INFO - Sync 1 DAGs
[2026-03-29T12:45:19.466+0500] {logging_mixin.py:188} INFO - [2026-03-29T12:45:19.466+0500] {dag.py:3947} INFO - Setting next_dagrun for latest_only to 2026-03-29 00:00:00+00:00, run_after=2026-03-29 04:00:00+00:00
[2026-03-29T12:45:19.522+0500] {processor.py:183} INFO - Processing /home/abayturar/airflow-project/venv/lib/python3.12/site-packages/airflow/example_dags/example_latest_only.py took 0.107 seconds
[2026-03-29T12:46:12.423+0500] {processor.py:161} INFO - Started process (PID=8757) to work on /home/abayturar/airflow-project/venv/lib/python3.12/site-packages/airflow/example_dags/example_latest_only.py
[2026-03-29T12:46:12.424+0500] {processor.py:830} INFO - Processing file /home/abayturar/airflow-project/venv/lib/python3.12/site-packages/airflow/example_dags/example_latest_only.py for tasks to queue
[2026-03-29T12:46:12.426+0500] {logging_mixin.py:188} INFO - [2026-03-29T12:46:12.425+0500] {dagbag.py:545} INFO - Filling up the DagBag from /home/abayturar/airflow-project/venv/lib/python3.12/site-packages/airflow/example_dags/example_latest_only.py
[2026-03-29T12:46:12.430+0500] {processor.py:840} INFO - DAG(s) 'latest_only' retrieved from /home/abayturar/airflow-project/venv/lib/python3.12/site-packages/airflow/example_dags/example_latest_only.py
[2026-03-29T12:46:12.446+0500] {logging_mixin.py:188} INFO - [2026-03-29T12:46:12.445+0500] {dag.py:3089} INFO - Sync 1 DAGs
[2026-03-29T12:46:12.459+0500] {logging_mixin.py:188} INFO - [2026-03-29T12:46:12.459+0500] {dag.py:3947} INFO - Setting next_dagrun for latest_only to 2026-03-29 00:00:00+00:00, run_after=2026-03-29 04:00:00+00:00
[2026-03-29T12:46:12.473+0500] {processor.py:183} INFO - Processing /home/abayturar/airflow-project/venv/lib/python3.12/site-packages/airflow/example_dags/example_latest_only.py took 0.056 seconds
[2026-03-29T12:47:04.222+0500] {processor.py:161} INFO - Started process (PID=9070) to work on /home/abayturar/airflow-project/venv/lib/python3.12/site-packages/airflow/example_dags/example_latest_only.py
[2026-03-29T12:47:04.223+0500] {processor.py:830} INFO - Processing file /home/abayturar/airflow-project/venv/lib/python3.12/site-packages/airflow/example_dags/example_latest_only.py for tasks to queue
[2026-03-29T12:47:04.225+0500] {logging_mixin.py:188} INFO - [2026-03-29T12:47:04.224+0500] {dagbag.py:545} INFO - Filling up the DagBag from /home/abayturar/airflow-project/venv/lib/python3.12/site-packages/airflow/example_dags/example_latest_only.py
[2026-03-29T12:47:04.230+0500] {processor.py:840} INFO - DAG(s) 'latest_only' retrieved from /home/abayturar/airflow-project/venv/lib/python3.12/site-packages/airflow/example_dags/example_latest_only.py
[2026-03-29T12:47:04.249+0500] {logging_mixin.py:188} INFO - [2026-03-29T12:47:04.249+0500] {dag.py:3089} INFO - Sync 1 DAGs
[2026-03-29T12:47:04.265+0500] {logging_mixin.py:188} INFO - [2026-03-29T12:47:04.265+0500] {dag.py:3947} INFO - Setting next_dagrun for latest_only to 2026-03-29 00:00:00+00:00, run_after=2026-03-29 04:00:00+00:00
[2026-03-29T12:47:04.285+0500] {processor.py:183} INFO - Processing /home/abayturar/airflow-project/venv/lib/python3.12/site-packages/airflow/example_dags/example_latest_only.py took 0.069 seconds
