[2026-03-29T12:01:24.105+0500] {processor.py:161} INFO - Started process (PID=32238) to work on /home/abayturar/airflow-project/venv/lib/python3.12/site-packages/airflow/example_dags/example_short_circuit_decorator.py
[2026-03-29T12:01:24.105+0500] {processor.py:830} INFO - Processing file /home/abayturar/airflow-project/venv/lib/python3.12/site-packages/airflow/example_dags/example_short_circuit_decorator.py for tasks to queue
[2026-03-29T12:01:24.107+0500] {logging_mixin.py:188} INFO - [2026-03-29T12:01:24.107+0500] {dagbag.py:545} INFO - Filling up the DagBag from /home/abayturar/airflow-project/venv/lib/python3.12/site-packages/airflow/example_dags/example_short_circuit_decorator.py
[2026-03-29T12:01:24.117+0500] {processor.py:840} INFO - DAG(s) 'example_short_circuit_decorator' retrieved from /home/abayturar/airflow-project/venv/lib/python3.12/site-packages/airflow/example_dags/example_short_circuit_decorator.py
[2026-03-29T12:01:24.138+0500] {logging_mixin.py:188} INFO - [2026-03-29T12:01:24.138+0500] {dag.py:3089} INFO - Sync 1 DAGs
[2026-03-29T12:01:24.154+0500] {logging_mixin.py:188} INFO - [2026-03-29T12:01:24.154+0500] {dag.py:3947} INFO - Setting next_dagrun for example_short_circuit_decorator to 2026-03-28 00:00:00+00:00, run_after=2026-03-29 00:00:00+00:00
[2026-03-29T12:01:24.171+0500] {processor.py:183} INFO - Processing /home/abayturar/airflow-project/venv/lib/python3.12/site-packages/airflow/example_dags/example_short_circuit_decorator.py took 0.073 seconds
[2026-03-29T12:02:22.392+0500] {processor.py:161} INFO - Started process (PID=32533) to work on /home/abayturar/airflow-project/venv/lib/python3.12/site-packages/airflow/example_dags/example_short_circuit_decorator.py
[2026-03-29T12:02:22.393+0500] {processor.py:830} INFO - Processing file /home/abayturar/airflow-project/venv/lib/python3.12/site-packages/airflow/example_dags/example_short_circuit_decorator.py for tasks to queue
[2026-03-29T12:02:22.395+0500] {logging_mixin.py:188} INFO - [2026-03-29T12:02:22.395+0500] {dagbag.py:545} INFO - Filling up the DagBag from /home/abayturar/airflow-project/venv/lib/python3.12/site-packages/airflow/example_dags/example_short_circuit_decorator.py
[2026-03-29T12:02:22.403+0500] {processor.py:840} INFO - DAG(s) 'example_short_circuit_decorator' retrieved from /home/abayturar/airflow-project/venv/lib/python3.12/site-packages/airflow/example_dags/example_short_circuit_decorator.py
[2026-03-29T12:02:22.419+0500] {logging_mixin.py:188} INFO - [2026-03-29T12:02:22.419+0500] {dag.py:3089} INFO - Sync 1 DAGs
[2026-03-29T12:02:22.432+0500] {logging_mixin.py:188} INFO - [2026-03-29T12:02:22.431+0500] {dag.py:3947} INFO - Setting next_dagrun for example_short_circuit_decorator to 2026-03-28 00:00:00+00:00, run_after=2026-03-29 00:00:00+00:00
[2026-03-29T12:02:22.488+0500] {processor.py:183} INFO - Processing /home/abayturar/airflow-project/venv/lib/python3.12/site-packages/airflow/example_dags/example_short_circuit_decorator.py took 0.101 seconds
[2026-03-29T12:05:51.294+0500] {processor.py:161} INFO - Started process (PID=32762) to work on /home/abayturar/airflow-project/venv/lib/python3.12/site-packages/airflow/example_dags/example_short_circuit_decorator.py
[2026-03-29T12:05:51.296+0500] {processor.py:830} INFO - Processing file /home/abayturar/airflow-project/venv/lib/python3.12/site-packages/airflow/example_dags/example_short_circuit_decorator.py for tasks to queue
[2026-03-29T12:05:51.297+0500] {logging_mixin.py:188} INFO - [2026-03-29T12:05:51.297+0500] {dagbag.py:545} INFO - Filling up the DagBag from /home/abayturar/airflow-project/venv/lib/python3.12/site-packages/airflow/example_dags/example_short_circuit_decorator.py
[2026-03-29T12:05:51.307+0500] {processor.py:840} INFO - DAG(s) 'example_short_circuit_decorator' retrieved from /home/abayturar/airflow-project/venv/lib/python3.12/site-packages/airflow/example_dags/example_short_circuit_decorator.py
[2026-03-29T12:05:51.325+0500] {logging_mixin.py:188} INFO - [2026-03-29T12:05:51.325+0500] {dag.py:3089} INFO - Sync 1 DAGs
[2026-03-29T12:05:51.340+0500] {logging_mixin.py:188} INFO - [2026-03-29T12:05:51.340+0500] {dag.py:3947} INFO - Setting next_dagrun for example_short_circuit_decorator to 2026-03-28 00:00:00+00:00, run_after=2026-03-29 00:00:00+00:00
[2026-03-29T12:05:51.356+0500] {processor.py:183} INFO - Processing /home/abayturar/airflow-project/venv/lib/python3.12/site-packages/airflow/example_dags/example_short_circuit_decorator.py took 0.069 seconds
[2026-03-29T12:06:45.314+0500] {processor.py:161} INFO - Started process (PID=222) to work on /home/abayturar/airflow-project/venv/lib/python3.12/site-packages/airflow/example_dags/example_short_circuit_decorator.py
[2026-03-29T12:06:45.315+0500] {processor.py:830} INFO - Processing file /home/abayturar/airflow-project/venv/lib/python3.12/site-packages/airflow/example_dags/example_short_circuit_decorator.py for tasks to queue
[2026-03-29T12:06:45.317+0500] {logging_mixin.py:188} INFO - [2026-03-29T12:06:45.316+0500] {dagbag.py:545} INFO - Filling up the DagBag from /home/abayturar/airflow-project/venv/lib/python3.12/site-packages/airflow/example_dags/example_short_circuit_decorator.py
[2026-03-29T12:06:45.330+0500] {processor.py:840} INFO - DAG(s) 'example_short_circuit_decorator' retrieved from /home/abayturar/airflow-project/venv/lib/python3.12/site-packages/airflow/example_dags/example_short_circuit_decorator.py
[2026-03-29T12:06:45.354+0500] {logging_mixin.py:188} INFO - [2026-03-29T12:06:45.354+0500] {dag.py:3089} INFO - Sync 1 DAGs
[2026-03-29T12:06:45.372+0500] {logging_mixin.py:188} INFO - [2026-03-29T12:06:45.371+0500] {dag.py:3947} INFO - Setting next_dagrun for example_short_circuit_decorator to 2026-03-28 00:00:00+00:00, run_after=2026-03-29 00:00:00+00:00
[2026-03-29T12:06:45.393+0500] {processor.py:183} INFO - Processing /home/abayturar/airflow-project/venv/lib/python3.12/site-packages/airflow/example_dags/example_short_circuit_decorator.py took 0.088 seconds
[2026-03-29T12:07:31.783+0500] {processor.py:161} INFO - Started process (PID=413) to work on /home/abayturar/airflow-project/venv/lib/python3.12/site-packages/airflow/example_dags/example_short_circuit_decorator.py
[2026-03-29T12:07:31.783+0500] {processor.py:830} INFO - Processing file /home/abayturar/airflow-project/venv/lib/python3.12/site-packages/airflow/example_dags/example_short_circuit_decorator.py for tasks to queue
[2026-03-29T12:07:31.785+0500] {logging_mixin.py:188} INFO - [2026-03-29T12:07:31.785+0500] {dagbag.py:545} INFO - Filling up the DagBag from /home/abayturar/airflow-project/venv/lib/python3.12/site-packages/airflow/example_dags/example_short_circuit_decorator.py
[2026-03-29T12:07:31.793+0500] {processor.py:840} INFO - DAG(s) 'example_short_circuit_decorator' retrieved from /home/abayturar/airflow-project/venv/lib/python3.12/site-packages/airflow/example_dags/example_short_circuit_decorator.py
[2026-03-29T12:07:31.810+0500] {logging_mixin.py:188} INFO - [2026-03-29T12:07:31.810+0500] {dag.py:3089} INFO - Sync 1 DAGs
[2026-03-29T12:07:31.824+0500] {logging_mixin.py:188} INFO - [2026-03-29T12:07:31.824+0500] {dag.py:3947} INFO - Setting next_dagrun for example_short_circuit_decorator to 2026-03-28 00:00:00+00:00, run_after=2026-03-29 00:00:00+00:00
[2026-03-29T12:07:31.878+0500] {processor.py:183} INFO - Processing /home/abayturar/airflow-project/venv/lib/python3.12/site-packages/airflow/example_dags/example_short_circuit_decorator.py took 0.101 seconds
[2026-03-29T12:08:20.924+0500] {processor.py:161} INFO - Started process (PID=614) to work on /home/abayturar/airflow-project/venv/lib/python3.12/site-packages/airflow/example_dags/example_short_circuit_decorator.py
[2026-03-29T12:08:20.925+0500] {processor.py:830} INFO - Processing file /home/abayturar/airflow-project/venv/lib/python3.12/site-packages/airflow/example_dags/example_short_circuit_decorator.py for tasks to queue
[2026-03-29T12:08:20.927+0500] {logging_mixin.py:188} INFO - [2026-03-29T12:08:20.927+0500] {dagbag.py:545} INFO - Filling up the DagBag from /home/abayturar/airflow-project/venv/lib/python3.12/site-packages/airflow/example_dags/example_short_circuit_decorator.py
[2026-03-29T12:08:20.936+0500] {processor.py:840} INFO - DAG(s) 'example_short_circuit_decorator' retrieved from /home/abayturar/airflow-project/venv/lib/python3.12/site-packages/airflow/example_dags/example_short_circuit_decorator.py
[2026-03-29T12:08:20.952+0500] {logging_mixin.py:188} INFO - [2026-03-29T12:08:20.952+0500] {dag.py:3089} INFO - Sync 1 DAGs
[2026-03-29T12:08:20.966+0500] {logging_mixin.py:188} INFO - [2026-03-29T12:08:20.966+0500] {dag.py:3947} INFO - Setting next_dagrun for example_short_circuit_decorator to 2026-03-28 00:00:00+00:00, run_after=2026-03-29 00:00:00+00:00
[2026-03-29T12:08:21.022+0500] {processor.py:183} INFO - Processing /home/abayturar/airflow-project/venv/lib/python3.12/site-packages/airflow/example_dags/example_short_circuit_decorator.py took 0.103 seconds
[2026-03-29T12:09:11.795+0500] {processor.py:161} INFO - Started process (PID=831) to work on /home/abayturar/airflow-project/venv/lib/python3.12/site-packages/airflow/example_dags/example_short_circuit_decorator.py
[2026-03-29T12:09:11.796+0500] {processor.py:830} INFO - Processing file /home/abayturar/airflow-project/venv/lib/python3.12/site-packages/airflow/example_dags/example_short_circuit_decorator.py for tasks to queue
[2026-03-29T12:09:11.798+0500] {logging_mixin.py:188} INFO - [2026-03-29T12:09:11.797+0500] {dagbag.py:545} INFO - Filling up the DagBag from /home/abayturar/airflow-project/venv/lib/python3.12/site-packages/airflow/example_dags/example_short_circuit_decorator.py
[2026-03-29T12:09:11.806+0500] {processor.py:840} INFO - DAG(s) 'example_short_circuit_decorator' retrieved from /home/abayturar/airflow-project/venv/lib/python3.12/site-packages/airflow/example_dags/example_short_circuit_decorator.py
[2026-03-29T12:09:11.822+0500] {logging_mixin.py:188} INFO - [2026-03-29T12:09:11.822+0500] {dag.py:3089} INFO - Sync 1 DAGs
[2026-03-29T12:09:11.835+0500] {logging_mixin.py:188} INFO - [2026-03-29T12:09:11.835+0500] {dag.py:3947} INFO - Setting next_dagrun for example_short_circuit_decorator to 2026-03-28 00:00:00+00:00, run_after=2026-03-29 00:00:00+00:00
[2026-03-29T12:09:11.888+0500] {processor.py:183} INFO - Processing /home/abayturar/airflow-project/venv/lib/python3.12/site-packages/airflow/example_dags/example_short_circuit_decorator.py took 0.098 seconds
[2026-03-29T12:10:03.292+0500] {processor.py:161} INFO - Started process (PID=980) to work on /home/abayturar/airflow-project/venv/lib/python3.12/site-packages/airflow/example_dags/example_short_circuit_decorator.py
[2026-03-29T12:10:03.293+0500] {processor.py:830} INFO - Processing file /home/abayturar/airflow-project/venv/lib/python3.12/site-packages/airflow/example_dags/example_short_circuit_decorator.py for tasks to queue
[2026-03-29T12:10:03.295+0500] {logging_mixin.py:188} INFO - [2026-03-29T12:10:03.295+0500] {dagbag.py:545} INFO - Filling up the DagBag from /home/abayturar/airflow-project/venv/lib/python3.12/site-packages/airflow/example_dags/example_short_circuit_decorator.py
[2026-03-29T12:10:03.303+0500] {processor.py:840} INFO - DAG(s) 'example_short_circuit_decorator' retrieved from /home/abayturar/airflow-project/venv/lib/python3.12/site-packages/airflow/example_dags/example_short_circuit_decorator.py
[2026-03-29T12:10:03.320+0500] {logging_mixin.py:188} INFO - [2026-03-29T12:10:03.319+0500] {dag.py:3089} INFO - Sync 1 DAGs
[2026-03-29T12:10:03.333+0500] {logging_mixin.py:188} INFO - [2026-03-29T12:10:03.332+0500] {dag.py:3947} INFO - Setting next_dagrun for example_short_circuit_decorator to 2026-03-28 00:00:00+00:00, run_after=2026-03-29 00:00:00+00:00
[2026-03-29T12:10:03.386+0500] {processor.py:183} INFO - Processing /home/abayturar/airflow-project/venv/lib/python3.12/site-packages/airflow/example_dags/example_short_circuit_decorator.py took 0.099 seconds
[2026-03-29T12:10:51.195+0500] {processor.py:161} INFO - Started process (PID=1107) to work on /home/abayturar/airflow-project/venv/lib/python3.12/site-packages/airflow/example_dags/example_short_circuit_decorator.py
[2026-03-29T12:10:51.196+0500] {processor.py:830} INFO - Processing file /home/abayturar/airflow-project/venv/lib/python3.12/site-packages/airflow/example_dags/example_short_circuit_decorator.py for tasks to queue
[2026-03-29T12:10:51.198+0500] {logging_mixin.py:188} INFO - [2026-03-29T12:10:51.198+0500] {dagbag.py:545} INFO - Filling up the DagBag from /home/abayturar/airflow-project/venv/lib/python3.12/site-packages/airflow/example_dags/example_short_circuit_decorator.py
[2026-03-29T12:10:51.209+0500] {processor.py:840} INFO - DAG(s) 'example_short_circuit_decorator' retrieved from /home/abayturar/airflow-project/venv/lib/python3.12/site-packages/airflow/example_dags/example_short_circuit_decorator.py
[2026-03-29T12:10:51.226+0500] {logging_mixin.py:188} INFO - [2026-03-29T12:10:51.226+0500] {dag.py:3089} INFO - Sync 1 DAGs
[2026-03-29T12:10:51.240+0500] {logging_mixin.py:188} INFO - [2026-03-29T12:10:51.240+0500] {dag.py:3947} INFO - Setting next_dagrun for example_short_circuit_decorator to 2026-03-28 00:00:00+00:00, run_after=2026-03-29 00:00:00+00:00
[2026-03-29T12:10:51.256+0500] {processor.py:183} INFO - Processing /home/abayturar/airflow-project/venv/lib/python3.12/site-packages/airflow/example_dags/example_short_circuit_decorator.py took 0.068 seconds
[2026-03-29T12:11:40.758+0500] {processor.py:161} INFO - Started process (PID=1238) to work on /home/abayturar/airflow-project/venv/lib/python3.12/site-packages/airflow/example_dags/example_short_circuit_decorator.py
[2026-03-29T12:11:40.759+0500] {processor.py:830} INFO - Processing file /home/abayturar/airflow-project/venv/lib/python3.12/site-packages/airflow/example_dags/example_short_circuit_decorator.py for tasks to queue
[2026-03-29T12:11:40.761+0500] {logging_mixin.py:188} INFO - [2026-03-29T12:11:40.760+0500] {dagbag.py:545} INFO - Filling up the DagBag from /home/abayturar/airflow-project/venv/lib/python3.12/site-packages/airflow/example_dags/example_short_circuit_decorator.py
[2026-03-29T12:11:40.769+0500] {processor.py:840} INFO - DAG(s) 'example_short_circuit_decorator' retrieved from /home/abayturar/airflow-project/venv/lib/python3.12/site-packages/airflow/example_dags/example_short_circuit_decorator.py
[2026-03-29T12:11:40.785+0500] {logging_mixin.py:188} INFO - [2026-03-29T12:11:40.785+0500] {dag.py:3089} INFO - Sync 1 DAGs
[2026-03-29T12:11:40.799+0500] {logging_mixin.py:188} INFO - [2026-03-29T12:11:40.798+0500] {dag.py:3947} INFO - Setting next_dagrun for example_short_circuit_decorator to 2026-03-28 00:00:00+00:00, run_after=2026-03-29 00:00:00+00:00
[2026-03-29T12:11:40.853+0500] {processor.py:183} INFO - Processing /home/abayturar/airflow-project/venv/lib/python3.12/site-packages/airflow/example_dags/example_short_circuit_decorator.py took 0.100 seconds
[2026-03-29T12:12:31.159+0500] {processor.py:161} INFO - Started process (PID=1372) to work on /home/abayturar/airflow-project/venv/lib/python3.12/site-packages/airflow/example_dags/example_short_circuit_decorator.py
[2026-03-29T12:12:31.160+0500] {processor.py:830} INFO - Processing file /home/abayturar/airflow-project/venv/lib/python3.12/site-packages/airflow/example_dags/example_short_circuit_decorator.py for tasks to queue
[2026-03-29T12:12:31.161+0500] {logging_mixin.py:188} INFO - [2026-03-29T12:12:31.161+0500] {dagbag.py:545} INFO - Filling up the DagBag from /home/abayturar/airflow-project/venv/lib/python3.12/site-packages/airflow/example_dags/example_short_circuit_decorator.py
[2026-03-29T12:12:31.170+0500] {processor.py:840} INFO - DAG(s) 'example_short_circuit_decorator' retrieved from /home/abayturar/airflow-project/venv/lib/python3.12/site-packages/airflow/example_dags/example_short_circuit_decorator.py
[2026-03-29T12:12:31.187+0500] {logging_mixin.py:188} INFO - [2026-03-29T12:12:31.187+0500] {dag.py:3089} INFO - Sync 1 DAGs
[2026-03-29T12:12:31.201+0500] {logging_mixin.py:188} INFO - [2026-03-29T12:12:31.201+0500] {dag.py:3947} INFO - Setting next_dagrun for example_short_circuit_decorator to 2026-03-28 00:00:00+00:00, run_after=2026-03-29 00:00:00+00:00
[2026-03-29T12:12:31.254+0500] {processor.py:183} INFO - Processing /home/abayturar/airflow-project/venv/lib/python3.12/site-packages/airflow/example_dags/example_short_circuit_decorator.py took 0.101 seconds
[2026-03-29T12:13:21.865+0500] {processor.py:161} INFO - Started process (PID=1504) to work on /home/abayturar/airflow-project/venv/lib/python3.12/site-packages/airflow/example_dags/example_short_circuit_decorator.py
[2026-03-29T12:13:21.866+0500] {processor.py:830} INFO - Processing file /home/abayturar/airflow-project/venv/lib/python3.12/site-packages/airflow/example_dags/example_short_circuit_decorator.py for tasks to queue
[2026-03-29T12:13:21.868+0500] {logging_mixin.py:188} INFO - [2026-03-29T12:13:21.867+0500] {dagbag.py:545} INFO - Filling up the DagBag from /home/abayturar/airflow-project/venv/lib/python3.12/site-packages/airflow/example_dags/example_short_circuit_decorator.py
[2026-03-29T12:13:21.876+0500] {processor.py:840} INFO - DAG(s) 'example_short_circuit_decorator' retrieved from /home/abayturar/airflow-project/venv/lib/python3.12/site-packages/airflow/example_dags/example_short_circuit_decorator.py
[2026-03-29T12:13:21.893+0500] {logging_mixin.py:188} INFO - [2026-03-29T12:13:21.893+0500] {dag.py:3089} INFO - Sync 1 DAGs
[2026-03-29T12:13:21.907+0500] {logging_mixin.py:188} INFO - [2026-03-29T12:13:21.907+0500] {dag.py:3947} INFO - Setting next_dagrun for example_short_circuit_decorator to 2026-03-28 00:00:00+00:00, run_after=2026-03-29 00:00:00+00:00
[2026-03-29T12:13:22.046+0500] {processor.py:183} INFO - Processing /home/abayturar/airflow-project/venv/lib/python3.12/site-packages/airflow/example_dags/example_short_circuit_decorator.py took 0.187 seconds
[2026-03-29T12:14:12.379+0500] {processor.py:161} INFO - Started process (PID=1638) to work on /home/abayturar/airflow-project/venv/lib/python3.12/site-packages/airflow/example_dags/example_short_circuit_decorator.py
[2026-03-29T12:14:12.380+0500] {processor.py:830} INFO - Processing file /home/abayturar/airflow-project/venv/lib/python3.12/site-packages/airflow/example_dags/example_short_circuit_decorator.py for tasks to queue
[2026-03-29T12:14:12.381+0500] {logging_mixin.py:188} INFO - [2026-03-29T12:14:12.381+0500] {dagbag.py:545} INFO - Filling up the DagBag from /home/abayturar/airflow-project/venv/lib/python3.12/site-packages/airflow/example_dags/example_short_circuit_decorator.py
[2026-03-29T12:14:12.389+0500] {processor.py:840} INFO - DAG(s) 'example_short_circuit_decorator' retrieved from /home/abayturar/airflow-project/venv/lib/python3.12/site-packages/airflow/example_dags/example_short_circuit_decorator.py
[2026-03-29T12:14:12.405+0500] {logging_mixin.py:188} INFO - [2026-03-29T12:14:12.405+0500] {dag.py:3089} INFO - Sync 1 DAGs
[2026-03-29T12:14:12.418+0500] {logging_mixin.py:188} INFO - [2026-03-29T12:14:12.418+0500] {dag.py:3947} INFO - Setting next_dagrun for example_short_circuit_decorator to 2026-03-28 00:00:00+00:00, run_after=2026-03-29 00:00:00+00:00
[2026-03-29T12:14:12.451+0500] {processor.py:183} INFO - Processing /home/abayturar/airflow-project/venv/lib/python3.12/site-packages/airflow/example_dags/example_short_circuit_decorator.py took 0.077 seconds
[2026-03-29T12:15:05.492+0500] {processor.py:161} INFO - Started process (PID=1776) to work on /home/abayturar/airflow-project/venv/lib/python3.12/site-packages/airflow/example_dags/example_short_circuit_decorator.py
[2026-03-29T12:15:05.493+0500] {processor.py:830} INFO - Processing file /home/abayturar/airflow-project/venv/lib/python3.12/site-packages/airflow/example_dags/example_short_circuit_decorator.py for tasks to queue
[2026-03-29T12:15:05.495+0500] {logging_mixin.py:188} INFO - [2026-03-29T12:15:05.494+0500] {dagbag.py:545} INFO - Filling up the DagBag from /home/abayturar/airflow-project/venv/lib/python3.12/site-packages/airflow/example_dags/example_short_circuit_decorator.py
[2026-03-29T12:15:05.504+0500] {processor.py:840} INFO - DAG(s) 'example_short_circuit_decorator' retrieved from /home/abayturar/airflow-project/venv/lib/python3.12/site-packages/airflow/example_dags/example_short_circuit_decorator.py
[2026-03-29T12:15:05.523+0500] {logging_mixin.py:188} INFO - [2026-03-29T12:15:05.522+0500] {dag.py:3089} INFO - Sync 1 DAGs
[2026-03-29T12:15:05.537+0500] {logging_mixin.py:188} INFO - [2026-03-29T12:15:05.537+0500] {dag.py:3947} INFO - Setting next_dagrun for example_short_circuit_decorator to 2026-03-28 00:00:00+00:00, run_after=2026-03-29 00:00:00+00:00
[2026-03-29T12:15:05.591+0500] {processor.py:183} INFO - Processing /home/abayturar/airflow-project/venv/lib/python3.12/site-packages/airflow/example_dags/example_short_circuit_decorator.py took 0.106 seconds
[2026-03-29T12:15:59.075+0500] {processor.py:161} INFO - Started process (PID=1915) to work on /home/abayturar/airflow-project/venv/lib/python3.12/site-packages/airflow/example_dags/example_short_circuit_decorator.py
[2026-03-29T12:15:59.076+0500] {processor.py:830} INFO - Processing file /home/abayturar/airflow-project/venv/lib/python3.12/site-packages/airflow/example_dags/example_short_circuit_decorator.py for tasks to queue
[2026-03-29T12:15:59.078+0500] {logging_mixin.py:188} INFO - [2026-03-29T12:15:59.077+0500] {dagbag.py:545} INFO - Filling up the DagBag from /home/abayturar/airflow-project/venv/lib/python3.12/site-packages/airflow/example_dags/example_short_circuit_decorator.py
[2026-03-29T12:15:59.086+0500] {processor.py:840} INFO - DAG(s) 'example_short_circuit_decorator' retrieved from /home/abayturar/airflow-project/venv/lib/python3.12/site-packages/airflow/example_dags/example_short_circuit_decorator.py
[2026-03-29T12:15:59.102+0500] {logging_mixin.py:188} INFO - [2026-03-29T12:15:59.102+0500] {dag.py:3089} INFO - Sync 1 DAGs
[2026-03-29T12:15:59.206+0500] {logging_mixin.py:188} INFO - [2026-03-29T12:15:59.206+0500] {dag.py:3947} INFO - Setting next_dagrun for example_short_circuit_decorator to 2026-03-28 00:00:00+00:00, run_after=2026-03-29 00:00:00+00:00
[2026-03-29T12:15:59.220+0500] {processor.py:183} INFO - Processing /home/abayturar/airflow-project/venv/lib/python3.12/site-packages/airflow/example_dags/example_short_circuit_decorator.py took 0.150 seconds
[2026-03-29T12:16:52.338+0500] {processor.py:161} INFO - Started process (PID=2055) to work on /home/abayturar/airflow-project/venv/lib/python3.12/site-packages/airflow/example_dags/example_short_circuit_decorator.py
[2026-03-29T12:16:52.339+0500] {processor.py:830} INFO - Processing file /home/abayturar/airflow-project/venv/lib/python3.12/site-packages/airflow/example_dags/example_short_circuit_decorator.py for tasks to queue
[2026-03-29T12:16:52.340+0500] {logging_mixin.py:188} INFO - [2026-03-29T12:16:52.340+0500] {dagbag.py:545} INFO - Filling up the DagBag from /home/abayturar/airflow-project/venv/lib/python3.12/site-packages/airflow/example_dags/example_short_circuit_decorator.py
[2026-03-29T12:16:52.349+0500] {processor.py:840} INFO - DAG(s) 'example_short_circuit_decorator' retrieved from /home/abayturar/airflow-project/venv/lib/python3.12/site-packages/airflow/example_dags/example_short_circuit_decorator.py
[2026-03-29T12:16:52.365+0500] {logging_mixin.py:188} INFO - [2026-03-29T12:16:52.365+0500] {dag.py:3089} INFO - Sync 1 DAGs
[2026-03-29T12:16:52.470+0500] {logging_mixin.py:188} INFO - [2026-03-29T12:16:52.470+0500] {dag.py:3947} INFO - Setting next_dagrun for example_short_circuit_decorator to 2026-03-28 00:00:00+00:00, run_after=2026-03-29 00:00:00+00:00
[2026-03-29T12:16:52.485+0500] {processor.py:183} INFO - Processing /home/abayturar/airflow-project/venv/lib/python3.12/site-packages/airflow/example_dags/example_short_circuit_decorator.py took 0.154 seconds
[2026-03-29T12:17:44.697+0500] {processor.py:161} INFO - Started process (PID=2189) to work on /home/abayturar/airflow-project/venv/lib/python3.12/site-packages/airflow/example_dags/example_short_circuit_decorator.py
[2026-03-29T12:17:44.698+0500] {processor.py:830} INFO - Processing file /home/abayturar/airflow-project/venv/lib/python3.12/site-packages/airflow/example_dags/example_short_circuit_decorator.py for tasks to queue
[2026-03-29T12:17:44.700+0500] {logging_mixin.py:188} INFO - [2026-03-29T12:17:44.700+0500] {dagbag.py:545} INFO - Filling up the DagBag from /home/abayturar/airflow-project/venv/lib/python3.12/site-packages/airflow/example_dags/example_short_circuit_decorator.py
[2026-03-29T12:17:44.708+0500] {processor.py:840} INFO - DAG(s) 'example_short_circuit_decorator' retrieved from /home/abayturar/airflow-project/venv/lib/python3.12/site-packages/airflow/example_dags/example_short_circuit_decorator.py
[2026-03-29T12:17:44.724+0500] {logging_mixin.py:188} INFO - [2026-03-29T12:17:44.724+0500] {dag.py:3089} INFO - Sync 1 DAGs
[2026-03-29T12:17:44.738+0500] {logging_mixin.py:188} INFO - [2026-03-29T12:17:44.737+0500] {dag.py:3947} INFO - Setting next_dagrun for example_short_circuit_decorator to 2026-03-28 00:00:00+00:00, run_after=2026-03-29 00:00:00+00:00
[2026-03-29T12:17:44.790+0500] {processor.py:183} INFO - Processing /home/abayturar/airflow-project/venv/lib/python3.12/site-packages/airflow/example_dags/example_short_circuit_decorator.py took 0.098 seconds
[2026-03-29T12:18:35.767+0500] {processor.py:161} INFO - Started process (PID=2324) to work on /home/abayturar/airflow-project/venv/lib/python3.12/site-packages/airflow/example_dags/example_short_circuit_decorator.py
[2026-03-29T12:18:35.768+0500] {processor.py:830} INFO - Processing file /home/abayturar/airflow-project/venv/lib/python3.12/site-packages/airflow/example_dags/example_short_circuit_decorator.py for tasks to queue
[2026-03-29T12:18:35.769+0500] {logging_mixin.py:188} INFO - [2026-03-29T12:18:35.769+0500] {dagbag.py:545} INFO - Filling up the DagBag from /home/abayturar/airflow-project/venv/lib/python3.12/site-packages/airflow/example_dags/example_short_circuit_decorator.py
[2026-03-29T12:18:35.778+0500] {processor.py:840} INFO - DAG(s) 'example_short_circuit_decorator' retrieved from /home/abayturar/airflow-project/venv/lib/python3.12/site-packages/airflow/example_dags/example_short_circuit_decorator.py
[2026-03-29T12:18:35.794+0500] {logging_mixin.py:188} INFO - [2026-03-29T12:18:35.794+0500] {dag.py:3089} INFO - Sync 1 DAGs
[2026-03-29T12:18:35.808+0500] {logging_mixin.py:188} INFO - [2026-03-29T12:18:35.808+0500] {dag.py:3947} INFO - Setting next_dagrun for example_short_circuit_decorator to 2026-03-28 00:00:00+00:00, run_after=2026-03-29 00:00:00+00:00
[2026-03-29T12:18:35.861+0500] {processor.py:183} INFO - Processing /home/abayturar/airflow-project/venv/lib/python3.12/site-packages/airflow/example_dags/example_short_circuit_decorator.py took 0.100 seconds
[2026-03-29T12:19:27.520+0500] {processor.py:161} INFO - Started process (PID=2459) to work on /home/abayturar/airflow-project/venv/lib/python3.12/site-packages/airflow/example_dags/example_short_circuit_decorator.py
[2026-03-29T12:19:27.521+0500] {processor.py:830} INFO - Processing file /home/abayturar/airflow-project/venv/lib/python3.12/site-packages/airflow/example_dags/example_short_circuit_decorator.py for tasks to queue
[2026-03-29T12:19:27.523+0500] {logging_mixin.py:188} INFO - [2026-03-29T12:19:27.522+0500] {dagbag.py:545} INFO - Filling up the DagBag from /home/abayturar/airflow-project/venv/lib/python3.12/site-packages/airflow/example_dags/example_short_circuit_decorator.py
[2026-03-29T12:19:27.534+0500] {processor.py:840} INFO - DAG(s) 'example_short_circuit_decorator' retrieved from /home/abayturar/airflow-project/venv/lib/python3.12/site-packages/airflow/example_dags/example_short_circuit_decorator.py
[2026-03-29T12:19:27.551+0500] {logging_mixin.py:188} INFO - [2026-03-29T12:19:27.551+0500] {dag.py:3089} INFO - Sync 1 DAGs
[2026-03-29T12:19:27.569+0500] {logging_mixin.py:188} INFO - [2026-03-29T12:19:27.569+0500] {dag.py:3947} INFO - Setting next_dagrun for example_short_circuit_decorator to 2026-03-28 00:00:00+00:00, run_after=2026-03-29 00:00:00+00:00
[2026-03-29T12:19:27.626+0500] {processor.py:183} INFO - Processing /home/abayturar/airflow-project/venv/lib/python3.12/site-packages/airflow/example_dags/example_short_circuit_decorator.py took 0.112 seconds
[2026-03-29T12:20:20.137+0500] {processor.py:161} INFO - Started process (PID=2596) to work on /home/abayturar/airflow-project/venv/lib/python3.12/site-packages/airflow/example_dags/example_short_circuit_decorator.py
[2026-03-29T12:20:20.138+0500] {processor.py:830} INFO - Processing file /home/abayturar/airflow-project/venv/lib/python3.12/site-packages/airflow/example_dags/example_short_circuit_decorator.py for tasks to queue
[2026-03-29T12:20:20.140+0500] {logging_mixin.py:188} INFO - [2026-03-29T12:20:20.139+0500] {dagbag.py:545} INFO - Filling up the DagBag from /home/abayturar/airflow-project/venv/lib/python3.12/site-packages/airflow/example_dags/example_short_circuit_decorator.py
[2026-03-29T12:20:20.148+0500] {processor.py:840} INFO - DAG(s) 'example_short_circuit_decorator' retrieved from /home/abayturar/airflow-project/venv/lib/python3.12/site-packages/airflow/example_dags/example_short_circuit_decorator.py
[2026-03-29T12:20:20.164+0500] {logging_mixin.py:188} INFO - [2026-03-29T12:20:20.164+0500] {dag.py:3089} INFO - Sync 1 DAGs
[2026-03-29T12:20:20.179+0500] {logging_mixin.py:188} INFO - [2026-03-29T12:20:20.178+0500] {dag.py:3947} INFO - Setting next_dagrun for example_short_circuit_decorator to 2026-03-28 00:00:00+00:00, run_after=2026-03-29 00:00:00+00:00
[2026-03-29T12:20:20.232+0500] {processor.py:183} INFO - Processing /home/abayturar/airflow-project/venv/lib/python3.12/site-packages/airflow/example_dags/example_short_circuit_decorator.py took 0.101 seconds
[2026-03-29T12:21:13.168+0500] {processor.py:161} INFO - Started process (PID=2736) to work on /home/abayturar/airflow-project/venv/lib/python3.12/site-packages/airflow/example_dags/example_short_circuit_decorator.py
[2026-03-29T12:21:13.169+0500] {processor.py:830} INFO - Processing file /home/abayturar/airflow-project/venv/lib/python3.12/site-packages/airflow/example_dags/example_short_circuit_decorator.py for tasks to queue
[2026-03-29T12:21:13.171+0500] {logging_mixin.py:188} INFO - [2026-03-29T12:21:13.170+0500] {dagbag.py:545} INFO - Filling up the DagBag from /home/abayturar/airflow-project/venv/lib/python3.12/site-packages/airflow/example_dags/example_short_circuit_decorator.py
[2026-03-29T12:21:13.180+0500] {processor.py:840} INFO - DAG(s) 'example_short_circuit_decorator' retrieved from /home/abayturar/airflow-project/venv/lib/python3.12/site-packages/airflow/example_dags/example_short_circuit_decorator.py
[2026-03-29T12:21:13.198+0500] {logging_mixin.py:188} INFO - [2026-03-29T12:21:13.198+0500] {dag.py:3089} INFO - Sync 1 DAGs
[2026-03-29T12:21:13.213+0500] {logging_mixin.py:188} INFO - [2026-03-29T12:21:13.213+0500] {dag.py:3947} INFO - Setting next_dagrun for example_short_circuit_decorator to 2026-03-28 00:00:00+00:00, run_after=2026-03-29 00:00:00+00:00
[2026-03-29T12:21:13.267+0500] {processor.py:183} INFO - Processing /home/abayturar/airflow-project/venv/lib/python3.12/site-packages/airflow/example_dags/example_short_circuit_decorator.py took 0.107 seconds
[2026-03-29T12:22:04.083+0500] {processor.py:161} INFO - Started process (PID=2911) to work on /home/abayturar/airflow-project/venv/lib/python3.12/site-packages/airflow/example_dags/example_short_circuit_decorator.py
[2026-03-29T12:22:04.084+0500] {processor.py:830} INFO - Processing file /home/abayturar/airflow-project/venv/lib/python3.12/site-packages/airflow/example_dags/example_short_circuit_decorator.py for tasks to queue
[2026-03-29T12:22:04.085+0500] {logging_mixin.py:188} INFO - [2026-03-29T12:22:04.085+0500] {dagbag.py:545} INFO - Filling up the DagBag from /home/abayturar/airflow-project/venv/lib/python3.12/site-packages/airflow/example_dags/example_short_circuit_decorator.py
[2026-03-29T12:22:04.094+0500] {processor.py:840} INFO - DAG(s) 'example_short_circuit_decorator' retrieved from /home/abayturar/airflow-project/venv/lib/python3.12/site-packages/airflow/example_dags/example_short_circuit_decorator.py
[2026-03-29T12:22:04.111+0500] {logging_mixin.py:188} INFO - [2026-03-29T12:22:04.110+0500] {dag.py:3089} INFO - Sync 1 DAGs
[2026-03-29T12:22:04.124+0500] {logging_mixin.py:188} INFO - [2026-03-29T12:22:04.124+0500] {dag.py:3947} INFO - Setting next_dagrun for example_short_circuit_decorator to 2026-03-28 00:00:00+00:00, run_after=2026-03-29 00:00:00+00:00
[2026-03-29T12:22:04.139+0500] {processor.py:183} INFO - Processing /home/abayturar/airflow-project/venv/lib/python3.12/site-packages/airflow/example_dags/example_short_circuit_decorator.py took 0.062 seconds
[2026-03-29T12:22:55.991+0500] {processor.py:161} INFO - Started process (PID=3191) to work on /home/abayturar/airflow-project/venv/lib/python3.12/site-packages/airflow/example_dags/example_short_circuit_decorator.py
[2026-03-29T12:22:55.992+0500] {processor.py:830} INFO - Processing file /home/abayturar/airflow-project/venv/lib/python3.12/site-packages/airflow/example_dags/example_short_circuit_decorator.py for tasks to queue
[2026-03-29T12:22:55.993+0500] {logging_mixin.py:188} INFO - [2026-03-29T12:22:55.993+0500] {dagbag.py:545} INFO - Filling up the DagBag from /home/abayturar/airflow-project/venv/lib/python3.12/site-packages/airflow/example_dags/example_short_circuit_decorator.py
[2026-03-29T12:22:56.004+0500] {processor.py:840} INFO - DAG(s) 'example_short_circuit_decorator' retrieved from /home/abayturar/airflow-project/venv/lib/python3.12/site-packages/airflow/example_dags/example_short_circuit_decorator.py
[2026-03-29T12:22:56.022+0500] {logging_mixin.py:188} INFO - [2026-03-29T12:22:56.022+0500] {dag.py:3089} INFO - Sync 1 DAGs
[2026-03-29T12:22:56.037+0500] {logging_mixin.py:188} INFO - [2026-03-29T12:22:56.037+0500] {dag.py:3947} INFO - Setting next_dagrun for example_short_circuit_decorator to 2026-03-28 00:00:00+00:00, run_after=2026-03-29 00:00:00+00:00
[2026-03-29T12:22:56.092+0500] {processor.py:183} INFO - Processing /home/abayturar/airflow-project/venv/lib/python3.12/site-packages/airflow/example_dags/example_short_circuit_decorator.py took 0.108 seconds
[2026-03-29T12:23:49.052+0500] {processor.py:161} INFO - Started process (PID=3380) to work on /home/abayturar/airflow-project/venv/lib/python3.12/site-packages/airflow/example_dags/example_short_circuit_decorator.py
[2026-03-29T12:23:49.053+0500] {processor.py:830} INFO - Processing file /home/abayturar/airflow-project/venv/lib/python3.12/site-packages/airflow/example_dags/example_short_circuit_decorator.py for tasks to queue
[2026-03-29T12:23:49.055+0500] {logging_mixin.py:188} INFO - [2026-03-29T12:23:49.055+0500] {dagbag.py:545} INFO - Filling up the DagBag from /home/abayturar/airflow-project/venv/lib/python3.12/site-packages/airflow/example_dags/example_short_circuit_decorator.py
[2026-03-29T12:23:49.065+0500] {processor.py:840} INFO - DAG(s) 'example_short_circuit_decorator' retrieved from /home/abayturar/airflow-project/venv/lib/python3.12/site-packages/airflow/example_dags/example_short_circuit_decorator.py
[2026-03-29T12:23:49.083+0500] {logging_mixin.py:188} INFO - [2026-03-29T12:23:49.083+0500] {dag.py:3089} INFO - Sync 1 DAGs
[2026-03-29T12:23:49.098+0500] {logging_mixin.py:188} INFO - [2026-03-29T12:23:49.098+0500] {dag.py:3947} INFO - Setting next_dagrun for example_short_circuit_decorator to 2026-03-28 00:00:00+00:00, run_after=2026-03-29 00:00:00+00:00
[2026-03-29T12:23:49.154+0500] {processor.py:183} INFO - Processing /home/abayturar/airflow-project/venv/lib/python3.12/site-packages/airflow/example_dags/example_short_circuit_decorator.py took 0.110 seconds
[2026-03-29T12:24:41.582+0500] {processor.py:161} INFO - Started process (PID=3554) to work on /home/abayturar/airflow-project/venv/lib/python3.12/site-packages/airflow/example_dags/example_short_circuit_decorator.py
[2026-03-29T12:24:41.583+0500] {processor.py:830} INFO - Processing file /home/abayturar/airflow-project/venv/lib/python3.12/site-packages/airflow/example_dags/example_short_circuit_decorator.py for tasks to queue
[2026-03-29T12:24:41.585+0500] {logging_mixin.py:188} INFO - [2026-03-29T12:24:41.585+0500] {dagbag.py:545} INFO - Filling up the DagBag from /home/abayturar/airflow-project/venv/lib/python3.12/site-packages/airflow/example_dags/example_short_circuit_decorator.py
[2026-03-29T12:24:41.593+0500] {processor.py:840} INFO - DAG(s) 'example_short_circuit_decorator' retrieved from /home/abayturar/airflow-project/venv/lib/python3.12/site-packages/airflow/example_dags/example_short_circuit_decorator.py
[2026-03-29T12:24:41.610+0500] {logging_mixin.py:188} INFO - [2026-03-29T12:24:41.610+0500] {dag.py:3089} INFO - Sync 1 DAGs
[2026-03-29T12:24:41.624+0500] {logging_mixin.py:188} INFO - [2026-03-29T12:24:41.624+0500] {dag.py:3947} INFO - Setting next_dagrun for example_short_circuit_decorator to 2026-03-28 00:00:00+00:00, run_after=2026-03-29 00:00:00+00:00
[2026-03-29T12:24:41.639+0500] {processor.py:183} INFO - Processing /home/abayturar/airflow-project/venv/lib/python3.12/site-packages/airflow/example_dags/example_short_circuit_decorator.py took 0.063 seconds
[2026-03-29T12:25:35.543+0500] {processor.py:161} INFO - Started process (PID=3693) to work on /home/abayturar/airflow-project/venv/lib/python3.12/site-packages/airflow/example_dags/example_short_circuit_decorator.py
[2026-03-29T12:25:35.544+0500] {processor.py:830} INFO - Processing file /home/abayturar/airflow-project/venv/lib/python3.12/site-packages/airflow/example_dags/example_short_circuit_decorator.py for tasks to queue
[2026-03-29T12:25:35.547+0500] {logging_mixin.py:188} INFO - [2026-03-29T12:25:35.546+0500] {dagbag.py:545} INFO - Filling up the DagBag from /home/abayturar/airflow-project/venv/lib/python3.12/site-packages/airflow/example_dags/example_short_circuit_decorator.py
[2026-03-29T12:25:35.558+0500] {processor.py:840} INFO - DAG(s) 'example_short_circuit_decorator' retrieved from /home/abayturar/airflow-project/venv/lib/python3.12/site-packages/airflow/example_dags/example_short_circuit_decorator.py
[2026-03-29T12:25:35.576+0500] {logging_mixin.py:188} INFO - [2026-03-29T12:25:35.576+0500] {dag.py:3089} INFO - Sync 1 DAGs
[2026-03-29T12:25:35.591+0500] {logging_mixin.py:188} INFO - [2026-03-29T12:25:35.591+0500] {dag.py:3947} INFO - Setting next_dagrun for example_short_circuit_decorator to 2026-03-28 00:00:00+00:00, run_after=2026-03-29 00:00:00+00:00
[2026-03-29T12:25:35.645+0500] {processor.py:183} INFO - Processing /home/abayturar/airflow-project/venv/lib/python3.12/site-packages/airflow/example_dags/example_short_circuit_decorator.py took 0.109 seconds
[2026-03-29T12:26:25.272+0500] {processor.py:161} INFO - Started process (PID=4011) to work on /home/abayturar/airflow-project/venv/lib/python3.12/site-packages/airflow/example_dags/example_short_circuit_decorator.py
[2026-03-29T12:26:25.273+0500] {processor.py:830} INFO - Processing file /home/abayturar/airflow-project/venv/lib/python3.12/site-packages/airflow/example_dags/example_short_circuit_decorator.py for tasks to queue
[2026-03-29T12:26:25.274+0500] {logging_mixin.py:188} INFO - [2026-03-29T12:26:25.274+0500] {dagbag.py:545} INFO - Filling up the DagBag from /home/abayturar/airflow-project/venv/lib/python3.12/site-packages/airflow/example_dags/example_short_circuit_decorator.py
[2026-03-29T12:26:25.283+0500] {processor.py:840} INFO - DAG(s) 'example_short_circuit_decorator' retrieved from /home/abayturar/airflow-project/venv/lib/python3.12/site-packages/airflow/example_dags/example_short_circuit_decorator.py
[2026-03-29T12:26:25.302+0500] {logging_mixin.py:188} INFO - [2026-03-29T12:26:25.301+0500] {dag.py:3089} INFO - Sync 1 DAGs
[2026-03-29T12:26:25.318+0500] {logging_mixin.py:188} INFO - [2026-03-29T12:26:25.317+0500] {dag.py:3947} INFO - Setting next_dagrun for example_short_circuit_decorator to 2026-03-28 00:00:00+00:00, run_after=2026-03-29 00:00:00+00:00
[2026-03-29T12:26:25.373+0500] {processor.py:183} INFO - Processing /home/abayturar/airflow-project/venv/lib/python3.12/site-packages/airflow/example_dags/example_short_circuit_decorator.py took 0.108 seconds
[2026-03-29T12:27:14.150+0500] {processor.py:161} INFO - Started process (PID=4217) to work on /home/abayturar/airflow-project/venv/lib/python3.12/site-packages/airflow/example_dags/example_short_circuit_decorator.py
[2026-03-29T12:27:14.151+0500] {processor.py:830} INFO - Processing file /home/abayturar/airflow-project/venv/lib/python3.12/site-packages/airflow/example_dags/example_short_circuit_decorator.py for tasks to queue
[2026-03-29T12:27:14.153+0500] {logging_mixin.py:188} INFO - [2026-03-29T12:27:14.152+0500] {dagbag.py:545} INFO - Filling up the DagBag from /home/abayturar/airflow-project/venv/lib/python3.12/site-packages/airflow/example_dags/example_short_circuit_decorator.py
[2026-03-29T12:27:14.161+0500] {processor.py:840} INFO - DAG(s) 'example_short_circuit_decorator' retrieved from /home/abayturar/airflow-project/venv/lib/python3.12/site-packages/airflow/example_dags/example_short_circuit_decorator.py
[2026-03-29T12:27:14.178+0500] {logging_mixin.py:188} INFO - [2026-03-29T12:27:14.178+0500] {dag.py:3089} INFO - Sync 1 DAGs
[2026-03-29T12:27:14.192+0500] {logging_mixin.py:188} INFO - [2026-03-29T12:27:14.191+0500] {dag.py:3947} INFO - Setting next_dagrun for example_short_circuit_decorator to 2026-03-28 00:00:00+00:00, run_after=2026-03-29 00:00:00+00:00
[2026-03-29T12:27:14.244+0500] {processor.py:183} INFO - Processing /home/abayturar/airflow-project/venv/lib/python3.12/site-packages/airflow/example_dags/example_short_circuit_decorator.py took 0.100 seconds
[2026-03-29T12:28:04.226+0500] {processor.py:161} INFO - Started process (PID=4467) to work on /home/abayturar/airflow-project/venv/lib/python3.12/site-packages/airflow/example_dags/example_short_circuit_decorator.py
[2026-03-29T12:28:04.227+0500] {processor.py:830} INFO - Processing file /home/abayturar/airflow-project/venv/lib/python3.12/site-packages/airflow/example_dags/example_short_circuit_decorator.py for tasks to queue
[2026-03-29T12:28:04.229+0500] {logging_mixin.py:188} INFO - [2026-03-29T12:28:04.229+0500] {dagbag.py:545} INFO - Filling up the DagBag from /home/abayturar/airflow-project/venv/lib/python3.12/site-packages/airflow/example_dags/example_short_circuit_decorator.py
[2026-03-29T12:28:04.238+0500] {processor.py:840} INFO - DAG(s) 'example_short_circuit_decorator' retrieved from /home/abayturar/airflow-project/venv/lib/python3.12/site-packages/airflow/example_dags/example_short_circuit_decorator.py
[2026-03-29T12:28:04.257+0500] {logging_mixin.py:188} INFO - [2026-03-29T12:28:04.257+0500] {dag.py:3089} INFO - Sync 1 DAGs
[2026-03-29T12:28:04.274+0500] {logging_mixin.py:188} INFO - [2026-03-29T12:28:04.273+0500] {dag.py:3947} INFO - Setting next_dagrun for example_short_circuit_decorator to 2026-03-28 00:00:00+00:00, run_after=2026-03-29 00:00:00+00:00
[2026-03-29T12:28:04.318+0500] {processor.py:183} INFO - Processing /home/abayturar/airflow-project/venv/lib/python3.12/site-packages/airflow/example_dags/example_short_circuit_decorator.py took 0.098 seconds
[2026-03-29T12:28:50.546+0500] {processor.py:161} INFO - Started process (PID=4593) to work on /home/abayturar/airflow-project/venv/lib/python3.12/site-packages/airflow/example_dags/example_short_circuit_decorator.py
[2026-03-29T12:28:50.547+0500] {processor.py:830} INFO - Processing file /home/abayturar/airflow-project/venv/lib/python3.12/site-packages/airflow/example_dags/example_short_circuit_decorator.py for tasks to queue
[2026-03-29T12:28:50.549+0500] {logging_mixin.py:188} INFO - [2026-03-29T12:28:50.549+0500] {dagbag.py:545} INFO - Filling up the DagBag from /home/abayturar/airflow-project/venv/lib/python3.12/site-packages/airflow/example_dags/example_short_circuit_decorator.py
[2026-03-29T12:28:50.559+0500] {processor.py:840} INFO - DAG(s) 'example_short_circuit_decorator' retrieved from /home/abayturar/airflow-project/venv/lib/python3.12/site-packages/airflow/example_dags/example_short_circuit_decorator.py
[2026-03-29T12:28:50.577+0500] {logging_mixin.py:188} INFO - [2026-03-29T12:28:50.577+0500] {dag.py:3089} INFO - Sync 1 DAGs
[2026-03-29T12:28:50.592+0500] {logging_mixin.py:188} INFO - [2026-03-29T12:28:50.592+0500] {dag.py:3947} INFO - Setting next_dagrun for example_short_circuit_decorator to 2026-03-28 00:00:00+00:00, run_after=2026-03-29 00:00:00+00:00
[2026-03-29T12:28:50.613+0500] {processor.py:183} INFO - Processing /home/abayturar/airflow-project/venv/lib/python3.12/site-packages/airflow/example_dags/example_short_circuit_decorator.py took 0.075 seconds
[2026-03-29T12:29:39.838+0500] {processor.py:161} INFO - Started process (PID=4748) to work on /home/abayturar/airflow-project/venv/lib/python3.12/site-packages/airflow/example_dags/example_short_circuit_decorator.py
[2026-03-29T12:29:39.839+0500] {processor.py:830} INFO - Processing file /home/abayturar/airflow-project/venv/lib/python3.12/site-packages/airflow/example_dags/example_short_circuit_decorator.py for tasks to queue
[2026-03-29T12:29:39.841+0500] {logging_mixin.py:188} INFO - [2026-03-29T12:29:39.841+0500] {dagbag.py:545} INFO - Filling up the DagBag from /home/abayturar/airflow-project/venv/lib/python3.12/site-packages/airflow/example_dags/example_short_circuit_decorator.py
[2026-03-29T12:29:39.854+0500] {processor.py:840} INFO - DAG(s) 'example_short_circuit_decorator' retrieved from /home/abayturar/airflow-project/venv/lib/python3.12/site-packages/airflow/example_dags/example_short_circuit_decorator.py
[2026-03-29T12:29:39.875+0500] {logging_mixin.py:188} INFO - [2026-03-29T12:29:39.874+0500] {dag.py:3089} INFO - Sync 1 DAGs
[2026-03-29T12:29:39.895+0500] {logging_mixin.py:188} INFO - [2026-03-29T12:29:39.895+0500] {dag.py:3947} INFO - Setting next_dagrun for example_short_circuit_decorator to 2026-03-28 00:00:00+00:00, run_after=2026-03-29 00:00:00+00:00
[2026-03-29T12:29:39.916+0500] {processor.py:183} INFO - Processing /home/abayturar/airflow-project/venv/lib/python3.12/site-packages/airflow/example_dags/example_short_circuit_decorator.py took 0.088 seconds
[2026-03-29T12:30:29.842+0500] {processor.py:161} INFO - Started process (PID=5030) to work on /home/abayturar/airflow-project/venv/lib/python3.12/site-packages/airflow/example_dags/example_short_circuit_decorator.py
[2026-03-29T12:30:29.843+0500] {processor.py:830} INFO - Processing file /home/abayturar/airflow-project/venv/lib/python3.12/site-packages/airflow/example_dags/example_short_circuit_decorator.py for tasks to queue
[2026-03-29T12:30:29.845+0500] {logging_mixin.py:188} INFO - [2026-03-29T12:30:29.845+0500] {dagbag.py:545} INFO - Filling up the DagBag from /home/abayturar/airflow-project/venv/lib/python3.12/site-packages/airflow/example_dags/example_short_circuit_decorator.py
[2026-03-29T12:30:29.856+0500] {processor.py:840} INFO - DAG(s) 'example_short_circuit_decorator' retrieved from /home/abayturar/airflow-project/venv/lib/python3.12/site-packages/airflow/example_dags/example_short_circuit_decorator.py
[2026-03-29T12:30:29.878+0500] {logging_mixin.py:188} INFO - [2026-03-29T12:30:29.878+0500] {dag.py:3089} INFO - Sync 1 DAGs
[2026-03-29T12:30:29.895+0500] {logging_mixin.py:188} INFO - [2026-03-29T12:30:29.895+0500] {dag.py:3947} INFO - Setting next_dagrun for example_short_circuit_decorator to 2026-03-28 00:00:00+00:00, run_after=2026-03-29 00:00:00+00:00
[2026-03-29T12:30:29.953+0500] {processor.py:183} INFO - Processing /home/abayturar/airflow-project/venv/lib/python3.12/site-packages/airflow/example_dags/example_short_circuit_decorator.py took 0.119 seconds
[2026-03-29T12:31:19.143+0500] {processor.py:161} INFO - Started process (PID=5281) to work on /home/abayturar/airflow-project/venv/lib/python3.12/site-packages/airflow/example_dags/example_short_circuit_decorator.py
[2026-03-29T12:31:19.144+0500] {processor.py:830} INFO - Processing file /home/abayturar/airflow-project/venv/lib/python3.12/site-packages/airflow/example_dags/example_short_circuit_decorator.py for tasks to queue
[2026-03-29T12:31:19.145+0500] {logging_mixin.py:188} INFO - [2026-03-29T12:31:19.145+0500] {dagbag.py:545} INFO - Filling up the DagBag from /home/abayturar/airflow-project/venv/lib/python3.12/site-packages/airflow/example_dags/example_short_circuit_decorator.py
[2026-03-29T12:31:19.154+0500] {processor.py:840} INFO - DAG(s) 'example_short_circuit_decorator' retrieved from /home/abayturar/airflow-project/venv/lib/python3.12/site-packages/airflow/example_dags/example_short_circuit_decorator.py
[2026-03-29T12:31:19.170+0500] {logging_mixin.py:188} INFO - [2026-03-29T12:31:19.170+0500] {dag.py:3089} INFO - Sync 1 DAGs
[2026-03-29T12:31:19.183+0500] {logging_mixin.py:188} INFO - [2026-03-29T12:31:19.183+0500] {dag.py:3947} INFO - Setting next_dagrun for example_short_circuit_decorator to 2026-03-28 00:00:00+00:00, run_after=2026-03-29 00:00:00+00:00
[2026-03-29T12:31:19.200+0500] {processor.py:183} INFO - Processing /home/abayturar/airflow-project/venv/lib/python3.12/site-packages/airflow/example_dags/example_short_circuit_decorator.py took 0.064 seconds
[2026-03-29T12:32:08.072+0500] {processor.py:161} INFO - Started process (PID=5762) to work on /home/abayturar/airflow-project/venv/lib/python3.12/site-packages/airflow/example_dags/example_short_circuit_decorator.py
[2026-03-29T12:32:08.073+0500] {processor.py:830} INFO - Processing file /home/abayturar/airflow-project/venv/lib/python3.12/site-packages/airflow/example_dags/example_short_circuit_decorator.py for tasks to queue
[2026-03-29T12:32:08.075+0500] {logging_mixin.py:188} INFO - [2026-03-29T12:32:08.075+0500] {dagbag.py:545} INFO - Filling up the DagBag from /home/abayturar/airflow-project/venv/lib/python3.12/site-packages/airflow/example_dags/example_short_circuit_decorator.py
[2026-03-29T12:32:08.084+0500] {processor.py:840} INFO - DAG(s) 'example_short_circuit_decorator' retrieved from /home/abayturar/airflow-project/venv/lib/python3.12/site-packages/airflow/example_dags/example_short_circuit_decorator.py
[2026-03-29T12:32:08.103+0500] {logging_mixin.py:188} INFO - [2026-03-29T12:32:08.102+0500] {dag.py:3089} INFO - Sync 1 DAGs
[2026-03-29T12:32:08.120+0500] {logging_mixin.py:188} INFO - [2026-03-29T12:32:08.119+0500] {dag.py:3947} INFO - Setting next_dagrun for example_short_circuit_decorator to 2026-03-28 00:00:00+00:00, run_after=2026-03-29 00:00:00+00:00
[2026-03-29T12:32:08.138+0500] {processor.py:183} INFO - Processing /home/abayturar/airflow-project/venv/lib/python3.12/site-packages/airflow/example_dags/example_short_circuit_decorator.py took 0.073 seconds
[2026-03-29T12:32:54.537+0500] {processor.py:161} INFO - Started process (PID=6086) to work on /home/abayturar/airflow-project/venv/lib/python3.12/site-packages/airflow/example_dags/example_short_circuit_decorator.py
[2026-03-29T12:32:54.538+0500] {processor.py:830} INFO - Processing file /home/abayturar/airflow-project/venv/lib/python3.12/site-packages/airflow/example_dags/example_short_circuit_decorator.py for tasks to queue
[2026-03-29T12:32:54.540+0500] {logging_mixin.py:188} INFO - [2026-03-29T12:32:54.540+0500] {dagbag.py:545} INFO - Filling up the DagBag from /home/abayturar/airflow-project/venv/lib/python3.12/site-packages/airflow/example_dags/example_short_circuit_decorator.py
[2026-03-29T12:32:54.551+0500] {processor.py:840} INFO - DAG(s) 'example_short_circuit_decorator' retrieved from /home/abayturar/airflow-project/venv/lib/python3.12/site-packages/airflow/example_dags/example_short_circuit_decorator.py
[2026-03-29T12:32:54.571+0500] {logging_mixin.py:188} INFO - [2026-03-29T12:32:54.571+0500] {dag.py:3089} INFO - Sync 1 DAGs
[2026-03-29T12:32:54.589+0500] {logging_mixin.py:188} INFO - [2026-03-29T12:32:54.589+0500] {dag.py:3947} INFO - Setting next_dagrun for example_short_circuit_decorator to 2026-03-28 00:00:00+00:00, run_after=2026-03-29 00:00:00+00:00
[2026-03-29T12:32:54.646+0500] {processor.py:183} INFO - Processing /home/abayturar/airflow-project/venv/lib/python3.12/site-packages/airflow/example_dags/example_short_circuit_decorator.py took 0.116 seconds
[2026-03-29T12:33:42.680+0500] {processor.py:161} INFO - Started process (PID=6212) to work on /home/abayturar/airflow-project/venv/lib/python3.12/site-packages/airflow/example_dags/example_short_circuit_decorator.py
[2026-03-29T12:33:42.681+0500] {processor.py:830} INFO - Processing file /home/abayturar/airflow-project/venv/lib/python3.12/site-packages/airflow/example_dags/example_short_circuit_decorator.py for tasks to queue
[2026-03-29T12:33:42.683+0500] {logging_mixin.py:188} INFO - [2026-03-29T12:33:42.683+0500] {dagbag.py:545} INFO - Filling up the DagBag from /home/abayturar/airflow-project/venv/lib/python3.12/site-packages/airflow/example_dags/example_short_circuit_decorator.py
[2026-03-29T12:33:42.692+0500] {processor.py:840} INFO - DAG(s) 'example_short_circuit_decorator' retrieved from /home/abayturar/airflow-project/venv/lib/python3.12/site-packages/airflow/example_dags/example_short_circuit_decorator.py
[2026-03-29T12:33:42.709+0500] {logging_mixin.py:188} INFO - [2026-03-29T12:33:42.709+0500] {dag.py:3089} INFO - Sync 1 DAGs
[2026-03-29T12:33:42.725+0500] {logging_mixin.py:188} INFO - [2026-03-29T12:33:42.724+0500] {dag.py:3947} INFO - Setting next_dagrun for example_short_circuit_decorator to 2026-03-28 00:00:00+00:00, run_after=2026-03-29 00:00:00+00:00
[2026-03-29T12:33:42.786+0500] {processor.py:183} INFO - Processing /home/abayturar/airflow-project/venv/lib/python3.12/site-packages/airflow/example_dags/example_short_circuit_decorator.py took 0.113 seconds
[2026-03-29T12:34:32.074+0500] {processor.py:161} INFO - Started process (PID=6354) to work on /home/abayturar/airflow-project/venv/lib/python3.12/site-packages/airflow/example_dags/example_short_circuit_decorator.py
[2026-03-29T12:34:32.075+0500] {processor.py:830} INFO - Processing file /home/abayturar/airflow-project/venv/lib/python3.12/site-packages/airflow/example_dags/example_short_circuit_decorator.py for tasks to queue
[2026-03-29T12:34:32.076+0500] {logging_mixin.py:188} INFO - [2026-03-29T12:34:32.076+0500] {dagbag.py:545} INFO - Filling up the DagBag from /home/abayturar/airflow-project/venv/lib/python3.12/site-packages/airflow/example_dags/example_short_circuit_decorator.py
[2026-03-29T12:34:32.088+0500] {processor.py:840} INFO - DAG(s) 'example_short_circuit_decorator' retrieved from /home/abayturar/airflow-project/venv/lib/python3.12/site-packages/airflow/example_dags/example_short_circuit_decorator.py
[2026-03-29T12:34:32.106+0500] {logging_mixin.py:188} INFO - [2026-03-29T12:34:32.106+0500] {dag.py:3089} INFO - Sync 1 DAGs
[2026-03-29T12:34:32.123+0500] {logging_mixin.py:188} INFO - [2026-03-29T12:34:32.123+0500] {dag.py:3947} INFO - Setting next_dagrun for example_short_circuit_decorator to 2026-03-28 00:00:00+00:00, run_after=2026-03-29 00:00:00+00:00
[2026-03-29T12:34:32.180+0500] {processor.py:183} INFO - Processing /home/abayturar/airflow-project/venv/lib/python3.12/site-packages/airflow/example_dags/example_short_circuit_decorator.py took 0.114 seconds
[2026-03-29T12:35:21.672+0500] {processor.py:161} INFO - Started process (PID=6484) to work on /home/abayturar/airflow-project/venv/lib/python3.12/site-packages/airflow/example_dags/example_short_circuit_decorator.py
[2026-03-29T12:35:21.674+0500] {processor.py:830} INFO - Processing file /home/abayturar/airflow-project/venv/lib/python3.12/site-packages/airflow/example_dags/example_short_circuit_decorator.py for tasks to queue
[2026-03-29T12:35:21.676+0500] {logging_mixin.py:188} INFO - [2026-03-29T12:35:21.676+0500] {dagbag.py:545} INFO - Filling up the DagBag from /home/abayturar/airflow-project/venv/lib/python3.12/site-packages/airflow/example_dags/example_short_circuit_decorator.py
[2026-03-29T12:35:21.687+0500] {processor.py:840} INFO - DAG(s) 'example_short_circuit_decorator' retrieved from /home/abayturar/airflow-project/venv/lib/python3.12/site-packages/airflow/example_dags/example_short_circuit_decorator.py
[2026-03-29T12:35:21.709+0500] {logging_mixin.py:188} INFO - [2026-03-29T12:35:21.709+0500] {dag.py:3089} INFO - Sync 1 DAGs
[2026-03-29T12:35:21.732+0500] {logging_mixin.py:188} INFO - [2026-03-29T12:35:21.732+0500] {dag.py:3947} INFO - Setting next_dagrun for example_short_circuit_decorator to 2026-03-28 00:00:00+00:00, run_after=2026-03-29 00:00:00+00:00
[2026-03-29T12:35:21.791+0500] {processor.py:183} INFO - Processing /home/abayturar/airflow-project/venv/lib/python3.12/site-packages/airflow/example_dags/example_short_circuit_decorator.py took 0.127 seconds
[2026-03-29T12:36:11.329+0500] {processor.py:161} INFO - Started process (PID=6615) to work on /home/abayturar/airflow-project/venv/lib/python3.12/site-packages/airflow/example_dags/example_short_circuit_decorator.py
[2026-03-29T12:36:11.330+0500] {processor.py:830} INFO - Processing file /home/abayturar/airflow-project/venv/lib/python3.12/site-packages/airflow/example_dags/example_short_circuit_decorator.py for tasks to queue
[2026-03-29T12:36:11.331+0500] {logging_mixin.py:188} INFO - [2026-03-29T12:36:11.331+0500] {dagbag.py:545} INFO - Filling up the DagBag from /home/abayturar/airflow-project/venv/lib/python3.12/site-packages/airflow/example_dags/example_short_circuit_decorator.py
[2026-03-29T12:36:11.340+0500] {processor.py:840} INFO - DAG(s) 'example_short_circuit_decorator' retrieved from /home/abayturar/airflow-project/venv/lib/python3.12/site-packages/airflow/example_dags/example_short_circuit_decorator.py
[2026-03-29T12:36:11.357+0500] {logging_mixin.py:188} INFO - [2026-03-29T12:36:11.357+0500] {dag.py:3089} INFO - Sync 1 DAGs
[2026-03-29T12:36:11.372+0500] {logging_mixin.py:188} INFO - [2026-03-29T12:36:11.371+0500] {dag.py:3947} INFO - Setting next_dagrun for example_short_circuit_decorator to 2026-03-28 00:00:00+00:00, run_after=2026-03-29 00:00:00+00:00
[2026-03-29T12:36:11.425+0500] {processor.py:183} INFO - Processing /home/abayturar/airflow-project/venv/lib/python3.12/site-packages/airflow/example_dags/example_short_circuit_decorator.py took 0.103 seconds
[2026-03-29T12:37:00.777+0500] {processor.py:161} INFO - Started process (PID=6745) to work on /home/abayturar/airflow-project/venv/lib/python3.12/site-packages/airflow/example_dags/example_short_circuit_decorator.py
[2026-03-29T12:37:00.778+0500] {processor.py:830} INFO - Processing file /home/abayturar/airflow-project/venv/lib/python3.12/site-packages/airflow/example_dags/example_short_circuit_decorator.py for tasks to queue
[2026-03-29T12:37:00.780+0500] {logging_mixin.py:188} INFO - [2026-03-29T12:37:00.779+0500] {dagbag.py:545} INFO - Filling up the DagBag from /home/abayturar/airflow-project/venv/lib/python3.12/site-packages/airflow/example_dags/example_short_circuit_decorator.py
[2026-03-29T12:37:00.788+0500] {processor.py:840} INFO - DAG(s) 'example_short_circuit_decorator' retrieved from /home/abayturar/airflow-project/venv/lib/python3.12/site-packages/airflow/example_dags/example_short_circuit_decorator.py
[2026-03-29T12:37:00.808+0500] {logging_mixin.py:188} INFO - [2026-03-29T12:37:00.807+0500] {dag.py:3089} INFO - Sync 1 DAGs
[2026-03-29T12:37:00.822+0500] {logging_mixin.py:188} INFO - [2026-03-29T12:37:00.822+0500] {dag.py:3947} INFO - Setting next_dagrun for example_short_circuit_decorator to 2026-03-28 00:00:00+00:00, run_after=2026-03-29 00:00:00+00:00
[2026-03-29T12:37:00.877+0500] {processor.py:183} INFO - Processing /home/abayturar/airflow-project/venv/lib/python3.12/site-packages/airflow/example_dags/example_short_circuit_decorator.py took 0.106 seconds
[2026-03-29T12:37:49.711+0500] {processor.py:161} INFO - Started process (PID=6876) to work on /home/abayturar/airflow-project/venv/lib/python3.12/site-packages/airflow/example_dags/example_short_circuit_decorator.py
[2026-03-29T12:37:49.712+0500] {processor.py:830} INFO - Processing file /home/abayturar/airflow-project/venv/lib/python3.12/site-packages/airflow/example_dags/example_short_circuit_decorator.py for tasks to queue
[2026-03-29T12:37:49.714+0500] {logging_mixin.py:188} INFO - [2026-03-29T12:37:49.713+0500] {dagbag.py:545} INFO - Filling up the DagBag from /home/abayturar/airflow-project/venv/lib/python3.12/site-packages/airflow/example_dags/example_short_circuit_decorator.py
[2026-03-29T12:37:49.724+0500] {processor.py:840} INFO - DAG(s) 'example_short_circuit_decorator' retrieved from /home/abayturar/airflow-project/venv/lib/python3.12/site-packages/airflow/example_dags/example_short_circuit_decorator.py
[2026-03-29T12:37:49.743+0500] {logging_mixin.py:188} INFO - [2026-03-29T12:37:49.743+0500] {dag.py:3089} INFO - Sync 1 DAGs
[2026-03-29T12:37:49.758+0500] {logging_mixin.py:188} INFO - [2026-03-29T12:37:49.758+0500] {dag.py:3947} INFO - Setting next_dagrun for example_short_circuit_decorator to 2026-03-28 00:00:00+00:00, run_after=2026-03-29 00:00:00+00:00
[2026-03-29T12:37:49.813+0500] {processor.py:183} INFO - Processing /home/abayturar/airflow-project/venv/lib/python3.12/site-packages/airflow/example_dags/example_short_circuit_decorator.py took 0.109 seconds
[2026-03-29T12:38:41.713+0500] {processor.py:161} INFO - Started process (PID=7010) to work on /home/abayturar/airflow-project/venv/lib/python3.12/site-packages/airflow/example_dags/example_short_circuit_decorator.py
[2026-03-29T12:38:41.714+0500] {processor.py:830} INFO - Processing file /home/abayturar/airflow-project/venv/lib/python3.12/site-packages/airflow/example_dags/example_short_circuit_decorator.py for tasks to queue
[2026-03-29T12:38:41.716+0500] {logging_mixin.py:188} INFO - [2026-03-29T12:38:41.715+0500] {dagbag.py:545} INFO - Filling up the DagBag from /home/abayturar/airflow-project/venv/lib/python3.12/site-packages/airflow/example_dags/example_short_circuit_decorator.py
[2026-03-29T12:38:41.727+0500] {processor.py:840} INFO - DAG(s) 'example_short_circuit_decorator' retrieved from /home/abayturar/airflow-project/venv/lib/python3.12/site-packages/airflow/example_dags/example_short_circuit_decorator.py
[2026-03-29T12:38:41.749+0500] {logging_mixin.py:188} INFO - [2026-03-29T12:38:41.748+0500] {dag.py:3089} INFO - Sync 1 DAGs
[2026-03-29T12:38:41.767+0500] {logging_mixin.py:188} INFO - [2026-03-29T12:38:41.767+0500] {dag.py:3947} INFO - Setting next_dagrun for example_short_circuit_decorator to 2026-03-28 00:00:00+00:00, run_after=2026-03-29 00:00:00+00:00
[2026-03-29T12:38:41.832+0500] {processor.py:183} INFO - Processing /home/abayturar/airflow-project/venv/lib/python3.12/site-packages/airflow/example_dags/example_short_circuit_decorator.py took 0.128 seconds
[2026-03-29T12:39:33.653+0500] {processor.py:161} INFO - Started process (PID=7145) to work on /home/abayturar/airflow-project/venv/lib/python3.12/site-packages/airflow/example_dags/example_short_circuit_decorator.py
[2026-03-29T12:39:33.654+0500] {processor.py:830} INFO - Processing file /home/abayturar/airflow-project/venv/lib/python3.12/site-packages/airflow/example_dags/example_short_circuit_decorator.py for tasks to queue
[2026-03-29T12:39:33.656+0500] {logging_mixin.py:188} INFO - [2026-03-29T12:39:33.655+0500] {dagbag.py:545} INFO - Filling up the DagBag from /home/abayturar/airflow-project/venv/lib/python3.12/site-packages/airflow/example_dags/example_short_circuit_decorator.py
[2026-03-29T12:39:33.664+0500] {processor.py:840} INFO - DAG(s) 'example_short_circuit_decorator' retrieved from /home/abayturar/airflow-project/venv/lib/python3.12/site-packages/airflow/example_dags/example_short_circuit_decorator.py
[2026-03-29T12:39:33.680+0500] {logging_mixin.py:188} INFO - [2026-03-29T12:39:33.680+0500] {dag.py:3089} INFO - Sync 1 DAGs
[2026-03-29T12:39:33.693+0500] {logging_mixin.py:188} INFO - [2026-03-29T12:39:33.693+0500] {dag.py:3947} INFO - Setting next_dagrun for example_short_circuit_decorator to 2026-03-28 00:00:00+00:00, run_after=2026-03-29 00:00:00+00:00
[2026-03-29T12:39:33.747+0500] {processor.py:183} INFO - Processing /home/abayturar/airflow-project/venv/lib/python3.12/site-packages/airflow/example_dags/example_short_circuit_decorator.py took 0.100 seconds
[2026-03-29T12:40:23.990+0500] {processor.py:161} INFO - Started process (PID=7307) to work on /home/abayturar/airflow-project/venv/lib/python3.12/site-packages/airflow/example_dags/example_short_circuit_decorator.py
[2026-03-29T12:40:23.991+0500] {processor.py:830} INFO - Processing file /home/abayturar/airflow-project/venv/lib/python3.12/site-packages/airflow/example_dags/example_short_circuit_decorator.py for tasks to queue
[2026-03-29T12:40:23.992+0500] {logging_mixin.py:188} INFO - [2026-03-29T12:40:23.992+0500] {dagbag.py:545} INFO - Filling up the DagBag from /home/abayturar/airflow-project/venv/lib/python3.12/site-packages/airflow/example_dags/example_short_circuit_decorator.py
[2026-03-29T12:40:24.002+0500] {processor.py:840} INFO - DAG(s) 'example_short_circuit_decorator' retrieved from /home/abayturar/airflow-project/venv/lib/python3.12/site-packages/airflow/example_dags/example_short_circuit_decorator.py
[2026-03-29T12:40:24.018+0500] {logging_mixin.py:188} INFO - [2026-03-29T12:40:24.018+0500] {dag.py:3089} INFO - Sync 1 DAGs
[2026-03-29T12:40:24.031+0500] {logging_mixin.py:188} INFO - [2026-03-29T12:40:24.031+0500] {dag.py:3947} INFO - Setting next_dagrun for example_short_circuit_decorator to 2026-03-28 00:00:00+00:00, run_after=2026-03-29 00:00:00+00:00
[2026-03-29T12:40:24.084+0500] {processor.py:183} INFO - Processing /home/abayturar/airflow-project/venv/lib/python3.12/site-packages/airflow/example_dags/example_short_circuit_decorator.py took 0.100 seconds
[2026-03-29T12:41:14.914+0500] {processor.py:161} INFO - Started process (PID=7441) to work on /home/abayturar/airflow-project/venv/lib/python3.12/site-packages/airflow/example_dags/example_short_circuit_decorator.py
[2026-03-29T12:41:14.915+0500] {processor.py:830} INFO - Processing file /home/abayturar/airflow-project/venv/lib/python3.12/site-packages/airflow/example_dags/example_short_circuit_decorator.py for tasks to queue
[2026-03-29T12:41:14.917+0500] {logging_mixin.py:188} INFO - [2026-03-29T12:41:14.916+0500] {dagbag.py:545} INFO - Filling up the DagBag from /home/abayturar/airflow-project/venv/lib/python3.12/site-packages/airflow/example_dags/example_short_circuit_decorator.py
[2026-03-29T12:41:14.925+0500] {processor.py:840} INFO - DAG(s) 'example_short_circuit_decorator' retrieved from /home/abayturar/airflow-project/venv/lib/python3.12/site-packages/airflow/example_dags/example_short_circuit_decorator.py
[2026-03-29T12:41:14.942+0500] {logging_mixin.py:188} INFO - [2026-03-29T12:41:14.942+0500] {dag.py:3089} INFO - Sync 1 DAGs
[2026-03-29T12:41:14.957+0500] {logging_mixin.py:188} INFO - [2026-03-29T12:41:14.957+0500] {dag.py:3947} INFO - Setting next_dagrun for example_short_circuit_decorator to 2026-03-28 00:00:00+00:00, run_after=2026-03-29 00:00:00+00:00
[2026-03-29T12:41:15.011+0500] {processor.py:183} INFO - Processing /home/abayturar/airflow-project/venv/lib/python3.12/site-packages/airflow/example_dags/example_short_circuit_decorator.py took 0.103 seconds
[2026-03-29T12:42:07.686+0500] {processor.py:161} INFO - Started process (PID=7600) to work on /home/abayturar/airflow-project/venv/lib/python3.12/site-packages/airflow/example_dags/example_short_circuit_decorator.py
[2026-03-29T12:42:07.687+0500] {processor.py:830} INFO - Processing file /home/abayturar/airflow-project/venv/lib/python3.12/site-packages/airflow/example_dags/example_short_circuit_decorator.py for tasks to queue
[2026-03-29T12:42:07.689+0500] {logging_mixin.py:188} INFO - [2026-03-29T12:42:07.689+0500] {dagbag.py:545} INFO - Filling up the DagBag from /home/abayturar/airflow-project/venv/lib/python3.12/site-packages/airflow/example_dags/example_short_circuit_decorator.py
[2026-03-29T12:42:07.698+0500] {processor.py:840} INFO - DAG(s) 'example_short_circuit_decorator' retrieved from /home/abayturar/airflow-project/venv/lib/python3.12/site-packages/airflow/example_dags/example_short_circuit_decorator.py
[2026-03-29T12:42:07.715+0500] {logging_mixin.py:188} INFO - [2026-03-29T12:42:07.714+0500] {dag.py:3089} INFO - Sync 1 DAGs
[2026-03-29T12:42:07.728+0500] {logging_mixin.py:188} INFO - [2026-03-29T12:42:07.728+0500] {dag.py:3947} INFO - Setting next_dagrun for example_short_circuit_decorator to 2026-03-28 00:00:00+00:00, run_after=2026-03-29 00:00:00+00:00
[2026-03-29T12:42:07.783+0500] {processor.py:183} INFO - Processing /home/abayturar/airflow-project/venv/lib/python3.12/site-packages/airflow/example_dags/example_short_circuit_decorator.py took 0.103 seconds
[2026-03-29T12:42:59.988+0500] {processor.py:161} INFO - Started process (PID=7739) to work on /home/abayturar/airflow-project/venv/lib/python3.12/site-packages/airflow/example_dags/example_short_circuit_decorator.py
[2026-03-29T12:42:59.989+0500] {processor.py:830} INFO - Processing file /home/abayturar/airflow-project/venv/lib/python3.12/site-packages/airflow/example_dags/example_short_circuit_decorator.py for tasks to queue
[2026-03-29T12:42:59.991+0500] {logging_mixin.py:188} INFO - [2026-03-29T12:42:59.990+0500] {dagbag.py:545} INFO - Filling up the DagBag from /home/abayturar/airflow-project/venv/lib/python3.12/site-packages/airflow/example_dags/example_short_circuit_decorator.py
[2026-03-29T12:42:59.999+0500] {processor.py:840} INFO - DAG(s) 'example_short_circuit_decorator' retrieved from /home/abayturar/airflow-project/venv/lib/python3.12/site-packages/airflow/example_dags/example_short_circuit_decorator.py
[2026-03-29T12:43:00.017+0500] {logging_mixin.py:188} INFO - [2026-03-29T12:43:00.017+0500] {dag.py:3089} INFO - Sync 1 DAGs
[2026-03-29T12:43:00.031+0500] {logging_mixin.py:188} INFO - [2026-03-29T12:43:00.031+0500] {dag.py:3947} INFO - Setting next_dagrun for example_short_circuit_decorator to 2026-03-28 00:00:00+00:00, run_after=2026-03-29 00:00:00+00:00
[2026-03-29T12:43:00.084+0500] {processor.py:183} INFO - Processing /home/abayturar/airflow-project/venv/lib/python3.12/site-packages/airflow/example_dags/example_short_circuit_decorator.py took 0.102 seconds
[2026-03-29T12:43:51.504+0500] {processor.py:161} INFO - Started process (PID=8006) to work on /home/abayturar/airflow-project/venv/lib/python3.12/site-packages/airflow/example_dags/example_short_circuit_decorator.py
[2026-03-29T12:43:51.504+0500] {processor.py:830} INFO - Processing file /home/abayturar/airflow-project/venv/lib/python3.12/site-packages/airflow/example_dags/example_short_circuit_decorator.py for tasks to queue
[2026-03-29T12:43:51.506+0500] {logging_mixin.py:188} INFO - [2026-03-29T12:43:51.506+0500] {dagbag.py:545} INFO - Filling up the DagBag from /home/abayturar/airflow-project/venv/lib/python3.12/site-packages/airflow/example_dags/example_short_circuit_decorator.py
[2026-03-29T12:43:51.515+0500] {processor.py:840} INFO - DAG(s) 'example_short_circuit_decorator' retrieved from /home/abayturar/airflow-project/venv/lib/python3.12/site-packages/airflow/example_dags/example_short_circuit_decorator.py
[2026-03-29T12:43:51.531+0500] {logging_mixin.py:188} INFO - [2026-03-29T12:43:51.531+0500] {dag.py:3089} INFO - Sync 1 DAGs
[2026-03-29T12:43:51.546+0500] {logging_mixin.py:188} INFO - [2026-03-29T12:43:51.546+0500] {dag.py:3947} INFO - Setting next_dagrun for example_short_circuit_decorator to 2026-03-28 00:00:00+00:00, run_after=2026-03-29 00:00:00+00:00
[2026-03-29T12:43:51.599+0500] {processor.py:183} INFO - Processing /home/abayturar/airflow-project/venv/lib/python3.12/site-packages/airflow/example_dags/example_short_circuit_decorator.py took 0.101 seconds
[2026-03-29T12:44:44.542+0500] {processor.py:161} INFO - Started process (PID=8200) to work on /home/abayturar/airflow-project/venv/lib/python3.12/site-packages/airflow/example_dags/example_short_circuit_decorator.py
[2026-03-29T12:44:44.543+0500] {processor.py:830} INFO - Processing file /home/abayturar/airflow-project/venv/lib/python3.12/site-packages/airflow/example_dags/example_short_circuit_decorator.py for tasks to queue
[2026-03-29T12:44:44.545+0500] {logging_mixin.py:188} INFO - [2026-03-29T12:44:44.544+0500] {dagbag.py:545} INFO - Filling up the DagBag from /home/abayturar/airflow-project/venv/lib/python3.12/site-packages/airflow/example_dags/example_short_circuit_decorator.py
[2026-03-29T12:44:44.555+0500] {processor.py:840} INFO - DAG(s) 'example_short_circuit_decorator' retrieved from /home/abayturar/airflow-project/venv/lib/python3.12/site-packages/airflow/example_dags/example_short_circuit_decorator.py
[2026-03-29T12:44:44.572+0500] {logging_mixin.py:188} INFO - [2026-03-29T12:44:44.572+0500] {dag.py:3089} INFO - Sync 1 DAGs
[2026-03-29T12:44:44.585+0500] {logging_mixin.py:188} INFO - [2026-03-29T12:44:44.585+0500] {dag.py:3947} INFO - Setting next_dagrun for example_short_circuit_decorator to 2026-03-28 00:00:00+00:00, run_after=2026-03-29 00:00:00+00:00
[2026-03-29T12:44:44.640+0500] {processor.py:183} INFO - Processing /home/abayturar/airflow-project/venv/lib/python3.12/site-packages/airflow/example_dags/example_short_circuit_decorator.py took 0.106 seconds
[2026-03-29T12:45:37.803+0500] {processor.py:161} INFO - Started process (PID=8671) to work on /home/abayturar/airflow-project/venv/lib/python3.12/site-packages/airflow/example_dags/example_short_circuit_decorator.py
[2026-03-29T12:45:37.804+0500] {processor.py:830} INFO - Processing file /home/abayturar/airflow-project/venv/lib/python3.12/site-packages/airflow/example_dags/example_short_circuit_decorator.py for tasks to queue
[2026-03-29T12:45:37.806+0500] {logging_mixin.py:188} INFO - [2026-03-29T12:45:37.806+0500] {dagbag.py:545} INFO - Filling up the DagBag from /home/abayturar/airflow-project/venv/lib/python3.12/site-packages/airflow/example_dags/example_short_circuit_decorator.py
[2026-03-29T12:45:37.816+0500] {processor.py:840} INFO - DAG(s) 'example_short_circuit_decorator' retrieved from /home/abayturar/airflow-project/venv/lib/python3.12/site-packages/airflow/example_dags/example_short_circuit_decorator.py
[2026-03-29T12:45:37.833+0500] {logging_mixin.py:188} INFO - [2026-03-29T12:45:37.833+0500] {dag.py:3089} INFO - Sync 1 DAGs
[2026-03-29T12:45:37.850+0500] {logging_mixin.py:188} INFO - [2026-03-29T12:45:37.850+0500] {dag.py:3947} INFO - Setting next_dagrun for example_short_circuit_decorator to 2026-03-28 00:00:00+00:00, run_after=2026-03-29 00:00:00+00:00
[2026-03-29T12:45:37.908+0500] {processor.py:183} INFO - Processing /home/abayturar/airflow-project/venv/lib/python3.12/site-packages/airflow/example_dags/example_short_circuit_decorator.py took 0.112 seconds
[2026-03-29T12:46:30.830+0500] {processor.py:161} INFO - Started process (PID=8916) to work on /home/abayturar/airflow-project/venv/lib/python3.12/site-packages/airflow/example_dags/example_short_circuit_decorator.py
[2026-03-29T12:46:30.831+0500] {processor.py:830} INFO - Processing file /home/abayturar/airflow-project/venv/lib/python3.12/site-packages/airflow/example_dags/example_short_circuit_decorator.py for tasks to queue
[2026-03-29T12:46:30.833+0500] {logging_mixin.py:188} INFO - [2026-03-29T12:46:30.833+0500] {dagbag.py:545} INFO - Filling up the DagBag from /home/abayturar/airflow-project/venv/lib/python3.12/site-packages/airflow/example_dags/example_short_circuit_decorator.py
[2026-03-29T12:46:30.842+0500] {processor.py:840} INFO - DAG(s) 'example_short_circuit_decorator' retrieved from /home/abayturar/airflow-project/venv/lib/python3.12/site-packages/airflow/example_dags/example_short_circuit_decorator.py
[2026-03-29T12:46:30.859+0500] {logging_mixin.py:188} INFO - [2026-03-29T12:46:30.859+0500] {dag.py:3089} INFO - Sync 1 DAGs
[2026-03-29T12:46:30.874+0500] {logging_mixin.py:188} INFO - [2026-03-29T12:46:30.874+0500] {dag.py:3947} INFO - Setting next_dagrun for example_short_circuit_decorator to 2026-03-28 00:00:00+00:00, run_after=2026-03-29 00:00:00+00:00
[2026-03-29T12:46:30.928+0500] {processor.py:183} INFO - Processing /home/abayturar/airflow-project/venv/lib/python3.12/site-packages/airflow/example_dags/example_short_circuit_decorator.py took 0.106 seconds
