[2026-03-29T12:01:52.866+0500] {processor.py:161} INFO - Started process (PID=32406) to work on /home/abayturar/airflow-project/venv/lib/python3.12/site-packages/airflow/example_dags/example_trigger_target_dag.py
[2026-03-29T12:01:52.867+0500] {processor.py:830} INFO - Processing file /home/abayturar/airflow-project/venv/lib/python3.12/site-packages/airflow/example_dags/example_trigger_target_dag.py for tasks to queue
[2026-03-29T12:01:52.869+0500] {logging_mixin.py:188} INFO - [2026-03-29T12:01:52.869+0500] {dagbag.py:545} INFO - Filling up the DagBag from /home/abayturar/airflow-project/venv/lib/python3.12/site-packages/airflow/example_dags/example_trigger_target_dag.py
[2026-03-29T12:01:52.877+0500] {processor.py:840} INFO - DAG(s) 'example_trigger_target_dag' retrieved from /home/abayturar/airflow-project/venv/lib/python3.12/site-packages/airflow/example_dags/example_trigger_target_dag.py
[2026-03-29T12:01:52.895+0500] {logging_mixin.py:188} INFO - [2026-03-29T12:01:52.895+0500] {dag.py:3089} INFO - Sync 1 DAGs
[2026-03-29T12:01:52.906+0500] {logging_mixin.py:188} INFO - [2026-03-29T12:01:52.906+0500] {dag.py:3947} INFO - Setting next_dagrun for example_trigger_target_dag to None, run_after=None
[2026-03-29T12:01:52.923+0500] {processor.py:183} INFO - Processing /home/abayturar/airflow-project/venv/lib/python3.12/site-packages/airflow/example_dags/example_trigger_target_dag.py took 0.065 seconds
[2026-03-29T12:02:47.118+0500] {processor.py:161} INFO - Started process (PID=32631) to work on /home/abayturar/airflow-project/venv/lib/python3.12/site-packages/airflow/example_dags/example_trigger_target_dag.py
[2026-03-29T12:02:47.119+0500] {processor.py:830} INFO - Processing file /home/abayturar/airflow-project/venv/lib/python3.12/site-packages/airflow/example_dags/example_trigger_target_dag.py for tasks to queue
[2026-03-29T12:02:47.121+0500] {logging_mixin.py:188} INFO - [2026-03-29T12:02:47.120+0500] {dagbag.py:545} INFO - Filling up the DagBag from /home/abayturar/airflow-project/venv/lib/python3.12/site-packages/airflow/example_dags/example_trigger_target_dag.py
[2026-03-29T12:02:47.127+0500] {processor.py:840} INFO - DAG(s) 'example_trigger_target_dag' retrieved from /home/abayturar/airflow-project/venv/lib/python3.12/site-packages/airflow/example_dags/example_trigger_target_dag.py
[2026-03-29T12:02:47.142+0500] {logging_mixin.py:188} INFO - [2026-03-29T12:02:47.141+0500] {dag.py:3089} INFO - Sync 1 DAGs
[2026-03-29T12:02:47.150+0500] {logging_mixin.py:188} INFO - [2026-03-29T12:02:47.150+0500] {dag.py:3947} INFO - Setting next_dagrun for example_trigger_target_dag to None, run_after=None
[2026-03-29T12:02:47.205+0500] {processor.py:183} INFO - Processing /home/abayturar/airflow-project/venv/lib/python3.12/site-packages/airflow/example_dags/example_trigger_target_dag.py took 0.092 seconds
[2026-03-29T12:06:14.594+0500] {processor.py:161} INFO - Started process (PID=95) to work on /home/abayturar/airflow-project/venv/lib/python3.12/site-packages/airflow/example_dags/example_trigger_target_dag.py
[2026-03-29T12:06:14.595+0500] {processor.py:830} INFO - Processing file /home/abayturar/airflow-project/venv/lib/python3.12/site-packages/airflow/example_dags/example_trigger_target_dag.py for tasks to queue
[2026-03-29T12:06:14.597+0500] {logging_mixin.py:188} INFO - [2026-03-29T12:06:14.597+0500] {dagbag.py:545} INFO - Filling up the DagBag from /home/abayturar/airflow-project/venv/lib/python3.12/site-packages/airflow/example_dags/example_trigger_target_dag.py
[2026-03-29T12:06:14.606+0500] {processor.py:840} INFO - DAG(s) 'example_trigger_target_dag' retrieved from /home/abayturar/airflow-project/venv/lib/python3.12/site-packages/airflow/example_dags/example_trigger_target_dag.py
[2026-03-29T12:06:14.628+0500] {logging_mixin.py:188} INFO - [2026-03-29T12:06:14.627+0500] {dag.py:3089} INFO - Sync 1 DAGs
[2026-03-29T12:06:14.639+0500] {logging_mixin.py:188} INFO - [2026-03-29T12:06:14.639+0500] {dag.py:3947} INFO - Setting next_dagrun for example_trigger_target_dag to None, run_after=None
[2026-03-29T12:06:14.661+0500] {processor.py:183} INFO - Processing /home/abayturar/airflow-project/venv/lib/python3.12/site-packages/airflow/example_dags/example_trigger_target_dag.py took 0.075 seconds
[2026-03-29T12:07:07.162+0500] {processor.py:161} INFO - Started process (PID=308) to work on /home/abayturar/airflow-project/venv/lib/python3.12/site-packages/airflow/example_dags/example_trigger_target_dag.py
[2026-03-29T12:07:07.163+0500] {processor.py:830} INFO - Processing file /home/abayturar/airflow-project/venv/lib/python3.12/site-packages/airflow/example_dags/example_trigger_target_dag.py for tasks to queue
[2026-03-29T12:07:07.165+0500] {logging_mixin.py:188} INFO - [2026-03-29T12:07:07.164+0500] {dagbag.py:545} INFO - Filling up the DagBag from /home/abayturar/airflow-project/venv/lib/python3.12/site-packages/airflow/example_dags/example_trigger_target_dag.py
[2026-03-29T12:07:07.172+0500] {processor.py:840} INFO - DAG(s) 'example_trigger_target_dag' retrieved from /home/abayturar/airflow-project/venv/lib/python3.12/site-packages/airflow/example_dags/example_trigger_target_dag.py
[2026-03-29T12:07:07.188+0500] {logging_mixin.py:188} INFO - [2026-03-29T12:07:07.187+0500] {dag.py:3089} INFO - Sync 1 DAGs
[2026-03-29T12:07:07.198+0500] {logging_mixin.py:188} INFO - [2026-03-29T12:07:07.197+0500] {dag.py:3947} INFO - Setting next_dagrun for example_trigger_target_dag to None, run_after=None
[2026-03-29T12:07:07.254+0500] {processor.py:183} INFO - Processing /home/abayturar/airflow-project/venv/lib/python3.12/site-packages/airflow/example_dags/example_trigger_target_dag.py took 0.098 seconds
[2026-03-29T12:07:53.184+0500] {processor.py:161} INFO - Started process (PID=496) to work on /home/abayturar/airflow-project/venv/lib/python3.12/site-packages/airflow/example_dags/example_trigger_target_dag.py
[2026-03-29T12:07:53.185+0500] {processor.py:830} INFO - Processing file /home/abayturar/airflow-project/venv/lib/python3.12/site-packages/airflow/example_dags/example_trigger_target_dag.py for tasks to queue
[2026-03-29T12:07:53.186+0500] {logging_mixin.py:188} INFO - [2026-03-29T12:07:53.186+0500] {dagbag.py:545} INFO - Filling up the DagBag from /home/abayturar/airflow-project/venv/lib/python3.12/site-packages/airflow/example_dags/example_trigger_target_dag.py
[2026-03-29T12:07:53.193+0500] {processor.py:840} INFO - DAG(s) 'example_trigger_target_dag' retrieved from /home/abayturar/airflow-project/venv/lib/python3.12/site-packages/airflow/example_dags/example_trigger_target_dag.py
[2026-03-29T12:07:53.236+0500] {logging_mixin.py:188} INFO - [2026-03-29T12:07:53.211+0500] {dag.py:3089} INFO - Sync 1 DAGs
[2026-03-29T12:07:53.251+0500] {logging_mixin.py:188} INFO - [2026-03-29T12:07:53.251+0500] {dag.py:3947} INFO - Setting next_dagrun for example_trigger_target_dag to None, run_after=None
[2026-03-29T12:07:53.315+0500] {processor.py:183} INFO - Processing /home/abayturar/airflow-project/venv/lib/python3.12/site-packages/airflow/example_dags/example_trigger_target_dag.py took 0.136 seconds
[2026-03-29T12:08:44.063+0500] {processor.py:161} INFO - Started process (PID=711) to work on /home/abayturar/airflow-project/venv/lib/python3.12/site-packages/airflow/example_dags/example_trigger_target_dag.py
[2026-03-29T12:08:44.063+0500] {processor.py:830} INFO - Processing file /home/abayturar/airflow-project/venv/lib/python3.12/site-packages/airflow/example_dags/example_trigger_target_dag.py for tasks to queue
[2026-03-29T12:08:44.065+0500] {logging_mixin.py:188} INFO - [2026-03-29T12:08:44.065+0500] {dagbag.py:545} INFO - Filling up the DagBag from /home/abayturar/airflow-project/venv/lib/python3.12/site-packages/airflow/example_dags/example_trigger_target_dag.py
[2026-03-29T12:08:44.071+0500] {processor.py:840} INFO - DAG(s) 'example_trigger_target_dag' retrieved from /home/abayturar/airflow-project/venv/lib/python3.12/site-packages/airflow/example_dags/example_trigger_target_dag.py
[2026-03-29T12:08:44.085+0500] {logging_mixin.py:188} INFO - [2026-03-29T12:08:44.085+0500] {dag.py:3089} INFO - Sync 1 DAGs
[2026-03-29T12:08:44.093+0500] {logging_mixin.py:188} INFO - [2026-03-29T12:08:44.093+0500] {dag.py:3947} INFO - Setting next_dagrun for example_trigger_target_dag to None, run_after=None
[2026-03-29T12:08:44.150+0500] {processor.py:183} INFO - Processing /home/abayturar/airflow-project/venv/lib/python3.12/site-packages/airflow/example_dags/example_trigger_target_dag.py took 0.093 seconds
[2026-03-29T12:09:36.195+0500] {processor.py:161} INFO - Started process (PID=904) to work on /home/abayturar/airflow-project/venv/lib/python3.12/site-packages/airflow/example_dags/example_trigger_target_dag.py
[2026-03-29T12:09:36.196+0500] {processor.py:830} INFO - Processing file /home/abayturar/airflow-project/venv/lib/python3.12/site-packages/airflow/example_dags/example_trigger_target_dag.py for tasks to queue
[2026-03-29T12:09:36.197+0500] {logging_mixin.py:188} INFO - [2026-03-29T12:09:36.197+0500] {dagbag.py:545} INFO - Filling up the DagBag from /home/abayturar/airflow-project/venv/lib/python3.12/site-packages/airflow/example_dags/example_trigger_target_dag.py
[2026-03-29T12:09:36.206+0500] {processor.py:840} INFO - DAG(s) 'example_trigger_target_dag' retrieved from /home/abayturar/airflow-project/venv/lib/python3.12/site-packages/airflow/example_dags/example_trigger_target_dag.py
[2026-03-29T12:09:36.221+0500] {logging_mixin.py:188} INFO - [2026-03-29T12:09:36.221+0500] {dag.py:3089} INFO - Sync 1 DAGs
[2026-03-29T12:09:36.229+0500] {logging_mixin.py:188} INFO - [2026-03-29T12:09:36.229+0500] {dag.py:3947} INFO - Setting next_dagrun for example_trigger_target_dag to None, run_after=None
[2026-03-29T12:09:36.284+0500] {processor.py:183} INFO - Processing /home/abayturar/airflow-project/venv/lib/python3.12/site-packages/airflow/example_dags/example_trigger_target_dag.py took 0.095 seconds
[2026-03-29T12:10:26.185+0500] {processor.py:161} INFO - Started process (PID=1038) to work on /home/abayturar/airflow-project/venv/lib/python3.12/site-packages/airflow/example_dags/example_trigger_target_dag.py
[2026-03-29T12:10:26.186+0500] {processor.py:830} INFO - Processing file /home/abayturar/airflow-project/venv/lib/python3.12/site-packages/airflow/example_dags/example_trigger_target_dag.py for tasks to queue
[2026-03-29T12:10:26.188+0500] {logging_mixin.py:188} INFO - [2026-03-29T12:10:26.188+0500] {dagbag.py:545} INFO - Filling up the DagBag from /home/abayturar/airflow-project/venv/lib/python3.12/site-packages/airflow/example_dags/example_trigger_target_dag.py
[2026-03-29T12:10:26.195+0500] {processor.py:840} INFO - DAG(s) 'example_trigger_target_dag' retrieved from /home/abayturar/airflow-project/venv/lib/python3.12/site-packages/airflow/example_dags/example_trigger_target_dag.py
[2026-03-29T12:10:26.211+0500] {logging_mixin.py:188} INFO - [2026-03-29T12:10:26.211+0500] {dag.py:3089} INFO - Sync 1 DAGs
[2026-03-29T12:10:26.220+0500] {logging_mixin.py:188} INFO - [2026-03-29T12:10:26.220+0500] {dag.py:3947} INFO - Setting next_dagrun for example_trigger_target_dag to None, run_after=None
[2026-03-29T12:10:26.276+0500] {processor.py:183} INFO - Processing /home/abayturar/airflow-project/venv/lib/python3.12/site-packages/airflow/example_dags/example_trigger_target_dag.py took 0.098 seconds
[2026-03-29T12:11:13.470+0500] {processor.py:161} INFO - Started process (PID=1164) to work on /home/abayturar/airflow-project/venv/lib/python3.12/site-packages/airflow/example_dags/example_trigger_target_dag.py
[2026-03-29T12:11:13.471+0500] {processor.py:830} INFO - Processing file /home/abayturar/airflow-project/venv/lib/python3.12/site-packages/airflow/example_dags/example_trigger_target_dag.py for tasks to queue
[2026-03-29T12:11:13.472+0500] {logging_mixin.py:188} INFO - [2026-03-29T12:11:13.472+0500] {dagbag.py:545} INFO - Filling up the DagBag from /home/abayturar/airflow-project/venv/lib/python3.12/site-packages/airflow/example_dags/example_trigger_target_dag.py
[2026-03-29T12:11:13.479+0500] {processor.py:840} INFO - DAG(s) 'example_trigger_target_dag' retrieved from /home/abayturar/airflow-project/venv/lib/python3.12/site-packages/airflow/example_dags/example_trigger_target_dag.py
[2026-03-29T12:11:13.493+0500] {logging_mixin.py:188} INFO - [2026-03-29T12:11:13.493+0500] {dag.py:3089} INFO - Sync 1 DAGs
[2026-03-29T12:11:13.502+0500] {logging_mixin.py:188} INFO - [2026-03-29T12:11:13.502+0500] {dag.py:3947} INFO - Setting next_dagrun for example_trigger_target_dag to None, run_after=None
[2026-03-29T12:11:13.556+0500] {processor.py:183} INFO - Processing /home/abayturar/airflow-project/venv/lib/python3.12/site-packages/airflow/example_dags/example_trigger_target_dag.py took 0.092 seconds
[2026-03-29T12:12:03.053+0500] {processor.py:161} INFO - Started process (PID=1295) to work on /home/abayturar/airflow-project/venv/lib/python3.12/site-packages/airflow/example_dags/example_trigger_target_dag.py
[2026-03-29T12:12:03.054+0500] {processor.py:830} INFO - Processing file /home/abayturar/airflow-project/venv/lib/python3.12/site-packages/airflow/example_dags/example_trigger_target_dag.py for tasks to queue
[2026-03-29T12:12:03.057+0500] {logging_mixin.py:188} INFO - [2026-03-29T12:12:03.056+0500] {dagbag.py:545} INFO - Filling up the DagBag from /home/abayturar/airflow-project/venv/lib/python3.12/site-packages/airflow/example_dags/example_trigger_target_dag.py
[2026-03-29T12:12:03.064+0500] {processor.py:840} INFO - DAG(s) 'example_trigger_target_dag' retrieved from /home/abayturar/airflow-project/venv/lib/python3.12/site-packages/airflow/example_dags/example_trigger_target_dag.py
[2026-03-29T12:12:03.081+0500] {logging_mixin.py:188} INFO - [2026-03-29T12:12:03.081+0500] {dag.py:3089} INFO - Sync 1 DAGs
[2026-03-29T12:12:03.091+0500] {logging_mixin.py:188} INFO - [2026-03-29T12:12:03.091+0500] {dag.py:3947} INFO - Setting next_dagrun for example_trigger_target_dag to None, run_after=None
[2026-03-29T12:12:03.108+0500] {processor.py:183} INFO - Processing /home/abayturar/airflow-project/venv/lib/python3.12/site-packages/airflow/example_dags/example_trigger_target_dag.py took 0.062 seconds
[2026-03-29T12:12:56.433+0500] {processor.py:161} INFO - Started process (PID=1434) to work on /home/abayturar/airflow-project/venv/lib/python3.12/site-packages/airflow/example_dags/example_trigger_target_dag.py
[2026-03-29T12:12:56.434+0500] {processor.py:830} INFO - Processing file /home/abayturar/airflow-project/venv/lib/python3.12/site-packages/airflow/example_dags/example_trigger_target_dag.py for tasks to queue
[2026-03-29T12:12:56.436+0500] {logging_mixin.py:188} INFO - [2026-03-29T12:12:56.436+0500] {dagbag.py:545} INFO - Filling up the DagBag from /home/abayturar/airflow-project/venv/lib/python3.12/site-packages/airflow/example_dags/example_trigger_target_dag.py
[2026-03-29T12:12:56.443+0500] {processor.py:840} INFO - DAG(s) 'example_trigger_target_dag' retrieved from /home/abayturar/airflow-project/venv/lib/python3.12/site-packages/airflow/example_dags/example_trigger_target_dag.py
[2026-03-29T12:12:56.458+0500] {logging_mixin.py:188} INFO - [2026-03-29T12:12:56.458+0500] {dag.py:3089} INFO - Sync 1 DAGs
[2026-03-29T12:12:56.467+0500] {logging_mixin.py:188} INFO - [2026-03-29T12:12:56.467+0500] {dag.py:3947} INFO - Setting next_dagrun for example_trigger_target_dag to None, run_after=None
[2026-03-29T12:12:56.482+0500] {processor.py:183} INFO - Processing /home/abayturar/airflow-project/venv/lib/python3.12/site-packages/airflow/example_dags/example_trigger_target_dag.py took 0.054 seconds
[2026-03-29T12:13:43.905+0500] {processor.py:161} INFO - Started process (PID=1560) to work on /home/abayturar/airflow-project/venv/lib/python3.12/site-packages/airflow/example_dags/example_trigger_target_dag.py
[2026-03-29T12:13:43.905+0500] {processor.py:830} INFO - Processing file /home/abayturar/airflow-project/venv/lib/python3.12/site-packages/airflow/example_dags/example_trigger_target_dag.py for tasks to queue
[2026-03-29T12:13:43.907+0500] {logging_mixin.py:188} INFO - [2026-03-29T12:13:43.907+0500] {dagbag.py:545} INFO - Filling up the DagBag from /home/abayturar/airflow-project/venv/lib/python3.12/site-packages/airflow/example_dags/example_trigger_target_dag.py
[2026-03-29T12:13:43.913+0500] {processor.py:840} INFO - DAG(s) 'example_trigger_target_dag' retrieved from /home/abayturar/airflow-project/venv/lib/python3.12/site-packages/airflow/example_dags/example_trigger_target_dag.py
[2026-03-29T12:13:43.928+0500] {logging_mixin.py:188} INFO - [2026-03-29T12:13:43.928+0500] {dag.py:3089} INFO - Sync 1 DAGs
[2026-03-29T12:13:43.936+0500] {logging_mixin.py:188} INFO - [2026-03-29T12:13:43.936+0500] {dag.py:3947} INFO - Setting next_dagrun for example_trigger_target_dag to None, run_after=None
[2026-03-29T12:13:43.989+0500] {processor.py:183} INFO - Processing /home/abayturar/airflow-project/venv/lib/python3.12/site-packages/airflow/example_dags/example_trigger_target_dag.py took 0.090 seconds
[2026-03-29T12:14:37.124+0500] {processor.py:161} INFO - Started process (PID=1698) to work on /home/abayturar/airflow-project/venv/lib/python3.12/site-packages/airflow/example_dags/example_trigger_target_dag.py
[2026-03-29T12:14:37.125+0500] {processor.py:830} INFO - Processing file /home/abayturar/airflow-project/venv/lib/python3.12/site-packages/airflow/example_dags/example_trigger_target_dag.py for tasks to queue
[2026-03-29T12:14:37.127+0500] {logging_mixin.py:188} INFO - [2026-03-29T12:14:37.126+0500] {dagbag.py:545} INFO - Filling up the DagBag from /home/abayturar/airflow-project/venv/lib/python3.12/site-packages/airflow/example_dags/example_trigger_target_dag.py
[2026-03-29T12:14:37.133+0500] {processor.py:840} INFO - DAG(s) 'example_trigger_target_dag' retrieved from /home/abayturar/airflow-project/venv/lib/python3.12/site-packages/airflow/example_dags/example_trigger_target_dag.py
[2026-03-29T12:14:37.147+0500] {logging_mixin.py:188} INFO - [2026-03-29T12:14:37.147+0500] {dag.py:3089} INFO - Sync 1 DAGs
[2026-03-29T12:14:37.156+0500] {logging_mixin.py:188} INFO - [2026-03-29T12:14:37.156+0500] {dag.py:3947} INFO - Setting next_dagrun for example_trigger_target_dag to None, run_after=None
[2026-03-29T12:14:37.296+0500] {processor.py:183} INFO - Processing /home/abayturar/airflow-project/venv/lib/python3.12/site-packages/airflow/example_dags/example_trigger_target_dag.py took 0.177 seconds
[2026-03-29T12:15:31.362+0500] {processor.py:161} INFO - Started process (PID=1838) to work on /home/abayturar/airflow-project/venv/lib/python3.12/site-packages/airflow/example_dags/example_trigger_target_dag.py
[2026-03-29T12:15:31.363+0500] {processor.py:830} INFO - Processing file /home/abayturar/airflow-project/venv/lib/python3.12/site-packages/airflow/example_dags/example_trigger_target_dag.py for tasks to queue
[2026-03-29T12:15:31.365+0500] {logging_mixin.py:188} INFO - [2026-03-29T12:15:31.365+0500] {dagbag.py:545} INFO - Filling up the DagBag from /home/abayturar/airflow-project/venv/lib/python3.12/site-packages/airflow/example_dags/example_trigger_target_dag.py
[2026-03-29T12:15:31.373+0500] {processor.py:840} INFO - DAG(s) 'example_trigger_target_dag' retrieved from /home/abayturar/airflow-project/venv/lib/python3.12/site-packages/airflow/example_dags/example_trigger_target_dag.py
[2026-03-29T12:15:31.390+0500] {logging_mixin.py:188} INFO - [2026-03-29T12:15:31.390+0500] {dag.py:3089} INFO - Sync 1 DAGs
[2026-03-29T12:15:31.400+0500] {logging_mixin.py:188} INFO - [2026-03-29T12:15:31.399+0500] {dag.py:3947} INFO - Setting next_dagrun for example_trigger_target_dag to None, run_after=None
[2026-03-29T12:15:31.455+0500] {processor.py:183} INFO - Processing /home/abayturar/airflow-project/venv/lib/python3.12/site-packages/airflow/example_dags/example_trigger_target_dag.py took 0.099 seconds
[2026-03-29T12:16:24.214+0500] {processor.py:161} INFO - Started process (PID=1977) to work on /home/abayturar/airflow-project/venv/lib/python3.12/site-packages/airflow/example_dags/example_trigger_target_dag.py
[2026-03-29T12:16:24.215+0500] {processor.py:830} INFO - Processing file /home/abayturar/airflow-project/venv/lib/python3.12/site-packages/airflow/example_dags/example_trigger_target_dag.py for tasks to queue
[2026-03-29T12:16:24.217+0500] {logging_mixin.py:188} INFO - [2026-03-29T12:16:24.216+0500] {dagbag.py:545} INFO - Filling up the DagBag from /home/abayturar/airflow-project/venv/lib/python3.12/site-packages/airflow/example_dags/example_trigger_target_dag.py
[2026-03-29T12:16:24.223+0500] {processor.py:840} INFO - DAG(s) 'example_trigger_target_dag' retrieved from /home/abayturar/airflow-project/venv/lib/python3.12/site-packages/airflow/example_dags/example_trigger_target_dag.py
[2026-03-29T12:16:24.237+0500] {logging_mixin.py:188} INFO - [2026-03-29T12:16:24.237+0500] {dag.py:3089} INFO - Sync 1 DAGs
[2026-03-29T12:16:24.245+0500] {logging_mixin.py:188} INFO - [2026-03-29T12:16:24.245+0500] {dag.py:3947} INFO - Setting next_dagrun for example_trigger_target_dag to None, run_after=None
[2026-03-29T12:16:24.299+0500] {processor.py:183} INFO - Processing /home/abayturar/airflow-project/venv/lib/python3.12/site-packages/airflow/example_dags/example_trigger_target_dag.py took 0.091 seconds
[2026-03-29T12:17:16.554+0500] {processor.py:161} INFO - Started process (PID=2115) to work on /home/abayturar/airflow-project/venv/lib/python3.12/site-packages/airflow/example_dags/example_trigger_target_dag.py
[2026-03-29T12:17:16.555+0500] {processor.py:830} INFO - Processing file /home/abayturar/airflow-project/venv/lib/python3.12/site-packages/airflow/example_dags/example_trigger_target_dag.py for tasks to queue
[2026-03-29T12:17:16.557+0500] {logging_mixin.py:188} INFO - [2026-03-29T12:17:16.556+0500] {dagbag.py:545} INFO - Filling up the DagBag from /home/abayturar/airflow-project/venv/lib/python3.12/site-packages/airflow/example_dags/example_trigger_target_dag.py
[2026-03-29T12:17:16.681+0500] {processor.py:840} INFO - DAG(s) 'example_trigger_target_dag' retrieved from /home/abayturar/airflow-project/venv/lib/python3.12/site-packages/airflow/example_dags/example_trigger_target_dag.py
[2026-03-29T12:17:16.696+0500] {logging_mixin.py:188} INFO - [2026-03-29T12:17:16.696+0500] {dag.py:3089} INFO - Sync 1 DAGs
[2026-03-29T12:17:16.704+0500] {logging_mixin.py:188} INFO - [2026-03-29T12:17:16.704+0500] {dag.py:3947} INFO - Setting next_dagrun for example_trigger_target_dag to None, run_after=None
[2026-03-29T12:17:16.755+0500] {processor.py:183} INFO - Processing /home/abayturar/airflow-project/venv/lib/python3.12/site-packages/airflow/example_dags/example_trigger_target_dag.py took 0.208 seconds
[2026-03-29T12:18:10.748+0500] {processor.py:161} INFO - Started process (PID=2255) to work on /home/abayturar/airflow-project/venv/lib/python3.12/site-packages/airflow/example_dags/example_trigger_target_dag.py
[2026-03-29T12:18:10.749+0500] {processor.py:830} INFO - Processing file /home/abayturar/airflow-project/venv/lib/python3.12/site-packages/airflow/example_dags/example_trigger_target_dag.py for tasks to queue
[2026-03-29T12:18:10.751+0500] {logging_mixin.py:188} INFO - [2026-03-29T12:18:10.750+0500] {dagbag.py:545} INFO - Filling up the DagBag from /home/abayturar/airflow-project/venv/lib/python3.12/site-packages/airflow/example_dags/example_trigger_target_dag.py
[2026-03-29T12:18:10.757+0500] {processor.py:840} INFO - DAG(s) 'example_trigger_target_dag' retrieved from /home/abayturar/airflow-project/venv/lib/python3.12/site-packages/airflow/example_dags/example_trigger_target_dag.py
[2026-03-29T12:18:10.772+0500] {logging_mixin.py:188} INFO - [2026-03-29T12:18:10.771+0500] {dag.py:3089} INFO - Sync 1 DAGs
[2026-03-29T12:18:10.780+0500] {logging_mixin.py:188} INFO - [2026-03-29T12:18:10.780+0500] {dag.py:3947} INFO - Setting next_dagrun for example_trigger_target_dag to None, run_after=None
[2026-03-29T12:18:10.796+0500] {processor.py:183} INFO - Processing /home/abayturar/airflow-project/venv/lib/python3.12/site-packages/airflow/example_dags/example_trigger_target_dag.py took 0.053 seconds
[2026-03-29T12:19:01.165+0500] {processor.py:161} INFO - Started process (PID=2385) to work on /home/abayturar/airflow-project/venv/lib/python3.12/site-packages/airflow/example_dags/example_trigger_target_dag.py
[2026-03-29T12:19:01.166+0500] {processor.py:830} INFO - Processing file /home/abayturar/airflow-project/venv/lib/python3.12/site-packages/airflow/example_dags/example_trigger_target_dag.py for tasks to queue
[2026-03-29T12:19:01.167+0500] {logging_mixin.py:188} INFO - [2026-03-29T12:19:01.167+0500] {dagbag.py:545} INFO - Filling up the DagBag from /home/abayturar/airflow-project/venv/lib/python3.12/site-packages/airflow/example_dags/example_trigger_target_dag.py
[2026-03-29T12:19:01.176+0500] {processor.py:840} INFO - DAG(s) 'example_trigger_target_dag' retrieved from /home/abayturar/airflow-project/venv/lib/python3.12/site-packages/airflow/example_dags/example_trigger_target_dag.py
[2026-03-29T12:19:01.191+0500] {logging_mixin.py:188} INFO - [2026-03-29T12:19:01.191+0500] {dag.py:3089} INFO - Sync 1 DAGs
[2026-03-29T12:19:01.203+0500] {logging_mixin.py:188} INFO - [2026-03-29T12:19:01.202+0500] {dag.py:3947} INFO - Setting next_dagrun for example_trigger_target_dag to None, run_after=None
[2026-03-29T12:19:01.257+0500] {processor.py:183} INFO - Processing /home/abayturar/airflow-project/venv/lib/python3.12/site-packages/airflow/example_dags/example_trigger_target_dag.py took 0.099 seconds
[2026-03-29T12:19:50.902+0500] {processor.py:161} INFO - Started process (PID=2519) to work on /home/abayturar/airflow-project/venv/lib/python3.12/site-packages/airflow/example_dags/example_trigger_target_dag.py
[2026-03-29T12:19:50.903+0500] {processor.py:830} INFO - Processing file /home/abayturar/airflow-project/venv/lib/python3.12/site-packages/airflow/example_dags/example_trigger_target_dag.py for tasks to queue
[2026-03-29T12:19:50.905+0500] {logging_mixin.py:188} INFO - [2026-03-29T12:19:50.904+0500] {dagbag.py:545} INFO - Filling up the DagBag from /home/abayturar/airflow-project/venv/lib/python3.12/site-packages/airflow/example_dags/example_trigger_target_dag.py
[2026-03-29T12:19:50.912+0500] {processor.py:840} INFO - DAG(s) 'example_trigger_target_dag' retrieved from /home/abayturar/airflow-project/venv/lib/python3.12/site-packages/airflow/example_dags/example_trigger_target_dag.py
[2026-03-29T12:19:50.927+0500] {logging_mixin.py:188} INFO - [2026-03-29T12:19:50.927+0500] {dag.py:3089} INFO - Sync 1 DAGs
[2026-03-29T12:19:50.937+0500] {logging_mixin.py:188} INFO - [2026-03-29T12:19:50.937+0500] {dag.py:3947} INFO - Setting next_dagrun for example_trigger_target_dag to None, run_after=None
[2026-03-29T12:19:50.954+0500] {processor.py:183} INFO - Processing /home/abayturar/airflow-project/venv/lib/python3.12/site-packages/airflow/example_dags/example_trigger_target_dag.py took 0.059 seconds
[2026-03-29T12:20:44.608+0500] {processor.py:161} INFO - Started process (PID=2657) to work on /home/abayturar/airflow-project/venv/lib/python3.12/site-packages/airflow/example_dags/example_trigger_target_dag.py
[2026-03-29T12:20:44.609+0500] {processor.py:830} INFO - Processing file /home/abayturar/airflow-project/venv/lib/python3.12/site-packages/airflow/example_dags/example_trigger_target_dag.py for tasks to queue
[2026-03-29T12:20:44.610+0500] {logging_mixin.py:188} INFO - [2026-03-29T12:20:44.610+0500] {dagbag.py:545} INFO - Filling up the DagBag from /home/abayturar/airflow-project/venv/lib/python3.12/site-packages/airflow/example_dags/example_trigger_target_dag.py
[2026-03-29T12:20:44.621+0500] {processor.py:840} INFO - DAG(s) 'example_trigger_target_dag' retrieved from /home/abayturar/airflow-project/venv/lib/python3.12/site-packages/airflow/example_dags/example_trigger_target_dag.py
[2026-03-29T12:20:44.635+0500] {logging_mixin.py:188} INFO - [2026-03-29T12:20:44.635+0500] {dag.py:3089} INFO - Sync 1 DAGs
[2026-03-29T12:20:44.645+0500] {logging_mixin.py:188} INFO - [2026-03-29T12:20:44.645+0500] {dag.py:3947} INFO - Setting next_dagrun for example_trigger_target_dag to None, run_after=None
[2026-03-29T12:20:44.701+0500] {processor.py:183} INFO - Processing /home/abayturar/airflow-project/venv/lib/python3.12/site-packages/airflow/example_dags/example_trigger_target_dag.py took 0.100 seconds
[2026-03-29T12:21:37.669+0500] {processor.py:161} INFO - Started process (PID=2797) to work on /home/abayturar/airflow-project/venv/lib/python3.12/site-packages/airflow/example_dags/example_trigger_target_dag.py
[2026-03-29T12:21:37.670+0500] {processor.py:830} INFO - Processing file /home/abayturar/airflow-project/venv/lib/python3.12/site-packages/airflow/example_dags/example_trigger_target_dag.py for tasks to queue
[2026-03-29T12:21:37.671+0500] {logging_mixin.py:188} INFO - [2026-03-29T12:21:37.671+0500] {dagbag.py:545} INFO - Filling up the DagBag from /home/abayturar/airflow-project/venv/lib/python3.12/site-packages/airflow/example_dags/example_trigger_target_dag.py
[2026-03-29T12:21:37.678+0500] {processor.py:840} INFO - DAG(s) 'example_trigger_target_dag' retrieved from /home/abayturar/airflow-project/venv/lib/python3.12/site-packages/airflow/example_dags/example_trigger_target_dag.py
[2026-03-29T12:21:37.692+0500] {logging_mixin.py:188} INFO - [2026-03-29T12:21:37.692+0500] {dag.py:3089} INFO - Sync 1 DAGs
[2026-03-29T12:21:37.701+0500] {logging_mixin.py:188} INFO - [2026-03-29T12:21:37.701+0500] {dag.py:3947} INFO - Setting next_dagrun for example_trigger_target_dag to None, run_after=None
[2026-03-29T12:21:37.756+0500] {processor.py:183} INFO - Processing /home/abayturar/airflow-project/venv/lib/python3.12/site-packages/airflow/example_dags/example_trigger_target_dag.py took 0.093 seconds
[2026-03-29T12:22:28.520+0500] {processor.py:161} INFO - Started process (PID=3051) to work on /home/abayturar/airflow-project/venv/lib/python3.12/site-packages/airflow/example_dags/example_trigger_target_dag.py
[2026-03-29T12:22:28.522+0500] {processor.py:830} INFO - Processing file /home/abayturar/airflow-project/venv/lib/python3.12/site-packages/airflow/example_dags/example_trigger_target_dag.py for tasks to queue
[2026-03-29T12:22:28.525+0500] {logging_mixin.py:188} INFO - [2026-03-29T12:22:28.525+0500] {dagbag.py:545} INFO - Filling up the DagBag from /home/abayturar/airflow-project/venv/lib/python3.12/site-packages/airflow/example_dags/example_trigger_target_dag.py
[2026-03-29T12:22:28.537+0500] {processor.py:840} INFO - DAG(s) 'example_trigger_target_dag' retrieved from /home/abayturar/airflow-project/venv/lib/python3.12/site-packages/airflow/example_dags/example_trigger_target_dag.py
[2026-03-29T12:22:28.573+0500] {logging_mixin.py:188} INFO - [2026-03-29T12:22:28.572+0500] {dag.py:3089} INFO - Sync 1 DAGs
[2026-03-29T12:22:28.589+0500] {logging_mixin.py:188} INFO - [2026-03-29T12:22:28.589+0500] {dag.py:3947} INFO - Setting next_dagrun for example_trigger_target_dag to None, run_after=None
[2026-03-29T12:22:28.645+0500] {processor.py:183} INFO - Processing /home/abayturar/airflow-project/venv/lib/python3.12/site-packages/airflow/example_dags/example_trigger_target_dag.py took 0.137 seconds
[2026-03-29T12:23:21.165+0500] {processor.py:161} INFO - Started process (PID=3255) to work on /home/abayturar/airflow-project/venv/lib/python3.12/site-packages/airflow/example_dags/example_trigger_target_dag.py
[2026-03-29T12:23:21.166+0500] {processor.py:830} INFO - Processing file /home/abayturar/airflow-project/venv/lib/python3.12/site-packages/airflow/example_dags/example_trigger_target_dag.py for tasks to queue
[2026-03-29T12:23:21.168+0500] {logging_mixin.py:188} INFO - [2026-03-29T12:23:21.168+0500] {dagbag.py:545} INFO - Filling up the DagBag from /home/abayturar/airflow-project/venv/lib/python3.12/site-packages/airflow/example_dags/example_trigger_target_dag.py
[2026-03-29T12:23:21.176+0500] {processor.py:840} INFO - DAG(s) 'example_trigger_target_dag' retrieved from /home/abayturar/airflow-project/venv/lib/python3.12/site-packages/airflow/example_dags/example_trigger_target_dag.py
[2026-03-29T12:23:21.192+0500] {logging_mixin.py:188} INFO - [2026-03-29T12:23:21.192+0500] {dag.py:3089} INFO - Sync 1 DAGs
[2026-03-29T12:23:21.202+0500] {logging_mixin.py:188} INFO - [2026-03-29T12:23:21.202+0500] {dag.py:3947} INFO - Setting next_dagrun for example_trigger_target_dag to None, run_after=None
[2026-03-29T12:23:21.255+0500] {processor.py:183} INFO - Processing /home/abayturar/airflow-project/venv/lib/python3.12/site-packages/airflow/example_dags/example_trigger_target_dag.py took 0.096 seconds
[2026-03-29T12:24:13.872+0500] {processor.py:161} INFO - Started process (PID=3477) to work on /home/abayturar/airflow-project/venv/lib/python3.12/site-packages/airflow/example_dags/example_trigger_target_dag.py
[2026-03-29T12:24:13.873+0500] {processor.py:830} INFO - Processing file /home/abayturar/airflow-project/venv/lib/python3.12/site-packages/airflow/example_dags/example_trigger_target_dag.py for tasks to queue
[2026-03-29T12:24:13.875+0500] {logging_mixin.py:188} INFO - [2026-03-29T12:24:13.874+0500] {dagbag.py:545} INFO - Filling up the DagBag from /home/abayturar/airflow-project/venv/lib/python3.12/site-packages/airflow/example_dags/example_trigger_target_dag.py
[2026-03-29T12:24:13.881+0500] {processor.py:840} INFO - DAG(s) 'example_trigger_target_dag' retrieved from /home/abayturar/airflow-project/venv/lib/python3.12/site-packages/airflow/example_dags/example_trigger_target_dag.py
[2026-03-29T12:24:13.897+0500] {logging_mixin.py:188} INFO - [2026-03-29T12:24:13.897+0500] {dag.py:3089} INFO - Sync 1 DAGs
[2026-03-29T12:24:13.906+0500] {logging_mixin.py:188} INFO - [2026-03-29T12:24:13.906+0500] {dag.py:3947} INFO - Setting next_dagrun for example_trigger_target_dag to None, run_after=None
[2026-03-29T12:24:13.961+0500] {processor.py:183} INFO - Processing /home/abayturar/airflow-project/venv/lib/python3.12/site-packages/airflow/example_dags/example_trigger_target_dag.py took 0.096 seconds
[2026-03-29T12:25:08.024+0500] {processor.py:161} INFO - Started process (PID=3620) to work on /home/abayturar/airflow-project/venv/lib/python3.12/site-packages/airflow/example_dags/example_trigger_target_dag.py
[2026-03-29T12:25:08.025+0500] {processor.py:830} INFO - Processing file /home/abayturar/airflow-project/venv/lib/python3.12/site-packages/airflow/example_dags/example_trigger_target_dag.py for tasks to queue
[2026-03-29T12:25:08.026+0500] {logging_mixin.py:188} INFO - [2026-03-29T12:25:08.026+0500] {dagbag.py:545} INFO - Filling up the DagBag from /home/abayturar/airflow-project/venv/lib/python3.12/site-packages/airflow/example_dags/example_trigger_target_dag.py
[2026-03-29T12:25:08.034+0500] {processor.py:840} INFO - DAG(s) 'example_trigger_target_dag' retrieved from /home/abayturar/airflow-project/venv/lib/python3.12/site-packages/airflow/example_dags/example_trigger_target_dag.py
[2026-03-29T12:25:08.049+0500] {logging_mixin.py:188} INFO - [2026-03-29T12:25:08.049+0500] {dag.py:3089} INFO - Sync 1 DAGs
[2026-03-29T12:25:08.058+0500] {logging_mixin.py:188} INFO - [2026-03-29T12:25:08.058+0500] {dag.py:3947} INFO - Setting next_dagrun for example_trigger_target_dag to None, run_after=None
[2026-03-29T12:25:08.076+0500] {processor.py:183} INFO - Processing /home/abayturar/airflow-project/venv/lib/python3.12/site-packages/airflow/example_dags/example_trigger_target_dag.py took 0.058 seconds
[2026-03-29T12:25:59.920+0500] {processor.py:161} INFO - Started process (PID=3838) to work on /home/abayturar/airflow-project/venv/lib/python3.12/site-packages/airflow/example_dags/example_trigger_target_dag.py
[2026-03-29T12:25:59.921+0500] {processor.py:830} INFO - Processing file /home/abayturar/airflow-project/venv/lib/python3.12/site-packages/airflow/example_dags/example_trigger_target_dag.py for tasks to queue
[2026-03-29T12:25:59.923+0500] {logging_mixin.py:188} INFO - [2026-03-29T12:25:59.923+0500] {dagbag.py:545} INFO - Filling up the DagBag from /home/abayturar/airflow-project/venv/lib/python3.12/site-packages/airflow/example_dags/example_trigger_target_dag.py
[2026-03-29T12:25:59.930+0500] {processor.py:840} INFO - DAG(s) 'example_trigger_target_dag' retrieved from /home/abayturar/airflow-project/venv/lib/python3.12/site-packages/airflow/example_dags/example_trigger_target_dag.py
[2026-03-29T12:25:59.946+0500] {logging_mixin.py:188} INFO - [2026-03-29T12:25:59.946+0500] {dag.py:3089} INFO - Sync 1 DAGs
[2026-03-29T12:25:59.956+0500] {logging_mixin.py:188} INFO - [2026-03-29T12:25:59.956+0500] {dag.py:3947} INFO - Setting next_dagrun for example_trigger_target_dag to None, run_after=None
[2026-03-29T12:26:00.013+0500] {processor.py:183} INFO - Processing /home/abayturar/airflow-project/venv/lib/python3.12/site-packages/airflow/example_dags/example_trigger_target_dag.py took 0.099 seconds
[2026-03-29T12:26:48.195+0500] {processor.py:161} INFO - Started process (PID=4081) to work on /home/abayturar/airflow-project/venv/lib/python3.12/site-packages/airflow/example_dags/example_trigger_target_dag.py
[2026-03-29T12:26:48.196+0500] {processor.py:830} INFO - Processing file /home/abayturar/airflow-project/venv/lib/python3.12/site-packages/airflow/example_dags/example_trigger_target_dag.py for tasks to queue
[2026-03-29T12:26:48.198+0500] {logging_mixin.py:188} INFO - [2026-03-29T12:26:48.197+0500] {dagbag.py:545} INFO - Filling up the DagBag from /home/abayturar/airflow-project/venv/lib/python3.12/site-packages/airflow/example_dags/example_trigger_target_dag.py
[2026-03-29T12:26:48.205+0500] {processor.py:840} INFO - DAG(s) 'example_trigger_target_dag' retrieved from /home/abayturar/airflow-project/venv/lib/python3.12/site-packages/airflow/example_dags/example_trigger_target_dag.py
[2026-03-29T12:26:48.222+0500] {logging_mixin.py:188} INFO - [2026-03-29T12:26:48.221+0500] {dag.py:3089} INFO - Sync 1 DAGs
[2026-03-29T12:26:48.231+0500] {logging_mixin.py:188} INFO - [2026-03-29T12:26:48.231+0500] {dag.py:3947} INFO - Setting next_dagrun for example_trigger_target_dag to None, run_after=None
[2026-03-29T12:26:48.248+0500] {processor.py:183} INFO - Processing /home/abayturar/airflow-project/venv/lib/python3.12/site-packages/airflow/example_dags/example_trigger_target_dag.py took 0.059 seconds
