[2026-03-29T12:01:30.387+0500] {processor.py:161} INFO - Started process (PID=32255) to work on /home/abayturar/airflow-project/venv/lib/python3.12/site-packages/airflow/example_dags/example_python_decorator.py
[2026-03-29T12:01:30.388+0500] {processor.py:830} INFO - Processing file /home/abayturar/airflow-project/venv/lib/python3.12/site-packages/airflow/example_dags/example_python_decorator.py for tasks to queue
[2026-03-29T12:01:30.389+0500] {logging_mixin.py:188} INFO - [2026-03-29T12:01:30.389+0500] {dagbag.py:545} INFO - Filling up the DagBag from /home/abayturar/airflow-project/venv/lib/python3.12/site-packages/airflow/example_dags/example_python_decorator.py
[2026-03-29T12:01:30.398+0500] {logging_mixin.py:188} INFO - [2026-03-29T12:01:30.398+0500] {example_python_decorator.py:80} WARNING - The virtalenv_python example task requires virtualenv, please install it.
[2026-03-29T12:01:30.398+0500] {processor.py:840} INFO - DAG(s) 'example_python_decorator' retrieved from /home/abayturar/airflow-project/venv/lib/python3.12/site-packages/airflow/example_dags/example_python_decorator.py
[2026-03-29T12:01:30.415+0500] {logging_mixin.py:188} INFO - [2026-03-29T12:01:30.415+0500] {dag.py:3089} INFO - Sync 1 DAGs
[2026-03-29T12:01:30.423+0500] {logging_mixin.py:188} INFO - [2026-03-29T12:01:30.423+0500] {dag.py:3947} INFO - Setting next_dagrun for example_python_decorator to None, run_after=None
[2026-03-29T12:01:30.439+0500] {processor.py:183} INFO - Processing /home/abayturar/airflow-project/venv/lib/python3.12/site-packages/airflow/example_dags/example_python_decorator.py took 0.058 seconds
[2026-03-29T12:02:28.959+0500] {processor.py:161} INFO - Started process (PID=32558) to work on /home/abayturar/airflow-project/venv/lib/python3.12/site-packages/airflow/example_dags/example_python_decorator.py
[2026-03-29T12:02:28.959+0500] {processor.py:830} INFO - Processing file /home/abayturar/airflow-project/venv/lib/python3.12/site-packages/airflow/example_dags/example_python_decorator.py for tasks to queue
[2026-03-29T12:02:28.961+0500] {logging_mixin.py:188} INFO - [2026-03-29T12:02:28.961+0500] {dagbag.py:545} INFO - Filling up the DagBag from /home/abayturar/airflow-project/venv/lib/python3.12/site-packages/airflow/example_dags/example_python_decorator.py
[2026-03-29T12:02:28.970+0500] {logging_mixin.py:188} INFO - [2026-03-29T12:02:28.969+0500] {example_python_decorator.py:80} WARNING - The virtalenv_python example task requires virtualenv, please install it.
[2026-03-29T12:02:28.970+0500] {processor.py:840} INFO - DAG(s) 'example_python_decorator' retrieved from /home/abayturar/airflow-project/venv/lib/python3.12/site-packages/airflow/example_dags/example_python_decorator.py
[2026-03-29T12:02:28.985+0500] {logging_mixin.py:188} INFO - [2026-03-29T12:02:28.985+0500] {dag.py:3089} INFO - Sync 1 DAGs
[2026-03-29T12:02:28.994+0500] {logging_mixin.py:188} INFO - [2026-03-29T12:02:28.994+0500] {dag.py:3947} INFO - Setting next_dagrun for example_python_decorator to None, run_after=None
[2026-03-29T12:02:29.016+0500] {processor.py:183} INFO - Processing /home/abayturar/airflow-project/venv/lib/python3.12/site-packages/airflow/example_dags/example_python_decorator.py took 0.064 seconds
[2026-03-29T12:05:57.930+0500] {processor.py:161} INFO - Started process (PID=29) to work on /home/abayturar/airflow-project/venv/lib/python3.12/site-packages/airflow/example_dags/example_python_decorator.py
[2026-03-29T12:05:57.931+0500] {processor.py:830} INFO - Processing file /home/abayturar/airflow-project/venv/lib/python3.12/site-packages/airflow/example_dags/example_python_decorator.py for tasks to queue
[2026-03-29T12:05:57.933+0500] {logging_mixin.py:188} INFO - [2026-03-29T12:05:57.933+0500] {dagbag.py:545} INFO - Filling up the DagBag from /home/abayturar/airflow-project/venv/lib/python3.12/site-packages/airflow/example_dags/example_python_decorator.py
[2026-03-29T12:05:57.943+0500] {logging_mixin.py:188} INFO - [2026-03-29T12:05:57.943+0500] {example_python_decorator.py:80} WARNING - The virtalenv_python example task requires virtualenv, please install it.
[2026-03-29T12:05:57.944+0500] {processor.py:840} INFO - DAG(s) 'example_python_decorator' retrieved from /home/abayturar/airflow-project/venv/lib/python3.12/site-packages/airflow/example_dags/example_python_decorator.py
[2026-03-29T12:05:57.963+0500] {logging_mixin.py:188} INFO - [2026-03-29T12:05:57.963+0500] {dag.py:3089} INFO - Sync 1 DAGs
[2026-03-29T12:05:57.974+0500] {logging_mixin.py:188} INFO - [2026-03-29T12:05:57.974+0500] {dag.py:3947} INFO - Setting next_dagrun for example_python_decorator to None, run_after=None
[2026-03-29T12:05:57.990+0500] {processor.py:183} INFO - Processing /home/abayturar/airflow-project/venv/lib/python3.12/site-packages/airflow/example_dags/example_python_decorator.py took 0.067 seconds
[2026-03-29T12:06:52.076+0500] {processor.py:161} INFO - Started process (PID=250) to work on /home/abayturar/airflow-project/venv/lib/python3.12/site-packages/airflow/example_dags/example_python_decorator.py
[2026-03-29T12:06:52.077+0500] {processor.py:830} INFO - Processing file /home/abayturar/airflow-project/venv/lib/python3.12/site-packages/airflow/example_dags/example_python_decorator.py for tasks to queue
[2026-03-29T12:06:52.079+0500] {logging_mixin.py:188} INFO - [2026-03-29T12:06:52.078+0500] {dagbag.py:545} INFO - Filling up the DagBag from /home/abayturar/airflow-project/venv/lib/python3.12/site-packages/airflow/example_dags/example_python_decorator.py
[2026-03-29T12:06:52.087+0500] {logging_mixin.py:188} INFO - [2026-03-29T12:06:52.087+0500] {example_python_decorator.py:80} WARNING - The virtalenv_python example task requires virtualenv, please install it.
[2026-03-29T12:06:52.088+0500] {processor.py:840} INFO - DAG(s) 'example_python_decorator' retrieved from /home/abayturar/airflow-project/venv/lib/python3.12/site-packages/airflow/example_dags/example_python_decorator.py
[2026-03-29T12:06:52.103+0500] {logging_mixin.py:188} INFO - [2026-03-29T12:06:52.103+0500] {dag.py:3089} INFO - Sync 1 DAGs
[2026-03-29T12:06:52.112+0500] {logging_mixin.py:188} INFO - [2026-03-29T12:06:52.111+0500] {dag.py:3947} INFO - Setting next_dagrun for example_python_decorator to None, run_after=None
[2026-03-29T12:06:52.166+0500] {processor.py:183} INFO - Processing /home/abayturar/airflow-project/venv/lib/python3.12/site-packages/airflow/example_dags/example_python_decorator.py took 0.096 seconds
[2026-03-29T12:07:57.452+0500] {processor.py:161} INFO - Started process (PID=512) to work on /home/abayturar/airflow-project/venv/lib/python3.12/site-packages/airflow/example_dags/example_python_decorator.py
[2026-03-29T12:07:57.453+0500] {processor.py:830} INFO - Processing file /home/abayturar/airflow-project/venv/lib/python3.12/site-packages/airflow/example_dags/example_python_decorator.py for tasks to queue
[2026-03-29T12:07:57.455+0500] {logging_mixin.py:188} INFO - [2026-03-29T12:07:57.454+0500] {dagbag.py:545} INFO - Filling up the DagBag from /home/abayturar/airflow-project/venv/lib/python3.12/site-packages/airflow/example_dags/example_python_decorator.py
[2026-03-29T12:07:57.463+0500] {logging_mixin.py:188} INFO - [2026-03-29T12:07:57.463+0500] {example_python_decorator.py:80} WARNING - The virtalenv_python example task requires virtualenv, please install it.
[2026-03-29T12:07:57.463+0500] {processor.py:840} INFO - DAG(s) 'example_python_decorator' retrieved from /home/abayturar/airflow-project/venv/lib/python3.12/site-packages/airflow/example_dags/example_python_decorator.py
[2026-03-29T12:07:57.479+0500] {logging_mixin.py:188} INFO - [2026-03-29T12:07:57.479+0500] {dag.py:3089} INFO - Sync 1 DAGs
[2026-03-29T12:07:57.488+0500] {logging_mixin.py:188} INFO - [2026-03-29T12:07:57.488+0500] {dag.py:3947} INFO - Setting next_dagrun for example_python_decorator to None, run_after=None
[2026-03-29T12:07:57.544+0500] {processor.py:183} INFO - Processing /home/abayturar/airflow-project/venv/lib/python3.12/site-packages/airflow/example_dags/example_python_decorator.py took 0.098 seconds
[2026-03-29T12:08:48.393+0500] {processor.py:161} INFO - Started process (PID=728) to work on /home/abayturar/airflow-project/venv/lib/python3.12/site-packages/airflow/example_dags/example_python_decorator.py
[2026-03-29T12:08:48.394+0500] {processor.py:830} INFO - Processing file /home/abayturar/airflow-project/venv/lib/python3.12/site-packages/airflow/example_dags/example_python_decorator.py for tasks to queue
[2026-03-29T12:08:48.396+0500] {logging_mixin.py:188} INFO - [2026-03-29T12:08:48.395+0500] {dagbag.py:545} INFO - Filling up the DagBag from /home/abayturar/airflow-project/venv/lib/python3.12/site-packages/airflow/example_dags/example_python_decorator.py
[2026-03-29T12:08:48.404+0500] {logging_mixin.py:188} INFO - [2026-03-29T12:08:48.404+0500] {example_python_decorator.py:80} WARNING - The virtalenv_python example task requires virtualenv, please install it.
[2026-03-29T12:08:48.404+0500] {processor.py:840} INFO - DAG(s) 'example_python_decorator' retrieved from /home/abayturar/airflow-project/venv/lib/python3.12/site-packages/airflow/example_dags/example_python_decorator.py
[2026-03-29T12:08:48.421+0500] {logging_mixin.py:188} INFO - [2026-03-29T12:08:48.421+0500] {dag.py:3089} INFO - Sync 1 DAGs
[2026-03-29T12:08:48.430+0500] {logging_mixin.py:188} INFO - [2026-03-29T12:08:48.430+0500] {dag.py:3947} INFO - Setting next_dagrun for example_python_decorator to None, run_after=None
[2026-03-29T12:08:48.445+0500] {processor.py:183} INFO - Processing /home/abayturar/airflow-project/venv/lib/python3.12/site-packages/airflow/example_dags/example_python_decorator.py took 0.058 seconds
[2026-03-29T12:09:40.195+0500] {processor.py:161} INFO - Started process (PID=914) to work on /home/abayturar/airflow-project/venv/lib/python3.12/site-packages/airflow/example_dags/example_python_decorator.py
[2026-03-29T12:09:40.196+0500] {processor.py:830} INFO - Processing file /home/abayturar/airflow-project/venv/lib/python3.12/site-packages/airflow/example_dags/example_python_decorator.py for tasks to queue
[2026-03-29T12:09:40.198+0500] {logging_mixin.py:188} INFO - [2026-03-29T12:09:40.197+0500] {dagbag.py:545} INFO - Filling up the DagBag from /home/abayturar/airflow-project/venv/lib/python3.12/site-packages/airflow/example_dags/example_python_decorator.py
[2026-03-29T12:09:40.206+0500] {logging_mixin.py:188} INFO - [2026-03-29T12:09:40.205+0500] {example_python_decorator.py:80} WARNING - The virtalenv_python example task requires virtualenv, please install it.
[2026-03-29T12:09:40.206+0500] {processor.py:840} INFO - DAG(s) 'example_python_decorator' retrieved from /home/abayturar/airflow-project/venv/lib/python3.12/site-packages/airflow/example_dags/example_python_decorator.py
[2026-03-29T12:09:40.221+0500] {logging_mixin.py:188} INFO - [2026-03-29T12:09:40.221+0500] {dag.py:3089} INFO - Sync 1 DAGs
[2026-03-29T12:09:40.230+0500] {logging_mixin.py:188} INFO - [2026-03-29T12:09:40.229+0500] {dag.py:3947} INFO - Setting next_dagrun for example_python_decorator to None, run_after=None
[2026-03-29T12:09:40.244+0500] {processor.py:183} INFO - Processing /home/abayturar/airflow-project/venv/lib/python3.12/site-packages/airflow/example_dags/example_python_decorator.py took 0.054 seconds
[2026-03-29T12:10:29.657+0500] {processor.py:161} INFO - Started process (PID=1046) to work on /home/abayturar/airflow-project/venv/lib/python3.12/site-packages/airflow/example_dags/example_python_decorator.py
[2026-03-29T12:10:29.657+0500] {processor.py:830} INFO - Processing file /home/abayturar/airflow-project/venv/lib/python3.12/site-packages/airflow/example_dags/example_python_decorator.py for tasks to queue
[2026-03-29T12:10:29.659+0500] {logging_mixin.py:188} INFO - [2026-03-29T12:10:29.659+0500] {dagbag.py:545} INFO - Filling up the DagBag from /home/abayturar/airflow-project/venv/lib/python3.12/site-packages/airflow/example_dags/example_python_decorator.py
[2026-03-29T12:10:29.667+0500] {logging_mixin.py:188} INFO - [2026-03-29T12:10:29.667+0500] {example_python_decorator.py:80} WARNING - The virtalenv_python example task requires virtualenv, please install it.
[2026-03-29T12:10:29.668+0500] {processor.py:840} INFO - DAG(s) 'example_python_decorator' retrieved from /home/abayturar/airflow-project/venv/lib/python3.12/site-packages/airflow/example_dags/example_python_decorator.py
[2026-03-29T12:10:29.683+0500] {logging_mixin.py:188} INFO - [2026-03-29T12:10:29.683+0500] {dag.py:3089} INFO - Sync 1 DAGs
[2026-03-29T12:10:29.692+0500] {logging_mixin.py:188} INFO - [2026-03-29T12:10:29.692+0500] {dag.py:3947} INFO - Setting next_dagrun for example_python_decorator to None, run_after=None
[2026-03-29T12:10:29.745+0500] {processor.py:183} INFO - Processing /home/abayturar/airflow-project/venv/lib/python3.12/site-packages/airflow/example_dags/example_python_decorator.py took 0.094 seconds
[2026-03-29T12:11:17.129+0500] {processor.py:161} INFO - Started process (PID=1174) to work on /home/abayturar/airflow-project/venv/lib/python3.12/site-packages/airflow/example_dags/example_python_decorator.py
[2026-03-29T12:11:17.130+0500] {processor.py:830} INFO - Processing file /home/abayturar/airflow-project/venv/lib/python3.12/site-packages/airflow/example_dags/example_python_decorator.py for tasks to queue
[2026-03-29T12:11:17.131+0500] {logging_mixin.py:188} INFO - [2026-03-29T12:11:17.131+0500] {dagbag.py:545} INFO - Filling up the DagBag from /home/abayturar/airflow-project/venv/lib/python3.12/site-packages/airflow/example_dags/example_python_decorator.py
[2026-03-29T12:11:17.140+0500] {logging_mixin.py:188} INFO - [2026-03-29T12:11:17.140+0500] {example_python_decorator.py:80} WARNING - The virtalenv_python example task requires virtualenv, please install it.
[2026-03-29T12:11:17.140+0500] {processor.py:840} INFO - DAG(s) 'example_python_decorator' retrieved from /home/abayturar/airflow-project/venv/lib/python3.12/site-packages/airflow/example_dags/example_python_decorator.py
[2026-03-29T12:11:17.156+0500] {logging_mixin.py:188} INFO - [2026-03-29T12:11:17.156+0500] {dag.py:3089} INFO - Sync 1 DAGs
[2026-03-29T12:11:17.165+0500] {logging_mixin.py:188} INFO - [2026-03-29T12:11:17.165+0500] {dag.py:3947} INFO - Setting next_dagrun for example_python_decorator to None, run_after=None
[2026-03-29T12:11:17.219+0500] {processor.py:183} INFO - Processing /home/abayturar/airflow-project/venv/lib/python3.12/site-packages/airflow/example_dags/example_python_decorator.py took 0.096 seconds
[2026-03-29T12:12:07.822+0500] {processor.py:161} INFO - Started process (PID=1306) to work on /home/abayturar/airflow-project/venv/lib/python3.12/site-packages/airflow/example_dags/example_python_decorator.py
[2026-03-29T12:12:07.823+0500] {processor.py:830} INFO - Processing file /home/abayturar/airflow-project/venv/lib/python3.12/site-packages/airflow/example_dags/example_python_decorator.py for tasks to queue
[2026-03-29T12:12:07.824+0500] {logging_mixin.py:188} INFO - [2026-03-29T12:12:07.824+0500] {dagbag.py:545} INFO - Filling up the DagBag from /home/abayturar/airflow-project/venv/lib/python3.12/site-packages/airflow/example_dags/example_python_decorator.py
[2026-03-29T12:12:07.833+0500] {logging_mixin.py:188} INFO - [2026-03-29T12:12:07.833+0500] {example_python_decorator.py:80} WARNING - The virtalenv_python example task requires virtualenv, please install it.
[2026-03-29T12:12:07.833+0500] {processor.py:840} INFO - DAG(s) 'example_python_decorator' retrieved from /home/abayturar/airflow-project/venv/lib/python3.12/site-packages/airflow/example_dags/example_python_decorator.py
[2026-03-29T12:12:07.849+0500] {logging_mixin.py:188} INFO - [2026-03-29T12:12:07.849+0500] {dag.py:3089} INFO - Sync 1 DAGs
[2026-03-29T12:12:07.858+0500] {logging_mixin.py:188} INFO - [2026-03-29T12:12:07.858+0500] {dag.py:3947} INFO - Setting next_dagrun for example_python_decorator to None, run_after=None
[2026-03-29T12:12:07.914+0500] {processor.py:183} INFO - Processing /home/abayturar/airflow-project/venv/lib/python3.12/site-packages/airflow/example_dags/example_python_decorator.py took 0.098 seconds
[2026-03-29T12:13:00.151+0500] {processor.py:161} INFO - Started process (PID=1444) to work on /home/abayturar/airflow-project/venv/lib/python3.12/site-packages/airflow/example_dags/example_python_decorator.py
[2026-03-29T12:13:00.152+0500] {processor.py:830} INFO - Processing file /home/abayturar/airflow-project/venv/lib/python3.12/site-packages/airflow/example_dags/example_python_decorator.py for tasks to queue
[2026-03-29T12:13:00.155+0500] {logging_mixin.py:188} INFO - [2026-03-29T12:13:00.154+0500] {dagbag.py:545} INFO - Filling up the DagBag from /home/abayturar/airflow-project/venv/lib/python3.12/site-packages/airflow/example_dags/example_python_decorator.py
[2026-03-29T12:13:00.163+0500] {logging_mixin.py:188} INFO - [2026-03-29T12:13:00.163+0500] {example_python_decorator.py:80} WARNING - The virtalenv_python example task requires virtualenv, please install it.
[2026-03-29T12:13:00.164+0500] {processor.py:840} INFO - DAG(s) 'example_python_decorator' retrieved from /home/abayturar/airflow-project/venv/lib/python3.12/site-packages/airflow/example_dags/example_python_decorator.py
[2026-03-29T12:13:00.179+0500] {logging_mixin.py:188} INFO - [2026-03-29T12:13:00.179+0500] {dag.py:3089} INFO - Sync 1 DAGs
[2026-03-29T12:13:00.187+0500] {logging_mixin.py:188} INFO - [2026-03-29T12:13:00.187+0500] {dag.py:3947} INFO - Setting next_dagrun for example_python_decorator to None, run_after=None
[2026-03-29T12:13:00.241+0500] {processor.py:183} INFO - Processing /home/abayturar/airflow-project/venv/lib/python3.12/site-packages/airflow/example_dags/example_python_decorator.py took 0.096 seconds
[2026-03-29T12:13:48.334+0500] {processor.py:161} INFO - Started process (PID=1571) to work on /home/abayturar/airflow-project/venv/lib/python3.12/site-packages/airflow/example_dags/example_python_decorator.py
[2026-03-29T12:13:48.334+0500] {processor.py:830} INFO - Processing file /home/abayturar/airflow-project/venv/lib/python3.12/site-packages/airflow/example_dags/example_python_decorator.py for tasks to queue
[2026-03-29T12:13:48.336+0500] {logging_mixin.py:188} INFO - [2026-03-29T12:13:48.336+0500] {dagbag.py:545} INFO - Filling up the DagBag from /home/abayturar/airflow-project/venv/lib/python3.12/site-packages/airflow/example_dags/example_python_decorator.py
[2026-03-29T12:13:48.344+0500] {logging_mixin.py:188} INFO - [2026-03-29T12:13:48.344+0500] {example_python_decorator.py:80} WARNING - The virtalenv_python example task requires virtualenv, please install it.
[2026-03-29T12:13:48.345+0500] {processor.py:840} INFO - DAG(s) 'example_python_decorator' retrieved from /home/abayturar/airflow-project/venv/lib/python3.12/site-packages/airflow/example_dags/example_python_decorator.py
[2026-03-29T12:13:48.359+0500] {logging_mixin.py:188} INFO - [2026-03-29T12:13:48.359+0500] {dag.py:3089} INFO - Sync 1 DAGs
[2026-03-29T12:13:48.367+0500] {logging_mixin.py:188} INFO - [2026-03-29T12:13:48.367+0500] {dag.py:3947} INFO - Setting next_dagrun for example_python_decorator to None, run_after=None
[2026-03-29T12:13:48.383+0500] {processor.py:183} INFO - Processing /home/abayturar/airflow-project/venv/lib/python3.12/site-packages/airflow/example_dags/example_python_decorator.py took 0.056 seconds
[2026-03-29T12:14:41.125+0500] {processor.py:161} INFO - Started process (PID=1708) to work on /home/abayturar/airflow-project/venv/lib/python3.12/site-packages/airflow/example_dags/example_python_decorator.py
[2026-03-29T12:14:41.126+0500] {processor.py:830} INFO - Processing file /home/abayturar/airflow-project/venv/lib/python3.12/site-packages/airflow/example_dags/example_python_decorator.py for tasks to queue
[2026-03-29T12:14:41.127+0500] {logging_mixin.py:188} INFO - [2026-03-29T12:14:41.127+0500] {dagbag.py:545} INFO - Filling up the DagBag from /home/abayturar/airflow-project/venv/lib/python3.12/site-packages/airflow/example_dags/example_python_decorator.py
[2026-03-29T12:14:41.135+0500] {logging_mixin.py:188} INFO - [2026-03-29T12:14:41.135+0500] {example_python_decorator.py:80} WARNING - The virtalenv_python example task requires virtualenv, please install it.
[2026-03-29T12:14:41.136+0500] {processor.py:840} INFO - DAG(s) 'example_python_decorator' retrieved from /home/abayturar/airflow-project/venv/lib/python3.12/site-packages/airflow/example_dags/example_python_decorator.py
[2026-03-29T12:14:41.152+0500] {logging_mixin.py:188} INFO - [2026-03-29T12:14:41.152+0500] {dag.py:3089} INFO - Sync 1 DAGs
[2026-03-29T12:14:41.250+0500] {logging_mixin.py:188} INFO - [2026-03-29T12:14:41.250+0500] {dag.py:3947} INFO - Setting next_dagrun for example_python_decorator to None, run_after=None
[2026-03-29T12:14:41.263+0500] {processor.py:183} INFO - Processing /home/abayturar/airflow-project/venv/lib/python3.12/site-packages/airflow/example_dags/example_python_decorator.py took 0.144 seconds
[2026-03-29T12:15:34.632+0500] {processor.py:161} INFO - Started process (PID=1848) to work on /home/abayturar/airflow-project/venv/lib/python3.12/site-packages/airflow/example_dags/example_python_decorator.py
[2026-03-29T12:15:34.633+0500] {processor.py:830} INFO - Processing file /home/abayturar/airflow-project/venv/lib/python3.12/site-packages/airflow/example_dags/example_python_decorator.py for tasks to queue
[2026-03-29T12:15:34.635+0500] {logging_mixin.py:188} INFO - [2026-03-29T12:15:34.634+0500] {dagbag.py:545} INFO - Filling up the DagBag from /home/abayturar/airflow-project/venv/lib/python3.12/site-packages/airflow/example_dags/example_python_decorator.py
[2026-03-29T12:15:34.643+0500] {logging_mixin.py:188} INFO - [2026-03-29T12:15:34.643+0500] {example_python_decorator.py:80} WARNING - The virtalenv_python example task requires virtualenv, please install it.
[2026-03-29T12:15:34.643+0500] {processor.py:840} INFO - DAG(s) 'example_python_decorator' retrieved from /home/abayturar/airflow-project/venv/lib/python3.12/site-packages/airflow/example_dags/example_python_decorator.py
[2026-03-29T12:15:34.658+0500] {logging_mixin.py:188} INFO - [2026-03-29T12:15:34.658+0500] {dag.py:3089} INFO - Sync 1 DAGs
[2026-03-29T12:15:34.667+0500] {logging_mixin.py:188} INFO - [2026-03-29T12:15:34.666+0500] {dag.py:3947} INFO - Setting next_dagrun for example_python_decorator to None, run_after=None
[2026-03-29T12:15:34.682+0500] {processor.py:183} INFO - Processing /home/abayturar/airflow-project/venv/lib/python3.12/site-packages/airflow/example_dags/example_python_decorator.py took 0.056 seconds
[2026-03-29T12:16:28.719+0500] {processor.py:161} INFO - Started process (PID=1988) to work on /home/abayturar/airflow-project/venv/lib/python3.12/site-packages/airflow/example_dags/example_python_decorator.py
[2026-03-29T12:16:28.720+0500] {processor.py:830} INFO - Processing file /home/abayturar/airflow-project/venv/lib/python3.12/site-packages/airflow/example_dags/example_python_decorator.py for tasks to queue
[2026-03-29T12:16:28.722+0500] {logging_mixin.py:188} INFO - [2026-03-29T12:16:28.721+0500] {dagbag.py:545} INFO - Filling up the DagBag from /home/abayturar/airflow-project/venv/lib/python3.12/site-packages/airflow/example_dags/example_python_decorator.py
[2026-03-29T12:16:28.730+0500] {logging_mixin.py:188} INFO - [2026-03-29T12:16:28.730+0500] {example_python_decorator.py:80} WARNING - The virtalenv_python example task requires virtualenv, please install it.
[2026-03-29T12:16:28.730+0500] {processor.py:840} INFO - DAG(s) 'example_python_decorator' retrieved from /home/abayturar/airflow-project/venv/lib/python3.12/site-packages/airflow/example_dags/example_python_decorator.py
[2026-03-29T12:16:28.746+0500] {logging_mixin.py:188} INFO - [2026-03-29T12:16:28.746+0500] {dag.py:3089} INFO - Sync 1 DAGs
[2026-03-29T12:16:28.754+0500] {logging_mixin.py:188} INFO - [2026-03-29T12:16:28.754+0500] {dag.py:3947} INFO - Setting next_dagrun for example_python_decorator to None, run_after=None
[2026-03-29T12:16:28.809+0500] {processor.py:183} INFO - Processing /home/abayturar/airflow-project/venv/lib/python3.12/site-packages/airflow/example_dags/example_python_decorator.py took 0.096 seconds
[2026-03-29T12:17:21.176+0500] {processor.py:161} INFO - Started process (PID=2125) to work on /home/abayturar/airflow-project/venv/lib/python3.12/site-packages/airflow/example_dags/example_python_decorator.py
[2026-03-29T12:17:21.177+0500] {processor.py:830} INFO - Processing file /home/abayturar/airflow-project/venv/lib/python3.12/site-packages/airflow/example_dags/example_python_decorator.py for tasks to queue
[2026-03-29T12:17:21.179+0500] {logging_mixin.py:188} INFO - [2026-03-29T12:17:21.178+0500] {dagbag.py:545} INFO - Filling up the DagBag from /home/abayturar/airflow-project/venv/lib/python3.12/site-packages/airflow/example_dags/example_python_decorator.py
[2026-03-29T12:17:21.187+0500] {logging_mixin.py:188} INFO - [2026-03-29T12:17:21.186+0500] {example_python_decorator.py:80} WARNING - The virtalenv_python example task requires virtualenv, please install it.
[2026-03-29T12:17:21.187+0500] {processor.py:840} INFO - DAG(s) 'example_python_decorator' retrieved from /home/abayturar/airflow-project/venv/lib/python3.12/site-packages/airflow/example_dags/example_python_decorator.py
[2026-03-29T12:17:21.203+0500] {logging_mixin.py:188} INFO - [2026-03-29T12:17:21.203+0500] {dag.py:3089} INFO - Sync 1 DAGs
[2026-03-29T12:17:21.212+0500] {logging_mixin.py:188} INFO - [2026-03-29T12:17:21.212+0500] {dag.py:3947} INFO - Setting next_dagrun for example_python_decorator to None, run_after=None
[2026-03-29T12:17:21.267+0500] {processor.py:183} INFO - Processing /home/abayturar/airflow-project/venv/lib/python3.12/site-packages/airflow/example_dags/example_python_decorator.py took 0.097 seconds
[2026-03-29T12:18:14.749+0500] {processor.py:161} INFO - Started process (PID=2265) to work on /home/abayturar/airflow-project/venv/lib/python3.12/site-packages/airflow/example_dags/example_python_decorator.py
[2026-03-29T12:18:14.750+0500] {processor.py:830} INFO - Processing file /home/abayturar/airflow-project/venv/lib/python3.12/site-packages/airflow/example_dags/example_python_decorator.py for tasks to queue
[2026-03-29T12:18:14.752+0500] {logging_mixin.py:188} INFO - [2026-03-29T12:18:14.751+0500] {dagbag.py:545} INFO - Filling up the DagBag from /home/abayturar/airflow-project/venv/lib/python3.12/site-packages/airflow/example_dags/example_python_decorator.py
[2026-03-29T12:18:14.760+0500] {logging_mixin.py:188} INFO - [2026-03-29T12:18:14.760+0500] {example_python_decorator.py:80} WARNING - The virtalenv_python example task requires virtualenv, please install it.
[2026-03-29T12:18:14.760+0500] {processor.py:840} INFO - DAG(s) 'example_python_decorator' retrieved from /home/abayturar/airflow-project/venv/lib/python3.12/site-packages/airflow/example_dags/example_python_decorator.py
[2026-03-29T12:18:14.776+0500] {logging_mixin.py:188} INFO - [2026-03-29T12:18:14.776+0500] {dag.py:3089} INFO - Sync 1 DAGs
[2026-03-29T12:18:14.785+0500] {logging_mixin.py:188} INFO - [2026-03-29T12:18:14.785+0500] {dag.py:3947} INFO - Setting next_dagrun for example_python_decorator to None, run_after=None
[2026-03-29T12:18:14.840+0500] {processor.py:183} INFO - Processing /home/abayturar/airflow-project/venv/lib/python3.12/site-packages/airflow/example_dags/example_python_decorator.py took 0.097 seconds
[2026-03-29T12:19:05.184+0500] {processor.py:161} INFO - Started process (PID=2395) to work on /home/abayturar/airflow-project/venv/lib/python3.12/site-packages/airflow/example_dags/example_python_decorator.py
[2026-03-29T12:19:05.185+0500] {processor.py:830} INFO - Processing file /home/abayturar/airflow-project/venv/lib/python3.12/site-packages/airflow/example_dags/example_python_decorator.py for tasks to queue
[2026-03-29T12:19:05.187+0500] {logging_mixin.py:188} INFO - [2026-03-29T12:19:05.187+0500] {dagbag.py:545} INFO - Filling up the DagBag from /home/abayturar/airflow-project/venv/lib/python3.12/site-packages/airflow/example_dags/example_python_decorator.py
[2026-03-29T12:19:05.197+0500] {logging_mixin.py:188} INFO - [2026-03-29T12:19:05.197+0500] {example_python_decorator.py:80} WARNING - The virtalenv_python example task requires virtualenv, please install it.
[2026-03-29T12:19:05.197+0500] {processor.py:840} INFO - DAG(s) 'example_python_decorator' retrieved from /home/abayturar/airflow-project/venv/lib/python3.12/site-packages/airflow/example_dags/example_python_decorator.py
[2026-03-29T12:19:05.218+0500] {logging_mixin.py:188} INFO - [2026-03-29T12:19:05.218+0500] {dag.py:3089} INFO - Sync 1 DAGs
[2026-03-29T12:19:05.231+0500] {logging_mixin.py:188} INFO - [2026-03-29T12:19:05.230+0500] {dag.py:3947} INFO - Setting next_dagrun for example_python_decorator to None, run_after=None
[2026-03-29T12:19:05.293+0500] {processor.py:183} INFO - Processing /home/abayturar/airflow-project/venv/lib/python3.12/site-packages/airflow/example_dags/example_python_decorator.py took 0.116 seconds
[2026-03-29T12:19:54.807+0500] {processor.py:161} INFO - Started process (PID=2526) to work on /home/abayturar/airflow-project/venv/lib/python3.12/site-packages/airflow/example_dags/example_python_decorator.py
[2026-03-29T12:19:54.808+0500] {processor.py:830} INFO - Processing file /home/abayturar/airflow-project/venv/lib/python3.12/site-packages/airflow/example_dags/example_python_decorator.py for tasks to queue
[2026-03-29T12:19:54.810+0500] {logging_mixin.py:188} INFO - [2026-03-29T12:19:54.809+0500] {dagbag.py:545} INFO - Filling up the DagBag from /home/abayturar/airflow-project/venv/lib/python3.12/site-packages/airflow/example_dags/example_python_decorator.py
[2026-03-29T12:19:54.818+0500] {logging_mixin.py:188} INFO - [2026-03-29T12:19:54.818+0500] {example_python_decorator.py:80} WARNING - The virtalenv_python example task requires virtualenv, please install it.
[2026-03-29T12:19:54.819+0500] {processor.py:840} INFO - DAG(s) 'example_python_decorator' retrieved from /home/abayturar/airflow-project/venv/lib/python3.12/site-packages/airflow/example_dags/example_python_decorator.py
[2026-03-29T12:19:54.834+0500] {logging_mixin.py:188} INFO - [2026-03-29T12:19:54.834+0500] {dag.py:3089} INFO - Sync 1 DAGs
[2026-03-29T12:19:54.843+0500] {logging_mixin.py:188} INFO - [2026-03-29T12:19:54.843+0500] {dag.py:3947} INFO - Setting next_dagrun for example_python_decorator to None, run_after=None
[2026-03-29T12:19:54.898+0500] {processor.py:183} INFO - Processing /home/abayturar/airflow-project/venv/lib/python3.12/site-packages/airflow/example_dags/example_python_decorator.py took 0.097 seconds
[2026-03-29T12:20:49.588+0500] {processor.py:161} INFO - Started process (PID=2668) to work on /home/abayturar/airflow-project/venv/lib/python3.12/site-packages/airflow/example_dags/example_python_decorator.py
[2026-03-29T12:20:49.589+0500] {processor.py:830} INFO - Processing file /home/abayturar/airflow-project/venv/lib/python3.12/site-packages/airflow/example_dags/example_python_decorator.py for tasks to queue
[2026-03-29T12:20:49.590+0500] {logging_mixin.py:188} INFO - [2026-03-29T12:20:49.590+0500] {dagbag.py:545} INFO - Filling up the DagBag from /home/abayturar/airflow-project/venv/lib/python3.12/site-packages/airflow/example_dags/example_python_decorator.py
[2026-03-29T12:20:49.599+0500] {logging_mixin.py:188} INFO - [2026-03-29T12:20:49.599+0500] {example_python_decorator.py:80} WARNING - The virtalenv_python example task requires virtualenv, please install it.
[2026-03-29T12:20:49.599+0500] {processor.py:840} INFO - DAG(s) 'example_python_decorator' retrieved from /home/abayturar/airflow-project/venv/lib/python3.12/site-packages/airflow/example_dags/example_python_decorator.py
[2026-03-29T12:20:49.615+0500] {logging_mixin.py:188} INFO - [2026-03-29T12:20:49.615+0500] {dag.py:3089} INFO - Sync 1 DAGs
[2026-03-29T12:20:49.624+0500] {logging_mixin.py:188} INFO - [2026-03-29T12:20:49.624+0500] {dag.py:3947} INFO - Setting next_dagrun for example_python_decorator to None, run_after=None
[2026-03-29T12:20:49.639+0500] {processor.py:183} INFO - Processing /home/abayturar/airflow-project/venv/lib/python3.12/site-packages/airflow/example_dags/example_python_decorator.py took 0.058 seconds
[2026-03-29T12:21:42.027+0500] {processor.py:161} INFO - Started process (PID=2807) to work on /home/abayturar/airflow-project/venv/lib/python3.12/site-packages/airflow/example_dags/example_python_decorator.py
[2026-03-29T12:21:42.028+0500] {processor.py:830} INFO - Processing file /home/abayturar/airflow-project/venv/lib/python3.12/site-packages/airflow/example_dags/example_python_decorator.py for tasks to queue
[2026-03-29T12:21:42.030+0500] {logging_mixin.py:188} INFO - [2026-03-29T12:21:42.029+0500] {dagbag.py:545} INFO - Filling up the DagBag from /home/abayturar/airflow-project/venv/lib/python3.12/site-packages/airflow/example_dags/example_python_decorator.py
[2026-03-29T12:21:42.039+0500] {logging_mixin.py:188} INFO - [2026-03-29T12:21:42.038+0500] {example_python_decorator.py:80} WARNING - The virtalenv_python example task requires virtualenv, please install it.
[2026-03-29T12:21:42.039+0500] {processor.py:840} INFO - DAG(s) 'example_python_decorator' retrieved from /home/abayturar/airflow-project/venv/lib/python3.12/site-packages/airflow/example_dags/example_python_decorator.py
[2026-03-29T12:21:42.055+0500] {logging_mixin.py:188} INFO - [2026-03-29T12:21:42.055+0500] {dag.py:3089} INFO - Sync 1 DAGs
[2026-03-29T12:21:42.064+0500] {logging_mixin.py:188} INFO - [2026-03-29T12:21:42.064+0500] {dag.py:3947} INFO - Setting next_dagrun for example_python_decorator to None, run_after=None
[2026-03-29T12:21:42.121+0500] {processor.py:183} INFO - Processing /home/abayturar/airflow-project/venv/lib/python3.12/site-packages/airflow/example_dags/example_python_decorator.py took 0.100 seconds
[2026-03-29T12:22:32.673+0500] {processor.py:161} INFO - Started process (PID=3061) to work on /home/abayturar/airflow-project/venv/lib/python3.12/site-packages/airflow/example_dags/example_python_decorator.py
[2026-03-29T12:22:32.674+0500] {processor.py:830} INFO - Processing file /home/abayturar/airflow-project/venv/lib/python3.12/site-packages/airflow/example_dags/example_python_decorator.py for tasks to queue
[2026-03-29T12:22:32.677+0500] {logging_mixin.py:188} INFO - [2026-03-29T12:22:32.676+0500] {dagbag.py:545} INFO - Filling up the DagBag from /home/abayturar/airflow-project/venv/lib/python3.12/site-packages/airflow/example_dags/example_python_decorator.py
[2026-03-29T12:22:32.692+0500] {logging_mixin.py:188} INFO - [2026-03-29T12:22:32.692+0500] {example_python_decorator.py:80} WARNING - The virtalenv_python example task requires virtualenv, please install it.
[2026-03-29T12:22:32.693+0500] {processor.py:840} INFO - DAG(s) 'example_python_decorator' retrieved from /home/abayturar/airflow-project/venv/lib/python3.12/site-packages/airflow/example_dags/example_python_decorator.py
[2026-03-29T12:22:32.719+0500] {logging_mixin.py:188} INFO - [2026-03-29T12:22:32.718+0500] {dag.py:3089} INFO - Sync 1 DAGs
[2026-03-29T12:22:32.750+0500] {logging_mixin.py:188} INFO - [2026-03-29T12:22:32.750+0500] {dag.py:3947} INFO - Setting next_dagrun for example_python_decorator to None, run_after=None
[2026-03-29T12:22:32.808+0500] {processor.py:183} INFO - Processing /home/abayturar/airflow-project/venv/lib/python3.12/site-packages/airflow/example_dags/example_python_decorator.py took 0.145 seconds
[2026-03-29T12:23:25.386+0500] {processor.py:161} INFO - Started process (PID=3265) to work on /home/abayturar/airflow-project/venv/lib/python3.12/site-packages/airflow/example_dags/example_python_decorator.py
[2026-03-29T12:23:25.387+0500] {processor.py:830} INFO - Processing file /home/abayturar/airflow-project/venv/lib/python3.12/site-packages/airflow/example_dags/example_python_decorator.py for tasks to queue
[2026-03-29T12:23:25.389+0500] {logging_mixin.py:188} INFO - [2026-03-29T12:23:25.388+0500] {dagbag.py:545} INFO - Filling up the DagBag from /home/abayturar/airflow-project/venv/lib/python3.12/site-packages/airflow/example_dags/example_python_decorator.py
[2026-03-29T12:23:25.397+0500] {logging_mixin.py:188} INFO - [2026-03-29T12:23:25.397+0500] {example_python_decorator.py:80} WARNING - The virtalenv_python example task requires virtualenv, please install it.
[2026-03-29T12:23:25.397+0500] {processor.py:840} INFO - DAG(s) 'example_python_decorator' retrieved from /home/abayturar/airflow-project/venv/lib/python3.12/site-packages/airflow/example_dags/example_python_decorator.py
[2026-03-29T12:23:25.412+0500] {logging_mixin.py:188} INFO - [2026-03-29T12:23:25.412+0500] {dag.py:3089} INFO - Sync 1 DAGs
[2026-03-29T12:23:25.421+0500] {logging_mixin.py:188} INFO - [2026-03-29T12:23:25.421+0500] {dag.py:3947} INFO - Setting next_dagrun for example_python_decorator to None, run_after=None
[2026-03-29T12:23:25.475+0500] {processor.py:183} INFO - Processing /home/abayturar/airflow-project/venv/lib/python3.12/site-packages/airflow/example_dags/example_python_decorator.py took 0.095 seconds
[2026-03-29T12:24:17.868+0500] {processor.py:161} INFO - Started process (PID=3487) to work on /home/abayturar/airflow-project/venv/lib/python3.12/site-packages/airflow/example_dags/example_python_decorator.py
[2026-03-29T12:24:17.869+0500] {processor.py:830} INFO - Processing file /home/abayturar/airflow-project/venv/lib/python3.12/site-packages/airflow/example_dags/example_python_decorator.py for tasks to queue
[2026-03-29T12:24:17.870+0500] {logging_mixin.py:188} INFO - [2026-03-29T12:24:17.870+0500] {dagbag.py:545} INFO - Filling up the DagBag from /home/abayturar/airflow-project/venv/lib/python3.12/site-packages/airflow/example_dags/example_python_decorator.py
[2026-03-29T12:24:17.879+0500] {logging_mixin.py:188} INFO - [2026-03-29T12:24:17.879+0500] {example_python_decorator.py:80} WARNING - The virtalenv_python example task requires virtualenv, please install it.
[2026-03-29T12:24:17.879+0500] {processor.py:840} INFO - DAG(s) 'example_python_decorator' retrieved from /home/abayturar/airflow-project/venv/lib/python3.12/site-packages/airflow/example_dags/example_python_decorator.py
[2026-03-29T12:24:17.896+0500] {logging_mixin.py:188} INFO - [2026-03-29T12:24:17.896+0500] {dag.py:3089} INFO - Sync 1 DAGs
[2026-03-29T12:24:17.905+0500] {logging_mixin.py:188} INFO - [2026-03-29T12:24:17.905+0500] {dag.py:3947} INFO - Setting next_dagrun for example_python_decorator to None, run_after=None
[2026-03-29T12:24:17.960+0500] {processor.py:183} INFO - Processing /home/abayturar/airflow-project/venv/lib/python3.12/site-packages/airflow/example_dags/example_python_decorator.py took 0.098 seconds
[2026-03-29T12:25:11.980+0500] {processor.py:161} INFO - Started process (PID=3627) to work on /home/abayturar/airflow-project/venv/lib/python3.12/site-packages/airflow/example_dags/example_python_decorator.py
[2026-03-29T12:25:11.981+0500] {processor.py:830} INFO - Processing file /home/abayturar/airflow-project/venv/lib/python3.12/site-packages/airflow/example_dags/example_python_decorator.py for tasks to queue
[2026-03-29T12:25:11.984+0500] {logging_mixin.py:188} INFO - [2026-03-29T12:25:11.983+0500] {dagbag.py:545} INFO - Filling up the DagBag from /home/abayturar/airflow-project/venv/lib/python3.12/site-packages/airflow/example_dags/example_python_decorator.py
[2026-03-29T12:25:11.996+0500] {logging_mixin.py:188} INFO - [2026-03-29T12:25:11.996+0500] {example_python_decorator.py:80} WARNING - The virtalenv_python example task requires virtualenv, please install it.
[2026-03-29T12:25:11.997+0500] {processor.py:840} INFO - DAG(s) 'example_python_decorator' retrieved from /home/abayturar/airflow-project/venv/lib/python3.12/site-packages/airflow/example_dags/example_python_decorator.py
[2026-03-29T12:25:12.015+0500] {logging_mixin.py:188} INFO - [2026-03-29T12:25:12.015+0500] {dag.py:3089} INFO - Sync 1 DAGs
[2026-03-29T12:25:12.025+0500] {logging_mixin.py:188} INFO - [2026-03-29T12:25:12.025+0500] {dag.py:3947} INFO - Setting next_dagrun for example_python_decorator to None, run_after=None
[2026-03-29T12:25:12.082+0500] {processor.py:183} INFO - Processing /home/abayturar/airflow-project/venv/lib/python3.12/site-packages/airflow/example_dags/example_python_decorator.py took 0.108 seconds
[2026-03-29T12:26:03.735+0500] {processor.py:161} INFO - Started process (PID=3850) to work on /home/abayturar/airflow-project/venv/lib/python3.12/site-packages/airflow/example_dags/example_python_decorator.py
[2026-03-29T12:26:03.736+0500] {processor.py:830} INFO - Processing file /home/abayturar/airflow-project/venv/lib/python3.12/site-packages/airflow/example_dags/example_python_decorator.py for tasks to queue
[2026-03-29T12:26:03.737+0500] {logging_mixin.py:188} INFO - [2026-03-29T12:26:03.737+0500] {dagbag.py:545} INFO - Filling up the DagBag from /home/abayturar/airflow-project/venv/lib/python3.12/site-packages/airflow/example_dags/example_python_decorator.py
[2026-03-29T12:26:03.745+0500] {logging_mixin.py:188} INFO - [2026-03-29T12:26:03.745+0500] {example_python_decorator.py:80} WARNING - The virtalenv_python example task requires virtualenv, please install it.
[2026-03-29T12:26:03.746+0500] {processor.py:840} INFO - DAG(s) 'example_python_decorator' retrieved from /home/abayturar/airflow-project/venv/lib/python3.12/site-packages/airflow/example_dags/example_python_decorator.py
[2026-03-29T12:26:03.762+0500] {logging_mixin.py:188} INFO - [2026-03-29T12:26:03.762+0500] {dag.py:3089} INFO - Sync 1 DAGs
[2026-03-29T12:26:03.771+0500] {logging_mixin.py:188} INFO - [2026-03-29T12:26:03.771+0500] {dag.py:3947} INFO - Setting next_dagrun for example_python_decorator to None, run_after=None
[2026-03-29T12:26:03.786+0500] {processor.py:183} INFO - Processing /home/abayturar/airflow-project/venv/lib/python3.12/site-packages/airflow/example_dags/example_python_decorator.py took 0.057 seconds
[2026-03-29T12:26:53.076+0500] {processor.py:161} INFO - Started process (PID=4095) to work on /home/abayturar/airflow-project/venv/lib/python3.12/site-packages/airflow/example_dags/example_python_decorator.py
[2026-03-29T12:26:53.077+0500] {processor.py:830} INFO - Processing file /home/abayturar/airflow-project/venv/lib/python3.12/site-packages/airflow/example_dags/example_python_decorator.py for tasks to queue
[2026-03-29T12:26:53.079+0500] {logging_mixin.py:188} INFO - [2026-03-29T12:26:53.078+0500] {dagbag.py:545} INFO - Filling up the DagBag from /home/abayturar/airflow-project/venv/lib/python3.12/site-packages/airflow/example_dags/example_python_decorator.py
[2026-03-29T12:26:53.088+0500] {logging_mixin.py:188} INFO - [2026-03-29T12:26:53.088+0500] {example_python_decorator.py:80} WARNING - The virtalenv_python example task requires virtualenv, please install it.
[2026-03-29T12:26:53.088+0500] {processor.py:840} INFO - DAG(s) 'example_python_decorator' retrieved from /home/abayturar/airflow-project/venv/lib/python3.12/site-packages/airflow/example_dags/example_python_decorator.py
[2026-03-29T12:26:53.106+0500] {logging_mixin.py:188} INFO - [2026-03-29T12:26:53.106+0500] {dag.py:3089} INFO - Sync 1 DAGs
[2026-03-29T12:26:53.117+0500] {logging_mixin.py:188} INFO - [2026-03-29T12:26:53.116+0500] {dag.py:3947} INFO - Setting next_dagrun for example_python_decorator to None, run_after=None
[2026-03-29T12:26:53.174+0500] {processor.py:183} INFO - Processing /home/abayturar/airflow-project/venv/lib/python3.12/site-packages/airflow/example_dags/example_python_decorator.py took 0.104 seconds
