[2026-03-29T12:01:21.706+0500] {processor.py:161} INFO - Started process (PID=32230) to work on /home/abayturar/airflow-project/venv/lib/python3.12/site-packages/airflow/example_dags/example_skip_dag.py
[2026-03-29T12:01:21.708+0500] {processor.py:830} INFO - Processing file /home/abayturar/airflow-project/venv/lib/python3.12/site-packages/airflow/example_dags/example_skip_dag.py for tasks to queue
[2026-03-29T12:01:21.710+0500] {logging_mixin.py:188} INFO - [2026-03-29T12:01:21.710+0500] {dagbag.py:545} INFO - Filling up the DagBag from /home/abayturar/airflow-project/venv/lib/python3.12/site-packages/airflow/example_dags/example_skip_dag.py
[2026-03-29T12:01:21.721+0500] {processor.py:840} INFO - DAG(s) 'example_skip_dag' retrieved from /home/abayturar/airflow-project/venv/lib/python3.12/site-packages/airflow/example_dags/example_skip_dag.py
[2026-03-29T12:01:21.746+0500] {logging_mixin.py:188} INFO - [2026-03-29T12:01:21.746+0500] {dag.py:3089} INFO - Sync 1 DAGs
[2026-03-29T12:01:21.769+0500] {logging_mixin.py:188} INFO - [2026-03-29T12:01:21.769+0500] {dag.py:3947} INFO - Setting next_dagrun for example_skip_dag to 2026-03-28 00:00:00+00:00, run_after=2026-03-29 00:00:00+00:00
[2026-03-29T12:01:21.795+0500] {processor.py:183} INFO - Processing /home/abayturar/airflow-project/venv/lib/python3.12/site-packages/airflow/example_dags/example_skip_dag.py took 0.098 seconds
[2026-03-29T12:02:20.017+0500] {processor.py:161} INFO - Started process (PID=32525) to work on /home/abayturar/airflow-project/venv/lib/python3.12/site-packages/airflow/example_dags/example_skip_dag.py
[2026-03-29T12:02:20.018+0500] {processor.py:830} INFO - Processing file /home/abayturar/airflow-project/venv/lib/python3.12/site-packages/airflow/example_dags/example_skip_dag.py for tasks to queue
[2026-03-29T12:02:20.020+0500] {logging_mixin.py:188} INFO - [2026-03-29T12:02:20.020+0500] {dagbag.py:545} INFO - Filling up the DagBag from /home/abayturar/airflow-project/venv/lib/python3.12/site-packages/airflow/example_dags/example_skip_dag.py
[2026-03-29T12:02:20.026+0500] {processor.py:840} INFO - DAG(s) 'example_skip_dag' retrieved from /home/abayturar/airflow-project/venv/lib/python3.12/site-packages/airflow/example_dags/example_skip_dag.py
[2026-03-29T12:02:20.042+0500] {logging_mixin.py:188} INFO - [2026-03-29T12:02:20.042+0500] {dag.py:3089} INFO - Sync 1 DAGs
[2026-03-29T12:02:20.056+0500] {logging_mixin.py:188} INFO - [2026-03-29T12:02:20.056+0500] {dag.py:3947} INFO - Setting next_dagrun for example_skip_dag to 2026-03-28 00:00:00+00:00, run_after=2026-03-29 00:00:00+00:00
[2026-03-29T12:02:20.110+0500] {processor.py:183} INFO - Processing /home/abayturar/airflow-project/venv/lib/python3.12/site-packages/airflow/example_dags/example_skip_dag.py took 0.098 seconds
[2026-03-29T12:05:49.919+0500] {processor.py:161} INFO - Started process (PID=32760) to work on /home/abayturar/airflow-project/venv/lib/python3.12/site-packages/airflow/example_dags/example_skip_dag.py
[2026-03-29T12:05:49.920+0500] {processor.py:830} INFO - Processing file /home/abayturar/airflow-project/venv/lib/python3.12/site-packages/airflow/example_dags/example_skip_dag.py for tasks to queue
[2026-03-29T12:05:49.921+0500] {logging_mixin.py:188} INFO - [2026-03-29T12:05:49.921+0500] {dagbag.py:545} INFO - Filling up the DagBag from /home/abayturar/airflow-project/venv/lib/python3.12/site-packages/airflow/example_dags/example_skip_dag.py
[2026-03-29T12:05:49.928+0500] {processor.py:840} INFO - DAG(s) 'example_skip_dag' retrieved from /home/abayturar/airflow-project/venv/lib/python3.12/site-packages/airflow/example_dags/example_skip_dag.py
[2026-03-29T12:05:49.945+0500] {logging_mixin.py:188} INFO - [2026-03-29T12:05:49.945+0500] {dag.py:3089} INFO - Sync 1 DAGs
[2026-03-29T12:05:49.961+0500] {logging_mixin.py:188} INFO - [2026-03-29T12:05:49.961+0500] {dag.py:3947} INFO - Setting next_dagrun for example_skip_dag to 2026-03-28 00:00:00+00:00, run_after=2026-03-29 00:00:00+00:00
[2026-03-29T12:05:49.980+0500] {processor.py:183} INFO - Processing /home/abayturar/airflow-project/venv/lib/python3.12/site-packages/airflow/example_dags/example_skip_dag.py took 0.067 seconds
[2026-03-29T12:06:43.087+0500] {processor.py:161} INFO - Started process (PID=210) to work on /home/abayturar/airflow-project/venv/lib/python3.12/site-packages/airflow/example_dags/example_skip_dag.py
[2026-03-29T12:06:43.088+0500] {processor.py:830} INFO - Processing file /home/abayturar/airflow-project/venv/lib/python3.12/site-packages/airflow/example_dags/example_skip_dag.py for tasks to queue
[2026-03-29T12:06:43.090+0500] {logging_mixin.py:188} INFO - [2026-03-29T12:06:43.090+0500] {dagbag.py:545} INFO - Filling up the DagBag from /home/abayturar/airflow-project/venv/lib/python3.12/site-packages/airflow/example_dags/example_skip_dag.py
[2026-03-29T12:06:43.099+0500] {processor.py:840} INFO - DAG(s) 'example_skip_dag' retrieved from /home/abayturar/airflow-project/venv/lib/python3.12/site-packages/airflow/example_dags/example_skip_dag.py
[2026-03-29T12:06:43.119+0500] {logging_mixin.py:188} INFO - [2026-03-29T12:06:43.119+0500] {dag.py:3089} INFO - Sync 1 DAGs
[2026-03-29T12:06:43.139+0500] {logging_mixin.py:188} INFO - [2026-03-29T12:06:43.138+0500] {dag.py:3947} INFO - Setting next_dagrun for example_skip_dag to 2026-03-28 00:00:00+00:00, run_after=2026-03-29 00:00:00+00:00
[2026-03-29T12:06:43.160+0500] {processor.py:183} INFO - Processing /home/abayturar/airflow-project/venv/lib/python3.12/site-packages/airflow/example_dags/example_skip_dag.py took 0.081 seconds
[2026-03-29T12:07:29.545+0500] {processor.py:161} INFO - Started process (PID=405) to work on /home/abayturar/airflow-project/venv/lib/python3.12/site-packages/airflow/example_dags/example_skip_dag.py
[2026-03-29T12:07:29.546+0500] {processor.py:830} INFO - Processing file /home/abayturar/airflow-project/venv/lib/python3.12/site-packages/airflow/example_dags/example_skip_dag.py for tasks to queue
[2026-03-29T12:07:29.548+0500] {logging_mixin.py:188} INFO - [2026-03-29T12:07:29.547+0500] {dagbag.py:545} INFO - Filling up the DagBag from /home/abayturar/airflow-project/venv/lib/python3.12/site-packages/airflow/example_dags/example_skip_dag.py
[2026-03-29T12:07:29.555+0500] {processor.py:840} INFO - DAG(s) 'example_skip_dag' retrieved from /home/abayturar/airflow-project/venv/lib/python3.12/site-packages/airflow/example_dags/example_skip_dag.py
[2026-03-29T12:07:29.571+0500] {logging_mixin.py:188} INFO - [2026-03-29T12:07:29.571+0500] {dag.py:3089} INFO - Sync 1 DAGs
[2026-03-29T12:07:29.586+0500] {logging_mixin.py:188} INFO - [2026-03-29T12:07:29.586+0500] {dag.py:3947} INFO - Setting next_dagrun for example_skip_dag to 2026-03-28 00:00:00+00:00, run_after=2026-03-29 00:00:00+00:00
[2026-03-29T12:07:29.641+0500] {processor.py:183} INFO - Processing /home/abayturar/airflow-project/venv/lib/python3.12/site-packages/airflow/example_dags/example_skip_dag.py took 0.102 seconds
[2026-03-29T12:08:18.544+0500] {processor.py:161} INFO - Started process (PID=606) to work on /home/abayturar/airflow-project/venv/lib/python3.12/site-packages/airflow/example_dags/example_skip_dag.py
[2026-03-29T12:08:18.545+0500] {processor.py:830} INFO - Processing file /home/abayturar/airflow-project/venv/lib/python3.12/site-packages/airflow/example_dags/example_skip_dag.py for tasks to queue
[2026-03-29T12:08:18.547+0500] {logging_mixin.py:188} INFO - [2026-03-29T12:08:18.546+0500] {dagbag.py:545} INFO - Filling up the DagBag from /home/abayturar/airflow-project/venv/lib/python3.12/site-packages/airflow/example_dags/example_skip_dag.py
[2026-03-29T12:08:18.554+0500] {processor.py:840} INFO - DAG(s) 'example_skip_dag' retrieved from /home/abayturar/airflow-project/venv/lib/python3.12/site-packages/airflow/example_dags/example_skip_dag.py
[2026-03-29T12:08:18.572+0500] {logging_mixin.py:188} INFO - [2026-03-29T12:08:18.572+0500] {dag.py:3089} INFO - Sync 1 DAGs
[2026-03-29T12:08:18.590+0500] {logging_mixin.py:188} INFO - [2026-03-29T12:08:18.590+0500] {dag.py:3947} INFO - Setting next_dagrun for example_skip_dag to 2026-03-28 00:00:00+00:00, run_after=2026-03-29 00:00:00+00:00
[2026-03-29T12:08:18.648+0500] {processor.py:183} INFO - Processing /home/abayturar/airflow-project/venv/lib/python3.12/site-packages/airflow/example_dags/example_skip_dag.py took 0.110 seconds
[2026-03-29T12:09:09.413+0500] {processor.py:161} INFO - Started process (PID=817) to work on /home/abayturar/airflow-project/venv/lib/python3.12/site-packages/airflow/example_dags/example_skip_dag.py
[2026-03-29T12:09:09.414+0500] {processor.py:830} INFO - Processing file /home/abayturar/airflow-project/venv/lib/python3.12/site-packages/airflow/example_dags/example_skip_dag.py for tasks to queue
[2026-03-29T12:09:09.416+0500] {logging_mixin.py:188} INFO - [2026-03-29T12:09:09.415+0500] {dagbag.py:545} INFO - Filling up the DagBag from /home/abayturar/airflow-project/venv/lib/python3.12/site-packages/airflow/example_dags/example_skip_dag.py
[2026-03-29T12:09:09.422+0500] {processor.py:840} INFO - DAG(s) 'example_skip_dag' retrieved from /home/abayturar/airflow-project/venv/lib/python3.12/site-packages/airflow/example_dags/example_skip_dag.py
[2026-03-29T12:09:09.437+0500] {logging_mixin.py:188} INFO - [2026-03-29T12:09:09.437+0500] {dag.py:3089} INFO - Sync 1 DAGs
[2026-03-29T12:09:09.450+0500] {logging_mixin.py:188} INFO - [2026-03-29T12:09:09.450+0500] {dag.py:3947} INFO - Setting next_dagrun for example_skip_dag to 2026-03-28 00:00:00+00:00, run_after=2026-03-29 00:00:00+00:00
[2026-03-29T12:09:09.504+0500] {processor.py:183} INFO - Processing /home/abayturar/airflow-project/venv/lib/python3.12/site-packages/airflow/example_dags/example_skip_dag.py took 0.097 seconds
[2026-03-29T12:10:00.908+0500] {processor.py:161} INFO - Started process (PID=972) to work on /home/abayturar/airflow-project/venv/lib/python3.12/site-packages/airflow/example_dags/example_skip_dag.py
[2026-03-29T12:10:00.909+0500] {processor.py:830} INFO - Processing file /home/abayturar/airflow-project/venv/lib/python3.12/site-packages/airflow/example_dags/example_skip_dag.py for tasks to queue
[2026-03-29T12:10:00.911+0500] {logging_mixin.py:188} INFO - [2026-03-29T12:10:00.911+0500] {dagbag.py:545} INFO - Filling up the DagBag from /home/abayturar/airflow-project/venv/lib/python3.12/site-packages/airflow/example_dags/example_skip_dag.py
[2026-03-29T12:10:00.918+0500] {processor.py:840} INFO - DAG(s) 'example_skip_dag' retrieved from /home/abayturar/airflow-project/venv/lib/python3.12/site-packages/airflow/example_dags/example_skip_dag.py
[2026-03-29T12:10:00.936+0500] {logging_mixin.py:188} INFO - [2026-03-29T12:10:00.936+0500] {dag.py:3089} INFO - Sync 1 DAGs
[2026-03-29T12:10:00.952+0500] {logging_mixin.py:188} INFO - [2026-03-29T12:10:00.952+0500] {dag.py:3947} INFO - Setting next_dagrun for example_skip_dag to 2026-03-28 00:00:00+00:00, run_after=2026-03-29 00:00:00+00:00
[2026-03-29T12:10:01.005+0500] {processor.py:183} INFO - Processing /home/abayturar/airflow-project/venv/lib/python3.12/site-packages/airflow/example_dags/example_skip_dag.py took 0.103 seconds
[2026-03-29T12:10:48.708+0500] {processor.py:161} INFO - Started process (PID=1102) to work on /home/abayturar/airflow-project/venv/lib/python3.12/site-packages/airflow/example_dags/example_skip_dag.py
[2026-03-29T12:10:48.708+0500] {processor.py:830} INFO - Processing file /home/abayturar/airflow-project/venv/lib/python3.12/site-packages/airflow/example_dags/example_skip_dag.py for tasks to queue
[2026-03-29T12:10:48.710+0500] {logging_mixin.py:188} INFO - [2026-03-29T12:10:48.710+0500] {dagbag.py:545} INFO - Filling up the DagBag from /home/abayturar/airflow-project/venv/lib/python3.12/site-packages/airflow/example_dags/example_skip_dag.py
[2026-03-29T12:10:48.717+0500] {processor.py:840} INFO - DAG(s) 'example_skip_dag' retrieved from /home/abayturar/airflow-project/venv/lib/python3.12/site-packages/airflow/example_dags/example_skip_dag.py
[2026-03-29T12:10:48.733+0500] {logging_mixin.py:188} INFO - [2026-03-29T12:10:48.733+0500] {dag.py:3089} INFO - Sync 1 DAGs
[2026-03-29T12:10:48.748+0500] {logging_mixin.py:188} INFO - [2026-03-29T12:10:48.748+0500] {dag.py:3947} INFO - Setting next_dagrun for example_skip_dag to 2026-03-28 00:00:00+00:00, run_after=2026-03-29 00:00:00+00:00
[2026-03-29T12:10:48.804+0500] {processor.py:183} INFO - Processing /home/abayturar/airflow-project/venv/lib/python3.12/site-packages/airflow/example_dags/example_skip_dag.py took 0.103 seconds
[2026-03-29T12:11:38.856+0500] {processor.py:161} INFO - Started process (PID=1233) to work on /home/abayturar/airflow-project/venv/lib/python3.12/site-packages/airflow/example_dags/example_skip_dag.py
[2026-03-29T12:11:38.857+0500] {processor.py:830} INFO - Processing file /home/abayturar/airflow-project/venv/lib/python3.12/site-packages/airflow/example_dags/example_skip_dag.py for tasks to queue
[2026-03-29T12:11:38.858+0500] {logging_mixin.py:188} INFO - [2026-03-29T12:11:38.858+0500] {dagbag.py:545} INFO - Filling up the DagBag from /home/abayturar/airflow-project/venv/lib/python3.12/site-packages/airflow/example_dags/example_skip_dag.py
[2026-03-29T12:11:38.865+0500] {processor.py:840} INFO - DAG(s) 'example_skip_dag' retrieved from /home/abayturar/airflow-project/venv/lib/python3.12/site-packages/airflow/example_dags/example_skip_dag.py
[2026-03-29T12:11:38.880+0500] {logging_mixin.py:188} INFO - [2026-03-29T12:11:38.879+0500] {dag.py:3089} INFO - Sync 1 DAGs
[2026-03-29T12:11:38.893+0500] {logging_mixin.py:188} INFO - [2026-03-29T12:11:38.892+0500] {dag.py:3947} INFO - Setting next_dagrun for example_skip_dag to 2026-03-28 00:00:00+00:00, run_after=2026-03-29 00:00:00+00:00
[2026-03-29T12:11:38.908+0500] {processor.py:183} INFO - Processing /home/abayturar/airflow-project/venv/lib/python3.12/site-packages/airflow/example_dags/example_skip_dag.py took 0.057 seconds
[2026-03-29T12:12:29.633+0500] {processor.py:161} INFO - Started process (PID=1367) to work on /home/abayturar/airflow-project/venv/lib/python3.12/site-packages/airflow/example_dags/example_skip_dag.py
[2026-03-29T12:12:29.634+0500] {processor.py:830} INFO - Processing file /home/abayturar/airflow-project/venv/lib/python3.12/site-packages/airflow/example_dags/example_skip_dag.py for tasks to queue
[2026-03-29T12:12:29.636+0500] {logging_mixin.py:188} INFO - [2026-03-29T12:12:29.635+0500] {dagbag.py:545} INFO - Filling up the DagBag from /home/abayturar/airflow-project/venv/lib/python3.12/site-packages/airflow/example_dags/example_skip_dag.py
[2026-03-29T12:12:29.642+0500] {processor.py:840} INFO - DAG(s) 'example_skip_dag' retrieved from /home/abayturar/airflow-project/venv/lib/python3.12/site-packages/airflow/example_dags/example_skip_dag.py
[2026-03-29T12:12:29.658+0500] {logging_mixin.py:188} INFO - [2026-03-29T12:12:29.658+0500] {dag.py:3089} INFO - Sync 1 DAGs
[2026-03-29T12:12:29.671+0500] {logging_mixin.py:188} INFO - [2026-03-29T12:12:29.671+0500] {dag.py:3947} INFO - Setting next_dagrun for example_skip_dag to 2026-03-28 00:00:00+00:00, run_after=2026-03-29 00:00:00+00:00
[2026-03-29T12:12:29.724+0500] {processor.py:183} INFO - Processing /home/abayturar/airflow-project/venv/lib/python3.12/site-packages/airflow/example_dags/example_skip_dag.py took 0.097 seconds
[2026-03-29T12:13:19.390+0500] {processor.py:161} INFO - Started process (PID=1499) to work on /home/abayturar/airflow-project/venv/lib/python3.12/site-packages/airflow/example_dags/example_skip_dag.py
[2026-03-29T12:13:19.391+0500] {processor.py:830} INFO - Processing file /home/abayturar/airflow-project/venv/lib/python3.12/site-packages/airflow/example_dags/example_skip_dag.py for tasks to queue
[2026-03-29T12:13:19.393+0500] {logging_mixin.py:188} INFO - [2026-03-29T12:13:19.392+0500] {dagbag.py:545} INFO - Filling up the DagBag from /home/abayturar/airflow-project/venv/lib/python3.12/site-packages/airflow/example_dags/example_skip_dag.py
[2026-03-29T12:13:19.399+0500] {processor.py:840} INFO - DAG(s) 'example_skip_dag' retrieved from /home/abayturar/airflow-project/venv/lib/python3.12/site-packages/airflow/example_dags/example_skip_dag.py
[2026-03-29T12:13:19.414+0500] {logging_mixin.py:188} INFO - [2026-03-29T12:13:19.414+0500] {dag.py:3089} INFO - Sync 1 DAGs
[2026-03-29T12:13:19.428+0500] {logging_mixin.py:188} INFO - [2026-03-29T12:13:19.427+0500] {dag.py:3947} INFO - Setting next_dagrun for example_skip_dag to 2026-03-28 00:00:00+00:00, run_after=2026-03-29 00:00:00+00:00
[2026-03-29T12:13:19.565+0500] {processor.py:183} INFO - Processing /home/abayturar/airflow-project/venv/lib/python3.12/site-packages/airflow/example_dags/example_skip_dag.py took 0.180 seconds
[2026-03-29T12:14:10.098+0500] {processor.py:161} INFO - Started process (PID=1633) to work on /home/abayturar/airflow-project/venv/lib/python3.12/site-packages/airflow/example_dags/example_skip_dag.py
[2026-03-29T12:14:10.099+0500] {processor.py:830} INFO - Processing file /home/abayturar/airflow-project/venv/lib/python3.12/site-packages/airflow/example_dags/example_skip_dag.py for tasks to queue
[2026-03-29T12:14:10.101+0500] {logging_mixin.py:188} INFO - [2026-03-29T12:14:10.101+0500] {dagbag.py:545} INFO - Filling up the DagBag from /home/abayturar/airflow-project/venv/lib/python3.12/site-packages/airflow/example_dags/example_skip_dag.py
[2026-03-29T12:14:10.109+0500] {processor.py:840} INFO - DAG(s) 'example_skip_dag' retrieved from /home/abayturar/airflow-project/venv/lib/python3.12/site-packages/airflow/example_dags/example_skip_dag.py
[2026-03-29T12:14:10.127+0500] {logging_mixin.py:188} INFO - [2026-03-29T12:14:10.127+0500] {dag.py:3089} INFO - Sync 1 DAGs
[2026-03-29T12:14:10.144+0500] {logging_mixin.py:188} INFO - [2026-03-29T12:14:10.144+0500] {dag.py:3947} INFO - Setting next_dagrun for example_skip_dag to 2026-03-28 00:00:00+00:00, run_after=2026-03-29 00:00:00+00:00
[2026-03-29T12:14:10.162+0500] {processor.py:183} INFO - Processing /home/abayturar/airflow-project/venv/lib/python3.12/site-packages/airflow/example_dags/example_skip_dag.py took 0.071 seconds
[2026-03-29T12:15:02.994+0500] {processor.py:161} INFO - Started process (PID=1771) to work on /home/abayturar/airflow-project/venv/lib/python3.12/site-packages/airflow/example_dags/example_skip_dag.py
[2026-03-29T12:15:02.995+0500] {processor.py:830} INFO - Processing file /home/abayturar/airflow-project/venv/lib/python3.12/site-packages/airflow/example_dags/example_skip_dag.py for tasks to queue
[2026-03-29T12:15:02.997+0500] {logging_mixin.py:188} INFO - [2026-03-29T12:15:02.997+0500] {dagbag.py:545} INFO - Filling up the DagBag from /home/abayturar/airflow-project/venv/lib/python3.12/site-packages/airflow/example_dags/example_skip_dag.py
[2026-03-29T12:15:03.004+0500] {processor.py:840} INFO - DAG(s) 'example_skip_dag' retrieved from /home/abayturar/airflow-project/venv/lib/python3.12/site-packages/airflow/example_dags/example_skip_dag.py
[2026-03-29T12:15:03.022+0500] {logging_mixin.py:188} INFO - [2026-03-29T12:15:03.022+0500] {dag.py:3089} INFO - Sync 1 DAGs
[2026-03-29T12:15:03.035+0500] {logging_mixin.py:188} INFO - [2026-03-29T12:15:03.035+0500] {dag.py:3947} INFO - Setting next_dagrun for example_skip_dag to 2026-03-28 00:00:00+00:00, run_after=2026-03-29 00:00:00+00:00
[2026-03-29T12:15:03.112+0500] {processor.py:183} INFO - Processing /home/abayturar/airflow-project/venv/lib/python3.12/site-packages/airflow/example_dags/example_skip_dag.py took 0.124 seconds
[2026-03-29T12:15:57.558+0500] {processor.py:161} INFO - Started process (PID=1910) to work on /home/abayturar/airflow-project/venv/lib/python3.12/site-packages/airflow/example_dags/example_skip_dag.py
[2026-03-29T12:15:57.559+0500] {processor.py:830} INFO - Processing file /home/abayturar/airflow-project/venv/lib/python3.12/site-packages/airflow/example_dags/example_skip_dag.py for tasks to queue
[2026-03-29T12:15:57.561+0500] {logging_mixin.py:188} INFO - [2026-03-29T12:15:57.560+0500] {dagbag.py:545} INFO - Filling up the DagBag from /home/abayturar/airflow-project/venv/lib/python3.12/site-packages/airflow/example_dags/example_skip_dag.py
[2026-03-29T12:15:57.567+0500] {processor.py:840} INFO - DAG(s) 'example_skip_dag' retrieved from /home/abayturar/airflow-project/venv/lib/python3.12/site-packages/airflow/example_dags/example_skip_dag.py
[2026-03-29T12:15:57.582+0500] {logging_mixin.py:188} INFO - [2026-03-29T12:15:57.582+0500] {dag.py:3089} INFO - Sync 1 DAGs
[2026-03-29T12:15:57.685+0500] {logging_mixin.py:188} INFO - [2026-03-29T12:15:57.684+0500] {dag.py:3947} INFO - Setting next_dagrun for example_skip_dag to 2026-03-28 00:00:00+00:00, run_after=2026-03-29 00:00:00+00:00
[2026-03-29T12:15:57.737+0500] {processor.py:183} INFO - Processing /home/abayturar/airflow-project/venv/lib/python3.12/site-packages/airflow/example_dags/example_skip_dag.py took 0.185 seconds
[2026-03-29T12:16:50.597+0500] {processor.py:161} INFO - Started process (PID=2050) to work on /home/abayturar/airflow-project/venv/lib/python3.12/site-packages/airflow/example_dags/example_skip_dag.py
[2026-03-29T12:16:50.598+0500] {processor.py:830} INFO - Processing file /home/abayturar/airflow-project/venv/lib/python3.12/site-packages/airflow/example_dags/example_skip_dag.py for tasks to queue
[2026-03-29T12:16:50.600+0500] {logging_mixin.py:188} INFO - [2026-03-29T12:16:50.599+0500] {dagbag.py:545} INFO - Filling up the DagBag from /home/abayturar/airflow-project/venv/lib/python3.12/site-packages/airflow/example_dags/example_skip_dag.py
[2026-03-29T12:16:50.606+0500] {processor.py:840} INFO - DAG(s) 'example_skip_dag' retrieved from /home/abayturar/airflow-project/venv/lib/python3.12/site-packages/airflow/example_dags/example_skip_dag.py
[2026-03-29T12:16:50.621+0500] {logging_mixin.py:188} INFO - [2026-03-29T12:16:50.621+0500] {dag.py:3089} INFO - Sync 1 DAGs
[2026-03-29T12:16:50.735+0500] {logging_mixin.py:188} INFO - [2026-03-29T12:16:50.734+0500] {dag.py:3947} INFO - Setting next_dagrun for example_skip_dag to 2026-03-28 00:00:00+00:00, run_after=2026-03-29 00:00:00+00:00
[2026-03-29T12:16:50.788+0500] {processor.py:183} INFO - Processing /home/abayturar/airflow-project/venv/lib/python3.12/site-packages/airflow/example_dags/example_skip_dag.py took 0.197 seconds
[2026-03-29T12:17:42.901+0500] {processor.py:161} INFO - Started process (PID=2184) to work on /home/abayturar/airflow-project/venv/lib/python3.12/site-packages/airflow/example_dags/example_skip_dag.py
[2026-03-29T12:17:42.902+0500] {processor.py:830} INFO - Processing file /home/abayturar/airflow-project/venv/lib/python3.12/site-packages/airflow/example_dags/example_skip_dag.py for tasks to queue
[2026-03-29T12:17:42.904+0500] {logging_mixin.py:188} INFO - [2026-03-29T12:17:42.904+0500] {dagbag.py:545} INFO - Filling up the DagBag from /home/abayturar/airflow-project/venv/lib/python3.12/site-packages/airflow/example_dags/example_skip_dag.py
[2026-03-29T12:17:42.914+0500] {processor.py:840} INFO - DAG(s) 'example_skip_dag' retrieved from /home/abayturar/airflow-project/venv/lib/python3.12/site-packages/airflow/example_dags/example_skip_dag.py
[2026-03-29T12:17:42.934+0500] {logging_mixin.py:188} INFO - [2026-03-29T12:17:42.933+0500] {dag.py:3089} INFO - Sync 1 DAGs
[2026-03-29T12:17:42.948+0500] {logging_mixin.py:188} INFO - [2026-03-29T12:17:42.947+0500] {dag.py:3947} INFO - Setting next_dagrun for example_skip_dag to 2026-03-28 00:00:00+00:00, run_after=2026-03-29 00:00:00+00:00
[2026-03-29T12:17:43.007+0500] {processor.py:183} INFO - Processing /home/abayturar/airflow-project/venv/lib/python3.12/site-packages/airflow/example_dags/example_skip_dag.py took 0.112 seconds
[2026-03-29T12:18:35.047+0500] {processor.py:161} INFO - Started process (PID=2322) to work on /home/abayturar/airflow-project/venv/lib/python3.12/site-packages/airflow/example_dags/example_skip_dag.py
[2026-03-29T12:18:35.047+0500] {processor.py:830} INFO - Processing file /home/abayturar/airflow-project/venv/lib/python3.12/site-packages/airflow/example_dags/example_skip_dag.py for tasks to queue
[2026-03-29T12:18:35.049+0500] {logging_mixin.py:188} INFO - [2026-03-29T12:18:35.049+0500] {dagbag.py:545} INFO - Filling up the DagBag from /home/abayturar/airflow-project/venv/lib/python3.12/site-packages/airflow/example_dags/example_skip_dag.py
[2026-03-29T12:18:35.056+0500] {processor.py:840} INFO - DAG(s) 'example_skip_dag' retrieved from /home/abayturar/airflow-project/venv/lib/python3.12/site-packages/airflow/example_dags/example_skip_dag.py
[2026-03-29T12:18:35.072+0500] {logging_mixin.py:188} INFO - [2026-03-29T12:18:35.071+0500] {dag.py:3089} INFO - Sync 1 DAGs
[2026-03-29T12:18:35.086+0500] {logging_mixin.py:188} INFO - [2026-03-29T12:18:35.086+0500] {dag.py:3947} INFO - Setting next_dagrun for example_skip_dag to 2026-03-28 00:00:00+00:00, run_after=2026-03-29 00:00:00+00:00
[2026-03-29T12:18:35.140+0500] {processor.py:183} INFO - Processing /home/abayturar/airflow-project/venv/lib/python3.12/site-packages/airflow/example_dags/example_skip_dag.py took 0.099 seconds
[2026-03-29T12:19:26.052+0500] {processor.py:161} INFO - Started process (PID=2457) to work on /home/abayturar/airflow-project/venv/lib/python3.12/site-packages/airflow/example_dags/example_skip_dag.py
[2026-03-29T12:19:26.053+0500] {processor.py:830} INFO - Processing file /home/abayturar/airflow-project/venv/lib/python3.12/site-packages/airflow/example_dags/example_skip_dag.py for tasks to queue
[2026-03-29T12:19:26.055+0500] {logging_mixin.py:188} INFO - [2026-03-29T12:19:26.054+0500] {dagbag.py:545} INFO - Filling up the DagBag from /home/abayturar/airflow-project/venv/lib/python3.12/site-packages/airflow/example_dags/example_skip_dag.py
[2026-03-29T12:19:26.062+0500] {processor.py:840} INFO - DAG(s) 'example_skip_dag' retrieved from /home/abayturar/airflow-project/venv/lib/python3.12/site-packages/airflow/example_dags/example_skip_dag.py
[2026-03-29T12:19:26.081+0500] {logging_mixin.py:188} INFO - [2026-03-29T12:19:26.081+0500] {dag.py:3089} INFO - Sync 1 DAGs
[2026-03-29T12:19:26.097+0500] {logging_mixin.py:188} INFO - [2026-03-29T12:19:26.097+0500] {dag.py:3947} INFO - Setting next_dagrun for example_skip_dag to 2026-03-28 00:00:00+00:00, run_after=2026-03-29 00:00:00+00:00
[2026-03-29T12:19:26.154+0500] {processor.py:183} INFO - Processing /home/abayturar/airflow-project/venv/lib/python3.12/site-packages/airflow/example_dags/example_skip_dag.py took 0.111 seconds
[2026-03-29T12:20:17.633+0500] {processor.py:161} INFO - Started process (PID=2591) to work on /home/abayturar/airflow-project/venv/lib/python3.12/site-packages/airflow/example_dags/example_skip_dag.py
[2026-03-29T12:20:17.634+0500] {processor.py:830} INFO - Processing file /home/abayturar/airflow-project/venv/lib/python3.12/site-packages/airflow/example_dags/example_skip_dag.py for tasks to queue
[2026-03-29T12:20:17.637+0500] {logging_mixin.py:188} INFO - [2026-03-29T12:20:17.636+0500] {dagbag.py:545} INFO - Filling up the DagBag from /home/abayturar/airflow-project/venv/lib/python3.12/site-packages/airflow/example_dags/example_skip_dag.py
[2026-03-29T12:20:17.645+0500] {processor.py:840} INFO - DAG(s) 'example_skip_dag' retrieved from /home/abayturar/airflow-project/venv/lib/python3.12/site-packages/airflow/example_dags/example_skip_dag.py
[2026-03-29T12:20:17.664+0500] {logging_mixin.py:188} INFO - [2026-03-29T12:20:17.664+0500] {dag.py:3089} INFO - Sync 1 DAGs
[2026-03-29T12:20:17.682+0500] {logging_mixin.py:188} INFO - [2026-03-29T12:20:17.682+0500] {dag.py:3947} INFO - Setting next_dagrun for example_skip_dag to 2026-03-28 00:00:00+00:00, run_after=2026-03-29 00:00:00+00:00
[2026-03-29T12:20:17.739+0500] {processor.py:183} INFO - Processing /home/abayturar/airflow-project/venv/lib/python3.12/site-packages/airflow/example_dags/example_skip_dag.py took 0.115 seconds
[2026-03-29T12:21:10.679+0500] {processor.py:161} INFO - Started process (PID=2728) to work on /home/abayturar/airflow-project/venv/lib/python3.12/site-packages/airflow/example_dags/example_skip_dag.py
[2026-03-29T12:21:10.680+0500] {processor.py:830} INFO - Processing file /home/abayturar/airflow-project/venv/lib/python3.12/site-packages/airflow/example_dags/example_skip_dag.py for tasks to queue
[2026-03-29T12:21:10.682+0500] {logging_mixin.py:188} INFO - [2026-03-29T12:21:10.681+0500] {dagbag.py:545} INFO - Filling up the DagBag from /home/abayturar/airflow-project/venv/lib/python3.12/site-packages/airflow/example_dags/example_skip_dag.py
[2026-03-29T12:21:10.689+0500] {processor.py:840} INFO - DAG(s) 'example_skip_dag' retrieved from /home/abayturar/airflow-project/venv/lib/python3.12/site-packages/airflow/example_dags/example_skip_dag.py
[2026-03-29T12:21:10.705+0500] {logging_mixin.py:188} INFO - [2026-03-29T12:21:10.705+0500] {dag.py:3089} INFO - Sync 1 DAGs
[2026-03-29T12:21:10.720+0500] {logging_mixin.py:188} INFO - [2026-03-29T12:21:10.719+0500] {dag.py:3947} INFO - Setting next_dagrun for example_skip_dag to 2026-03-28 00:00:00+00:00, run_after=2026-03-29 00:00:00+00:00
[2026-03-29T12:21:10.774+0500] {processor.py:183} INFO - Processing /home/abayturar/airflow-project/venv/lib/python3.12/site-packages/airflow/example_dags/example_skip_dag.py took 0.101 seconds
[2026-03-29T12:22:02.301+0500] {processor.py:161} INFO - Started process (PID=2900) to work on /home/abayturar/airflow-project/venv/lib/python3.12/site-packages/airflow/example_dags/example_skip_dag.py
[2026-03-29T12:22:02.302+0500] {processor.py:830} INFO - Processing file /home/abayturar/airflow-project/venv/lib/python3.12/site-packages/airflow/example_dags/example_skip_dag.py for tasks to queue
[2026-03-29T12:22:02.304+0500] {logging_mixin.py:188} INFO - [2026-03-29T12:22:02.303+0500] {dagbag.py:545} INFO - Filling up the DagBag from /home/abayturar/airflow-project/venv/lib/python3.12/site-packages/airflow/example_dags/example_skip_dag.py
[2026-03-29T12:22:02.311+0500] {processor.py:840} INFO - DAG(s) 'example_skip_dag' retrieved from /home/abayturar/airflow-project/venv/lib/python3.12/site-packages/airflow/example_dags/example_skip_dag.py
[2026-03-29T12:22:02.328+0500] {logging_mixin.py:188} INFO - [2026-03-29T12:22:02.327+0500] {dag.py:3089} INFO - Sync 1 DAGs
[2026-03-29T12:22:02.341+0500] {logging_mixin.py:188} INFO - [2026-03-29T12:22:02.340+0500] {dag.py:3947} INFO - Setting next_dagrun for example_skip_dag to 2026-03-28 00:00:00+00:00, run_after=2026-03-29 00:00:00+00:00
[2026-03-29T12:22:02.394+0500] {processor.py:183} INFO - Processing /home/abayturar/airflow-project/venv/lib/python3.12/site-packages/airflow/example_dags/example_skip_dag.py took 0.100 seconds
[2026-03-29T12:22:53.455+0500] {processor.py:161} INFO - Started process (PID=3186) to work on /home/abayturar/airflow-project/venv/lib/python3.12/site-packages/airflow/example_dags/example_skip_dag.py
[2026-03-29T12:22:53.456+0500] {processor.py:830} INFO - Processing file /home/abayturar/airflow-project/venv/lib/python3.12/site-packages/airflow/example_dags/example_skip_dag.py for tasks to queue
[2026-03-29T12:22:53.458+0500] {logging_mixin.py:188} INFO - [2026-03-29T12:22:53.457+0500] {dagbag.py:545} INFO - Filling up the DagBag from /home/abayturar/airflow-project/venv/lib/python3.12/site-packages/airflow/example_dags/example_skip_dag.py
[2026-03-29T12:22:53.464+0500] {processor.py:840} INFO - DAG(s) 'example_skip_dag' retrieved from /home/abayturar/airflow-project/venv/lib/python3.12/site-packages/airflow/example_dags/example_skip_dag.py
[2026-03-29T12:22:53.481+0500] {logging_mixin.py:188} INFO - [2026-03-29T12:22:53.480+0500] {dag.py:3089} INFO - Sync 1 DAGs
[2026-03-29T12:22:53.496+0500] {logging_mixin.py:188} INFO - [2026-03-29T12:22:53.496+0500] {dag.py:3947} INFO - Setting next_dagrun for example_skip_dag to 2026-03-28 00:00:00+00:00, run_after=2026-03-29 00:00:00+00:00
[2026-03-29T12:22:53.550+0500] {processor.py:183} INFO - Processing /home/abayturar/airflow-project/venv/lib/python3.12/site-packages/airflow/example_dags/example_skip_dag.py took 0.103 seconds
[2026-03-29T12:23:46.536+0500] {processor.py:161} INFO - Started process (PID=3374) to work on /home/abayturar/airflow-project/venv/lib/python3.12/site-packages/airflow/example_dags/example_skip_dag.py
[2026-03-29T12:23:46.537+0500] {processor.py:830} INFO - Processing file /home/abayturar/airflow-project/venv/lib/python3.12/site-packages/airflow/example_dags/example_skip_dag.py for tasks to queue
[2026-03-29T12:23:46.539+0500] {logging_mixin.py:188} INFO - [2026-03-29T12:23:46.538+0500] {dagbag.py:545} INFO - Filling up the DagBag from /home/abayturar/airflow-project/venv/lib/python3.12/site-packages/airflow/example_dags/example_skip_dag.py
[2026-03-29T12:23:46.545+0500] {processor.py:840} INFO - DAG(s) 'example_skip_dag' retrieved from /home/abayturar/airflow-project/venv/lib/python3.12/site-packages/airflow/example_dags/example_skip_dag.py
[2026-03-29T12:23:46.561+0500] {logging_mixin.py:188} INFO - [2026-03-29T12:23:46.561+0500] {dag.py:3089} INFO - Sync 1 DAGs
[2026-03-29T12:23:46.575+0500] {logging_mixin.py:188} INFO - [2026-03-29T12:23:46.575+0500] {dag.py:3947} INFO - Setting next_dagrun for example_skip_dag to 2026-03-28 00:00:00+00:00, run_after=2026-03-29 00:00:00+00:00
[2026-03-29T12:23:46.628+0500] {processor.py:183} INFO - Processing /home/abayturar/airflow-project/venv/lib/python3.12/site-packages/airflow/example_dags/example_skip_dag.py took 0.098 seconds
[2026-03-29T12:24:39.774+0500] {processor.py:161} INFO - Started process (PID=3549) to work on /home/abayturar/airflow-project/venv/lib/python3.12/site-packages/airflow/example_dags/example_skip_dag.py
[2026-03-29T12:24:39.775+0500] {processor.py:830} INFO - Processing file /home/abayturar/airflow-project/venv/lib/python3.12/site-packages/airflow/example_dags/example_skip_dag.py for tasks to queue
[2026-03-29T12:24:39.777+0500] {logging_mixin.py:188} INFO - [2026-03-29T12:24:39.777+0500] {dagbag.py:545} INFO - Filling up the DagBag from /home/abayturar/airflow-project/venv/lib/python3.12/site-packages/airflow/example_dags/example_skip_dag.py
[2026-03-29T12:24:39.783+0500] {processor.py:840} INFO - DAG(s) 'example_skip_dag' retrieved from /home/abayturar/airflow-project/venv/lib/python3.12/site-packages/airflow/example_dags/example_skip_dag.py
[2026-03-29T12:24:39.799+0500] {logging_mixin.py:188} INFO - [2026-03-29T12:24:39.799+0500] {dag.py:3089} INFO - Sync 1 DAGs
[2026-03-29T12:24:39.813+0500] {logging_mixin.py:188} INFO - [2026-03-29T12:24:39.813+0500] {dag.py:3947} INFO - Setting next_dagrun for example_skip_dag to 2026-03-28 00:00:00+00:00, run_after=2026-03-29 00:00:00+00:00
[2026-03-29T12:24:39.870+0500] {processor.py:183} INFO - Processing /home/abayturar/airflow-project/venv/lib/python3.12/site-packages/airflow/example_dags/example_skip_dag.py took 0.101 seconds
[2026-03-29T12:25:33.201+0500] {processor.py:161} INFO - Started process (PID=3688) to work on /home/abayturar/airflow-project/venv/lib/python3.12/site-packages/airflow/example_dags/example_skip_dag.py
[2026-03-29T12:25:33.202+0500] {processor.py:830} INFO - Processing file /home/abayturar/airflow-project/venv/lib/python3.12/site-packages/airflow/example_dags/example_skip_dag.py for tasks to queue
[2026-03-29T12:25:33.204+0500] {logging_mixin.py:188} INFO - [2026-03-29T12:25:33.203+0500] {dagbag.py:545} INFO - Filling up the DagBag from /home/abayturar/airflow-project/venv/lib/python3.12/site-packages/airflow/example_dags/example_skip_dag.py
[2026-03-29T12:25:33.210+0500] {processor.py:840} INFO - DAG(s) 'example_skip_dag' retrieved from /home/abayturar/airflow-project/venv/lib/python3.12/site-packages/airflow/example_dags/example_skip_dag.py
[2026-03-29T12:25:33.225+0500] {logging_mixin.py:188} INFO - [2026-03-29T12:25:33.225+0500] {dag.py:3089} INFO - Sync 1 DAGs
[2026-03-29T12:25:33.239+0500] {logging_mixin.py:188} INFO - [2026-03-29T12:25:33.238+0500] {dag.py:3947} INFO - Setting next_dagrun for example_skip_dag to 2026-03-28 00:00:00+00:00, run_after=2026-03-29 00:00:00+00:00
[2026-03-29T12:25:33.253+0500] {processor.py:183} INFO - Processing /home/abayturar/airflow-project/venv/lib/python3.12/site-packages/airflow/example_dags/example_skip_dag.py took 0.058 seconds
[2026-03-29T12:26:23.481+0500] {processor.py:161} INFO - Started process (PID=3994) to work on /home/abayturar/airflow-project/venv/lib/python3.12/site-packages/airflow/example_dags/example_skip_dag.py
[2026-03-29T12:26:23.481+0500] {processor.py:830} INFO - Processing file /home/abayturar/airflow-project/venv/lib/python3.12/site-packages/airflow/example_dags/example_skip_dag.py for tasks to queue
[2026-03-29T12:26:23.483+0500] {logging_mixin.py:188} INFO - [2026-03-29T12:26:23.483+0500] {dagbag.py:545} INFO - Filling up the DagBag from /home/abayturar/airflow-project/venv/lib/python3.12/site-packages/airflow/example_dags/example_skip_dag.py
[2026-03-29T12:26:23.491+0500] {processor.py:840} INFO - DAG(s) 'example_skip_dag' retrieved from /home/abayturar/airflow-project/venv/lib/python3.12/site-packages/airflow/example_dags/example_skip_dag.py
[2026-03-29T12:26:23.508+0500] {logging_mixin.py:188} INFO - [2026-03-29T12:26:23.508+0500] {dag.py:3089} INFO - Sync 1 DAGs
[2026-03-29T12:26:23.525+0500] {logging_mixin.py:188} INFO - [2026-03-29T12:26:23.525+0500] {dag.py:3947} INFO - Setting next_dagrun for example_skip_dag to 2026-03-28 00:00:00+00:00, run_after=2026-03-29 00:00:00+00:00
[2026-03-29T12:26:23.583+0500] {processor.py:183} INFO - Processing /home/abayturar/airflow-project/venv/lib/python3.12/site-packages/airflow/example_dags/example_skip_dag.py took 0.109 seconds
[2026-03-29T12:27:12.396+0500] {processor.py:161} INFO - Started process (PID=4209) to work on /home/abayturar/airflow-project/venv/lib/python3.12/site-packages/airflow/example_dags/example_skip_dag.py
[2026-03-29T12:27:12.397+0500] {processor.py:830} INFO - Processing file /home/abayturar/airflow-project/venv/lib/python3.12/site-packages/airflow/example_dags/example_skip_dag.py for tasks to queue
[2026-03-29T12:27:12.398+0500] {logging_mixin.py:188} INFO - [2026-03-29T12:27:12.398+0500] {dagbag.py:545} INFO - Filling up the DagBag from /home/abayturar/airflow-project/venv/lib/python3.12/site-packages/airflow/example_dags/example_skip_dag.py
[2026-03-29T12:27:12.405+0500] {processor.py:840} INFO - DAG(s) 'example_skip_dag' retrieved from /home/abayturar/airflow-project/venv/lib/python3.12/site-packages/airflow/example_dags/example_skip_dag.py
[2026-03-29T12:27:12.423+0500] {logging_mixin.py:188} INFO - [2026-03-29T12:27:12.423+0500] {dag.py:3089} INFO - Sync 1 DAGs
[2026-03-29T12:27:12.439+0500] {logging_mixin.py:188} INFO - [2026-03-29T12:27:12.439+0500] {dag.py:3947} INFO - Setting next_dagrun for example_skip_dag to 2026-03-28 00:00:00+00:00, run_after=2026-03-29 00:00:00+00:00
[2026-03-29T12:27:12.494+0500] {processor.py:183} INFO - Processing /home/abayturar/airflow-project/venv/lib/python3.12/site-packages/airflow/example_dags/example_skip_dag.py took 0.105 seconds
[2026-03-29T12:28:01.946+0500] {processor.py:161} INFO - Started process (PID=4462) to work on /home/abayturar/airflow-project/venv/lib/python3.12/site-packages/airflow/example_dags/example_skip_dag.py
[2026-03-29T12:28:01.947+0500] {processor.py:830} INFO - Processing file /home/abayturar/airflow-project/venv/lib/python3.12/site-packages/airflow/example_dags/example_skip_dag.py for tasks to queue
[2026-03-29T12:28:01.948+0500] {logging_mixin.py:188} INFO - [2026-03-29T12:28:01.948+0500] {dagbag.py:545} INFO - Filling up the DagBag from /home/abayturar/airflow-project/venv/lib/python3.12/site-packages/airflow/example_dags/example_skip_dag.py
[2026-03-29T12:28:01.956+0500] {processor.py:840} INFO - DAG(s) 'example_skip_dag' retrieved from /home/abayturar/airflow-project/venv/lib/python3.12/site-packages/airflow/example_dags/example_skip_dag.py
[2026-03-29T12:28:01.973+0500] {logging_mixin.py:188} INFO - [2026-03-29T12:28:01.973+0500] {dag.py:3089} INFO - Sync 1 DAGs
[2026-03-29T12:28:01.990+0500] {logging_mixin.py:188} INFO - [2026-03-29T12:28:01.989+0500] {dag.py:3947} INFO - Setting next_dagrun for example_skip_dag to 2026-03-28 00:00:00+00:00, run_after=2026-03-29 00:00:00+00:00
[2026-03-29T12:28:02.008+0500] {processor.py:183} INFO - Processing /home/abayturar/airflow-project/venv/lib/python3.12/site-packages/airflow/example_dags/example_skip_dag.py took 0.070 seconds
[2026-03-29T12:28:48.261+0500] {processor.py:161} INFO - Started process (PID=4587) to work on /home/abayturar/airflow-project/venv/lib/python3.12/site-packages/airflow/example_dags/example_skip_dag.py
[2026-03-29T12:28:48.262+0500] {processor.py:830} INFO - Processing file /home/abayturar/airflow-project/venv/lib/python3.12/site-packages/airflow/example_dags/example_skip_dag.py for tasks to queue
[2026-03-29T12:28:48.264+0500] {logging_mixin.py:188} INFO - [2026-03-29T12:28:48.263+0500] {dagbag.py:545} INFO - Filling up the DagBag from /home/abayturar/airflow-project/venv/lib/python3.12/site-packages/airflow/example_dags/example_skip_dag.py
[2026-03-29T12:28:48.271+0500] {processor.py:840} INFO - DAG(s) 'example_skip_dag' retrieved from /home/abayturar/airflow-project/venv/lib/python3.12/site-packages/airflow/example_dags/example_skip_dag.py
[2026-03-29T12:28:48.288+0500] {logging_mixin.py:188} INFO - [2026-03-29T12:28:48.288+0500] {dag.py:3089} INFO - Sync 1 DAGs
[2026-03-29T12:28:48.303+0500] {logging_mixin.py:188} INFO - [2026-03-29T12:28:48.303+0500] {dag.py:3947} INFO - Setting next_dagrun for example_skip_dag to 2026-03-28 00:00:00+00:00, run_after=2026-03-29 00:00:00+00:00
[2026-03-29T12:28:48.324+0500] {processor.py:183} INFO - Processing /home/abayturar/airflow-project/venv/lib/python3.12/site-packages/airflow/example_dags/example_skip_dag.py took 0.070 seconds
[2026-03-29T12:29:38.102+0500] {processor.py:161} INFO - Started process (PID=4733) to work on /home/abayturar/airflow-project/venv/lib/python3.12/site-packages/airflow/example_dags/example_skip_dag.py
[2026-03-29T12:29:38.103+0500] {processor.py:830} INFO - Processing file /home/abayturar/airflow-project/venv/lib/python3.12/site-packages/airflow/example_dags/example_skip_dag.py for tasks to queue
[2026-03-29T12:29:38.105+0500] {logging_mixin.py:188} INFO - [2026-03-29T12:29:38.105+0500] {dagbag.py:545} INFO - Filling up the DagBag from /home/abayturar/airflow-project/venv/lib/python3.12/site-packages/airflow/example_dags/example_skip_dag.py
[2026-03-29T12:29:38.113+0500] {processor.py:840} INFO - DAG(s) 'example_skip_dag' retrieved from /home/abayturar/airflow-project/venv/lib/python3.12/site-packages/airflow/example_dags/example_skip_dag.py
[2026-03-29T12:29:38.131+0500] {logging_mixin.py:188} INFO - [2026-03-29T12:29:38.131+0500] {dag.py:3089} INFO - Sync 1 DAGs
[2026-03-29T12:29:38.148+0500] {logging_mixin.py:188} INFO - [2026-03-29T12:29:38.147+0500] {dag.py:3947} INFO - Setting next_dagrun for example_skip_dag to 2026-03-28 00:00:00+00:00, run_after=2026-03-29 00:00:00+00:00
[2026-03-29T12:29:38.167+0500] {processor.py:183} INFO - Processing /home/abayturar/airflow-project/venv/lib/python3.12/site-packages/airflow/example_dags/example_skip_dag.py took 0.074 seconds
[2026-03-29T12:30:27.978+0500] {processor.py:161} INFO - Started process (PID=5012) to work on /home/abayturar/airflow-project/venv/lib/python3.12/site-packages/airflow/example_dags/example_skip_dag.py
[2026-03-29T12:30:27.979+0500] {processor.py:830} INFO - Processing file /home/abayturar/airflow-project/venv/lib/python3.12/site-packages/airflow/example_dags/example_skip_dag.py for tasks to queue
[2026-03-29T12:30:27.981+0500] {logging_mixin.py:188} INFO - [2026-03-29T12:30:27.981+0500] {dagbag.py:545} INFO - Filling up the DagBag from /home/abayturar/airflow-project/venv/lib/python3.12/site-packages/airflow/example_dags/example_skip_dag.py
[2026-03-29T12:30:27.988+0500] {processor.py:840} INFO - DAG(s) 'example_skip_dag' retrieved from /home/abayturar/airflow-project/venv/lib/python3.12/site-packages/airflow/example_dags/example_skip_dag.py
[2026-03-29T12:30:28.007+0500] {logging_mixin.py:188} INFO - [2026-03-29T12:30:28.007+0500] {dag.py:3089} INFO - Sync 1 DAGs
[2026-03-29T12:30:28.023+0500] {logging_mixin.py:188} INFO - [2026-03-29T12:30:28.023+0500] {dag.py:3947} INFO - Setting next_dagrun for example_skip_dag to 2026-03-28 00:00:00+00:00, run_after=2026-03-29 00:00:00+00:00
[2026-03-29T12:30:28.078+0500] {processor.py:183} INFO - Processing /home/abayturar/airflow-project/venv/lib/python3.12/site-packages/airflow/example_dags/example_skip_dag.py took 0.108 seconds
[2026-03-29T12:31:17.769+0500] {processor.py:161} INFO - Started process (PID=5267) to work on /home/abayturar/airflow-project/venv/lib/python3.12/site-packages/airflow/example_dags/example_skip_dag.py
[2026-03-29T12:31:17.770+0500] {processor.py:830} INFO - Processing file /home/abayturar/airflow-project/venv/lib/python3.12/site-packages/airflow/example_dags/example_skip_dag.py for tasks to queue
[2026-03-29T12:31:17.772+0500] {logging_mixin.py:188} INFO - [2026-03-29T12:31:17.771+0500] {dagbag.py:545} INFO - Filling up the DagBag from /home/abayturar/airflow-project/venv/lib/python3.12/site-packages/airflow/example_dags/example_skip_dag.py
[2026-03-29T12:31:17.778+0500] {processor.py:840} INFO - DAG(s) 'example_skip_dag' retrieved from /home/abayturar/airflow-project/venv/lib/python3.12/site-packages/airflow/example_dags/example_skip_dag.py
[2026-03-29T12:31:17.794+0500] {logging_mixin.py:188} INFO - [2026-03-29T12:31:17.793+0500] {dag.py:3089} INFO - Sync 1 DAGs
[2026-03-29T12:31:17.807+0500] {logging_mixin.py:188} INFO - [2026-03-29T12:31:17.807+0500] {dag.py:3947} INFO - Setting next_dagrun for example_skip_dag to 2026-03-28 00:00:00+00:00, run_after=2026-03-29 00:00:00+00:00
[2026-03-29T12:31:17.861+0500] {processor.py:183} INFO - Processing /home/abayturar/airflow-project/venv/lib/python3.12/site-packages/airflow/example_dags/example_skip_dag.py took 0.098 seconds
[2026-03-29T12:32:05.561+0500] {processor.py:161} INFO - Started process (PID=5690) to work on /home/abayturar/airflow-project/venv/lib/python3.12/site-packages/airflow/example_dags/example_skip_dag.py
[2026-03-29T12:32:05.562+0500] {processor.py:830} INFO - Processing file /home/abayturar/airflow-project/venv/lib/python3.12/site-packages/airflow/example_dags/example_skip_dag.py for tasks to queue
[2026-03-29T12:32:05.564+0500] {logging_mixin.py:188} INFO - [2026-03-29T12:32:05.564+0500] {dagbag.py:545} INFO - Filling up the DagBag from /home/abayturar/airflow-project/venv/lib/python3.12/site-packages/airflow/example_dags/example_skip_dag.py
[2026-03-29T12:32:05.573+0500] {processor.py:840} INFO - DAG(s) 'example_skip_dag' retrieved from /home/abayturar/airflow-project/venv/lib/python3.12/site-packages/airflow/example_dags/example_skip_dag.py
[2026-03-29T12:32:05.592+0500] {logging_mixin.py:188} INFO - [2026-03-29T12:32:05.592+0500] {dag.py:3089} INFO - Sync 1 DAGs
[2026-03-29T12:32:05.609+0500] {logging_mixin.py:188} INFO - [2026-03-29T12:32:05.609+0500] {dag.py:3947} INFO - Setting next_dagrun for example_skip_dag to 2026-03-28 00:00:00+00:00, run_after=2026-03-29 00:00:00+00:00
[2026-03-29T12:32:05.667+0500] {processor.py:183} INFO - Processing /home/abayturar/airflow-project/venv/lib/python3.12/site-packages/airflow/example_dags/example_skip_dag.py took 0.113 seconds
[2026-03-29T12:32:52.115+0500] {processor.py:161} INFO - Started process (PID=6081) to work on /home/abayturar/airflow-project/venv/lib/python3.12/site-packages/airflow/example_dags/example_skip_dag.py
[2026-03-29T12:32:52.116+0500] {processor.py:830} INFO - Processing file /home/abayturar/airflow-project/venv/lib/python3.12/site-packages/airflow/example_dags/example_skip_dag.py for tasks to queue
[2026-03-29T12:32:52.118+0500] {logging_mixin.py:188} INFO - [2026-03-29T12:32:52.118+0500] {dagbag.py:545} INFO - Filling up the DagBag from /home/abayturar/airflow-project/venv/lib/python3.12/site-packages/airflow/example_dags/example_skip_dag.py
[2026-03-29T12:32:52.127+0500] {processor.py:840} INFO - DAG(s) 'example_skip_dag' retrieved from /home/abayturar/airflow-project/venv/lib/python3.12/site-packages/airflow/example_dags/example_skip_dag.py
[2026-03-29T12:32:52.152+0500] {logging_mixin.py:188} INFO - [2026-03-29T12:32:52.152+0500] {dag.py:3089} INFO - Sync 1 DAGs
[2026-03-29T12:32:52.176+0500] {logging_mixin.py:188} INFO - [2026-03-29T12:32:52.176+0500] {dag.py:3947} INFO - Setting next_dagrun for example_skip_dag to 2026-03-28 00:00:00+00:00, run_after=2026-03-29 00:00:00+00:00
[2026-03-29T12:32:52.200+0500] {processor.py:183} INFO - Processing /home/abayturar/airflow-project/venv/lib/python3.12/site-packages/airflow/example_dags/example_skip_dag.py took 0.092 seconds
[2026-03-29T12:33:41.070+0500] {processor.py:161} INFO - Started process (PID=6207) to work on /home/abayturar/airflow-project/venv/lib/python3.12/site-packages/airflow/example_dags/example_skip_dag.py
[2026-03-29T12:33:41.071+0500] {processor.py:830} INFO - Processing file /home/abayturar/airflow-project/venv/lib/python3.12/site-packages/airflow/example_dags/example_skip_dag.py for tasks to queue
[2026-03-29T12:33:41.073+0500] {logging_mixin.py:188} INFO - [2026-03-29T12:33:41.073+0500] {dagbag.py:545} INFO - Filling up the DagBag from /home/abayturar/airflow-project/venv/lib/python3.12/site-packages/airflow/example_dags/example_skip_dag.py
[2026-03-29T12:33:41.080+0500] {processor.py:840} INFO - DAG(s) 'example_skip_dag' retrieved from /home/abayturar/airflow-project/venv/lib/python3.12/site-packages/airflow/example_dags/example_skip_dag.py
[2026-03-29T12:33:41.096+0500] {logging_mixin.py:188} INFO - [2026-03-29T12:33:41.096+0500] {dag.py:3089} INFO - Sync 1 DAGs
[2026-03-29T12:33:41.110+0500] {logging_mixin.py:188} INFO - [2026-03-29T12:33:41.110+0500] {dag.py:3947} INFO - Setting next_dagrun for example_skip_dag to 2026-03-28 00:00:00+00:00, run_after=2026-03-29 00:00:00+00:00
[2026-03-29T12:33:41.130+0500] {processor.py:183} INFO - Processing /home/abayturar/airflow-project/venv/lib/python3.12/site-packages/airflow/example_dags/example_skip_dag.py took 0.066 seconds
[2026-03-29T12:34:29.680+0500] {processor.py:161} INFO - Started process (PID=6349) to work on /home/abayturar/airflow-project/venv/lib/python3.12/site-packages/airflow/example_dags/example_skip_dag.py
[2026-03-29T12:34:29.681+0500] {processor.py:830} INFO - Processing file /home/abayturar/airflow-project/venv/lib/python3.12/site-packages/airflow/example_dags/example_skip_dag.py for tasks to queue
[2026-03-29T12:34:29.684+0500] {logging_mixin.py:188} INFO - [2026-03-29T12:34:29.683+0500] {dagbag.py:545} INFO - Filling up the DagBag from /home/abayturar/airflow-project/venv/lib/python3.12/site-packages/airflow/example_dags/example_skip_dag.py
[2026-03-29T12:34:29.692+0500] {processor.py:840} INFO - DAG(s) 'example_skip_dag' retrieved from /home/abayturar/airflow-project/venv/lib/python3.12/site-packages/airflow/example_dags/example_skip_dag.py
[2026-03-29T12:34:29.710+0500] {logging_mixin.py:188} INFO - [2026-03-29T12:34:29.710+0500] {dag.py:3089} INFO - Sync 1 DAGs
[2026-03-29T12:34:29.727+0500] {logging_mixin.py:188} INFO - [2026-03-29T12:34:29.727+0500] {dag.py:3947} INFO - Setting next_dagrun for example_skip_dag to 2026-03-28 00:00:00+00:00, run_after=2026-03-29 00:00:00+00:00
[2026-03-29T12:34:29.748+0500] {processor.py:183} INFO - Processing /home/abayturar/airflow-project/venv/lib/python3.12/site-packages/airflow/example_dags/example_skip_dag.py took 0.076 seconds
[2026-03-29T12:35:19.181+0500] {processor.py:161} INFO - Started process (PID=6479) to work on /home/abayturar/airflow-project/venv/lib/python3.12/site-packages/airflow/example_dags/example_skip_dag.py
[2026-03-29T12:35:19.182+0500] {processor.py:830} INFO - Processing file /home/abayturar/airflow-project/venv/lib/python3.12/site-packages/airflow/example_dags/example_skip_dag.py for tasks to queue
[2026-03-29T12:35:19.184+0500] {logging_mixin.py:188} INFO - [2026-03-29T12:35:19.183+0500] {dagbag.py:545} INFO - Filling up the DagBag from /home/abayturar/airflow-project/venv/lib/python3.12/site-packages/airflow/example_dags/example_skip_dag.py
[2026-03-29T12:35:19.190+0500] {processor.py:840} INFO - DAG(s) 'example_skip_dag' retrieved from /home/abayturar/airflow-project/venv/lib/python3.12/site-packages/airflow/example_dags/example_skip_dag.py
[2026-03-29T12:35:19.206+0500] {logging_mixin.py:188} INFO - [2026-03-29T12:35:19.206+0500] {dag.py:3089} INFO - Sync 1 DAGs
[2026-03-29T12:35:19.220+0500] {logging_mixin.py:188} INFO - [2026-03-29T12:35:19.220+0500] {dag.py:3947} INFO - Setting next_dagrun for example_skip_dag to 2026-03-28 00:00:00+00:00, run_after=2026-03-29 00:00:00+00:00
[2026-03-29T12:35:19.276+0500] {processor.py:183} INFO - Processing /home/abayturar/airflow-project/venv/lib/python3.12/site-packages/airflow/example_dags/example_skip_dag.py took 0.101 seconds
[2026-03-29T12:36:08.796+0500] {processor.py:161} INFO - Started process (PID=6610) to work on /home/abayturar/airflow-project/venv/lib/python3.12/site-packages/airflow/example_dags/example_skip_dag.py
[2026-03-29T12:36:08.797+0500] {processor.py:830} INFO - Processing file /home/abayturar/airflow-project/venv/lib/python3.12/site-packages/airflow/example_dags/example_skip_dag.py for tasks to queue
[2026-03-29T12:36:08.798+0500] {logging_mixin.py:188} INFO - [2026-03-29T12:36:08.798+0500] {dagbag.py:545} INFO - Filling up the DagBag from /home/abayturar/airflow-project/venv/lib/python3.12/site-packages/airflow/example_dags/example_skip_dag.py
[2026-03-29T12:36:08.805+0500] {processor.py:840} INFO - DAG(s) 'example_skip_dag' retrieved from /home/abayturar/airflow-project/venv/lib/python3.12/site-packages/airflow/example_dags/example_skip_dag.py
[2026-03-29T12:36:08.821+0500] {logging_mixin.py:188} INFO - [2026-03-29T12:36:08.821+0500] {dag.py:3089} INFO - Sync 1 DAGs
[2026-03-29T12:36:08.838+0500] {logging_mixin.py:188} INFO - [2026-03-29T12:36:08.837+0500] {dag.py:3947} INFO - Setting next_dagrun for example_skip_dag to 2026-03-28 00:00:00+00:00, run_after=2026-03-29 00:00:00+00:00
[2026-03-29T12:36:08.894+0500] {processor.py:183} INFO - Processing /home/abayturar/airflow-project/venv/lib/python3.12/site-packages/airflow/example_dags/example_skip_dag.py took 0.104 seconds
[2026-03-29T12:36:58.291+0500] {processor.py:161} INFO - Started process (PID=6740) to work on /home/abayturar/airflow-project/venv/lib/python3.12/site-packages/airflow/example_dags/example_skip_dag.py
[2026-03-29T12:36:58.292+0500] {processor.py:830} INFO - Processing file /home/abayturar/airflow-project/venv/lib/python3.12/site-packages/airflow/example_dags/example_skip_dag.py for tasks to queue
[2026-03-29T12:36:58.294+0500] {logging_mixin.py:188} INFO - [2026-03-29T12:36:58.293+0500] {dagbag.py:545} INFO - Filling up the DagBag from /home/abayturar/airflow-project/venv/lib/python3.12/site-packages/airflow/example_dags/example_skip_dag.py
[2026-03-29T12:36:58.302+0500] {processor.py:840} INFO - DAG(s) 'example_skip_dag' retrieved from /home/abayturar/airflow-project/venv/lib/python3.12/site-packages/airflow/example_dags/example_skip_dag.py
[2026-03-29T12:36:58.322+0500] {logging_mixin.py:188} INFO - [2026-03-29T12:36:58.322+0500] {dag.py:3089} INFO - Sync 1 DAGs
[2026-03-29T12:36:58.339+0500] {logging_mixin.py:188} INFO - [2026-03-29T12:36:58.339+0500] {dag.py:3947} INFO - Setting next_dagrun for example_skip_dag to 2026-03-28 00:00:00+00:00, run_after=2026-03-29 00:00:00+00:00
[2026-03-29T12:36:58.400+0500] {processor.py:183} INFO - Processing /home/abayturar/airflow-project/venv/lib/python3.12/site-packages/airflow/example_dags/example_skip_dag.py took 0.117 seconds
[2026-03-29T12:37:47.974+0500] {processor.py:161} INFO - Started process (PID=6870) to work on /home/abayturar/airflow-project/venv/lib/python3.12/site-packages/airflow/example_dags/example_skip_dag.py
[2026-03-29T12:37:47.975+0500] {processor.py:830} INFO - Processing file /home/abayturar/airflow-project/venv/lib/python3.12/site-packages/airflow/example_dags/example_skip_dag.py for tasks to queue
[2026-03-29T12:37:47.977+0500] {logging_mixin.py:188} INFO - [2026-03-29T12:37:47.976+0500] {dagbag.py:545} INFO - Filling up the DagBag from /home/abayturar/airflow-project/venv/lib/python3.12/site-packages/airflow/example_dags/example_skip_dag.py
[2026-03-29T12:37:47.984+0500] {processor.py:840} INFO - DAG(s) 'example_skip_dag' retrieved from /home/abayturar/airflow-project/venv/lib/python3.12/site-packages/airflow/example_dags/example_skip_dag.py
[2026-03-29T12:37:48.003+0500] {logging_mixin.py:188} INFO - [2026-03-29T12:37:48.003+0500] {dag.py:3089} INFO - Sync 1 DAGs
[2026-03-29T12:37:48.017+0500] {logging_mixin.py:188} INFO - [2026-03-29T12:37:48.017+0500] {dag.py:3947} INFO - Setting next_dagrun for example_skip_dag to 2026-03-28 00:00:00+00:00, run_after=2026-03-29 00:00:00+00:00
[2026-03-29T12:37:48.034+0500] {processor.py:183} INFO - Processing /home/abayturar/airflow-project/venv/lib/python3.12/site-packages/airflow/example_dags/example_skip_dag.py took 0.066 seconds
[2026-03-29T12:38:39.163+0500] {processor.py:161} INFO - Started process (PID=7005) to work on /home/abayturar/airflow-project/venv/lib/python3.12/site-packages/airflow/example_dags/example_skip_dag.py
[2026-03-29T12:38:39.164+0500] {processor.py:830} INFO - Processing file /home/abayturar/airflow-project/venv/lib/python3.12/site-packages/airflow/example_dags/example_skip_dag.py for tasks to queue
[2026-03-29T12:38:39.166+0500] {logging_mixin.py:188} INFO - [2026-03-29T12:38:39.165+0500] {dagbag.py:545} INFO - Filling up the DagBag from /home/abayturar/airflow-project/venv/lib/python3.12/site-packages/airflow/example_dags/example_skip_dag.py
[2026-03-29T12:38:39.173+0500] {processor.py:840} INFO - DAG(s) 'example_skip_dag' retrieved from /home/abayturar/airflow-project/venv/lib/python3.12/site-packages/airflow/example_dags/example_skip_dag.py
[2026-03-29T12:38:39.190+0500] {logging_mixin.py:188} INFO - [2026-03-29T12:38:39.190+0500] {dag.py:3089} INFO - Sync 1 DAGs
[2026-03-29T12:38:39.205+0500] {logging_mixin.py:188} INFO - [2026-03-29T12:38:39.204+0500] {dag.py:3947} INFO - Setting next_dagrun for example_skip_dag to 2026-03-28 00:00:00+00:00, run_after=2026-03-29 00:00:00+00:00
[2026-03-29T12:38:39.258+0500] {processor.py:183} INFO - Processing /home/abayturar/airflow-project/venv/lib/python3.12/site-packages/airflow/example_dags/example_skip_dag.py took 0.101 seconds
[2026-03-29T12:39:31.707+0500] {processor.py:161} INFO - Started process (PID=7140) to work on /home/abayturar/airflow-project/venv/lib/python3.12/site-packages/airflow/example_dags/example_skip_dag.py
[2026-03-29T12:39:31.708+0500] {processor.py:830} INFO - Processing file /home/abayturar/airflow-project/venv/lib/python3.12/site-packages/airflow/example_dags/example_skip_dag.py for tasks to queue
[2026-03-29T12:39:31.709+0500] {logging_mixin.py:188} INFO - [2026-03-29T12:39:31.709+0500] {dagbag.py:545} INFO - Filling up the DagBag from /home/abayturar/airflow-project/venv/lib/python3.12/site-packages/airflow/example_dags/example_skip_dag.py
[2026-03-29T12:39:31.716+0500] {processor.py:840} INFO - DAG(s) 'example_skip_dag' retrieved from /home/abayturar/airflow-project/venv/lib/python3.12/site-packages/airflow/example_dags/example_skip_dag.py
[2026-03-29T12:39:31.733+0500] {logging_mixin.py:188} INFO - [2026-03-29T12:39:31.733+0500] {dag.py:3089} INFO - Sync 1 DAGs
[2026-03-29T12:39:31.747+0500] {logging_mixin.py:188} INFO - [2026-03-29T12:39:31.747+0500] {dag.py:3947} INFO - Setting next_dagrun for example_skip_dag to 2026-03-28 00:00:00+00:00, run_after=2026-03-29 00:00:00+00:00
[2026-03-29T12:39:31.801+0500] {processor.py:183} INFO - Processing /home/abayturar/airflow-project/venv/lib/python3.12/site-packages/airflow/example_dags/example_skip_dag.py took 0.100 seconds
[2026-03-29T12:40:21.608+0500] {processor.py:161} INFO - Started process (PID=7302) to work on /home/abayturar/airflow-project/venv/lib/python3.12/site-packages/airflow/example_dags/example_skip_dag.py
[2026-03-29T12:40:21.609+0500] {processor.py:830} INFO - Processing file /home/abayturar/airflow-project/venv/lib/python3.12/site-packages/airflow/example_dags/example_skip_dag.py for tasks to queue
[2026-03-29T12:40:21.611+0500] {logging_mixin.py:188} INFO - [2026-03-29T12:40:21.611+0500] {dagbag.py:545} INFO - Filling up the DagBag from /home/abayturar/airflow-project/venv/lib/python3.12/site-packages/airflow/example_dags/example_skip_dag.py
[2026-03-29T12:40:21.617+0500] {processor.py:840} INFO - DAG(s) 'example_skip_dag' retrieved from /home/abayturar/airflow-project/venv/lib/python3.12/site-packages/airflow/example_dags/example_skip_dag.py
[2026-03-29T12:40:21.633+0500] {logging_mixin.py:188} INFO - [2026-03-29T12:40:21.633+0500] {dag.py:3089} INFO - Sync 1 DAGs
[2026-03-29T12:40:21.646+0500] {logging_mixin.py:188} INFO - [2026-03-29T12:40:21.646+0500] {dag.py:3947} INFO - Setting next_dagrun for example_skip_dag to 2026-03-28 00:00:00+00:00, run_after=2026-03-29 00:00:00+00:00
[2026-03-29T12:40:21.699+0500] {processor.py:183} INFO - Processing /home/abayturar/airflow-project/venv/lib/python3.12/site-packages/airflow/example_dags/example_skip_dag.py took 0.097 seconds
[2026-03-29T12:41:12.524+0500] {processor.py:161} INFO - Started process (PID=7433) to work on /home/abayturar/airflow-project/venv/lib/python3.12/site-packages/airflow/example_dags/example_skip_dag.py
[2026-03-29T12:41:12.524+0500] {processor.py:830} INFO - Processing file /home/abayturar/airflow-project/venv/lib/python3.12/site-packages/airflow/example_dags/example_skip_dag.py for tasks to queue
[2026-03-29T12:41:12.526+0500] {logging_mixin.py:188} INFO - [2026-03-29T12:41:12.526+0500] {dagbag.py:545} INFO - Filling up the DagBag from /home/abayturar/airflow-project/venv/lib/python3.12/site-packages/airflow/example_dags/example_skip_dag.py
[2026-03-29T12:41:12.533+0500] {processor.py:840} INFO - DAG(s) 'example_skip_dag' retrieved from /home/abayturar/airflow-project/venv/lib/python3.12/site-packages/airflow/example_dags/example_skip_dag.py
[2026-03-29T12:41:12.549+0500] {logging_mixin.py:188} INFO - [2026-03-29T12:41:12.549+0500] {dag.py:3089} INFO - Sync 1 DAGs
[2026-03-29T12:41:12.563+0500] {logging_mixin.py:188} INFO - [2026-03-29T12:41:12.563+0500] {dag.py:3947} INFO - Setting next_dagrun for example_skip_dag to 2026-03-28 00:00:00+00:00, run_after=2026-03-29 00:00:00+00:00
[2026-03-29T12:41:12.581+0500] {processor.py:183} INFO - Processing /home/abayturar/airflow-project/venv/lib/python3.12/site-packages/airflow/example_dags/example_skip_dag.py took 0.064 seconds
[2026-03-29T12:42:05.205+0500] {processor.py:161} INFO - Started process (PID=7595) to work on /home/abayturar/airflow-project/venv/lib/python3.12/site-packages/airflow/example_dags/example_skip_dag.py
[2026-03-29T12:42:05.206+0500] {processor.py:830} INFO - Processing file /home/abayturar/airflow-project/venv/lib/python3.12/site-packages/airflow/example_dags/example_skip_dag.py for tasks to queue
[2026-03-29T12:42:05.208+0500] {logging_mixin.py:188} INFO - [2026-03-29T12:42:05.208+0500] {dagbag.py:545} INFO - Filling up the DagBag from /home/abayturar/airflow-project/venv/lib/python3.12/site-packages/airflow/example_dags/example_skip_dag.py
[2026-03-29T12:42:05.216+0500] {processor.py:840} INFO - DAG(s) 'example_skip_dag' retrieved from /home/abayturar/airflow-project/venv/lib/python3.12/site-packages/airflow/example_dags/example_skip_dag.py
[2026-03-29T12:42:05.236+0500] {logging_mixin.py:188} INFO - [2026-03-29T12:42:05.236+0500] {dag.py:3089} INFO - Sync 1 DAGs
[2026-03-29T12:42:05.250+0500] {logging_mixin.py:188} INFO - [2026-03-29T12:42:05.250+0500] {dag.py:3947} INFO - Setting next_dagrun for example_skip_dag to 2026-03-28 00:00:00+00:00, run_after=2026-03-29 00:00:00+00:00
[2026-03-29T12:42:05.305+0500] {processor.py:183} INFO - Processing /home/abayturar/airflow-project/venv/lib/python3.12/site-packages/airflow/example_dags/example_skip_dag.py took 0.108 seconds
[2026-03-29T12:42:57.605+0500] {processor.py:161} INFO - Started process (PID=7731) to work on /home/abayturar/airflow-project/venv/lib/python3.12/site-packages/airflow/example_dags/example_skip_dag.py
[2026-03-29T12:42:57.606+0500] {processor.py:830} INFO - Processing file /home/abayturar/airflow-project/venv/lib/python3.12/site-packages/airflow/example_dags/example_skip_dag.py for tasks to queue
[2026-03-29T12:42:57.607+0500] {logging_mixin.py:188} INFO - [2026-03-29T12:42:57.607+0500] {dagbag.py:545} INFO - Filling up the DagBag from /home/abayturar/airflow-project/venv/lib/python3.12/site-packages/airflow/example_dags/example_skip_dag.py
[2026-03-29T12:42:57.614+0500] {processor.py:840} INFO - DAG(s) 'example_skip_dag' retrieved from /home/abayturar/airflow-project/venv/lib/python3.12/site-packages/airflow/example_dags/example_skip_dag.py
[2026-03-29T12:42:57.630+0500] {logging_mixin.py:188} INFO - [2026-03-29T12:42:57.630+0500] {dag.py:3089} INFO - Sync 1 DAGs
[2026-03-29T12:42:57.647+0500] {logging_mixin.py:188} INFO - [2026-03-29T12:42:57.647+0500] {dag.py:3947} INFO - Setting next_dagrun for example_skip_dag to 2026-03-28 00:00:00+00:00, run_after=2026-03-29 00:00:00+00:00
[2026-03-29T12:42:57.701+0500] {processor.py:183} INFO - Processing /home/abayturar/airflow-project/venv/lib/python3.12/site-packages/airflow/example_dags/example_skip_dag.py took 0.102 seconds
[2026-03-29T12:43:49.027+0500] {processor.py:161} INFO - Started process (PID=7965) to work on /home/abayturar/airflow-project/venv/lib/python3.12/site-packages/airflow/example_dags/example_skip_dag.py
[2026-03-29T12:43:49.028+0500] {processor.py:830} INFO - Processing file /home/abayturar/airflow-project/venv/lib/python3.12/site-packages/airflow/example_dags/example_skip_dag.py for tasks to queue
[2026-03-29T12:43:49.031+0500] {logging_mixin.py:188} INFO - [2026-03-29T12:43:49.031+0500] {dagbag.py:545} INFO - Filling up the DagBag from /home/abayturar/airflow-project/venv/lib/python3.12/site-packages/airflow/example_dags/example_skip_dag.py
[2026-03-29T12:43:49.041+0500] {processor.py:840} INFO - DAG(s) 'example_skip_dag' retrieved from /home/abayturar/airflow-project/venv/lib/python3.12/site-packages/airflow/example_dags/example_skip_dag.py
[2026-03-29T12:43:49.065+0500] {logging_mixin.py:188} INFO - [2026-03-29T12:43:49.064+0500] {dag.py:3089} INFO - Sync 1 DAGs
[2026-03-29T12:43:49.084+0500] {logging_mixin.py:188} INFO - [2026-03-29T12:43:49.084+0500] {dag.py:3947} INFO - Setting next_dagrun for example_skip_dag to 2026-03-28 00:00:00+00:00, run_after=2026-03-29 00:00:00+00:00
[2026-03-29T12:43:49.145+0500] {processor.py:183} INFO - Processing /home/abayturar/airflow-project/venv/lib/python3.12/site-packages/airflow/example_dags/example_skip_dag.py took 0.128 seconds
[2026-03-29T12:44:42.590+0500] {processor.py:161} INFO - Started process (PID=8195) to work on /home/abayturar/airflow-project/venv/lib/python3.12/site-packages/airflow/example_dags/example_skip_dag.py
[2026-03-29T12:44:42.591+0500] {processor.py:830} INFO - Processing file /home/abayturar/airflow-project/venv/lib/python3.12/site-packages/airflow/example_dags/example_skip_dag.py for tasks to queue
[2026-03-29T12:44:42.592+0500] {logging_mixin.py:188} INFO - [2026-03-29T12:44:42.592+0500] {dagbag.py:545} INFO - Filling up the DagBag from /home/abayturar/airflow-project/venv/lib/python3.12/site-packages/airflow/example_dags/example_skip_dag.py
[2026-03-29T12:44:42.599+0500] {processor.py:840} INFO - DAG(s) 'example_skip_dag' retrieved from /home/abayturar/airflow-project/venv/lib/python3.12/site-packages/airflow/example_dags/example_skip_dag.py
[2026-03-29T12:44:42.619+0500] {logging_mixin.py:188} INFO - [2026-03-29T12:44:42.618+0500] {dag.py:3089} INFO - Sync 1 DAGs
[2026-03-29T12:44:42.636+0500] {logging_mixin.py:188} INFO - [2026-03-29T12:44:42.636+0500] {dag.py:3947} INFO - Setting next_dagrun for example_skip_dag to 2026-03-28 00:00:00+00:00, run_after=2026-03-29 00:00:00+00:00
[2026-03-29T12:44:42.681+0500] {processor.py:183} INFO - Processing /home/abayturar/airflow-project/venv/lib/python3.12/site-packages/airflow/example_dags/example_skip_dag.py took 0.098 seconds
[2026-03-29T12:45:35.655+0500] {processor.py:161} INFO - Started process (PID=8666) to work on /home/abayturar/airflow-project/venv/lib/python3.12/site-packages/airflow/example_dags/example_skip_dag.py
[2026-03-29T12:45:35.656+0500] {processor.py:830} INFO - Processing file /home/abayturar/airflow-project/venv/lib/python3.12/site-packages/airflow/example_dags/example_skip_dag.py for tasks to queue
[2026-03-29T12:45:35.657+0500] {logging_mixin.py:188} INFO - [2026-03-29T12:45:35.657+0500] {dagbag.py:545} INFO - Filling up the DagBag from /home/abayturar/airflow-project/venv/lib/python3.12/site-packages/airflow/example_dags/example_skip_dag.py
[2026-03-29T12:45:35.665+0500] {processor.py:840} INFO - DAG(s) 'example_skip_dag' retrieved from /home/abayturar/airflow-project/venv/lib/python3.12/site-packages/airflow/example_dags/example_skip_dag.py
[2026-03-29T12:45:35.685+0500] {logging_mixin.py:188} INFO - [2026-03-29T12:45:35.685+0500] {dag.py:3089} INFO - Sync 1 DAGs
[2026-03-29T12:45:35.702+0500] {logging_mixin.py:188} INFO - [2026-03-29T12:45:35.701+0500] {dag.py:3947} INFO - Setting next_dagrun for example_skip_dag to 2026-03-28 00:00:00+00:00, run_after=2026-03-29 00:00:00+00:00
[2026-03-29T12:45:35.759+0500] {processor.py:183} INFO - Processing /home/abayturar/airflow-project/venv/lib/python3.12/site-packages/airflow/example_dags/example_skip_dag.py took 0.113 seconds
[2026-03-29T12:46:28.296+0500] {processor.py:161} INFO - Started process (PID=8910) to work on /home/abayturar/airflow-project/venv/lib/python3.12/site-packages/airflow/example_dags/example_skip_dag.py
[2026-03-29T12:46:28.297+0500] {processor.py:830} INFO - Processing file /home/abayturar/airflow-project/venv/lib/python3.12/site-packages/airflow/example_dags/example_skip_dag.py for tasks to queue
[2026-03-29T12:46:28.299+0500] {logging_mixin.py:188} INFO - [2026-03-29T12:46:28.298+0500] {dagbag.py:545} INFO - Filling up the DagBag from /home/abayturar/airflow-project/venv/lib/python3.12/site-packages/airflow/example_dags/example_skip_dag.py
[2026-03-29T12:46:28.305+0500] {processor.py:840} INFO - DAG(s) 'example_skip_dag' retrieved from /home/abayturar/airflow-project/venv/lib/python3.12/site-packages/airflow/example_dags/example_skip_dag.py
[2026-03-29T12:46:28.321+0500] {logging_mixin.py:188} INFO - [2026-03-29T12:46:28.321+0500] {dag.py:3089} INFO - Sync 1 DAGs
[2026-03-29T12:46:28.335+0500] {logging_mixin.py:188} INFO - [2026-03-29T12:46:28.335+0500] {dag.py:3947} INFO - Setting next_dagrun for example_skip_dag to 2026-03-28 00:00:00+00:00, run_after=2026-03-29 00:00:00+00:00
[2026-03-29T12:46:28.391+0500] {processor.py:183} INFO - Processing /home/abayturar/airflow-project/venv/lib/python3.12/site-packages/airflow/example_dags/example_skip_dag.py took 0.101 seconds
