[2026-03-29T12:02:07.337+0500] {processor.py:161} INFO - Started process (PID=32468) to work on /home/abayturar/airflow-project/venv/lib/python3.12/site-packages/airflow/example_dags/example_branch_datetime_operator.py
[2026-03-29T12:02:07.338+0500] {processor.py:830} INFO - Processing file /home/abayturar/airflow-project/venv/lib/python3.12/site-packages/airflow/example_dags/example_branch_datetime_operator.py for tasks to queue
[2026-03-29T12:02:07.378+0500] {logging_mixin.py:188} INFO - [2026-03-29T12:02:07.377+0500] {dagbag.py:545} INFO - Filling up the DagBag from /home/abayturar/airflow-project/venv/lib/python3.12/site-packages/airflow/example_dags/example_branch_datetime_operator.py
[2026-03-29T12:02:07.386+0500] {processor.py:840} INFO - DAG(s) 'example_branch_datetime_operator_2', 'example_branch_datetime_operator_3', 'example_branch_datetime_operator' retrieved from /home/abayturar/airflow-project/venv/lib/python3.12/site-packages/airflow/example_dags/example_branch_datetime_operator.py
[2026-03-29T12:02:07.405+0500] {logging_mixin.py:188} INFO - [2026-03-29T12:02:07.405+0500] {dag.py:3089} INFO - Sync 3 DAGs
[2026-03-29T12:02:07.420+0500] {logging_mixin.py:188} INFO - [2026-03-29T12:02:07.420+0500] {dag.py:3947} INFO - Setting next_dagrun for example_branch_datetime_operator to 2026-03-28 00:00:00+00:00, run_after=2026-03-29 00:00:00+00:00
[2026-03-29T12:02:07.423+0500] {logging_mixin.py:188} INFO - [2026-03-29T12:02:07.423+0500] {dag.py:3947} INFO - Setting next_dagrun for example_branch_datetime_operator_2 to 2026-03-28 00:00:00+00:00, run_after=2026-03-29 00:00:00+00:00
[2026-03-29T12:02:07.424+0500] {logging_mixin.py:188} INFO - [2026-03-29T12:02:07.424+0500] {dag.py:3947} INFO - Setting next_dagrun for example_branch_datetime_operator_3 to 2026-03-28 00:00:00+00:00, run_after=2026-03-29 00:00:00+00:00
[2026-03-29T12:02:07.438+0500] {processor.py:183} INFO - Processing /home/abayturar/airflow-project/venv/lib/python3.12/site-packages/airflow/example_dags/example_branch_datetime_operator.py took 0.107 seconds
[2026-03-29T12:03:00.383+0500] {processor.py:161} INFO - Started process (PID=32685) to work on /home/abayturar/airflow-project/venv/lib/python3.12/site-packages/airflow/example_dags/example_branch_datetime_operator.py
[2026-03-29T12:03:00.384+0500] {processor.py:830} INFO - Processing file /home/abayturar/airflow-project/venv/lib/python3.12/site-packages/airflow/example_dags/example_branch_datetime_operator.py for tasks to queue
[2026-03-29T12:03:00.386+0500] {logging_mixin.py:188} INFO - [2026-03-29T12:03:00.386+0500] {dagbag.py:545} INFO - Filling up the DagBag from /home/abayturar/airflow-project/venv/lib/python3.12/site-packages/airflow/example_dags/example_branch_datetime_operator.py
[2026-03-29T12:03:00.395+0500] {processor.py:840} INFO - DAG(s) 'example_branch_datetime_operator_3', 'example_branch_datetime_operator_2', 'example_branch_datetime_operator' retrieved from /home/abayturar/airflow-project/venv/lib/python3.12/site-packages/airflow/example_dags/example_branch_datetime_operator.py
[2026-03-29T12:03:00.415+0500] {logging_mixin.py:188} INFO - [2026-03-29T12:03:00.414+0500] {dag.py:3089} INFO - Sync 3 DAGs
[2026-03-29T12:03:00.429+0500] {logging_mixin.py:188} INFO - [2026-03-29T12:03:00.429+0500] {dag.py:3947} INFO - Setting next_dagrun for example_branch_datetime_operator to 2026-03-28 00:00:00+00:00, run_after=2026-03-29 00:00:00+00:00
[2026-03-29T12:03:00.431+0500] {logging_mixin.py:188} INFO - [2026-03-29T12:03:00.431+0500] {dag.py:3947} INFO - Setting next_dagrun for example_branch_datetime_operator_2 to 2026-03-28 00:00:00+00:00, run_after=2026-03-29 00:00:00+00:00
[2026-03-29T12:03:00.432+0500] {logging_mixin.py:188} INFO - [2026-03-29T12:03:00.432+0500] {dag.py:3947} INFO - Setting next_dagrun for example_branch_datetime_operator_3 to 2026-03-28 00:00:00+00:00, run_after=2026-03-29 00:00:00+00:00
[2026-03-29T12:03:00.448+0500] {processor.py:183} INFO - Processing /home/abayturar/airflow-project/venv/lib/python3.12/site-packages/airflow/example_dags/example_branch_datetime_operator.py took 0.070 seconds
[2026-03-29T12:06:33.240+0500] {processor.py:161} INFO - Started process (PID=169) to work on /home/abayturar/airflow-project/venv/lib/python3.12/site-packages/airflow/example_dags/example_branch_datetime_operator.py
[2026-03-29T12:06:33.280+0500] {processor.py:830} INFO - Processing file /home/abayturar/airflow-project/venv/lib/python3.12/site-packages/airflow/example_dags/example_branch_datetime_operator.py for tasks to queue
[2026-03-29T12:06:33.282+0500] {logging_mixin.py:188} INFO - [2026-03-29T12:06:33.282+0500] {dagbag.py:545} INFO - Filling up the DagBag from /home/abayturar/airflow-project/venv/lib/python3.12/site-packages/airflow/example_dags/example_branch_datetime_operator.py
[2026-03-29T12:06:33.294+0500] {processor.py:840} INFO - DAG(s) 'example_branch_datetime_operator', 'example_branch_datetime_operator_2', 'example_branch_datetime_operator_3' retrieved from /home/abayturar/airflow-project/venv/lib/python3.12/site-packages/airflow/example_dags/example_branch_datetime_operator.py
[2026-03-29T12:06:33.337+0500] {logging_mixin.py:188} INFO - [2026-03-29T12:06:33.337+0500] {dag.py:3089} INFO - Sync 3 DAGs
[2026-03-29T12:06:33.368+0500] {logging_mixin.py:188} INFO - [2026-03-29T12:06:33.368+0500] {dag.py:3947} INFO - Setting next_dagrun for example_branch_datetime_operator to 2026-03-28 00:00:00+00:00, run_after=2026-03-29 00:00:00+00:00
[2026-03-29T12:06:33.372+0500] {logging_mixin.py:188} INFO - [2026-03-29T12:06:33.371+0500] {dag.py:3947} INFO - Setting next_dagrun for example_branch_datetime_operator_2 to 2026-03-28 00:00:00+00:00, run_after=2026-03-29 00:00:00+00:00
[2026-03-29T12:06:33.373+0500] {logging_mixin.py:188} INFO - [2026-03-29T12:06:33.373+0500] {dag.py:3947} INFO - Setting next_dagrun for example_branch_datetime_operator_3 to 2026-03-28 00:00:00+00:00, run_after=2026-03-29 00:00:00+00:00
[2026-03-29T12:06:33.391+0500] {processor.py:183} INFO - Processing /home/abayturar/airflow-project/venv/lib/python3.12/site-packages/airflow/example_dags/example_branch_datetime_operator.py took 0.158 seconds
[2026-03-29T12:07:42.306+0500] {processor.py:161} INFO - Started process (PID=454) to work on /home/abayturar/airflow-project/venv/lib/python3.12/site-packages/airflow/example_dags/example_branch_datetime_operator.py
[2026-03-29T12:07:42.307+0500] {processor.py:830} INFO - Processing file /home/abayturar/airflow-project/venv/lib/python3.12/site-packages/airflow/example_dags/example_branch_datetime_operator.py for tasks to queue
[2026-03-29T12:07:42.309+0500] {logging_mixin.py:188} INFO - [2026-03-29T12:07:42.309+0500] {dagbag.py:545} INFO - Filling up the DagBag from /home/abayturar/airflow-project/venv/lib/python3.12/site-packages/airflow/example_dags/example_branch_datetime_operator.py
[2026-03-29T12:07:42.318+0500] {processor.py:840} INFO - DAG(s) 'example_branch_datetime_operator_3', 'example_branch_datetime_operator_2', 'example_branch_datetime_operator' retrieved from /home/abayturar/airflow-project/venv/lib/python3.12/site-packages/airflow/example_dags/example_branch_datetime_operator.py
[2026-03-29T12:07:42.338+0500] {logging_mixin.py:188} INFO - [2026-03-29T12:07:42.338+0500] {dag.py:3089} INFO - Sync 3 DAGs
[2026-03-29T12:07:42.352+0500] {logging_mixin.py:188} INFO - [2026-03-29T12:07:42.352+0500] {dag.py:3947} INFO - Setting next_dagrun for example_branch_datetime_operator to 2026-03-28 00:00:00+00:00, run_after=2026-03-29 00:00:00+00:00
[2026-03-29T12:07:42.355+0500] {logging_mixin.py:188} INFO - [2026-03-29T12:07:42.355+0500] {dag.py:3947} INFO - Setting next_dagrun for example_branch_datetime_operator_2 to 2026-03-28 00:00:00+00:00, run_after=2026-03-29 00:00:00+00:00
[2026-03-29T12:07:42.356+0500] {logging_mixin.py:188} INFO - [2026-03-29T12:07:42.356+0500] {dag.py:3947} INFO - Setting next_dagrun for example_branch_datetime_operator_3 to 2026-03-28 00:00:00+00:00, run_after=2026-03-29 00:00:00+00:00
[2026-03-29T12:07:42.373+0500] {processor.py:183} INFO - Processing /home/abayturar/airflow-project/venv/lib/python3.12/site-packages/airflow/example_dags/example_branch_datetime_operator.py took 0.072 seconds
[2026-03-29T12:08:58.784+0500] {processor.py:161} INFO - Started process (PID=769) to work on /home/abayturar/airflow-project/venv/lib/python3.12/site-packages/airflow/example_dags/example_branch_datetime_operator.py
[2026-03-29T12:08:58.784+0500] {processor.py:830} INFO - Processing file /home/abayturar/airflow-project/venv/lib/python3.12/site-packages/airflow/example_dags/example_branch_datetime_operator.py for tasks to queue
[2026-03-29T12:08:58.786+0500] {logging_mixin.py:188} INFO - [2026-03-29T12:08:58.786+0500] {dagbag.py:545} INFO - Filling up the DagBag from /home/abayturar/airflow-project/venv/lib/python3.12/site-packages/airflow/example_dags/example_branch_datetime_operator.py
[2026-03-29T12:08:58.795+0500] {processor.py:840} INFO - DAG(s) 'example_branch_datetime_operator_2', 'example_branch_datetime_operator_3', 'example_branch_datetime_operator' retrieved from /home/abayturar/airflow-project/venv/lib/python3.12/site-packages/airflow/example_dags/example_branch_datetime_operator.py
[2026-03-29T12:08:58.814+0500] {logging_mixin.py:188} INFO - [2026-03-29T12:08:58.814+0500] {dag.py:3089} INFO - Sync 3 DAGs
[2026-03-29T12:08:58.828+0500] {logging_mixin.py:188} INFO - [2026-03-29T12:08:58.828+0500] {dag.py:3947} INFO - Setting next_dagrun for example_branch_datetime_operator to 2026-03-28 00:00:00+00:00, run_after=2026-03-29 00:00:00+00:00
[2026-03-29T12:08:58.831+0500] {logging_mixin.py:188} INFO - [2026-03-29T12:08:58.831+0500] {dag.py:3947} INFO - Setting next_dagrun for example_branch_datetime_operator_2 to 2026-03-28 00:00:00+00:00, run_after=2026-03-29 00:00:00+00:00
[2026-03-29T12:08:58.832+0500] {logging_mixin.py:188} INFO - [2026-03-29T12:08:58.832+0500] {dag.py:3947} INFO - Setting next_dagrun for example_branch_datetime_operator_3 to 2026-03-28 00:00:00+00:00, run_after=2026-03-29 00:00:00+00:00
[2026-03-29T12:08:58.846+0500] {processor.py:183} INFO - Processing /home/abayturar/airflow-project/venv/lib/python3.12/site-packages/airflow/example_dags/example_branch_datetime_operator.py took 0.068 seconds
[2026-03-29T12:10:15.656+0500] {processor.py:161} INFO - Started process (PID=1012) to work on /home/abayturar/airflow-project/venv/lib/python3.12/site-packages/airflow/example_dags/example_branch_datetime_operator.py
[2026-03-29T12:10:15.657+0500] {processor.py:830} INFO - Processing file /home/abayturar/airflow-project/venv/lib/python3.12/site-packages/airflow/example_dags/example_branch_datetime_operator.py for tasks to queue
[2026-03-29T12:10:15.659+0500] {logging_mixin.py:188} INFO - [2026-03-29T12:10:15.659+0500] {dagbag.py:545} INFO - Filling up the DagBag from /home/abayturar/airflow-project/venv/lib/python3.12/site-packages/airflow/example_dags/example_branch_datetime_operator.py
[2026-03-29T12:10:15.668+0500] {processor.py:840} INFO - DAG(s) 'example_branch_datetime_operator_3', 'example_branch_datetime_operator_2', 'example_branch_datetime_operator' retrieved from /home/abayturar/airflow-project/venv/lib/python3.12/site-packages/airflow/example_dags/example_branch_datetime_operator.py
[2026-03-29T12:10:15.686+0500] {logging_mixin.py:188} INFO - [2026-03-29T12:10:15.686+0500] {dag.py:3089} INFO - Sync 3 DAGs
[2026-03-29T12:10:15.699+0500] {logging_mixin.py:188} INFO - [2026-03-29T12:10:15.699+0500] {dag.py:3947} INFO - Setting next_dagrun for example_branch_datetime_operator to 2026-03-28 00:00:00+00:00, run_after=2026-03-29 00:00:00+00:00
[2026-03-29T12:10:15.702+0500] {logging_mixin.py:188} INFO - [2026-03-29T12:10:15.702+0500] {dag.py:3947} INFO - Setting next_dagrun for example_branch_datetime_operator_2 to 2026-03-28 00:00:00+00:00, run_after=2026-03-29 00:00:00+00:00
[2026-03-29T12:10:15.703+0500] {logging_mixin.py:188} INFO - [2026-03-29T12:10:15.703+0500] {dag.py:3947} INFO - Setting next_dagrun for example_branch_datetime_operator_3 to 2026-03-28 00:00:00+00:00, run_after=2026-03-29 00:00:00+00:00
[2026-03-29T12:10:15.716+0500] {processor.py:183} INFO - Processing /home/abayturar/airflow-project/venv/lib/python3.12/site-packages/airflow/example_dags/example_branch_datetime_operator.py took 0.066 seconds
[2026-03-29T12:11:28.616+0500] {processor.py:161} INFO - Started process (PID=1201) to work on /home/abayturar/airflow-project/venv/lib/python3.12/site-packages/airflow/example_dags/example_branch_datetime_operator.py
[2026-03-29T12:11:28.617+0500] {processor.py:830} INFO - Processing file /home/abayturar/airflow-project/venv/lib/python3.12/site-packages/airflow/example_dags/example_branch_datetime_operator.py for tasks to queue
[2026-03-29T12:11:28.618+0500] {logging_mixin.py:188} INFO - [2026-03-29T12:11:28.618+0500] {dagbag.py:545} INFO - Filling up the DagBag from /home/abayturar/airflow-project/venv/lib/python3.12/site-packages/airflow/example_dags/example_branch_datetime_operator.py
[2026-03-29T12:11:28.627+0500] {processor.py:840} INFO - DAG(s) 'example_branch_datetime_operator_2', 'example_branch_datetime_operator', 'example_branch_datetime_operator_3' retrieved from /home/abayturar/airflow-project/venv/lib/python3.12/site-packages/airflow/example_dags/example_branch_datetime_operator.py
[2026-03-29T12:11:28.645+0500] {logging_mixin.py:188} INFO - [2026-03-29T12:11:28.645+0500] {dag.py:3089} INFO - Sync 3 DAGs
[2026-03-29T12:11:28.660+0500] {logging_mixin.py:188} INFO - [2026-03-29T12:11:28.660+0500] {dag.py:3947} INFO - Setting next_dagrun for example_branch_datetime_operator to 2026-03-28 00:00:00+00:00, run_after=2026-03-29 00:00:00+00:00
[2026-03-29T12:11:28.662+0500] {logging_mixin.py:188} INFO - [2026-03-29T12:11:28.662+0500] {dag.py:3947} INFO - Setting next_dagrun for example_branch_datetime_operator_2 to 2026-03-28 00:00:00+00:00, run_after=2026-03-29 00:00:00+00:00
[2026-03-29T12:11:28.663+0500] {logging_mixin.py:188} INFO - [2026-03-29T12:11:28.663+0500] {dag.py:3947} INFO - Setting next_dagrun for example_branch_datetime_operator_3 to 2026-03-28 00:00:00+00:00, run_after=2026-03-29 00:00:00+00:00
[2026-03-29T12:11:28.716+0500] {processor.py:183} INFO - Processing /home/abayturar/airflow-project/venv/lib/python3.12/site-packages/airflow/example_dags/example_branch_datetime_operator.py took 0.106 seconds
[2026-03-29T12:12:44.452+0500] {processor.py:161} INFO - Started process (PID=1403) to work on /home/abayturar/airflow-project/venv/lib/python3.12/site-packages/airflow/example_dags/example_branch_datetime_operator.py
[2026-03-29T12:12:44.452+0500] {processor.py:830} INFO - Processing file /home/abayturar/airflow-project/venv/lib/python3.12/site-packages/airflow/example_dags/example_branch_datetime_operator.py for tasks to queue
[2026-03-29T12:12:44.454+0500] {logging_mixin.py:188} INFO - [2026-03-29T12:12:44.454+0500] {dagbag.py:545} INFO - Filling up the DagBag from /home/abayturar/airflow-project/venv/lib/python3.12/site-packages/airflow/example_dags/example_branch_datetime_operator.py
[2026-03-29T12:12:44.462+0500] {processor.py:840} INFO - DAG(s) 'example_branch_datetime_operator_3', 'example_branch_datetime_operator_2', 'example_branch_datetime_operator' retrieved from /home/abayturar/airflow-project/venv/lib/python3.12/site-packages/airflow/example_dags/example_branch_datetime_operator.py
[2026-03-29T12:12:44.480+0500] {logging_mixin.py:188} INFO - [2026-03-29T12:12:44.480+0500] {dag.py:3089} INFO - Sync 3 DAGs
[2026-03-29T12:12:44.494+0500] {logging_mixin.py:188} INFO - [2026-03-29T12:12:44.494+0500] {dag.py:3947} INFO - Setting next_dagrun for example_branch_datetime_operator to 2026-03-28 00:00:00+00:00, run_after=2026-03-29 00:00:00+00:00
[2026-03-29T12:12:44.496+0500] {logging_mixin.py:188} INFO - [2026-03-29T12:12:44.496+0500] {dag.py:3947} INFO - Setting next_dagrun for example_branch_datetime_operator_2 to 2026-03-28 00:00:00+00:00, run_after=2026-03-29 00:00:00+00:00
[2026-03-29T12:12:44.497+0500] {logging_mixin.py:188} INFO - [2026-03-29T12:12:44.497+0500] {dag.py:3947} INFO - Setting next_dagrun for example_branch_datetime_operator_3 to 2026-03-28 00:00:00+00:00, run_after=2026-03-29 00:00:00+00:00
[2026-03-29T12:12:44.549+0500] {processor.py:183} INFO - Processing /home/abayturar/airflow-project/venv/lib/python3.12/site-packages/airflow/example_dags/example_branch_datetime_operator.py took 0.103 seconds
[2026-03-29T12:13:58.949+0500] {processor.py:161} INFO - Started process (PID=1596) to work on /home/abayturar/airflow-project/venv/lib/python3.12/site-packages/airflow/example_dags/example_branch_datetime_operator.py
[2026-03-29T12:13:58.950+0500] {processor.py:830} INFO - Processing file /home/abayturar/airflow-project/venv/lib/python3.12/site-packages/airflow/example_dags/example_branch_datetime_operator.py for tasks to queue
[2026-03-29T12:13:58.951+0500] {logging_mixin.py:188} INFO - [2026-03-29T12:13:58.951+0500] {dagbag.py:545} INFO - Filling up the DagBag from /home/abayturar/airflow-project/venv/lib/python3.12/site-packages/airflow/example_dags/example_branch_datetime_operator.py
[2026-03-29T12:13:58.960+0500] {processor.py:840} INFO - DAG(s) 'example_branch_datetime_operator_3', 'example_branch_datetime_operator', 'example_branch_datetime_operator_2' retrieved from /home/abayturar/airflow-project/venv/lib/python3.12/site-packages/airflow/example_dags/example_branch_datetime_operator.py
[2026-03-29T12:13:58.980+0500] {logging_mixin.py:188} INFO - [2026-03-29T12:13:58.980+0500] {dag.py:3089} INFO - Sync 3 DAGs
[2026-03-29T12:13:58.994+0500] {logging_mixin.py:188} INFO - [2026-03-29T12:13:58.994+0500] {dag.py:3947} INFO - Setting next_dagrun for example_branch_datetime_operator to 2026-03-28 00:00:00+00:00, run_after=2026-03-29 00:00:00+00:00
[2026-03-29T12:13:58.997+0500] {logging_mixin.py:188} INFO - [2026-03-29T12:13:58.997+0500] {dag.py:3947} INFO - Setting next_dagrun for example_branch_datetime_operator_2 to 2026-03-28 00:00:00+00:00, run_after=2026-03-29 00:00:00+00:00
[2026-03-29T12:13:58.998+0500] {logging_mixin.py:188} INFO - [2026-03-29T12:13:58.998+0500] {dag.py:3947} INFO - Setting next_dagrun for example_branch_datetime_operator_3 to 2026-03-28 00:00:00+00:00, run_after=2026-03-29 00:00:00+00:00
[2026-03-29T12:13:59.051+0500] {processor.py:183} INFO - Processing /home/abayturar/airflow-project/venv/lib/python3.12/site-packages/airflow/example_dags/example_branch_datetime_operator.py took 0.108 seconds
[2026-03-29T12:15:17.304+0500] {processor.py:161} INFO - Started process (PID=1806) to work on /home/abayturar/airflow-project/venv/lib/python3.12/site-packages/airflow/example_dags/example_branch_datetime_operator.py
[2026-03-29T12:15:17.305+0500] {processor.py:830} INFO - Processing file /home/abayturar/airflow-project/venv/lib/python3.12/site-packages/airflow/example_dags/example_branch_datetime_operator.py for tasks to queue
[2026-03-29T12:15:17.307+0500] {logging_mixin.py:188} INFO - [2026-03-29T12:15:17.306+0500] {dagbag.py:545} INFO - Filling up the DagBag from /home/abayturar/airflow-project/venv/lib/python3.12/site-packages/airflow/example_dags/example_branch_datetime_operator.py
[2026-03-29T12:15:17.315+0500] {processor.py:840} INFO - DAG(s) 'example_branch_datetime_operator', 'example_branch_datetime_operator_2', 'example_branch_datetime_operator_3' retrieved from /home/abayturar/airflow-project/venv/lib/python3.12/site-packages/airflow/example_dags/example_branch_datetime_operator.py
[2026-03-29T12:15:17.336+0500] {logging_mixin.py:188} INFO - [2026-03-29T12:15:17.336+0500] {dag.py:3089} INFO - Sync 3 DAGs
[2026-03-29T12:15:17.351+0500] {logging_mixin.py:188} INFO - [2026-03-29T12:15:17.351+0500] {dag.py:3947} INFO - Setting next_dagrun for example_branch_datetime_operator to 2026-03-28 00:00:00+00:00, run_after=2026-03-29 00:00:00+00:00
[2026-03-29T12:15:17.353+0500] {logging_mixin.py:188} INFO - [2026-03-29T12:15:17.353+0500] {dag.py:3947} INFO - Setting next_dagrun for example_branch_datetime_operator_2 to 2026-03-28 00:00:00+00:00, run_after=2026-03-29 00:00:00+00:00
[2026-03-29T12:15:17.354+0500] {logging_mixin.py:188} INFO - [2026-03-29T12:15:17.354+0500] {dag.py:3947} INFO - Setting next_dagrun for example_branch_datetime_operator_3 to 2026-03-28 00:00:00+00:00, run_after=2026-03-29 00:00:00+00:00
[2026-03-29T12:15:17.407+0500] {processor.py:183} INFO - Processing /home/abayturar/airflow-project/venv/lib/python3.12/site-packages/airflow/example_dags/example_branch_datetime_operator.py took 0.110 seconds
[2026-03-29T12:16:13.975+0500] {processor.py:161} INFO - Started process (PID=1951) to work on /home/abayturar/airflow-project/venv/lib/python3.12/site-packages/airflow/example_dags/example_branch_datetime_operator.py
[2026-03-29T12:16:13.975+0500] {processor.py:830} INFO - Processing file /home/abayturar/airflow-project/venv/lib/python3.12/site-packages/airflow/example_dags/example_branch_datetime_operator.py for tasks to queue
[2026-03-29T12:16:13.977+0500] {logging_mixin.py:188} INFO - [2026-03-29T12:16:13.977+0500] {dagbag.py:545} INFO - Filling up the DagBag from /home/abayturar/airflow-project/venv/lib/python3.12/site-packages/airflow/example_dags/example_branch_datetime_operator.py
[2026-03-29T12:16:13.986+0500] {processor.py:840} INFO - DAG(s) 'example_branch_datetime_operator', 'example_branch_datetime_operator_2', 'example_branch_datetime_operator_3' retrieved from /home/abayturar/airflow-project/venv/lib/python3.12/site-packages/airflow/example_dags/example_branch_datetime_operator.py
[2026-03-29T12:16:14.004+0500] {logging_mixin.py:188} INFO - [2026-03-29T12:16:14.004+0500] {dag.py:3089} INFO - Sync 3 DAGs
[2026-03-29T12:16:14.018+0500] {logging_mixin.py:188} INFO - [2026-03-29T12:16:14.018+0500] {dag.py:3947} INFO - Setting next_dagrun for example_branch_datetime_operator to 2026-03-28 00:00:00+00:00, run_after=2026-03-29 00:00:00+00:00
[2026-03-29T12:16:14.020+0500] {logging_mixin.py:188} INFO - [2026-03-29T12:16:14.020+0500] {dag.py:3947} INFO - Setting next_dagrun for example_branch_datetime_operator_2 to 2026-03-28 00:00:00+00:00, run_after=2026-03-29 00:00:00+00:00
[2026-03-29T12:16:14.022+0500] {logging_mixin.py:188} INFO - [2026-03-29T12:16:14.021+0500] {dag.py:3947} INFO - Setting next_dagrun for example_branch_datetime_operator_3 to 2026-03-28 00:00:00+00:00, run_after=2026-03-29 00:00:00+00:00
[2026-03-29T12:16:14.074+0500] {processor.py:183} INFO - Processing /home/abayturar/airflow-project/venv/lib/python3.12/site-packages/airflow/example_dags/example_branch_datetime_operator.py took 0.105 seconds
[2026-03-29T12:17:32.919+0500] {processor.py:161} INFO - Started process (PID=2155) to work on /home/abayturar/airflow-project/venv/lib/python3.12/site-packages/airflow/example_dags/example_branch_datetime_operator.py
[2026-03-29T12:17:32.920+0500] {processor.py:830} INFO - Processing file /home/abayturar/airflow-project/venv/lib/python3.12/site-packages/airflow/example_dags/example_branch_datetime_operator.py for tasks to queue
[2026-03-29T12:17:32.922+0500] {logging_mixin.py:188} INFO - [2026-03-29T12:17:32.922+0500] {dagbag.py:545} INFO - Filling up the DagBag from /home/abayturar/airflow-project/venv/lib/python3.12/site-packages/airflow/example_dags/example_branch_datetime_operator.py
[2026-03-29T12:17:32.932+0500] {processor.py:840} INFO - DAG(s) 'example_branch_datetime_operator', 'example_branch_datetime_operator_3', 'example_branch_datetime_operator_2' retrieved from /home/abayturar/airflow-project/venv/lib/python3.12/site-packages/airflow/example_dags/example_branch_datetime_operator.py
[2026-03-29T12:17:32.954+0500] {logging_mixin.py:188} INFO - [2026-03-29T12:17:32.953+0500] {dag.py:3089} INFO - Sync 3 DAGs
[2026-03-29T12:17:32.971+0500] {logging_mixin.py:188} INFO - [2026-03-29T12:17:32.970+0500] {dag.py:3947} INFO - Setting next_dagrun for example_branch_datetime_operator to 2026-03-28 00:00:00+00:00, run_after=2026-03-29 00:00:00+00:00
[2026-03-29T12:17:32.973+0500] {logging_mixin.py:188} INFO - [2026-03-29T12:17:32.973+0500] {dag.py:3947} INFO - Setting next_dagrun for example_branch_datetime_operator_2 to 2026-03-28 00:00:00+00:00, run_after=2026-03-29 00:00:00+00:00
[2026-03-29T12:17:32.975+0500] {logging_mixin.py:188} INFO - [2026-03-29T12:17:32.975+0500] {dag.py:3947} INFO - Setting next_dagrun for example_branch_datetime_operator_3 to 2026-03-28 00:00:00+00:00, run_after=2026-03-29 00:00:00+00:00
[2026-03-29T12:17:33.029+0500] {processor.py:183} INFO - Processing /home/abayturar/airflow-project/venv/lib/python3.12/site-packages/airflow/example_dags/example_branch_datetime_operator.py took 0.117 seconds
[2026-03-29T12:18:50.774+0500] {processor.py:161} INFO - Started process (PID=2359) to work on /home/abayturar/airflow-project/venv/lib/python3.12/site-packages/airflow/example_dags/example_branch_datetime_operator.py
[2026-03-29T12:18:50.775+0500] {processor.py:830} INFO - Processing file /home/abayturar/airflow-project/venv/lib/python3.12/site-packages/airflow/example_dags/example_branch_datetime_operator.py for tasks to queue
[2026-03-29T12:18:50.776+0500] {logging_mixin.py:188} INFO - [2026-03-29T12:18:50.776+0500] {dagbag.py:545} INFO - Filling up the DagBag from /home/abayturar/airflow-project/venv/lib/python3.12/site-packages/airflow/example_dags/example_branch_datetime_operator.py
[2026-03-29T12:18:50.787+0500] {processor.py:840} INFO - DAG(s) 'example_branch_datetime_operator', 'example_branch_datetime_operator_2', 'example_branch_datetime_operator_3' retrieved from /home/abayturar/airflow-project/venv/lib/python3.12/site-packages/airflow/example_dags/example_branch_datetime_operator.py
[2026-03-29T12:18:50.810+0500] {logging_mixin.py:188} INFO - [2026-03-29T12:18:50.810+0500] {dag.py:3089} INFO - Sync 3 DAGs
[2026-03-29T12:18:50.826+0500] {logging_mixin.py:188} INFO - [2026-03-29T12:18:50.826+0500] {dag.py:3947} INFO - Setting next_dagrun for example_branch_datetime_operator to 2026-03-28 00:00:00+00:00, run_after=2026-03-29 00:00:00+00:00
[2026-03-29T12:18:50.829+0500] {logging_mixin.py:188} INFO - [2026-03-29T12:18:50.829+0500] {dag.py:3947} INFO - Setting next_dagrun for example_branch_datetime_operator_2 to 2026-03-28 00:00:00+00:00, run_after=2026-03-29 00:00:00+00:00
[2026-03-29T12:18:50.831+0500] {logging_mixin.py:188} INFO - [2026-03-29T12:18:50.830+0500] {dag.py:3947} INFO - Setting next_dagrun for example_branch_datetime_operator_3 to 2026-03-28 00:00:00+00:00, run_after=2026-03-29 00:00:00+00:00
[2026-03-29T12:18:50.886+0500] {processor.py:183} INFO - Processing /home/abayturar/airflow-project/venv/lib/python3.12/site-packages/airflow/example_dags/example_branch_datetime_operator.py took 0.119 seconds
[2026-03-29T12:20:06.156+0500] {processor.py:161} INFO - Started process (PID=2555) to work on /home/abayturar/airflow-project/venv/lib/python3.12/site-packages/airflow/example_dags/example_branch_datetime_operator.py
[2026-03-29T12:20:06.157+0500] {processor.py:830} INFO - Processing file /home/abayturar/airflow-project/venv/lib/python3.12/site-packages/airflow/example_dags/example_branch_datetime_operator.py for tasks to queue
[2026-03-29T12:20:06.159+0500] {logging_mixin.py:188} INFO - [2026-03-29T12:20:06.158+0500] {dagbag.py:545} INFO - Filling up the DagBag from /home/abayturar/airflow-project/venv/lib/python3.12/site-packages/airflow/example_dags/example_branch_datetime_operator.py
[2026-03-29T12:20:06.169+0500] {processor.py:840} INFO - DAG(s) 'example_branch_datetime_operator_2', 'example_branch_datetime_operator', 'example_branch_datetime_operator_3' retrieved from /home/abayturar/airflow-project/venv/lib/python3.12/site-packages/airflow/example_dags/example_branch_datetime_operator.py
[2026-03-29T12:20:06.189+0500] {logging_mixin.py:188} INFO - [2026-03-29T12:20:06.189+0500] {dag.py:3089} INFO - Sync 3 DAGs
[2026-03-29T12:20:06.204+0500] {logging_mixin.py:188} INFO - [2026-03-29T12:20:06.204+0500] {dag.py:3947} INFO - Setting next_dagrun for example_branch_datetime_operator to 2026-03-28 00:00:00+00:00, run_after=2026-03-29 00:00:00+00:00
[2026-03-29T12:20:06.206+0500] {logging_mixin.py:188} INFO - [2026-03-29T12:20:06.206+0500] {dag.py:3947} INFO - Setting next_dagrun for example_branch_datetime_operator_2 to 2026-03-28 00:00:00+00:00, run_after=2026-03-29 00:00:00+00:00
[2026-03-29T12:20:06.207+0500] {logging_mixin.py:188} INFO - [2026-03-29T12:20:06.207+0500] {dag.py:3947} INFO - Setting next_dagrun for example_branch_datetime_operator_3 to 2026-03-28 00:00:00+00:00, run_after=2026-03-29 00:00:00+00:00
[2026-03-29T12:20:06.260+0500] {processor.py:183} INFO - Processing /home/abayturar/airflow-project/venv/lib/python3.12/site-packages/airflow/example_dags/example_branch_datetime_operator.py took 0.110 seconds
[2026-03-29T12:21:26.464+0500] {processor.py:161} INFO - Started process (PID=2767) to work on /home/abayturar/airflow-project/venv/lib/python3.12/site-packages/airflow/example_dags/example_branch_datetime_operator.py
[2026-03-29T12:21:26.465+0500] {processor.py:830} INFO - Processing file /home/abayturar/airflow-project/venv/lib/python3.12/site-packages/airflow/example_dags/example_branch_datetime_operator.py for tasks to queue
[2026-03-29T12:21:26.467+0500] {logging_mixin.py:188} INFO - [2026-03-29T12:21:26.467+0500] {dagbag.py:545} INFO - Filling up the DagBag from /home/abayturar/airflow-project/venv/lib/python3.12/site-packages/airflow/example_dags/example_branch_datetime_operator.py
[2026-03-29T12:21:26.475+0500] {processor.py:840} INFO - DAG(s) 'example_branch_datetime_operator', 'example_branch_datetime_operator_3', 'example_branch_datetime_operator_2' retrieved from /home/abayturar/airflow-project/venv/lib/python3.12/site-packages/airflow/example_dags/example_branch_datetime_operator.py
[2026-03-29T12:21:26.494+0500] {logging_mixin.py:188} INFO - [2026-03-29T12:21:26.494+0500] {dag.py:3089} INFO - Sync 3 DAGs
[2026-03-29T12:21:26.508+0500] {logging_mixin.py:188} INFO - [2026-03-29T12:21:26.508+0500] {dag.py:3947} INFO - Setting next_dagrun for example_branch_datetime_operator to 2026-03-28 00:00:00+00:00, run_after=2026-03-29 00:00:00+00:00
[2026-03-29T12:21:26.510+0500] {logging_mixin.py:188} INFO - [2026-03-29T12:21:26.510+0500] {dag.py:3947} INFO - Setting next_dagrun for example_branch_datetime_operator_2 to 2026-03-28 00:00:00+00:00, run_after=2026-03-29 00:00:00+00:00
[2026-03-29T12:21:26.511+0500] {logging_mixin.py:188} INFO - [2026-03-29T12:21:26.511+0500] {dag.py:3947} INFO - Setting next_dagrun for example_branch_datetime_operator_3 to 2026-03-28 00:00:00+00:00, run_after=2026-03-29 00:00:00+00:00
[2026-03-29T12:21:26.564+0500] {processor.py:183} INFO - Processing /home/abayturar/airflow-project/venv/lib/python3.12/site-packages/airflow/example_dags/example_branch_datetime_operator.py took 0.106 seconds
[2026-03-29T12:22:43.914+0500] {processor.py:161} INFO - Started process (PID=3123) to work on /home/abayturar/airflow-project/venv/lib/python3.12/site-packages/airflow/example_dags/example_branch_datetime_operator.py
[2026-03-29T12:22:43.914+0500] {processor.py:830} INFO - Processing file /home/abayturar/airflow-project/venv/lib/python3.12/site-packages/airflow/example_dags/example_branch_datetime_operator.py for tasks to queue
[2026-03-29T12:22:43.917+0500] {logging_mixin.py:188} INFO - [2026-03-29T12:22:43.916+0500] {dagbag.py:545} INFO - Filling up the DagBag from /home/abayturar/airflow-project/venv/lib/python3.12/site-packages/airflow/example_dags/example_branch_datetime_operator.py
[2026-03-29T12:22:43.928+0500] {processor.py:840} INFO - DAG(s) 'example_branch_datetime_operator_3', 'example_branch_datetime_operator', 'example_branch_datetime_operator_2' retrieved from /home/abayturar/airflow-project/venv/lib/python3.12/site-packages/airflow/example_dags/example_branch_datetime_operator.py
[2026-03-29T12:22:43.954+0500] {logging_mixin.py:188} INFO - [2026-03-29T12:22:43.953+0500] {dag.py:3089} INFO - Sync 3 DAGs
[2026-03-29T12:22:43.969+0500] {logging_mixin.py:188} INFO - [2026-03-29T12:22:43.969+0500] {dag.py:3947} INFO - Setting next_dagrun for example_branch_datetime_operator to 2026-03-28 00:00:00+00:00, run_after=2026-03-29 00:00:00+00:00
[2026-03-29T12:22:43.971+0500] {logging_mixin.py:188} INFO - [2026-03-29T12:22:43.971+0500] {dag.py:3947} INFO - Setting next_dagrun for example_branch_datetime_operator_2 to 2026-03-28 00:00:00+00:00, run_after=2026-03-29 00:00:00+00:00
[2026-03-29T12:22:43.973+0500] {logging_mixin.py:188} INFO - [2026-03-29T12:22:43.972+0500] {dag.py:3947} INFO - Setting next_dagrun for example_branch_datetime_operator_3 to 2026-03-28 00:00:00+00:00, run_after=2026-03-29 00:00:00+00:00
[2026-03-29T12:22:44.029+0500] {processor.py:183} INFO - Processing /home/abayturar/airflow-project/venv/lib/python3.12/site-packages/airflow/example_dags/example_branch_datetime_operator.py took 0.122 seconds
[2026-03-29T12:24:02.181+0500] {processor.py:161} INFO - Started process (PID=3438) to work on /home/abayturar/airflow-project/venv/lib/python3.12/site-packages/airflow/example_dags/example_branch_datetime_operator.py
[2026-03-29T12:24:02.182+0500] {processor.py:830} INFO - Processing file /home/abayturar/airflow-project/venv/lib/python3.12/site-packages/airflow/example_dags/example_branch_datetime_operator.py for tasks to queue
[2026-03-29T12:24:02.183+0500] {logging_mixin.py:188} INFO - [2026-03-29T12:24:02.183+0500] {dagbag.py:545} INFO - Filling up the DagBag from /home/abayturar/airflow-project/venv/lib/python3.12/site-packages/airflow/example_dags/example_branch_datetime_operator.py
[2026-03-29T12:24:02.194+0500] {processor.py:840} INFO - DAG(s) 'example_branch_datetime_operator_2', 'example_branch_datetime_operator_3', 'example_branch_datetime_operator' retrieved from /home/abayturar/airflow-project/venv/lib/python3.12/site-packages/airflow/example_dags/example_branch_datetime_operator.py
[2026-03-29T12:24:02.213+0500] {logging_mixin.py:188} INFO - [2026-03-29T12:24:02.213+0500] {dag.py:3089} INFO - Sync 3 DAGs
[2026-03-29T12:24:02.228+0500] {logging_mixin.py:188} INFO - [2026-03-29T12:24:02.228+0500] {dag.py:3947} INFO - Setting next_dagrun for example_branch_datetime_operator to 2026-03-28 00:00:00+00:00, run_after=2026-03-29 00:00:00+00:00
[2026-03-29T12:24:02.230+0500] {logging_mixin.py:188} INFO - [2026-03-29T12:24:02.230+0500] {dag.py:3947} INFO - Setting next_dagrun for example_branch_datetime_operator_2 to 2026-03-28 00:00:00+00:00, run_after=2026-03-29 00:00:00+00:00
[2026-03-29T12:24:02.232+0500] {logging_mixin.py:188} INFO - [2026-03-29T12:24:02.231+0500] {dag.py:3947} INFO - Setting next_dagrun for example_branch_datetime_operator_3 to 2026-03-28 00:00:00+00:00, run_after=2026-03-29 00:00:00+00:00
[2026-03-29T12:24:02.286+0500] {processor.py:183} INFO - Processing /home/abayturar/airflow-project/venv/lib/python3.12/site-packages/airflow/example_dags/example_branch_datetime_operator.py took 0.111 seconds
[2026-03-29T12:25:23.062+0500] {processor.py:161} INFO - Started process (PID=3655) to work on /home/abayturar/airflow-project/venv/lib/python3.12/site-packages/airflow/example_dags/example_branch_datetime_operator.py
[2026-03-29T12:25:23.063+0500] {processor.py:830} INFO - Processing file /home/abayturar/airflow-project/venv/lib/python3.12/site-packages/airflow/example_dags/example_branch_datetime_operator.py for tasks to queue
[2026-03-29T12:25:23.065+0500] {logging_mixin.py:188} INFO - [2026-03-29T12:25:23.065+0500] {dagbag.py:545} INFO - Filling up the DagBag from /home/abayturar/airflow-project/venv/lib/python3.12/site-packages/airflow/example_dags/example_branch_datetime_operator.py
[2026-03-29T12:25:23.074+0500] {processor.py:840} INFO - DAG(s) 'example_branch_datetime_operator_3', 'example_branch_datetime_operator', 'example_branch_datetime_operator_2' retrieved from /home/abayturar/airflow-project/venv/lib/python3.12/site-packages/airflow/example_dags/example_branch_datetime_operator.py
[2026-03-29T12:25:23.094+0500] {logging_mixin.py:188} INFO - [2026-03-29T12:25:23.094+0500] {dag.py:3089} INFO - Sync 3 DAGs
[2026-03-29T12:25:23.110+0500] {logging_mixin.py:188} INFO - [2026-03-29T12:25:23.110+0500] {dag.py:3947} INFO - Setting next_dagrun for example_branch_datetime_operator to 2026-03-28 00:00:00+00:00, run_after=2026-03-29 00:00:00+00:00
[2026-03-29T12:25:23.113+0500] {logging_mixin.py:188} INFO - [2026-03-29T12:25:23.113+0500] {dag.py:3947} INFO - Setting next_dagrun for example_branch_datetime_operator_2 to 2026-03-28 00:00:00+00:00, run_after=2026-03-29 00:00:00+00:00
[2026-03-29T12:25:23.114+0500] {logging_mixin.py:188} INFO - [2026-03-29T12:25:23.114+0500] {dag.py:3947} INFO - Setting next_dagrun for example_branch_datetime_operator_3 to 2026-03-28 00:00:00+00:00, run_after=2026-03-29 00:00:00+00:00
[2026-03-29T12:25:23.128+0500] {processor.py:183} INFO - Processing /home/abayturar/airflow-project/venv/lib/python3.12/site-packages/airflow/example_dags/example_branch_datetime_operator.py took 0.072 seconds
[2026-03-29T12:26:37.902+0500] {processor.py:161} INFO - Started process (PID=4055) to work on /home/abayturar/airflow-project/venv/lib/python3.12/site-packages/airflow/example_dags/example_branch_datetime_operator.py
[2026-03-29T12:26:37.903+0500] {processor.py:830} INFO - Processing file /home/abayturar/airflow-project/venv/lib/python3.12/site-packages/airflow/example_dags/example_branch_datetime_operator.py for tasks to queue
[2026-03-29T12:26:37.905+0500] {logging_mixin.py:188} INFO - [2026-03-29T12:26:37.904+0500] {dagbag.py:545} INFO - Filling up the DagBag from /home/abayturar/airflow-project/venv/lib/python3.12/site-packages/airflow/example_dags/example_branch_datetime_operator.py
[2026-03-29T12:26:37.921+0500] {processor.py:840} INFO - DAG(s) 'example_branch_datetime_operator_3', 'example_branch_datetime_operator', 'example_branch_datetime_operator_2' retrieved from /home/abayturar/airflow-project/venv/lib/python3.12/site-packages/airflow/example_dags/example_branch_datetime_operator.py
[2026-03-29T12:26:37.948+0500] {logging_mixin.py:188} INFO - [2026-03-29T12:26:37.948+0500] {dag.py:3089} INFO - Sync 3 DAGs
[2026-03-29T12:26:37.964+0500] {logging_mixin.py:188} INFO - [2026-03-29T12:26:37.964+0500] {dag.py:3947} INFO - Setting next_dagrun for example_branch_datetime_operator to 2026-03-28 00:00:00+00:00, run_after=2026-03-29 00:00:00+00:00
[2026-03-29T12:26:37.967+0500] {logging_mixin.py:188} INFO - [2026-03-29T12:26:37.967+0500] {dag.py:3947} INFO - Setting next_dagrun for example_branch_datetime_operator_2 to 2026-03-28 00:00:00+00:00, run_after=2026-03-29 00:00:00+00:00
[2026-03-29T12:26:37.969+0500] {logging_mixin.py:188} INFO - [2026-03-29T12:26:37.969+0500] {dag.py:3947} INFO - Setting next_dagrun for example_branch_datetime_operator_3 to 2026-03-28 00:00:00+00:00, run_after=2026-03-29 00:00:00+00:00
[2026-03-29T12:26:37.986+0500] {processor.py:183} INFO - Processing /home/abayturar/airflow-project/venv/lib/python3.12/site-packages/airflow/example_dags/example_branch_datetime_operator.py took 0.091 seconds
[2026-03-29T12:27:52.789+0500] {processor.py:161} INFO - Started process (PID=4433) to work on /home/abayturar/airflow-project/venv/lib/python3.12/site-packages/airflow/example_dags/example_branch_datetime_operator.py
[2026-03-29T12:27:52.790+0500] {processor.py:830} INFO - Processing file /home/abayturar/airflow-project/venv/lib/python3.12/site-packages/airflow/example_dags/example_branch_datetime_operator.py for tasks to queue
[2026-03-29T12:27:52.792+0500] {logging_mixin.py:188} INFO - [2026-03-29T12:27:52.791+0500] {dagbag.py:545} INFO - Filling up the DagBag from /home/abayturar/airflow-project/venv/lib/python3.12/site-packages/airflow/example_dags/example_branch_datetime_operator.py
[2026-03-29T12:27:52.801+0500] {processor.py:840} INFO - DAG(s) 'example_branch_datetime_operator', 'example_branch_datetime_operator_2', 'example_branch_datetime_operator_3' retrieved from /home/abayturar/airflow-project/venv/lib/python3.12/site-packages/airflow/example_dags/example_branch_datetime_operator.py
[2026-03-29T12:27:52.821+0500] {logging_mixin.py:188} INFO - [2026-03-29T12:27:52.821+0500] {dag.py:3089} INFO - Sync 3 DAGs
[2026-03-29T12:27:52.836+0500] {logging_mixin.py:188} INFO - [2026-03-29T12:27:52.836+0500] {dag.py:3947} INFO - Setting next_dagrun for example_branch_datetime_operator to 2026-03-28 00:00:00+00:00, run_after=2026-03-29 00:00:00+00:00
[2026-03-29T12:27:52.839+0500] {logging_mixin.py:188} INFO - [2026-03-29T12:27:52.839+0500] {dag.py:3947} INFO - Setting next_dagrun for example_branch_datetime_operator_2 to 2026-03-28 00:00:00+00:00, run_after=2026-03-29 00:00:00+00:00
[2026-03-29T12:27:52.840+0500] {logging_mixin.py:188} INFO - [2026-03-29T12:27:52.840+0500] {dag.py:3947} INFO - Setting next_dagrun for example_branch_datetime_operator_3 to 2026-03-28 00:00:00+00:00, run_after=2026-03-29 00:00:00+00:00
[2026-03-29T12:27:52.855+0500] {processor.py:183} INFO - Processing /home/abayturar/airflow-project/venv/lib/python3.12/site-packages/airflow/example_dags/example_branch_datetime_operator.py took 0.072 seconds
[2026-03-29T12:29:02.573+0500] {processor.py:161} INFO - Started process (PID=4623) to work on /home/abayturar/airflow-project/venv/lib/python3.12/site-packages/airflow/example_dags/example_branch_datetime_operator.py
[2026-03-29T12:29:02.574+0500] {processor.py:830} INFO - Processing file /home/abayturar/airflow-project/venv/lib/python3.12/site-packages/airflow/example_dags/example_branch_datetime_operator.py for tasks to queue
[2026-03-29T12:29:02.576+0500] {logging_mixin.py:188} INFO - [2026-03-29T12:29:02.576+0500] {dagbag.py:545} INFO - Filling up the DagBag from /home/abayturar/airflow-project/venv/lib/python3.12/site-packages/airflow/example_dags/example_branch_datetime_operator.py
[2026-03-29T12:29:02.586+0500] {processor.py:840} INFO - DAG(s) 'example_branch_datetime_operator_2', 'example_branch_datetime_operator_3', 'example_branch_datetime_operator' retrieved from /home/abayturar/airflow-project/venv/lib/python3.12/site-packages/airflow/example_dags/example_branch_datetime_operator.py
[2026-03-29T12:29:02.610+0500] {logging_mixin.py:188} INFO - [2026-03-29T12:29:02.610+0500] {dag.py:3089} INFO - Sync 3 DAGs
[2026-03-29T12:29:02.629+0500] {logging_mixin.py:188} INFO - [2026-03-29T12:29:02.629+0500] {dag.py:3947} INFO - Setting next_dagrun for example_branch_datetime_operator to 2026-03-28 00:00:00+00:00, run_after=2026-03-29 00:00:00+00:00
[2026-03-29T12:29:02.632+0500] {logging_mixin.py:188} INFO - [2026-03-29T12:29:02.632+0500] {dag.py:3947} INFO - Setting next_dagrun for example_branch_datetime_operator_2 to 2026-03-28 00:00:00+00:00, run_after=2026-03-29 00:00:00+00:00
[2026-03-29T12:29:02.633+0500] {logging_mixin.py:188} INFO - [2026-03-29T12:29:02.633+0500] {dag.py:3947} INFO - Setting next_dagrun for example_branch_datetime_operator_3 to 2026-03-28 00:00:00+00:00, run_after=2026-03-29 00:00:00+00:00
[2026-03-29T12:29:02.651+0500] {processor.py:183} INFO - Processing /home/abayturar/airflow-project/venv/lib/python3.12/site-packages/airflow/example_dags/example_branch_datetime_operator.py took 0.087 seconds
[2026-03-29T12:30:17.460+0500] {processor.py:161} INFO - Started process (PID=4977) to work on /home/abayturar/airflow-project/venv/lib/python3.12/site-packages/airflow/example_dags/example_branch_datetime_operator.py
[2026-03-29T12:30:17.461+0500] {processor.py:830} INFO - Processing file /home/abayturar/airflow-project/venv/lib/python3.12/site-packages/airflow/example_dags/example_branch_datetime_operator.py for tasks to queue
[2026-03-29T12:30:17.463+0500] {logging_mixin.py:188} INFO - [2026-03-29T12:30:17.463+0500] {dagbag.py:545} INFO - Filling up the DagBag from /home/abayturar/airflow-project/venv/lib/python3.12/site-packages/airflow/example_dags/example_branch_datetime_operator.py
[2026-03-29T12:30:17.476+0500] {processor.py:840} INFO - DAG(s) 'example_branch_datetime_operator_3', 'example_branch_datetime_operator_2', 'example_branch_datetime_operator' retrieved from /home/abayturar/airflow-project/venv/lib/python3.12/site-packages/airflow/example_dags/example_branch_datetime_operator.py
[2026-03-29T12:30:17.503+0500] {logging_mixin.py:188} INFO - [2026-03-29T12:30:17.502+0500] {dag.py:3089} INFO - Sync 3 DAGs
[2026-03-29T12:30:17.523+0500] {logging_mixin.py:188} INFO - [2026-03-29T12:30:17.523+0500] {dag.py:3947} INFO - Setting next_dagrun for example_branch_datetime_operator to 2026-03-28 00:00:00+00:00, run_after=2026-03-29 00:00:00+00:00
[2026-03-29T12:30:17.526+0500] {logging_mixin.py:188} INFO - [2026-03-29T12:30:17.526+0500] {dag.py:3947} INFO - Setting next_dagrun for example_branch_datetime_operator_2 to 2026-03-28 00:00:00+00:00, run_after=2026-03-29 00:00:00+00:00
[2026-03-29T12:30:17.527+0500] {logging_mixin.py:188} INFO - [2026-03-29T12:30:17.527+0500] {dag.py:3947} INFO - Setting next_dagrun for example_branch_datetime_operator_3 to 2026-03-28 00:00:00+00:00, run_after=2026-03-29 00:00:00+00:00
[2026-03-29T12:30:17.581+0500] {processor.py:183} INFO - Processing /home/abayturar/airflow-project/venv/lib/python3.12/site-packages/airflow/example_dags/example_branch_datetime_operator.py took 0.127 seconds
[2026-03-29T12:31:30.626+0500] {processor.py:161} INFO - Started process (PID=5376) to work on /home/abayturar/airflow-project/venv/lib/python3.12/site-packages/airflow/example_dags/example_branch_datetime_operator.py
[2026-03-29T12:31:30.627+0500] {processor.py:830} INFO - Processing file /home/abayturar/airflow-project/venv/lib/python3.12/site-packages/airflow/example_dags/example_branch_datetime_operator.py for tasks to queue
[2026-03-29T12:31:30.629+0500] {logging_mixin.py:188} INFO - [2026-03-29T12:31:30.629+0500] {dagbag.py:545} INFO - Filling up the DagBag from /home/abayturar/airflow-project/venv/lib/python3.12/site-packages/airflow/example_dags/example_branch_datetime_operator.py
[2026-03-29T12:31:30.643+0500] {processor.py:840} INFO - DAG(s) 'example_branch_datetime_operator_2', 'example_branch_datetime_operator_3', 'example_branch_datetime_operator' retrieved from /home/abayturar/airflow-project/venv/lib/python3.12/site-packages/airflow/example_dags/example_branch_datetime_operator.py
[2026-03-29T12:31:30.666+0500] {logging_mixin.py:188} INFO - [2026-03-29T12:31:30.665+0500] {dag.py:3089} INFO - Sync 3 DAGs
[2026-03-29T12:31:30.685+0500] {logging_mixin.py:188} INFO - [2026-03-29T12:31:30.685+0500] {dag.py:3947} INFO - Setting next_dagrun for example_branch_datetime_operator to 2026-03-28 00:00:00+00:00, run_after=2026-03-29 00:00:00+00:00
[2026-03-29T12:31:30.688+0500] {logging_mixin.py:188} INFO - [2026-03-29T12:31:30.688+0500] {dag.py:3947} INFO - Setting next_dagrun for example_branch_datetime_operator_2 to 2026-03-28 00:00:00+00:00, run_after=2026-03-29 00:00:00+00:00
[2026-03-29T12:31:30.689+0500] {logging_mixin.py:188} INFO - [2026-03-29T12:31:30.689+0500] {dag.py:3947} INFO - Setting next_dagrun for example_branch_datetime_operator_3 to 2026-03-28 00:00:00+00:00, run_after=2026-03-29 00:00:00+00:00
[2026-03-29T12:31:30.705+0500] {processor.py:183} INFO - Processing /home/abayturar/airflow-project/venv/lib/python3.12/site-packages/airflow/example_dags/example_branch_datetime_operator.py took 0.085 seconds
[2026-03-29T12:32:42.850+0500] {processor.py:161} INFO - Started process (PID=6048) to work on /home/abayturar/airflow-project/venv/lib/python3.12/site-packages/airflow/example_dags/example_branch_datetime_operator.py
[2026-03-29T12:32:42.851+0500] {processor.py:830} INFO - Processing file /home/abayturar/airflow-project/venv/lib/python3.12/site-packages/airflow/example_dags/example_branch_datetime_operator.py for tasks to queue
[2026-03-29T12:32:42.853+0500] {logging_mixin.py:188} INFO - [2026-03-29T12:32:42.853+0500] {dagbag.py:545} INFO - Filling up the DagBag from /home/abayturar/airflow-project/venv/lib/python3.12/site-packages/airflow/example_dags/example_branch_datetime_operator.py
[2026-03-29T12:32:42.864+0500] {processor.py:840} INFO - DAG(s) 'example_branch_datetime_operator', 'example_branch_datetime_operator_2', 'example_branch_datetime_operator_3' retrieved from /home/abayturar/airflow-project/venv/lib/python3.12/site-packages/airflow/example_dags/example_branch_datetime_operator.py
[2026-03-29T12:32:42.889+0500] {logging_mixin.py:188} INFO - [2026-03-29T12:32:42.888+0500] {dag.py:3089} INFO - Sync 3 DAGs
[2026-03-29T12:32:42.907+0500] {logging_mixin.py:188} INFO - [2026-03-29T12:32:42.907+0500] {dag.py:3947} INFO - Setting next_dagrun for example_branch_datetime_operator to 2026-03-28 00:00:00+00:00, run_after=2026-03-29 00:00:00+00:00
[2026-03-29T12:32:42.910+0500] {logging_mixin.py:188} INFO - [2026-03-29T12:32:42.910+0500] {dag.py:3947} INFO - Setting next_dagrun for example_branch_datetime_operator_2 to 2026-03-28 00:00:00+00:00, run_after=2026-03-29 00:00:00+00:00
[2026-03-29T12:32:42.911+0500] {logging_mixin.py:188} INFO - [2026-03-29T12:32:42.911+0500] {dag.py:3947} INFO - Setting next_dagrun for example_branch_datetime_operator_3 to 2026-03-28 00:00:00+00:00, run_after=2026-03-29 00:00:00+00:00
[2026-03-29T12:32:42.968+0500] {processor.py:183} INFO - Processing /home/abayturar/airflow-project/venv/lib/python3.12/site-packages/airflow/example_dags/example_branch_datetime_operator.py took 0.125 seconds
[2026-03-29T12:33:55.461+0500] {processor.py:161} INFO - Started process (PID=6252) to work on /home/abayturar/airflow-project/venv/lib/python3.12/site-packages/airflow/example_dags/example_branch_datetime_operator.py
[2026-03-29T12:33:55.462+0500] {processor.py:830} INFO - Processing file /home/abayturar/airflow-project/venv/lib/python3.12/site-packages/airflow/example_dags/example_branch_datetime_operator.py for tasks to queue
[2026-03-29T12:33:55.464+0500] {logging_mixin.py:188} INFO - [2026-03-29T12:33:55.463+0500] {dagbag.py:545} INFO - Filling up the DagBag from /home/abayturar/airflow-project/venv/lib/python3.12/site-packages/airflow/example_dags/example_branch_datetime_operator.py
[2026-03-29T12:33:55.477+0500] {processor.py:840} INFO - DAG(s) 'example_branch_datetime_operator_2', 'example_branch_datetime_operator_3', 'example_branch_datetime_operator' retrieved from /home/abayturar/airflow-project/venv/lib/python3.12/site-packages/airflow/example_dags/example_branch_datetime_operator.py
[2026-03-29T12:33:55.507+0500] {logging_mixin.py:188} INFO - [2026-03-29T12:33:55.507+0500] {dag.py:3089} INFO - Sync 3 DAGs
[2026-03-29T12:33:55.525+0500] {logging_mixin.py:188} INFO - [2026-03-29T12:33:55.525+0500] {dag.py:3947} INFO - Setting next_dagrun for example_branch_datetime_operator to 2026-03-28 00:00:00+00:00, run_after=2026-03-29 00:00:00+00:00
[2026-03-29T12:33:55.528+0500] {logging_mixin.py:188} INFO - [2026-03-29T12:33:55.528+0500] {dag.py:3947} INFO - Setting next_dagrun for example_branch_datetime_operator_2 to 2026-03-28 00:00:00+00:00, run_after=2026-03-29 00:00:00+00:00
[2026-03-29T12:33:55.529+0500] {logging_mixin.py:188} INFO - [2026-03-29T12:33:55.529+0500] {dag.py:3947} INFO - Setting next_dagrun for example_branch_datetime_operator_3 to 2026-03-28 00:00:00+00:00, run_after=2026-03-29 00:00:00+00:00
[2026-03-29T12:33:55.547+0500] {processor.py:183} INFO - Processing /home/abayturar/airflow-project/venv/lib/python3.12/site-packages/airflow/example_dags/example_branch_datetime_operator.py took 0.093 seconds
[2026-03-29T12:35:09.823+0500] {processor.py:161} INFO - Started process (PID=6447) to work on /home/abayturar/airflow-project/venv/lib/python3.12/site-packages/airflow/example_dags/example_branch_datetime_operator.py
[2026-03-29T12:35:09.824+0500] {processor.py:830} INFO - Processing file /home/abayturar/airflow-project/venv/lib/python3.12/site-packages/airflow/example_dags/example_branch_datetime_operator.py for tasks to queue
[2026-03-29T12:35:09.826+0500] {logging_mixin.py:188} INFO - [2026-03-29T12:35:09.825+0500] {dagbag.py:545} INFO - Filling up the DagBag from /home/abayturar/airflow-project/venv/lib/python3.12/site-packages/airflow/example_dags/example_branch_datetime_operator.py
[2026-03-29T12:35:09.837+0500] {processor.py:840} INFO - DAG(s) 'example_branch_datetime_operator_3', 'example_branch_datetime_operator', 'example_branch_datetime_operator_2' retrieved from /home/abayturar/airflow-project/venv/lib/python3.12/site-packages/airflow/example_dags/example_branch_datetime_operator.py
[2026-03-29T12:35:09.859+0500] {logging_mixin.py:188} INFO - [2026-03-29T12:35:09.858+0500] {dag.py:3089} INFO - Sync 3 DAGs
[2026-03-29T12:35:09.874+0500] {logging_mixin.py:188} INFO - [2026-03-29T12:35:09.874+0500] {dag.py:3947} INFO - Setting next_dagrun for example_branch_datetime_operator to 2026-03-28 00:00:00+00:00, run_after=2026-03-29 00:00:00+00:00
[2026-03-29T12:35:09.877+0500] {logging_mixin.py:188} INFO - [2026-03-29T12:35:09.876+0500] {dag.py:3947} INFO - Setting next_dagrun for example_branch_datetime_operator_2 to 2026-03-28 00:00:00+00:00, run_after=2026-03-29 00:00:00+00:00
[2026-03-29T12:35:09.878+0500] {logging_mixin.py:188} INFO - [2026-03-29T12:35:09.878+0500] {dag.py:3947} INFO - Setting next_dagrun for example_branch_datetime_operator_3 to 2026-03-28 00:00:00+00:00, run_after=2026-03-29 00:00:00+00:00
[2026-03-29T12:35:09.894+0500] {processor.py:183} INFO - Processing /home/abayturar/airflow-project/venv/lib/python3.12/site-packages/airflow/example_dags/example_branch_datetime_operator.py took 0.079 seconds
[2026-03-29T12:36:22.914+0500] {processor.py:161} INFO - Started process (PID=6644) to work on /home/abayturar/airflow-project/venv/lib/python3.12/site-packages/airflow/example_dags/example_branch_datetime_operator.py
[2026-03-29T12:36:22.915+0500] {processor.py:830} INFO - Processing file /home/abayturar/airflow-project/venv/lib/python3.12/site-packages/airflow/example_dags/example_branch_datetime_operator.py for tasks to queue
[2026-03-29T12:36:22.917+0500] {logging_mixin.py:188} INFO - [2026-03-29T12:36:22.916+0500] {dagbag.py:545} INFO - Filling up the DagBag from /home/abayturar/airflow-project/venv/lib/python3.12/site-packages/airflow/example_dags/example_branch_datetime_operator.py
[2026-03-29T12:36:22.926+0500] {processor.py:840} INFO - DAG(s) 'example_branch_datetime_operator_2', 'example_branch_datetime_operator_3', 'example_branch_datetime_operator' retrieved from /home/abayturar/airflow-project/venv/lib/python3.12/site-packages/airflow/example_dags/example_branch_datetime_operator.py
[2026-03-29T12:36:22.947+0500] {logging_mixin.py:188} INFO - [2026-03-29T12:36:22.947+0500] {dag.py:3089} INFO - Sync 3 DAGs
[2026-03-29T12:36:22.964+0500] {logging_mixin.py:188} INFO - [2026-03-29T12:36:22.964+0500] {dag.py:3947} INFO - Setting next_dagrun for example_branch_datetime_operator to 2026-03-28 00:00:00+00:00, run_after=2026-03-29 00:00:00+00:00
[2026-03-29T12:36:22.967+0500] {logging_mixin.py:188} INFO - [2026-03-29T12:36:22.967+0500] {dag.py:3947} INFO - Setting next_dagrun for example_branch_datetime_operator_2 to 2026-03-28 00:00:00+00:00, run_after=2026-03-29 00:00:00+00:00
[2026-03-29T12:36:22.968+0500] {logging_mixin.py:188} INFO - [2026-03-29T12:36:22.968+0500] {dag.py:3947} INFO - Setting next_dagrun for example_branch_datetime_operator_3 to 2026-03-28 00:00:00+00:00, run_after=2026-03-29 00:00:00+00:00
[2026-03-29T12:36:22.983+0500] {processor.py:183} INFO - Processing /home/abayturar/airflow-project/venv/lib/python3.12/site-packages/airflow/example_dags/example_branch_datetime_operator.py took 0.076 seconds
[2026-03-29T12:37:37.720+0500] {processor.py:161} INFO - Started process (PID=6838) to work on /home/abayturar/airflow-project/venv/lib/python3.12/site-packages/airflow/example_dags/example_branch_datetime_operator.py
[2026-03-29T12:37:37.721+0500] {processor.py:830} INFO - Processing file /home/abayturar/airflow-project/venv/lib/python3.12/site-packages/airflow/example_dags/example_branch_datetime_operator.py for tasks to queue
[2026-03-29T12:37:37.723+0500] {logging_mixin.py:188} INFO - [2026-03-29T12:37:37.723+0500] {dagbag.py:545} INFO - Filling up the DagBag from /home/abayturar/airflow-project/venv/lib/python3.12/site-packages/airflow/example_dags/example_branch_datetime_operator.py
[2026-03-29T12:37:37.732+0500] {processor.py:840} INFO - DAG(s) 'example_branch_datetime_operator_3', 'example_branch_datetime_operator_2', 'example_branch_datetime_operator' retrieved from /home/abayturar/airflow-project/venv/lib/python3.12/site-packages/airflow/example_dags/example_branch_datetime_operator.py
[2026-03-29T12:37:37.751+0500] {logging_mixin.py:188} INFO - [2026-03-29T12:37:37.751+0500] {dag.py:3089} INFO - Sync 3 DAGs
[2026-03-29T12:37:37.765+0500] {logging_mixin.py:188} INFO - [2026-03-29T12:37:37.765+0500] {dag.py:3947} INFO - Setting next_dagrun for example_branch_datetime_operator to 2026-03-28 00:00:00+00:00, run_after=2026-03-29 00:00:00+00:00
[2026-03-29T12:37:37.767+0500] {logging_mixin.py:188} INFO - [2026-03-29T12:37:37.767+0500] {dag.py:3947} INFO - Setting next_dagrun for example_branch_datetime_operator_2 to 2026-03-28 00:00:00+00:00, run_after=2026-03-29 00:00:00+00:00
[2026-03-29T12:37:37.768+0500] {logging_mixin.py:188} INFO - [2026-03-29T12:37:37.768+0500] {dag.py:3947} INFO - Setting next_dagrun for example_branch_datetime_operator_3 to 2026-03-28 00:00:00+00:00, run_after=2026-03-29 00:00:00+00:00
[2026-03-29T12:37:37.820+0500] {processor.py:183} INFO - Processing /home/abayturar/airflow-project/venv/lib/python3.12/site-packages/airflow/example_dags/example_branch_datetime_operator.py took 0.108 seconds
[2026-03-29T12:38:54.369+0500] {processor.py:161} INFO - Started process (PID=7041) to work on /home/abayturar/airflow-project/venv/lib/python3.12/site-packages/airflow/example_dags/example_branch_datetime_operator.py
[2026-03-29T12:38:54.370+0500] {processor.py:830} INFO - Processing file /home/abayturar/airflow-project/venv/lib/python3.12/site-packages/airflow/example_dags/example_branch_datetime_operator.py for tasks to queue
[2026-03-29T12:38:54.372+0500] {logging_mixin.py:188} INFO - [2026-03-29T12:38:54.371+0500] {dagbag.py:545} INFO - Filling up the DagBag from /home/abayturar/airflow-project/venv/lib/python3.12/site-packages/airflow/example_dags/example_branch_datetime_operator.py
[2026-03-29T12:38:54.381+0500] {processor.py:840} INFO - DAG(s) 'example_branch_datetime_operator', 'example_branch_datetime_operator_3', 'example_branch_datetime_operator_2' retrieved from /home/abayturar/airflow-project/venv/lib/python3.12/site-packages/airflow/example_dags/example_branch_datetime_operator.py
[2026-03-29T12:38:54.401+0500] {logging_mixin.py:188} INFO - [2026-03-29T12:38:54.401+0500] {dag.py:3089} INFO - Sync 3 DAGs
[2026-03-29T12:38:54.417+0500] {logging_mixin.py:188} INFO - [2026-03-29T12:38:54.416+0500] {dag.py:3947} INFO - Setting next_dagrun for example_branch_datetime_operator to 2026-03-28 00:00:00+00:00, run_after=2026-03-29 00:00:00+00:00
[2026-03-29T12:38:54.419+0500] {logging_mixin.py:188} INFO - [2026-03-29T12:38:54.419+0500] {dag.py:3947} INFO - Setting next_dagrun for example_branch_datetime_operator_2 to 2026-03-28 00:00:00+00:00, run_after=2026-03-29 00:00:00+00:00
[2026-03-29T12:38:54.420+0500] {logging_mixin.py:188} INFO - [2026-03-29T12:38:54.420+0500] {dag.py:3947} INFO - Setting next_dagrun for example_branch_datetime_operator_3 to 2026-03-28 00:00:00+00:00, run_after=2026-03-29 00:00:00+00:00
[2026-03-29T12:38:54.474+0500] {processor.py:183} INFO - Processing /home/abayturar/airflow-project/venv/lib/python3.12/site-packages/airflow/example_dags/example_branch_datetime_operator.py took 0.111 seconds
[2026-03-29T12:40:11.334+0500] {processor.py:161} INFO - Started process (PID=7270) to work on /home/abayturar/airflow-project/venv/lib/python3.12/site-packages/airflow/example_dags/example_branch_datetime_operator.py
[2026-03-29T12:40:11.335+0500] {processor.py:830} INFO - Processing file /home/abayturar/airflow-project/venv/lib/python3.12/site-packages/airflow/example_dags/example_branch_datetime_operator.py for tasks to queue
[2026-03-29T12:40:11.337+0500] {logging_mixin.py:188} INFO - [2026-03-29T12:40:11.336+0500] {dagbag.py:545} INFO - Filling up the DagBag from /home/abayturar/airflow-project/venv/lib/python3.12/site-packages/airflow/example_dags/example_branch_datetime_operator.py
[2026-03-29T12:40:11.345+0500] {processor.py:840} INFO - DAG(s) 'example_branch_datetime_operator', 'example_branch_datetime_operator_2', 'example_branch_datetime_operator_3' retrieved from /home/abayturar/airflow-project/venv/lib/python3.12/site-packages/airflow/example_dags/example_branch_datetime_operator.py
[2026-03-29T12:40:11.364+0500] {logging_mixin.py:188} INFO - [2026-03-29T12:40:11.364+0500] {dag.py:3089} INFO - Sync 3 DAGs
[2026-03-29T12:40:11.378+0500] {logging_mixin.py:188} INFO - [2026-03-29T12:40:11.378+0500] {dag.py:3947} INFO - Setting next_dagrun for example_branch_datetime_operator to 2026-03-28 00:00:00+00:00, run_after=2026-03-29 00:00:00+00:00
[2026-03-29T12:40:11.380+0500] {logging_mixin.py:188} INFO - [2026-03-29T12:40:11.380+0500] {dag.py:3947} INFO - Setting next_dagrun for example_branch_datetime_operator_2 to 2026-03-28 00:00:00+00:00, run_after=2026-03-29 00:00:00+00:00
[2026-03-29T12:40:11.381+0500] {logging_mixin.py:188} INFO - [2026-03-29T12:40:11.381+0500] {dag.py:3947} INFO - Setting next_dagrun for example_branch_datetime_operator_3 to 2026-03-28 00:00:00+00:00, run_after=2026-03-29 00:00:00+00:00
[2026-03-29T12:40:11.395+0500] {processor.py:183} INFO - Processing /home/abayturar/airflow-project/venv/lib/python3.12/site-packages/airflow/example_dags/example_branch_datetime_operator.py took 0.067 seconds
[2026-03-29T12:41:28.040+0500] {processor.py:161} INFO - Started process (PID=7472) to work on /home/abayturar/airflow-project/venv/lib/python3.12/site-packages/airflow/example_dags/example_branch_datetime_operator.py
[2026-03-29T12:41:28.041+0500] {processor.py:830} INFO - Processing file /home/abayturar/airflow-project/venv/lib/python3.12/site-packages/airflow/example_dags/example_branch_datetime_operator.py for tasks to queue
[2026-03-29T12:41:28.043+0500] {logging_mixin.py:188} INFO - [2026-03-29T12:41:28.043+0500] {dagbag.py:545} INFO - Filling up the DagBag from /home/abayturar/airflow-project/venv/lib/python3.12/site-packages/airflow/example_dags/example_branch_datetime_operator.py
[2026-03-29T12:41:28.053+0500] {processor.py:840} INFO - DAG(s) 'example_branch_datetime_operator_3', 'example_branch_datetime_operator_2', 'example_branch_datetime_operator' retrieved from /home/abayturar/airflow-project/venv/lib/python3.12/site-packages/airflow/example_dags/example_branch_datetime_operator.py
[2026-03-29T12:41:28.076+0500] {logging_mixin.py:188} INFO - [2026-03-29T12:41:28.075+0500] {dag.py:3089} INFO - Sync 3 DAGs
[2026-03-29T12:41:28.091+0500] {logging_mixin.py:188} INFO - [2026-03-29T12:41:28.090+0500] {dag.py:3947} INFO - Setting next_dagrun for example_branch_datetime_operator to 2026-03-28 00:00:00+00:00, run_after=2026-03-29 00:00:00+00:00
[2026-03-29T12:41:28.093+0500] {logging_mixin.py:188} INFO - [2026-03-29T12:41:28.093+0500] {dag.py:3947} INFO - Setting next_dagrun for example_branch_datetime_operator_2 to 2026-03-28 00:00:00+00:00, run_after=2026-03-29 00:00:00+00:00
[2026-03-29T12:41:28.094+0500] {logging_mixin.py:188} INFO - [2026-03-29T12:41:28.094+0500] {dag.py:3947} INFO - Setting next_dagrun for example_branch_datetime_operator_3 to 2026-03-28 00:00:00+00:00, run_after=2026-03-29 00:00:00+00:00
[2026-03-29T12:41:28.149+0500] {processor.py:183} INFO - Processing /home/abayturar/airflow-project/venv/lib/python3.12/site-packages/airflow/example_dags/example_branch_datetime_operator.py took 0.116 seconds
[2026-03-29T12:42:45.952+0500] {processor.py:161} INFO - Started process (PID=7698) to work on /home/abayturar/airflow-project/venv/lib/python3.12/site-packages/airflow/example_dags/example_branch_datetime_operator.py
[2026-03-29T12:42:45.953+0500] {processor.py:830} INFO - Processing file /home/abayturar/airflow-project/venv/lib/python3.12/site-packages/airflow/example_dags/example_branch_datetime_operator.py for tasks to queue
[2026-03-29T12:42:45.955+0500] {logging_mixin.py:188} INFO - [2026-03-29T12:42:45.954+0500] {dagbag.py:545} INFO - Filling up the DagBag from /home/abayturar/airflow-project/venv/lib/python3.12/site-packages/airflow/example_dags/example_branch_datetime_operator.py
[2026-03-29T12:42:45.964+0500] {processor.py:840} INFO - DAG(s) 'example_branch_datetime_operator_2', 'example_branch_datetime_operator_3', 'example_branch_datetime_operator' retrieved from /home/abayturar/airflow-project/venv/lib/python3.12/site-packages/airflow/example_dags/example_branch_datetime_operator.py
[2026-03-29T12:42:45.985+0500] {logging_mixin.py:188} INFO - [2026-03-29T12:42:45.984+0500] {dag.py:3089} INFO - Sync 3 DAGs
[2026-03-29T12:42:46.000+0500] {logging_mixin.py:188} INFO - [2026-03-29T12:42:46.000+0500] {dag.py:3947} INFO - Setting next_dagrun for example_branch_datetime_operator to 2026-03-28 00:00:00+00:00, run_after=2026-03-29 00:00:00+00:00
[2026-03-29T12:42:46.003+0500] {logging_mixin.py:188} INFO - [2026-03-29T12:42:46.003+0500] {dag.py:3947} INFO - Setting next_dagrun for example_branch_datetime_operator_2 to 2026-03-28 00:00:00+00:00, run_after=2026-03-29 00:00:00+00:00
[2026-03-29T12:42:46.004+0500] {logging_mixin.py:188} INFO - [2026-03-29T12:42:46.004+0500] {dag.py:3947} INFO - Setting next_dagrun for example_branch_datetime_operator_3 to 2026-03-28 00:00:00+00:00, run_after=2026-03-29 00:00:00+00:00
[2026-03-29T12:42:46.020+0500] {processor.py:183} INFO - Processing /home/abayturar/airflow-project/venv/lib/python3.12/site-packages/airflow/example_dags/example_branch_datetime_operator.py took 0.074 seconds
[2026-03-29T12:44:05.481+0500] {processor.py:161} INFO - Started process (PID=8037) to work on /home/abayturar/airflow-project/venv/lib/python3.12/site-packages/airflow/example_dags/example_branch_datetime_operator.py
[2026-03-29T12:44:05.482+0500] {processor.py:830} INFO - Processing file /home/abayturar/airflow-project/venv/lib/python3.12/site-packages/airflow/example_dags/example_branch_datetime_operator.py for tasks to queue
[2026-03-29T12:44:05.484+0500] {logging_mixin.py:188} INFO - [2026-03-29T12:44:05.483+0500] {dagbag.py:545} INFO - Filling up the DagBag from /home/abayturar/airflow-project/venv/lib/python3.12/site-packages/airflow/example_dags/example_branch_datetime_operator.py
[2026-03-29T12:44:05.492+0500] {processor.py:840} INFO - DAG(s) 'example_branch_datetime_operator', 'example_branch_datetime_operator_3', 'example_branch_datetime_operator_2' retrieved from /home/abayturar/airflow-project/venv/lib/python3.12/site-packages/airflow/example_dags/example_branch_datetime_operator.py
[2026-03-29T12:44:05.511+0500] {logging_mixin.py:188} INFO - [2026-03-29T12:44:05.511+0500] {dag.py:3089} INFO - Sync 3 DAGs
[2026-03-29T12:44:05.526+0500] {logging_mixin.py:188} INFO - [2026-03-29T12:44:05.526+0500] {dag.py:3947} INFO - Setting next_dagrun for example_branch_datetime_operator to 2026-03-28 00:00:00+00:00, run_after=2026-03-29 00:00:00+00:00
[2026-03-29T12:44:05.528+0500] {logging_mixin.py:188} INFO - [2026-03-29T12:44:05.528+0500] {dag.py:3947} INFO - Setting next_dagrun for example_branch_datetime_operator_2 to 2026-03-28 00:00:00+00:00, run_after=2026-03-29 00:00:00+00:00
[2026-03-29T12:44:05.529+0500] {logging_mixin.py:188} INFO - [2026-03-29T12:44:05.529+0500] {dag.py:3947} INFO - Setting next_dagrun for example_branch_datetime_operator_3 to 2026-03-28 00:00:00+00:00, run_after=2026-03-29 00:00:00+00:00
[2026-03-29T12:44:05.582+0500] {processor.py:183} INFO - Processing /home/abayturar/airflow-project/venv/lib/python3.12/site-packages/airflow/example_dags/example_branch_datetime_operator.py took 0.107 seconds
[2026-03-29T12:45:25.515+0500] {processor.py:161} INFO - Started process (PID=8555) to work on /home/abayturar/airflow-project/venv/lib/python3.12/site-packages/airflow/example_dags/example_branch_datetime_operator.py
[2026-03-29T12:45:25.516+0500] {processor.py:830} INFO - Processing file /home/abayturar/airflow-project/venv/lib/python3.12/site-packages/airflow/example_dags/example_branch_datetime_operator.py for tasks to queue
[2026-03-29T12:45:25.519+0500] {logging_mixin.py:188} INFO - [2026-03-29T12:45:25.518+0500] {dagbag.py:545} INFO - Filling up the DagBag from /home/abayturar/airflow-project/venv/lib/python3.12/site-packages/airflow/example_dags/example_branch_datetime_operator.py
[2026-03-29T12:45:25.534+0500] {processor.py:840} INFO - DAG(s) 'example_branch_datetime_operator_2', 'example_branch_datetime_operator_3', 'example_branch_datetime_operator' retrieved from /home/abayturar/airflow-project/venv/lib/python3.12/site-packages/airflow/example_dags/example_branch_datetime_operator.py
[2026-03-29T12:45:25.566+0500] {logging_mixin.py:188} INFO - [2026-03-29T12:45:25.566+0500] {dag.py:3089} INFO - Sync 3 DAGs
[2026-03-29T12:45:25.583+0500] {logging_mixin.py:188} INFO - [2026-03-29T12:45:25.583+0500] {dag.py:3947} INFO - Setting next_dagrun for example_branch_datetime_operator to 2026-03-28 00:00:00+00:00, run_after=2026-03-29 00:00:00+00:00
[2026-03-29T12:45:25.586+0500] {logging_mixin.py:188} INFO - [2026-03-29T12:45:25.586+0500] {dag.py:3947} INFO - Setting next_dagrun for example_branch_datetime_operator_2 to 2026-03-28 00:00:00+00:00, run_after=2026-03-29 00:00:00+00:00
[2026-03-29T12:45:25.588+0500] {logging_mixin.py:188} INFO - [2026-03-29T12:45:25.588+0500] {dag.py:3947} INFO - Setting next_dagrun for example_branch_datetime_operator_3 to 2026-03-28 00:00:00+00:00, run_after=2026-03-29 00:00:00+00:00
[2026-03-29T12:45:25.641+0500] {processor.py:183} INFO - Processing /home/abayturar/airflow-project/venv/lib/python3.12/site-packages/airflow/example_dags/example_branch_datetime_operator.py took 0.135 seconds
[2026-03-29T12:46:43.986+0500] {processor.py:161} INFO - Started process (PID=8947) to work on /home/abayturar/airflow-project/venv/lib/python3.12/site-packages/airflow/example_dags/example_branch_datetime_operator.py
[2026-03-29T12:46:43.988+0500] {processor.py:830} INFO - Processing file /home/abayturar/airflow-project/venv/lib/python3.12/site-packages/airflow/example_dags/example_branch_datetime_operator.py for tasks to queue
[2026-03-29T12:46:43.990+0500] {logging_mixin.py:188} INFO - [2026-03-29T12:46:43.989+0500] {dagbag.py:545} INFO - Filling up the DagBag from /home/abayturar/airflow-project/venv/lib/python3.12/site-packages/airflow/example_dags/example_branch_datetime_operator.py
[2026-03-29T12:46:43.999+0500] {processor.py:840} INFO - DAG(s) 'example_branch_datetime_operator', 'example_branch_datetime_operator_3', 'example_branch_datetime_operator_2' retrieved from /home/abayturar/airflow-project/venv/lib/python3.12/site-packages/airflow/example_dags/example_branch_datetime_operator.py
[2026-03-29T12:46:44.018+0500] {logging_mixin.py:188} INFO - [2026-03-29T12:46:44.018+0500] {dag.py:3089} INFO - Sync 3 DAGs
[2026-03-29T12:46:44.032+0500] {logging_mixin.py:188} INFO - [2026-03-29T12:46:44.032+0500] {dag.py:3947} INFO - Setting next_dagrun for example_branch_datetime_operator to 2026-03-28 00:00:00+00:00, run_after=2026-03-29 00:00:00+00:00
[2026-03-29T12:46:44.035+0500] {logging_mixin.py:188} INFO - [2026-03-29T12:46:44.035+0500] {dag.py:3947} INFO - Setting next_dagrun for example_branch_datetime_operator_2 to 2026-03-28 00:00:00+00:00, run_after=2026-03-29 00:00:00+00:00
[2026-03-29T12:46:44.036+0500] {logging_mixin.py:188} INFO - [2026-03-29T12:46:44.036+0500] {dag.py:3947} INFO - Setting next_dagrun for example_branch_datetime_operator_3 to 2026-03-28 00:00:00+00:00, run_after=2026-03-29 00:00:00+00:00
[2026-03-29T12:46:44.052+0500] {processor.py:183} INFO - Processing /home/abayturar/airflow-project/venv/lib/python3.12/site-packages/airflow/example_dags/example_branch_datetime_operator.py took 0.074 seconds
