[2026-03-29T12:02:08.299+0500] {processor.py:161} INFO - Started process (PID=32469) to work on /home/abayturar/airflow-project/venv/lib/python3.12/site-packages/airflow/example_dags/example_branch_day_of_week_operator.py
[2026-03-29T12:02:08.300+0500] {processor.py:830} INFO - Processing file /home/abayturar/airflow-project/venv/lib/python3.12/site-packages/airflow/example_dags/example_branch_day_of_week_operator.py for tasks to queue
[2026-03-29T12:02:08.341+0500] {logging_mixin.py:188} INFO - [2026-03-29T12:02:08.341+0500] {dagbag.py:545} INFO - Filling up the DagBag from /home/abayturar/airflow-project/venv/lib/python3.12/site-packages/airflow/example_dags/example_branch_day_of_week_operator.py
[2026-03-29T12:02:08.348+0500] {processor.py:840} INFO - DAG(s) 'example_weekday_branch_operator' retrieved from /home/abayturar/airflow-project/venv/lib/python3.12/site-packages/airflow/example_dags/example_branch_day_of_week_operator.py
[2026-03-29T12:02:08.364+0500] {logging_mixin.py:188} INFO - [2026-03-29T12:02:08.363+0500] {dag.py:3089} INFO - Sync 1 DAGs
[2026-03-29T12:02:08.378+0500] {logging_mixin.py:188} INFO - [2026-03-29T12:02:08.378+0500] {dag.py:3947} INFO - Setting next_dagrun for example_weekday_branch_operator to 2026-03-28 00:00:00+00:00, run_after=2026-03-29 00:00:00+00:00
[2026-03-29T12:02:08.394+0500] {processor.py:183} INFO - Processing /home/abayturar/airflow-project/venv/lib/python3.12/site-packages/airflow/example_dags/example_branch_day_of_week_operator.py took 0.101 seconds
[2026-03-29T12:06:01.364+0500] {processor.py:161} INFO - Started process (PID=38) to work on /home/abayturar/airflow-project/venv/lib/python3.12/site-packages/airflow/example_dags/example_branch_day_of_week_operator.py
[2026-03-29T12:06:01.365+0500] {processor.py:830} INFO - Processing file /home/abayturar/airflow-project/venv/lib/python3.12/site-packages/airflow/example_dags/example_branch_day_of_week_operator.py for tasks to queue
[2026-03-29T12:06:01.368+0500] {logging_mixin.py:188} INFO - [2026-03-29T12:06:01.367+0500] {dagbag.py:545} INFO - Filling up the DagBag from /home/abayturar/airflow-project/venv/lib/python3.12/site-packages/airflow/example_dags/example_branch_day_of_week_operator.py
[2026-03-29T12:06:01.376+0500] {processor.py:840} INFO - DAG(s) 'example_weekday_branch_operator' retrieved from /home/abayturar/airflow-project/venv/lib/python3.12/site-packages/airflow/example_dags/example_branch_day_of_week_operator.py
[2026-03-29T12:06:01.391+0500] {logging_mixin.py:188} INFO - [2026-03-29T12:06:01.391+0500] {dag.py:3089} INFO - Sync 1 DAGs
[2026-03-29T12:06:01.405+0500] {logging_mixin.py:188} INFO - [2026-03-29T12:06:01.405+0500] {dag.py:3947} INFO - Setting next_dagrun for example_weekday_branch_operator to 2026-03-28 00:00:00+00:00, run_after=2026-03-29 00:00:00+00:00
[2026-03-29T12:06:01.421+0500] {processor.py:183} INFO - Processing /home/abayturar/airflow-project/venv/lib/python3.12/site-packages/airflow/example_dags/example_branch_day_of_week_operator.py took 0.065 seconds
[2026-03-29T12:06:54.552+0500] {processor.py:161} INFO - Started process (PID=259) to work on /home/abayturar/airflow-project/venv/lib/python3.12/site-packages/airflow/example_dags/example_branch_day_of_week_operator.py
[2026-03-29T12:06:54.553+0500] {processor.py:830} INFO - Processing file /home/abayturar/airflow-project/venv/lib/python3.12/site-packages/airflow/example_dags/example_branch_day_of_week_operator.py for tasks to queue
[2026-03-29T12:06:54.555+0500] {logging_mixin.py:188} INFO - [2026-03-29T12:06:54.554+0500] {dagbag.py:545} INFO - Filling up the DagBag from /home/abayturar/airflow-project/venv/lib/python3.12/site-packages/airflow/example_dags/example_branch_day_of_week_operator.py
[2026-03-29T12:06:54.564+0500] {processor.py:840} INFO - DAG(s) 'example_weekday_branch_operator' retrieved from /home/abayturar/airflow-project/venv/lib/python3.12/site-packages/airflow/example_dags/example_branch_day_of_week_operator.py
[2026-03-29T12:06:54.582+0500] {logging_mixin.py:188} INFO - [2026-03-29T12:06:54.582+0500] {dag.py:3089} INFO - Sync 1 DAGs
[2026-03-29T12:06:54.597+0500] {logging_mixin.py:188} INFO - [2026-03-29T12:06:54.597+0500] {dag.py:3947} INFO - Setting next_dagrun for example_weekday_branch_operator to 2026-03-28 00:00:00+00:00, run_after=2026-03-29 00:00:00+00:00
[2026-03-29T12:06:54.614+0500] {processor.py:183} INFO - Processing /home/abayturar/airflow-project/venv/lib/python3.12/site-packages/airflow/example_dags/example_branch_day_of_week_operator.py took 0.069 seconds
[2026-03-29T12:08:05.714+0500] {processor.py:161} INFO - Started process (PID=544) to work on /home/abayturar/airflow-project/venv/lib/python3.12/site-packages/airflow/example_dags/example_branch_day_of_week_operator.py
[2026-03-29T12:08:05.715+0500] {processor.py:830} INFO - Processing file /home/abayturar/airflow-project/venv/lib/python3.12/site-packages/airflow/example_dags/example_branch_day_of_week_operator.py for tasks to queue
[2026-03-29T12:08:05.717+0500] {logging_mixin.py:188} INFO - [2026-03-29T12:08:05.717+0500] {dagbag.py:545} INFO - Filling up the DagBag from /home/abayturar/airflow-project/venv/lib/python3.12/site-packages/airflow/example_dags/example_branch_day_of_week_operator.py
[2026-03-29T12:08:05.727+0500] {processor.py:840} INFO - DAG(s) 'example_weekday_branch_operator' retrieved from /home/abayturar/airflow-project/venv/lib/python3.12/site-packages/airflow/example_dags/example_branch_day_of_week_operator.py
[2026-03-29T12:08:05.753+0500] {logging_mixin.py:188} INFO - [2026-03-29T12:08:05.753+0500] {dag.py:3089} INFO - Sync 1 DAGs
[2026-03-29T12:08:05.774+0500] {logging_mixin.py:188} INFO - [2026-03-29T12:08:05.774+0500] {dag.py:3947} INFO - Setting next_dagrun for example_weekday_branch_operator to 2026-03-28 00:00:00+00:00, run_after=2026-03-29 00:00:00+00:00
[2026-03-29T12:08:05.805+0500] {processor.py:183} INFO - Processing /home/abayturar/airflow-project/venv/lib/python3.12/site-packages/airflow/example_dags/example_branch_day_of_week_operator.py took 0.099 seconds
[2026-03-29T12:09:23.221+0500] {processor.py:161} INFO - Started process (PID=872) to work on /home/abayturar/airflow-project/venv/lib/python3.12/site-packages/airflow/example_dags/example_branch_day_of_week_operator.py
[2026-03-29T12:09:23.222+0500] {processor.py:830} INFO - Processing file /home/abayturar/airflow-project/venv/lib/python3.12/site-packages/airflow/example_dags/example_branch_day_of_week_operator.py for tasks to queue
[2026-03-29T12:09:23.223+0500] {logging_mixin.py:188} INFO - [2026-03-29T12:09:23.223+0500] {dagbag.py:545} INFO - Filling up the DagBag from /home/abayturar/airflow-project/venv/lib/python3.12/site-packages/airflow/example_dags/example_branch_day_of_week_operator.py
[2026-03-29T12:09:23.230+0500] {processor.py:840} INFO - DAG(s) 'example_weekday_branch_operator' retrieved from /home/abayturar/airflow-project/venv/lib/python3.12/site-packages/airflow/example_dags/example_branch_day_of_week_operator.py
[2026-03-29T12:09:23.246+0500] {logging_mixin.py:188} INFO - [2026-03-29T12:09:23.246+0500] {dag.py:3089} INFO - Sync 1 DAGs
[2026-03-29T12:09:23.260+0500] {logging_mixin.py:188} INFO - [2026-03-29T12:09:23.260+0500] {dag.py:3947} INFO - Setting next_dagrun for example_weekday_branch_operator to 2026-03-28 00:00:00+00:00, run_after=2026-03-29 00:00:00+00:00
[2026-03-29T12:09:23.313+0500] {processor.py:183} INFO - Processing /home/abayturar/airflow-project/venv/lib/python3.12/site-packages/airflow/example_dags/example_branch_day_of_week_operator.py took 0.098 seconds
[2026-03-29T12:10:36.429+0500] {processor.py:161} INFO - Started process (PID=1064) to work on /home/abayturar/airflow-project/venv/lib/python3.12/site-packages/airflow/example_dags/example_branch_day_of_week_operator.py
[2026-03-29T12:10:36.430+0500] {processor.py:830} INFO - Processing file /home/abayturar/airflow-project/venv/lib/python3.12/site-packages/airflow/example_dags/example_branch_day_of_week_operator.py for tasks to queue
[2026-03-29T12:10:36.431+0500] {logging_mixin.py:188} INFO - [2026-03-29T12:10:36.431+0500] {dagbag.py:545} INFO - Filling up the DagBag from /home/abayturar/airflow-project/venv/lib/python3.12/site-packages/airflow/example_dags/example_branch_day_of_week_operator.py
[2026-03-29T12:10:36.439+0500] {processor.py:840} INFO - DAG(s) 'example_weekday_branch_operator' retrieved from /home/abayturar/airflow-project/venv/lib/python3.12/site-packages/airflow/example_dags/example_branch_day_of_week_operator.py
[2026-03-29T12:10:36.455+0500] {logging_mixin.py:188} INFO - [2026-03-29T12:10:36.455+0500] {dag.py:3089} INFO - Sync 1 DAGs
[2026-03-29T12:10:36.469+0500] {logging_mixin.py:188} INFO - [2026-03-29T12:10:36.469+0500] {dag.py:3947} INFO - Setting next_dagrun for example_weekday_branch_operator to 2026-03-28 00:00:00+00:00, run_after=2026-03-29 00:00:00+00:00
[2026-03-29T12:10:36.523+0500] {processor.py:183} INFO - Processing /home/abayturar/airflow-project/venv/lib/python3.12/site-packages/airflow/example_dags/example_branch_day_of_week_operator.py took 0.100 seconds
[2026-03-29T12:11:49.906+0500] {processor.py:161} INFO - Started process (PID=1262) to work on /home/abayturar/airflow-project/venv/lib/python3.12/site-packages/airflow/example_dags/example_branch_day_of_week_operator.py
[2026-03-29T12:11:49.907+0500] {processor.py:830} INFO - Processing file /home/abayturar/airflow-project/venv/lib/python3.12/site-packages/airflow/example_dags/example_branch_day_of_week_operator.py for tasks to queue
[2026-03-29T12:11:49.909+0500] {logging_mixin.py:188} INFO - [2026-03-29T12:11:49.909+0500] {dagbag.py:545} INFO - Filling up the DagBag from /home/abayturar/airflow-project/venv/lib/python3.12/site-packages/airflow/example_dags/example_branch_day_of_week_operator.py
[2026-03-29T12:11:49.918+0500] {processor.py:840} INFO - DAG(s) 'example_weekday_branch_operator' retrieved from /home/abayturar/airflow-project/venv/lib/python3.12/site-packages/airflow/example_dags/example_branch_day_of_week_operator.py
[2026-03-29T12:11:49.936+0500] {logging_mixin.py:188} INFO - [2026-03-29T12:11:49.935+0500] {dag.py:3089} INFO - Sync 1 DAGs
[2026-03-29T12:11:49.951+0500] {logging_mixin.py:188} INFO - [2026-03-29T12:11:49.951+0500] {dag.py:3947} INFO - Setting next_dagrun for example_weekday_branch_operator to 2026-03-28 00:00:00+00:00, run_after=2026-03-29 00:00:00+00:00
[2026-03-29T12:11:49.965+0500] {processor.py:183} INFO - Processing /home/abayturar/airflow-project/venv/lib/python3.12/site-packages/airflow/example_dags/example_branch_day_of_week_operator.py took 0.067 seconds
[2026-03-29T12:12:45.689+0500] {processor.py:161} INFO - Started process (PID=1407) to work on /home/abayturar/airflow-project/venv/lib/python3.12/site-packages/airflow/example_dags/example_branch_day_of_week_operator.py
[2026-03-29T12:12:45.690+0500] {processor.py:830} INFO - Processing file /home/abayturar/airflow-project/venv/lib/python3.12/site-packages/airflow/example_dags/example_branch_day_of_week_operator.py for tasks to queue
[2026-03-29T12:12:45.691+0500] {logging_mixin.py:188} INFO - [2026-03-29T12:12:45.691+0500] {dagbag.py:545} INFO - Filling up the DagBag from /home/abayturar/airflow-project/venv/lib/python3.12/site-packages/airflow/example_dags/example_branch_day_of_week_operator.py
[2026-03-29T12:12:45.698+0500] {processor.py:840} INFO - DAG(s) 'example_weekday_branch_operator' retrieved from /home/abayturar/airflow-project/venv/lib/python3.12/site-packages/airflow/example_dags/example_branch_day_of_week_operator.py
[2026-03-29T12:12:45.714+0500] {logging_mixin.py:188} INFO - [2026-03-29T12:12:45.714+0500] {dag.py:3089} INFO - Sync 1 DAGs
[2026-03-29T12:12:45.727+0500] {logging_mixin.py:188} INFO - [2026-03-29T12:12:45.727+0500] {dag.py:3947} INFO - Setting next_dagrun for example_weekday_branch_operator to 2026-03-28 00:00:00+00:00, run_after=2026-03-29 00:00:00+00:00
[2026-03-29T12:12:45.743+0500] {processor.py:183} INFO - Processing /home/abayturar/airflow-project/venv/lib/python3.12/site-packages/airflow/example_dags/example_branch_day_of_week_operator.py took 0.060 seconds
[2026-03-29T12:13:59.438+0500] {processor.py:161} INFO - Started process (PID=1600) to work on /home/abayturar/airflow-project/venv/lib/python3.12/site-packages/airflow/example_dags/example_branch_day_of_week_operator.py
[2026-03-29T12:13:59.439+0500] {processor.py:830} INFO - Processing file /home/abayturar/airflow-project/venv/lib/python3.12/site-packages/airflow/example_dags/example_branch_day_of_week_operator.py for tasks to queue
[2026-03-29T12:13:59.441+0500] {logging_mixin.py:188} INFO - [2026-03-29T12:13:59.440+0500] {dagbag.py:545} INFO - Filling up the DagBag from /home/abayturar/airflow-project/venv/lib/python3.12/site-packages/airflow/example_dags/example_branch_day_of_week_operator.py
[2026-03-29T12:13:59.448+0500] {processor.py:840} INFO - DAG(s) 'example_weekday_branch_operator' retrieved from /home/abayturar/airflow-project/venv/lib/python3.12/site-packages/airflow/example_dags/example_branch_day_of_week_operator.py
[2026-03-29T12:13:59.463+0500] {logging_mixin.py:188} INFO - [2026-03-29T12:13:59.463+0500] {dag.py:3089} INFO - Sync 1 DAGs
[2026-03-29T12:13:59.477+0500] {logging_mixin.py:188} INFO - [2026-03-29T12:13:59.476+0500] {dag.py:3947} INFO - Setting next_dagrun for example_weekday_branch_operator to 2026-03-28 00:00:00+00:00, run_after=2026-03-29 00:00:00+00:00
[2026-03-29T12:13:59.529+0500] {processor.py:183} INFO - Processing /home/abayturar/airflow-project/venv/lib/python3.12/site-packages/airflow/example_dags/example_branch_day_of_week_operator.py took 0.097 seconds
[2026-03-29T12:15:18.248+0500] {processor.py:161} INFO - Started process (PID=1807) to work on /home/abayturar/airflow-project/venv/lib/python3.12/site-packages/airflow/example_dags/example_branch_day_of_week_operator.py
[2026-03-29T12:15:18.249+0500] {processor.py:830} INFO - Processing file /home/abayturar/airflow-project/venv/lib/python3.12/site-packages/airflow/example_dags/example_branch_day_of_week_operator.py for tasks to queue
[2026-03-29T12:15:18.250+0500] {logging_mixin.py:188} INFO - [2026-03-29T12:15:18.250+0500] {dagbag.py:545} INFO - Filling up the DagBag from /home/abayturar/airflow-project/venv/lib/python3.12/site-packages/airflow/example_dags/example_branch_day_of_week_operator.py
[2026-03-29T12:15:18.257+0500] {processor.py:840} INFO - DAG(s) 'example_weekday_branch_operator' retrieved from /home/abayturar/airflow-project/venv/lib/python3.12/site-packages/airflow/example_dags/example_branch_day_of_week_operator.py
[2026-03-29T12:15:18.273+0500] {logging_mixin.py:188} INFO - [2026-03-29T12:15:18.273+0500] {dag.py:3089} INFO - Sync 1 DAGs
[2026-03-29T12:15:18.287+0500] {logging_mixin.py:188} INFO - [2026-03-29T12:15:18.287+0500] {dag.py:3947} INFO - Setting next_dagrun for example_weekday_branch_operator to 2026-03-28 00:00:00+00:00, run_after=2026-03-29 00:00:00+00:00
[2026-03-29T12:15:18.302+0500] {processor.py:183} INFO - Processing /home/abayturar/airflow-project/venv/lib/python3.12/site-packages/airflow/example_dags/example_branch_day_of_week_operator.py took 0.060 seconds
[2026-03-29T12:16:14.913+0500] {processor.py:161} INFO - Started process (PID=1955) to work on /home/abayturar/airflow-project/venv/lib/python3.12/site-packages/airflow/example_dags/example_branch_day_of_week_operator.py
[2026-03-29T12:16:14.914+0500] {processor.py:830} INFO - Processing file /home/abayturar/airflow-project/venv/lib/python3.12/site-packages/airflow/example_dags/example_branch_day_of_week_operator.py for tasks to queue
[2026-03-29T12:16:14.915+0500] {logging_mixin.py:188} INFO - [2026-03-29T12:16:14.915+0500] {dagbag.py:545} INFO - Filling up the DagBag from /home/abayturar/airflow-project/venv/lib/python3.12/site-packages/airflow/example_dags/example_branch_day_of_week_operator.py
[2026-03-29T12:16:14.922+0500] {processor.py:840} INFO - DAG(s) 'example_weekday_branch_operator' retrieved from /home/abayturar/airflow-project/venv/lib/python3.12/site-packages/airflow/example_dags/example_branch_day_of_week_operator.py
[2026-03-29T12:16:14.937+0500] {logging_mixin.py:188} INFO - [2026-03-29T12:16:14.937+0500] {dag.py:3089} INFO - Sync 1 DAGs
[2026-03-29T12:16:14.950+0500] {logging_mixin.py:188} INFO - [2026-03-29T12:16:14.950+0500] {dag.py:3947} INFO - Setting next_dagrun for example_weekday_branch_operator to 2026-03-28 00:00:00+00:00, run_after=2026-03-29 00:00:00+00:00
[2026-03-29T12:16:15.004+0500] {processor.py:183} INFO - Processing /home/abayturar/airflow-project/venv/lib/python3.12/site-packages/airflow/example_dags/example_branch_day_of_week_operator.py took 0.096 seconds
[2026-03-29T12:17:34.163+0500] {processor.py:161} INFO - Started process (PID=2156) to work on /home/abayturar/airflow-project/venv/lib/python3.12/site-packages/airflow/example_dags/example_branch_day_of_week_operator.py
[2026-03-29T12:17:34.163+0500] {processor.py:830} INFO - Processing file /home/abayturar/airflow-project/venv/lib/python3.12/site-packages/airflow/example_dags/example_branch_day_of_week_operator.py for tasks to queue
[2026-03-29T12:17:34.165+0500] {logging_mixin.py:188} INFO - [2026-03-29T12:17:34.165+0500] {dagbag.py:545} INFO - Filling up the DagBag from /home/abayturar/airflow-project/venv/lib/python3.12/site-packages/airflow/example_dags/example_branch_day_of_week_operator.py
[2026-03-29T12:17:34.172+0500] {processor.py:840} INFO - DAG(s) 'example_weekday_branch_operator' retrieved from /home/abayturar/airflow-project/venv/lib/python3.12/site-packages/airflow/example_dags/example_branch_day_of_week_operator.py
[2026-03-29T12:17:34.192+0500] {logging_mixin.py:188} INFO - [2026-03-29T12:17:34.191+0500] {dag.py:3089} INFO - Sync 1 DAGs
[2026-03-29T12:17:34.206+0500] {logging_mixin.py:188} INFO - [2026-03-29T12:17:34.206+0500] {dag.py:3947} INFO - Setting next_dagrun for example_weekday_branch_operator to 2026-03-28 00:00:00+00:00, run_after=2026-03-29 00:00:00+00:00
[2026-03-29T12:17:34.259+0500] {processor.py:183} INFO - Processing /home/abayturar/airflow-project/venv/lib/python3.12/site-packages/airflow/example_dags/example_branch_day_of_week_operator.py took 0.103 seconds
[2026-03-29T12:18:51.147+0500] {processor.py:161} INFO - Started process (PID=2363) to work on /home/abayturar/airflow-project/venv/lib/python3.12/site-packages/airflow/example_dags/example_branch_day_of_week_operator.py
[2026-03-29T12:18:51.148+0500] {processor.py:830} INFO - Processing file /home/abayturar/airflow-project/venv/lib/python3.12/site-packages/airflow/example_dags/example_branch_day_of_week_operator.py for tasks to queue
[2026-03-29T12:18:51.149+0500] {logging_mixin.py:188} INFO - [2026-03-29T12:18:51.149+0500] {dagbag.py:545} INFO - Filling up the DagBag from /home/abayturar/airflow-project/venv/lib/python3.12/site-packages/airflow/example_dags/example_branch_day_of_week_operator.py
[2026-03-29T12:18:51.157+0500] {processor.py:840} INFO - DAG(s) 'example_weekday_branch_operator' retrieved from /home/abayturar/airflow-project/venv/lib/python3.12/site-packages/airflow/example_dags/example_branch_day_of_week_operator.py
[2026-03-29T12:18:51.177+0500] {logging_mixin.py:188} INFO - [2026-03-29T12:18:51.177+0500] {dag.py:3089} INFO - Sync 1 DAGs
[2026-03-29T12:18:51.194+0500] {logging_mixin.py:188} INFO - [2026-03-29T12:18:51.194+0500] {dag.py:3947} INFO - Setting next_dagrun for example_weekday_branch_operator to 2026-03-28 00:00:00+00:00, run_after=2026-03-29 00:00:00+00:00
[2026-03-29T12:18:51.249+0500] {processor.py:183} INFO - Processing /home/abayturar/airflow-project/venv/lib/python3.12/site-packages/airflow/example_dags/example_branch_day_of_week_operator.py took 0.109 seconds
[2026-03-29T12:20:06.697+0500] {processor.py:161} INFO - Started process (PID=2556) to work on /home/abayturar/airflow-project/venv/lib/python3.12/site-packages/airflow/example_dags/example_branch_day_of_week_operator.py
[2026-03-29T12:20:06.698+0500] {processor.py:830} INFO - Processing file /home/abayturar/airflow-project/venv/lib/python3.12/site-packages/airflow/example_dags/example_branch_day_of_week_operator.py for tasks to queue
[2026-03-29T12:20:06.699+0500] {logging_mixin.py:188} INFO - [2026-03-29T12:20:06.699+0500] {dagbag.py:545} INFO - Filling up the DagBag from /home/abayturar/airflow-project/venv/lib/python3.12/site-packages/airflow/example_dags/example_branch_day_of_week_operator.py
[2026-03-29T12:20:06.707+0500] {processor.py:840} INFO - DAG(s) 'example_weekday_branch_operator' retrieved from /home/abayturar/airflow-project/venv/lib/python3.12/site-packages/airflow/example_dags/example_branch_day_of_week_operator.py
[2026-03-29T12:20:06.724+0500] {logging_mixin.py:188} INFO - [2026-03-29T12:20:06.724+0500] {dag.py:3089} INFO - Sync 1 DAGs
[2026-03-29T12:20:06.738+0500] {logging_mixin.py:188} INFO - [2026-03-29T12:20:06.738+0500] {dag.py:3947} INFO - Setting next_dagrun for example_weekday_branch_operator to 2026-03-28 00:00:00+00:00, run_after=2026-03-29 00:00:00+00:00
[2026-03-29T12:20:06.753+0500] {processor.py:183} INFO - Processing /home/abayturar/airflow-project/venv/lib/python3.12/site-packages/airflow/example_dags/example_branch_day_of_week_operator.py took 0.062 seconds
[2026-03-29T12:21:27.711+0500] {processor.py:161} INFO - Started process (PID=2771) to work on /home/abayturar/airflow-project/venv/lib/python3.12/site-packages/airflow/example_dags/example_branch_day_of_week_operator.py
[2026-03-29T12:21:27.712+0500] {processor.py:830} INFO - Processing file /home/abayturar/airflow-project/venv/lib/python3.12/site-packages/airflow/example_dags/example_branch_day_of_week_operator.py for tasks to queue
[2026-03-29T12:21:27.714+0500] {logging_mixin.py:188} INFO - [2026-03-29T12:21:27.713+0500] {dagbag.py:545} INFO - Filling up the DagBag from /home/abayturar/airflow-project/venv/lib/python3.12/site-packages/airflow/example_dags/example_branch_day_of_week_operator.py
[2026-03-29T12:21:27.721+0500] {processor.py:840} INFO - DAG(s) 'example_weekday_branch_operator' retrieved from /home/abayturar/airflow-project/venv/lib/python3.12/site-packages/airflow/example_dags/example_branch_day_of_week_operator.py
[2026-03-29T12:21:27.737+0500] {logging_mixin.py:188} INFO - [2026-03-29T12:21:27.737+0500] {dag.py:3089} INFO - Sync 1 DAGs
[2026-03-29T12:21:27.751+0500] {logging_mixin.py:188} INFO - [2026-03-29T12:21:27.751+0500] {dag.py:3947} INFO - Setting next_dagrun for example_weekday_branch_operator to 2026-03-28 00:00:00+00:00, run_after=2026-03-29 00:00:00+00:00
[2026-03-29T12:21:27.766+0500] {processor.py:183} INFO - Processing /home/abayturar/airflow-project/venv/lib/python3.12/site-packages/airflow/example_dags/example_branch_day_of_week_operator.py took 0.061 seconds
[2026-03-29T12:22:44.420+0500] {processor.py:161} INFO - Started process (PID=3127) to work on /home/abayturar/airflow-project/venv/lib/python3.12/site-packages/airflow/example_dags/example_branch_day_of_week_operator.py
[2026-03-29T12:22:44.421+0500] {processor.py:830} INFO - Processing file /home/abayturar/airflow-project/venv/lib/python3.12/site-packages/airflow/example_dags/example_branch_day_of_week_operator.py for tasks to queue
[2026-03-29T12:22:44.423+0500] {logging_mixin.py:188} INFO - [2026-03-29T12:22:44.423+0500] {dagbag.py:545} INFO - Filling up the DagBag from /home/abayturar/airflow-project/venv/lib/python3.12/site-packages/airflow/example_dags/example_branch_day_of_week_operator.py
[2026-03-29T12:22:44.432+0500] {processor.py:840} INFO - DAG(s) 'example_weekday_branch_operator' retrieved from /home/abayturar/airflow-project/venv/lib/python3.12/site-packages/airflow/example_dags/example_branch_day_of_week_operator.py
[2026-03-29T12:22:44.451+0500] {logging_mixin.py:188} INFO - [2026-03-29T12:22:44.451+0500] {dag.py:3089} INFO - Sync 1 DAGs
[2026-03-29T12:22:44.469+0500] {logging_mixin.py:188} INFO - [2026-03-29T12:22:44.469+0500] {dag.py:3947} INFO - Setting next_dagrun for example_weekday_branch_operator to 2026-03-28 00:00:00+00:00, run_after=2026-03-29 00:00:00+00:00
[2026-03-29T12:22:44.529+0500] {processor.py:183} INFO - Processing /home/abayturar/airflow-project/venv/lib/python3.12/site-packages/airflow/example_dags/example_branch_day_of_week_operator.py took 0.116 seconds
[2026-03-29T12:24:03.472+0500] {processor.py:161} INFO - Started process (PID=3439) to work on /home/abayturar/airflow-project/venv/lib/python3.12/site-packages/airflow/example_dags/example_branch_day_of_week_operator.py
[2026-03-29T12:24:03.473+0500] {processor.py:830} INFO - Processing file /home/abayturar/airflow-project/venv/lib/python3.12/site-packages/airflow/example_dags/example_branch_day_of_week_operator.py for tasks to queue
[2026-03-29T12:24:03.475+0500] {logging_mixin.py:188} INFO - [2026-03-29T12:24:03.474+0500] {dagbag.py:545} INFO - Filling up the DagBag from /home/abayturar/airflow-project/venv/lib/python3.12/site-packages/airflow/example_dags/example_branch_day_of_week_operator.py
[2026-03-29T12:24:03.482+0500] {processor.py:840} INFO - DAG(s) 'example_weekday_branch_operator' retrieved from /home/abayturar/airflow-project/venv/lib/python3.12/site-packages/airflow/example_dags/example_branch_day_of_week_operator.py
[2026-03-29T12:24:03.499+0500] {logging_mixin.py:188} INFO - [2026-03-29T12:24:03.499+0500] {dag.py:3089} INFO - Sync 1 DAGs
[2026-03-29T12:24:03.515+0500] {logging_mixin.py:188} INFO - [2026-03-29T12:24:03.515+0500] {dag.py:3947} INFO - Setting next_dagrun for example_weekday_branch_operator to 2026-03-28 00:00:00+00:00, run_after=2026-03-29 00:00:00+00:00
[2026-03-29T12:24:03.574+0500] {processor.py:183} INFO - Processing /home/abayturar/airflow-project/venv/lib/python3.12/site-packages/airflow/example_dags/example_branch_day_of_week_operator.py took 0.108 seconds
[2026-03-29T12:25:24.206+0500] {processor.py:161} INFO - Started process (PID=3656) to work on /home/abayturar/airflow-project/venv/lib/python3.12/site-packages/airflow/example_dags/example_branch_day_of_week_operator.py
[2026-03-29T12:25:24.206+0500] {processor.py:830} INFO - Processing file /home/abayturar/airflow-project/venv/lib/python3.12/site-packages/airflow/example_dags/example_branch_day_of_week_operator.py for tasks to queue
[2026-03-29T12:25:24.208+0500] {logging_mixin.py:188} INFO - [2026-03-29T12:25:24.208+0500] {dagbag.py:545} INFO - Filling up the DagBag from /home/abayturar/airflow-project/venv/lib/python3.12/site-packages/airflow/example_dags/example_branch_day_of_week_operator.py
[2026-03-29T12:25:24.216+0500] {processor.py:840} INFO - DAG(s) 'example_weekday_branch_operator' retrieved from /home/abayturar/airflow-project/venv/lib/python3.12/site-packages/airflow/example_dags/example_branch_day_of_week_operator.py
[2026-03-29T12:25:24.234+0500] {logging_mixin.py:188} INFO - [2026-03-29T12:25:24.234+0500] {dag.py:3089} INFO - Sync 1 DAGs
[2026-03-29T12:25:24.250+0500] {logging_mixin.py:188} INFO - [2026-03-29T12:25:24.250+0500] {dag.py:3947} INFO - Setting next_dagrun for example_weekday_branch_operator to 2026-03-28 00:00:00+00:00, run_after=2026-03-29 00:00:00+00:00
[2026-03-29T12:25:24.305+0500] {processor.py:183} INFO - Processing /home/abayturar/airflow-project/venv/lib/python3.12/site-packages/airflow/example_dags/example_branch_day_of_week_operator.py took 0.106 seconds
[2026-03-29T12:26:39.062+0500] {processor.py:161} INFO - Started process (PID=4059) to work on /home/abayturar/airflow-project/venv/lib/python3.12/site-packages/airflow/example_dags/example_branch_day_of_week_operator.py
[2026-03-29T12:26:39.063+0500] {processor.py:830} INFO - Processing file /home/abayturar/airflow-project/venv/lib/python3.12/site-packages/airflow/example_dags/example_branch_day_of_week_operator.py for tasks to queue
[2026-03-29T12:26:39.066+0500] {logging_mixin.py:188} INFO - [2026-03-29T12:26:39.065+0500] {dagbag.py:545} INFO - Filling up the DagBag from /home/abayturar/airflow-project/venv/lib/python3.12/site-packages/airflow/example_dags/example_branch_day_of_week_operator.py
[2026-03-29T12:26:39.079+0500] {processor.py:840} INFO - DAG(s) 'example_weekday_branch_operator' retrieved from /home/abayturar/airflow-project/venv/lib/python3.12/site-packages/airflow/example_dags/example_branch_day_of_week_operator.py
[2026-03-29T12:26:39.101+0500] {logging_mixin.py:188} INFO - [2026-03-29T12:26:39.101+0500] {dag.py:3089} INFO - Sync 1 DAGs
[2026-03-29T12:26:39.118+0500] {logging_mixin.py:188} INFO - [2026-03-29T12:26:39.117+0500] {dag.py:3947} INFO - Setting next_dagrun for example_weekday_branch_operator to 2026-03-28 00:00:00+00:00, run_after=2026-03-29 00:00:00+00:00
[2026-03-29T12:26:39.136+0500] {processor.py:183} INFO - Processing /home/abayturar/airflow-project/venv/lib/python3.12/site-packages/airflow/example_dags/example_branch_day_of_week_operator.py took 0.084 seconds
