[2026-03-29T12:01:36.835+0500] {processor.py:161} INFO - Started process (PID=32271) to work on /home/abayturar/airflow-project/venv/lib/python3.12/site-packages/airflow/example_dags/example_complex.py
[2026-03-29T12:01:36.837+0500] {processor.py:830} INFO - Processing file /home/abayturar/airflow-project/venv/lib/python3.12/site-packages/airflow/example_dags/example_complex.py for tasks to queue
[2026-03-29T12:01:36.838+0500] {logging_mixin.py:188} INFO - [2026-03-29T12:01:36.838+0500] {dagbag.py:545} INFO - Filling up the DagBag from /home/abayturar/airflow-project/venv/lib/python3.12/site-packages/airflow/example_dags/example_complex.py
[2026-03-29T12:01:36.849+0500] {processor.py:840} INFO - DAG(s) 'example_complex' retrieved from /home/abayturar/airflow-project/venv/lib/python3.12/site-packages/airflow/example_dags/example_complex.py
[2026-03-29T12:01:36.877+0500] {logging_mixin.py:188} INFO - [2026-03-29T12:01:36.877+0500] {dag.py:3089} INFO - Sync 1 DAGs
[2026-03-29T12:01:36.887+0500] {logging_mixin.py:188} INFO - [2026-03-29T12:01:36.887+0500] {dag.py:3947} INFO - Setting next_dagrun for example_complex to None, run_after=None
[2026-03-29T12:01:36.904+0500] {processor.py:183} INFO - Processing /home/abayturar/airflow-project/venv/lib/python3.12/site-packages/airflow/example_dags/example_complex.py took 0.076 seconds
[2026-03-29T12:02:35.650+0500] {processor.py:161} INFO - Started process (PID=32587) to work on /home/abayturar/airflow-project/venv/lib/python3.12/site-packages/airflow/example_dags/example_complex.py
[2026-03-29T12:02:35.651+0500] {processor.py:830} INFO - Processing file /home/abayturar/airflow-project/venv/lib/python3.12/site-packages/airflow/example_dags/example_complex.py for tasks to queue
[2026-03-29T12:02:35.652+0500] {logging_mixin.py:188} INFO - [2026-03-29T12:02:35.652+0500] {dagbag.py:545} INFO - Filling up the DagBag from /home/abayturar/airflow-project/venv/lib/python3.12/site-packages/airflow/example_dags/example_complex.py
[2026-03-29T12:02:35.660+0500] {processor.py:840} INFO - DAG(s) 'example_complex' retrieved from /home/abayturar/airflow-project/venv/lib/python3.12/site-packages/airflow/example_dags/example_complex.py
[2026-03-29T12:02:35.680+0500] {logging_mixin.py:188} INFO - [2026-03-29T12:02:35.680+0500] {dag.py:3089} INFO - Sync 1 DAGs
[2026-03-29T12:02:35.689+0500] {logging_mixin.py:188} INFO - [2026-03-29T12:02:35.688+0500] {dag.py:3947} INFO - Setting next_dagrun for example_complex to None, run_after=None
[2026-03-29T12:02:35.742+0500] {processor.py:183} INFO - Processing /home/abayturar/airflow-project/venv/lib/python3.12/site-packages/airflow/example_dags/example_complex.py took 0.098 seconds
[2026-03-29T12:06:29.245+0500] {processor.py:161} INFO - Started process (PID=152) to work on /home/abayturar/airflow-project/venv/lib/python3.12/site-packages/airflow/example_dags/example_complex.py
[2026-03-29T12:06:29.279+0500] {processor.py:830} INFO - Processing file /home/abayturar/airflow-project/venv/lib/python3.12/site-packages/airflow/example_dags/example_complex.py for tasks to queue
[2026-03-29T12:06:29.281+0500] {logging_mixin.py:188} INFO - [2026-03-29T12:06:29.281+0500] {dagbag.py:545} INFO - Filling up the DagBag from /home/abayturar/airflow-project/venv/lib/python3.12/site-packages/airflow/example_dags/example_complex.py
[2026-03-29T12:06:29.291+0500] {processor.py:840} INFO - DAG(s) 'example_complex' retrieved from /home/abayturar/airflow-project/venv/lib/python3.12/site-packages/airflow/example_dags/example_complex.py
[2026-03-29T12:06:29.314+0500] {logging_mixin.py:188} INFO - [2026-03-29T12:06:29.314+0500] {dag.py:3089} INFO - Sync 1 DAGs
[2026-03-29T12:06:29.324+0500] {logging_mixin.py:188} INFO - [2026-03-29T12:06:29.324+0500] {dag.py:3947} INFO - Setting next_dagrun for example_complex to None, run_after=None
[2026-03-29T12:06:29.342+0500] {processor.py:183} INFO - Processing /home/abayturar/airflow-project/venv/lib/python3.12/site-packages/airflow/example_dags/example_complex.py took 0.104 seconds
[2026-03-29T12:07:38.170+0500] {processor.py:161} INFO - Started process (PID=437) to work on /home/abayturar/airflow-project/venv/lib/python3.12/site-packages/airflow/example_dags/example_complex.py
[2026-03-29T12:07:38.171+0500] {processor.py:830} INFO - Processing file /home/abayturar/airflow-project/venv/lib/python3.12/site-packages/airflow/example_dags/example_complex.py for tasks to queue
[2026-03-29T12:07:38.172+0500] {logging_mixin.py:188} INFO - [2026-03-29T12:07:38.172+0500] {dagbag.py:545} INFO - Filling up the DagBag from /home/abayturar/airflow-project/venv/lib/python3.12/site-packages/airflow/example_dags/example_complex.py
[2026-03-29T12:07:38.180+0500] {processor.py:840} INFO - DAG(s) 'example_complex' retrieved from /home/abayturar/airflow-project/venv/lib/python3.12/site-packages/airflow/example_dags/example_complex.py
[2026-03-29T12:07:38.202+0500] {logging_mixin.py:188} INFO - [2026-03-29T12:07:38.201+0500] {dag.py:3089} INFO - Sync 1 DAGs
[2026-03-29T12:07:38.210+0500] {logging_mixin.py:188} INFO - [2026-03-29T12:07:38.210+0500] {dag.py:3947} INFO - Setting next_dagrun for example_complex to None, run_after=None
[2026-03-29T12:07:38.264+0500] {processor.py:183} INFO - Processing /home/abayturar/airflow-project/venv/lib/python3.12/site-packages/airflow/example_dags/example_complex.py took 0.101 seconds
[2026-03-29T12:08:32.838+0500] {processor.py:161} INFO - Started process (PID=663) to work on /home/abayturar/airflow-project/venv/lib/python3.12/site-packages/airflow/example_dags/example_complex.py
[2026-03-29T12:08:32.839+0500] {processor.py:830} INFO - Processing file /home/abayturar/airflow-project/venv/lib/python3.12/site-packages/airflow/example_dags/example_complex.py for tasks to queue
[2026-03-29T12:08:32.841+0500] {logging_mixin.py:188} INFO - [2026-03-29T12:08:32.841+0500] {dagbag.py:545} INFO - Filling up the DagBag from /home/abayturar/airflow-project/venv/lib/python3.12/site-packages/airflow/example_dags/example_complex.py
[2026-03-29T12:08:32.850+0500] {processor.py:840} INFO - DAG(s) 'example_complex' retrieved from /home/abayturar/airflow-project/venv/lib/python3.12/site-packages/airflow/example_dags/example_complex.py
[2026-03-29T12:08:32.877+0500] {logging_mixin.py:188} INFO - [2026-03-29T12:08:32.877+0500] {dag.py:3089} INFO - Sync 1 DAGs
[2026-03-29T12:08:32.887+0500] {logging_mixin.py:188} INFO - [2026-03-29T12:08:32.886+0500] {dag.py:3947} INFO - Setting next_dagrun for example_complex to None, run_after=None
[2026-03-29T12:08:32.918+0500] {processor.py:183} INFO - Processing /home/abayturar/airflow-project/venv/lib/python3.12/site-packages/airflow/example_dags/example_complex.py took 0.088 seconds
[2026-03-29T12:09:50.156+0500] {processor.py:161} INFO - Started process (PID=939) to work on /home/abayturar/airflow-project/venv/lib/python3.12/site-packages/airflow/example_dags/example_complex.py
[2026-03-29T12:09:50.157+0500] {processor.py:830} INFO - Processing file /home/abayturar/airflow-project/venv/lib/python3.12/site-packages/airflow/example_dags/example_complex.py for tasks to queue
[2026-03-29T12:09:50.158+0500] {logging_mixin.py:188} INFO - [2026-03-29T12:09:50.158+0500] {dagbag.py:545} INFO - Filling up the DagBag from /home/abayturar/airflow-project/venv/lib/python3.12/site-packages/airflow/example_dags/example_complex.py
[2026-03-29T12:09:50.166+0500] {processor.py:840} INFO - DAG(s) 'example_complex' retrieved from /home/abayturar/airflow-project/venv/lib/python3.12/site-packages/airflow/example_dags/example_complex.py
[2026-03-29T12:09:50.186+0500] {logging_mixin.py:188} INFO - [2026-03-29T12:09:50.186+0500] {dag.py:3089} INFO - Sync 1 DAGs
[2026-03-29T12:09:50.194+0500] {logging_mixin.py:188} INFO - [2026-03-29T12:09:50.194+0500] {dag.py:3947} INFO - Setting next_dagrun for example_complex to None, run_after=None
[2026-03-29T12:09:50.248+0500] {processor.py:183} INFO - Processing /home/abayturar/airflow-project/venv/lib/python3.12/site-packages/airflow/example_dags/example_complex.py took 0.098 seconds
[2026-03-29T12:11:02.533+0500] {processor.py:161} INFO - Started process (PID=1133) to work on /home/abayturar/airflow-project/venv/lib/python3.12/site-packages/airflow/example_dags/example_complex.py
[2026-03-29T12:11:02.534+0500] {processor.py:830} INFO - Processing file /home/abayturar/airflow-project/venv/lib/python3.12/site-packages/airflow/example_dags/example_complex.py for tasks to queue
[2026-03-29T12:11:02.536+0500] {logging_mixin.py:188} INFO - [2026-03-29T12:11:02.535+0500] {dagbag.py:545} INFO - Filling up the DagBag from /home/abayturar/airflow-project/venv/lib/python3.12/site-packages/airflow/example_dags/example_complex.py
[2026-03-29T12:11:02.544+0500] {processor.py:840} INFO - DAG(s) 'example_complex' retrieved from /home/abayturar/airflow-project/venv/lib/python3.12/site-packages/airflow/example_dags/example_complex.py
[2026-03-29T12:11:02.565+0500] {logging_mixin.py:188} INFO - [2026-03-29T12:11:02.565+0500] {dag.py:3089} INFO - Sync 1 DAGs
[2026-03-29T12:11:02.575+0500] {logging_mixin.py:188} INFO - [2026-03-29T12:11:02.574+0500] {dag.py:3947} INFO - Setting next_dagrun for example_complex to None, run_after=None
[2026-03-29T12:11:02.590+0500] {processor.py:183} INFO - Processing /home/abayturar/airflow-project/venv/lib/python3.12/site-packages/airflow/example_dags/example_complex.py took 0.063 seconds
[2026-03-29T12:12:17.351+0500] {processor.py:161} INFO - Started process (PID=1330) to work on /home/abayturar/airflow-project/venv/lib/python3.12/site-packages/airflow/example_dags/example_complex.py
[2026-03-29T12:12:17.352+0500] {processor.py:830} INFO - Processing file /home/abayturar/airflow-project/venv/lib/python3.12/site-packages/airflow/example_dags/example_complex.py for tasks to queue
[2026-03-29T12:12:17.353+0500] {logging_mixin.py:188} INFO - [2026-03-29T12:12:17.353+0500] {dagbag.py:545} INFO - Filling up the DagBag from /home/abayturar/airflow-project/venv/lib/python3.12/site-packages/airflow/example_dags/example_complex.py
[2026-03-29T12:12:17.362+0500] {processor.py:840} INFO - DAG(s) 'example_complex' retrieved from /home/abayturar/airflow-project/venv/lib/python3.12/site-packages/airflow/example_dags/example_complex.py
[2026-03-29T12:12:17.383+0500] {logging_mixin.py:188} INFO - [2026-03-29T12:12:17.383+0500] {dag.py:3089} INFO - Sync 1 DAGs
[2026-03-29T12:12:17.393+0500] {logging_mixin.py:188} INFO - [2026-03-29T12:12:17.393+0500] {dag.py:3947} INFO - Setting next_dagrun for example_complex to None, run_after=None
[2026-03-29T12:12:17.448+0500] {processor.py:183} INFO - Processing /home/abayturar/airflow-project/venv/lib/python3.12/site-packages/airflow/example_dags/example_complex.py took 0.103 seconds
[2026-03-29T12:13:33.091+0500] {processor.py:161} INFO - Started process (PID=1533) to work on /home/abayturar/airflow-project/venv/lib/python3.12/site-packages/airflow/example_dags/example_complex.py
[2026-03-29T12:13:33.091+0500] {processor.py:830} INFO - Processing file /home/abayturar/airflow-project/venv/lib/python3.12/site-packages/airflow/example_dags/example_complex.py for tasks to queue
[2026-03-29T12:13:33.093+0500] {logging_mixin.py:188} INFO - [2026-03-29T12:13:33.093+0500] {dagbag.py:545} INFO - Filling up the DagBag from /home/abayturar/airflow-project/venv/lib/python3.12/site-packages/airflow/example_dags/example_complex.py
[2026-03-29T12:13:33.101+0500] {processor.py:840} INFO - DAG(s) 'example_complex' retrieved from /home/abayturar/airflow-project/venv/lib/python3.12/site-packages/airflow/example_dags/example_complex.py
[2026-03-29T12:13:33.120+0500] {logging_mixin.py:188} INFO - [2026-03-29T12:13:33.120+0500] {dag.py:3089} INFO - Sync 1 DAGs
[2026-03-29T12:13:33.128+0500] {logging_mixin.py:188} INFO - [2026-03-29T12:13:33.128+0500] {dag.py:3947} INFO - Setting next_dagrun for example_complex to None, run_after=None
[2026-03-29T12:13:33.182+0500] {processor.py:183} INFO - Processing /home/abayturar/airflow-project/venv/lib/python3.12/site-packages/airflow/example_dags/example_complex.py took 0.097 seconds
[2026-03-29T12:14:50.135+0500] {processor.py:161} INFO - Started process (PID=1730) to work on /home/abayturar/airflow-project/venv/lib/python3.12/site-packages/airflow/example_dags/example_complex.py
[2026-03-29T12:14:50.135+0500] {processor.py:830} INFO - Processing file /home/abayturar/airflow-project/venv/lib/python3.12/site-packages/airflow/example_dags/example_complex.py for tasks to queue
[2026-03-29T12:14:50.137+0500] {logging_mixin.py:188} INFO - [2026-03-29T12:14:50.137+0500] {dagbag.py:545} INFO - Filling up the DagBag from /home/abayturar/airflow-project/venv/lib/python3.12/site-packages/airflow/example_dags/example_complex.py
[2026-03-29T12:14:50.145+0500] {processor.py:840} INFO - DAG(s) 'example_complex' retrieved from /home/abayturar/airflow-project/venv/lib/python3.12/site-packages/airflow/example_dags/example_complex.py
[2026-03-29T12:14:50.164+0500] {logging_mixin.py:188} INFO - [2026-03-29T12:14:50.164+0500] {dag.py:3089} INFO - Sync 1 DAGs
[2026-03-29T12:14:50.173+0500] {logging_mixin.py:188} INFO - [2026-03-29T12:14:50.173+0500] {dag.py:3947} INFO - Setting next_dagrun for example_complex to None, run_after=None
[2026-03-29T12:14:50.228+0500] {processor.py:183} INFO - Processing /home/abayturar/airflow-project/venv/lib/python3.12/site-packages/airflow/example_dags/example_complex.py took 0.100 seconds
[2026-03-29T12:15:44.590+0500] {processor.py:161} INFO - Started process (PID=1872) to work on /home/abayturar/airflow-project/venv/lib/python3.12/site-packages/airflow/example_dags/example_complex.py
[2026-03-29T12:15:44.591+0500] {processor.py:830} INFO - Processing file /home/abayturar/airflow-project/venv/lib/python3.12/site-packages/airflow/example_dags/example_complex.py for tasks to queue
[2026-03-29T12:15:44.593+0500] {logging_mixin.py:188} INFO - [2026-03-29T12:15:44.592+0500] {dagbag.py:545} INFO - Filling up the DagBag from /home/abayturar/airflow-project/venv/lib/python3.12/site-packages/airflow/example_dags/example_complex.py
[2026-03-29T12:15:44.600+0500] {processor.py:840} INFO - DAG(s) 'example_complex' retrieved from /home/abayturar/airflow-project/venv/lib/python3.12/site-packages/airflow/example_dags/example_complex.py
[2026-03-29T12:15:44.620+0500] {logging_mixin.py:188} INFO - [2026-03-29T12:15:44.620+0500] {dag.py:3089} INFO - Sync 1 DAGs
[2026-03-29T12:15:44.716+0500] {logging_mixin.py:188} INFO - [2026-03-29T12:15:44.716+0500] {dag.py:3947} INFO - Setting next_dagrun for example_complex to None, run_after=None
[2026-03-29T12:15:44.768+0500] {processor.py:183} INFO - Processing /home/abayturar/airflow-project/venv/lib/python3.12/site-packages/airflow/example_dags/example_complex.py took 0.184 seconds
[2026-03-29T12:16:37.734+0500] {processor.py:161} INFO - Started process (PID=2012) to work on /home/abayturar/airflow-project/venv/lib/python3.12/site-packages/airflow/example_dags/example_complex.py
[2026-03-29T12:16:37.735+0500] {processor.py:830} INFO - Processing file /home/abayturar/airflow-project/venv/lib/python3.12/site-packages/airflow/example_dags/example_complex.py for tasks to queue
[2026-03-29T12:16:37.736+0500] {logging_mixin.py:188} INFO - [2026-03-29T12:16:37.736+0500] {dagbag.py:545} INFO - Filling up the DagBag from /home/abayturar/airflow-project/venv/lib/python3.12/site-packages/airflow/example_dags/example_complex.py
[2026-03-29T12:16:37.744+0500] {processor.py:840} INFO - DAG(s) 'example_complex' retrieved from /home/abayturar/airflow-project/venv/lib/python3.12/site-packages/airflow/example_dags/example_complex.py
[2026-03-29T12:16:37.764+0500] {logging_mixin.py:188} INFO - [2026-03-29T12:16:37.764+0500] {dag.py:3089} INFO - Sync 1 DAGs
[2026-03-29T12:16:37.773+0500] {logging_mixin.py:188} INFO - [2026-03-29T12:16:37.773+0500] {dag.py:3947} INFO - Setting next_dagrun for example_complex to None, run_after=None
[2026-03-29T12:16:37.912+0500] {processor.py:183} INFO - Processing /home/abayturar/airflow-project/venv/lib/python3.12/site-packages/airflow/example_dags/example_complex.py took 0.184 seconds
[2026-03-29T12:17:56.287+0500] {processor.py:161} INFO - Started process (PID=2219) to work on /home/abayturar/airflow-project/venv/lib/python3.12/site-packages/airflow/example_dags/example_complex.py
[2026-03-29T12:17:56.288+0500] {processor.py:830} INFO - Processing file /home/abayturar/airflow-project/venv/lib/python3.12/site-packages/airflow/example_dags/example_complex.py for tasks to queue
[2026-03-29T12:17:56.290+0500] {logging_mixin.py:188} INFO - [2026-03-29T12:17:56.289+0500] {dagbag.py:545} INFO - Filling up the DagBag from /home/abayturar/airflow-project/venv/lib/python3.12/site-packages/airflow/example_dags/example_complex.py
[2026-03-29T12:17:56.300+0500] {processor.py:840} INFO - DAG(s) 'example_complex' retrieved from /home/abayturar/airflow-project/venv/lib/python3.12/site-packages/airflow/example_dags/example_complex.py
[2026-03-29T12:17:56.327+0500] {logging_mixin.py:188} INFO - [2026-03-29T12:17:56.327+0500] {dag.py:3089} INFO - Sync 1 DAGs
[2026-03-29T12:17:56.338+0500] {logging_mixin.py:188} INFO - [2026-03-29T12:17:56.338+0500] {dag.py:3947} INFO - Setting next_dagrun for example_complex to None, run_after=None
[2026-03-29T12:17:56.396+0500] {processor.py:183} INFO - Processing /home/abayturar/airflow-project/venv/lib/python3.12/site-packages/airflow/example_dags/example_complex.py took 0.116 seconds
[2026-03-29T12:19:11.874+0500] {processor.py:161} INFO - Started process (PID=2416) to work on /home/abayturar/airflow-project/venv/lib/python3.12/site-packages/airflow/example_dags/example_complex.py
[2026-03-29T12:19:11.875+0500] {processor.py:830} INFO - Processing file /home/abayturar/airflow-project/venv/lib/python3.12/site-packages/airflow/example_dags/example_complex.py for tasks to queue
[2026-03-29T12:19:11.877+0500] {logging_mixin.py:188} INFO - [2026-03-29T12:19:11.877+0500] {dagbag.py:545} INFO - Filling up the DagBag from /home/abayturar/airflow-project/venv/lib/python3.12/site-packages/airflow/example_dags/example_complex.py
[2026-03-29T12:19:11.885+0500] {processor.py:840} INFO - DAG(s) 'example_complex' retrieved from /home/abayturar/airflow-project/venv/lib/python3.12/site-packages/airflow/example_dags/example_complex.py
[2026-03-29T12:19:11.906+0500] {logging_mixin.py:188} INFO - [2026-03-29T12:19:11.906+0500] {dag.py:3089} INFO - Sync 1 DAGs
[2026-03-29T12:19:11.915+0500] {logging_mixin.py:188} INFO - [2026-03-29T12:19:11.914+0500] {dag.py:3947} INFO - Setting next_dagrun for example_complex to None, run_after=None
[2026-03-29T12:19:11.969+0500] {processor.py:183} INFO - Processing /home/abayturar/airflow-project/venv/lib/python3.12/site-packages/airflow/example_dags/example_complex.py took 0.101 seconds
[2026-03-29T12:20:30.405+0500] {processor.py:161} INFO - Started process (PID=2622) to work on /home/abayturar/airflow-project/venv/lib/python3.12/site-packages/airflow/example_dags/example_complex.py
[2026-03-29T12:20:30.406+0500] {processor.py:830} INFO - Processing file /home/abayturar/airflow-project/venv/lib/python3.12/site-packages/airflow/example_dags/example_complex.py for tasks to queue
[2026-03-29T12:20:30.407+0500] {logging_mixin.py:188} INFO - [2026-03-29T12:20:30.407+0500] {dagbag.py:545} INFO - Filling up the DagBag from /home/abayturar/airflow-project/venv/lib/python3.12/site-packages/airflow/example_dags/example_complex.py
[2026-03-29T12:20:30.416+0500] {processor.py:840} INFO - DAG(s) 'example_complex' retrieved from /home/abayturar/airflow-project/venv/lib/python3.12/site-packages/airflow/example_dags/example_complex.py
[2026-03-29T12:20:30.438+0500] {logging_mixin.py:188} INFO - [2026-03-29T12:20:30.438+0500] {dag.py:3089} INFO - Sync 1 DAGs
[2026-03-29T12:20:30.448+0500] {logging_mixin.py:188} INFO - [2026-03-29T12:20:30.448+0500] {dag.py:3947} INFO - Setting next_dagrun for example_complex to None, run_after=None
[2026-03-29T12:20:30.470+0500] {processor.py:183} INFO - Processing /home/abayturar/airflow-project/venv/lib/python3.12/site-packages/airflow/example_dags/example_complex.py took 0.071 seconds
[2026-03-29T12:21:23.670+0500] {processor.py:161} INFO - Started process (PID=2761) to work on /home/abayturar/airflow-project/venv/lib/python3.12/site-packages/airflow/example_dags/example_complex.py
[2026-03-29T12:21:23.671+0500] {processor.py:830} INFO - Processing file /home/abayturar/airflow-project/venv/lib/python3.12/site-packages/airflow/example_dags/example_complex.py for tasks to queue
[2026-03-29T12:21:23.673+0500] {logging_mixin.py:188} INFO - [2026-03-29T12:21:23.672+0500] {dagbag.py:545} INFO - Filling up the DagBag from /home/abayturar/airflow-project/venv/lib/python3.12/site-packages/airflow/example_dags/example_complex.py
[2026-03-29T12:21:23.681+0500] {processor.py:840} INFO - DAG(s) 'example_complex' retrieved from /home/abayturar/airflow-project/venv/lib/python3.12/site-packages/airflow/example_dags/example_complex.py
[2026-03-29T12:21:23.702+0500] {logging_mixin.py:188} INFO - [2026-03-29T12:21:23.702+0500] {dag.py:3089} INFO - Sync 1 DAGs
[2026-03-29T12:21:23.711+0500] {logging_mixin.py:188} INFO - [2026-03-29T12:21:23.711+0500] {dag.py:3947} INFO - Setting next_dagrun for example_complex to None, run_after=None
[2026-03-29T12:21:23.726+0500] {processor.py:183} INFO - Processing /home/abayturar/airflow-project/venv/lib/python3.12/site-packages/airflow/example_dags/example_complex.py took 0.062 seconds
[2026-03-29T12:22:40.394+0500] {processor.py:161} INFO - Started process (PID=3080) to work on /home/abayturar/airflow-project/venv/lib/python3.12/site-packages/airflow/example_dags/example_complex.py
[2026-03-29T12:22:40.395+0500] {processor.py:830} INFO - Processing file /home/abayturar/airflow-project/venv/lib/python3.12/site-packages/airflow/example_dags/example_complex.py for tasks to queue
[2026-03-29T12:22:40.397+0500] {logging_mixin.py:188} INFO - [2026-03-29T12:22:40.396+0500] {dagbag.py:545} INFO - Filling up the DagBag from /home/abayturar/airflow-project/venv/lib/python3.12/site-packages/airflow/example_dags/example_complex.py
[2026-03-29T12:22:40.406+0500] {processor.py:840} INFO - DAG(s) 'example_complex' retrieved from /home/abayturar/airflow-project/venv/lib/python3.12/site-packages/airflow/example_dags/example_complex.py
[2026-03-29T12:22:40.430+0500] {logging_mixin.py:188} INFO - [2026-03-29T12:22:40.430+0500] {dag.py:3089} INFO - Sync 1 DAGs
[2026-03-29T12:22:40.441+0500] {logging_mixin.py:188} INFO - [2026-03-29T12:22:40.441+0500] {dag.py:3947} INFO - Setting next_dagrun for example_complex to None, run_after=None
[2026-03-29T12:22:40.497+0500] {processor.py:183} INFO - Processing /home/abayturar/airflow-project/venv/lib/python3.12/site-packages/airflow/example_dags/example_complex.py took 0.110 seconds
[2026-03-29T12:23:31.315+0500] {processor.py:161} INFO - Started process (PID=3282) to work on /home/abayturar/airflow-project/venv/lib/python3.12/site-packages/airflow/example_dags/example_complex.py
[2026-03-29T12:23:31.316+0500] {processor.py:830} INFO - Processing file /home/abayturar/airflow-project/venv/lib/python3.12/site-packages/airflow/example_dags/example_complex.py for tasks to queue
[2026-03-29T12:23:31.318+0500] {logging_mixin.py:188} INFO - [2026-03-29T12:23:31.317+0500] {dagbag.py:545} INFO - Filling up the DagBag from /home/abayturar/airflow-project/venv/lib/python3.12/site-packages/airflow/example_dags/example_complex.py
[2026-03-29T12:23:31.326+0500] {processor.py:840} INFO - DAG(s) 'example_complex' retrieved from /home/abayturar/airflow-project/venv/lib/python3.12/site-packages/airflow/example_dags/example_complex.py
[2026-03-29T12:23:31.348+0500] {logging_mixin.py:188} INFO - [2026-03-29T12:23:31.348+0500] {dag.py:3089} INFO - Sync 1 DAGs
[2026-03-29T12:23:31.357+0500] {logging_mixin.py:188} INFO - [2026-03-29T12:23:31.357+0500] {dag.py:3947} INFO - Setting next_dagrun for example_complex to None, run_after=None
[2026-03-29T12:23:31.427+0500] {processor.py:183} INFO - Processing /home/abayturar/airflow-project/venv/lib/python3.12/site-packages/airflow/example_dags/example_complex.py took 0.119 seconds
[2026-03-29T12:24:26.345+0500] {processor.py:161} INFO - Started process (PID=3507) to work on /home/abayturar/airflow-project/venv/lib/python3.12/site-packages/airflow/example_dags/example_complex.py
[2026-03-29T12:24:26.346+0500] {processor.py:830} INFO - Processing file /home/abayturar/airflow-project/venv/lib/python3.12/site-packages/airflow/example_dags/example_complex.py for tasks to queue
[2026-03-29T12:24:26.347+0500] {logging_mixin.py:188} INFO - [2026-03-29T12:24:26.347+0500] {dagbag.py:545} INFO - Filling up the DagBag from /home/abayturar/airflow-project/venv/lib/python3.12/site-packages/airflow/example_dags/example_complex.py
[2026-03-29T12:24:26.355+0500] {processor.py:840} INFO - DAG(s) 'example_complex' retrieved from /home/abayturar/airflow-project/venv/lib/python3.12/site-packages/airflow/example_dags/example_complex.py
[2026-03-29T12:24:26.375+0500] {logging_mixin.py:188} INFO - [2026-03-29T12:24:26.375+0500] {dag.py:3089} INFO - Sync 1 DAGs
[2026-03-29T12:24:26.384+0500] {logging_mixin.py:188} INFO - [2026-03-29T12:24:26.384+0500] {dag.py:3947} INFO - Setting next_dagrun for example_complex to None, run_after=None
[2026-03-29T12:24:26.399+0500] {processor.py:183} INFO - Processing /home/abayturar/airflow-project/venv/lib/python3.12/site-packages/airflow/example_dags/example_complex.py took 0.060 seconds
[2026-03-29T12:25:21.144+0500] {processor.py:161} INFO - Started process (PID=3650) to work on /home/abayturar/airflow-project/venv/lib/python3.12/site-packages/airflow/example_dags/example_complex.py
[2026-03-29T12:25:21.145+0500] {processor.py:830} INFO - Processing file /home/abayturar/airflow-project/venv/lib/python3.12/site-packages/airflow/example_dags/example_complex.py for tasks to queue
[2026-03-29T12:25:21.146+0500] {logging_mixin.py:188} INFO - [2026-03-29T12:25:21.146+0500] {dagbag.py:545} INFO - Filling up the DagBag from /home/abayturar/airflow-project/venv/lib/python3.12/site-packages/airflow/example_dags/example_complex.py
[2026-03-29T12:25:21.155+0500] {processor.py:840} INFO - DAG(s) 'example_complex' retrieved from /home/abayturar/airflow-project/venv/lib/python3.12/site-packages/airflow/example_dags/example_complex.py
[2026-03-29T12:25:21.176+0500] {logging_mixin.py:188} INFO - [2026-03-29T12:25:21.176+0500] {dag.py:3089} INFO - Sync 1 DAGs
[2026-03-29T12:25:21.187+0500] {logging_mixin.py:188} INFO - [2026-03-29T12:25:21.187+0500] {dag.py:3947} INFO - Setting next_dagrun for example_complex to None, run_after=None
[2026-03-29T12:25:21.241+0500] {processor.py:183} INFO - Processing /home/abayturar/airflow-project/venv/lib/python3.12/site-packages/airflow/example_dags/example_complex.py took 0.103 seconds
[2026-03-29T12:26:35.513+0500] {processor.py:161} INFO - Started process (PID=4050) to work on /home/abayturar/airflow-project/venv/lib/python3.12/site-packages/airflow/example_dags/example_complex.py
[2026-03-29T12:26:35.514+0500] {processor.py:830} INFO - Processing file /home/abayturar/airflow-project/venv/lib/python3.12/site-packages/airflow/example_dags/example_complex.py for tasks to queue
[2026-03-29T12:26:35.515+0500] {logging_mixin.py:188} INFO - [2026-03-29T12:26:35.515+0500] {dagbag.py:545} INFO - Filling up the DagBag from /home/abayturar/airflow-project/venv/lib/python3.12/site-packages/airflow/example_dags/example_complex.py
[2026-03-29T12:26:35.524+0500] {processor.py:840} INFO - DAG(s) 'example_complex' retrieved from /home/abayturar/airflow-project/venv/lib/python3.12/site-packages/airflow/example_dags/example_complex.py
[2026-03-29T12:26:35.544+0500] {logging_mixin.py:188} INFO - [2026-03-29T12:26:35.544+0500] {dag.py:3089} INFO - Sync 1 DAGs
[2026-03-29T12:26:35.553+0500] {logging_mixin.py:188} INFO - [2026-03-29T12:26:35.553+0500] {dag.py:3947} INFO - Setting next_dagrun for example_complex to None, run_after=None
[2026-03-29T12:26:35.608+0500] {processor.py:183} INFO - Processing /home/abayturar/airflow-project/venv/lib/python3.12/site-packages/airflow/example_dags/example_complex.py took 0.101 seconds
