[2026-03-29T12:02:09.585+0500] {processor.py:161} INFO - Started process (PID=32477) to work on /home/abayturar/airflow-project/venv/lib/python3.12/site-packages/airflow/example_dags/example_bash_operator.py
[2026-03-29T12:02:09.585+0500] {processor.py:830} INFO - Processing file /home/abayturar/airflow-project/venv/lib/python3.12/site-packages/airflow/example_dags/example_bash_operator.py for tasks to queue
[2026-03-29T12:02:09.587+0500] {logging_mixin.py:188} INFO - [2026-03-29T12:02:09.587+0500] {dagbag.py:545} INFO - Filling up the DagBag from /home/abayturar/airflow-project/venv/lib/python3.12/site-packages/airflow/example_dags/example_bash_operator.py
[2026-03-29T12:02:09.636+0500] {processor.py:840} INFO - DAG(s) 'example_bash_operator' retrieved from /home/abayturar/airflow-project/venv/lib/python3.12/site-packages/airflow/example_dags/example_bash_operator.py
[2026-03-29T12:02:09.654+0500] {logging_mixin.py:188} INFO - [2026-03-29T12:02:09.653+0500] {dag.py:3089} INFO - Sync 1 DAGs
[2026-03-29T12:02:09.668+0500] {logging_mixin.py:188} INFO - [2026-03-29T12:02:09.668+0500] {dag.py:3947} INFO - Setting next_dagrun for example_bash_operator to 2026-03-28 00:00:00+00:00, run_after=2026-03-29 00:00:00+00:00
[2026-03-29T12:02:09.685+0500] {processor.py:183} INFO - Processing /home/abayturar/airflow-project/venv/lib/python3.12/site-packages/airflow/example_dags/example_bash_operator.py took 0.106 seconds
[2026-03-29T12:06:01.903+0500] {processor.py:161} INFO - Started process (PID=45) to work on /home/abayturar/airflow-project/venv/lib/python3.12/site-packages/airflow/example_dags/example_bash_operator.py
[2026-03-29T12:06:01.904+0500] {processor.py:830} INFO - Processing file /home/abayturar/airflow-project/venv/lib/python3.12/site-packages/airflow/example_dags/example_bash_operator.py for tasks to queue
[2026-03-29T12:06:01.905+0500] {logging_mixin.py:188} INFO - [2026-03-29T12:06:01.905+0500] {dagbag.py:545} INFO - Filling up the DagBag from /home/abayturar/airflow-project/venv/lib/python3.12/site-packages/airflow/example_dags/example_bash_operator.py
[2026-03-29T12:06:01.916+0500] {processor.py:840} INFO - DAG(s) 'example_bash_operator' retrieved from /home/abayturar/airflow-project/venv/lib/python3.12/site-packages/airflow/example_dags/example_bash_operator.py
[2026-03-29T12:06:01.934+0500] {logging_mixin.py:188} INFO - [2026-03-29T12:06:01.934+0500] {dag.py:3089} INFO - Sync 1 DAGs
[2026-03-29T12:06:01.948+0500] {logging_mixin.py:188} INFO - [2026-03-29T12:06:01.947+0500] {dag.py:3947} INFO - Setting next_dagrun for example_bash_operator to 2026-03-28 00:00:00+00:00, run_after=2026-03-29 00:00:00+00:00
[2026-03-29T12:06:01.962+0500] {processor.py:183} INFO - Processing /home/abayturar/airflow-project/venv/lib/python3.12/site-packages/airflow/example_dags/example_bash_operator.py took 0.065 seconds
[2026-03-29T12:06:55.703+0500] {processor.py:161} INFO - Started process (PID=266) to work on /home/abayturar/airflow-project/venv/lib/python3.12/site-packages/airflow/example_dags/example_bash_operator.py
[2026-03-29T12:06:55.704+0500] {processor.py:830} INFO - Processing file /home/abayturar/airflow-project/venv/lib/python3.12/site-packages/airflow/example_dags/example_bash_operator.py for tasks to queue
[2026-03-29T12:06:55.706+0500] {logging_mixin.py:188} INFO - [2026-03-29T12:06:55.705+0500] {dagbag.py:545} INFO - Filling up the DagBag from /home/abayturar/airflow-project/venv/lib/python3.12/site-packages/airflow/example_dags/example_bash_operator.py
[2026-03-29T12:06:55.717+0500] {processor.py:840} INFO - DAG(s) 'example_bash_operator' retrieved from /home/abayturar/airflow-project/venv/lib/python3.12/site-packages/airflow/example_dags/example_bash_operator.py
[2026-03-29T12:06:55.737+0500] {logging_mixin.py:188} INFO - [2026-03-29T12:06:55.737+0500] {dag.py:3089} INFO - Sync 1 DAGs
[2026-03-29T12:06:55.752+0500] {logging_mixin.py:188} INFO - [2026-03-29T12:06:55.751+0500] {dag.py:3947} INFO - Setting next_dagrun for example_bash_operator to 2026-03-28 00:00:00+00:00, run_after=2026-03-29 00:00:00+00:00
[2026-03-29T12:06:55.767+0500] {processor.py:183} INFO - Processing /home/abayturar/airflow-project/venv/lib/python3.12/site-packages/airflow/example_dags/example_bash_operator.py took 0.070 seconds
[2026-03-29T12:08:06.945+0500] {processor.py:161} INFO - Started process (PID=551) to work on /home/abayturar/airflow-project/venv/lib/python3.12/site-packages/airflow/example_dags/example_bash_operator.py
[2026-03-29T12:08:06.946+0500] {processor.py:830} INFO - Processing file /home/abayturar/airflow-project/venv/lib/python3.12/site-packages/airflow/example_dags/example_bash_operator.py for tasks to queue
[2026-03-29T12:08:06.948+0500] {logging_mixin.py:188} INFO - [2026-03-29T12:08:06.948+0500] {dagbag.py:545} INFO - Filling up the DagBag from /home/abayturar/airflow-project/venv/lib/python3.12/site-packages/airflow/example_dags/example_bash_operator.py
[2026-03-29T12:08:06.959+0500] {processor.py:840} INFO - DAG(s) 'example_bash_operator' retrieved from /home/abayturar/airflow-project/venv/lib/python3.12/site-packages/airflow/example_dags/example_bash_operator.py
[2026-03-29T12:08:06.980+0500] {logging_mixin.py:188} INFO - [2026-03-29T12:08:06.980+0500] {dag.py:3089} INFO - Sync 1 DAGs
[2026-03-29T12:08:06.997+0500] {logging_mixin.py:188} INFO - [2026-03-29T12:08:06.997+0500] {dag.py:3947} INFO - Setting next_dagrun for example_bash_operator to 2026-03-28 00:00:00+00:00, run_after=2026-03-29 00:00:00+00:00
[2026-03-29T12:08:07.057+0500] {processor.py:183} INFO - Processing /home/abayturar/airflow-project/venv/lib/python3.12/site-packages/airflow/example_dags/example_bash_operator.py took 0.120 seconds
[2026-03-29T12:09:24.459+0500] {processor.py:161} INFO - Started process (PID=876) to work on /home/abayturar/airflow-project/venv/lib/python3.12/site-packages/airflow/example_dags/example_bash_operator.py
[2026-03-29T12:09:24.460+0500] {processor.py:830} INFO - Processing file /home/abayturar/airflow-project/venv/lib/python3.12/site-packages/airflow/example_dags/example_bash_operator.py for tasks to queue
[2026-03-29T12:09:24.462+0500] {logging_mixin.py:188} INFO - [2026-03-29T12:09:24.461+0500] {dagbag.py:545} INFO - Filling up the DagBag from /home/abayturar/airflow-project/venv/lib/python3.12/site-packages/airflow/example_dags/example_bash_operator.py
[2026-03-29T12:09:24.472+0500] {processor.py:840} INFO - DAG(s) 'example_bash_operator' retrieved from /home/abayturar/airflow-project/venv/lib/python3.12/site-packages/airflow/example_dags/example_bash_operator.py
[2026-03-29T12:09:24.490+0500] {logging_mixin.py:188} INFO - [2026-03-29T12:09:24.490+0500] {dag.py:3089} INFO - Sync 1 DAGs
[2026-03-29T12:09:24.504+0500] {logging_mixin.py:188} INFO - [2026-03-29T12:09:24.504+0500] {dag.py:3947} INFO - Setting next_dagrun for example_bash_operator to 2026-03-28 00:00:00+00:00, run_after=2026-03-29 00:00:00+00:00
[2026-03-29T12:09:24.519+0500] {processor.py:183} INFO - Processing /home/abayturar/airflow-project/venv/lib/python3.12/site-packages/airflow/example_dags/example_bash_operator.py took 0.066 seconds
[2026-03-29T12:10:37.059+0500] {processor.py:161} INFO - Started process (PID=1065) to work on /home/abayturar/airflow-project/venv/lib/python3.12/site-packages/airflow/example_dags/example_bash_operator.py
[2026-03-29T12:10:37.060+0500] {processor.py:830} INFO - Processing file /home/abayturar/airflow-project/venv/lib/python3.12/site-packages/airflow/example_dags/example_bash_operator.py for tasks to queue
[2026-03-29T12:10:37.062+0500] {logging_mixin.py:188} INFO - [2026-03-29T12:10:37.062+0500] {dagbag.py:545} INFO - Filling up the DagBag from /home/abayturar/airflow-project/venv/lib/python3.12/site-packages/airflow/example_dags/example_bash_operator.py
[2026-03-29T12:10:37.073+0500] {processor.py:840} INFO - DAG(s) 'example_bash_operator' retrieved from /home/abayturar/airflow-project/venv/lib/python3.12/site-packages/airflow/example_dags/example_bash_operator.py
[2026-03-29T12:10:37.100+0500] {logging_mixin.py:188} INFO - [2026-03-29T12:10:37.100+0500] {dag.py:3089} INFO - Sync 1 DAGs
[2026-03-29T12:10:37.158+0500] {logging_mixin.py:188} INFO - [2026-03-29T12:10:37.157+0500] {dag.py:3947} INFO - Setting next_dagrun for example_bash_operator to 2026-03-28 00:00:00+00:00, run_after=2026-03-29 00:00:00+00:00
[2026-03-29T12:10:37.182+0500] {processor.py:183} INFO - Processing /home/abayturar/airflow-project/venv/lib/python3.12/site-packages/airflow/example_dags/example_bash_operator.py took 0.128 seconds
[2026-03-29T12:11:51.050+0500] {processor.py:161} INFO - Started process (PID=1265) to work on /home/abayturar/airflow-project/venv/lib/python3.12/site-packages/airflow/example_dags/example_bash_operator.py
[2026-03-29T12:11:51.051+0500] {processor.py:830} INFO - Processing file /home/abayturar/airflow-project/venv/lib/python3.12/site-packages/airflow/example_dags/example_bash_operator.py for tasks to queue
[2026-03-29T12:11:51.052+0500] {logging_mixin.py:188} INFO - [2026-03-29T12:11:51.052+0500] {dagbag.py:545} INFO - Filling up the DagBag from /home/abayturar/airflow-project/venv/lib/python3.12/site-packages/airflow/example_dags/example_bash_operator.py
[2026-03-29T12:11:51.063+0500] {processor.py:840} INFO - DAG(s) 'example_bash_operator' retrieved from /home/abayturar/airflow-project/venv/lib/python3.12/site-packages/airflow/example_dags/example_bash_operator.py
[2026-03-29T12:11:51.083+0500] {logging_mixin.py:188} INFO - [2026-03-29T12:11:51.083+0500] {dag.py:3089} INFO - Sync 1 DAGs
[2026-03-29T12:11:51.098+0500] {logging_mixin.py:188} INFO - [2026-03-29T12:11:51.097+0500] {dag.py:3947} INFO - Setting next_dagrun for example_bash_operator to 2026-03-28 00:00:00+00:00, run_after=2026-03-29 00:00:00+00:00
[2026-03-29T12:11:51.113+0500] {processor.py:183} INFO - Processing /home/abayturar/airflow-project/venv/lib/python3.12/site-packages/airflow/example_dags/example_bash_operator.py took 0.070 seconds
[2026-03-29T12:13:08.689+0500] {processor.py:161} INFO - Started process (PID=1466) to work on /home/abayturar/airflow-project/venv/lib/python3.12/site-packages/airflow/example_dags/example_bash_operator.py
[2026-03-29T12:13:08.690+0500] {processor.py:830} INFO - Processing file /home/abayturar/airflow-project/venv/lib/python3.12/site-packages/airflow/example_dags/example_bash_operator.py for tasks to queue
[2026-03-29T12:13:08.692+0500] {logging_mixin.py:188} INFO - [2026-03-29T12:13:08.692+0500] {dagbag.py:545} INFO - Filling up the DagBag from /home/abayturar/airflow-project/venv/lib/python3.12/site-packages/airflow/example_dags/example_bash_operator.py
[2026-03-29T12:13:08.702+0500] {processor.py:840} INFO - DAG(s) 'example_bash_operator' retrieved from /home/abayturar/airflow-project/venv/lib/python3.12/site-packages/airflow/example_dags/example_bash_operator.py
[2026-03-29T12:13:08.719+0500] {logging_mixin.py:188} INFO - [2026-03-29T12:13:08.719+0500] {dag.py:3089} INFO - Sync 1 DAGs
[2026-03-29T12:13:08.733+0500] {logging_mixin.py:188} INFO - [2026-03-29T12:13:08.733+0500] {dag.py:3947} INFO - Setting next_dagrun for example_bash_operator to 2026-03-28 00:00:00+00:00, run_after=2026-03-29 00:00:00+00:00
[2026-03-29T12:13:08.831+0500] {processor.py:183} INFO - Processing /home/abayturar/airflow-project/venv/lib/python3.12/site-packages/airflow/example_dags/example_bash_operator.py took 0.147 seconds
[2026-03-29T12:14:24.176+0500] {processor.py:161} INFO - Started process (PID=1667) to work on /home/abayturar/airflow-project/venv/lib/python3.12/site-packages/airflow/example_dags/example_bash_operator.py
[2026-03-29T12:14:24.176+0500] {processor.py:830} INFO - Processing file /home/abayturar/airflow-project/venv/lib/python3.12/site-packages/airflow/example_dags/example_bash_operator.py for tasks to queue
[2026-03-29T12:14:24.178+0500] {logging_mixin.py:188} INFO - [2026-03-29T12:14:24.178+0500] {dagbag.py:545} INFO - Filling up the DagBag from /home/abayturar/airflow-project/venv/lib/python3.12/site-packages/airflow/example_dags/example_bash_operator.py
[2026-03-29T12:14:24.191+0500] {processor.py:840} INFO - DAG(s) 'example_bash_operator' retrieved from /home/abayturar/airflow-project/venv/lib/python3.12/site-packages/airflow/example_dags/example_bash_operator.py
[2026-03-29T12:14:24.210+0500] {logging_mixin.py:188} INFO - [2026-03-29T12:14:24.210+0500] {dag.py:3089} INFO - Sync 1 DAGs
[2026-03-29T12:14:24.224+0500] {logging_mixin.py:188} INFO - [2026-03-29T12:14:24.224+0500] {dag.py:3947} INFO - Setting next_dagrun for example_bash_operator to 2026-03-28 00:00:00+00:00, run_after=2026-03-29 00:00:00+00:00
[2026-03-29T12:14:24.367+0500] {processor.py:183} INFO - Processing /home/abayturar/airflow-project/venv/lib/python3.12/site-packages/airflow/example_dags/example_bash_operator.py took 0.198 seconds
[2026-03-29T12:15:19.389+0500] {processor.py:161} INFO - Started process (PID=1811) to work on /home/abayturar/airflow-project/venv/lib/python3.12/site-packages/airflow/example_dags/example_bash_operator.py
[2026-03-29T12:15:19.390+0500] {processor.py:830} INFO - Processing file /home/abayturar/airflow-project/venv/lib/python3.12/site-packages/airflow/example_dags/example_bash_operator.py for tasks to queue
[2026-03-29T12:15:19.392+0500] {logging_mixin.py:188} INFO - [2026-03-29T12:15:19.391+0500] {dagbag.py:545} INFO - Filling up the DagBag from /home/abayturar/airflow-project/venv/lib/python3.12/site-packages/airflow/example_dags/example_bash_operator.py
[2026-03-29T12:15:19.402+0500] {processor.py:840} INFO - DAG(s) 'example_bash_operator' retrieved from /home/abayturar/airflow-project/venv/lib/python3.12/site-packages/airflow/example_dags/example_bash_operator.py
[2026-03-29T12:15:19.419+0500] {logging_mixin.py:188} INFO - [2026-03-29T12:15:19.419+0500] {dag.py:3089} INFO - Sync 1 DAGs
[2026-03-29T12:15:19.432+0500] {logging_mixin.py:188} INFO - [2026-03-29T12:15:19.432+0500] {dag.py:3947} INFO - Setting next_dagrun for example_bash_operator to 2026-03-28 00:00:00+00:00, run_after=2026-03-29 00:00:00+00:00
[2026-03-29T12:15:19.485+0500] {processor.py:183} INFO - Processing /home/abayturar/airflow-project/venv/lib/python3.12/site-packages/airflow/example_dags/example_bash_operator.py took 0.101 seconds
[2026-03-29T12:16:40.108+0500] {processor.py:161} INFO - Started process (PID=2017) to work on /home/abayturar/airflow-project/venv/lib/python3.12/site-packages/airflow/example_dags/example_bash_operator.py
[2026-03-29T12:16:40.109+0500] {processor.py:830} INFO - Processing file /home/abayturar/airflow-project/venv/lib/python3.12/site-packages/airflow/example_dags/example_bash_operator.py for tasks to queue
[2026-03-29T12:16:40.111+0500] {logging_mixin.py:188} INFO - [2026-03-29T12:16:40.110+0500] {dagbag.py:545} INFO - Filling up the DagBag from /home/abayturar/airflow-project/venv/lib/python3.12/site-packages/airflow/example_dags/example_bash_operator.py
[2026-03-29T12:16:40.121+0500] {processor.py:840} INFO - DAG(s) 'example_bash_operator' retrieved from /home/abayturar/airflow-project/venv/lib/python3.12/site-packages/airflow/example_dags/example_bash_operator.py
[2026-03-29T12:16:40.140+0500] {logging_mixin.py:188} INFO - [2026-03-29T12:16:40.140+0500] {dag.py:3089} INFO - Sync 1 DAGs
[2026-03-29T12:16:40.240+0500] {logging_mixin.py:188} INFO - [2026-03-29T12:16:40.240+0500] {dag.py:3947} INFO - Setting next_dagrun for example_bash_operator to 2026-03-28 00:00:00+00:00, run_after=2026-03-29 00:00:00+00:00
[2026-03-29T12:16:40.292+0500] {processor.py:183} INFO - Processing /home/abayturar/airflow-project/venv/lib/python3.12/site-packages/airflow/example_dags/example_bash_operator.py took 0.190 seconds
[2026-03-29T12:17:59.115+0500] {processor.py:161} INFO - Started process (PID=2225) to work on /home/abayturar/airflow-project/venv/lib/python3.12/site-packages/airflow/example_dags/example_bash_operator.py
[2026-03-29T12:17:59.116+0500] {processor.py:830} INFO - Processing file /home/abayturar/airflow-project/venv/lib/python3.12/site-packages/airflow/example_dags/example_bash_operator.py for tasks to queue
[2026-03-29T12:17:59.119+0500] {logging_mixin.py:188} INFO - [2026-03-29T12:17:59.118+0500] {dagbag.py:545} INFO - Filling up the DagBag from /home/abayturar/airflow-project/venv/lib/python3.12/site-packages/airflow/example_dags/example_bash_operator.py
[2026-03-29T12:17:59.131+0500] {processor.py:840} INFO - DAG(s) 'example_bash_operator' retrieved from /home/abayturar/airflow-project/venv/lib/python3.12/site-packages/airflow/example_dags/example_bash_operator.py
[2026-03-29T12:17:59.155+0500] {logging_mixin.py:188} INFO - [2026-03-29T12:17:59.155+0500] {dag.py:3089} INFO - Sync 1 DAGs
[2026-03-29T12:17:59.173+0500] {logging_mixin.py:188} INFO - [2026-03-29T12:17:59.173+0500] {dag.py:3947} INFO - Setting next_dagrun for example_bash_operator to 2026-03-28 00:00:00+00:00, run_after=2026-03-29 00:00:00+00:00
[2026-03-29T12:17:59.191+0500] {processor.py:183} INFO - Processing /home/abayturar/airflow-project/venv/lib/python3.12/site-packages/airflow/example_dags/example_bash_operator.py took 0.084 seconds
[2026-03-29T12:19:15.407+0500] {processor.py:161} INFO - Started process (PID=2422) to work on /home/abayturar/airflow-project/venv/lib/python3.12/site-packages/airflow/example_dags/example_bash_operator.py
[2026-03-29T12:19:15.408+0500] {processor.py:830} INFO - Processing file /home/abayturar/airflow-project/venv/lib/python3.12/site-packages/airflow/example_dags/example_bash_operator.py for tasks to queue
[2026-03-29T12:19:15.410+0500] {logging_mixin.py:188} INFO - [2026-03-29T12:19:15.409+0500] {dagbag.py:545} INFO - Filling up the DagBag from /home/abayturar/airflow-project/venv/lib/python3.12/site-packages/airflow/example_dags/example_bash_operator.py
[2026-03-29T12:19:15.420+0500] {processor.py:840} INFO - DAG(s) 'example_bash_operator' retrieved from /home/abayturar/airflow-project/venv/lib/python3.12/site-packages/airflow/example_dags/example_bash_operator.py
[2026-03-29T12:19:15.438+0500] {logging_mixin.py:188} INFO - [2026-03-29T12:19:15.438+0500] {dag.py:3089} INFO - Sync 1 DAGs
[2026-03-29T12:19:15.451+0500] {logging_mixin.py:188} INFO - [2026-03-29T12:19:15.451+0500] {dag.py:3947} INFO - Setting next_dagrun for example_bash_operator to 2026-03-28 00:00:00+00:00, run_after=2026-03-29 00:00:00+00:00
[2026-03-29T12:19:15.472+0500] {processor.py:183} INFO - Processing /home/abayturar/airflow-project/venv/lib/python3.12/site-packages/airflow/example_dags/example_bash_operator.py took 0.071 seconds
[2026-03-29T12:20:33.922+0500] {processor.py:161} INFO - Started process (PID=2628) to work on /home/abayturar/airflow-project/venv/lib/python3.12/site-packages/airflow/example_dags/example_bash_operator.py
[2026-03-29T12:20:33.923+0500] {processor.py:830} INFO - Processing file /home/abayturar/airflow-project/venv/lib/python3.12/site-packages/airflow/example_dags/example_bash_operator.py for tasks to queue
[2026-03-29T12:20:33.925+0500] {logging_mixin.py:188} INFO - [2026-03-29T12:20:33.925+0500] {dagbag.py:545} INFO - Filling up the DagBag from /home/abayturar/airflow-project/venv/lib/python3.12/site-packages/airflow/example_dags/example_bash_operator.py
[2026-03-29T12:20:33.937+0500] {processor.py:840} INFO - DAG(s) 'example_bash_operator' retrieved from /home/abayturar/airflow-project/venv/lib/python3.12/site-packages/airflow/example_dags/example_bash_operator.py
[2026-03-29T12:20:33.960+0500] {logging_mixin.py:188} INFO - [2026-03-29T12:20:33.960+0500] {dag.py:3089} INFO - Sync 1 DAGs
[2026-03-29T12:20:33.976+0500] {logging_mixin.py:188} INFO - [2026-03-29T12:20:33.976+0500] {dag.py:3947} INFO - Setting next_dagrun for example_bash_operator to 2026-03-28 00:00:00+00:00, run_after=2026-03-29 00:00:00+00:00
[2026-03-29T12:20:34.031+0500] {processor.py:183} INFO - Processing /home/abayturar/airflow-project/venv/lib/python3.12/site-packages/airflow/example_dags/example_bash_operator.py took 0.114 seconds
[2026-03-29T12:21:52.064+0500] {processor.py:161} INFO - Started process (PID=2844) to work on /home/abayturar/airflow-project/venv/lib/python3.12/site-packages/airflow/example_dags/example_bash_operator.py
[2026-03-29T12:21:52.066+0500] {processor.py:830} INFO - Processing file /home/abayturar/airflow-project/venv/lib/python3.12/site-packages/airflow/example_dags/example_bash_operator.py for tasks to queue
[2026-03-29T12:21:52.069+0500] {logging_mixin.py:188} INFO - [2026-03-29T12:21:52.068+0500] {dagbag.py:545} INFO - Filling up the DagBag from /home/abayturar/airflow-project/venv/lib/python3.12/site-packages/airflow/example_dags/example_bash_operator.py
[2026-03-29T12:21:52.085+0500] {processor.py:840} INFO - DAG(s) 'example_bash_operator' retrieved from /home/abayturar/airflow-project/venv/lib/python3.12/site-packages/airflow/example_dags/example_bash_operator.py
[2026-03-29T12:21:52.113+0500] {logging_mixin.py:188} INFO - [2026-03-29T12:21:52.113+0500] {dag.py:3089} INFO - Sync 1 DAGs
[2026-03-29T12:21:52.132+0500] {logging_mixin.py:188} INFO - [2026-03-29T12:21:52.132+0500] {dag.py:3947} INFO - Setting next_dagrun for example_bash_operator to 2026-03-28 00:00:00+00:00, run_after=2026-03-29 00:00:00+00:00
[2026-03-29T12:21:52.189+0500] {processor.py:183} INFO - Processing /home/abayturar/airflow-project/venv/lib/python3.12/site-packages/airflow/example_dags/example_bash_operator.py took 0.135 seconds
[2026-03-29T12:23:10.149+0500] {processor.py:161} INFO - Started process (PID=3226) to work on /home/abayturar/airflow-project/venv/lib/python3.12/site-packages/airflow/example_dags/example_bash_operator.py
[2026-03-29T12:23:10.150+0500] {processor.py:830} INFO - Processing file /home/abayturar/airflow-project/venv/lib/python3.12/site-packages/airflow/example_dags/example_bash_operator.py for tasks to queue
[2026-03-29T12:23:10.152+0500] {logging_mixin.py:188} INFO - [2026-03-29T12:23:10.151+0500] {dagbag.py:545} INFO - Filling up the DagBag from /home/abayturar/airflow-project/venv/lib/python3.12/site-packages/airflow/example_dags/example_bash_operator.py
[2026-03-29T12:23:10.162+0500] {processor.py:840} INFO - DAG(s) 'example_bash_operator' retrieved from /home/abayturar/airflow-project/venv/lib/python3.12/site-packages/airflow/example_dags/example_bash_operator.py
[2026-03-29T12:23:10.182+0500] {logging_mixin.py:188} INFO - [2026-03-29T12:23:10.182+0500] {dag.py:3089} INFO - Sync 1 DAGs
[2026-03-29T12:23:10.197+0500] {logging_mixin.py:188} INFO - [2026-03-29T12:23:10.197+0500] {dag.py:3947} INFO - Setting next_dagrun for example_bash_operator to 2026-03-28 00:00:00+00:00, run_after=2026-03-29 00:00:00+00:00
[2026-03-29T12:23:10.252+0500] {processor.py:183} INFO - Processing /home/abayturar/airflow-project/venv/lib/python3.12/site-packages/airflow/example_dags/example_bash_operator.py took 0.110 seconds
[2026-03-29T12:24:29.584+0500] {processor.py:161} INFO - Started process (PID=3517) to work on /home/abayturar/airflow-project/venv/lib/python3.12/site-packages/airflow/example_dags/example_bash_operator.py
[2026-03-29T12:24:29.585+0500] {processor.py:830} INFO - Processing file /home/abayturar/airflow-project/venv/lib/python3.12/site-packages/airflow/example_dags/example_bash_operator.py for tasks to queue
[2026-03-29T12:24:29.587+0500] {logging_mixin.py:188} INFO - [2026-03-29T12:24:29.586+0500] {dagbag.py:545} INFO - Filling up the DagBag from /home/abayturar/airflow-project/venv/lib/python3.12/site-packages/airflow/example_dags/example_bash_operator.py
[2026-03-29T12:24:29.597+0500] {processor.py:840} INFO - DAG(s) 'example_bash_operator' retrieved from /home/abayturar/airflow-project/venv/lib/python3.12/site-packages/airflow/example_dags/example_bash_operator.py
[2026-03-29T12:24:29.615+0500] {logging_mixin.py:188} INFO - [2026-03-29T12:24:29.615+0500] {dag.py:3089} INFO - Sync 1 DAGs
[2026-03-29T12:24:29.629+0500] {logging_mixin.py:188} INFO - [2026-03-29T12:24:29.629+0500] {dag.py:3947} INFO - Setting next_dagrun for example_bash_operator to 2026-03-28 00:00:00+00:00, run_after=2026-03-29 00:00:00+00:00
[2026-03-29T12:24:29.709+0500] {processor.py:183} INFO - Processing /home/abayturar/airflow-project/venv/lib/python3.12/site-packages/airflow/example_dags/example_bash_operator.py took 0.131 seconds
[2026-03-29T12:25:49.501+0500] {processor.py:161} INFO - Started process (PID=3773) to work on /home/abayturar/airflow-project/venv/lib/python3.12/site-packages/airflow/example_dags/example_bash_operator.py
[2026-03-29T12:25:49.502+0500] {processor.py:830} INFO - Processing file /home/abayturar/airflow-project/venv/lib/python3.12/site-packages/airflow/example_dags/example_bash_operator.py for tasks to queue
[2026-03-29T12:25:49.504+0500] {logging_mixin.py:188} INFO - [2026-03-29T12:25:49.503+0500] {dagbag.py:545} INFO - Filling up the DagBag from /home/abayturar/airflow-project/venv/lib/python3.12/site-packages/airflow/example_dags/example_bash_operator.py
[2026-03-29T12:25:49.514+0500] {processor.py:840} INFO - DAG(s) 'example_bash_operator' retrieved from /home/abayturar/airflow-project/venv/lib/python3.12/site-packages/airflow/example_dags/example_bash_operator.py
[2026-03-29T12:25:49.533+0500] {logging_mixin.py:188} INFO - [2026-03-29T12:25:49.533+0500] {dag.py:3089} INFO - Sync 1 DAGs
[2026-03-29T12:25:49.547+0500] {logging_mixin.py:188} INFO - [2026-03-29T12:25:49.547+0500] {dag.py:3947} INFO - Setting next_dagrun for example_bash_operator to 2026-03-28 00:00:00+00:00, run_after=2026-03-29 00:00:00+00:00
[2026-03-29T12:25:49.562+0500] {processor.py:183} INFO - Processing /home/abayturar/airflow-project/venv/lib/python3.12/site-packages/airflow/example_dags/example_bash_operator.py took 0.067 seconds
[2026-03-29T12:27:02.038+0500] {processor.py:161} INFO - Started process (PID=4152) to work on /home/abayturar/airflow-project/venv/lib/python3.12/site-packages/airflow/example_dags/example_bash_operator.py
[2026-03-29T12:27:02.039+0500] {processor.py:830} INFO - Processing file /home/abayturar/airflow-project/venv/lib/python3.12/site-packages/airflow/example_dags/example_bash_operator.py for tasks to queue
[2026-03-29T12:27:02.041+0500] {logging_mixin.py:188} INFO - [2026-03-29T12:27:02.041+0500] {dagbag.py:545} INFO - Filling up the DagBag from /home/abayturar/airflow-project/venv/lib/python3.12/site-packages/airflow/example_dags/example_bash_operator.py
[2026-03-29T12:27:02.053+0500] {processor.py:840} INFO - DAG(s) 'example_bash_operator' retrieved from /home/abayturar/airflow-project/venv/lib/python3.12/site-packages/airflow/example_dags/example_bash_operator.py
[2026-03-29T12:27:02.072+0500] {logging_mixin.py:188} INFO - [2026-03-29T12:27:02.072+0500] {dag.py:3089} INFO - Sync 1 DAGs
[2026-03-29T12:27:02.087+0500] {logging_mixin.py:188} INFO - [2026-03-29T12:27:02.086+0500] {dag.py:3947} INFO - Setting next_dagrun for example_bash_operator to 2026-03-28 00:00:00+00:00, run_after=2026-03-29 00:00:00+00:00
[2026-03-29T12:27:02.143+0500] {processor.py:183} INFO - Processing /home/abayturar/airflow-project/venv/lib/python3.12/site-packages/airflow/example_dags/example_bash_operator.py took 0.112 seconds
[2026-03-29T12:28:15.788+0500] {processor.py:161} INFO - Started process (PID=4499) to work on /home/abayturar/airflow-project/venv/lib/python3.12/site-packages/airflow/example_dags/example_bash_operator.py
[2026-03-29T12:28:15.789+0500] {processor.py:830} INFO - Processing file /home/abayturar/airflow-project/venv/lib/python3.12/site-packages/airflow/example_dags/example_bash_operator.py for tasks to queue
[2026-03-29T12:28:15.791+0500] {logging_mixin.py:188} INFO - [2026-03-29T12:28:15.790+0500] {dagbag.py:545} INFO - Filling up the DagBag from /home/abayturar/airflow-project/venv/lib/python3.12/site-packages/airflow/example_dags/example_bash_operator.py
[2026-03-29T12:28:15.803+0500] {processor.py:840} INFO - DAG(s) 'example_bash_operator' retrieved from /home/abayturar/airflow-project/venv/lib/python3.12/site-packages/airflow/example_dags/example_bash_operator.py
[2026-03-29T12:28:15.823+0500] {logging_mixin.py:188} INFO - [2026-03-29T12:28:15.823+0500] {dag.py:3089} INFO - Sync 1 DAGs
[2026-03-29T12:28:15.841+0500] {logging_mixin.py:188} INFO - [2026-03-29T12:28:15.841+0500] {dag.py:3947} INFO - Setting next_dagrun for example_bash_operator to 2026-03-28 00:00:00+00:00, run_after=2026-03-29 00:00:00+00:00
[2026-03-29T12:28:15.858+0500] {processor.py:183} INFO - Processing /home/abayturar/airflow-project/venv/lib/python3.12/site-packages/airflow/example_dags/example_bash_operator.py took 0.077 seconds
[2026-03-29T12:29:27.961+0500] {processor.py:161} INFO - Started process (PID=4685) to work on /home/abayturar/airflow-project/venv/lib/python3.12/site-packages/airflow/example_dags/example_bash_operator.py
[2026-03-29T12:29:27.962+0500] {processor.py:830} INFO - Processing file /home/abayturar/airflow-project/venv/lib/python3.12/site-packages/airflow/example_dags/example_bash_operator.py for tasks to queue
[2026-03-29T12:29:27.964+0500] {logging_mixin.py:188} INFO - [2026-03-29T12:29:27.963+0500] {dagbag.py:545} INFO - Filling up the DagBag from /home/abayturar/airflow-project/venv/lib/python3.12/site-packages/airflow/example_dags/example_bash_operator.py
[2026-03-29T12:29:27.979+0500] {processor.py:840} INFO - DAG(s) 'example_bash_operator' retrieved from /home/abayturar/airflow-project/venv/lib/python3.12/site-packages/airflow/example_dags/example_bash_operator.py
[2026-03-29T12:29:28.001+0500] {logging_mixin.py:188} INFO - [2026-03-29T12:29:28.001+0500] {dag.py:3089} INFO - Sync 1 DAGs
[2026-03-29T12:29:28.018+0500] {logging_mixin.py:188} INFO - [2026-03-29T12:29:28.018+0500] {dag.py:3947} INFO - Setting next_dagrun for example_bash_operator to 2026-03-28 00:00:00+00:00, run_after=2026-03-29 00:00:00+00:00
[2026-03-29T12:29:28.038+0500] {processor.py:183} INFO - Processing /home/abayturar/airflow-project/venv/lib/python3.12/site-packages/airflow/example_dags/example_bash_operator.py took 0.086 seconds
[2026-03-29T12:30:43.317+0500] {processor.py:161} INFO - Started process (PID=5085) to work on /home/abayturar/airflow-project/venv/lib/python3.12/site-packages/airflow/example_dags/example_bash_operator.py
[2026-03-29T12:30:43.318+0500] {processor.py:830} INFO - Processing file /home/abayturar/airflow-project/venv/lib/python3.12/site-packages/airflow/example_dags/example_bash_operator.py for tasks to queue
[2026-03-29T12:30:43.320+0500] {logging_mixin.py:188} INFO - [2026-03-29T12:30:43.320+0500] {dagbag.py:545} INFO - Filling up the DagBag from /home/abayturar/airflow-project/venv/lib/python3.12/site-packages/airflow/example_dags/example_bash_operator.py
[2026-03-29T12:30:43.332+0500] {processor.py:840} INFO - DAG(s) 'example_bash_operator' retrieved from /home/abayturar/airflow-project/venv/lib/python3.12/site-packages/airflow/example_dags/example_bash_operator.py
[2026-03-29T12:30:43.354+0500] {logging_mixin.py:188} INFO - [2026-03-29T12:30:43.354+0500] {dag.py:3089} INFO - Sync 1 DAGs
[2026-03-29T12:30:43.369+0500] {logging_mixin.py:188} INFO - [2026-03-29T12:30:43.368+0500] {dag.py:3947} INFO - Setting next_dagrun for example_bash_operator to 2026-03-28 00:00:00+00:00, run_after=2026-03-29 00:00:00+00:00
[2026-03-29T12:30:43.423+0500] {processor.py:183} INFO - Processing /home/abayturar/airflow-project/venv/lib/python3.12/site-packages/airflow/example_dags/example_bash_operator.py took 0.113 seconds
[2026-03-29T12:31:55.160+0500] {processor.py:161} INFO - Started process (PID=5555) to work on /home/abayturar/airflow-project/venv/lib/python3.12/site-packages/airflow/example_dags/example_bash_operator.py
[2026-03-29T12:31:55.162+0500] {processor.py:830} INFO - Processing file /home/abayturar/airflow-project/venv/lib/python3.12/site-packages/airflow/example_dags/example_bash_operator.py for tasks to queue
[2026-03-29T12:31:55.164+0500] {logging_mixin.py:188} INFO - [2026-03-29T12:31:55.164+0500] {dagbag.py:545} INFO - Filling up the DagBag from /home/abayturar/airflow-project/venv/lib/python3.12/site-packages/airflow/example_dags/example_bash_operator.py
[2026-03-29T12:31:55.177+0500] {processor.py:840} INFO - DAG(s) 'example_bash_operator' retrieved from /home/abayturar/airflow-project/venv/lib/python3.12/site-packages/airflow/example_dags/example_bash_operator.py
[2026-03-29T12:31:55.202+0500] {logging_mixin.py:188} INFO - [2026-03-29T12:31:55.201+0500] {dag.py:3089} INFO - Sync 1 DAGs
[2026-03-29T12:31:55.219+0500] {logging_mixin.py:188} INFO - [2026-03-29T12:31:55.218+0500] {dag.py:3947} INFO - Setting next_dagrun for example_bash_operator to 2026-03-28 00:00:00+00:00, run_after=2026-03-29 00:00:00+00:00
[2026-03-29T12:31:55.277+0500] {processor.py:183} INFO - Processing /home/abayturar/airflow-project/venv/lib/python3.12/site-packages/airflow/example_dags/example_bash_operator.py took 0.125 seconds
[2026-03-29T12:33:06.393+0500] {processor.py:161} INFO - Started process (PID=6116) to work on /home/abayturar/airflow-project/venv/lib/python3.12/site-packages/airflow/example_dags/example_bash_operator.py
[2026-03-29T12:33:06.394+0500] {processor.py:830} INFO - Processing file /home/abayturar/airflow-project/venv/lib/python3.12/site-packages/airflow/example_dags/example_bash_operator.py for tasks to queue
[2026-03-29T12:33:06.396+0500] {logging_mixin.py:188} INFO - [2026-03-29T12:33:06.395+0500] {dagbag.py:545} INFO - Filling up the DagBag from /home/abayturar/airflow-project/venv/lib/python3.12/site-packages/airflow/example_dags/example_bash_operator.py
[2026-03-29T12:33:06.408+0500] {processor.py:840} INFO - DAG(s) 'example_bash_operator' retrieved from /home/abayturar/airflow-project/venv/lib/python3.12/site-packages/airflow/example_dags/example_bash_operator.py
[2026-03-29T12:33:06.429+0500] {logging_mixin.py:188} INFO - [2026-03-29T12:33:06.429+0500] {dag.py:3089} INFO - Sync 1 DAGs
[2026-03-29T12:33:06.445+0500] {logging_mixin.py:188} INFO - [2026-03-29T12:33:06.445+0500] {dag.py:3947} INFO - Setting next_dagrun for example_bash_operator to 2026-03-28 00:00:00+00:00, run_after=2026-03-29 00:00:00+00:00
[2026-03-29T12:33:06.465+0500] {processor.py:183} INFO - Processing /home/abayturar/airflow-project/venv/lib/python3.12/site-packages/airflow/example_dags/example_bash_operator.py took 0.079 seconds
[2026-03-29T12:34:18.924+0500] {processor.py:161} INFO - Started process (PID=6316) to work on /home/abayturar/airflow-project/venv/lib/python3.12/site-packages/airflow/example_dags/example_bash_operator.py
[2026-03-29T12:34:18.925+0500] {processor.py:830} INFO - Processing file /home/abayturar/airflow-project/venv/lib/python3.12/site-packages/airflow/example_dags/example_bash_operator.py for tasks to queue
[2026-03-29T12:34:18.927+0500] {logging_mixin.py:188} INFO - [2026-03-29T12:34:18.926+0500] {dagbag.py:545} INFO - Filling up the DagBag from /home/abayturar/airflow-project/venv/lib/python3.12/site-packages/airflow/example_dags/example_bash_operator.py
[2026-03-29T12:34:18.937+0500] {processor.py:840} INFO - DAG(s) 'example_bash_operator' retrieved from /home/abayturar/airflow-project/venv/lib/python3.12/site-packages/airflow/example_dags/example_bash_operator.py
[2026-03-29T12:34:18.957+0500] {logging_mixin.py:188} INFO - [2026-03-29T12:34:18.957+0500] {dag.py:3089} INFO - Sync 1 DAGs
[2026-03-29T12:34:18.975+0500] {logging_mixin.py:188} INFO - [2026-03-29T12:34:18.974+0500] {dag.py:3947} INFO - Setting next_dagrun for example_bash_operator to 2026-03-28 00:00:00+00:00, run_after=2026-03-29 00:00:00+00:00
[2026-03-29T12:34:19.032+0500] {processor.py:183} INFO - Processing /home/abayturar/airflow-project/venv/lib/python3.12/site-packages/airflow/example_dags/example_bash_operator.py took 0.114 seconds
[2026-03-29T12:35:33.443+0500] {processor.py:161} INFO - Started process (PID=6515) to work on /home/abayturar/airflow-project/venv/lib/python3.12/site-packages/airflow/example_dags/example_bash_operator.py
[2026-03-29T12:35:33.444+0500] {processor.py:830} INFO - Processing file /home/abayturar/airflow-project/venv/lib/python3.12/site-packages/airflow/example_dags/example_bash_operator.py for tasks to queue
[2026-03-29T12:35:33.446+0500] {logging_mixin.py:188} INFO - [2026-03-29T12:35:33.445+0500] {dagbag.py:545} INFO - Filling up the DagBag from /home/abayturar/airflow-project/venv/lib/python3.12/site-packages/airflow/example_dags/example_bash_operator.py
[2026-03-29T12:35:33.456+0500] {processor.py:840} INFO - DAG(s) 'example_bash_operator' retrieved from /home/abayturar/airflow-project/venv/lib/python3.12/site-packages/airflow/example_dags/example_bash_operator.py
[2026-03-29T12:35:33.474+0500] {logging_mixin.py:188} INFO - [2026-03-29T12:35:33.474+0500] {dag.py:3089} INFO - Sync 1 DAGs
[2026-03-29T12:35:33.488+0500] {logging_mixin.py:188} INFO - [2026-03-29T12:35:33.488+0500] {dag.py:3947} INFO - Setting next_dagrun for example_bash_operator to 2026-03-28 00:00:00+00:00, run_after=2026-03-29 00:00:00+00:00
[2026-03-29T12:35:33.542+0500] {processor.py:183} INFO - Processing /home/abayturar/airflow-project/venv/lib/python3.12/site-packages/airflow/example_dags/example_bash_operator.py took 0.105 seconds
[2026-03-29T12:36:48.879+0500] {processor.py:161} INFO - Started process (PID=6708) to work on /home/abayturar/airflow-project/venv/lib/python3.12/site-packages/airflow/example_dags/example_bash_operator.py
[2026-03-29T12:36:48.880+0500] {processor.py:830} INFO - Processing file /home/abayturar/airflow-project/venv/lib/python3.12/site-packages/airflow/example_dags/example_bash_operator.py for tasks to queue
[2026-03-29T12:36:48.882+0500] {logging_mixin.py:188} INFO - [2026-03-29T12:36:48.881+0500] {dagbag.py:545} INFO - Filling up the DagBag from /home/abayturar/airflow-project/venv/lib/python3.12/site-packages/airflow/example_dags/example_bash_operator.py
[2026-03-29T12:36:48.893+0500] {processor.py:840} INFO - DAG(s) 'example_bash_operator' retrieved from /home/abayturar/airflow-project/venv/lib/python3.12/site-packages/airflow/example_dags/example_bash_operator.py
[2026-03-29T12:36:48.913+0500] {logging_mixin.py:188} INFO - [2026-03-29T12:36:48.913+0500] {dag.py:3089} INFO - Sync 1 DAGs
[2026-03-29T12:36:48.928+0500] {logging_mixin.py:188} INFO - [2026-03-29T12:36:48.928+0500] {dag.py:3947} INFO - Setting next_dagrun for example_bash_operator to 2026-03-28 00:00:00+00:00, run_after=2026-03-29 00:00:00+00:00
[2026-03-29T12:36:48.945+0500] {processor.py:183} INFO - Processing /home/abayturar/airflow-project/venv/lib/python3.12/site-packages/airflow/example_dags/example_bash_operator.py took 0.072 seconds
[2026-03-29T12:38:03.875+0500] {processor.py:161} INFO - Started process (PID=6910) to work on /home/abayturar/airflow-project/venv/lib/python3.12/site-packages/airflow/example_dags/example_bash_operator.py
[2026-03-29T12:38:03.876+0500] {processor.py:830} INFO - Processing file /home/abayturar/airflow-project/venv/lib/python3.12/site-packages/airflow/example_dags/example_bash_operator.py for tasks to queue
[2026-03-29T12:38:03.879+0500] {logging_mixin.py:188} INFO - [2026-03-29T12:38:03.878+0500] {dagbag.py:545} INFO - Filling up the DagBag from /home/abayturar/airflow-project/venv/lib/python3.12/site-packages/airflow/example_dags/example_bash_operator.py
[2026-03-29T12:38:03.892+0500] {processor.py:840} INFO - DAG(s) 'example_bash_operator' retrieved from /home/abayturar/airflow-project/venv/lib/python3.12/site-packages/airflow/example_dags/example_bash_operator.py
[2026-03-29T12:38:03.919+0500] {logging_mixin.py:188} INFO - [2026-03-29T12:38:03.918+0500] {dag.py:3089} INFO - Sync 1 DAGs
[2026-03-29T12:38:03.937+0500] {logging_mixin.py:188} INFO - [2026-03-29T12:38:03.937+0500] {dag.py:3947} INFO - Setting next_dagrun for example_bash_operator to 2026-03-28 00:00:00+00:00, run_after=2026-03-29 00:00:00+00:00
[2026-03-29T12:38:03.994+0500] {processor.py:183} INFO - Processing /home/abayturar/airflow-project/venv/lib/python3.12/site-packages/airflow/example_dags/example_bash_operator.py took 0.128 seconds
[2026-03-29T12:39:20.741+0500] {processor.py:161} INFO - Started process (PID=7107) to work on /home/abayturar/airflow-project/venv/lib/python3.12/site-packages/airflow/example_dags/example_bash_operator.py
[2026-03-29T12:39:20.742+0500] {processor.py:830} INFO - Processing file /home/abayturar/airflow-project/venv/lib/python3.12/site-packages/airflow/example_dags/example_bash_operator.py for tasks to queue
[2026-03-29T12:39:20.744+0500] {logging_mixin.py:188} INFO - [2026-03-29T12:39:20.743+0500] {dagbag.py:545} INFO - Filling up the DagBag from /home/abayturar/airflow-project/venv/lib/python3.12/site-packages/airflow/example_dags/example_bash_operator.py
[2026-03-29T12:39:20.754+0500] {processor.py:840} INFO - DAG(s) 'example_bash_operator' retrieved from /home/abayturar/airflow-project/venv/lib/python3.12/site-packages/airflow/example_dags/example_bash_operator.py
[2026-03-29T12:39:20.772+0500] {logging_mixin.py:188} INFO - [2026-03-29T12:39:20.771+0500] {dag.py:3089} INFO - Sync 1 DAGs
[2026-03-29T12:39:20.785+0500] {logging_mixin.py:188} INFO - [2026-03-29T12:39:20.785+0500] {dag.py:3947} INFO - Setting next_dagrun for example_bash_operator to 2026-03-28 00:00:00+00:00, run_after=2026-03-29 00:00:00+00:00
[2026-03-29T12:39:20.838+0500] {processor.py:183} INFO - Processing /home/abayturar/airflow-project/venv/lib/python3.12/site-packages/airflow/example_dags/example_bash_operator.py took 0.103 seconds
[2026-03-29T12:40:36.271+0500] {processor.py:161} INFO - Started process (PID=7338) to work on /home/abayturar/airflow-project/venv/lib/python3.12/site-packages/airflow/example_dags/example_bash_operator.py
[2026-03-29T12:40:36.272+0500] {processor.py:830} INFO - Processing file /home/abayturar/airflow-project/venv/lib/python3.12/site-packages/airflow/example_dags/example_bash_operator.py for tasks to queue
[2026-03-29T12:40:36.273+0500] {logging_mixin.py:188} INFO - [2026-03-29T12:40:36.273+0500] {dagbag.py:545} INFO - Filling up the DagBag from /home/abayturar/airflow-project/venv/lib/python3.12/site-packages/airflow/example_dags/example_bash_operator.py
[2026-03-29T12:40:36.284+0500] {processor.py:840} INFO - DAG(s) 'example_bash_operator' retrieved from /home/abayturar/airflow-project/venv/lib/python3.12/site-packages/airflow/example_dags/example_bash_operator.py
[2026-03-29T12:40:36.301+0500] {logging_mixin.py:188} INFO - [2026-03-29T12:40:36.301+0500] {dag.py:3089} INFO - Sync 1 DAGs
[2026-03-29T12:40:36.315+0500] {logging_mixin.py:188} INFO - [2026-03-29T12:40:36.315+0500] {dag.py:3947} INFO - Setting next_dagrun for example_bash_operator to 2026-03-28 00:00:00+00:00, run_after=2026-03-29 00:00:00+00:00
[2026-03-29T12:40:36.367+0500] {processor.py:183} INFO - Processing /home/abayturar/airflow-project/venv/lib/python3.12/site-packages/airflow/example_dags/example_bash_operator.py took 0.103 seconds
[2026-03-29T12:41:53.070+0500] {processor.py:161} INFO - Started process (PID=7560) to work on /home/abayturar/airflow-project/venv/lib/python3.12/site-packages/airflow/example_dags/example_bash_operator.py
[2026-03-29T12:41:53.071+0500] {processor.py:830} INFO - Processing file /home/abayturar/airflow-project/venv/lib/python3.12/site-packages/airflow/example_dags/example_bash_operator.py for tasks to queue
[2026-03-29T12:41:53.073+0500] {logging_mixin.py:188} INFO - [2026-03-29T12:41:53.072+0500] {dagbag.py:545} INFO - Filling up the DagBag from /home/abayturar/airflow-project/venv/lib/python3.12/site-packages/airflow/example_dags/example_bash_operator.py
[2026-03-29T12:41:53.083+0500] {processor.py:840} INFO - DAG(s) 'example_bash_operator' retrieved from /home/abayturar/airflow-project/venv/lib/python3.12/site-packages/airflow/example_dags/example_bash_operator.py
[2026-03-29T12:41:53.103+0500] {logging_mixin.py:188} INFO - [2026-03-29T12:41:53.103+0500] {dag.py:3089} INFO - Sync 1 DAGs
[2026-03-29T12:41:53.119+0500] {logging_mixin.py:188} INFO - [2026-03-29T12:41:53.118+0500] {dag.py:3947} INFO - Setting next_dagrun for example_bash_operator to 2026-03-28 00:00:00+00:00, run_after=2026-03-29 00:00:00+00:00
[2026-03-29T12:41:53.173+0500] {processor.py:183} INFO - Processing /home/abayturar/airflow-project/venv/lib/python3.12/site-packages/airflow/example_dags/example_bash_operator.py took 0.110 seconds
[2026-03-29T12:43:11.888+0500] {processor.py:161} INFO - Started process (PID=7767) to work on /home/abayturar/airflow-project/venv/lib/python3.12/site-packages/airflow/example_dags/example_bash_operator.py
[2026-03-29T12:43:11.889+0500] {processor.py:830} INFO - Processing file /home/abayturar/airflow-project/venv/lib/python3.12/site-packages/airflow/example_dags/example_bash_operator.py for tasks to queue
[2026-03-29T12:43:11.891+0500] {logging_mixin.py:188} INFO - [2026-03-29T12:43:11.890+0500] {dagbag.py:545} INFO - Filling up the DagBag from /home/abayturar/airflow-project/venv/lib/python3.12/site-packages/airflow/example_dags/example_bash_operator.py
[2026-03-29T12:43:11.902+0500] {processor.py:840} INFO - DAG(s) 'example_bash_operator' retrieved from /home/abayturar/airflow-project/venv/lib/python3.12/site-packages/airflow/example_dags/example_bash_operator.py
[2026-03-29T12:43:11.925+0500] {logging_mixin.py:188} INFO - [2026-03-29T12:43:11.925+0500] {dag.py:3089} INFO - Sync 1 DAGs
[2026-03-29T12:43:11.943+0500] {logging_mixin.py:188} INFO - [2026-03-29T12:43:11.943+0500] {dag.py:3947} INFO - Setting next_dagrun for example_bash_operator to 2026-03-28 00:00:00+00:00, run_after=2026-03-29 00:00:00+00:00
[2026-03-29T12:43:12.008+0500] {processor.py:183} INFO - Processing /home/abayturar/airflow-project/venv/lib/python3.12/site-packages/airflow/example_dags/example_bash_operator.py took 0.125 seconds
[2026-03-29T12:44:31.295+0500] {processor.py:161} INFO - Started process (PID=8103) to work on /home/abayturar/airflow-project/venv/lib/python3.12/site-packages/airflow/example_dags/example_bash_operator.py
[2026-03-29T12:44:31.296+0500] {processor.py:830} INFO - Processing file /home/abayturar/airflow-project/venv/lib/python3.12/site-packages/airflow/example_dags/example_bash_operator.py for tasks to queue
[2026-03-29T12:44:31.297+0500] {logging_mixin.py:188} INFO - [2026-03-29T12:44:31.297+0500] {dagbag.py:545} INFO - Filling up the DagBag from /home/abayturar/airflow-project/venv/lib/python3.12/site-packages/airflow/example_dags/example_bash_operator.py
[2026-03-29T12:44:31.309+0500] {processor.py:840} INFO - DAG(s) 'example_bash_operator' retrieved from /home/abayturar/airflow-project/venv/lib/python3.12/site-packages/airflow/example_dags/example_bash_operator.py
[2026-03-29T12:44:31.329+0500] {logging_mixin.py:188} INFO - [2026-03-29T12:44:31.328+0500] {dag.py:3089} INFO - Sync 1 DAGs
[2026-03-29T12:44:31.343+0500] {logging_mixin.py:188} INFO - [2026-03-29T12:44:31.343+0500] {dag.py:3947} INFO - Setting next_dagrun for example_bash_operator to 2026-03-28 00:00:00+00:00, run_after=2026-03-29 00:00:00+00:00
[2026-03-29T12:44:31.399+0500] {processor.py:183} INFO - Processing /home/abayturar/airflow-project/venv/lib/python3.12/site-packages/airflow/example_dags/example_bash_operator.py took 0.110 seconds
[2026-03-29T12:45:51.868+0500] {processor.py:161} INFO - Started process (PID=8706) to work on /home/abayturar/airflow-project/venv/lib/python3.12/site-packages/airflow/example_dags/example_bash_operator.py
[2026-03-29T12:45:51.869+0500] {processor.py:830} INFO - Processing file /home/abayturar/airflow-project/venv/lib/python3.12/site-packages/airflow/example_dags/example_bash_operator.py for tasks to queue
[2026-03-29T12:45:51.870+0500] {logging_mixin.py:188} INFO - [2026-03-29T12:45:51.870+0500] {dagbag.py:545} INFO - Filling up the DagBag from /home/abayturar/airflow-project/venv/lib/python3.12/site-packages/airflow/example_dags/example_bash_operator.py
[2026-03-29T12:45:51.881+0500] {processor.py:840} INFO - DAG(s) 'example_bash_operator' retrieved from /home/abayturar/airflow-project/venv/lib/python3.12/site-packages/airflow/example_dags/example_bash_operator.py
[2026-03-29T12:45:51.900+0500] {logging_mixin.py:188} INFO - [2026-03-29T12:45:51.899+0500] {dag.py:3089} INFO - Sync 1 DAGs
[2026-03-29T12:45:51.914+0500] {logging_mixin.py:188} INFO - [2026-03-29T12:45:51.913+0500] {dag.py:3947} INFO - Setting next_dagrun for example_bash_operator to 2026-03-28 00:00:00+00:00, run_after=2026-03-29 00:00:00+00:00
[2026-03-29T12:45:51.929+0500] {processor.py:183} INFO - Processing /home/abayturar/airflow-project/venv/lib/python3.12/site-packages/airflow/example_dags/example_bash_operator.py took 0.068 seconds
[2026-03-29T12:47:09.797+0500] {processor.py:161} INFO - Started process (PID=9110) to work on /home/abayturar/airflow-project/venv/lib/python3.12/site-packages/airflow/example_dags/example_bash_operator.py
[2026-03-29T12:47:09.798+0500] {processor.py:830} INFO - Processing file /home/abayturar/airflow-project/venv/lib/python3.12/site-packages/airflow/example_dags/example_bash_operator.py for tasks to queue
[2026-03-29T12:47:09.801+0500] {logging_mixin.py:188} INFO - [2026-03-29T12:47:09.800+0500] {dagbag.py:545} INFO - Filling up the DagBag from /home/abayturar/airflow-project/venv/lib/python3.12/site-packages/airflow/example_dags/example_bash_operator.py
[2026-03-29T12:47:09.815+0500] {processor.py:840} INFO - DAG(s) 'example_bash_operator' retrieved from /home/abayturar/airflow-project/venv/lib/python3.12/site-packages/airflow/example_dags/example_bash_operator.py
[2026-03-29T12:47:09.842+0500] {logging_mixin.py:188} INFO - [2026-03-29T12:47:09.842+0500] {dag.py:3089} INFO - Sync 1 DAGs
[2026-03-29T12:47:09.862+0500] {logging_mixin.py:188} INFO - [2026-03-29T12:47:09.862+0500] {dag.py:3947} INFO - Setting next_dagrun for example_bash_operator to 2026-03-28 00:00:00+00:00, run_after=2026-03-29 00:00:00+00:00
[2026-03-29T12:47:09.882+0500] {processor.py:183} INFO - Processing /home/abayturar/airflow-project/venv/lib/python3.12/site-packages/airflow/example_dags/example_bash_operator.py took 0.094 seconds
