[2026-03-29T12:01:54.008+0500] {processor.py:161} INFO - Started process (PID=32413) to work on /home/abayturar/airflow-project/venv/lib/python3.12/site-packages/airflow/example_dags/example_time_delta_sensor_async.py
[2026-03-29T12:01:54.009+0500] {processor.py:830} INFO - Processing file /home/abayturar/airflow-project/venv/lib/python3.12/site-packages/airflow/example_dags/example_time_delta_sensor_async.py for tasks to queue
[2026-03-29T12:01:54.011+0500] {logging_mixin.py:188} INFO - [2026-03-29T12:01:54.010+0500] {dagbag.py:545} INFO - Filling up the DagBag from /home/abayturar/airflow-project/venv/lib/python3.12/site-packages/airflow/example_dags/example_time_delta_sensor_async.py
[2026-03-29T12:01:54.016+0500] {processor.py:840} INFO - DAG(s) 'example_time_delta_sensor_async' retrieved from /home/abayturar/airflow-project/venv/lib/python3.12/site-packages/airflow/example_dags/example_time_delta_sensor_async.py
[2026-03-29T12:01:54.031+0500] {logging_mixin.py:188} INFO - [2026-03-29T12:01:54.031+0500] {dag.py:3089} INFO - Sync 1 DAGs
[2026-03-29T12:01:54.040+0500] {logging_mixin.py:188} INFO - [2026-03-29T12:01:54.040+0500] {dag.py:3947} INFO - Setting next_dagrun for example_time_delta_sensor_async to None, run_after=None
[2026-03-29T12:01:54.056+0500] {processor.py:183} INFO - Processing /home/abayturar/airflow-project/venv/lib/python3.12/site-packages/airflow/example_dags/example_time_delta_sensor_async.py took 0.053 seconds
[2026-03-29T12:02:47.518+0500] {processor.py:161} INFO - Started process (PID=32635) to work on /home/abayturar/airflow-project/venv/lib/python3.12/site-packages/airflow/example_dags/example_time_delta_sensor_async.py
[2026-03-29T12:02:47.519+0500] {processor.py:830} INFO - Processing file /home/abayturar/airflow-project/venv/lib/python3.12/site-packages/airflow/example_dags/example_time_delta_sensor_async.py for tasks to queue
[2026-03-29T12:02:47.521+0500] {logging_mixin.py:188} INFO - [2026-03-29T12:02:47.520+0500] {dagbag.py:545} INFO - Filling up the DagBag from /home/abayturar/airflow-project/venv/lib/python3.12/site-packages/airflow/example_dags/example_time_delta_sensor_async.py
[2026-03-29T12:02:47.526+0500] {processor.py:840} INFO - DAG(s) 'example_time_delta_sensor_async' retrieved from /home/abayturar/airflow-project/venv/lib/python3.12/site-packages/airflow/example_dags/example_time_delta_sensor_async.py
[2026-03-29T12:02:47.542+0500] {logging_mixin.py:188} INFO - [2026-03-29T12:02:47.541+0500] {dag.py:3089} INFO - Sync 1 DAGs
[2026-03-29T12:02:47.550+0500] {logging_mixin.py:188} INFO - [2026-03-29T12:02:47.550+0500] {dag.py:3947} INFO - Setting next_dagrun for example_time_delta_sensor_async to None, run_after=None
[2026-03-29T12:02:47.603+0500] {processor.py:183} INFO - Processing /home/abayturar/airflow-project/venv/lib/python3.12/site-packages/airflow/example_dags/example_time_delta_sensor_async.py took 0.091 seconds
[2026-03-29T12:06:15.770+0500] {processor.py:161} INFO - Started process (PID=96) to work on /home/abayturar/airflow-project/venv/lib/python3.12/site-packages/airflow/example_dags/example_time_delta_sensor_async.py
[2026-03-29T12:06:15.771+0500] {processor.py:830} INFO - Processing file /home/abayturar/airflow-project/venv/lib/python3.12/site-packages/airflow/example_dags/example_time_delta_sensor_async.py for tasks to queue
[2026-03-29T12:06:15.773+0500] {logging_mixin.py:188} INFO - [2026-03-29T12:06:15.773+0500] {dagbag.py:545} INFO - Filling up the DagBag from /home/abayturar/airflow-project/venv/lib/python3.12/site-packages/airflow/example_dags/example_time_delta_sensor_async.py
[2026-03-29T12:06:15.779+0500] {processor.py:840} INFO - DAG(s) 'example_time_delta_sensor_async' retrieved from /home/abayturar/airflow-project/venv/lib/python3.12/site-packages/airflow/example_dags/example_time_delta_sensor_async.py
[2026-03-29T12:06:15.794+0500] {logging_mixin.py:188} INFO - [2026-03-29T12:06:15.794+0500] {dag.py:3089} INFO - Sync 1 DAGs
[2026-03-29T12:06:15.803+0500] {logging_mixin.py:188} INFO - [2026-03-29T12:06:15.802+0500] {dag.py:3947} INFO - Setting next_dagrun for example_time_delta_sensor_async to None, run_after=None
[2026-03-29T12:06:15.817+0500] {processor.py:183} INFO - Processing /home/abayturar/airflow-project/venv/lib/python3.12/site-packages/airflow/example_dags/example_time_delta_sensor_async.py took 0.053 seconds
[2026-03-29T12:07:08.406+0500] {processor.py:161} INFO - Started process (PID=316) to work on /home/abayturar/airflow-project/venv/lib/python3.12/site-packages/airflow/example_dags/example_time_delta_sensor_async.py
[2026-03-29T12:07:08.407+0500] {processor.py:830} INFO - Processing file /home/abayturar/airflow-project/venv/lib/python3.12/site-packages/airflow/example_dags/example_time_delta_sensor_async.py for tasks to queue
[2026-03-29T12:07:08.409+0500] {logging_mixin.py:188} INFO - [2026-03-29T12:07:08.409+0500] {dagbag.py:545} INFO - Filling up the DagBag from /home/abayturar/airflow-project/venv/lib/python3.12/site-packages/airflow/example_dags/example_time_delta_sensor_async.py
[2026-03-29T12:07:08.415+0500] {processor.py:840} INFO - DAG(s) 'example_time_delta_sensor_async' retrieved from /home/abayturar/airflow-project/venv/lib/python3.12/site-packages/airflow/example_dags/example_time_delta_sensor_async.py
[2026-03-29T12:07:08.431+0500] {logging_mixin.py:188} INFO - [2026-03-29T12:07:08.431+0500] {dag.py:3089} INFO - Sync 1 DAGs
[2026-03-29T12:07:08.440+0500] {logging_mixin.py:188} INFO - [2026-03-29T12:07:08.440+0500] {dag.py:3947} INFO - Setting next_dagrun for example_time_delta_sensor_async to None, run_after=None
[2026-03-29T12:07:08.455+0500] {processor.py:183} INFO - Processing /home/abayturar/airflow-project/venv/lib/python3.12/site-packages/airflow/example_dags/example_time_delta_sensor_async.py took 0.056 seconds
[2026-03-29T12:07:54.431+0500] {processor.py:161} INFO - Started process (PID=503) to work on /home/abayturar/airflow-project/venv/lib/python3.12/site-packages/airflow/example_dags/example_time_delta_sensor_async.py
[2026-03-29T12:07:54.433+0500] {processor.py:830} INFO - Processing file /home/abayturar/airflow-project/venv/lib/python3.12/site-packages/airflow/example_dags/example_time_delta_sensor_async.py for tasks to queue
[2026-03-29T12:07:54.434+0500] {logging_mixin.py:188} INFO - [2026-03-29T12:07:54.434+0500] {dagbag.py:545} INFO - Filling up the DagBag from /home/abayturar/airflow-project/venv/lib/python3.12/site-packages/airflow/example_dags/example_time_delta_sensor_async.py
[2026-03-29T12:07:54.439+0500] {processor.py:840} INFO - DAG(s) 'example_time_delta_sensor_async' retrieved from /home/abayturar/airflow-project/venv/lib/python3.12/site-packages/airflow/example_dags/example_time_delta_sensor_async.py
[2026-03-29T12:07:54.456+0500] {logging_mixin.py:188} INFO - [2026-03-29T12:07:54.455+0500] {dag.py:3089} INFO - Sync 1 DAGs
[2026-03-29T12:07:54.465+0500] {logging_mixin.py:188} INFO - [2026-03-29T12:07:54.465+0500] {dag.py:3947} INFO - Setting next_dagrun for example_time_delta_sensor_async to None, run_after=None
[2026-03-29T12:07:54.520+0500] {processor.py:183} INFO - Processing /home/abayturar/airflow-project/venv/lib/python3.12/site-packages/airflow/example_dags/example_time_delta_sensor_async.py took 0.096 seconds
[2026-03-29T12:08:45.205+0500] {processor.py:161} INFO - Started process (PID=718) to work on /home/abayturar/airflow-project/venv/lib/python3.12/site-packages/airflow/example_dags/example_time_delta_sensor_async.py
[2026-03-29T12:08:45.205+0500] {processor.py:830} INFO - Processing file /home/abayturar/airflow-project/venv/lib/python3.12/site-packages/airflow/example_dags/example_time_delta_sensor_async.py for tasks to queue
[2026-03-29T12:08:45.207+0500] {logging_mixin.py:188} INFO - [2026-03-29T12:08:45.207+0500] {dagbag.py:545} INFO - Filling up the DagBag from /home/abayturar/airflow-project/venv/lib/python3.12/site-packages/airflow/example_dags/example_time_delta_sensor_async.py
[2026-03-29T12:08:45.212+0500] {processor.py:840} INFO - DAG(s) 'example_time_delta_sensor_async' retrieved from /home/abayturar/airflow-project/venv/lib/python3.12/site-packages/airflow/example_dags/example_time_delta_sensor_async.py
[2026-03-29T12:08:45.227+0500] {logging_mixin.py:188} INFO - [2026-03-29T12:08:45.227+0500] {dag.py:3089} INFO - Sync 1 DAGs
[2026-03-29T12:08:45.236+0500] {logging_mixin.py:188} INFO - [2026-03-29T12:08:45.236+0500] {dag.py:3947} INFO - Setting next_dagrun for example_time_delta_sensor_async to None, run_after=None
[2026-03-29T12:08:45.292+0500] {processor.py:183} INFO - Processing /home/abayturar/airflow-project/venv/lib/python3.12/site-packages/airflow/example_dags/example_time_delta_sensor_async.py took 0.093 seconds
[2026-03-29T12:09:37.333+0500] {processor.py:161} INFO - Started process (PID=908) to work on /home/abayturar/airflow-project/venv/lib/python3.12/site-packages/airflow/example_dags/example_time_delta_sensor_async.py
[2026-03-29T12:09:37.334+0500] {processor.py:830} INFO - Processing file /home/abayturar/airflow-project/venv/lib/python3.12/site-packages/airflow/example_dags/example_time_delta_sensor_async.py for tasks to queue
[2026-03-29T12:09:37.336+0500] {logging_mixin.py:188} INFO - [2026-03-29T12:09:37.335+0500] {dagbag.py:545} INFO - Filling up the DagBag from /home/abayturar/airflow-project/venv/lib/python3.12/site-packages/airflow/example_dags/example_time_delta_sensor_async.py
[2026-03-29T12:09:37.341+0500] {processor.py:840} INFO - DAG(s) 'example_time_delta_sensor_async' retrieved from /home/abayturar/airflow-project/venv/lib/python3.12/site-packages/airflow/example_dags/example_time_delta_sensor_async.py
[2026-03-29T12:09:37.356+0500] {logging_mixin.py:188} INFO - [2026-03-29T12:09:37.356+0500] {dag.py:3089} INFO - Sync 1 DAGs
[2026-03-29T12:09:37.364+0500] {logging_mixin.py:188} INFO - [2026-03-29T12:09:37.364+0500] {dag.py:3947} INFO - Setting next_dagrun for example_time_delta_sensor_async to None, run_after=None
[2026-03-29T12:09:37.405+0500] {processor.py:183} INFO - Processing /home/abayturar/airflow-project/venv/lib/python3.12/site-packages/airflow/example_dags/example_time_delta_sensor_async.py took 0.078 seconds
[2026-03-29T12:10:26.768+0500] {processor.py:161} INFO - Started process (PID=1039) to work on /home/abayturar/airflow-project/venv/lib/python3.12/site-packages/airflow/example_dags/example_time_delta_sensor_async.py
[2026-03-29T12:10:26.769+0500] {processor.py:830} INFO - Processing file /home/abayturar/airflow-project/venv/lib/python3.12/site-packages/airflow/example_dags/example_time_delta_sensor_async.py for tasks to queue
[2026-03-29T12:10:26.770+0500] {logging_mixin.py:188} INFO - [2026-03-29T12:10:26.770+0500] {dagbag.py:545} INFO - Filling up the DagBag from /home/abayturar/airflow-project/venv/lib/python3.12/site-packages/airflow/example_dags/example_time_delta_sensor_async.py
[2026-03-29T12:10:26.775+0500] {processor.py:840} INFO - DAG(s) 'example_time_delta_sensor_async' retrieved from /home/abayturar/airflow-project/venv/lib/python3.12/site-packages/airflow/example_dags/example_time_delta_sensor_async.py
[2026-03-29T12:10:26.791+0500] {logging_mixin.py:188} INFO - [2026-03-29T12:10:26.791+0500] {dag.py:3089} INFO - Sync 1 DAGs
[2026-03-29T12:10:26.799+0500] {logging_mixin.py:188} INFO - [2026-03-29T12:10:26.799+0500] {dag.py:3947} INFO - Setting next_dagrun for example_time_delta_sensor_async to None, run_after=None
[2026-03-29T12:10:26.856+0500] {processor.py:183} INFO - Processing /home/abayturar/airflow-project/venv/lib/python3.12/site-packages/airflow/example_dags/example_time_delta_sensor_async.py took 0.095 seconds
[2026-03-29T12:11:14.614+0500] {processor.py:161} INFO - Started process (PID=1165) to work on /home/abayturar/airflow-project/venv/lib/python3.12/site-packages/airflow/example_dags/example_time_delta_sensor_async.py
[2026-03-29T12:11:14.615+0500] {processor.py:830} INFO - Processing file /home/abayturar/airflow-project/venv/lib/python3.12/site-packages/airflow/example_dags/example_time_delta_sensor_async.py for tasks to queue
[2026-03-29T12:11:14.617+0500] {logging_mixin.py:188} INFO - [2026-03-29T12:11:14.616+0500] {dagbag.py:545} INFO - Filling up the DagBag from /home/abayturar/airflow-project/venv/lib/python3.12/site-packages/airflow/example_dags/example_time_delta_sensor_async.py
[2026-03-29T12:11:14.621+0500] {processor.py:840} INFO - DAG(s) 'example_time_delta_sensor_async' retrieved from /home/abayturar/airflow-project/venv/lib/python3.12/site-packages/airflow/example_dags/example_time_delta_sensor_async.py
[2026-03-29T12:11:14.637+0500] {logging_mixin.py:188} INFO - [2026-03-29T12:11:14.636+0500] {dag.py:3089} INFO - Sync 1 DAGs
[2026-03-29T12:11:14.645+0500] {logging_mixin.py:188} INFO - [2026-03-29T12:11:14.645+0500] {dag.py:3947} INFO - Setting next_dagrun for example_time_delta_sensor_async to None, run_after=None
[2026-03-29T12:11:14.660+0500] {processor.py:183} INFO - Processing /home/abayturar/airflow-project/venv/lib/python3.12/site-packages/airflow/example_dags/example_time_delta_sensor_async.py took 0.052 seconds
[2026-03-29T12:12:04.192+0500] {processor.py:161} INFO - Started process (PID=1296) to work on /home/abayturar/airflow-project/venv/lib/python3.12/site-packages/airflow/example_dags/example_time_delta_sensor_async.py
[2026-03-29T12:12:04.193+0500] {processor.py:830} INFO - Processing file /home/abayturar/airflow-project/venv/lib/python3.12/site-packages/airflow/example_dags/example_time_delta_sensor_async.py for tasks to queue
[2026-03-29T12:12:04.194+0500] {logging_mixin.py:188} INFO - [2026-03-29T12:12:04.194+0500] {dagbag.py:545} INFO - Filling up the DagBag from /home/abayturar/airflow-project/venv/lib/python3.12/site-packages/airflow/example_dags/example_time_delta_sensor_async.py
[2026-03-29T12:12:04.200+0500] {processor.py:840} INFO - DAG(s) 'example_time_delta_sensor_async' retrieved from /home/abayturar/airflow-project/venv/lib/python3.12/site-packages/airflow/example_dags/example_time_delta_sensor_async.py
[2026-03-29T12:12:04.216+0500] {logging_mixin.py:188} INFO - [2026-03-29T12:12:04.215+0500] {dag.py:3089} INFO - Sync 1 DAGs
[2026-03-29T12:12:04.224+0500] {logging_mixin.py:188} INFO - [2026-03-29T12:12:04.224+0500] {dag.py:3947} INFO - Setting next_dagrun for example_time_delta_sensor_async to None, run_after=None
[2026-03-29T12:12:04.281+0500] {processor.py:183} INFO - Processing /home/abayturar/airflow-project/venv/lib/python3.12/site-packages/airflow/example_dags/example_time_delta_sensor_async.py took 0.095 seconds
[2026-03-29T12:12:57.018+0500] {processor.py:161} INFO - Started process (PID=1435) to work on /home/abayturar/airflow-project/venv/lib/python3.12/site-packages/airflow/example_dags/example_time_delta_sensor_async.py
[2026-03-29T12:12:57.019+0500] {processor.py:830} INFO - Processing file /home/abayturar/airflow-project/venv/lib/python3.12/site-packages/airflow/example_dags/example_time_delta_sensor_async.py for tasks to queue
[2026-03-29T12:12:57.020+0500] {logging_mixin.py:188} INFO - [2026-03-29T12:12:57.020+0500] {dagbag.py:545} INFO - Filling up the DagBag from /home/abayturar/airflow-project/venv/lib/python3.12/site-packages/airflow/example_dags/example_time_delta_sensor_async.py
[2026-03-29T12:12:57.025+0500] {processor.py:840} INFO - DAG(s) 'example_time_delta_sensor_async' retrieved from /home/abayturar/airflow-project/venv/lib/python3.12/site-packages/airflow/example_dags/example_time_delta_sensor_async.py
[2026-03-29T12:12:57.040+0500] {logging_mixin.py:188} INFO - [2026-03-29T12:12:57.040+0500] {dag.py:3089} INFO - Sync 1 DAGs
[2026-03-29T12:12:57.049+0500] {logging_mixin.py:188} INFO - [2026-03-29T12:12:57.049+0500] {dag.py:3947} INFO - Setting next_dagrun for example_time_delta_sensor_async to None, run_after=None
[2026-03-29T12:12:57.102+0500] {processor.py:183} INFO - Processing /home/abayturar/airflow-project/venv/lib/python3.12/site-packages/airflow/example_dags/example_time_delta_sensor_async.py took 0.090 seconds
[2026-03-29T12:13:45.047+0500] {processor.py:161} INFO - Started process (PID=1564) to work on /home/abayturar/airflow-project/venv/lib/python3.12/site-packages/airflow/example_dags/example_time_delta_sensor_async.py
[2026-03-29T12:13:45.048+0500] {processor.py:830} INFO - Processing file /home/abayturar/airflow-project/venv/lib/python3.12/site-packages/airflow/example_dags/example_time_delta_sensor_async.py for tasks to queue
[2026-03-29T12:13:45.050+0500] {logging_mixin.py:188} INFO - [2026-03-29T12:13:45.050+0500] {dagbag.py:545} INFO - Filling up the DagBag from /home/abayturar/airflow-project/venv/lib/python3.12/site-packages/airflow/example_dags/example_time_delta_sensor_async.py
[2026-03-29T12:13:45.055+0500] {processor.py:840} INFO - DAG(s) 'example_time_delta_sensor_async' retrieved from /home/abayturar/airflow-project/venv/lib/python3.12/site-packages/airflow/example_dags/example_time_delta_sensor_async.py
[2026-03-29T12:13:45.071+0500] {logging_mixin.py:188} INFO - [2026-03-29T12:13:45.071+0500] {dag.py:3089} INFO - Sync 1 DAGs
[2026-03-29T12:13:45.079+0500] {logging_mixin.py:188} INFO - [2026-03-29T12:13:45.079+0500] {dag.py:3947} INFO - Setting next_dagrun for example_time_delta_sensor_async to None, run_after=None
[2026-03-29T12:13:45.136+0500] {processor.py:183} INFO - Processing /home/abayturar/airflow-project/venv/lib/python3.12/site-packages/airflow/example_dags/example_time_delta_sensor_async.py took 0.094 seconds
[2026-03-29T12:14:38.361+0500] {processor.py:161} INFO - Started process (PID=1702) to work on /home/abayturar/airflow-project/venv/lib/python3.12/site-packages/airflow/example_dags/example_time_delta_sensor_async.py
[2026-03-29T12:14:38.362+0500] {processor.py:830} INFO - Processing file /home/abayturar/airflow-project/venv/lib/python3.12/site-packages/airflow/example_dags/example_time_delta_sensor_async.py for tasks to queue
[2026-03-29T12:14:38.364+0500] {logging_mixin.py:188} INFO - [2026-03-29T12:14:38.363+0500] {dagbag.py:545} INFO - Filling up the DagBag from /home/abayturar/airflow-project/venv/lib/python3.12/site-packages/airflow/example_dags/example_time_delta_sensor_async.py
[2026-03-29T12:14:38.369+0500] {processor.py:840} INFO - DAG(s) 'example_time_delta_sensor_async' retrieved from /home/abayturar/airflow-project/venv/lib/python3.12/site-packages/airflow/example_dags/example_time_delta_sensor_async.py
[2026-03-29T12:14:38.386+0500] {logging_mixin.py:188} INFO - [2026-03-29T12:14:38.386+0500] {dag.py:3089} INFO - Sync 1 DAGs
[2026-03-29T12:14:38.396+0500] {logging_mixin.py:188} INFO - [2026-03-29T12:14:38.396+0500] {dag.py:3947} INFO - Setting next_dagrun for example_time_delta_sensor_async to None, run_after=None
[2026-03-29T12:14:38.497+0500] {processor.py:183} INFO - Processing /home/abayturar/airflow-project/venv/lib/python3.12/site-packages/airflow/example_dags/example_time_delta_sensor_async.py took 0.142 seconds
[2026-03-29T12:15:31.735+0500] {processor.py:161} INFO - Started process (PID=1842) to work on /home/abayturar/airflow-project/venv/lib/python3.12/site-packages/airflow/example_dags/example_time_delta_sensor_async.py
[2026-03-29T12:15:31.736+0500] {processor.py:830} INFO - Processing file /home/abayturar/airflow-project/venv/lib/python3.12/site-packages/airflow/example_dags/example_time_delta_sensor_async.py for tasks to queue
[2026-03-29T12:15:31.738+0500] {logging_mixin.py:188} INFO - [2026-03-29T12:15:31.737+0500] {dagbag.py:545} INFO - Filling up the DagBag from /home/abayturar/airflow-project/venv/lib/python3.12/site-packages/airflow/example_dags/example_time_delta_sensor_async.py
[2026-03-29T12:15:31.743+0500] {processor.py:840} INFO - DAG(s) 'example_time_delta_sensor_async' retrieved from /home/abayturar/airflow-project/venv/lib/python3.12/site-packages/airflow/example_dags/example_time_delta_sensor_async.py
[2026-03-29T12:15:31.758+0500] {logging_mixin.py:188} INFO - [2026-03-29T12:15:31.758+0500] {dag.py:3089} INFO - Sync 1 DAGs
[2026-03-29T12:15:31.766+0500] {logging_mixin.py:188} INFO - [2026-03-29T12:15:31.766+0500] {dag.py:3947} INFO - Setting next_dagrun for example_time_delta_sensor_async to None, run_after=None
[2026-03-29T12:15:31.821+0500] {processor.py:183} INFO - Processing /home/abayturar/airflow-project/venv/lib/python3.12/site-packages/airflow/example_dags/example_time_delta_sensor_async.py took 0.091 seconds
[2026-03-29T12:16:25.201+0500] {processor.py:161} INFO - Started process (PID=1981) to work on /home/abayturar/airflow-project/venv/lib/python3.12/site-packages/airflow/example_dags/example_time_delta_sensor_async.py
[2026-03-29T12:16:25.202+0500] {processor.py:830} INFO - Processing file /home/abayturar/airflow-project/venv/lib/python3.12/site-packages/airflow/example_dags/example_time_delta_sensor_async.py for tasks to queue
[2026-03-29T12:16:25.203+0500] {logging_mixin.py:188} INFO - [2026-03-29T12:16:25.203+0500] {dagbag.py:545} INFO - Filling up the DagBag from /home/abayturar/airflow-project/venv/lib/python3.12/site-packages/airflow/example_dags/example_time_delta_sensor_async.py
[2026-03-29T12:16:25.208+0500] {processor.py:840} INFO - DAG(s) 'example_time_delta_sensor_async' retrieved from /home/abayturar/airflow-project/venv/lib/python3.12/site-packages/airflow/example_dags/example_time_delta_sensor_async.py
[2026-03-29T12:16:25.224+0500] {logging_mixin.py:188} INFO - [2026-03-29T12:16:25.223+0500] {dag.py:3089} INFO - Sync 1 DAGs
[2026-03-29T12:16:25.232+0500] {logging_mixin.py:188} INFO - [2026-03-29T12:16:25.232+0500] {dag.py:3947} INFO - Setting next_dagrun for example_time_delta_sensor_async to None, run_after=None
[2026-03-29T12:16:25.286+0500] {processor.py:183} INFO - Processing /home/abayturar/airflow-project/venv/lib/python3.12/site-packages/airflow/example_dags/example_time_delta_sensor_async.py took 0.090 seconds
[2026-03-29T12:17:17.253+0500] {processor.py:161} INFO - Started process (PID=2116) to work on /home/abayturar/airflow-project/venv/lib/python3.12/site-packages/airflow/example_dags/example_time_delta_sensor_async.py
[2026-03-29T12:17:17.254+0500] {processor.py:830} INFO - Processing file /home/abayturar/airflow-project/venv/lib/python3.12/site-packages/airflow/example_dags/example_time_delta_sensor_async.py for tasks to queue
[2026-03-29T12:17:17.256+0500] {logging_mixin.py:188} INFO - [2026-03-29T12:17:17.256+0500] {dagbag.py:545} INFO - Filling up the DagBag from /home/abayturar/airflow-project/venv/lib/python3.12/site-packages/airflow/example_dags/example_time_delta_sensor_async.py
[2026-03-29T12:17:17.356+0500] {processor.py:840} INFO - DAG(s) 'example_time_delta_sensor_async' retrieved from /home/abayturar/airflow-project/venv/lib/python3.12/site-packages/airflow/example_dags/example_time_delta_sensor_async.py
[2026-03-29T12:17:17.364+0500] {logging_mixin.py:188} INFO - [2026-03-29T12:17:17.364+0500] {dag.py:3089} INFO - Sync 1 DAGs
[2026-03-29T12:17:17.372+0500] {logging_mixin.py:188} INFO - [2026-03-29T12:17:17.372+0500] {dag.py:3947} INFO - Setting next_dagrun for example_time_delta_sensor_async to None, run_after=None
[2026-03-29T12:17:17.414+0500] {processor.py:183} INFO - Processing /home/abayturar/airflow-project/venv/lib/python3.12/site-packages/airflow/example_dags/example_time_delta_sensor_async.py took 0.167 seconds
[2026-03-29T12:18:11.887+0500] {processor.py:161} INFO - Started process (PID=2256) to work on /home/abayturar/airflow-project/venv/lib/python3.12/site-packages/airflow/example_dags/example_time_delta_sensor_async.py
[2026-03-29T12:18:11.888+0500] {processor.py:830} INFO - Processing file /home/abayturar/airflow-project/venv/lib/python3.12/site-packages/airflow/example_dags/example_time_delta_sensor_async.py for tasks to queue
[2026-03-29T12:18:11.890+0500] {logging_mixin.py:188} INFO - [2026-03-29T12:18:11.890+0500] {dagbag.py:545} INFO - Filling up the DagBag from /home/abayturar/airflow-project/venv/lib/python3.12/site-packages/airflow/example_dags/example_time_delta_sensor_async.py
[2026-03-29T12:18:11.896+0500] {processor.py:840} INFO - DAG(s) 'example_time_delta_sensor_async' retrieved from /home/abayturar/airflow-project/venv/lib/python3.12/site-packages/airflow/example_dags/example_time_delta_sensor_async.py
[2026-03-29T12:18:11.912+0500] {logging_mixin.py:188} INFO - [2026-03-29T12:18:11.912+0500] {dag.py:3089} INFO - Sync 1 DAGs
[2026-03-29T12:18:11.921+0500] {logging_mixin.py:188} INFO - [2026-03-29T12:18:11.921+0500] {dag.py:3947} INFO - Setting next_dagrun for example_time_delta_sensor_async to None, run_after=None
[2026-03-29T12:18:11.977+0500] {processor.py:183} INFO - Processing /home/abayturar/airflow-project/venv/lib/python3.12/site-packages/airflow/example_dags/example_time_delta_sensor_async.py took 0.096 seconds
[2026-03-29T12:19:01.544+0500] {processor.py:161} INFO - Started process (PID=2389) to work on /home/abayturar/airflow-project/venv/lib/python3.12/site-packages/airflow/example_dags/example_time_delta_sensor_async.py
[2026-03-29T12:19:01.545+0500] {processor.py:830} INFO - Processing file /home/abayturar/airflow-project/venv/lib/python3.12/site-packages/airflow/example_dags/example_time_delta_sensor_async.py for tasks to queue
[2026-03-29T12:19:01.546+0500] {logging_mixin.py:188} INFO - [2026-03-29T12:19:01.546+0500] {dagbag.py:545} INFO - Filling up the DagBag from /home/abayturar/airflow-project/venv/lib/python3.12/site-packages/airflow/example_dags/example_time_delta_sensor_async.py
[2026-03-29T12:19:01.552+0500] {processor.py:840} INFO - DAG(s) 'example_time_delta_sensor_async' retrieved from /home/abayturar/airflow-project/venv/lib/python3.12/site-packages/airflow/example_dags/example_time_delta_sensor_async.py
[2026-03-29T12:19:01.568+0500] {logging_mixin.py:188} INFO - [2026-03-29T12:19:01.567+0500] {dag.py:3089} INFO - Sync 1 DAGs
[2026-03-29T12:19:01.577+0500] {logging_mixin.py:188} INFO - [2026-03-29T12:19:01.576+0500] {dag.py:3947} INFO - Setting next_dagrun for example_time_delta_sensor_async to None, run_after=None
[2026-03-29T12:19:01.632+0500] {processor.py:183} INFO - Processing /home/abayturar/airflow-project/venv/lib/python3.12/site-packages/airflow/example_dags/example_time_delta_sensor_async.py took 0.094 seconds
[2026-03-29T12:19:51.554+0500] {processor.py:161} INFO - Started process (PID=2520) to work on /home/abayturar/airflow-project/venv/lib/python3.12/site-packages/airflow/example_dags/example_time_delta_sensor_async.py
[2026-03-29T12:19:51.555+0500] {processor.py:830} INFO - Processing file /home/abayturar/airflow-project/venv/lib/python3.12/site-packages/airflow/example_dags/example_time_delta_sensor_async.py for tasks to queue
[2026-03-29T12:19:51.557+0500] {logging_mixin.py:188} INFO - [2026-03-29T12:19:51.556+0500] {dagbag.py:545} INFO - Filling up the DagBag from /home/abayturar/airflow-project/venv/lib/python3.12/site-packages/airflow/example_dags/example_time_delta_sensor_async.py
[2026-03-29T12:19:51.564+0500] {processor.py:840} INFO - DAG(s) 'example_time_delta_sensor_async' retrieved from /home/abayturar/airflow-project/venv/lib/python3.12/site-packages/airflow/example_dags/example_time_delta_sensor_async.py
[2026-03-29T12:19:51.583+0500] {logging_mixin.py:188} INFO - [2026-03-29T12:19:51.583+0500] {dag.py:3089} INFO - Sync 1 DAGs
[2026-03-29T12:19:51.592+0500] {logging_mixin.py:188} INFO - [2026-03-29T12:19:51.592+0500] {dag.py:3947} INFO - Setting next_dagrun for example_time_delta_sensor_async to None, run_after=None
[2026-03-29T12:19:51.609+0500] {processor.py:183} INFO - Processing /home/abayturar/airflow-project/venv/lib/python3.12/site-packages/airflow/example_dags/example_time_delta_sensor_async.py took 0.061 seconds
[2026-03-29T12:20:45.857+0500] {processor.py:161} INFO - Started process (PID=2658) to work on /home/abayturar/airflow-project/venv/lib/python3.12/site-packages/airflow/example_dags/example_time_delta_sensor_async.py
[2026-03-29T12:20:45.858+0500] {processor.py:830} INFO - Processing file /home/abayturar/airflow-project/venv/lib/python3.12/site-packages/airflow/example_dags/example_time_delta_sensor_async.py for tasks to queue
[2026-03-29T12:20:45.860+0500] {logging_mixin.py:188} INFO - [2026-03-29T12:20:45.860+0500] {dagbag.py:545} INFO - Filling up the DagBag from /home/abayturar/airflow-project/venv/lib/python3.12/site-packages/airflow/example_dags/example_time_delta_sensor_async.py
[2026-03-29T12:20:45.866+0500] {processor.py:840} INFO - DAG(s) 'example_time_delta_sensor_async' retrieved from /home/abayturar/airflow-project/venv/lib/python3.12/site-packages/airflow/example_dags/example_time_delta_sensor_async.py
[2026-03-29T12:20:45.883+0500] {logging_mixin.py:188} INFO - [2026-03-29T12:20:45.882+0500] {dag.py:3089} INFO - Sync 1 DAGs
[2026-03-29T12:20:45.892+0500] {logging_mixin.py:188} INFO - [2026-03-29T12:20:45.892+0500] {dag.py:3947} INFO - Setting next_dagrun for example_time_delta_sensor_async to None, run_after=None
[2026-03-29T12:20:45.948+0500] {processor.py:183} INFO - Processing /home/abayturar/airflow-project/venv/lib/python3.12/site-packages/airflow/example_dags/example_time_delta_sensor_async.py took 0.097 seconds
[2026-03-29T12:21:38.812+0500] {processor.py:161} INFO - Started process (PID=2798) to work on /home/abayturar/airflow-project/venv/lib/python3.12/site-packages/airflow/example_dags/example_time_delta_sensor_async.py
[2026-03-29T12:21:38.813+0500] {processor.py:830} INFO - Processing file /home/abayturar/airflow-project/venv/lib/python3.12/site-packages/airflow/example_dags/example_time_delta_sensor_async.py for tasks to queue
[2026-03-29T12:21:38.814+0500] {logging_mixin.py:188} INFO - [2026-03-29T12:21:38.814+0500] {dagbag.py:545} INFO - Filling up the DagBag from /home/abayturar/airflow-project/venv/lib/python3.12/site-packages/airflow/example_dags/example_time_delta_sensor_async.py
[2026-03-29T12:21:38.820+0500] {processor.py:840} INFO - DAG(s) 'example_time_delta_sensor_async' retrieved from /home/abayturar/airflow-project/venv/lib/python3.12/site-packages/airflow/example_dags/example_time_delta_sensor_async.py
[2026-03-29T12:21:38.836+0500] {logging_mixin.py:188} INFO - [2026-03-29T12:21:38.836+0500] {dag.py:3089} INFO - Sync 1 DAGs
[2026-03-29T12:21:38.845+0500] {logging_mixin.py:188} INFO - [2026-03-29T12:21:38.844+0500] {dag.py:3947} INFO - Setting next_dagrun for example_time_delta_sensor_async to None, run_after=None
[2026-03-29T12:21:38.899+0500] {processor.py:183} INFO - Processing /home/abayturar/airflow-project/venv/lib/python3.12/site-packages/airflow/example_dags/example_time_delta_sensor_async.py took 0.094 seconds
[2026-03-29T12:22:28.999+0500] {processor.py:161} INFO - Started process (PID=3055) to work on /home/abayturar/airflow-project/venv/lib/python3.12/site-packages/airflow/example_dags/example_time_delta_sensor_async.py
[2026-03-29T12:22:29.001+0500] {processor.py:830} INFO - Processing file /home/abayturar/airflow-project/venv/lib/python3.12/site-packages/airflow/example_dags/example_time_delta_sensor_async.py for tasks to queue
[2026-03-29T12:22:29.003+0500] {logging_mixin.py:188} INFO - [2026-03-29T12:22:29.002+0500] {dagbag.py:545} INFO - Filling up the DagBag from /home/abayturar/airflow-project/venv/lib/python3.12/site-packages/airflow/example_dags/example_time_delta_sensor_async.py
[2026-03-29T12:22:29.011+0500] {processor.py:840} INFO - DAG(s) 'example_time_delta_sensor_async' retrieved from /home/abayturar/airflow-project/venv/lib/python3.12/site-packages/airflow/example_dags/example_time_delta_sensor_async.py
[2026-03-29T12:22:29.029+0500] {logging_mixin.py:188} INFO - [2026-03-29T12:22:29.029+0500] {dag.py:3089} INFO - Sync 1 DAGs
[2026-03-29T12:22:29.040+0500] {logging_mixin.py:188} INFO - [2026-03-29T12:22:29.040+0500] {dag.py:3947} INFO - Setting next_dagrun for example_time_delta_sensor_async to None, run_after=None
[2026-03-29T12:22:29.060+0500] {processor.py:183} INFO - Processing /home/abayturar/airflow-project/venv/lib/python3.12/site-packages/airflow/example_dags/example_time_delta_sensor_async.py took 0.070 seconds
[2026-03-29T12:23:22.315+0500] {processor.py:161} INFO - Started process (PID=3256) to work on /home/abayturar/airflow-project/venv/lib/python3.12/site-packages/airflow/example_dags/example_time_delta_sensor_async.py
[2026-03-29T12:23:22.316+0500] {processor.py:830} INFO - Processing file /home/abayturar/airflow-project/venv/lib/python3.12/site-packages/airflow/example_dags/example_time_delta_sensor_async.py for tasks to queue
[2026-03-29T12:23:22.319+0500] {logging_mixin.py:188} INFO - [2026-03-29T12:23:22.319+0500] {dagbag.py:545} INFO - Filling up the DagBag from /home/abayturar/airflow-project/venv/lib/python3.12/site-packages/airflow/example_dags/example_time_delta_sensor_async.py
[2026-03-29T12:23:22.326+0500] {processor.py:840} INFO - DAG(s) 'example_time_delta_sensor_async' retrieved from /home/abayturar/airflow-project/venv/lib/python3.12/site-packages/airflow/example_dags/example_time_delta_sensor_async.py
[2026-03-29T12:23:22.346+0500] {logging_mixin.py:188} INFO - [2026-03-29T12:23:22.346+0500] {dag.py:3089} INFO - Sync 1 DAGs
[2026-03-29T12:23:22.358+0500] {logging_mixin.py:188} INFO - [2026-03-29T12:23:22.358+0500] {dag.py:3947} INFO - Setting next_dagrun for example_time_delta_sensor_async to None, run_after=None
[2026-03-29T12:23:22.415+0500] {processor.py:183} INFO - Processing /home/abayturar/airflow-project/venv/lib/python3.12/site-packages/airflow/example_dags/example_time_delta_sensor_async.py took 0.107 seconds
[2026-03-29T12:24:15.011+0500] {processor.py:161} INFO - Started process (PID=3481) to work on /home/abayturar/airflow-project/venv/lib/python3.12/site-packages/airflow/example_dags/example_time_delta_sensor_async.py
[2026-03-29T12:24:15.012+0500] {processor.py:830} INFO - Processing file /home/abayturar/airflow-project/venv/lib/python3.12/site-packages/airflow/example_dags/example_time_delta_sensor_async.py for tasks to queue
[2026-03-29T12:24:15.014+0500] {logging_mixin.py:188} INFO - [2026-03-29T12:24:15.013+0500] {dagbag.py:545} INFO - Filling up the DagBag from /home/abayturar/airflow-project/venv/lib/python3.12/site-packages/airflow/example_dags/example_time_delta_sensor_async.py
[2026-03-29T12:24:15.019+0500] {processor.py:840} INFO - DAG(s) 'example_time_delta_sensor_async' retrieved from /home/abayturar/airflow-project/venv/lib/python3.12/site-packages/airflow/example_dags/example_time_delta_sensor_async.py
[2026-03-29T12:24:15.035+0500] {logging_mixin.py:188} INFO - [2026-03-29T12:24:15.034+0500] {dag.py:3089} INFO - Sync 1 DAGs
[2026-03-29T12:24:15.043+0500] {logging_mixin.py:188} INFO - [2026-03-29T12:24:15.043+0500] {dag.py:3947} INFO - Setting next_dagrun for example_time_delta_sensor_async to None, run_after=None
[2026-03-29T12:24:15.099+0500] {processor.py:183} INFO - Processing /home/abayturar/airflow-project/venv/lib/python3.12/site-packages/airflow/example_dags/example_time_delta_sensor_async.py took 0.094 seconds
[2026-03-29T12:25:09.165+0500] {processor.py:161} INFO - Started process (PID=3621) to work on /home/abayturar/airflow-project/venv/lib/python3.12/site-packages/airflow/example_dags/example_time_delta_sensor_async.py
[2026-03-29T12:25:09.166+0500] {processor.py:830} INFO - Processing file /home/abayturar/airflow-project/venv/lib/python3.12/site-packages/airflow/example_dags/example_time_delta_sensor_async.py for tasks to queue
[2026-03-29T12:25:09.168+0500] {logging_mixin.py:188} INFO - [2026-03-29T12:25:09.168+0500] {dagbag.py:545} INFO - Filling up the DagBag from /home/abayturar/airflow-project/venv/lib/python3.12/site-packages/airflow/example_dags/example_time_delta_sensor_async.py
[2026-03-29T12:25:09.174+0500] {processor.py:840} INFO - DAG(s) 'example_time_delta_sensor_async' retrieved from /home/abayturar/airflow-project/venv/lib/python3.12/site-packages/airflow/example_dags/example_time_delta_sensor_async.py
[2026-03-29T12:25:09.190+0500] {logging_mixin.py:188} INFO - [2026-03-29T12:25:09.189+0500] {dag.py:3089} INFO - Sync 1 DAGs
[2026-03-29T12:25:09.199+0500] {logging_mixin.py:188} INFO - [2026-03-29T12:25:09.198+0500] {dag.py:3947} INFO - Setting next_dagrun for example_time_delta_sensor_async to None, run_after=None
[2026-03-29T12:25:09.255+0500] {processor.py:183} INFO - Processing /home/abayturar/airflow-project/venv/lib/python3.12/site-packages/airflow/example_dags/example_time_delta_sensor_async.py took 0.096 seconds
[2026-03-29T12:26:01.170+0500] {processor.py:161} INFO - Started process (PID=3839) to work on /home/abayturar/airflow-project/venv/lib/python3.12/site-packages/airflow/example_dags/example_time_delta_sensor_async.py
[2026-03-29T12:26:01.171+0500] {processor.py:830} INFO - Processing file /home/abayturar/airflow-project/venv/lib/python3.12/site-packages/airflow/example_dags/example_time_delta_sensor_async.py for tasks to queue
[2026-03-29T12:26:01.173+0500] {logging_mixin.py:188} INFO - [2026-03-29T12:26:01.173+0500] {dagbag.py:545} INFO - Filling up the DagBag from /home/abayturar/airflow-project/venv/lib/python3.12/site-packages/airflow/example_dags/example_time_delta_sensor_async.py
[2026-03-29T12:26:01.179+0500] {processor.py:840} INFO - DAG(s) 'example_time_delta_sensor_async' retrieved from /home/abayturar/airflow-project/venv/lib/python3.12/site-packages/airflow/example_dags/example_time_delta_sensor_async.py
[2026-03-29T12:26:01.197+0500] {logging_mixin.py:188} INFO - [2026-03-29T12:26:01.196+0500] {dag.py:3089} INFO - Sync 1 DAGs
[2026-03-29T12:26:01.210+0500] {logging_mixin.py:188} INFO - [2026-03-29T12:26:01.210+0500] {dag.py:3947} INFO - Setting next_dagrun for example_time_delta_sensor_async to None, run_after=None
[2026-03-29T12:26:01.268+0500] {processor.py:183} INFO - Processing /home/abayturar/airflow-project/venv/lib/python3.12/site-packages/airflow/example_dags/example_time_delta_sensor_async.py took 0.105 seconds
[2026-03-29T12:26:49.342+0500] {processor.py:161} INFO - Started process (PID=4086) to work on /home/abayturar/airflow-project/venv/lib/python3.12/site-packages/airflow/example_dags/example_time_delta_sensor_async.py
[2026-03-29T12:26:49.343+0500] {processor.py:830} INFO - Processing file /home/abayturar/airflow-project/venv/lib/python3.12/site-packages/airflow/example_dags/example_time_delta_sensor_async.py for tasks to queue
[2026-03-29T12:26:49.345+0500] {logging_mixin.py:188} INFO - [2026-03-29T12:26:49.344+0500] {dagbag.py:545} INFO - Filling up the DagBag from /home/abayturar/airflow-project/venv/lib/python3.12/site-packages/airflow/example_dags/example_time_delta_sensor_async.py
[2026-03-29T12:26:49.351+0500] {processor.py:840} INFO - DAG(s) 'example_time_delta_sensor_async' retrieved from /home/abayturar/airflow-project/venv/lib/python3.12/site-packages/airflow/example_dags/example_time_delta_sensor_async.py
[2026-03-29T12:26:49.366+0500] {logging_mixin.py:188} INFO - [2026-03-29T12:26:49.366+0500] {dag.py:3089} INFO - Sync 1 DAGs
[2026-03-29T12:26:49.375+0500] {logging_mixin.py:188} INFO - [2026-03-29T12:26:49.375+0500] {dag.py:3947} INFO - Setting next_dagrun for example_time_delta_sensor_async to None, run_after=None
[2026-03-29T12:26:49.435+0500] {processor.py:183} INFO - Processing /home/abayturar/airflow-project/venv/lib/python3.12/site-packages/airflow/example_dags/example_time_delta_sensor_async.py took 0.100 seconds
[2026-03-29T12:27:38.805+0500] {processor.py:161} INFO - Started process (PID=4337) to work on /home/abayturar/airflow-project/venv/lib/python3.12/site-packages/airflow/example_dags/example_time_delta_sensor_async.py
[2026-03-29T12:27:38.806+0500] {processor.py:830} INFO - Processing file /home/abayturar/airflow-project/venv/lib/python3.12/site-packages/airflow/example_dags/example_time_delta_sensor_async.py for tasks to queue
[2026-03-29T12:27:38.807+0500] {logging_mixin.py:188} INFO - [2026-03-29T12:27:38.807+0500] {dagbag.py:545} INFO - Filling up the DagBag from /home/abayturar/airflow-project/venv/lib/python3.12/site-packages/airflow/example_dags/example_time_delta_sensor_async.py
[2026-03-29T12:27:38.814+0500] {processor.py:840} INFO - DAG(s) 'example_time_delta_sensor_async' retrieved from /home/abayturar/airflow-project/venv/lib/python3.12/site-packages/airflow/example_dags/example_time_delta_sensor_async.py
[2026-03-29T12:27:38.832+0500] {logging_mixin.py:188} INFO - [2026-03-29T12:27:38.832+0500] {dag.py:3089} INFO - Sync 1 DAGs
[2026-03-29T12:27:38.847+0500] {logging_mixin.py:188} INFO - [2026-03-29T12:27:38.847+0500] {dag.py:3947} INFO - Setting next_dagrun for example_time_delta_sensor_async to None, run_after=None
[2026-03-29T12:27:38.867+0500] {processor.py:183} INFO - Processing /home/abayturar/airflow-project/venv/lib/python3.12/site-packages/airflow/example_dags/example_time_delta_sensor_async.py took 0.070 seconds
[2026-03-29T12:28:27.697+0500] {processor.py:161} INFO - Started process (PID=4529) to work on /home/abayturar/airflow-project/venv/lib/python3.12/site-packages/airflow/example_dags/example_time_delta_sensor_async.py
[2026-03-29T12:28:27.699+0500] {processor.py:830} INFO - Processing file /home/abayturar/airflow-project/venv/lib/python3.12/site-packages/airflow/example_dags/example_time_delta_sensor_async.py for tasks to queue
[2026-03-29T12:28:27.701+0500] {logging_mixin.py:188} INFO - [2026-03-29T12:28:27.700+0500] {dagbag.py:545} INFO - Filling up the DagBag from /home/abayturar/airflow-project/venv/lib/python3.12/site-packages/airflow/example_dags/example_time_delta_sensor_async.py
[2026-03-29T12:28:27.707+0500] {processor.py:840} INFO - DAG(s) 'example_time_delta_sensor_async' retrieved from /home/abayturar/airflow-project/venv/lib/python3.12/site-packages/airflow/example_dags/example_time_delta_sensor_async.py
[2026-03-29T12:28:27.724+0500] {logging_mixin.py:188} INFO - [2026-03-29T12:28:27.724+0500] {dag.py:3089} INFO - Sync 1 DAGs
[2026-03-29T12:28:27.734+0500] {logging_mixin.py:188} INFO - [2026-03-29T12:28:27.734+0500] {dag.py:3947} INFO - Setting next_dagrun for example_time_delta_sensor_async to None, run_after=None
[2026-03-29T12:28:27.752+0500] {processor.py:183} INFO - Processing /home/abayturar/airflow-project/venv/lib/python3.12/site-packages/airflow/example_dags/example_time_delta_sensor_async.py took 0.061 seconds
[2026-03-29T12:29:14.975+0500] {processor.py:161} INFO - Started process (PID=4654) to work on /home/abayturar/airflow-project/venv/lib/python3.12/site-packages/airflow/example_dags/example_time_delta_sensor_async.py
[2026-03-29T12:29:14.976+0500] {processor.py:830} INFO - Processing file /home/abayturar/airflow-project/venv/lib/python3.12/site-packages/airflow/example_dags/example_time_delta_sensor_async.py for tasks to queue
[2026-03-29T12:29:14.979+0500] {logging_mixin.py:188} INFO - [2026-03-29T12:29:14.978+0500] {dagbag.py:545} INFO - Filling up the DagBag from /home/abayturar/airflow-project/venv/lib/python3.12/site-packages/airflow/example_dags/example_time_delta_sensor_async.py
[2026-03-29T12:29:14.986+0500] {processor.py:840} INFO - DAG(s) 'example_time_delta_sensor_async' retrieved from /home/abayturar/airflow-project/venv/lib/python3.12/site-packages/airflow/example_dags/example_time_delta_sensor_async.py
[2026-03-29T12:29:15.004+0500] {logging_mixin.py:188} INFO - [2026-03-29T12:29:15.004+0500] {dag.py:3089} INFO - Sync 1 DAGs
[2026-03-29T12:29:15.015+0500] {logging_mixin.py:188} INFO - [2026-03-29T12:29:15.015+0500] {dag.py:3947} INFO - Setting next_dagrun for example_time_delta_sensor_async to None, run_after=None
[2026-03-29T12:29:15.035+0500] {processor.py:183} INFO - Processing /home/abayturar/airflow-project/venv/lib/python3.12/site-packages/airflow/example_dags/example_time_delta_sensor_async.py took 0.067 seconds
[2026-03-29T12:30:04.240+0500] {processor.py:161} INFO - Started process (PID=4942) to work on /home/abayturar/airflow-project/venv/lib/python3.12/site-packages/airflow/example_dags/example_time_delta_sensor_async.py
[2026-03-29T12:30:04.241+0500] {processor.py:830} INFO - Processing file /home/abayturar/airflow-project/venv/lib/python3.12/site-packages/airflow/example_dags/example_time_delta_sensor_async.py for tasks to queue
[2026-03-29T12:30:04.243+0500] {logging_mixin.py:188} INFO - [2026-03-29T12:30:04.243+0500] {dagbag.py:545} INFO - Filling up the DagBag from /home/abayturar/airflow-project/venv/lib/python3.12/site-packages/airflow/example_dags/example_time_delta_sensor_async.py
[2026-03-29T12:30:04.249+0500] {processor.py:840} INFO - DAG(s) 'example_time_delta_sensor_async' retrieved from /home/abayturar/airflow-project/venv/lib/python3.12/site-packages/airflow/example_dags/example_time_delta_sensor_async.py
[2026-03-29T12:30:04.265+0500] {logging_mixin.py:188} INFO - [2026-03-29T12:30:04.265+0500] {dag.py:3089} INFO - Sync 1 DAGs
[2026-03-29T12:30:04.274+0500] {logging_mixin.py:188} INFO - [2026-03-29T12:30:04.274+0500] {dag.py:3947} INFO - Setting next_dagrun for example_time_delta_sensor_async to None, run_after=None
[2026-03-29T12:30:04.330+0500] {processor.py:183} INFO - Processing /home/abayturar/airflow-project/venv/lib/python3.12/site-packages/airflow/example_dags/example_time_delta_sensor_async.py took 0.096 seconds
[2026-03-29T12:30:54.876+0500] {processor.py:161} INFO - Started process (PID=5164) to work on /home/abayturar/airflow-project/venv/lib/python3.12/site-packages/airflow/example_dags/example_time_delta_sensor_async.py
[2026-03-29T12:30:54.877+0500] {processor.py:830} INFO - Processing file /home/abayturar/airflow-project/venv/lib/python3.12/site-packages/airflow/example_dags/example_time_delta_sensor_async.py for tasks to queue
[2026-03-29T12:30:54.879+0500] {logging_mixin.py:188} INFO - [2026-03-29T12:30:54.878+0500] {dagbag.py:545} INFO - Filling up the DagBag from /home/abayturar/airflow-project/venv/lib/python3.12/site-packages/airflow/example_dags/example_time_delta_sensor_async.py
[2026-03-29T12:30:54.884+0500] {processor.py:840} INFO - DAG(s) 'example_time_delta_sensor_async' retrieved from /home/abayturar/airflow-project/venv/lib/python3.12/site-packages/airflow/example_dags/example_time_delta_sensor_async.py
[2026-03-29T12:30:54.900+0500] {logging_mixin.py:188} INFO - [2026-03-29T12:30:54.899+0500] {dag.py:3089} INFO - Sync 1 DAGs
[2026-03-29T12:30:54.908+0500] {logging_mixin.py:188} INFO - [2026-03-29T12:30:54.908+0500] {dag.py:3947} INFO - Setting next_dagrun for example_time_delta_sensor_async to None, run_after=None
[2026-03-29T12:30:54.924+0500] {processor.py:183} INFO - Processing /home/abayturar/airflow-project/venv/lib/python3.12/site-packages/airflow/example_dags/example_time_delta_sensor_async.py took 0.054 seconds
[2026-03-29T12:31:42.900+0500] {processor.py:161} INFO - Started process (PID=5421) to work on /home/abayturar/airflow-project/venv/lib/python3.12/site-packages/airflow/example_dags/example_time_delta_sensor_async.py
[2026-03-29T12:31:42.901+0500] {processor.py:830} INFO - Processing file /home/abayturar/airflow-project/venv/lib/python3.12/site-packages/airflow/example_dags/example_time_delta_sensor_async.py for tasks to queue
[2026-03-29T12:31:42.906+0500] {logging_mixin.py:188} INFO - [2026-03-29T12:31:42.904+0500] {dagbag.py:545} INFO - Filling up the DagBag from /home/abayturar/airflow-project/venv/lib/python3.12/site-packages/airflow/example_dags/example_time_delta_sensor_async.py
[2026-03-29T12:31:42.915+0500] {processor.py:840} INFO - DAG(s) 'example_time_delta_sensor_async' retrieved from /home/abayturar/airflow-project/venv/lib/python3.12/site-packages/airflow/example_dags/example_time_delta_sensor_async.py
[2026-03-29T12:31:42.941+0500] {logging_mixin.py:188} INFO - [2026-03-29T12:31:42.941+0500] {dag.py:3089} INFO - Sync 1 DAGs
[2026-03-29T12:31:42.956+0500] {logging_mixin.py:188} INFO - [2026-03-29T12:31:42.956+0500] {dag.py:3947} INFO - Setting next_dagrun for example_time_delta_sensor_async to None, run_after=None
[2026-03-29T12:31:42.980+0500] {processor.py:183} INFO - Processing /home/abayturar/airflow-project/venv/lib/python3.12/site-packages/airflow/example_dags/example_time_delta_sensor_async.py took 0.089 seconds
[2026-03-29T12:32:30.249+0500] {processor.py:161} INFO - Started process (PID=5993) to work on /home/abayturar/airflow-project/venv/lib/python3.12/site-packages/airflow/example_dags/example_time_delta_sensor_async.py
[2026-03-29T12:32:30.251+0500] {processor.py:830} INFO - Processing file /home/abayturar/airflow-project/venv/lib/python3.12/site-packages/airflow/example_dags/example_time_delta_sensor_async.py for tasks to queue
[2026-03-29T12:32:30.253+0500] {logging_mixin.py:188} INFO - [2026-03-29T12:32:30.252+0500] {dagbag.py:545} INFO - Filling up the DagBag from /home/abayturar/airflow-project/venv/lib/python3.12/site-packages/airflow/example_dags/example_time_delta_sensor_async.py
[2026-03-29T12:32:30.260+0500] {processor.py:840} INFO - DAG(s) 'example_time_delta_sensor_async' retrieved from /home/abayturar/airflow-project/venv/lib/python3.12/site-packages/airflow/example_dags/example_time_delta_sensor_async.py
[2026-03-29T12:32:30.279+0500] {logging_mixin.py:188} INFO - [2026-03-29T12:32:30.279+0500] {dag.py:3089} INFO - Sync 1 DAGs
[2026-03-29T12:32:30.290+0500] {logging_mixin.py:188} INFO - [2026-03-29T12:32:30.290+0500] {dag.py:3947} INFO - Setting next_dagrun for example_time_delta_sensor_async to None, run_after=None
[2026-03-29T12:32:30.308+0500] {processor.py:183} INFO - Processing /home/abayturar/airflow-project/venv/lib/python3.12/site-packages/airflow/example_dags/example_time_delta_sensor_async.py took 0.069 seconds
[2026-03-29T12:33:19.004+0500] {processor.py:161} INFO - Started process (PID=6147) to work on /home/abayturar/airflow-project/venv/lib/python3.12/site-packages/airflow/example_dags/example_time_delta_sensor_async.py
[2026-03-29T12:33:19.005+0500] {processor.py:830} INFO - Processing file /home/abayturar/airflow-project/venv/lib/python3.12/site-packages/airflow/example_dags/example_time_delta_sensor_async.py for tasks to queue
[2026-03-29T12:33:19.007+0500] {logging_mixin.py:188} INFO - [2026-03-29T12:33:19.007+0500] {dagbag.py:545} INFO - Filling up the DagBag from /home/abayturar/airflow-project/venv/lib/python3.12/site-packages/airflow/example_dags/example_time_delta_sensor_async.py
[2026-03-29T12:33:19.013+0500] {processor.py:840} INFO - DAG(s) 'example_time_delta_sensor_async' retrieved from /home/abayturar/airflow-project/venv/lib/python3.12/site-packages/airflow/example_dags/example_time_delta_sensor_async.py
[2026-03-29T12:33:19.032+0500] {logging_mixin.py:188} INFO - [2026-03-29T12:33:19.032+0500] {dag.py:3089} INFO - Sync 1 DAGs
[2026-03-29T12:33:19.042+0500] {logging_mixin.py:188} INFO - [2026-03-29T12:33:19.042+0500] {dag.py:3947} INFO - Setting next_dagrun for example_time_delta_sensor_async to None, run_after=None
[2026-03-29T12:33:19.059+0500] {processor.py:183} INFO - Processing /home/abayturar/airflow-project/venv/lib/python3.12/site-packages/airflow/example_dags/example_time_delta_sensor_async.py took 0.062 seconds
[2026-03-29T12:34:08.216+0500] {processor.py:161} INFO - Started process (PID=6282) to work on /home/abayturar/airflow-project/venv/lib/python3.12/site-packages/airflow/example_dags/example_time_delta_sensor_async.py
[2026-03-29T12:34:08.217+0500] {processor.py:830} INFO - Processing file /home/abayturar/airflow-project/venv/lib/python3.12/site-packages/airflow/example_dags/example_time_delta_sensor_async.py for tasks to queue
[2026-03-29T12:34:08.220+0500] {logging_mixin.py:188} INFO - [2026-03-29T12:34:08.219+0500] {dagbag.py:545} INFO - Filling up the DagBag from /home/abayturar/airflow-project/venv/lib/python3.12/site-packages/airflow/example_dags/example_time_delta_sensor_async.py
[2026-03-29T12:34:08.228+0500] {processor.py:840} INFO - DAG(s) 'example_time_delta_sensor_async' retrieved from /home/abayturar/airflow-project/venv/lib/python3.12/site-packages/airflow/example_dags/example_time_delta_sensor_async.py
[2026-03-29T12:34:08.250+0500] {logging_mixin.py:188} INFO - [2026-03-29T12:34:08.249+0500] {dag.py:3089} INFO - Sync 1 DAGs
[2026-03-29T12:34:08.260+0500] {logging_mixin.py:188} INFO - [2026-03-29T12:34:08.260+0500] {dag.py:3947} INFO - Setting next_dagrun for example_time_delta_sensor_async to None, run_after=None
[2026-03-29T12:34:08.285+0500] {processor.py:183} INFO - Processing /home/abayturar/airflow-project/venv/lib/python3.12/site-packages/airflow/example_dags/example_time_delta_sensor_async.py took 0.078 seconds
[2026-03-29T12:34:55.753+0500] {processor.py:161} INFO - Started process (PID=6412) to work on /home/abayturar/airflow-project/venv/lib/python3.12/site-packages/airflow/example_dags/example_time_delta_sensor_async.py
[2026-03-29T12:34:55.754+0500] {processor.py:830} INFO - Processing file /home/abayturar/airflow-project/venv/lib/python3.12/site-packages/airflow/example_dags/example_time_delta_sensor_async.py for tasks to queue
[2026-03-29T12:34:55.756+0500] {logging_mixin.py:188} INFO - [2026-03-29T12:34:55.755+0500] {dagbag.py:545} INFO - Filling up the DagBag from /home/abayturar/airflow-project/venv/lib/python3.12/site-packages/airflow/example_dags/example_time_delta_sensor_async.py
[2026-03-29T12:34:55.763+0500] {processor.py:840} INFO - DAG(s) 'example_time_delta_sensor_async' retrieved from /home/abayturar/airflow-project/venv/lib/python3.12/site-packages/airflow/example_dags/example_time_delta_sensor_async.py
[2026-03-29T12:34:55.783+0500] {logging_mixin.py:188} INFO - [2026-03-29T12:34:55.783+0500] {dag.py:3089} INFO - Sync 1 DAGs
[2026-03-29T12:34:55.793+0500] {logging_mixin.py:188} INFO - [2026-03-29T12:34:55.793+0500] {dag.py:3947} INFO - Setting next_dagrun for example_time_delta_sensor_async to None, run_after=None
[2026-03-29T12:34:55.847+0500] {processor.py:183} INFO - Processing /home/abayturar/airflow-project/venv/lib/python3.12/site-packages/airflow/example_dags/example_time_delta_sensor_async.py took 0.103 seconds
[2026-03-29T12:35:44.826+0500] {processor.py:161} INFO - Started process (PID=6542) to work on /home/abayturar/airflow-project/venv/lib/python3.12/site-packages/airflow/example_dags/example_time_delta_sensor_async.py
[2026-03-29T12:35:44.827+0500] {processor.py:830} INFO - Processing file /home/abayturar/airflow-project/venv/lib/python3.12/site-packages/airflow/example_dags/example_time_delta_sensor_async.py for tasks to queue
[2026-03-29T12:35:44.829+0500] {logging_mixin.py:188} INFO - [2026-03-29T12:35:44.829+0500] {dagbag.py:545} INFO - Filling up the DagBag from /home/abayturar/airflow-project/venv/lib/python3.12/site-packages/airflow/example_dags/example_time_delta_sensor_async.py
[2026-03-29T12:35:44.834+0500] {processor.py:840} INFO - DAG(s) 'example_time_delta_sensor_async' retrieved from /home/abayturar/airflow-project/venv/lib/python3.12/site-packages/airflow/example_dags/example_time_delta_sensor_async.py
[2026-03-29T12:35:44.850+0500] {logging_mixin.py:188} INFO - [2026-03-29T12:35:44.850+0500] {dag.py:3089} INFO - Sync 1 DAGs
[2026-03-29T12:35:44.859+0500] {logging_mixin.py:188} INFO - [2026-03-29T12:35:44.859+0500] {dag.py:3947} INFO - Setting next_dagrun for example_time_delta_sensor_async to None, run_after=None
[2026-03-29T12:35:44.874+0500] {processor.py:183} INFO - Processing /home/abayturar/airflow-project/venv/lib/python3.12/site-packages/airflow/example_dags/example_time_delta_sensor_async.py took 0.054 seconds
[2026-03-29T12:36:34.572+0500] {processor.py:161} INFO - Started process (PID=6672) to work on /home/abayturar/airflow-project/venv/lib/python3.12/site-packages/airflow/example_dags/example_time_delta_sensor_async.py
[2026-03-29T12:36:34.573+0500] {processor.py:830} INFO - Processing file /home/abayturar/airflow-project/venv/lib/python3.12/site-packages/airflow/example_dags/example_time_delta_sensor_async.py for tasks to queue
[2026-03-29T12:36:34.574+0500] {logging_mixin.py:188} INFO - [2026-03-29T12:36:34.574+0500] {dagbag.py:545} INFO - Filling up the DagBag from /home/abayturar/airflow-project/venv/lib/python3.12/site-packages/airflow/example_dags/example_time_delta_sensor_async.py
[2026-03-29T12:36:34.580+0500] {processor.py:840} INFO - DAG(s) 'example_time_delta_sensor_async' retrieved from /home/abayturar/airflow-project/venv/lib/python3.12/site-packages/airflow/example_dags/example_time_delta_sensor_async.py
[2026-03-29T12:36:34.598+0500] {logging_mixin.py:188} INFO - [2026-03-29T12:36:34.598+0500] {dag.py:3089} INFO - Sync 1 DAGs
[2026-03-29T12:36:34.608+0500] {logging_mixin.py:188} INFO - [2026-03-29T12:36:34.608+0500] {dag.py:3947} INFO - Setting next_dagrun for example_time_delta_sensor_async to None, run_after=None
[2026-03-29T12:36:34.667+0500] {processor.py:183} INFO - Processing /home/abayturar/airflow-project/venv/lib/python3.12/site-packages/airflow/example_dags/example_time_delta_sensor_async.py took 0.102 seconds
[2026-03-29T12:37:24.281+0500] {processor.py:161} INFO - Started process (PID=6806) to work on /home/abayturar/airflow-project/venv/lib/python3.12/site-packages/airflow/example_dags/example_time_delta_sensor_async.py
[2026-03-29T12:37:24.282+0500] {processor.py:830} INFO - Processing file /home/abayturar/airflow-project/venv/lib/python3.12/site-packages/airflow/example_dags/example_time_delta_sensor_async.py for tasks to queue
[2026-03-29T12:37:24.284+0500] {logging_mixin.py:188} INFO - [2026-03-29T12:37:24.284+0500] {dagbag.py:545} INFO - Filling up the DagBag from /home/abayturar/airflow-project/venv/lib/python3.12/site-packages/airflow/example_dags/example_time_delta_sensor_async.py
[2026-03-29T12:37:24.290+0500] {processor.py:840} INFO - DAG(s) 'example_time_delta_sensor_async' retrieved from /home/abayturar/airflow-project/venv/lib/python3.12/site-packages/airflow/example_dags/example_time_delta_sensor_async.py
[2026-03-29T12:37:24.307+0500] {logging_mixin.py:188} INFO - [2026-03-29T12:37:24.307+0500] {dag.py:3089} INFO - Sync 1 DAGs
[2026-03-29T12:37:24.316+0500] {logging_mixin.py:188} INFO - [2026-03-29T12:37:24.316+0500] {dag.py:3947} INFO - Setting next_dagrun for example_time_delta_sensor_async to None, run_after=None
[2026-03-29T12:37:24.370+0500] {processor.py:183} INFO - Processing /home/abayturar/airflow-project/venv/lib/python3.12/site-packages/airflow/example_dags/example_time_delta_sensor_async.py took 0.097 seconds
[2026-03-29T12:38:14.543+0500] {processor.py:161} INFO - Started process (PID=6938) to work on /home/abayturar/airflow-project/venv/lib/python3.12/site-packages/airflow/example_dags/example_time_delta_sensor_async.py
[2026-03-29T12:38:14.544+0500] {processor.py:830} INFO - Processing file /home/abayturar/airflow-project/venv/lib/python3.12/site-packages/airflow/example_dags/example_time_delta_sensor_async.py for tasks to queue
[2026-03-29T12:38:14.546+0500] {logging_mixin.py:188} INFO - [2026-03-29T12:38:14.546+0500] {dagbag.py:545} INFO - Filling up the DagBag from /home/abayturar/airflow-project/venv/lib/python3.12/site-packages/airflow/example_dags/example_time_delta_sensor_async.py
[2026-03-29T12:38:14.552+0500] {processor.py:840} INFO - DAG(s) 'example_time_delta_sensor_async' retrieved from /home/abayturar/airflow-project/venv/lib/python3.12/site-packages/airflow/example_dags/example_time_delta_sensor_async.py
[2026-03-29T12:38:14.570+0500] {logging_mixin.py:188} INFO - [2026-03-29T12:38:14.570+0500] {dag.py:3089} INFO - Sync 1 DAGs
[2026-03-29T12:38:14.579+0500] {logging_mixin.py:188} INFO - [2026-03-29T12:38:14.579+0500] {dag.py:3947} INFO - Setting next_dagrun for example_time_delta_sensor_async to None, run_after=None
[2026-03-29T12:38:14.595+0500] {processor.py:183} INFO - Processing /home/abayturar/airflow-project/venv/lib/python3.12/site-packages/airflow/example_dags/example_time_delta_sensor_async.py took 0.058 seconds
[2026-03-29T12:39:06.447+0500] {processor.py:161} INFO - Started process (PID=7071) to work on /home/abayturar/airflow-project/venv/lib/python3.12/site-packages/airflow/example_dags/example_time_delta_sensor_async.py
[2026-03-29T12:39:06.449+0500] {processor.py:830} INFO - Processing file /home/abayturar/airflow-project/venv/lib/python3.12/site-packages/airflow/example_dags/example_time_delta_sensor_async.py for tasks to queue
[2026-03-29T12:39:06.451+0500] {logging_mixin.py:188} INFO - [2026-03-29T12:39:06.450+0500] {dagbag.py:545} INFO - Filling up the DagBag from /home/abayturar/airflow-project/venv/lib/python3.12/site-packages/airflow/example_dags/example_time_delta_sensor_async.py
[2026-03-29T12:39:06.458+0500] {processor.py:840} INFO - DAG(s) 'example_time_delta_sensor_async' retrieved from /home/abayturar/airflow-project/venv/lib/python3.12/site-packages/airflow/example_dags/example_time_delta_sensor_async.py
[2026-03-29T12:39:06.478+0500] {logging_mixin.py:188} INFO - [2026-03-29T12:39:06.477+0500] {dag.py:3089} INFO - Sync 1 DAGs
[2026-03-29T12:39:06.486+0500] {logging_mixin.py:188} INFO - [2026-03-29T12:39:06.486+0500] {dag.py:3947} INFO - Setting next_dagrun for example_time_delta_sensor_async to None, run_after=None
[2026-03-29T12:39:06.545+0500] {processor.py:183} INFO - Processing /home/abayturar/airflow-project/venv/lib/python3.12/site-packages/airflow/example_dags/example_time_delta_sensor_async.py took 0.106 seconds
[2026-03-29T12:39:58.456+0500] {processor.py:161} INFO - Started process (PID=7235) to work on /home/abayturar/airflow-project/venv/lib/python3.12/site-packages/airflow/example_dags/example_time_delta_sensor_async.py
[2026-03-29T12:39:58.457+0500] {processor.py:830} INFO - Processing file /home/abayturar/airflow-project/venv/lib/python3.12/site-packages/airflow/example_dags/example_time_delta_sensor_async.py for tasks to queue
[2026-03-29T12:39:58.458+0500] {logging_mixin.py:188} INFO - [2026-03-29T12:39:58.458+0500] {dagbag.py:545} INFO - Filling up the DagBag from /home/abayturar/airflow-project/venv/lib/python3.12/site-packages/airflow/example_dags/example_time_delta_sensor_async.py
[2026-03-29T12:39:58.465+0500] {processor.py:840} INFO - DAG(s) 'example_time_delta_sensor_async' retrieved from /home/abayturar/airflow-project/venv/lib/python3.12/site-packages/airflow/example_dags/example_time_delta_sensor_async.py
[2026-03-29T12:39:58.481+0500] {logging_mixin.py:188} INFO - [2026-03-29T12:39:58.480+0500] {dag.py:3089} INFO - Sync 1 DAGs
[2026-03-29T12:39:58.489+0500] {logging_mixin.py:188} INFO - [2026-03-29T12:39:58.489+0500] {dag.py:3947} INFO - Setting next_dagrun for example_time_delta_sensor_async to None, run_after=None
[2026-03-29T12:39:58.544+0500] {processor.py:183} INFO - Processing /home/abayturar/airflow-project/venv/lib/python3.12/site-packages/airflow/example_dags/example_time_delta_sensor_async.py took 0.094 seconds
[2026-03-29T12:40:48.468+0500] {processor.py:161} INFO - Started process (PID=7368) to work on /home/abayturar/airflow-project/venv/lib/python3.12/site-packages/airflow/example_dags/example_time_delta_sensor_async.py
[2026-03-29T12:40:48.469+0500] {processor.py:830} INFO - Processing file /home/abayturar/airflow-project/venv/lib/python3.12/site-packages/airflow/example_dags/example_time_delta_sensor_async.py for tasks to queue
[2026-03-29T12:40:48.471+0500] {logging_mixin.py:188} INFO - [2026-03-29T12:40:48.470+0500] {dagbag.py:545} INFO - Filling up the DagBag from /home/abayturar/airflow-project/venv/lib/python3.12/site-packages/airflow/example_dags/example_time_delta_sensor_async.py
[2026-03-29T12:40:48.475+0500] {processor.py:840} INFO - DAG(s) 'example_time_delta_sensor_async' retrieved from /home/abayturar/airflow-project/venv/lib/python3.12/site-packages/airflow/example_dags/example_time_delta_sensor_async.py
[2026-03-29T12:40:48.491+0500] {logging_mixin.py:188} INFO - [2026-03-29T12:40:48.491+0500] {dag.py:3089} INFO - Sync 1 DAGs
[2026-03-29T12:40:48.500+0500] {logging_mixin.py:188} INFO - [2026-03-29T12:40:48.499+0500] {dag.py:3947} INFO - Setting next_dagrun for example_time_delta_sensor_async to None, run_after=None
[2026-03-29T12:40:48.554+0500] {processor.py:183} INFO - Processing /home/abayturar/airflow-project/venv/lib/python3.12/site-packages/airflow/example_dags/example_time_delta_sensor_async.py took 0.092 seconds
[2026-03-29T12:41:39.948+0500] {processor.py:161} INFO - Started process (PID=7528) to work on /home/abayturar/airflow-project/venv/lib/python3.12/site-packages/airflow/example_dags/example_time_delta_sensor_async.py
[2026-03-29T12:41:39.949+0500] {processor.py:830} INFO - Processing file /home/abayturar/airflow-project/venv/lib/python3.12/site-packages/airflow/example_dags/example_time_delta_sensor_async.py for tasks to queue
[2026-03-29T12:41:39.951+0500] {logging_mixin.py:188} INFO - [2026-03-29T12:41:39.950+0500] {dagbag.py:545} INFO - Filling up the DagBag from /home/abayturar/airflow-project/venv/lib/python3.12/site-packages/airflow/example_dags/example_time_delta_sensor_async.py
[2026-03-29T12:41:39.958+0500] {processor.py:840} INFO - DAG(s) 'example_time_delta_sensor_async' retrieved from /home/abayturar/airflow-project/venv/lib/python3.12/site-packages/airflow/example_dags/example_time_delta_sensor_async.py
[2026-03-29T12:41:39.981+0500] {logging_mixin.py:188} INFO - [2026-03-29T12:41:39.980+0500] {dag.py:3089} INFO - Sync 1 DAGs
[2026-03-29T12:41:39.992+0500] {logging_mixin.py:188} INFO - [2026-03-29T12:41:39.991+0500] {dag.py:3947} INFO - Setting next_dagrun for example_time_delta_sensor_async to None, run_after=None
[2026-03-29T12:41:40.051+0500] {processor.py:183} INFO - Processing /home/abayturar/airflow-project/venv/lib/python3.12/site-packages/airflow/example_dags/example_time_delta_sensor_async.py took 0.111 seconds
[2026-03-29T12:42:30.957+0500] {processor.py:161} INFO - Started process (PID=7663) to work on /home/abayturar/airflow-project/venv/lib/python3.12/site-packages/airflow/example_dags/example_time_delta_sensor_async.py
[2026-03-29T12:42:30.958+0500] {processor.py:830} INFO - Processing file /home/abayturar/airflow-project/venv/lib/python3.12/site-packages/airflow/example_dags/example_time_delta_sensor_async.py for tasks to queue
[2026-03-29T12:42:30.960+0500] {logging_mixin.py:188} INFO - [2026-03-29T12:42:30.959+0500] {dagbag.py:545} INFO - Filling up the DagBag from /home/abayturar/airflow-project/venv/lib/python3.12/site-packages/airflow/example_dags/example_time_delta_sensor_async.py
[2026-03-29T12:42:30.965+0500] {processor.py:840} INFO - DAG(s) 'example_time_delta_sensor_async' retrieved from /home/abayturar/airflow-project/venv/lib/python3.12/site-packages/airflow/example_dags/example_time_delta_sensor_async.py
[2026-03-29T12:42:30.981+0500] {logging_mixin.py:188} INFO - [2026-03-29T12:42:30.981+0500] {dag.py:3089} INFO - Sync 1 DAGs
[2026-03-29T12:42:30.990+0500] {logging_mixin.py:188} INFO - [2026-03-29T12:42:30.990+0500] {dag.py:3947} INFO - Setting next_dagrun for example_time_delta_sensor_async to None, run_after=None
[2026-03-29T12:42:31.045+0500] {processor.py:183} INFO - Processing /home/abayturar/airflow-project/venv/lib/python3.12/site-packages/airflow/example_dags/example_time_delta_sensor_async.py took 0.094 seconds
[2026-03-29T12:43:24.359+0500] {processor.py:161} INFO - Started process (PID=7797) to work on /home/abayturar/airflow-project/venv/lib/python3.12/site-packages/airflow/example_dags/example_time_delta_sensor_async.py
[2026-03-29T12:43:24.360+0500] {processor.py:830} INFO - Processing file /home/abayturar/airflow-project/venv/lib/python3.12/site-packages/airflow/example_dags/example_time_delta_sensor_async.py for tasks to queue
[2026-03-29T12:43:24.361+0500] {logging_mixin.py:188} INFO - [2026-03-29T12:43:24.361+0500] {dagbag.py:545} INFO - Filling up the DagBag from /home/abayturar/airflow-project/venv/lib/python3.12/site-packages/airflow/example_dags/example_time_delta_sensor_async.py
[2026-03-29T12:43:24.367+0500] {processor.py:840} INFO - DAG(s) 'example_time_delta_sensor_async' retrieved from /home/abayturar/airflow-project/venv/lib/python3.12/site-packages/airflow/example_dags/example_time_delta_sensor_async.py
[2026-03-29T12:43:24.386+0500] {logging_mixin.py:188} INFO - [2026-03-29T12:43:24.386+0500] {dag.py:3089} INFO - Sync 1 DAGs
[2026-03-29T12:43:24.396+0500] {logging_mixin.py:188} INFO - [2026-03-29T12:43:24.396+0500] {dag.py:3947} INFO - Setting next_dagrun for example_time_delta_sensor_async to None, run_after=None
[2026-03-29T12:43:24.452+0500] {processor.py:183} INFO - Processing /home/abayturar/airflow-project/venv/lib/python3.12/site-packages/airflow/example_dags/example_time_delta_sensor_async.py took 0.100 seconds
[2026-03-29T12:44:17.122+0500] {processor.py:161} INFO - Started process (PID=8068) to work on /home/abayturar/airflow-project/venv/lib/python3.12/site-packages/airflow/example_dags/example_time_delta_sensor_async.py
[2026-03-29T12:44:17.123+0500] {processor.py:830} INFO - Processing file /home/abayturar/airflow-project/venv/lib/python3.12/site-packages/airflow/example_dags/example_time_delta_sensor_async.py for tasks to queue
[2026-03-29T12:44:17.125+0500] {logging_mixin.py:188} INFO - [2026-03-29T12:44:17.125+0500] {dagbag.py:545} INFO - Filling up the DagBag from /home/abayturar/airflow-project/venv/lib/python3.12/site-packages/airflow/example_dags/example_time_delta_sensor_async.py
[2026-03-29T12:44:17.130+0500] {processor.py:840} INFO - DAG(s) 'example_time_delta_sensor_async' retrieved from /home/abayturar/airflow-project/venv/lib/python3.12/site-packages/airflow/example_dags/example_time_delta_sensor_async.py
[2026-03-29T12:44:17.147+0500] {logging_mixin.py:188} INFO - [2026-03-29T12:44:17.146+0500] {dag.py:3089} INFO - Sync 1 DAGs
[2026-03-29T12:44:17.156+0500] {logging_mixin.py:188} INFO - [2026-03-29T12:44:17.156+0500] {dag.py:3947} INFO - Setting next_dagrun for example_time_delta_sensor_async to None, run_after=None
[2026-03-29T12:44:17.210+0500] {processor.py:183} INFO - Processing /home/abayturar/airflow-project/venv/lib/python3.12/site-packages/airflow/example_dags/example_time_delta_sensor_async.py took 0.094 seconds
[2026-03-29T12:45:10.581+0500] {processor.py:161} INFO - Started process (PID=8429) to work on /home/abayturar/airflow-project/venv/lib/python3.12/site-packages/airflow/example_dags/example_time_delta_sensor_async.py
[2026-03-29T12:45:10.582+0500] {processor.py:830} INFO - Processing file /home/abayturar/airflow-project/venv/lib/python3.12/site-packages/airflow/example_dags/example_time_delta_sensor_async.py for tasks to queue
[2026-03-29T12:45:10.584+0500] {logging_mixin.py:188} INFO - [2026-03-29T12:45:10.584+0500] {dagbag.py:545} INFO - Filling up the DagBag from /home/abayturar/airflow-project/venv/lib/python3.12/site-packages/airflow/example_dags/example_time_delta_sensor_async.py
[2026-03-29T12:45:10.590+0500] {processor.py:840} INFO - DAG(s) 'example_time_delta_sensor_async' retrieved from /home/abayturar/airflow-project/venv/lib/python3.12/site-packages/airflow/example_dags/example_time_delta_sensor_async.py
[2026-03-29T12:45:10.605+0500] {logging_mixin.py:188} INFO - [2026-03-29T12:45:10.605+0500] {dag.py:3089} INFO - Sync 1 DAGs
[2026-03-29T12:45:10.613+0500] {logging_mixin.py:188} INFO - [2026-03-29T12:45:10.613+0500] {dag.py:3947} INFO - Setting next_dagrun for example_time_delta_sensor_async to None, run_after=None
[2026-03-29T12:45:10.668+0500] {processor.py:183} INFO - Processing /home/abayturar/airflow-project/venv/lib/python3.12/site-packages/airflow/example_dags/example_time_delta_sensor_async.py took 0.092 seconds
[2026-03-29T12:46:03.577+0500] {processor.py:161} INFO - Started process (PID=8736) to work on /home/abayturar/airflow-project/venv/lib/python3.12/site-packages/airflow/example_dags/example_time_delta_sensor_async.py
[2026-03-29T12:46:03.579+0500] {processor.py:830} INFO - Processing file /home/abayturar/airflow-project/venv/lib/python3.12/site-packages/airflow/example_dags/example_time_delta_sensor_async.py for tasks to queue
[2026-03-29T12:46:03.580+0500] {logging_mixin.py:188} INFO - [2026-03-29T12:46:03.580+0500] {dagbag.py:545} INFO - Filling up the DagBag from /home/abayturar/airflow-project/venv/lib/python3.12/site-packages/airflow/example_dags/example_time_delta_sensor_async.py
[2026-03-29T12:46:03.585+0500] {processor.py:840} INFO - DAG(s) 'example_time_delta_sensor_async' retrieved from /home/abayturar/airflow-project/venv/lib/python3.12/site-packages/airflow/example_dags/example_time_delta_sensor_async.py
[2026-03-29T12:46:03.602+0500] {logging_mixin.py:188} INFO - [2026-03-29T12:46:03.601+0500] {dag.py:3089} INFO - Sync 1 DAGs
[2026-03-29T12:46:03.611+0500] {logging_mixin.py:188} INFO - [2026-03-29T12:46:03.611+0500] {dag.py:3947} INFO - Setting next_dagrun for example_time_delta_sensor_async to None, run_after=None
[2026-03-29T12:46:03.666+0500] {processor.py:183} INFO - Processing /home/abayturar/airflow-project/venv/lib/python3.12/site-packages/airflow/example_dags/example_time_delta_sensor_async.py took 0.096 seconds
[2026-03-29T12:46:55.575+0500] {processor.py:161} INFO - Started process (PID=8978) to work on /home/abayturar/airflow-project/venv/lib/python3.12/site-packages/airflow/example_dags/example_time_delta_sensor_async.py
[2026-03-29T12:46:55.576+0500] {processor.py:830} INFO - Processing file /home/abayturar/airflow-project/venv/lib/python3.12/site-packages/airflow/example_dags/example_time_delta_sensor_async.py for tasks to queue
[2026-03-29T12:46:55.578+0500] {logging_mixin.py:188} INFO - [2026-03-29T12:46:55.577+0500] {dagbag.py:545} INFO - Filling up the DagBag from /home/abayturar/airflow-project/venv/lib/python3.12/site-packages/airflow/example_dags/example_time_delta_sensor_async.py
[2026-03-29T12:46:55.583+0500] {processor.py:840} INFO - DAG(s) 'example_time_delta_sensor_async' retrieved from /home/abayturar/airflow-project/venv/lib/python3.12/site-packages/airflow/example_dags/example_time_delta_sensor_async.py
[2026-03-29T12:46:55.599+0500] {logging_mixin.py:188} INFO - [2026-03-29T12:46:55.599+0500] {dag.py:3089} INFO - Sync 1 DAGs
[2026-03-29T12:46:55.608+0500] {logging_mixin.py:188} INFO - [2026-03-29T12:46:55.608+0500] {dag.py:3947} INFO - Setting next_dagrun for example_time_delta_sensor_async to None, run_after=None
[2026-03-29T12:46:55.664+0500] {processor.py:183} INFO - Processing /home/abayturar/airflow-project/venv/lib/python3.12/site-packages/airflow/example_dags/example_time_delta_sensor_async.py took 0.094 seconds
