[2026-03-29T12:01:51.271+0500] {processor.py:161} INFO - Started process (PID=32391) to work on /home/abayturar/airflow-project/venv/lib/python3.12/site-packages/airflow/example_dags/example_xcomargs.py
[2026-03-29T12:01:51.272+0500] {processor.py:830} INFO - Processing file /home/abayturar/airflow-project/venv/lib/python3.12/site-packages/airflow/example_dags/example_xcomargs.py for tasks to queue
[2026-03-29T12:01:51.274+0500] {logging_mixin.py:188} INFO - [2026-03-29T12:01:51.274+0500] {dagbag.py:545} INFO - Filling up the DagBag from /home/abayturar/airflow-project/venv/lib/python3.12/site-packages/airflow/example_dags/example_xcomargs.py
[2026-03-29T12:01:51.287+0500] {processor.py:840} INFO - DAG(s) 'example_xcom_args', 'example_xcom_args_with_operators' retrieved from /home/abayturar/airflow-project/venv/lib/python3.12/site-packages/airflow/example_dags/example_xcomargs.py
[2026-03-29T12:01:51.322+0500] {logging_mixin.py:188} INFO - [2026-03-29T12:01:51.321+0500] {dag.py:3089} INFO - Sync 2 DAGs
[2026-03-29T12:01:51.339+0500] {logging_mixin.py:188} INFO - [2026-03-29T12:01:51.339+0500] {dag.py:3947} INFO - Setting next_dagrun for example_xcom_args to None, run_after=None
[2026-03-29T12:01:51.343+0500] {logging_mixin.py:188} INFO - [2026-03-29T12:01:51.343+0500] {dag.py:3947} INFO - Setting next_dagrun for example_xcom_args_with_operators to None, run_after=None
[2026-03-29T12:01:51.366+0500] {processor.py:183} INFO - Processing /home/abayturar/airflow-project/venv/lib/python3.12/site-packages/airflow/example_dags/example_xcomargs.py took 0.105 seconds
[2026-03-29T12:02:44.834+0500] {processor.py:161} INFO - Started process (PID=32623) to work on /home/abayturar/airflow-project/venv/lib/python3.12/site-packages/airflow/example_dags/example_xcomargs.py
[2026-03-29T12:02:44.835+0500] {processor.py:830} INFO - Processing file /home/abayturar/airflow-project/venv/lib/python3.12/site-packages/airflow/example_dags/example_xcomargs.py for tasks to queue
[2026-03-29T12:02:44.836+0500] {logging_mixin.py:188} INFO - [2026-03-29T12:02:44.836+0500] {dagbag.py:545} INFO - Filling up the DagBag from /home/abayturar/airflow-project/venv/lib/python3.12/site-packages/airflow/example_dags/example_xcomargs.py
[2026-03-29T12:02:44.845+0500] {processor.py:840} INFO - DAG(s) 'example_xcom_args', 'example_xcom_args_with_operators' retrieved from /home/abayturar/airflow-project/venv/lib/python3.12/site-packages/airflow/example_dags/example_xcomargs.py
[2026-03-29T12:02:44.861+0500] {logging_mixin.py:188} INFO - [2026-03-29T12:02:44.861+0500] {dag.py:3089} INFO - Sync 2 DAGs
[2026-03-29T12:02:44.870+0500] {logging_mixin.py:188} INFO - [2026-03-29T12:02:44.870+0500] {dag.py:3947} INFO - Setting next_dagrun for example_xcom_args to None, run_after=None
[2026-03-29T12:02:44.872+0500] {logging_mixin.py:188} INFO - [2026-03-29T12:02:44.872+0500] {dag.py:3947} INFO - Setting next_dagrun for example_xcom_args_with_operators to None, run_after=None
[2026-03-29T12:02:44.924+0500] {processor.py:183} INFO - Processing /home/abayturar/airflow-project/venv/lib/python3.12/site-packages/airflow/example_dags/example_xcomargs.py took 0.096 seconds
[2026-03-29T12:06:12.223+0500] {processor.py:161} INFO - Started process (PID=87) to work on /home/abayturar/airflow-project/venv/lib/python3.12/site-packages/airflow/example_dags/example_xcomargs.py
[2026-03-29T12:06:12.224+0500] {processor.py:830} INFO - Processing file /home/abayturar/airflow-project/venv/lib/python3.12/site-packages/airflow/example_dags/example_xcomargs.py for tasks to queue
[2026-03-29T12:06:12.226+0500] {logging_mixin.py:188} INFO - [2026-03-29T12:06:12.226+0500] {dagbag.py:545} INFO - Filling up the DagBag from /home/abayturar/airflow-project/venv/lib/python3.12/site-packages/airflow/example_dags/example_xcomargs.py
[2026-03-29T12:06:12.235+0500] {processor.py:840} INFO - DAG(s) 'example_xcom_args', 'example_xcom_args_with_operators' retrieved from /home/abayturar/airflow-project/venv/lib/python3.12/site-packages/airflow/example_dags/example_xcomargs.py
[2026-03-29T12:06:12.253+0500] {logging_mixin.py:188} INFO - [2026-03-29T12:06:12.253+0500] {dag.py:3089} INFO - Sync 2 DAGs
[2026-03-29T12:06:12.264+0500] {logging_mixin.py:188} INFO - [2026-03-29T12:06:12.264+0500] {dag.py:3947} INFO - Setting next_dagrun for example_xcom_args to None, run_after=None
[2026-03-29T12:06:12.267+0500] {logging_mixin.py:188} INFO - [2026-03-29T12:06:12.267+0500] {dag.py:3947} INFO - Setting next_dagrun for example_xcom_args_with_operators to None, run_after=None
[2026-03-29T12:06:12.281+0500] {processor.py:183} INFO - Processing /home/abayturar/airflow-project/venv/lib/python3.12/site-packages/airflow/example_dags/example_xcomargs.py took 0.065 seconds
[2026-03-29T12:07:04.872+0500] {processor.py:161} INFO - Started process (PID=300) to work on /home/abayturar/airflow-project/venv/lib/python3.12/site-packages/airflow/example_dags/example_xcomargs.py
[2026-03-29T12:07:04.873+0500] {processor.py:830} INFO - Processing file /home/abayturar/airflow-project/venv/lib/python3.12/site-packages/airflow/example_dags/example_xcomargs.py for tasks to queue
[2026-03-29T12:07:04.874+0500] {logging_mixin.py:188} INFO - [2026-03-29T12:07:04.874+0500] {dagbag.py:545} INFO - Filling up the DagBag from /home/abayturar/airflow-project/venv/lib/python3.12/site-packages/airflow/example_dags/example_xcomargs.py
[2026-03-29T12:07:04.885+0500] {processor.py:840} INFO - DAG(s) 'example_xcom_args_with_operators', 'example_xcom_args' retrieved from /home/abayturar/airflow-project/venv/lib/python3.12/site-packages/airflow/example_dags/example_xcomargs.py
[2026-03-29T12:07:04.906+0500] {logging_mixin.py:188} INFO - [2026-03-29T12:07:04.906+0500] {dag.py:3089} INFO - Sync 2 DAGs
[2026-03-29T12:07:04.921+0500] {logging_mixin.py:188} INFO - [2026-03-29T12:07:04.920+0500] {dag.py:3947} INFO - Setting next_dagrun for example_xcom_args to None, run_after=None
[2026-03-29T12:07:04.923+0500] {logging_mixin.py:188} INFO - [2026-03-29T12:07:04.923+0500] {dag.py:3947} INFO - Setting next_dagrun for example_xcom_args_with_operators to None, run_after=None
[2026-03-29T12:07:04.940+0500] {processor.py:183} INFO - Processing /home/abayturar/airflow-project/venv/lib/python3.12/site-packages/airflow/example_dags/example_xcomargs.py took 0.075 seconds
[2026-03-29T12:07:51.400+0500] {processor.py:161} INFO - Started process (PID=494) to work on /home/abayturar/airflow-project/venv/lib/python3.12/site-packages/airflow/example_dags/example_xcomargs.py
[2026-03-29T12:07:51.401+0500] {processor.py:830} INFO - Processing file /home/abayturar/airflow-project/venv/lib/python3.12/site-packages/airflow/example_dags/example_xcomargs.py for tasks to queue
[2026-03-29T12:07:51.403+0500] {logging_mixin.py:188} INFO - [2026-03-29T12:07:51.403+0500] {dagbag.py:545} INFO - Filling up the DagBag from /home/abayturar/airflow-project/venv/lib/python3.12/site-packages/airflow/example_dags/example_xcomargs.py
[2026-03-29T12:07:51.411+0500] {processor.py:840} INFO - DAG(s) 'example_xcom_args', 'example_xcom_args_with_operators' retrieved from /home/abayturar/airflow-project/venv/lib/python3.12/site-packages/airflow/example_dags/example_xcomargs.py
[2026-03-29T12:07:51.427+0500] {logging_mixin.py:188} INFO - [2026-03-29T12:07:51.427+0500] {dag.py:3089} INFO - Sync 2 DAGs
[2026-03-29T12:07:51.436+0500] {logging_mixin.py:188} INFO - [2026-03-29T12:07:51.436+0500] {dag.py:3947} INFO - Setting next_dagrun for example_xcom_args to None, run_after=None
[2026-03-29T12:07:51.438+0500] {logging_mixin.py:188} INFO - [2026-03-29T12:07:51.438+0500] {dag.py:3947} INFO - Setting next_dagrun for example_xcom_args_with_operators to None, run_after=None
[2026-03-29T12:07:51.489+0500] {processor.py:183} INFO - Processing /home/abayturar/airflow-project/venv/lib/python3.12/site-packages/airflow/example_dags/example_xcomargs.py took 0.095 seconds
[2026-03-29T12:08:42.656+0500] {processor.py:161} INFO - Started process (PID=703) to work on /home/abayturar/airflow-project/venv/lib/python3.12/site-packages/airflow/example_dags/example_xcomargs.py
[2026-03-29T12:08:42.657+0500] {processor.py:830} INFO - Processing file /home/abayturar/airflow-project/venv/lib/python3.12/site-packages/airflow/example_dags/example_xcomargs.py for tasks to queue
[2026-03-29T12:08:42.658+0500] {logging_mixin.py:188} INFO - [2026-03-29T12:08:42.658+0500] {dagbag.py:545} INFO - Filling up the DagBag from /home/abayturar/airflow-project/venv/lib/python3.12/site-packages/airflow/example_dags/example_xcomargs.py
[2026-03-29T12:08:42.667+0500] {processor.py:840} INFO - DAG(s) 'example_xcom_args_with_operators', 'example_xcom_args' retrieved from /home/abayturar/airflow-project/venv/lib/python3.12/site-packages/airflow/example_dags/example_xcomargs.py
[2026-03-29T12:08:42.683+0500] {logging_mixin.py:188} INFO - [2026-03-29T12:08:42.683+0500] {dag.py:3089} INFO - Sync 2 DAGs
[2026-03-29T12:08:42.694+0500] {logging_mixin.py:188} INFO - [2026-03-29T12:08:42.694+0500] {dag.py:3947} INFO - Setting next_dagrun for example_xcom_args to None, run_after=None
[2026-03-29T12:08:42.697+0500] {logging_mixin.py:188} INFO - [2026-03-29T12:08:42.697+0500] {dag.py:3947} INFO - Setting next_dagrun for example_xcom_args_with_operators to None, run_after=None
[2026-03-29T12:08:42.751+0500] {processor.py:183} INFO - Processing /home/abayturar/airflow-project/venv/lib/python3.12/site-packages/airflow/example_dags/example_xcomargs.py took 0.100 seconds
[2026-03-29T12:09:34.608+0500] {processor.py:161} INFO - Started process (PID=902) to work on /home/abayturar/airflow-project/venv/lib/python3.12/site-packages/airflow/example_dags/example_xcomargs.py
[2026-03-29T12:09:34.609+0500] {processor.py:830} INFO - Processing file /home/abayturar/airflow-project/venv/lib/python3.12/site-packages/airflow/example_dags/example_xcomargs.py for tasks to queue
[2026-03-29T12:09:34.611+0500] {logging_mixin.py:188} INFO - [2026-03-29T12:09:34.610+0500] {dagbag.py:545} INFO - Filling up the DagBag from /home/abayturar/airflow-project/venv/lib/python3.12/site-packages/airflow/example_dags/example_xcomargs.py
[2026-03-29T12:09:34.619+0500] {processor.py:840} INFO - DAG(s) 'example_xcom_args_with_operators', 'example_xcom_args' retrieved from /home/abayturar/airflow-project/venv/lib/python3.12/site-packages/airflow/example_dags/example_xcomargs.py
[2026-03-29T12:09:34.634+0500] {logging_mixin.py:188} INFO - [2026-03-29T12:09:34.634+0500] {dag.py:3089} INFO - Sync 2 DAGs
[2026-03-29T12:09:34.643+0500] {logging_mixin.py:188} INFO - [2026-03-29T12:09:34.643+0500] {dag.py:3947} INFO - Setting next_dagrun for example_xcom_args to None, run_after=None
[2026-03-29T12:09:34.644+0500] {logging_mixin.py:188} INFO - [2026-03-29T12:09:34.644+0500] {dag.py:3947} INFO - Setting next_dagrun for example_xcom_args_with_operators to None, run_after=None
[2026-03-29T12:09:34.698+0500] {processor.py:183} INFO - Processing /home/abayturar/airflow-project/venv/lib/python3.12/site-packages/airflow/example_dags/example_xcomargs.py took 0.096 seconds
[2026-03-29T12:10:23.908+0500] {processor.py:161} INFO - Started process (PID=1033) to work on /home/abayturar/airflow-project/venv/lib/python3.12/site-packages/airflow/example_dags/example_xcomargs.py
[2026-03-29T12:10:23.909+0500] {processor.py:830} INFO - Processing file /home/abayturar/airflow-project/venv/lib/python3.12/site-packages/airflow/example_dags/example_xcomargs.py for tasks to queue
[2026-03-29T12:10:23.911+0500] {logging_mixin.py:188} INFO - [2026-03-29T12:10:23.910+0500] {dagbag.py:545} INFO - Filling up the DagBag from /home/abayturar/airflow-project/venv/lib/python3.12/site-packages/airflow/example_dags/example_xcomargs.py
[2026-03-29T12:10:23.919+0500] {processor.py:840} INFO - DAG(s) 'example_xcom_args', 'example_xcom_args_with_operators' retrieved from /home/abayturar/airflow-project/venv/lib/python3.12/site-packages/airflow/example_dags/example_xcomargs.py
[2026-03-29T12:10:23.934+0500] {logging_mixin.py:188} INFO - [2026-03-29T12:10:23.934+0500] {dag.py:3089} INFO - Sync 2 DAGs
[2026-03-29T12:10:23.943+0500] {logging_mixin.py:188} INFO - [2026-03-29T12:10:23.943+0500] {dag.py:3947} INFO - Setting next_dagrun for example_xcom_args to None, run_after=None
[2026-03-29T12:10:23.945+0500] {logging_mixin.py:188} INFO - [2026-03-29T12:10:23.944+0500] {dag.py:3947} INFO - Setting next_dagrun for example_xcom_args_with_operators to None, run_after=None
[2026-03-29T12:10:23.959+0500] {processor.py:183} INFO - Processing /home/abayturar/airflow-project/venv/lib/python3.12/site-packages/airflow/example_dags/example_xcomargs.py took 0.056 seconds
[2026-03-29T12:11:11.848+0500] {processor.py:161} INFO - Started process (PID=1159) to work on /home/abayturar/airflow-project/venv/lib/python3.12/site-packages/airflow/example_dags/example_xcomargs.py
[2026-03-29T12:11:11.849+0500] {processor.py:830} INFO - Processing file /home/abayturar/airflow-project/venv/lib/python3.12/site-packages/airflow/example_dags/example_xcomargs.py for tasks to queue
[2026-03-29T12:11:11.851+0500] {logging_mixin.py:188} INFO - [2026-03-29T12:11:11.850+0500] {dagbag.py:545} INFO - Filling up the DagBag from /home/abayturar/airflow-project/venv/lib/python3.12/site-packages/airflow/example_dags/example_xcomargs.py
[2026-03-29T12:11:11.860+0500] {processor.py:840} INFO - DAG(s) 'example_xcom_args', 'example_xcom_args_with_operators' retrieved from /home/abayturar/airflow-project/venv/lib/python3.12/site-packages/airflow/example_dags/example_xcomargs.py
[2026-03-29T12:11:11.880+0500] {logging_mixin.py:188} INFO - [2026-03-29T12:11:11.880+0500] {dag.py:3089} INFO - Sync 2 DAGs
[2026-03-29T12:11:11.890+0500] {logging_mixin.py:188} INFO - [2026-03-29T12:11:11.890+0500] {dag.py:3947} INFO - Setting next_dagrun for example_xcom_args to None, run_after=None
[2026-03-29T12:11:11.893+0500] {logging_mixin.py:188} INFO - [2026-03-29T12:11:11.893+0500] {dag.py:3947} INFO - Setting next_dagrun for example_xcom_args_with_operators to None, run_after=None
[2026-03-29T12:11:11.947+0500] {processor.py:183} INFO - Processing /home/abayturar/airflow-project/venv/lib/python3.12/site-packages/airflow/example_dags/example_xcomargs.py took 0.107 seconds
[2026-03-29T12:12:00.767+0500] {processor.py:161} INFO - Started process (PID=1290) to work on /home/abayturar/airflow-project/venv/lib/python3.12/site-packages/airflow/example_dags/example_xcomargs.py
[2026-03-29T12:12:00.768+0500] {processor.py:830} INFO - Processing file /home/abayturar/airflow-project/venv/lib/python3.12/site-packages/airflow/example_dags/example_xcomargs.py for tasks to queue
[2026-03-29T12:12:00.770+0500] {logging_mixin.py:188} INFO - [2026-03-29T12:12:00.769+0500] {dagbag.py:545} INFO - Filling up the DagBag from /home/abayturar/airflow-project/venv/lib/python3.12/site-packages/airflow/example_dags/example_xcomargs.py
[2026-03-29T12:12:00.778+0500] {processor.py:840} INFO - DAG(s) 'example_xcom_args_with_operators', 'example_xcom_args' retrieved from /home/abayturar/airflow-project/venv/lib/python3.12/site-packages/airflow/example_dags/example_xcomargs.py
[2026-03-29T12:12:00.794+0500] {logging_mixin.py:188} INFO - [2026-03-29T12:12:00.794+0500] {dag.py:3089} INFO - Sync 2 DAGs
[2026-03-29T12:12:00.803+0500] {logging_mixin.py:188} INFO - [2026-03-29T12:12:00.803+0500] {dag.py:3947} INFO - Setting next_dagrun for example_xcom_args to None, run_after=None
[2026-03-29T12:12:00.805+0500] {logging_mixin.py:188} INFO - [2026-03-29T12:12:00.805+0500] {dag.py:3947} INFO - Setting next_dagrun for example_xcom_args_with_operators to None, run_after=None
[2026-03-29T12:12:00.857+0500] {processor.py:183} INFO - Processing /home/abayturar/airflow-project/venv/lib/python3.12/site-packages/airflow/example_dags/example_xcomargs.py took 0.096 seconds
[2026-03-29T12:12:54.155+0500] {processor.py:161} INFO - Started process (PID=1429) to work on /home/abayturar/airflow-project/venv/lib/python3.12/site-packages/airflow/example_dags/example_xcomargs.py
[2026-03-29T12:12:54.156+0500] {processor.py:830} INFO - Processing file /home/abayturar/airflow-project/venv/lib/python3.12/site-packages/airflow/example_dags/example_xcomargs.py for tasks to queue
[2026-03-29T12:12:54.157+0500] {logging_mixin.py:188} INFO - [2026-03-29T12:12:54.157+0500] {dagbag.py:545} INFO - Filling up the DagBag from /home/abayturar/airflow-project/venv/lib/python3.12/site-packages/airflow/example_dags/example_xcomargs.py
[2026-03-29T12:12:54.165+0500] {processor.py:840} INFO - DAG(s) 'example_xcom_args', 'example_xcom_args_with_operators' retrieved from /home/abayturar/airflow-project/venv/lib/python3.12/site-packages/airflow/example_dags/example_xcomargs.py
[2026-03-29T12:12:54.181+0500] {logging_mixin.py:188} INFO - [2026-03-29T12:12:54.181+0500] {dag.py:3089} INFO - Sync 2 DAGs
[2026-03-29T12:12:54.189+0500] {logging_mixin.py:188} INFO - [2026-03-29T12:12:54.189+0500] {dag.py:3947} INFO - Setting next_dagrun for example_xcom_args to None, run_after=None
[2026-03-29T12:12:54.191+0500] {logging_mixin.py:188} INFO - [2026-03-29T12:12:54.191+0500] {dag.py:3947} INFO - Setting next_dagrun for example_xcom_args_with_operators to None, run_after=None
[2026-03-29T12:12:54.205+0500] {processor.py:183} INFO - Processing /home/abayturar/airflow-project/venv/lib/python3.12/site-packages/airflow/example_dags/example_xcomargs.py took 0.055 seconds
[2026-03-29T12:13:42.212+0500] {processor.py:161} INFO - Started process (PID=1555) to work on /home/abayturar/airflow-project/venv/lib/python3.12/site-packages/airflow/example_dags/example_xcomargs.py
[2026-03-29T12:13:42.213+0500] {processor.py:830} INFO - Processing file /home/abayturar/airflow-project/venv/lib/python3.12/site-packages/airflow/example_dags/example_xcomargs.py for tasks to queue
[2026-03-29T12:13:42.215+0500] {logging_mixin.py:188} INFO - [2026-03-29T12:13:42.214+0500] {dagbag.py:545} INFO - Filling up the DagBag from /home/abayturar/airflow-project/venv/lib/python3.12/site-packages/airflow/example_dags/example_xcomargs.py
[2026-03-29T12:13:42.223+0500] {processor.py:840} INFO - DAG(s) 'example_xcom_args_with_operators', 'example_xcom_args' retrieved from /home/abayturar/airflow-project/venv/lib/python3.12/site-packages/airflow/example_dags/example_xcomargs.py
[2026-03-29T12:13:42.239+0500] {logging_mixin.py:188} INFO - [2026-03-29T12:13:42.239+0500] {dag.py:3089} INFO - Sync 2 DAGs
[2026-03-29T12:13:42.248+0500] {logging_mixin.py:188} INFO - [2026-03-29T12:13:42.248+0500] {dag.py:3947} INFO - Setting next_dagrun for example_xcom_args to None, run_after=None
[2026-03-29T12:13:42.250+0500] {logging_mixin.py:188} INFO - [2026-03-29T12:13:42.250+0500] {dag.py:3947} INFO - Setting next_dagrun for example_xcom_args_with_operators to None, run_after=None
[2026-03-29T12:13:42.307+0500] {processor.py:183} INFO - Processing /home/abayturar/airflow-project/venv/lib/python3.12/site-packages/airflow/example_dags/example_xcomargs.py took 0.101 seconds
[2026-03-29T12:14:35.088+0500] {processor.py:161} INFO - Started process (PID=1693) to work on /home/abayturar/airflow-project/venv/lib/python3.12/site-packages/airflow/example_dags/example_xcomargs.py
[2026-03-29T12:14:35.089+0500] {processor.py:830} INFO - Processing file /home/abayturar/airflow-project/venv/lib/python3.12/site-packages/airflow/example_dags/example_xcomargs.py for tasks to queue
[2026-03-29T12:14:35.090+0500] {logging_mixin.py:188} INFO - [2026-03-29T12:14:35.090+0500] {dagbag.py:545} INFO - Filling up the DagBag from /home/abayturar/airflow-project/venv/lib/python3.12/site-packages/airflow/example_dags/example_xcomargs.py
[2026-03-29T12:14:35.098+0500] {processor.py:840} INFO - DAG(s) 'example_xcom_args', 'example_xcom_args_with_operators' retrieved from /home/abayturar/airflow-project/venv/lib/python3.12/site-packages/airflow/example_dags/example_xcomargs.py
[2026-03-29T12:14:35.114+0500] {logging_mixin.py:188} INFO - [2026-03-29T12:14:35.114+0500] {dag.py:3089} INFO - Sync 2 DAGs
[2026-03-29T12:14:35.123+0500] {logging_mixin.py:188} INFO - [2026-03-29T12:14:35.123+0500] {dag.py:3947} INFO - Setting next_dagrun for example_xcom_args to None, run_after=None
[2026-03-29T12:14:35.125+0500] {logging_mixin.py:188} INFO - [2026-03-29T12:14:35.125+0500] {dag.py:3947} INFO - Setting next_dagrun for example_xcom_args_with_operators to None, run_after=None
[2026-03-29T12:14:35.262+0500] {processor.py:183} INFO - Processing /home/abayturar/airflow-project/venv/lib/python3.12/site-packages/airflow/example_dags/example_xcomargs.py took 0.180 seconds
[2026-03-29T12:15:28.887+0500] {processor.py:161} INFO - Started process (PID=1833) to work on /home/abayturar/airflow-project/venv/lib/python3.12/site-packages/airflow/example_dags/example_xcomargs.py
[2026-03-29T12:15:28.888+0500] {processor.py:830} INFO - Processing file /home/abayturar/airflow-project/venv/lib/python3.12/site-packages/airflow/example_dags/example_xcomargs.py for tasks to queue
[2026-03-29T12:15:28.890+0500] {logging_mixin.py:188} INFO - [2026-03-29T12:15:28.890+0500] {dagbag.py:545} INFO - Filling up the DagBag from /home/abayturar/airflow-project/venv/lib/python3.12/site-packages/airflow/example_dags/example_xcomargs.py
[2026-03-29T12:15:28.903+0500] {processor.py:840} INFO - DAG(s) 'example_xcom_args_with_operators', 'example_xcom_args' retrieved from /home/abayturar/airflow-project/venv/lib/python3.12/site-packages/airflow/example_dags/example_xcomargs.py
[2026-03-29T12:15:28.927+0500] {logging_mixin.py:188} INFO - [2026-03-29T12:15:28.926+0500] {dag.py:3089} INFO - Sync 2 DAGs
[2026-03-29T12:15:28.940+0500] {logging_mixin.py:188} INFO - [2026-03-29T12:15:28.940+0500] {dag.py:3947} INFO - Setting next_dagrun for example_xcom_args to None, run_after=None
[2026-03-29T12:15:28.944+0500] {logging_mixin.py:188} INFO - [2026-03-29T12:15:28.943+0500] {dag.py:3947} INFO - Setting next_dagrun for example_xcom_args_with_operators to None, run_after=None
[2026-03-29T12:15:29.002+0500] {processor.py:183} INFO - Processing /home/abayturar/airflow-project/venv/lib/python3.12/site-packages/airflow/example_dags/example_xcomargs.py took 0.124 seconds
[2026-03-29T12:16:22.339+0500] {processor.py:161} INFO - Started process (PID=1972) to work on /home/abayturar/airflow-project/venv/lib/python3.12/site-packages/airflow/example_dags/example_xcomargs.py
[2026-03-29T12:16:22.340+0500] {processor.py:830} INFO - Processing file /home/abayturar/airflow-project/venv/lib/python3.12/site-packages/airflow/example_dags/example_xcomargs.py for tasks to queue
[2026-03-29T12:16:22.342+0500] {logging_mixin.py:188} INFO - [2026-03-29T12:16:22.341+0500] {dagbag.py:545} INFO - Filling up the DagBag from /home/abayturar/airflow-project/venv/lib/python3.12/site-packages/airflow/example_dags/example_xcomargs.py
[2026-03-29T12:16:22.350+0500] {processor.py:840} INFO - DAG(s) 'example_xcom_args_with_operators', 'example_xcom_args' retrieved from /home/abayturar/airflow-project/venv/lib/python3.12/site-packages/airflow/example_dags/example_xcomargs.py
[2026-03-29T12:16:22.366+0500] {logging_mixin.py:188} INFO - [2026-03-29T12:16:22.365+0500] {dag.py:3089} INFO - Sync 2 DAGs
[2026-03-29T12:16:22.374+0500] {logging_mixin.py:188} INFO - [2026-03-29T12:16:22.374+0500] {dag.py:3947} INFO - Setting next_dagrun for example_xcom_args to None, run_after=None
[2026-03-29T12:16:22.376+0500] {logging_mixin.py:188} INFO - [2026-03-29T12:16:22.376+0500] {dag.py:3947} INFO - Setting next_dagrun for example_xcom_args_with_operators to None, run_after=None
[2026-03-29T12:16:22.389+0500] {processor.py:183} INFO - Processing /home/abayturar/airflow-project/venv/lib/python3.12/site-packages/airflow/example_dags/example_xcomargs.py took 0.055 seconds
[2026-03-29T12:17:14.066+0500] {processor.py:161} INFO - Started process (PID=2107) to work on /home/abayturar/airflow-project/venv/lib/python3.12/site-packages/airflow/example_dags/example_xcomargs.py
[2026-03-29T12:17:14.067+0500] {processor.py:830} INFO - Processing file /home/abayturar/airflow-project/venv/lib/python3.12/site-packages/airflow/example_dags/example_xcomargs.py for tasks to queue
[2026-03-29T12:17:14.069+0500] {logging_mixin.py:188} INFO - [2026-03-29T12:17:14.068+0500] {dagbag.py:545} INFO - Filling up the DagBag from /home/abayturar/airflow-project/venv/lib/python3.12/site-packages/airflow/example_dags/example_xcomargs.py
[2026-03-29T12:17:14.172+0500] {processor.py:840} INFO - DAG(s) 'example_xcom_args_with_operators', 'example_xcom_args' retrieved from /home/abayturar/airflow-project/venv/lib/python3.12/site-packages/airflow/example_dags/example_xcomargs.py
[2026-03-29T12:17:14.182+0500] {logging_mixin.py:188} INFO - [2026-03-29T12:17:14.182+0500] {dag.py:3089} INFO - Sync 2 DAGs
[2026-03-29T12:17:14.188+0500] {logging_mixin.py:188} INFO - [2026-03-29T12:17:14.188+0500] {dag.py:3947} INFO - Setting next_dagrun for example_xcom_args to None, run_after=None
[2026-03-29T12:17:14.190+0500] {logging_mixin.py:188} INFO - [2026-03-29T12:17:14.189+0500] {dag.py:3947} INFO - Setting next_dagrun for example_xcom_args_with_operators to None, run_after=None
[2026-03-29T12:17:14.201+0500] {processor.py:183} INFO - Processing /home/abayturar/airflow-project/venv/lib/python3.12/site-packages/airflow/example_dags/example_xcomargs.py took 0.140 seconds
[2026-03-29T12:18:08.905+0500] {processor.py:161} INFO - Started process (PID=2250) to work on /home/abayturar/airflow-project/venv/lib/python3.12/site-packages/airflow/example_dags/example_xcomargs.py
[2026-03-29T12:18:08.906+0500] {processor.py:830} INFO - Processing file /home/abayturar/airflow-project/venv/lib/python3.12/site-packages/airflow/example_dags/example_xcomargs.py for tasks to queue
[2026-03-29T12:18:08.908+0500] {logging_mixin.py:188} INFO - [2026-03-29T12:18:08.908+0500] {dagbag.py:545} INFO - Filling up the DagBag from /home/abayturar/airflow-project/venv/lib/python3.12/site-packages/airflow/example_dags/example_xcomargs.py
[2026-03-29T12:18:08.917+0500] {processor.py:840} INFO - DAG(s) 'example_xcom_args', 'example_xcom_args_with_operators' retrieved from /home/abayturar/airflow-project/venv/lib/python3.12/site-packages/airflow/example_dags/example_xcomargs.py
[2026-03-29T12:18:08.934+0500] {logging_mixin.py:188} INFO - [2026-03-29T12:18:08.933+0500] {dag.py:3089} INFO - Sync 2 DAGs
[2026-03-29T12:18:08.942+0500] {logging_mixin.py:188} INFO - [2026-03-29T12:18:08.942+0500] {dag.py:3947} INFO - Setting next_dagrun for example_xcom_args to None, run_after=None
[2026-03-29T12:18:08.944+0500] {logging_mixin.py:188} INFO - [2026-03-29T12:18:08.944+0500] {dag.py:3947} INFO - Setting next_dagrun for example_xcom_args_with_operators to None, run_after=None
[2026-03-29T12:18:08.997+0500] {processor.py:183} INFO - Processing /home/abayturar/airflow-project/venv/lib/python3.12/site-packages/airflow/example_dags/example_xcomargs.py took 0.098 seconds
[2026-03-29T12:18:58.783+0500] {processor.py:161} INFO - Started process (PID=2380) to work on /home/abayturar/airflow-project/venv/lib/python3.12/site-packages/airflow/example_dags/example_xcomargs.py
[2026-03-29T12:18:58.784+0500] {processor.py:830} INFO - Processing file /home/abayturar/airflow-project/venv/lib/python3.12/site-packages/airflow/example_dags/example_xcomargs.py for tasks to queue
[2026-03-29T12:18:58.786+0500] {logging_mixin.py:188} INFO - [2026-03-29T12:18:58.786+0500] {dagbag.py:545} INFO - Filling up the DagBag from /home/abayturar/airflow-project/venv/lib/python3.12/site-packages/airflow/example_dags/example_xcomargs.py
[2026-03-29T12:18:58.794+0500] {processor.py:840} INFO - DAG(s) 'example_xcom_args_with_operators', 'example_xcom_args' retrieved from /home/abayturar/airflow-project/venv/lib/python3.12/site-packages/airflow/example_dags/example_xcomargs.py
[2026-03-29T12:18:58.810+0500] {logging_mixin.py:188} INFO - [2026-03-29T12:18:58.810+0500] {dag.py:3089} INFO - Sync 2 DAGs
[2026-03-29T12:18:58.819+0500] {logging_mixin.py:188} INFO - [2026-03-29T12:18:58.819+0500] {dag.py:3947} INFO - Setting next_dagrun for example_xcom_args to None, run_after=None
[2026-03-29T12:18:58.821+0500] {logging_mixin.py:188} INFO - [2026-03-29T12:18:58.821+0500] {dag.py:3947} INFO - Setting next_dagrun for example_xcom_args_with_operators to None, run_after=None
[2026-03-29T12:18:58.874+0500] {processor.py:183} INFO - Processing /home/abayturar/airflow-project/venv/lib/python3.12/site-packages/airflow/example_dags/example_xcomargs.py took 0.097 seconds
[2026-03-29T12:19:48.408+0500] {processor.py:161} INFO - Started process (PID=2511) to work on /home/abayturar/airflow-project/venv/lib/python3.12/site-packages/airflow/example_dags/example_xcomargs.py
[2026-03-29T12:19:48.409+0500] {processor.py:830} INFO - Processing file /home/abayturar/airflow-project/venv/lib/python3.12/site-packages/airflow/example_dags/example_xcomargs.py for tasks to queue
[2026-03-29T12:19:48.411+0500] {logging_mixin.py:188} INFO - [2026-03-29T12:19:48.410+0500] {dagbag.py:545} INFO - Filling up the DagBag from /home/abayturar/airflow-project/venv/lib/python3.12/site-packages/airflow/example_dags/example_xcomargs.py
[2026-03-29T12:19:48.420+0500] {processor.py:840} INFO - DAG(s) 'example_xcom_args_with_operators', 'example_xcom_args' retrieved from /home/abayturar/airflow-project/venv/lib/python3.12/site-packages/airflow/example_dags/example_xcomargs.py
[2026-03-29T12:19:48.437+0500] {logging_mixin.py:188} INFO - [2026-03-29T12:19:48.437+0500] {dag.py:3089} INFO - Sync 2 DAGs
[2026-03-29T12:19:48.446+0500] {logging_mixin.py:188} INFO - [2026-03-29T12:19:48.446+0500] {dag.py:3947} INFO - Setting next_dagrun for example_xcom_args to None, run_after=None
[2026-03-29T12:19:48.448+0500] {logging_mixin.py:188} INFO - [2026-03-29T12:19:48.448+0500] {dag.py:3947} INFO - Setting next_dagrun for example_xcom_args_with_operators to None, run_after=None
[2026-03-29T12:19:48.502+0500] {processor.py:183} INFO - Processing /home/abayturar/airflow-project/venv/lib/python3.12/site-packages/airflow/example_dags/example_xcomargs.py took 0.100 seconds
[2026-03-29T12:20:42.891+0500] {processor.py:161} INFO - Started process (PID=2652) to work on /home/abayturar/airflow-project/venv/lib/python3.12/site-packages/airflow/example_dags/example_xcomargs.py
[2026-03-29T12:20:42.891+0500] {processor.py:830} INFO - Processing file /home/abayturar/airflow-project/venv/lib/python3.12/site-packages/airflow/example_dags/example_xcomargs.py for tasks to queue
[2026-03-29T12:20:42.893+0500] {logging_mixin.py:188} INFO - [2026-03-29T12:20:42.893+0500] {dagbag.py:545} INFO - Filling up the DagBag from /home/abayturar/airflow-project/venv/lib/python3.12/site-packages/airflow/example_dags/example_xcomargs.py
[2026-03-29T12:20:42.901+0500] {processor.py:840} INFO - DAG(s) 'example_xcom_args_with_operators', 'example_xcom_args' retrieved from /home/abayturar/airflow-project/venv/lib/python3.12/site-packages/airflow/example_dags/example_xcomargs.py
[2026-03-29T12:20:42.917+0500] {logging_mixin.py:188} INFO - [2026-03-29T12:20:42.917+0500] {dag.py:3089} INFO - Sync 2 DAGs
[2026-03-29T12:20:42.925+0500] {logging_mixin.py:188} INFO - [2026-03-29T12:20:42.925+0500] {dag.py:3947} INFO - Setting next_dagrun for example_xcom_args to None, run_after=None
[2026-03-29T12:20:42.927+0500] {logging_mixin.py:188} INFO - [2026-03-29T12:20:42.927+0500] {dag.py:3947} INFO - Setting next_dagrun for example_xcom_args_with_operators to None, run_after=None
[2026-03-29T12:20:42.980+0500] {processor.py:183} INFO - Processing /home/abayturar/airflow-project/venv/lib/python3.12/site-packages/airflow/example_dags/example_xcomargs.py took 0.096 seconds
[2026-03-29T12:21:36.564+0500] {processor.py:161} INFO - Started process (PID=2792) to work on /home/abayturar/airflow-project/venv/lib/python3.12/site-packages/airflow/example_dags/example_xcomargs.py
[2026-03-29T12:21:36.564+0500] {processor.py:830} INFO - Processing file /home/abayturar/airflow-project/venv/lib/python3.12/site-packages/airflow/example_dags/example_xcomargs.py for tasks to queue
[2026-03-29T12:21:36.566+0500] {logging_mixin.py:188} INFO - [2026-03-29T12:21:36.566+0500] {dagbag.py:545} INFO - Filling up the DagBag from /home/abayturar/airflow-project/venv/lib/python3.12/site-packages/airflow/example_dags/example_xcomargs.py
[2026-03-29T12:21:36.574+0500] {processor.py:840} INFO - DAG(s) 'example_xcom_args', 'example_xcom_args_with_operators' retrieved from /home/abayturar/airflow-project/venv/lib/python3.12/site-packages/airflow/example_dags/example_xcomargs.py
[2026-03-29T12:21:36.590+0500] {logging_mixin.py:188} INFO - [2026-03-29T12:21:36.590+0500] {dag.py:3089} INFO - Sync 2 DAGs
[2026-03-29T12:21:36.599+0500] {logging_mixin.py:188} INFO - [2026-03-29T12:21:36.599+0500] {dag.py:3947} INFO - Setting next_dagrun for example_xcom_args to None, run_after=None
[2026-03-29T12:21:36.601+0500] {logging_mixin.py:188} INFO - [2026-03-29T12:21:36.601+0500] {dag.py:3947} INFO - Setting next_dagrun for example_xcom_args_with_operators to None, run_after=None
[2026-03-29T12:21:36.655+0500] {processor.py:183} INFO - Processing /home/abayturar/airflow-project/venv/lib/python3.12/site-packages/airflow/example_dags/example_xcomargs.py took 0.097 seconds
[2026-03-29T12:22:26.133+0500] {processor.py:161} INFO - Started process (PID=3045) to work on /home/abayturar/airflow-project/venv/lib/python3.12/site-packages/airflow/example_dags/example_xcomargs.py
[2026-03-29T12:22:26.134+0500] {processor.py:830} INFO - Processing file /home/abayturar/airflow-project/venv/lib/python3.12/site-packages/airflow/example_dags/example_xcomargs.py for tasks to queue
[2026-03-29T12:22:26.136+0500] {logging_mixin.py:188} INFO - [2026-03-29T12:22:26.135+0500] {dagbag.py:545} INFO - Filling up the DagBag from /home/abayturar/airflow-project/venv/lib/python3.12/site-packages/airflow/example_dags/example_xcomargs.py
[2026-03-29T12:22:26.145+0500] {processor.py:840} INFO - DAG(s) 'example_xcom_args', 'example_xcom_args_with_operators' retrieved from /home/abayturar/airflow-project/venv/lib/python3.12/site-packages/airflow/example_dags/example_xcomargs.py
[2026-03-29T12:22:26.163+0500] {logging_mixin.py:188} INFO - [2026-03-29T12:22:26.163+0500] {dag.py:3089} INFO - Sync 2 DAGs
[2026-03-29T12:22:26.173+0500] {logging_mixin.py:188} INFO - [2026-03-29T12:22:26.173+0500] {dag.py:3947} INFO - Setting next_dagrun for example_xcom_args to None, run_after=None
[2026-03-29T12:22:26.176+0500] {logging_mixin.py:188} INFO - [2026-03-29T12:22:26.175+0500] {dag.py:3947} INFO - Setting next_dagrun for example_xcom_args_with_operators to None, run_after=None
[2026-03-29T12:22:26.230+0500] {processor.py:183} INFO - Processing /home/abayturar/airflow-project/venv/lib/python3.12/site-packages/airflow/example_dags/example_xcomargs.py took 0.103 seconds
[2026-03-29T12:23:20.067+0500] {processor.py:161} INFO - Started process (PID=3250) to work on /home/abayturar/airflow-project/venv/lib/python3.12/site-packages/airflow/example_dags/example_xcomargs.py
[2026-03-29T12:23:20.068+0500] {processor.py:830} INFO - Processing file /home/abayturar/airflow-project/venv/lib/python3.12/site-packages/airflow/example_dags/example_xcomargs.py for tasks to queue
[2026-03-29T12:23:20.070+0500] {logging_mixin.py:188} INFO - [2026-03-29T12:23:20.070+0500] {dagbag.py:545} INFO - Filling up the DagBag from /home/abayturar/airflow-project/venv/lib/python3.12/site-packages/airflow/example_dags/example_xcomargs.py
[2026-03-29T12:23:20.080+0500] {processor.py:840} INFO - DAG(s) 'example_xcom_args_with_operators', 'example_xcom_args' retrieved from /home/abayturar/airflow-project/venv/lib/python3.12/site-packages/airflow/example_dags/example_xcomargs.py
[2026-03-29T12:23:20.097+0500] {logging_mixin.py:188} INFO - [2026-03-29T12:23:20.097+0500] {dag.py:3089} INFO - Sync 2 DAGs
[2026-03-29T12:23:20.106+0500] {logging_mixin.py:188} INFO - [2026-03-29T12:23:20.106+0500] {dag.py:3947} INFO - Setting next_dagrun for example_xcom_args to None, run_after=None
[2026-03-29T12:23:20.109+0500] {logging_mixin.py:188} INFO - [2026-03-29T12:23:20.108+0500] {dag.py:3947} INFO - Setting next_dagrun for example_xcom_args_with_operators to None, run_after=None
[2026-03-29T12:23:20.163+0500] {processor.py:183} INFO - Processing /home/abayturar/airflow-project/venv/lib/python3.12/site-packages/airflow/example_dags/example_xcomargs.py took 0.105 seconds
[2026-03-29T12:24:11.929+0500] {processor.py:161} INFO - Started process (PID=3472) to work on /home/abayturar/airflow-project/venv/lib/python3.12/site-packages/airflow/example_dags/example_xcomargs.py
[2026-03-29T12:24:11.930+0500] {processor.py:830} INFO - Processing file /home/abayturar/airflow-project/venv/lib/python3.12/site-packages/airflow/example_dags/example_xcomargs.py for tasks to queue
[2026-03-29T12:24:11.932+0500] {logging_mixin.py:188} INFO - [2026-03-29T12:24:11.931+0500] {dagbag.py:545} INFO - Filling up the DagBag from /home/abayturar/airflow-project/venv/lib/python3.12/site-packages/airflow/example_dags/example_xcomargs.py
[2026-03-29T12:24:11.940+0500] {processor.py:840} INFO - DAG(s) 'example_xcom_args', 'example_xcom_args_with_operators' retrieved from /home/abayturar/airflow-project/venv/lib/python3.12/site-packages/airflow/example_dags/example_xcomargs.py
[2026-03-29T12:24:11.958+0500] {logging_mixin.py:188} INFO - [2026-03-29T12:24:11.958+0500] {dag.py:3089} INFO - Sync 2 DAGs
[2026-03-29T12:24:11.968+0500] {logging_mixin.py:188} INFO - [2026-03-29T12:24:11.968+0500] {dag.py:3947} INFO - Setting next_dagrun for example_xcom_args to None, run_after=None
[2026-03-29T12:24:11.971+0500] {logging_mixin.py:188} INFO - [2026-03-29T12:24:11.971+0500] {dag.py:3947} INFO - Setting next_dagrun for example_xcom_args_with_operators to None, run_after=None
[2026-03-29T12:24:12.024+0500] {processor.py:183} INFO - Processing /home/abayturar/airflow-project/venv/lib/python3.12/site-packages/airflow/example_dags/example_xcomargs.py took 0.102 seconds
[2026-03-29T12:25:05.639+0500] {processor.py:161} INFO - Started process (PID=3611) to work on /home/abayturar/airflow-project/venv/lib/python3.12/site-packages/airflow/example_dags/example_xcomargs.py
[2026-03-29T12:25:05.639+0500] {processor.py:830} INFO - Processing file /home/abayturar/airflow-project/venv/lib/python3.12/site-packages/airflow/example_dags/example_xcomargs.py for tasks to queue
[2026-03-29T12:25:05.641+0500] {logging_mixin.py:188} INFO - [2026-03-29T12:25:05.641+0500] {dagbag.py:545} INFO - Filling up the DagBag from /home/abayturar/airflow-project/venv/lib/python3.12/site-packages/airflow/example_dags/example_xcomargs.py
[2026-03-29T12:25:05.650+0500] {processor.py:840} INFO - DAG(s) 'example_xcom_args_with_operators', 'example_xcom_args' retrieved from /home/abayturar/airflow-project/venv/lib/python3.12/site-packages/airflow/example_dags/example_xcomargs.py
[2026-03-29T12:25:05.665+0500] {logging_mixin.py:188} INFO - [2026-03-29T12:25:05.665+0500] {dag.py:3089} INFO - Sync 2 DAGs
[2026-03-29T12:25:05.674+0500] {logging_mixin.py:188} INFO - [2026-03-29T12:25:05.674+0500] {dag.py:3947} INFO - Setting next_dagrun for example_xcom_args to None, run_after=None
[2026-03-29T12:25:05.676+0500] {logging_mixin.py:188} INFO - [2026-03-29T12:25:05.676+0500] {dag.py:3947} INFO - Setting next_dagrun for example_xcom_args_with_operators to None, run_after=None
[2026-03-29T12:25:05.728+0500] {processor.py:183} INFO - Processing /home/abayturar/airflow-project/venv/lib/python3.12/site-packages/airflow/example_dags/example_xcomargs.py took 0.095 seconds
[2026-03-29T12:25:57.424+0500] {processor.py:161} INFO - Started process (PID=3821) to work on /home/abayturar/airflow-project/venv/lib/python3.12/site-packages/airflow/example_dags/example_xcomargs.py
[2026-03-29T12:25:57.425+0500] {processor.py:830} INFO - Processing file /home/abayturar/airflow-project/venv/lib/python3.12/site-packages/airflow/example_dags/example_xcomargs.py for tasks to queue
[2026-03-29T12:25:57.427+0500] {logging_mixin.py:188} INFO - [2026-03-29T12:25:57.427+0500] {dagbag.py:545} INFO - Filling up the DagBag from /home/abayturar/airflow-project/venv/lib/python3.12/site-packages/airflow/example_dags/example_xcomargs.py
[2026-03-29T12:25:57.436+0500] {processor.py:840} INFO - DAG(s) 'example_xcom_args_with_operators', 'example_xcom_args' retrieved from /home/abayturar/airflow-project/venv/lib/python3.12/site-packages/airflow/example_dags/example_xcomargs.py
[2026-03-29T12:25:57.453+0500] {logging_mixin.py:188} INFO - [2026-03-29T12:25:57.452+0500] {dag.py:3089} INFO - Sync 2 DAGs
[2026-03-29T12:25:57.462+0500] {logging_mixin.py:188} INFO - [2026-03-29T12:25:57.461+0500] {dag.py:3947} INFO - Setting next_dagrun for example_xcom_args to None, run_after=None
[2026-03-29T12:25:57.464+0500] {logging_mixin.py:188} INFO - [2026-03-29T12:25:57.464+0500] {dag.py:3947} INFO - Setting next_dagrun for example_xcom_args_with_operators to None, run_after=None
[2026-03-29T12:25:57.517+0500] {processor.py:183} INFO - Processing /home/abayturar/airflow-project/venv/lib/python3.12/site-packages/airflow/example_dags/example_xcomargs.py took 0.100 seconds
[2026-03-29T12:26:46.151+0500] {processor.py:161} INFO - Started process (PID=4076) to work on /home/abayturar/airflow-project/venv/lib/python3.12/site-packages/airflow/example_dags/example_xcomargs.py
[2026-03-29T12:26:46.152+0500] {processor.py:830} INFO - Processing file /home/abayturar/airflow-project/venv/lib/python3.12/site-packages/airflow/example_dags/example_xcomargs.py for tasks to queue
[2026-03-29T12:26:46.155+0500] {logging_mixin.py:188} INFO - [2026-03-29T12:26:46.154+0500] {dagbag.py:545} INFO - Filling up the DagBag from /home/abayturar/airflow-project/venv/lib/python3.12/site-packages/airflow/example_dags/example_xcomargs.py
[2026-03-29T12:26:46.175+0500] {processor.py:840} INFO - DAG(s) 'example_xcom_args_with_operators', 'example_xcom_args' retrieved from /home/abayturar/airflow-project/venv/lib/python3.12/site-packages/airflow/example_dags/example_xcomargs.py
[2026-03-29T12:26:46.202+0500] {logging_mixin.py:188} INFO - [2026-03-29T12:26:46.202+0500] {dag.py:3089} INFO - Sync 2 DAGs
[2026-03-29T12:26:46.214+0500] {logging_mixin.py:188} INFO - [2026-03-29T12:26:46.213+0500] {dag.py:3947} INFO - Setting next_dagrun for example_xcom_args to None, run_after=None
[2026-03-29T12:26:46.216+0500] {logging_mixin.py:188} INFO - [2026-03-29T12:26:46.216+0500] {dag.py:3947} INFO - Setting next_dagrun for example_xcom_args_with_operators to None, run_after=None
[2026-03-29T12:26:46.260+0500] {processor.py:183} INFO - Processing /home/abayturar/airflow-project/venv/lib/python3.12/site-packages/airflow/example_dags/example_xcomargs.py took 0.119 seconds
[2026-03-29T12:27:35.352+0500] {processor.py:161} INFO - Started process (PID=4323) to work on /home/abayturar/airflow-project/venv/lib/python3.12/site-packages/airflow/example_dags/example_xcomargs.py
[2026-03-29T12:27:35.352+0500] {processor.py:830} INFO - Processing file /home/abayturar/airflow-project/venv/lib/python3.12/site-packages/airflow/example_dags/example_xcomargs.py for tasks to queue
[2026-03-29T12:27:35.354+0500] {logging_mixin.py:188} INFO - [2026-03-29T12:27:35.354+0500] {dagbag.py:545} INFO - Filling up the DagBag from /home/abayturar/airflow-project/venv/lib/python3.12/site-packages/airflow/example_dags/example_xcomargs.py
[2026-03-29T12:27:35.364+0500] {processor.py:840} INFO - DAG(s) 'example_xcom_args', 'example_xcom_args_with_operators' retrieved from /home/abayturar/airflow-project/venv/lib/python3.12/site-packages/airflow/example_dags/example_xcomargs.py
[2026-03-29T12:27:35.381+0500] {logging_mixin.py:188} INFO - [2026-03-29T12:27:35.381+0500] {dag.py:3089} INFO - Sync 2 DAGs
[2026-03-29T12:27:35.391+0500] {logging_mixin.py:188} INFO - [2026-03-29T12:27:35.390+0500] {dag.py:3947} INFO - Setting next_dagrun for example_xcom_args to None, run_after=None
[2026-03-29T12:27:35.393+0500] {logging_mixin.py:188} INFO - [2026-03-29T12:27:35.393+0500] {dag.py:3947} INFO - Setting next_dagrun for example_xcom_args_with_operators to None, run_after=None
[2026-03-29T12:27:35.407+0500] {processor.py:183} INFO - Processing /home/abayturar/airflow-project/venv/lib/python3.12/site-packages/airflow/example_dags/example_xcomargs.py took 0.063 seconds
[2026-03-29T12:28:24.825+0500] {processor.py:161} INFO - Started process (PID=4520) to work on /home/abayturar/airflow-project/venv/lib/python3.12/site-packages/airflow/example_dags/example_xcomargs.py
[2026-03-29T12:28:24.826+0500] {processor.py:830} INFO - Processing file /home/abayturar/airflow-project/venv/lib/python3.12/site-packages/airflow/example_dags/example_xcomargs.py for tasks to queue
[2026-03-29T12:28:24.828+0500] {logging_mixin.py:188} INFO - [2026-03-29T12:28:24.828+0500] {dagbag.py:545} INFO - Filling up the DagBag from /home/abayturar/airflow-project/venv/lib/python3.12/site-packages/airflow/example_dags/example_xcomargs.py
[2026-03-29T12:28:24.839+0500] {processor.py:840} INFO - DAG(s) 'example_xcom_args', 'example_xcom_args_with_operators' retrieved from /home/abayturar/airflow-project/venv/lib/python3.12/site-packages/airflow/example_dags/example_xcomargs.py
[2026-03-29T12:28:24.859+0500] {logging_mixin.py:188} INFO - [2026-03-29T12:28:24.858+0500] {dag.py:3089} INFO - Sync 2 DAGs
[2026-03-29T12:28:24.871+0500] {logging_mixin.py:188} INFO - [2026-03-29T12:28:24.871+0500] {dag.py:3947} INFO - Setting next_dagrun for example_xcom_args to None, run_after=None
[2026-03-29T12:28:24.874+0500] {logging_mixin.py:188} INFO - [2026-03-29T12:28:24.874+0500] {dag.py:3947} INFO - Setting next_dagrun for example_xcom_args_with_operators to None, run_after=None
[2026-03-29T12:28:24.894+0500] {processor.py:183} INFO - Processing /home/abayturar/airflow-project/venv/lib/python3.12/site-packages/airflow/example_dags/example_xcomargs.py took 0.076 seconds
[2026-03-29T12:29:12.244+0500] {processor.py:161} INFO - Started process (PID=4645) to work on /home/abayturar/airflow-project/venv/lib/python3.12/site-packages/airflow/example_dags/example_xcomargs.py
[2026-03-29T12:29:12.245+0500] {processor.py:830} INFO - Processing file /home/abayturar/airflow-project/venv/lib/python3.12/site-packages/airflow/example_dags/example_xcomargs.py for tasks to queue
[2026-03-29T12:29:12.247+0500] {logging_mixin.py:188} INFO - [2026-03-29T12:29:12.247+0500] {dagbag.py:545} INFO - Filling up the DagBag from /home/abayturar/airflow-project/venv/lib/python3.12/site-packages/airflow/example_dags/example_xcomargs.py
[2026-03-29T12:29:12.257+0500] {processor.py:840} INFO - DAG(s) 'example_xcom_args', 'example_xcom_args_with_operators' retrieved from /home/abayturar/airflow-project/venv/lib/python3.12/site-packages/airflow/example_dags/example_xcomargs.py
[2026-03-29T12:29:12.276+0500] {logging_mixin.py:188} INFO - [2026-03-29T12:29:12.276+0500] {dag.py:3089} INFO - Sync 2 DAGs
[2026-03-29T12:29:12.287+0500] {logging_mixin.py:188} INFO - [2026-03-29T12:29:12.286+0500] {dag.py:3947} INFO - Setting next_dagrun for example_xcom_args to None, run_after=None
[2026-03-29T12:29:12.289+0500] {logging_mixin.py:188} INFO - [2026-03-29T12:29:12.289+0500] {dag.py:3947} INFO - Setting next_dagrun for example_xcom_args_with_operators to None, run_after=None
[2026-03-29T12:29:12.306+0500] {processor.py:183} INFO - Processing /home/abayturar/airflow-project/venv/lib/python3.12/site-packages/airflow/example_dags/example_xcomargs.py took 0.069 seconds
[2026-03-29T12:30:00.607+0500] {processor.py:161} INFO - Started process (PID=4936) to work on /home/abayturar/airflow-project/venv/lib/python3.12/site-packages/airflow/example_dags/example_xcomargs.py
[2026-03-29T12:30:00.608+0500] {processor.py:830} INFO - Processing file /home/abayturar/airflow-project/venv/lib/python3.12/site-packages/airflow/example_dags/example_xcomargs.py for tasks to queue
[2026-03-29T12:30:00.610+0500] {logging_mixin.py:188} INFO - [2026-03-29T12:30:00.610+0500] {dagbag.py:545} INFO - Filling up the DagBag from /home/abayturar/airflow-project/venv/lib/python3.12/site-packages/airflow/example_dags/example_xcomargs.py
[2026-03-29T12:30:00.620+0500] {processor.py:840} INFO - DAG(s) 'example_xcom_args_with_operators', 'example_xcom_args' retrieved from /home/abayturar/airflow-project/venv/lib/python3.12/site-packages/airflow/example_dags/example_xcomargs.py
[2026-03-29T12:30:00.640+0500] {logging_mixin.py:188} INFO - [2026-03-29T12:30:00.639+0500] {dag.py:3089} INFO - Sync 2 DAGs
[2026-03-29T12:30:00.651+0500] {logging_mixin.py:188} INFO - [2026-03-29T12:30:00.650+0500] {dag.py:3947} INFO - Setting next_dagrun for example_xcom_args to None, run_after=None
[2026-03-29T12:30:00.653+0500] {logging_mixin.py:188} INFO - [2026-03-29T12:30:00.653+0500] {dag.py:3947} INFO - Setting next_dagrun for example_xcom_args_with_operators to None, run_after=None
[2026-03-29T12:30:00.708+0500] {processor.py:183} INFO - Processing /home/abayturar/airflow-project/venv/lib/python3.12/site-packages/airflow/example_dags/example_xcomargs.py took 0.110 seconds
[2026-03-29T12:30:51.354+0500] {processor.py:161} INFO - Started process (PID=5143) to work on /home/abayturar/airflow-project/venv/lib/python3.12/site-packages/airflow/example_dags/example_xcomargs.py
[2026-03-29T12:30:51.355+0500] {processor.py:830} INFO - Processing file /home/abayturar/airflow-project/venv/lib/python3.12/site-packages/airflow/example_dags/example_xcomargs.py for tasks to queue
[2026-03-29T12:30:51.356+0500] {logging_mixin.py:188} INFO - [2026-03-29T12:30:51.356+0500] {dagbag.py:545} INFO - Filling up the DagBag from /home/abayturar/airflow-project/venv/lib/python3.12/site-packages/airflow/example_dags/example_xcomargs.py
[2026-03-29T12:30:51.365+0500] {processor.py:840} INFO - DAG(s) 'example_xcom_args_with_operators', 'example_xcom_args' retrieved from /home/abayturar/airflow-project/venv/lib/python3.12/site-packages/airflow/example_dags/example_xcomargs.py
[2026-03-29T12:30:51.381+0500] {logging_mixin.py:188} INFO - [2026-03-29T12:30:51.381+0500] {dag.py:3089} INFO - Sync 2 DAGs
[2026-03-29T12:30:51.390+0500] {logging_mixin.py:188} INFO - [2026-03-29T12:30:51.390+0500] {dag.py:3947} INFO - Setting next_dagrun for example_xcom_args to None, run_after=None
[2026-03-29T12:30:51.392+0500] {logging_mixin.py:188} INFO - [2026-03-29T12:30:51.392+0500] {dag.py:3947} INFO - Setting next_dagrun for example_xcom_args_with_operators to None, run_after=None
[2026-03-29T12:30:51.444+0500] {processor.py:183} INFO - Processing /home/abayturar/airflow-project/venv/lib/python3.12/site-packages/airflow/example_dags/example_xcomargs.py took 0.096 seconds
[2026-03-29T12:31:39.352+0500] {processor.py:161} INFO - Started process (PID=5412) to work on /home/abayturar/airflow-project/venv/lib/python3.12/site-packages/airflow/example_dags/example_xcomargs.py
[2026-03-29T12:31:39.353+0500] {processor.py:830} INFO - Processing file /home/abayturar/airflow-project/venv/lib/python3.12/site-packages/airflow/example_dags/example_xcomargs.py for tasks to queue
[2026-03-29T12:31:39.355+0500] {logging_mixin.py:188} INFO - [2026-03-29T12:31:39.354+0500] {dagbag.py:545} INFO - Filling up the DagBag from /home/abayturar/airflow-project/venv/lib/python3.12/site-packages/airflow/example_dags/example_xcomargs.py
[2026-03-29T12:31:39.363+0500] {processor.py:840} INFO - DAG(s) 'example_xcom_args', 'example_xcom_args_with_operators' retrieved from /home/abayturar/airflow-project/venv/lib/python3.12/site-packages/airflow/example_dags/example_xcomargs.py
[2026-03-29T12:31:39.380+0500] {logging_mixin.py:188} INFO - [2026-03-29T12:31:39.380+0500] {dag.py:3089} INFO - Sync 2 DAGs
[2026-03-29T12:31:39.389+0500] {logging_mixin.py:188} INFO - [2026-03-29T12:31:39.389+0500] {dag.py:3947} INFO - Setting next_dagrun for example_xcom_args to None, run_after=None
[2026-03-29T12:31:39.392+0500] {logging_mixin.py:188} INFO - [2026-03-29T12:31:39.392+0500] {dag.py:3947} INFO - Setting next_dagrun for example_xcom_args_with_operators to None, run_after=None
[2026-03-29T12:31:39.408+0500] {processor.py:183} INFO - Processing /home/abayturar/airflow-project/venv/lib/python3.12/site-packages/airflow/example_dags/example_xcomargs.py took 0.062 seconds
[2026-03-29T12:32:27.393+0500] {processor.py:161} INFO - Started process (PID=5962) to work on /home/abayturar/airflow-project/venv/lib/python3.12/site-packages/airflow/example_dags/example_xcomargs.py
[2026-03-29T12:32:27.394+0500] {processor.py:830} INFO - Processing file /home/abayturar/airflow-project/venv/lib/python3.12/site-packages/airflow/example_dags/example_xcomargs.py for tasks to queue
[2026-03-29T12:32:27.396+0500] {logging_mixin.py:188} INFO - [2026-03-29T12:32:27.395+0500] {dagbag.py:545} INFO - Filling up the DagBag from /home/abayturar/airflow-project/venv/lib/python3.12/site-packages/airflow/example_dags/example_xcomargs.py
[2026-03-29T12:32:27.409+0500] {processor.py:840} INFO - DAG(s) 'example_xcom_args', 'example_xcom_args_with_operators' retrieved from /home/abayturar/airflow-project/venv/lib/python3.12/site-packages/airflow/example_dags/example_xcomargs.py
[2026-03-29T12:32:27.430+0500] {logging_mixin.py:188} INFO - [2026-03-29T12:32:27.430+0500] {dag.py:3089} INFO - Sync 2 DAGs
[2026-03-29T12:32:27.443+0500] {logging_mixin.py:188} INFO - [2026-03-29T12:32:27.442+0500] {dag.py:3947} INFO - Setting next_dagrun for example_xcom_args to None, run_after=None
[2026-03-29T12:32:27.445+0500] {logging_mixin.py:188} INFO - [2026-03-29T12:32:27.445+0500] {dag.py:3947} INFO - Setting next_dagrun for example_xcom_args_with_operators to None, run_after=None
[2026-03-29T12:32:27.503+0500] {processor.py:183} INFO - Processing /home/abayturar/airflow-project/venv/lib/python3.12/site-packages/airflow/example_dags/example_xcomargs.py took 0.118 seconds
[2026-03-29T12:33:16.240+0500] {processor.py:161} INFO - Started process (PID=6138) to work on /home/abayturar/airflow-project/venv/lib/python3.12/site-packages/airflow/example_dags/example_xcomargs.py
[2026-03-29T12:33:16.242+0500] {processor.py:830} INFO - Processing file /home/abayturar/airflow-project/venv/lib/python3.12/site-packages/airflow/example_dags/example_xcomargs.py for tasks to queue
[2026-03-29T12:33:16.244+0500] {logging_mixin.py:188} INFO - [2026-03-29T12:33:16.244+0500] {dagbag.py:545} INFO - Filling up the DagBag from /home/abayturar/airflow-project/venv/lib/python3.12/site-packages/airflow/example_dags/example_xcomargs.py
[2026-03-29T12:33:16.255+0500] {processor.py:840} INFO - DAG(s) 'example_xcom_args', 'example_xcom_args_with_operators' retrieved from /home/abayturar/airflow-project/venv/lib/python3.12/site-packages/airflow/example_dags/example_xcomargs.py
[2026-03-29T12:33:16.275+0500] {logging_mixin.py:188} INFO - [2026-03-29T12:33:16.275+0500] {dag.py:3089} INFO - Sync 2 DAGs
[2026-03-29T12:33:16.286+0500] {logging_mixin.py:188} INFO - [2026-03-29T12:33:16.286+0500] {dag.py:3947} INFO - Setting next_dagrun for example_xcom_args to None, run_after=None
[2026-03-29T12:33:16.290+0500] {logging_mixin.py:188} INFO - [2026-03-29T12:33:16.290+0500] {dag.py:3947} INFO - Setting next_dagrun for example_xcom_args_with_operators to None, run_after=None
[2026-03-29T12:33:16.316+0500] {processor.py:183} INFO - Processing /home/abayturar/airflow-project/venv/lib/python3.12/site-packages/airflow/example_dags/example_xcomargs.py took 0.085 seconds
[2026-03-29T12:34:04.522+0500] {processor.py:161} INFO - Started process (PID=6276) to work on /home/abayturar/airflow-project/venv/lib/python3.12/site-packages/airflow/example_dags/example_xcomargs.py
[2026-03-29T12:34:04.523+0500] {processor.py:830} INFO - Processing file /home/abayturar/airflow-project/venv/lib/python3.12/site-packages/airflow/example_dags/example_xcomargs.py for tasks to queue
[2026-03-29T12:34:04.525+0500] {logging_mixin.py:188} INFO - [2026-03-29T12:34:04.524+0500] {dagbag.py:545} INFO - Filling up the DagBag from /home/abayturar/airflow-project/venv/lib/python3.12/site-packages/airflow/example_dags/example_xcomargs.py
[2026-03-29T12:34:04.534+0500] {processor.py:840} INFO - DAG(s) 'example_xcom_args', 'example_xcom_args_with_operators' retrieved from /home/abayturar/airflow-project/venv/lib/python3.12/site-packages/airflow/example_dags/example_xcomargs.py
[2026-03-29T12:34:04.551+0500] {logging_mixin.py:188} INFO - [2026-03-29T12:34:04.551+0500] {dag.py:3089} INFO - Sync 2 DAGs
[2026-03-29T12:34:04.560+0500] {logging_mixin.py:188} INFO - [2026-03-29T12:34:04.560+0500] {dag.py:3947} INFO - Setting next_dagrun for example_xcom_args to None, run_after=None
[2026-03-29T12:34:04.562+0500] {logging_mixin.py:188} INFO - [2026-03-29T12:34:04.562+0500] {dag.py:3947} INFO - Setting next_dagrun for example_xcom_args_with_operators to None, run_after=None
[2026-03-29T12:34:04.614+0500] {processor.py:183} INFO - Processing /home/abayturar/airflow-project/venv/lib/python3.12/site-packages/airflow/example_dags/example_xcomargs.py took 0.099 seconds
[2026-03-29T12:34:52.742+0500] {processor.py:161} INFO - Started process (PID=6406) to work on /home/abayturar/airflow-project/venv/lib/python3.12/site-packages/airflow/example_dags/example_xcomargs.py
[2026-03-29T12:34:52.743+0500] {processor.py:830} INFO - Processing file /home/abayturar/airflow-project/venv/lib/python3.12/site-packages/airflow/example_dags/example_xcomargs.py for tasks to queue
[2026-03-29T12:34:52.745+0500] {logging_mixin.py:188} INFO - [2026-03-29T12:34:52.744+0500] {dagbag.py:545} INFO - Filling up the DagBag from /home/abayturar/airflow-project/venv/lib/python3.12/site-packages/airflow/example_dags/example_xcomargs.py
[2026-03-29T12:34:52.754+0500] {processor.py:840} INFO - DAG(s) 'example_xcom_args_with_operators', 'example_xcom_args' retrieved from /home/abayturar/airflow-project/venv/lib/python3.12/site-packages/airflow/example_dags/example_xcomargs.py
[2026-03-29T12:34:52.772+0500] {logging_mixin.py:188} INFO - [2026-03-29T12:34:52.772+0500] {dag.py:3089} INFO - Sync 2 DAGs
[2026-03-29T12:34:52.781+0500] {logging_mixin.py:188} INFO - [2026-03-29T12:34:52.781+0500] {dag.py:3947} INFO - Setting next_dagrun for example_xcom_args to None, run_after=None
[2026-03-29T12:34:52.784+0500] {logging_mixin.py:188} INFO - [2026-03-29T12:34:52.784+0500] {dag.py:3947} INFO - Setting next_dagrun for example_xcom_args_with_operators to None, run_after=None
[2026-03-29T12:34:52.838+0500] {processor.py:183} INFO - Processing /home/abayturar/airflow-project/venv/lib/python3.12/site-packages/airflow/example_dags/example_xcomargs.py took 0.103 seconds
[2026-03-29T12:35:42.401+0500] {processor.py:161} INFO - Started process (PID=6536) to work on /home/abayturar/airflow-project/venv/lib/python3.12/site-packages/airflow/example_dags/example_xcomargs.py
[2026-03-29T12:35:42.402+0500] {processor.py:830} INFO - Processing file /home/abayturar/airflow-project/venv/lib/python3.12/site-packages/airflow/example_dags/example_xcomargs.py for tasks to queue
[2026-03-29T12:35:42.404+0500] {logging_mixin.py:188} INFO - [2026-03-29T12:35:42.404+0500] {dagbag.py:545} INFO - Filling up the DagBag from /home/abayturar/airflow-project/venv/lib/python3.12/site-packages/airflow/example_dags/example_xcomargs.py
[2026-03-29T12:35:42.412+0500] {processor.py:840} INFO - DAG(s) 'example_xcom_args', 'example_xcom_args_with_operators' retrieved from /home/abayturar/airflow-project/venv/lib/python3.12/site-packages/airflow/example_dags/example_xcomargs.py
[2026-03-29T12:35:42.429+0500] {logging_mixin.py:188} INFO - [2026-03-29T12:35:42.429+0500] {dag.py:3089} INFO - Sync 2 DAGs
[2026-03-29T12:35:42.438+0500] {logging_mixin.py:188} INFO - [2026-03-29T12:35:42.437+0500] {dag.py:3947} INFO - Setting next_dagrun for example_xcom_args to None, run_after=None
[2026-03-29T12:35:42.440+0500] {logging_mixin.py:188} INFO - [2026-03-29T12:35:42.440+0500] {dag.py:3947} INFO - Setting next_dagrun for example_xcom_args_with_operators to None, run_after=None
[2026-03-29T12:35:42.492+0500] {processor.py:183} INFO - Processing /home/abayturar/airflow-project/venv/lib/python3.12/site-packages/airflow/example_dags/example_xcomargs.py took 0.097 seconds
[2026-03-29T12:36:32.069+0500] {processor.py:161} INFO - Started process (PID=6666) to work on /home/abayturar/airflow-project/venv/lib/python3.12/site-packages/airflow/example_dags/example_xcomargs.py
[2026-03-29T12:36:32.070+0500] {processor.py:830} INFO - Processing file /home/abayturar/airflow-project/venv/lib/python3.12/site-packages/airflow/example_dags/example_xcomargs.py for tasks to queue
[2026-03-29T12:36:32.072+0500] {logging_mixin.py:188} INFO - [2026-03-29T12:36:32.072+0500] {dagbag.py:545} INFO - Filling up the DagBag from /home/abayturar/airflow-project/venv/lib/python3.12/site-packages/airflow/example_dags/example_xcomargs.py
[2026-03-29T12:36:32.082+0500] {processor.py:840} INFO - DAG(s) 'example_xcom_args', 'example_xcom_args_with_operators' retrieved from /home/abayturar/airflow-project/venv/lib/python3.12/site-packages/airflow/example_dags/example_xcomargs.py
[2026-03-29T12:36:32.101+0500] {logging_mixin.py:188} INFO - [2026-03-29T12:36:32.100+0500] {dag.py:3089} INFO - Sync 2 DAGs
[2026-03-29T12:36:32.111+0500] {logging_mixin.py:188} INFO - [2026-03-29T12:36:32.111+0500] {dag.py:3947} INFO - Setting next_dagrun for example_xcom_args to None, run_after=None
[2026-03-29T12:36:32.113+0500] {logging_mixin.py:188} INFO - [2026-03-29T12:36:32.113+0500] {dag.py:3947} INFO - Setting next_dagrun for example_xcom_args_with_operators to None, run_after=None
[2026-03-29T12:36:32.167+0500] {processor.py:183} INFO - Processing /home/abayturar/airflow-project/venv/lib/python3.12/site-packages/airflow/example_dags/example_xcomargs.py took 0.104 seconds
[2026-03-29T12:37:20.774+0500] {processor.py:161} INFO - Started process (PID=6797) to work on /home/abayturar/airflow-project/venv/lib/python3.12/site-packages/airflow/example_dags/example_xcomargs.py
[2026-03-29T12:37:20.775+0500] {processor.py:830} INFO - Processing file /home/abayturar/airflow-project/venv/lib/python3.12/site-packages/airflow/example_dags/example_xcomargs.py for tasks to queue
[2026-03-29T12:37:20.777+0500] {logging_mixin.py:188} INFO - [2026-03-29T12:37:20.776+0500] {dagbag.py:545} INFO - Filling up the DagBag from /home/abayturar/airflow-project/venv/lib/python3.12/site-packages/airflow/example_dags/example_xcomargs.py
[2026-03-29T12:37:20.787+0500] {processor.py:840} INFO - DAG(s) 'example_xcom_args_with_operators', 'example_xcom_args' retrieved from /home/abayturar/airflow-project/venv/lib/python3.12/site-packages/airflow/example_dags/example_xcomargs.py
[2026-03-29T12:37:20.804+0500] {logging_mixin.py:188} INFO - [2026-03-29T12:37:20.804+0500] {dag.py:3089} INFO - Sync 2 DAGs
[2026-03-29T12:37:20.814+0500] {logging_mixin.py:188} INFO - [2026-03-29T12:37:20.814+0500] {dag.py:3947} INFO - Setting next_dagrun for example_xcom_args to None, run_after=None
[2026-03-29T12:37:20.816+0500] {logging_mixin.py:188} INFO - [2026-03-29T12:37:20.816+0500] {dag.py:3947} INFO - Setting next_dagrun for example_xcom_args_with_operators to None, run_after=None
[2026-03-29T12:37:20.873+0500] {processor.py:183} INFO - Processing /home/abayturar/airflow-project/venv/lib/python3.12/site-packages/airflow/example_dags/example_xcomargs.py took 0.106 seconds
[2026-03-29T12:38:11.780+0500] {processor.py:161} INFO - Started process (PID=6932) to work on /home/abayturar/airflow-project/venv/lib/python3.12/site-packages/airflow/example_dags/example_xcomargs.py
[2026-03-29T12:38:11.781+0500] {processor.py:830} INFO - Processing file /home/abayturar/airflow-project/venv/lib/python3.12/site-packages/airflow/example_dags/example_xcomargs.py for tasks to queue
[2026-03-29T12:38:11.784+0500] {logging_mixin.py:188} INFO - [2026-03-29T12:38:11.783+0500] {dagbag.py:545} INFO - Filling up the DagBag from /home/abayturar/airflow-project/venv/lib/python3.12/site-packages/airflow/example_dags/example_xcomargs.py
[2026-03-29T12:38:11.792+0500] {processor.py:840} INFO - DAG(s) 'example_xcom_args_with_operators', 'example_xcom_args' retrieved from /home/abayturar/airflow-project/venv/lib/python3.12/site-packages/airflow/example_dags/example_xcomargs.py
[2026-03-29T12:38:11.808+0500] {logging_mixin.py:188} INFO - [2026-03-29T12:38:11.808+0500] {dag.py:3089} INFO - Sync 2 DAGs
[2026-03-29T12:38:11.817+0500] {logging_mixin.py:188} INFO - [2026-03-29T12:38:11.817+0500] {dag.py:3947} INFO - Setting next_dagrun for example_xcom_args to None, run_after=None
[2026-03-29T12:38:11.819+0500] {logging_mixin.py:188} INFO - [2026-03-29T12:38:11.819+0500] {dag.py:3947} INFO - Setting next_dagrun for example_xcom_args_with_operators to None, run_after=None
[2026-03-29T12:38:11.873+0500] {processor.py:183} INFO - Processing /home/abayturar/airflow-project/venv/lib/python3.12/site-packages/airflow/example_dags/example_xcomargs.py took 0.099 seconds
[2026-03-29T12:39:03.690+0500] {processor.py:161} INFO - Started process (PID=7065) to work on /home/abayturar/airflow-project/venv/lib/python3.12/site-packages/airflow/example_dags/example_xcomargs.py
[2026-03-29T12:39:03.691+0500] {processor.py:830} INFO - Processing file /home/abayturar/airflow-project/venv/lib/python3.12/site-packages/airflow/example_dags/example_xcomargs.py for tasks to queue
[2026-03-29T12:39:03.692+0500] {logging_mixin.py:188} INFO - [2026-03-29T12:39:03.692+0500] {dagbag.py:545} INFO - Filling up the DagBag from /home/abayturar/airflow-project/venv/lib/python3.12/site-packages/airflow/example_dags/example_xcomargs.py
[2026-03-29T12:39:03.701+0500] {processor.py:840} INFO - DAG(s) 'example_xcom_args', 'example_xcom_args_with_operators' retrieved from /home/abayturar/airflow-project/venv/lib/python3.12/site-packages/airflow/example_dags/example_xcomargs.py
[2026-03-29T12:39:03.718+0500] {logging_mixin.py:188} INFO - [2026-03-29T12:39:03.718+0500] {dag.py:3089} INFO - Sync 2 DAGs
[2026-03-29T12:39:03.726+0500] {logging_mixin.py:188} INFO - [2026-03-29T12:39:03.726+0500] {dag.py:3947} INFO - Setting next_dagrun for example_xcom_args to None, run_after=None
[2026-03-29T12:39:03.729+0500] {logging_mixin.py:188} INFO - [2026-03-29T12:39:03.728+0500] {dag.py:3947} INFO - Setting next_dagrun for example_xcom_args_with_operators to None, run_after=None
[2026-03-29T12:39:03.782+0500] {processor.py:183} INFO - Processing /home/abayturar/airflow-project/venv/lib/python3.12/site-packages/airflow/example_dags/example_xcomargs.py took 0.098 seconds
[2026-03-29T12:39:55.601+0500] {processor.py:161} INFO - Started process (PID=7229) to work on /home/abayturar/airflow-project/venv/lib/python3.12/site-packages/airflow/example_dags/example_xcomargs.py
[2026-03-29T12:39:55.602+0500] {processor.py:830} INFO - Processing file /home/abayturar/airflow-project/venv/lib/python3.12/site-packages/airflow/example_dags/example_xcomargs.py for tasks to queue
[2026-03-29T12:39:55.605+0500] {logging_mixin.py:188} INFO - [2026-03-29T12:39:55.604+0500] {dagbag.py:545} INFO - Filling up the DagBag from /home/abayturar/airflow-project/venv/lib/python3.12/site-packages/airflow/example_dags/example_xcomargs.py
[2026-03-29T12:39:55.614+0500] {processor.py:840} INFO - DAG(s) 'example_xcom_args', 'example_xcom_args_with_operators' retrieved from /home/abayturar/airflow-project/venv/lib/python3.12/site-packages/airflow/example_dags/example_xcomargs.py
[2026-03-29T12:39:55.633+0500] {logging_mixin.py:188} INFO - [2026-03-29T12:39:55.632+0500] {dag.py:3089} INFO - Sync 2 DAGs
[2026-03-29T12:39:55.642+0500] {logging_mixin.py:188} INFO - [2026-03-29T12:39:55.642+0500] {dag.py:3947} INFO - Setting next_dagrun for example_xcom_args to None, run_after=None
[2026-03-29T12:39:55.645+0500] {logging_mixin.py:188} INFO - [2026-03-29T12:39:55.645+0500] {dag.py:3947} INFO - Setting next_dagrun for example_xcom_args_with_operators to None, run_after=None
[2026-03-29T12:39:55.700+0500] {processor.py:183} INFO - Processing /home/abayturar/airflow-project/venv/lib/python3.12/site-packages/airflow/example_dags/example_xcomargs.py took 0.105 seconds
[2026-03-29T12:40:45.350+0500] {processor.py:161} INFO - Started process (PID=7359) to work on /home/abayturar/airflow-project/venv/lib/python3.12/site-packages/airflow/example_dags/example_xcomargs.py
[2026-03-29T12:40:45.351+0500] {processor.py:830} INFO - Processing file /home/abayturar/airflow-project/venv/lib/python3.12/site-packages/airflow/example_dags/example_xcomargs.py for tasks to queue
[2026-03-29T12:40:45.353+0500] {logging_mixin.py:188} INFO - [2026-03-29T12:40:45.352+0500] {dagbag.py:545} INFO - Filling up the DagBag from /home/abayturar/airflow-project/venv/lib/python3.12/site-packages/airflow/example_dags/example_xcomargs.py
[2026-03-29T12:40:45.361+0500] {processor.py:840} INFO - DAG(s) 'example_xcom_args', 'example_xcom_args_with_operators' retrieved from /home/abayturar/airflow-project/venv/lib/python3.12/site-packages/airflow/example_dags/example_xcomargs.py
[2026-03-29T12:40:45.377+0500] {logging_mixin.py:188} INFO - [2026-03-29T12:40:45.377+0500] {dag.py:3089} INFO - Sync 2 DAGs
[2026-03-29T12:40:45.386+0500] {logging_mixin.py:188} INFO - [2026-03-29T12:40:45.386+0500] {dag.py:3947} INFO - Setting next_dagrun for example_xcom_args to None, run_after=None
[2026-03-29T12:40:45.388+0500] {logging_mixin.py:188} INFO - [2026-03-29T12:40:45.387+0500] {dag.py:3947} INFO - Setting next_dagrun for example_xcom_args_with_operators to None, run_after=None
[2026-03-29T12:40:45.439+0500] {processor.py:183} INFO - Processing /home/abayturar/airflow-project/venv/lib/python3.12/site-packages/airflow/example_dags/example_xcomargs.py took 0.095 seconds
[2026-03-29T12:41:37.223+0500] {processor.py:161} INFO - Started process (PID=7518) to work on /home/abayturar/airflow-project/venv/lib/python3.12/site-packages/airflow/example_dags/example_xcomargs.py
[2026-03-29T12:41:37.225+0500] {processor.py:830} INFO - Processing file /home/abayturar/airflow-project/venv/lib/python3.12/site-packages/airflow/example_dags/example_xcomargs.py for tasks to queue
[2026-03-29T12:41:37.227+0500] {logging_mixin.py:188} INFO - [2026-03-29T12:41:37.226+0500] {dagbag.py:545} INFO - Filling up the DagBag from /home/abayturar/airflow-project/venv/lib/python3.12/site-packages/airflow/example_dags/example_xcomargs.py
[2026-03-29T12:41:37.237+0500] {processor.py:840} INFO - DAG(s) 'example_xcom_args_with_operators', 'example_xcom_args' retrieved from /home/abayturar/airflow-project/venv/lib/python3.12/site-packages/airflow/example_dags/example_xcomargs.py
[2026-03-29T12:41:37.258+0500] {logging_mixin.py:188} INFO - [2026-03-29T12:41:37.257+0500] {dag.py:3089} INFO - Sync 2 DAGs
[2026-03-29T12:41:37.272+0500] {logging_mixin.py:188} INFO - [2026-03-29T12:41:37.272+0500] {dag.py:3947} INFO - Setting next_dagrun for example_xcom_args to None, run_after=None
[2026-03-29T12:41:37.277+0500] {logging_mixin.py:188} INFO - [2026-03-29T12:41:37.276+0500] {dag.py:3947} INFO - Setting next_dagrun for example_xcom_args_with_operators to None, run_after=None
[2026-03-29T12:41:37.346+0500] {processor.py:183} INFO - Processing /home/abayturar/airflow-project/venv/lib/python3.12/site-packages/airflow/example_dags/example_xcomargs.py took 0.129 seconds
[2026-03-29T12:42:28.546+0500] {processor.py:161} INFO - Started process (PID=7653) to work on /home/abayturar/airflow-project/venv/lib/python3.12/site-packages/airflow/example_dags/example_xcomargs.py
[2026-03-29T12:42:28.547+0500] {processor.py:830} INFO - Processing file /home/abayturar/airflow-project/venv/lib/python3.12/site-packages/airflow/example_dags/example_xcomargs.py for tasks to queue
[2026-03-29T12:42:28.549+0500] {logging_mixin.py:188} INFO - [2026-03-29T12:42:28.548+0500] {dagbag.py:545} INFO - Filling up the DagBag from /home/abayturar/airflow-project/venv/lib/python3.12/site-packages/airflow/example_dags/example_xcomargs.py
[2026-03-29T12:42:28.557+0500] {processor.py:840} INFO - DAG(s) 'example_xcom_args', 'example_xcom_args_with_operators' retrieved from /home/abayturar/airflow-project/venv/lib/python3.12/site-packages/airflow/example_dags/example_xcomargs.py
[2026-03-29T12:42:28.574+0500] {logging_mixin.py:188} INFO - [2026-03-29T12:42:28.574+0500] {dag.py:3089} INFO - Sync 2 DAGs
[2026-03-29T12:42:28.583+0500] {logging_mixin.py:188} INFO - [2026-03-29T12:42:28.583+0500] {dag.py:3947} INFO - Setting next_dagrun for example_xcom_args to None, run_after=None
[2026-03-29T12:42:28.585+0500] {logging_mixin.py:188} INFO - [2026-03-29T12:42:28.585+0500] {dag.py:3947} INFO - Setting next_dagrun for example_xcom_args_with_operators to None, run_after=None
[2026-03-29T12:42:28.637+0500] {processor.py:183} INFO - Processing /home/abayturar/airflow-project/venv/lib/python3.12/site-packages/airflow/example_dags/example_xcomargs.py took 0.097 seconds
[2026-03-29T12:43:21.182+0500] {processor.py:161} INFO - Started process (PID=7791) to work on /home/abayturar/airflow-project/venv/lib/python3.12/site-packages/airflow/example_dags/example_xcomargs.py
[2026-03-29T12:43:21.183+0500] {processor.py:830} INFO - Processing file /home/abayturar/airflow-project/venv/lib/python3.12/site-packages/airflow/example_dags/example_xcomargs.py for tasks to queue
[2026-03-29T12:43:21.185+0500] {logging_mixin.py:188} INFO - [2026-03-29T12:43:21.185+0500] {dagbag.py:545} INFO - Filling up the DagBag from /home/abayturar/airflow-project/venv/lib/python3.12/site-packages/airflow/example_dags/example_xcomargs.py
[2026-03-29T12:43:21.194+0500] {processor.py:840} INFO - DAG(s) 'example_xcom_args', 'example_xcom_args_with_operators' retrieved from /home/abayturar/airflow-project/venv/lib/python3.12/site-packages/airflow/example_dags/example_xcomargs.py
[2026-03-29T12:43:21.212+0500] {logging_mixin.py:188} INFO - [2026-03-29T12:43:21.212+0500] {dag.py:3089} INFO - Sync 2 DAGs
[2026-03-29T12:43:21.221+0500] {logging_mixin.py:188} INFO - [2026-03-29T12:43:21.221+0500] {dag.py:3947} INFO - Setting next_dagrun for example_xcom_args to None, run_after=None
[2026-03-29T12:43:21.223+0500] {logging_mixin.py:188} INFO - [2026-03-29T12:43:21.223+0500] {dag.py:3947} INFO - Setting next_dagrun for example_xcom_args_with_operators to None, run_after=None
[2026-03-29T12:43:21.239+0500] {processor.py:183} INFO - Processing /home/abayturar/airflow-project/venv/lib/python3.12/site-packages/airflow/example_dags/example_xcomargs.py took 0.063 seconds
[2026-03-29T12:44:13.492+0500] {processor.py:161} INFO - Started process (PID=8059) to work on /home/abayturar/airflow-project/venv/lib/python3.12/site-packages/airflow/example_dags/example_xcomargs.py
[2026-03-29T12:44:13.493+0500] {processor.py:830} INFO - Processing file /home/abayturar/airflow-project/venv/lib/python3.12/site-packages/airflow/example_dags/example_xcomargs.py for tasks to queue
[2026-03-29T12:44:13.495+0500] {logging_mixin.py:188} INFO - [2026-03-29T12:44:13.495+0500] {dagbag.py:545} INFO - Filling up the DagBag from /home/abayturar/airflow-project/venv/lib/python3.12/site-packages/airflow/example_dags/example_xcomargs.py
[2026-03-29T12:44:13.505+0500] {processor.py:840} INFO - DAG(s) 'example_xcom_args', 'example_xcom_args_with_operators' retrieved from /home/abayturar/airflow-project/venv/lib/python3.12/site-packages/airflow/example_dags/example_xcomargs.py
[2026-03-29T12:44:13.523+0500] {logging_mixin.py:188} INFO - [2026-03-29T12:44:13.523+0500] {dag.py:3089} INFO - Sync 2 DAGs
[2026-03-29T12:44:13.533+0500] {logging_mixin.py:188} INFO - [2026-03-29T12:44:13.533+0500] {dag.py:3947} INFO - Setting next_dagrun for example_xcom_args to None, run_after=None
[2026-03-29T12:44:13.535+0500] {logging_mixin.py:188} INFO - [2026-03-29T12:44:13.535+0500] {dag.py:3947} INFO - Setting next_dagrun for example_xcom_args_with_operators to None, run_after=None
[2026-03-29T12:44:13.591+0500] {processor.py:183} INFO - Processing /home/abayturar/airflow-project/venv/lib/python3.12/site-packages/airflow/example_dags/example_xcomargs.py took 0.106 seconds
[2026-03-29T12:45:07.855+0500] {processor.py:161} INFO - Started process (PID=8422) to work on /home/abayturar/airflow-project/venv/lib/python3.12/site-packages/airflow/example_dags/example_xcomargs.py
[2026-03-29T12:45:07.856+0500] {processor.py:830} INFO - Processing file /home/abayturar/airflow-project/venv/lib/python3.12/site-packages/airflow/example_dags/example_xcomargs.py for tasks to queue
[2026-03-29T12:45:07.858+0500] {logging_mixin.py:188} INFO - [2026-03-29T12:45:07.858+0500] {dagbag.py:545} INFO - Filling up the DagBag from /home/abayturar/airflow-project/venv/lib/python3.12/site-packages/airflow/example_dags/example_xcomargs.py
[2026-03-29T12:45:07.868+0500] {processor.py:840} INFO - DAG(s) 'example_xcom_args_with_operators', 'example_xcom_args' retrieved from /home/abayturar/airflow-project/venv/lib/python3.12/site-packages/airflow/example_dags/example_xcomargs.py
[2026-03-29T12:45:07.889+0500] {logging_mixin.py:188} INFO - [2026-03-29T12:45:07.889+0500] {dag.py:3089} INFO - Sync 2 DAGs
[2026-03-29T12:45:07.902+0500] {logging_mixin.py:188} INFO - [2026-03-29T12:45:07.902+0500] {dag.py:3947} INFO - Setting next_dagrun for example_xcom_args to None, run_after=None
[2026-03-29T12:45:07.905+0500] {logging_mixin.py:188} INFO - [2026-03-29T12:45:07.905+0500] {dag.py:3947} INFO - Setting next_dagrun for example_xcom_args_with_operators to None, run_after=None
[2026-03-29T12:45:07.965+0500] {processor.py:183} INFO - Processing /home/abayturar/airflow-project/venv/lib/python3.12/site-packages/airflow/example_dags/example_xcomargs.py took 0.116 seconds
[2026-03-29T12:46:00.908+0500] {processor.py:161} INFO - Started process (PID=8727) to work on /home/abayturar/airflow-project/venv/lib/python3.12/site-packages/airflow/example_dags/example_xcomargs.py
[2026-03-29T12:46:00.909+0500] {processor.py:830} INFO - Processing file /home/abayturar/airflow-project/venv/lib/python3.12/site-packages/airflow/example_dags/example_xcomargs.py for tasks to queue
[2026-03-29T12:46:00.910+0500] {logging_mixin.py:188} INFO - [2026-03-29T12:46:00.910+0500] {dagbag.py:545} INFO - Filling up the DagBag from /home/abayturar/airflow-project/venv/lib/python3.12/site-packages/airflow/example_dags/example_xcomargs.py
[2026-03-29T12:46:00.919+0500] {processor.py:840} INFO - DAG(s) 'example_xcom_args_with_operators', 'example_xcom_args' retrieved from /home/abayturar/airflow-project/venv/lib/python3.12/site-packages/airflow/example_dags/example_xcomargs.py
[2026-03-29T12:46:00.936+0500] {logging_mixin.py:188} INFO - [2026-03-29T12:46:00.935+0500] {dag.py:3089} INFO - Sync 2 DAGs
[2026-03-29T12:46:00.945+0500] {logging_mixin.py:188} INFO - [2026-03-29T12:46:00.945+0500] {dag.py:3947} INFO - Setting next_dagrun for example_xcom_args to None, run_after=None
[2026-03-29T12:46:00.947+0500] {logging_mixin.py:188} INFO - [2026-03-29T12:46:00.947+0500] {dag.py:3947} INFO - Setting next_dagrun for example_xcom_args_with_operators to None, run_after=None
[2026-03-29T12:46:01.001+0500] {processor.py:183} INFO - Processing /home/abayturar/airflow-project/venv/lib/python3.12/site-packages/airflow/example_dags/example_xcomargs.py took 0.100 seconds
[2026-03-29T12:46:52.779+0500] {processor.py:161} INFO - Started process (PID=8969) to work on /home/abayturar/airflow-project/venv/lib/python3.12/site-packages/airflow/example_dags/example_xcomargs.py
[2026-03-29T12:46:52.780+0500] {processor.py:830} INFO - Processing file /home/abayturar/airflow-project/venv/lib/python3.12/site-packages/airflow/example_dags/example_xcomargs.py for tasks to queue
[2026-03-29T12:46:52.783+0500] {logging_mixin.py:188} INFO - [2026-03-29T12:46:52.782+0500] {dagbag.py:545} INFO - Filling up the DagBag from /home/abayturar/airflow-project/venv/lib/python3.12/site-packages/airflow/example_dags/example_xcomargs.py
[2026-03-29T12:46:52.795+0500] {processor.py:840} INFO - DAG(s) 'example_xcom_args_with_operators', 'example_xcom_args' retrieved from /home/abayturar/airflow-project/venv/lib/python3.12/site-packages/airflow/example_dags/example_xcomargs.py
[2026-03-29T12:46:52.813+0500] {logging_mixin.py:188} INFO - [2026-03-29T12:46:52.813+0500] {dag.py:3089} INFO - Sync 2 DAGs
[2026-03-29T12:46:52.824+0500] {logging_mixin.py:188} INFO - [2026-03-29T12:46:52.824+0500] {dag.py:3947} INFO - Setting next_dagrun for example_xcom_args to None, run_after=None
[2026-03-29T12:46:52.826+0500] {logging_mixin.py:188} INFO - [2026-03-29T12:46:52.826+0500] {dag.py:3947} INFO - Setting next_dagrun for example_xcom_args_with_operators to None, run_after=None
[2026-03-29T12:46:52.880+0500] {processor.py:183} INFO - Processing /home/abayturar/airflow-project/venv/lib/python3.12/site-packages/airflow/example_dags/example_xcomargs.py took 0.110 seconds
