[2026-03-29T12:01:26.955+0500] {processor.py:161} INFO - Started process (PID=32245) to work on /home/abayturar/airflow-project/venv/lib/python3.12/site-packages/airflow/example_dags/example_sensor_decorator.py
[2026-03-29T12:01:26.956+0500] {processor.py:830} INFO - Processing file /home/abayturar/airflow-project/venv/lib/python3.12/site-packages/airflow/example_dags/example_sensor_decorator.py for tasks to queue
[2026-03-29T12:01:26.957+0500] {logging_mixin.py:188} INFO - [2026-03-29T12:01:26.957+0500] {dagbag.py:545} INFO - Filling up the DagBag from /home/abayturar/airflow-project/venv/lib/python3.12/site-packages/airflow/example_dags/example_sensor_decorator.py
[2026-03-29T12:01:26.964+0500] {processor.py:840} INFO - DAG(s) 'example_sensor_decorator' retrieved from /home/abayturar/airflow-project/venv/lib/python3.12/site-packages/airflow/example_dags/example_sensor_decorator.py
[2026-03-29T12:01:26.978+0500] {logging_mixin.py:188} INFO - [2026-03-29T12:01:26.978+0500] {dag.py:3089} INFO - Sync 1 DAGs
[2026-03-29T12:01:26.987+0500] {logging_mixin.py:188} INFO - [2026-03-29T12:01:26.986+0500] {dag.py:3947} INFO - Setting next_dagrun for example_sensor_decorator to None, run_after=None
[2026-03-29T12:01:27.001+0500] {processor.py:183} INFO - Processing /home/abayturar/airflow-project/venv/lib/python3.12/site-packages/airflow/example_dags/example_sensor_decorator.py took 0.052 seconds
[2026-03-29T12:02:26.300+0500] {processor.py:161} INFO - Started process (PID=32549) to work on /home/abayturar/airflow-project/venv/lib/python3.12/site-packages/airflow/example_dags/example_sensor_decorator.py
[2026-03-29T12:02:26.301+0500] {processor.py:830} INFO - Processing file /home/abayturar/airflow-project/venv/lib/python3.12/site-packages/airflow/example_dags/example_sensor_decorator.py for tasks to queue
[2026-03-29T12:02:26.303+0500] {logging_mixin.py:188} INFO - [2026-03-29T12:02:26.303+0500] {dagbag.py:545} INFO - Filling up the DagBag from /home/abayturar/airflow-project/venv/lib/python3.12/site-packages/airflow/example_dags/example_sensor_decorator.py
[2026-03-29T12:02:26.310+0500] {processor.py:840} INFO - DAG(s) 'example_sensor_decorator' retrieved from /home/abayturar/airflow-project/venv/lib/python3.12/site-packages/airflow/example_dags/example_sensor_decorator.py
[2026-03-29T12:02:26.326+0500] {logging_mixin.py:188} INFO - [2026-03-29T12:02:26.326+0500] {dag.py:3089} INFO - Sync 1 DAGs
[2026-03-29T12:02:26.334+0500] {logging_mixin.py:188} INFO - [2026-03-29T12:02:26.334+0500] {dag.py:3947} INFO - Setting next_dagrun for example_sensor_decorator to None, run_after=None
[2026-03-29T12:02:26.365+0500] {processor.py:183} INFO - Processing /home/abayturar/airflow-project/venv/lib/python3.12/site-packages/airflow/example_dags/example_sensor_decorator.py took 0.072 seconds
[2026-03-29T12:05:55.070+0500] {processor.py:161} INFO - Started process (PID=14) to work on /home/abayturar/airflow-project/venv/lib/python3.12/site-packages/airflow/example_dags/example_sensor_decorator.py
[2026-03-29T12:05:55.071+0500] {processor.py:830} INFO - Processing file /home/abayturar/airflow-project/venv/lib/python3.12/site-packages/airflow/example_dags/example_sensor_decorator.py for tasks to queue
[2026-03-29T12:05:55.072+0500] {logging_mixin.py:188} INFO - [2026-03-29T12:05:55.072+0500] {dagbag.py:545} INFO - Filling up the DagBag from /home/abayturar/airflow-project/venv/lib/python3.12/site-packages/airflow/example_dags/example_sensor_decorator.py
[2026-03-29T12:05:55.079+0500] {processor.py:840} INFO - DAG(s) 'example_sensor_decorator' retrieved from /home/abayturar/airflow-project/venv/lib/python3.12/site-packages/airflow/example_dags/example_sensor_decorator.py
[2026-03-29T12:05:55.094+0500] {logging_mixin.py:188} INFO - [2026-03-29T12:05:55.094+0500] {dag.py:3089} INFO - Sync 1 DAGs
[2026-03-29T12:05:55.104+0500] {logging_mixin.py:188} INFO - [2026-03-29T12:05:55.103+0500] {dag.py:3947} INFO - Setting next_dagrun for example_sensor_decorator to None, run_after=None
[2026-03-29T12:05:55.118+0500] {processor.py:183} INFO - Processing /home/abayturar/airflow-project/venv/lib/python3.12/site-packages/airflow/example_dags/example_sensor_decorator.py took 0.054 seconds
[2026-03-29T12:06:49.298+0500] {processor.py:161} INFO - Started process (PID=235) to work on /home/abayturar/airflow-project/venv/lib/python3.12/site-packages/airflow/example_dags/example_sensor_decorator.py
[2026-03-29T12:06:49.299+0500] {processor.py:830} INFO - Processing file /home/abayturar/airflow-project/venv/lib/python3.12/site-packages/airflow/example_dags/example_sensor_decorator.py for tasks to queue
[2026-03-29T12:06:49.301+0500] {logging_mixin.py:188} INFO - [2026-03-29T12:06:49.300+0500] {dagbag.py:545} INFO - Filling up the DagBag from /home/abayturar/airflow-project/venv/lib/python3.12/site-packages/airflow/example_dags/example_sensor_decorator.py
[2026-03-29T12:06:49.308+0500] {processor.py:840} INFO - DAG(s) 'example_sensor_decorator' retrieved from /home/abayturar/airflow-project/venv/lib/python3.12/site-packages/airflow/example_dags/example_sensor_decorator.py
[2026-03-29T12:06:49.324+0500] {logging_mixin.py:188} INFO - [2026-03-29T12:06:49.324+0500] {dag.py:3089} INFO - Sync 1 DAGs
[2026-03-29T12:06:49.334+0500] {logging_mixin.py:188} INFO - [2026-03-29T12:06:49.334+0500] {dag.py:3947} INFO - Setting next_dagrun for example_sensor_decorator to None, run_after=None
[2026-03-29T12:06:49.391+0500] {processor.py:183} INFO - Processing /home/abayturar/airflow-project/venv/lib/python3.12/site-packages/airflow/example_dags/example_sensor_decorator.py took 0.099 seconds
[2026-03-29T12:07:35.783+0500] {processor.py:161} INFO - Started process (PID=429) to work on /home/abayturar/airflow-project/venv/lib/python3.12/site-packages/airflow/example_dags/example_sensor_decorator.py
[2026-03-29T12:07:35.784+0500] {processor.py:830} INFO - Processing file /home/abayturar/airflow-project/venv/lib/python3.12/site-packages/airflow/example_dags/example_sensor_decorator.py for tasks to queue
[2026-03-29T12:07:35.786+0500] {logging_mixin.py:188} INFO - [2026-03-29T12:07:35.786+0500] {dagbag.py:545} INFO - Filling up the DagBag from /home/abayturar/airflow-project/venv/lib/python3.12/site-packages/airflow/example_dags/example_sensor_decorator.py
[2026-03-29T12:07:35.793+0500] {processor.py:840} INFO - DAG(s) 'example_sensor_decorator' retrieved from /home/abayturar/airflow-project/venv/lib/python3.12/site-packages/airflow/example_dags/example_sensor_decorator.py
[2026-03-29T12:07:35.811+0500] {logging_mixin.py:188} INFO - [2026-03-29T12:07:35.810+0500] {dag.py:3089} INFO - Sync 1 DAGs
[2026-03-29T12:07:35.820+0500] {logging_mixin.py:188} INFO - [2026-03-29T12:07:35.820+0500] {dag.py:3947} INFO - Setting next_dagrun for example_sensor_decorator to None, run_after=None
[2026-03-29T12:07:35.874+0500] {processor.py:183} INFO - Processing /home/abayturar/airflow-project/venv/lib/python3.12/site-packages/airflow/example_dags/example_sensor_decorator.py took 0.097 seconds
[2026-03-29T12:08:24.939+0500] {processor.py:161} INFO - Started process (PID=630) to work on /home/abayturar/airflow-project/venv/lib/python3.12/site-packages/airflow/example_dags/example_sensor_decorator.py
[2026-03-29T12:08:24.940+0500] {processor.py:830} INFO - Processing file /home/abayturar/airflow-project/venv/lib/python3.12/site-packages/airflow/example_dags/example_sensor_decorator.py for tasks to queue
[2026-03-29T12:08:24.942+0500] {logging_mixin.py:188} INFO - [2026-03-29T12:08:24.941+0500] {dagbag.py:545} INFO - Filling up the DagBag from /home/abayturar/airflow-project/venv/lib/python3.12/site-packages/airflow/example_dags/example_sensor_decorator.py
[2026-03-29T12:08:24.950+0500] {processor.py:840} INFO - DAG(s) 'example_sensor_decorator' retrieved from /home/abayturar/airflow-project/venv/lib/python3.12/site-packages/airflow/example_dags/example_sensor_decorator.py
[2026-03-29T12:08:24.970+0500] {logging_mixin.py:188} INFO - [2026-03-29T12:08:24.970+0500] {dag.py:3089} INFO - Sync 1 DAGs
[2026-03-29T12:08:24.979+0500] {logging_mixin.py:188} INFO - [2026-03-29T12:08:24.979+0500] {dag.py:3947} INFO - Setting next_dagrun for example_sensor_decorator to None, run_after=None
[2026-03-29T12:08:25.038+0500] {processor.py:183} INFO - Processing /home/abayturar/airflow-project/venv/lib/python3.12/site-packages/airflow/example_dags/example_sensor_decorator.py took 0.106 seconds
[2026-03-29T12:09:15.704+0500] {processor.py:161} INFO - Started process (PID=841) to work on /home/abayturar/airflow-project/venv/lib/python3.12/site-packages/airflow/example_dags/example_sensor_decorator.py
[2026-03-29T12:09:15.705+0500] {processor.py:830} INFO - Processing file /home/abayturar/airflow-project/venv/lib/python3.12/site-packages/airflow/example_dags/example_sensor_decorator.py for tasks to queue
[2026-03-29T12:09:15.706+0500] {logging_mixin.py:188} INFO - [2026-03-29T12:09:15.706+0500] {dagbag.py:545} INFO - Filling up the DagBag from /home/abayturar/airflow-project/venv/lib/python3.12/site-packages/airflow/example_dags/example_sensor_decorator.py
[2026-03-29T12:09:15.713+0500] {processor.py:840} INFO - DAG(s) 'example_sensor_decorator' retrieved from /home/abayturar/airflow-project/venv/lib/python3.12/site-packages/airflow/example_dags/example_sensor_decorator.py
[2026-03-29T12:09:15.727+0500] {logging_mixin.py:188} INFO - [2026-03-29T12:09:15.727+0500] {dag.py:3089} INFO - Sync 1 DAGs
[2026-03-29T12:09:15.736+0500] {logging_mixin.py:188} INFO - [2026-03-29T12:09:15.736+0500] {dag.py:3947} INFO - Setting next_dagrun for example_sensor_decorator to None, run_after=None
[2026-03-29T12:09:15.752+0500] {processor.py:183} INFO - Processing /home/abayturar/airflow-project/venv/lib/python3.12/site-packages/airflow/example_dags/example_sensor_decorator.py took 0.053 seconds
[2026-03-29T12:10:06.154+0500] {processor.py:161} INFO - Started process (PID=987) to work on /home/abayturar/airflow-project/venv/lib/python3.12/site-packages/airflow/example_dags/example_sensor_decorator.py
[2026-03-29T12:10:06.154+0500] {processor.py:830} INFO - Processing file /home/abayturar/airflow-project/venv/lib/python3.12/site-packages/airflow/example_dags/example_sensor_decorator.py for tasks to queue
[2026-03-29T12:10:06.156+0500] {logging_mixin.py:188} INFO - [2026-03-29T12:10:06.156+0500] {dagbag.py:545} INFO - Filling up the DagBag from /home/abayturar/airflow-project/venv/lib/python3.12/site-packages/airflow/example_dags/example_sensor_decorator.py
[2026-03-29T12:10:06.162+0500] {processor.py:840} INFO - DAG(s) 'example_sensor_decorator' retrieved from /home/abayturar/airflow-project/venv/lib/python3.12/site-packages/airflow/example_dags/example_sensor_decorator.py
[2026-03-29T12:10:06.180+0500] {logging_mixin.py:188} INFO - [2026-03-29T12:10:06.180+0500] {dag.py:3089} INFO - Sync 1 DAGs
[2026-03-29T12:10:06.189+0500] {logging_mixin.py:188} INFO - [2026-03-29T12:10:06.189+0500] {dag.py:3947} INFO - Setting next_dagrun for example_sensor_decorator to None, run_after=None
[2026-03-29T12:10:06.206+0500] {processor.py:183} INFO - Processing /home/abayturar/airflow-project/venv/lib/python3.12/site-packages/airflow/example_dags/example_sensor_decorator.py took 0.058 seconds
[2026-03-29T12:10:55.098+0500] {processor.py:161} INFO - Started process (PID=1117) to work on /home/abayturar/airflow-project/venv/lib/python3.12/site-packages/airflow/example_dags/example_sensor_decorator.py
[2026-03-29T12:10:55.099+0500] {processor.py:830} INFO - Processing file /home/abayturar/airflow-project/venv/lib/python3.12/site-packages/airflow/example_dags/example_sensor_decorator.py for tasks to queue
[2026-03-29T12:10:55.100+0500] {logging_mixin.py:188} INFO - [2026-03-29T12:10:55.100+0500] {dagbag.py:545} INFO - Filling up the DagBag from /home/abayturar/airflow-project/venv/lib/python3.12/site-packages/airflow/example_dags/example_sensor_decorator.py
[2026-03-29T12:10:55.106+0500] {processor.py:840} INFO - DAG(s) 'example_sensor_decorator' retrieved from /home/abayturar/airflow-project/venv/lib/python3.12/site-packages/airflow/example_dags/example_sensor_decorator.py
[2026-03-29T12:10:55.121+0500] {logging_mixin.py:188} INFO - [2026-03-29T12:10:55.121+0500] {dag.py:3089} INFO - Sync 1 DAGs
[2026-03-29T12:10:55.130+0500] {logging_mixin.py:188} INFO - [2026-03-29T12:10:55.129+0500] {dag.py:3947} INFO - Setting next_dagrun for example_sensor_decorator to None, run_after=None
[2026-03-29T12:10:55.186+0500] {processor.py:183} INFO - Processing /home/abayturar/airflow-project/venv/lib/python3.12/site-packages/airflow/example_dags/example_sensor_decorator.py took 0.094 seconds
[2026-03-29T12:11:44.214+0500] {processor.py:161} INFO - Started process (PID=1248) to work on /home/abayturar/airflow-project/venv/lib/python3.12/site-packages/airflow/example_dags/example_sensor_decorator.py
[2026-03-29T12:11:44.215+0500] {processor.py:830} INFO - Processing file /home/abayturar/airflow-project/venv/lib/python3.12/site-packages/airflow/example_dags/example_sensor_decorator.py for tasks to queue
[2026-03-29T12:11:44.216+0500] {logging_mixin.py:188} INFO - [2026-03-29T12:11:44.216+0500] {dagbag.py:545} INFO - Filling up the DagBag from /home/abayturar/airflow-project/venv/lib/python3.12/site-packages/airflow/example_dags/example_sensor_decorator.py
[2026-03-29T12:11:44.223+0500] {processor.py:840} INFO - DAG(s) 'example_sensor_decorator' retrieved from /home/abayturar/airflow-project/venv/lib/python3.12/site-packages/airflow/example_dags/example_sensor_decorator.py
[2026-03-29T12:11:44.239+0500] {logging_mixin.py:188} INFO - [2026-03-29T12:11:44.239+0500] {dag.py:3089} INFO - Sync 1 DAGs
[2026-03-29T12:11:44.248+0500] {logging_mixin.py:188} INFO - [2026-03-29T12:11:44.248+0500] {dag.py:3947} INFO - Setting next_dagrun for example_sensor_decorator to None, run_after=None
[2026-03-29T12:11:44.273+0500] {processor.py:183} INFO - Processing /home/abayturar/airflow-project/venv/lib/python3.12/site-packages/airflow/example_dags/example_sensor_decorator.py took 0.065 seconds
[2026-03-29T12:12:35.915+0500] {processor.py:161} INFO - Started process (PID=1382) to work on /home/abayturar/airflow-project/venv/lib/python3.12/site-packages/airflow/example_dags/example_sensor_decorator.py
[2026-03-29T12:12:35.916+0500] {processor.py:830} INFO - Processing file /home/abayturar/airflow-project/venv/lib/python3.12/site-packages/airflow/example_dags/example_sensor_decorator.py for tasks to queue
[2026-03-29T12:12:35.918+0500] {logging_mixin.py:188} INFO - [2026-03-29T12:12:35.917+0500] {dagbag.py:545} INFO - Filling up the DagBag from /home/abayturar/airflow-project/venv/lib/python3.12/site-packages/airflow/example_dags/example_sensor_decorator.py
[2026-03-29T12:12:35.924+0500] {processor.py:840} INFO - DAG(s) 'example_sensor_decorator' retrieved from /home/abayturar/airflow-project/venv/lib/python3.12/site-packages/airflow/example_dags/example_sensor_decorator.py
[2026-03-29T12:12:35.939+0500] {logging_mixin.py:188} INFO - [2026-03-29T12:12:35.938+0500] {dag.py:3089} INFO - Sync 1 DAGs
[2026-03-29T12:12:35.947+0500] {logging_mixin.py:188} INFO - [2026-03-29T12:12:35.947+0500] {dag.py:3947} INFO - Setting next_dagrun for example_sensor_decorator to None, run_after=None
[2026-03-29T12:12:36.001+0500] {processor.py:183} INFO - Processing /home/abayturar/airflow-project/venv/lib/python3.12/site-packages/airflow/example_dags/example_sensor_decorator.py took 0.092 seconds
[2026-03-29T12:13:26.806+0500] {processor.py:161} INFO - Started process (PID=1517) to work on /home/abayturar/airflow-project/venv/lib/python3.12/site-packages/airflow/example_dags/example_sensor_decorator.py
[2026-03-29T12:13:26.807+0500] {processor.py:830} INFO - Processing file /home/abayturar/airflow-project/venv/lib/python3.12/site-packages/airflow/example_dags/example_sensor_decorator.py for tasks to queue
[2026-03-29T12:13:26.809+0500] {logging_mixin.py:188} INFO - [2026-03-29T12:13:26.808+0500] {dagbag.py:545} INFO - Filling up the DagBag from /home/abayturar/airflow-project/venv/lib/python3.12/site-packages/airflow/example_dags/example_sensor_decorator.py
[2026-03-29T12:13:26.815+0500] {processor.py:840} INFO - DAG(s) 'example_sensor_decorator' retrieved from /home/abayturar/airflow-project/venv/lib/python3.12/site-packages/airflow/example_dags/example_sensor_decorator.py
[2026-03-29T12:13:26.830+0500] {logging_mixin.py:188} INFO - [2026-03-29T12:13:26.830+0500] {dag.py:3089} INFO - Sync 1 DAGs
[2026-03-29T12:13:26.839+0500] {logging_mixin.py:188} INFO - [2026-03-29T12:13:26.839+0500] {dag.py:3947} INFO - Setting next_dagrun for example_sensor_decorator to None, run_after=None
[2026-03-29T12:13:26.977+0500] {processor.py:183} INFO - Processing /home/abayturar/airflow-project/venv/lib/python3.12/site-packages/airflow/example_dags/example_sensor_decorator.py took 0.176 seconds
[2026-03-29T12:14:16.484+0500] {processor.py:161} INFO - Started process (PID=1648) to work on /home/abayturar/airflow-project/venv/lib/python3.12/site-packages/airflow/example_dags/example_sensor_decorator.py
[2026-03-29T12:14:16.485+0500] {processor.py:830} INFO - Processing file /home/abayturar/airflow-project/venv/lib/python3.12/site-packages/airflow/example_dags/example_sensor_decorator.py for tasks to queue
[2026-03-29T12:14:16.487+0500] {logging_mixin.py:188} INFO - [2026-03-29T12:14:16.486+0500] {dagbag.py:545} INFO - Filling up the DagBag from /home/abayturar/airflow-project/venv/lib/python3.12/site-packages/airflow/example_dags/example_sensor_decorator.py
[2026-03-29T12:14:16.493+0500] {processor.py:840} INFO - DAG(s) 'example_sensor_decorator' retrieved from /home/abayturar/airflow-project/venv/lib/python3.12/site-packages/airflow/example_dags/example_sensor_decorator.py
[2026-03-29T12:14:16.507+0500] {logging_mixin.py:188} INFO - [2026-03-29T12:14:16.507+0500] {dag.py:3089} INFO - Sync 1 DAGs
[2026-03-29T12:14:16.515+0500] {logging_mixin.py:188} INFO - [2026-03-29T12:14:16.515+0500] {dag.py:3947} INFO - Setting next_dagrun for example_sensor_decorator to None, run_after=None
[2026-03-29T12:14:16.570+0500] {processor.py:183} INFO - Processing /home/abayturar/airflow-project/venv/lib/python3.12/site-packages/airflow/example_dags/example_sensor_decorator.py took 0.091 seconds
[2026-03-29T12:15:09.469+0500] {processor.py:161} INFO - Started process (PID=1787) to work on /home/abayturar/airflow-project/venv/lib/python3.12/site-packages/airflow/example_dags/example_sensor_decorator.py
[2026-03-29T12:15:09.470+0500] {processor.py:830} INFO - Processing file /home/abayturar/airflow-project/venv/lib/python3.12/site-packages/airflow/example_dags/example_sensor_decorator.py for tasks to queue
[2026-03-29T12:15:09.471+0500] {logging_mixin.py:188} INFO - [2026-03-29T12:15:09.471+0500] {dagbag.py:545} INFO - Filling up the DagBag from /home/abayturar/airflow-project/venv/lib/python3.12/site-packages/airflow/example_dags/example_sensor_decorator.py
[2026-03-29T12:15:09.477+0500] {processor.py:840} INFO - DAG(s) 'example_sensor_decorator' retrieved from /home/abayturar/airflow-project/venv/lib/python3.12/site-packages/airflow/example_dags/example_sensor_decorator.py
[2026-03-29T12:15:09.492+0500] {logging_mixin.py:188} INFO - [2026-03-29T12:15:09.491+0500] {dag.py:3089} INFO - Sync 1 DAGs
[2026-03-29T12:15:09.500+0500] {logging_mixin.py:188} INFO - [2026-03-29T12:15:09.500+0500] {dag.py:3947} INFO - Setting next_dagrun for example_sensor_decorator to None, run_after=None
[2026-03-29T12:15:09.555+0500] {processor.py:183} INFO - Processing /home/abayturar/airflow-project/venv/lib/python3.12/site-packages/airflow/example_dags/example_sensor_decorator.py took 0.092 seconds
[2026-03-29T12:16:03.841+0500] {processor.py:161} INFO - Started process (PID=1925) to work on /home/abayturar/airflow-project/venv/lib/python3.12/site-packages/airflow/example_dags/example_sensor_decorator.py
[2026-03-29T12:16:03.841+0500] {processor.py:830} INFO - Processing file /home/abayturar/airflow-project/venv/lib/python3.12/site-packages/airflow/example_dags/example_sensor_decorator.py for tasks to queue
[2026-03-29T12:16:03.843+0500] {logging_mixin.py:188} INFO - [2026-03-29T12:16:03.843+0500] {dagbag.py:545} INFO - Filling up the DagBag from /home/abayturar/airflow-project/venv/lib/python3.12/site-packages/airflow/example_dags/example_sensor_decorator.py
[2026-03-29T12:16:03.851+0500] {processor.py:840} INFO - DAG(s) 'example_sensor_decorator' retrieved from /home/abayturar/airflow-project/venv/lib/python3.12/site-packages/airflow/example_dags/example_sensor_decorator.py
[2026-03-29T12:16:03.873+0500] {logging_mixin.py:188} INFO - [2026-03-29T12:16:03.873+0500] {dag.py:3089} INFO - Sync 1 DAGs
[2026-03-29T12:16:03.884+0500] {logging_mixin.py:188} INFO - [2026-03-29T12:16:03.883+0500] {dag.py:3947} INFO - Setting next_dagrun for example_sensor_decorator to None, run_after=None
[2026-03-29T12:16:03.942+0500] {processor.py:183} INFO - Processing /home/abayturar/airflow-project/venv/lib/python3.12/site-packages/airflow/example_dags/example_sensor_decorator.py took 0.111 seconds
[2026-03-29T12:16:56.337+0500] {processor.py:161} INFO - Started process (PID=2065) to work on /home/abayturar/airflow-project/venv/lib/python3.12/site-packages/airflow/example_dags/example_sensor_decorator.py
[2026-03-29T12:16:56.338+0500] {processor.py:830} INFO - Processing file /home/abayturar/airflow-project/venv/lib/python3.12/site-packages/airflow/example_dags/example_sensor_decorator.py for tasks to queue
[2026-03-29T12:16:56.339+0500] {logging_mixin.py:188} INFO - [2026-03-29T12:16:56.339+0500] {dagbag.py:545} INFO - Filling up the DagBag from /home/abayturar/airflow-project/venv/lib/python3.12/site-packages/airflow/example_dags/example_sensor_decorator.py
[2026-03-29T12:16:56.345+0500] {processor.py:840} INFO - DAG(s) 'example_sensor_decorator' retrieved from /home/abayturar/airflow-project/venv/lib/python3.12/site-packages/airflow/example_dags/example_sensor_decorator.py
[2026-03-29T12:16:56.360+0500] {logging_mixin.py:188} INFO - [2026-03-29T12:16:56.360+0500] {dag.py:3089} INFO - Sync 1 DAGs
[2026-03-29T12:16:56.456+0500] {logging_mixin.py:188} INFO - [2026-03-29T12:16:56.456+0500] {dag.py:3947} INFO - Setting next_dagrun for example_sensor_decorator to None, run_after=None
[2026-03-29T12:16:56.469+0500] {processor.py:183} INFO - Processing /home/abayturar/airflow-project/venv/lib/python3.12/site-packages/airflow/example_dags/example_sensor_decorator.py took 0.137 seconds
[2026-03-29T12:17:48.708+0500] {processor.py:161} INFO - Started process (PID=2200) to work on /home/abayturar/airflow-project/venv/lib/python3.12/site-packages/airflow/example_dags/example_sensor_decorator.py
[2026-03-29T12:17:48.710+0500] {processor.py:830} INFO - Processing file /home/abayturar/airflow-project/venv/lib/python3.12/site-packages/airflow/example_dags/example_sensor_decorator.py for tasks to queue
[2026-03-29T12:17:48.712+0500] {logging_mixin.py:188} INFO - [2026-03-29T12:17:48.711+0500] {dagbag.py:545} INFO - Filling up the DagBag from /home/abayturar/airflow-project/venv/lib/python3.12/site-packages/airflow/example_dags/example_sensor_decorator.py
[2026-03-29T12:17:48.721+0500] {processor.py:840} INFO - DAG(s) 'example_sensor_decorator' retrieved from /home/abayturar/airflow-project/venv/lib/python3.12/site-packages/airflow/example_dags/example_sensor_decorator.py
[2026-03-29T12:17:48.737+0500] {logging_mixin.py:188} INFO - [2026-03-29T12:17:48.737+0500] {dag.py:3089} INFO - Sync 1 DAGs
[2026-03-29T12:17:48.746+0500] {logging_mixin.py:188} INFO - [2026-03-29T12:17:48.746+0500] {dag.py:3947} INFO - Setting next_dagrun for example_sensor_decorator to None, run_after=None
[2026-03-29T12:17:48.801+0500] {processor.py:183} INFO - Processing /home/abayturar/airflow-project/venv/lib/python3.12/site-packages/airflow/example_dags/example_sensor_decorator.py took 0.101 seconds
[2026-03-29T12:18:40.650+0500] {processor.py:161} INFO - Started process (PID=2334) to work on /home/abayturar/airflow-project/venv/lib/python3.12/site-packages/airflow/example_dags/example_sensor_decorator.py
[2026-03-29T12:18:40.652+0500] {processor.py:830} INFO - Processing file /home/abayturar/airflow-project/venv/lib/python3.12/site-packages/airflow/example_dags/example_sensor_decorator.py for tasks to queue
[2026-03-29T12:18:40.654+0500] {logging_mixin.py:188} INFO - [2026-03-29T12:18:40.654+0500] {dagbag.py:545} INFO - Filling up the DagBag from /home/abayturar/airflow-project/venv/lib/python3.12/site-packages/airflow/example_dags/example_sensor_decorator.py
[2026-03-29T12:18:40.663+0500] {processor.py:840} INFO - DAG(s) 'example_sensor_decorator' retrieved from /home/abayturar/airflow-project/venv/lib/python3.12/site-packages/airflow/example_dags/example_sensor_decorator.py
[2026-03-29T12:18:40.684+0500] {logging_mixin.py:188} INFO - [2026-03-29T12:18:40.684+0500] {dag.py:3089} INFO - Sync 1 DAGs
[2026-03-29T12:18:40.696+0500] {logging_mixin.py:188} INFO - [2026-03-29T12:18:40.696+0500] {dag.py:3947} INFO - Setting next_dagrun for example_sensor_decorator to None, run_after=None
[2026-03-29T12:18:40.758+0500] {processor.py:183} INFO - Processing /home/abayturar/airflow-project/venv/lib/python3.12/site-packages/airflow/example_dags/example_sensor_decorator.py took 0.116 seconds
[2026-03-29T12:19:32.499+0500] {processor.py:161} INFO - Started process (PID=2473) to work on /home/abayturar/airflow-project/venv/lib/python3.12/site-packages/airflow/example_dags/example_sensor_decorator.py
[2026-03-29T12:19:32.500+0500] {processor.py:830} INFO - Processing file /home/abayturar/airflow-project/venv/lib/python3.12/site-packages/airflow/example_dags/example_sensor_decorator.py for tasks to queue
[2026-03-29T12:19:32.502+0500] {logging_mixin.py:188} INFO - [2026-03-29T12:19:32.501+0500] {dagbag.py:545} INFO - Filling up the DagBag from /home/abayturar/airflow-project/venv/lib/python3.12/site-packages/airflow/example_dags/example_sensor_decorator.py
[2026-03-29T12:19:32.508+0500] {processor.py:840} INFO - DAG(s) 'example_sensor_decorator' retrieved from /home/abayturar/airflow-project/venv/lib/python3.12/site-packages/airflow/example_dags/example_sensor_decorator.py
[2026-03-29T12:19:32.523+0500] {logging_mixin.py:188} INFO - [2026-03-29T12:19:32.523+0500] {dag.py:3089} INFO - Sync 1 DAGs
[2026-03-29T12:19:32.532+0500] {logging_mixin.py:188} INFO - [2026-03-29T12:19:32.532+0500] {dag.py:3947} INFO - Setting next_dagrun for example_sensor_decorator to None, run_after=None
[2026-03-29T12:19:32.586+0500] {processor.py:183} INFO - Processing /home/abayturar/airflow-project/venv/lib/python3.12/site-packages/airflow/example_dags/example_sensor_decorator.py took 0.093 seconds
[2026-03-29T12:20:24.139+0500] {processor.py:161} INFO - Started process (PID=2606) to work on /home/abayturar/airflow-project/venv/lib/python3.12/site-packages/airflow/example_dags/example_sensor_decorator.py
[2026-03-29T12:20:24.140+0500] {processor.py:830} INFO - Processing file /home/abayturar/airflow-project/venv/lib/python3.12/site-packages/airflow/example_dags/example_sensor_decorator.py for tasks to queue
[2026-03-29T12:20:24.142+0500] {logging_mixin.py:188} INFO - [2026-03-29T12:20:24.142+0500] {dagbag.py:545} INFO - Filling up the DagBag from /home/abayturar/airflow-project/venv/lib/python3.12/site-packages/airflow/example_dags/example_sensor_decorator.py
[2026-03-29T12:20:24.149+0500] {processor.py:840} INFO - DAG(s) 'example_sensor_decorator' retrieved from /home/abayturar/airflow-project/venv/lib/python3.12/site-packages/airflow/example_dags/example_sensor_decorator.py
[2026-03-29T12:20:24.165+0500] {logging_mixin.py:188} INFO - [2026-03-29T12:20:24.165+0500] {dag.py:3089} INFO - Sync 1 DAGs
[2026-03-29T12:20:24.175+0500] {logging_mixin.py:188} INFO - [2026-03-29T12:20:24.175+0500] {dag.py:3947} INFO - Setting next_dagrun for example_sensor_decorator to None, run_after=None
[2026-03-29T12:20:24.206+0500] {processor.py:183} INFO - Processing /home/abayturar/airflow-project/venv/lib/python3.12/site-packages/airflow/example_dags/example_sensor_decorator.py took 0.073 seconds
[2026-03-29T12:21:17.248+0500] {processor.py:161} INFO - Started process (PID=2746) to work on /home/abayturar/airflow-project/venv/lib/python3.12/site-packages/airflow/example_dags/example_sensor_decorator.py
[2026-03-29T12:21:17.249+0500] {processor.py:830} INFO - Processing file /home/abayturar/airflow-project/venv/lib/python3.12/site-packages/airflow/example_dags/example_sensor_decorator.py for tasks to queue
[2026-03-29T12:21:17.251+0500] {logging_mixin.py:188} INFO - [2026-03-29T12:21:17.250+0500] {dagbag.py:545} INFO - Filling up the DagBag from /home/abayturar/airflow-project/venv/lib/python3.12/site-packages/airflow/example_dags/example_sensor_decorator.py
[2026-03-29T12:21:17.258+0500] {processor.py:840} INFO - DAG(s) 'example_sensor_decorator' retrieved from /home/abayturar/airflow-project/venv/lib/python3.12/site-packages/airflow/example_dags/example_sensor_decorator.py
[2026-03-29T12:21:17.275+0500] {logging_mixin.py:188} INFO - [2026-03-29T12:21:17.275+0500] {dag.py:3089} INFO - Sync 1 DAGs
[2026-03-29T12:21:17.285+0500] {logging_mixin.py:188} INFO - [2026-03-29T12:21:17.285+0500] {dag.py:3947} INFO - Setting next_dagrun for example_sensor_decorator to None, run_after=None
[2026-03-29T12:21:17.307+0500] {processor.py:183} INFO - Processing /home/abayturar/airflow-project/venv/lib/python3.12/site-packages/airflow/example_dags/example_sensor_decorator.py took 0.065 seconds
[2026-03-29T12:22:08.087+0500] {processor.py:161} INFO - Started process (PID=2937) to work on /home/abayturar/airflow-project/venv/lib/python3.12/site-packages/airflow/example_dags/example_sensor_decorator.py
[2026-03-29T12:22:08.088+0500] {processor.py:830} INFO - Processing file /home/abayturar/airflow-project/venv/lib/python3.12/site-packages/airflow/example_dags/example_sensor_decorator.py for tasks to queue
[2026-03-29T12:22:08.089+0500] {logging_mixin.py:188} INFO - [2026-03-29T12:22:08.089+0500] {dagbag.py:545} INFO - Filling up the DagBag from /home/abayturar/airflow-project/venv/lib/python3.12/site-packages/airflow/example_dags/example_sensor_decorator.py
[2026-03-29T12:22:08.096+0500] {processor.py:840} INFO - DAG(s) 'example_sensor_decorator' retrieved from /home/abayturar/airflow-project/venv/lib/python3.12/site-packages/airflow/example_dags/example_sensor_decorator.py
[2026-03-29T12:22:08.111+0500] {logging_mixin.py:188} INFO - [2026-03-29T12:22:08.111+0500] {dag.py:3089} INFO - Sync 1 DAGs
[2026-03-29T12:22:08.120+0500] {logging_mixin.py:188} INFO - [2026-03-29T12:22:08.120+0500] {dag.py:3947} INFO - Setting next_dagrun for example_sensor_decorator to None, run_after=None
[2026-03-29T12:22:08.135+0500] {processor.py:183} INFO - Processing /home/abayturar/airflow-project/venv/lib/python3.12/site-packages/airflow/example_dags/example_sensor_decorator.py took 0.055 seconds
[2026-03-29T12:22:59.986+0500] {processor.py:161} INFO - Started process (PID=3201) to work on /home/abayturar/airflow-project/venv/lib/python3.12/site-packages/airflow/example_dags/example_sensor_decorator.py
[2026-03-29T12:22:59.987+0500] {processor.py:830} INFO - Processing file /home/abayturar/airflow-project/venv/lib/python3.12/site-packages/airflow/example_dags/example_sensor_decorator.py for tasks to queue
[2026-03-29T12:22:59.988+0500] {logging_mixin.py:188} INFO - [2026-03-29T12:22:59.988+0500] {dagbag.py:545} INFO - Filling up the DagBag from /home/abayturar/airflow-project/venv/lib/python3.12/site-packages/airflow/example_dags/example_sensor_decorator.py
[2026-03-29T12:22:59.995+0500] {processor.py:840} INFO - DAG(s) 'example_sensor_decorator' retrieved from /home/abayturar/airflow-project/venv/lib/python3.12/site-packages/airflow/example_dags/example_sensor_decorator.py
[2026-03-29T12:23:00.012+0500] {logging_mixin.py:188} INFO - [2026-03-29T12:23:00.012+0500] {dag.py:3089} INFO - Sync 1 DAGs
[2026-03-29T12:23:00.022+0500] {logging_mixin.py:188} INFO - [2026-03-29T12:23:00.021+0500] {dag.py:3947} INFO - Setting next_dagrun for example_sensor_decorator to None, run_after=None
[2026-03-29T12:23:00.037+0500] {processor.py:183} INFO - Processing /home/abayturar/airflow-project/venv/lib/python3.12/site-packages/airflow/example_dags/example_sensor_decorator.py took 0.057 seconds
[2026-03-29T12:23:52.941+0500] {processor.py:161} INFO - Started process (PID=3390) to work on /home/abayturar/airflow-project/venv/lib/python3.12/site-packages/airflow/example_dags/example_sensor_decorator.py
[2026-03-29T12:23:52.942+0500] {processor.py:830} INFO - Processing file /home/abayturar/airflow-project/venv/lib/python3.12/site-packages/airflow/example_dags/example_sensor_decorator.py for tasks to queue
[2026-03-29T12:23:52.945+0500] {logging_mixin.py:188} INFO - [2026-03-29T12:23:52.944+0500] {dagbag.py:545} INFO - Filling up the DagBag from /home/abayturar/airflow-project/venv/lib/python3.12/site-packages/airflow/example_dags/example_sensor_decorator.py
[2026-03-29T12:23:52.954+0500] {processor.py:840} INFO - DAG(s) 'example_sensor_decorator' retrieved from /home/abayturar/airflow-project/venv/lib/python3.12/site-packages/airflow/example_dags/example_sensor_decorator.py
[2026-03-29T12:23:52.975+0500] {logging_mixin.py:188} INFO - [2026-03-29T12:23:52.974+0500] {dag.py:3089} INFO - Sync 1 DAGs
[2026-03-29T12:23:52.990+0500] {logging_mixin.py:188} INFO - [2026-03-29T12:23:52.990+0500] {dag.py:3947} INFO - Setting next_dagrun for example_sensor_decorator to None, run_after=None
[2026-03-29T12:23:53.011+0500] {processor.py:183} INFO - Processing /home/abayturar/airflow-project/venv/lib/python3.12/site-packages/airflow/example_dags/example_sensor_decorator.py took 0.080 seconds
[2026-03-29T12:24:45.643+0500] {processor.py:161} INFO - Started process (PID=3564) to work on /home/abayturar/airflow-project/venv/lib/python3.12/site-packages/airflow/example_dags/example_sensor_decorator.py
[2026-03-29T12:24:45.644+0500] {processor.py:830} INFO - Processing file /home/abayturar/airflow-project/venv/lib/python3.12/site-packages/airflow/example_dags/example_sensor_decorator.py for tasks to queue
[2026-03-29T12:24:45.645+0500] {logging_mixin.py:188} INFO - [2026-03-29T12:24:45.645+0500] {dagbag.py:545} INFO - Filling up the DagBag from /home/abayturar/airflow-project/venv/lib/python3.12/site-packages/airflow/example_dags/example_sensor_decorator.py
[2026-03-29T12:24:45.653+0500] {processor.py:840} INFO - DAG(s) 'example_sensor_decorator' retrieved from /home/abayturar/airflow-project/venv/lib/python3.12/site-packages/airflow/example_dags/example_sensor_decorator.py
[2026-03-29T12:24:45.668+0500] {logging_mixin.py:188} INFO - [2026-03-29T12:24:45.668+0500] {dag.py:3089} INFO - Sync 1 DAGs
[2026-03-29T12:24:45.678+0500] {logging_mixin.py:188} INFO - [2026-03-29T12:24:45.677+0500] {dag.py:3947} INFO - Setting next_dagrun for example_sensor_decorator to None, run_after=None
[2026-03-29T12:24:45.733+0500] {processor.py:183} INFO - Processing /home/abayturar/airflow-project/venv/lib/python3.12/site-packages/airflow/example_dags/example_sensor_decorator.py took 0.097 seconds
[2026-03-29T12:25:40.516+0500] {processor.py:161} INFO - Started process (PID=3719) to work on /home/abayturar/airflow-project/venv/lib/python3.12/site-packages/airflow/example_dags/example_sensor_decorator.py
[2026-03-29T12:25:40.517+0500] {processor.py:830} INFO - Processing file /home/abayturar/airflow-project/venv/lib/python3.12/site-packages/airflow/example_dags/example_sensor_decorator.py for tasks to queue
[2026-03-29T12:25:40.520+0500] {logging_mixin.py:188} INFO - [2026-03-29T12:25:40.519+0500] {dagbag.py:545} INFO - Filling up the DagBag from /home/abayturar/airflow-project/venv/lib/python3.12/site-packages/airflow/example_dags/example_sensor_decorator.py
[2026-03-29T12:25:40.530+0500] {processor.py:840} INFO - DAG(s) 'example_sensor_decorator' retrieved from /home/abayturar/airflow-project/venv/lib/python3.12/site-packages/airflow/example_dags/example_sensor_decorator.py
[2026-03-29T12:25:40.546+0500] {logging_mixin.py:188} INFO - [2026-03-29T12:25:40.546+0500] {dag.py:3089} INFO - Sync 1 DAGs
[2026-03-29T12:25:40.556+0500] {logging_mixin.py:188} INFO - [2026-03-29T12:25:40.555+0500] {dag.py:3947} INFO - Setting next_dagrun for example_sensor_decorator to None, run_after=None
[2026-03-29T12:25:40.611+0500] {processor.py:183} INFO - Processing /home/abayturar/airflow-project/venv/lib/python3.12/site-packages/airflow/example_dags/example_sensor_decorator.py took 0.104 seconds
[2026-03-29T12:26:28.742+0500] {processor.py:161} INFO - Started process (PID=4029) to work on /home/abayturar/airflow-project/venv/lib/python3.12/site-packages/airflow/example_dags/example_sensor_decorator.py
[2026-03-29T12:26:28.743+0500] {processor.py:830} INFO - Processing file /home/abayturar/airflow-project/venv/lib/python3.12/site-packages/airflow/example_dags/example_sensor_decorator.py for tasks to queue
[2026-03-29T12:26:28.746+0500] {logging_mixin.py:188} INFO - [2026-03-29T12:26:28.745+0500] {dagbag.py:545} INFO - Filling up the DagBag from /home/abayturar/airflow-project/venv/lib/python3.12/site-packages/airflow/example_dags/example_sensor_decorator.py
[2026-03-29T12:26:28.754+0500] {processor.py:840} INFO - DAG(s) 'example_sensor_decorator' retrieved from /home/abayturar/airflow-project/venv/lib/python3.12/site-packages/airflow/example_dags/example_sensor_decorator.py
[2026-03-29T12:26:28.773+0500] {logging_mixin.py:188} INFO - [2026-03-29T12:26:28.773+0500] {dag.py:3089} INFO - Sync 1 DAGs
[2026-03-29T12:26:28.784+0500] {logging_mixin.py:188} INFO - [2026-03-29T12:26:28.784+0500] {dag.py:3947} INFO - Setting next_dagrun for example_sensor_decorator to None, run_after=None
[2026-03-29T12:26:28.802+0500] {processor.py:183} INFO - Processing /home/abayturar/airflow-project/venv/lib/python3.12/site-packages/airflow/example_dags/example_sensor_decorator.py took 0.070 seconds
[2026-03-29T12:27:18.681+0500] {processor.py:161} INFO - Started process (PID=4238) to work on /home/abayturar/airflow-project/venv/lib/python3.12/site-packages/airflow/example_dags/example_sensor_decorator.py
[2026-03-29T12:27:18.682+0500] {processor.py:830} INFO - Processing file /home/abayturar/airflow-project/venv/lib/python3.12/site-packages/airflow/example_dags/example_sensor_decorator.py for tasks to queue
[2026-03-29T12:27:18.684+0500] {logging_mixin.py:188} INFO - [2026-03-29T12:27:18.683+0500] {dagbag.py:545} INFO - Filling up the DagBag from /home/abayturar/airflow-project/venv/lib/python3.12/site-packages/airflow/example_dags/example_sensor_decorator.py
[2026-03-29T12:27:18.691+0500] {processor.py:840} INFO - DAG(s) 'example_sensor_decorator' retrieved from /home/abayturar/airflow-project/venv/lib/python3.12/site-packages/airflow/example_dags/example_sensor_decorator.py
[2026-03-29T12:27:18.706+0500] {logging_mixin.py:188} INFO - [2026-03-29T12:27:18.706+0500] {dag.py:3089} INFO - Sync 1 DAGs
[2026-03-29T12:27:18.716+0500] {logging_mixin.py:188} INFO - [2026-03-29T12:27:18.716+0500] {dag.py:3947} INFO - Setting next_dagrun for example_sensor_decorator to None, run_after=None
[2026-03-29T12:27:18.736+0500] {processor.py:183} INFO - Processing /home/abayturar/airflow-project/venv/lib/python3.12/site-packages/airflow/example_dags/example_sensor_decorator.py took 0.061 seconds
