[2026-03-29T12:01:52.514+0500] {processor.py:161} INFO - Started process (PID=32400) to work on /home/abayturar/airflow-project/venv/lib/python3.12/site-packages/airflow/example_dags/example_xcom.py
[2026-03-29T12:01:52.515+0500] {processor.py:830} INFO - Processing file /home/abayturar/airflow-project/venv/lib/python3.12/site-packages/airflow/example_dags/example_xcom.py for tasks to queue
[2026-03-29T12:01:52.517+0500] {logging_mixin.py:188} INFO - [2026-03-29T12:01:52.516+0500] {dagbag.py:545} INFO - Filling up the DagBag from /home/abayturar/airflow-project/venv/lib/python3.12/site-packages/airflow/example_dags/example_xcom.py
[2026-03-29T12:01:52.526+0500] {processor.py:840} INFO - DAG(s) 'example_xcom' retrieved from /home/abayturar/airflow-project/venv/lib/python3.12/site-packages/airflow/example_dags/example_xcom.py
[2026-03-29T12:01:52.545+0500] {logging_mixin.py:188} INFO - [2026-03-29T12:01:52.544+0500] {dag.py:3089} INFO - Sync 1 DAGs
[2026-03-29T12:01:52.558+0500] {logging_mixin.py:188} INFO - [2026-03-29T12:01:52.557+0500] {dag.py:3947} INFO - Setting next_dagrun for example_xcom to 2021-01-01 00:00:00+00:00, run_after=2021-01-01 00:00:00+00:00
[2026-03-29T12:01:52.573+0500] {processor.py:183} INFO - Processing /home/abayturar/airflow-project/venv/lib/python3.12/site-packages/airflow/example_dags/example_xcom.py took 0.068 seconds
[2026-03-29T12:02:45.980+0500] {processor.py:161} INFO - Started process (PID=32627) to work on /home/abayturar/airflow-project/venv/lib/python3.12/site-packages/airflow/example_dags/example_xcom.py
[2026-03-29T12:02:45.981+0500] {processor.py:830} INFO - Processing file /home/abayturar/airflow-project/venv/lib/python3.12/site-packages/airflow/example_dags/example_xcom.py for tasks to queue
[2026-03-29T12:02:45.983+0500] {logging_mixin.py:188} INFO - [2026-03-29T12:02:45.982+0500] {dagbag.py:545} INFO - Filling up the DagBag from /home/abayturar/airflow-project/venv/lib/python3.12/site-packages/airflow/example_dags/example_xcom.py
[2026-03-29T12:02:45.990+0500] {processor.py:840} INFO - DAG(s) 'example_xcom' retrieved from /home/abayturar/airflow-project/venv/lib/python3.12/site-packages/airflow/example_dags/example_xcom.py
[2026-03-29T12:02:46.006+0500] {logging_mixin.py:188} INFO - [2026-03-29T12:02:46.005+0500] {dag.py:3089} INFO - Sync 1 DAGs
[2026-03-29T12:02:46.018+0500] {logging_mixin.py:188} INFO - [2026-03-29T12:02:46.018+0500] {dag.py:3947} INFO - Setting next_dagrun for example_xcom to 2021-01-01 00:00:00+00:00, run_after=2021-01-01 00:00:00+00:00
[2026-03-29T12:02:46.033+0500] {processor.py:183} INFO - Processing /home/abayturar/airflow-project/venv/lib/python3.12/site-packages/airflow/example_dags/example_xcom.py took 0.058 seconds
[2026-03-29T12:06:13.408+0500] {processor.py:161} INFO - Started process (PID=88) to work on /home/abayturar/airflow-project/venv/lib/python3.12/site-packages/airflow/example_dags/example_xcom.py
[2026-03-29T12:06:13.409+0500] {processor.py:830} INFO - Processing file /home/abayturar/airflow-project/venv/lib/python3.12/site-packages/airflow/example_dags/example_xcom.py for tasks to queue
[2026-03-29T12:06:13.411+0500] {logging_mixin.py:188} INFO - [2026-03-29T12:06:13.410+0500] {dagbag.py:545} INFO - Filling up the DagBag from /home/abayturar/airflow-project/venv/lib/python3.12/site-packages/airflow/example_dags/example_xcom.py
[2026-03-29T12:06:13.418+0500] {processor.py:840} INFO - DAG(s) 'example_xcom' retrieved from /home/abayturar/airflow-project/venv/lib/python3.12/site-packages/airflow/example_dags/example_xcom.py
[2026-03-29T12:06:13.433+0500] {logging_mixin.py:188} INFO - [2026-03-29T12:06:13.433+0500] {dag.py:3089} INFO - Sync 1 DAGs
[2026-03-29T12:06:13.446+0500] {logging_mixin.py:188} INFO - [2026-03-29T12:06:13.446+0500] {dag.py:3947} INFO - Setting next_dagrun for example_xcom to 2021-01-01 00:00:00+00:00, run_after=2021-01-01 00:00:00+00:00
[2026-03-29T12:06:13.462+0500] {processor.py:183} INFO - Processing /home/abayturar/airflow-project/venv/lib/python3.12/site-packages/airflow/example_dags/example_xcom.py took 0.059 seconds
[2026-03-29T12:07:06.026+0500] {processor.py:161} INFO - Started process (PID=307) to work on /home/abayturar/airflow-project/venv/lib/python3.12/site-packages/airflow/example_dags/example_xcom.py
[2026-03-29T12:07:06.027+0500] {processor.py:830} INFO - Processing file /home/abayturar/airflow-project/venv/lib/python3.12/site-packages/airflow/example_dags/example_xcom.py for tasks to queue
[2026-03-29T12:07:06.029+0500] {logging_mixin.py:188} INFO - [2026-03-29T12:07:06.028+0500] {dagbag.py:545} INFO - Filling up the DagBag from /home/abayturar/airflow-project/venv/lib/python3.12/site-packages/airflow/example_dags/example_xcom.py
[2026-03-29T12:07:06.037+0500] {processor.py:840} INFO - DAG(s) 'example_xcom' retrieved from /home/abayturar/airflow-project/venv/lib/python3.12/site-packages/airflow/example_dags/example_xcom.py
[2026-03-29T12:07:06.056+0500] {logging_mixin.py:188} INFO - [2026-03-29T12:07:06.055+0500] {dag.py:3089} INFO - Sync 1 DAGs
[2026-03-29T12:07:06.072+0500] {logging_mixin.py:188} INFO - [2026-03-29T12:07:06.071+0500] {dag.py:3947} INFO - Setting next_dagrun for example_xcom to 2021-01-01 00:00:00+00:00, run_after=2021-01-01 00:00:00+00:00
[2026-03-29T12:07:06.092+0500] {processor.py:183} INFO - Processing /home/abayturar/airflow-project/venv/lib/python3.12/site-packages/airflow/example_dags/example_xcom.py took 0.072 seconds
[2026-03-29T12:07:52.546+0500] {processor.py:161} INFO - Started process (PID=495) to work on /home/abayturar/airflow-project/venv/lib/python3.12/site-packages/airflow/example_dags/example_xcom.py
[2026-03-29T12:07:52.547+0500] {processor.py:830} INFO - Processing file /home/abayturar/airflow-project/venv/lib/python3.12/site-packages/airflow/example_dags/example_xcom.py for tasks to queue
[2026-03-29T12:07:52.549+0500] {logging_mixin.py:188} INFO - [2026-03-29T12:07:52.548+0500] {dagbag.py:545} INFO - Filling up the DagBag from /home/abayturar/airflow-project/venv/lib/python3.12/site-packages/airflow/example_dags/example_xcom.py
[2026-03-29T12:07:52.556+0500] {processor.py:840} INFO - DAG(s) 'example_xcom' retrieved from /home/abayturar/airflow-project/venv/lib/python3.12/site-packages/airflow/example_dags/example_xcom.py
[2026-03-29T12:07:52.572+0500] {logging_mixin.py:188} INFO - [2026-03-29T12:07:52.572+0500] {dag.py:3089} INFO - Sync 1 DAGs
[2026-03-29T12:07:52.586+0500] {logging_mixin.py:188} INFO - [2026-03-29T12:07:52.585+0500] {dag.py:3947} INFO - Setting next_dagrun for example_xcom to 2021-01-01 00:00:00+00:00, run_after=2021-01-01 00:00:00+00:00
[2026-03-29T12:07:52.601+0500] {processor.py:183} INFO - Processing /home/abayturar/airflow-project/venv/lib/python3.12/site-packages/airflow/example_dags/example_xcom.py took 0.060 seconds
[2026-03-29T12:08:43.139+0500] {processor.py:161} INFO - Started process (PID=710) to work on /home/abayturar/airflow-project/venv/lib/python3.12/site-packages/airflow/example_dags/example_xcom.py
[2026-03-29T12:08:43.140+0500] {processor.py:830} INFO - Processing file /home/abayturar/airflow-project/venv/lib/python3.12/site-packages/airflow/example_dags/example_xcom.py for tasks to queue
[2026-03-29T12:08:43.142+0500] {logging_mixin.py:188} INFO - [2026-03-29T12:08:43.141+0500] {dagbag.py:545} INFO - Filling up the DagBag from /home/abayturar/airflow-project/venv/lib/python3.12/site-packages/airflow/example_dags/example_xcom.py
[2026-03-29T12:08:43.150+0500] {processor.py:840} INFO - DAG(s) 'example_xcom' retrieved from /home/abayturar/airflow-project/venv/lib/python3.12/site-packages/airflow/example_dags/example_xcom.py
[2026-03-29T12:08:43.166+0500] {logging_mixin.py:188} INFO - [2026-03-29T12:08:43.165+0500] {dag.py:3089} INFO - Sync 1 DAGs
[2026-03-29T12:08:43.178+0500] {logging_mixin.py:188} INFO - [2026-03-29T12:08:43.178+0500] {dag.py:3947} INFO - Setting next_dagrun for example_xcom to 2021-01-01 00:00:00+00:00, run_after=2021-01-01 00:00:00+00:00
[2026-03-29T12:08:43.231+0500] {processor.py:183} INFO - Processing /home/abayturar/airflow-project/venv/lib/python3.12/site-packages/airflow/example_dags/example_xcom.py took 0.098 seconds
[2026-03-29T12:09:34.950+0500] {processor.py:161} INFO - Started process (PID=903) to work on /home/abayturar/airflow-project/venv/lib/python3.12/site-packages/airflow/example_dags/example_xcom.py
[2026-03-29T12:09:34.951+0500] {processor.py:830} INFO - Processing file /home/abayturar/airflow-project/venv/lib/python3.12/site-packages/airflow/example_dags/example_xcom.py for tasks to queue
[2026-03-29T12:09:34.953+0500] {logging_mixin.py:188} INFO - [2026-03-29T12:09:34.953+0500] {dagbag.py:545} INFO - Filling up the DagBag from /home/abayturar/airflow-project/venv/lib/python3.12/site-packages/airflow/example_dags/example_xcom.py
[2026-03-29T12:09:34.961+0500] {processor.py:840} INFO - DAG(s) 'example_xcom' retrieved from /home/abayturar/airflow-project/venv/lib/python3.12/site-packages/airflow/example_dags/example_xcom.py
[2026-03-29T12:09:34.976+0500] {logging_mixin.py:188} INFO - [2026-03-29T12:09:34.976+0500] {dag.py:3089} INFO - Sync 1 DAGs
[2026-03-29T12:09:34.989+0500] {logging_mixin.py:188} INFO - [2026-03-29T12:09:34.989+0500] {dag.py:3947} INFO - Setting next_dagrun for example_xcom to 2021-01-01 00:00:00+00:00, run_after=2021-01-01 00:00:00+00:00
[2026-03-29T12:09:35.047+0500] {processor.py:183} INFO - Processing /home/abayturar/airflow-project/venv/lib/python3.12/site-packages/airflow/example_dags/example_xcom.py took 0.104 seconds
[2026-03-29T12:10:25.046+0500] {processor.py:161} INFO - Started process (PID=1034) to work on /home/abayturar/airflow-project/venv/lib/python3.12/site-packages/airflow/example_dags/example_xcom.py
[2026-03-29T12:10:25.047+0500] {processor.py:830} INFO - Processing file /home/abayturar/airflow-project/venv/lib/python3.12/site-packages/airflow/example_dags/example_xcom.py for tasks to queue
[2026-03-29T12:10:25.049+0500] {logging_mixin.py:188} INFO - [2026-03-29T12:10:25.048+0500] {dagbag.py:545} INFO - Filling up the DagBag from /home/abayturar/airflow-project/venv/lib/python3.12/site-packages/airflow/example_dags/example_xcom.py
[2026-03-29T12:10:25.056+0500] {processor.py:840} INFO - DAG(s) 'example_xcom' retrieved from /home/abayturar/airflow-project/venv/lib/python3.12/site-packages/airflow/example_dags/example_xcom.py
[2026-03-29T12:10:25.074+0500] {logging_mixin.py:188} INFO - [2026-03-29T12:10:25.074+0500] {dag.py:3089} INFO - Sync 1 DAGs
[2026-03-29T12:10:25.089+0500] {logging_mixin.py:188} INFO - [2026-03-29T12:10:25.088+0500] {dag.py:3947} INFO - Setting next_dagrun for example_xcom to 2021-01-01 00:00:00+00:00, run_after=2021-01-01 00:00:00+00:00
[2026-03-29T12:10:25.103+0500] {processor.py:183} INFO - Processing /home/abayturar/airflow-project/venv/lib/python3.12/site-packages/airflow/example_dags/example_xcom.py took 0.062 seconds
[2026-03-29T12:11:13.083+0500] {processor.py:161} INFO - Started process (PID=1163) to work on /home/abayturar/airflow-project/venv/lib/python3.12/site-packages/airflow/example_dags/example_xcom.py
[2026-03-29T12:11:13.083+0500] {processor.py:830} INFO - Processing file /home/abayturar/airflow-project/venv/lib/python3.12/site-packages/airflow/example_dags/example_xcom.py for tasks to queue
[2026-03-29T12:11:13.085+0500] {logging_mixin.py:188} INFO - [2026-03-29T12:11:13.085+0500] {dagbag.py:545} INFO - Filling up the DagBag from /home/abayturar/airflow-project/venv/lib/python3.12/site-packages/airflow/example_dags/example_xcom.py
[2026-03-29T12:11:13.093+0500] {processor.py:840} INFO - DAG(s) 'example_xcom' retrieved from /home/abayturar/airflow-project/venv/lib/python3.12/site-packages/airflow/example_dags/example_xcom.py
[2026-03-29T12:11:13.109+0500] {logging_mixin.py:188} INFO - [2026-03-29T12:11:13.108+0500] {dag.py:3089} INFO - Sync 1 DAGs
[2026-03-29T12:11:13.123+0500] {logging_mixin.py:188} INFO - [2026-03-29T12:11:13.122+0500] {dag.py:3947} INFO - Setting next_dagrun for example_xcom to 2021-01-01 00:00:00+00:00, run_after=2021-01-01 00:00:00+00:00
[2026-03-29T12:11:13.176+0500] {processor.py:183} INFO - Processing /home/abayturar/airflow-project/venv/lib/python3.12/site-packages/airflow/example_dags/example_xcom.py took 0.100 seconds
[2026-03-29T12:12:01.912+0500] {processor.py:161} INFO - Started process (PID=1291) to work on /home/abayturar/airflow-project/venv/lib/python3.12/site-packages/airflow/example_dags/example_xcom.py
[2026-03-29T12:12:01.913+0500] {processor.py:830} INFO - Processing file /home/abayturar/airflow-project/venv/lib/python3.12/site-packages/airflow/example_dags/example_xcom.py for tasks to queue
[2026-03-29T12:12:01.914+0500] {logging_mixin.py:188} INFO - [2026-03-29T12:12:01.914+0500] {dagbag.py:545} INFO - Filling up the DagBag from /home/abayturar/airflow-project/venv/lib/python3.12/site-packages/airflow/example_dags/example_xcom.py
[2026-03-29T12:12:01.922+0500] {processor.py:840} INFO - DAG(s) 'example_xcom' retrieved from /home/abayturar/airflow-project/venv/lib/python3.12/site-packages/airflow/example_dags/example_xcom.py
[2026-03-29T12:12:01.940+0500] {logging_mixin.py:188} INFO - [2026-03-29T12:12:01.940+0500] {dag.py:3089} INFO - Sync 1 DAGs
[2026-03-29T12:12:01.954+0500] {logging_mixin.py:188} INFO - [2026-03-29T12:12:01.954+0500] {dag.py:3947} INFO - Setting next_dagrun for example_xcom to 2021-01-01 00:00:00+00:00, run_after=2021-01-01 00:00:00+00:00
[2026-03-29T12:12:01.983+0500] {processor.py:183} INFO - Processing /home/abayturar/airflow-project/venv/lib/python3.12/site-packages/airflow/example_dags/example_xcom.py took 0.078 seconds
[2026-03-29T12:12:55.293+0500] {processor.py:161} INFO - Started process (PID=1430) to work on /home/abayturar/airflow-project/venv/lib/python3.12/site-packages/airflow/example_dags/example_xcom.py
[2026-03-29T12:12:55.294+0500] {processor.py:830} INFO - Processing file /home/abayturar/airflow-project/venv/lib/python3.12/site-packages/airflow/example_dags/example_xcom.py for tasks to queue
[2026-03-29T12:12:55.295+0500] {logging_mixin.py:188} INFO - [2026-03-29T12:12:55.295+0500] {dagbag.py:545} INFO - Filling up the DagBag from /home/abayturar/airflow-project/venv/lib/python3.12/site-packages/airflow/example_dags/example_xcom.py
[2026-03-29T12:12:55.302+0500] {processor.py:840} INFO - DAG(s) 'example_xcom' retrieved from /home/abayturar/airflow-project/venv/lib/python3.12/site-packages/airflow/example_dags/example_xcom.py
[2026-03-29T12:12:55.317+0500] {logging_mixin.py:188} INFO - [2026-03-29T12:12:55.317+0500] {dag.py:3089} INFO - Sync 1 DAGs
[2026-03-29T12:12:55.329+0500] {logging_mixin.py:188} INFO - [2026-03-29T12:12:55.329+0500] {dag.py:3947} INFO - Setting next_dagrun for example_xcom to 2021-01-01 00:00:00+00:00, run_after=2021-01-01 00:00:00+00:00
[2026-03-29T12:12:55.382+0500] {processor.py:183} INFO - Processing /home/abayturar/airflow-project/venv/lib/python3.12/site-packages/airflow/example_dags/example_xcom.py took 0.096 seconds
[2026-03-29T12:13:43.452+0500] {processor.py:161} INFO - Started process (PID=1559) to work on /home/abayturar/airflow-project/venv/lib/python3.12/site-packages/airflow/example_dags/example_xcom.py
[2026-03-29T12:13:43.453+0500] {processor.py:830} INFO - Processing file /home/abayturar/airflow-project/venv/lib/python3.12/site-packages/airflow/example_dags/example_xcom.py for tasks to queue
[2026-03-29T12:13:43.455+0500] {logging_mixin.py:188} INFO - [2026-03-29T12:13:43.454+0500] {dagbag.py:545} INFO - Filling up the DagBag from /home/abayturar/airflow-project/venv/lib/python3.12/site-packages/airflow/example_dags/example_xcom.py
[2026-03-29T12:13:43.462+0500] {processor.py:840} INFO - DAG(s) 'example_xcom' retrieved from /home/abayturar/airflow-project/venv/lib/python3.12/site-packages/airflow/example_dags/example_xcom.py
[2026-03-29T12:13:43.477+0500] {logging_mixin.py:188} INFO - [2026-03-29T12:13:43.476+0500] {dag.py:3089} INFO - Sync 1 DAGs
[2026-03-29T12:13:43.489+0500] {logging_mixin.py:188} INFO - [2026-03-29T12:13:43.489+0500] {dag.py:3947} INFO - Setting next_dagrun for example_xcom to 2021-01-01 00:00:00+00:00, run_after=2021-01-01 00:00:00+00:00
[2026-03-29T12:13:43.542+0500] {processor.py:183} INFO - Processing /home/abayturar/airflow-project/venv/lib/python3.12/site-packages/airflow/example_dags/example_xcom.py took 0.095 seconds
[2026-03-29T12:14:35.881+0500] {processor.py:161} INFO - Started process (PID=1694) to work on /home/abayturar/airflow-project/venv/lib/python3.12/site-packages/airflow/example_dags/example_xcom.py
[2026-03-29T12:14:35.882+0500] {processor.py:830} INFO - Processing file /home/abayturar/airflow-project/venv/lib/python3.12/site-packages/airflow/example_dags/example_xcom.py for tasks to queue
[2026-03-29T12:14:35.883+0500] {logging_mixin.py:188} INFO - [2026-03-29T12:14:35.883+0500] {dagbag.py:545} INFO - Filling up the DagBag from /home/abayturar/airflow-project/venv/lib/python3.12/site-packages/airflow/example_dags/example_xcom.py
[2026-03-29T12:14:35.890+0500] {processor.py:840} INFO - DAG(s) 'example_xcom' retrieved from /home/abayturar/airflow-project/venv/lib/python3.12/site-packages/airflow/example_dags/example_xcom.py
[2026-03-29T12:14:35.907+0500] {logging_mixin.py:188} INFO - [2026-03-29T12:14:35.907+0500] {dag.py:3089} INFO - Sync 1 DAGs
[2026-03-29T12:14:36.009+0500] {logging_mixin.py:188} INFO - [2026-03-29T12:14:36.009+0500] {dag.py:3947} INFO - Setting next_dagrun for example_xcom to 2021-01-01 00:00:00+00:00, run_after=2021-01-01 00:00:00+00:00
[2026-03-29T12:14:36.023+0500] {processor.py:183} INFO - Processing /home/abayturar/airflow-project/venv/lib/python3.12/site-packages/airflow/example_dags/example_xcom.py took 0.148 seconds
[2026-03-29T12:15:30.122+0500] {processor.py:161} INFO - Started process (PID=1837) to work on /home/abayturar/airflow-project/venv/lib/python3.12/site-packages/airflow/example_dags/example_xcom.py
[2026-03-29T12:15:30.123+0500] {processor.py:830} INFO - Processing file /home/abayturar/airflow-project/venv/lib/python3.12/site-packages/airflow/example_dags/example_xcom.py for tasks to queue
[2026-03-29T12:15:30.125+0500] {logging_mixin.py:188} INFO - [2026-03-29T12:15:30.124+0500] {dagbag.py:545} INFO - Filling up the DagBag from /home/abayturar/airflow-project/venv/lib/python3.12/site-packages/airflow/example_dags/example_xcom.py
[2026-03-29T12:15:30.132+0500] {processor.py:840} INFO - DAG(s) 'example_xcom' retrieved from /home/abayturar/airflow-project/venv/lib/python3.12/site-packages/airflow/example_dags/example_xcom.py
[2026-03-29T12:15:30.149+0500] {logging_mixin.py:188} INFO - [2026-03-29T12:15:30.149+0500] {dag.py:3089} INFO - Sync 1 DAGs
[2026-03-29T12:15:30.163+0500] {logging_mixin.py:188} INFO - [2026-03-29T12:15:30.163+0500] {dag.py:3947} INFO - Setting next_dagrun for example_xcom to 2021-01-01 00:00:00+00:00, run_after=2021-01-01 00:00:00+00:00
[2026-03-29T12:15:30.219+0500] {processor.py:183} INFO - Processing /home/abayturar/airflow-project/venv/lib/python3.12/site-packages/airflow/example_dags/example_xcom.py took 0.104 seconds
[2026-03-29T12:16:22.978+0500] {processor.py:161} INFO - Started process (PID=1976) to work on /home/abayturar/airflow-project/venv/lib/python3.12/site-packages/airflow/example_dags/example_xcom.py
[2026-03-29T12:16:22.979+0500] {processor.py:830} INFO - Processing file /home/abayturar/airflow-project/venv/lib/python3.12/site-packages/airflow/example_dags/example_xcom.py for tasks to queue
[2026-03-29T12:16:22.981+0500] {logging_mixin.py:188} INFO - [2026-03-29T12:16:22.981+0500] {dagbag.py:545} INFO - Filling up the DagBag from /home/abayturar/airflow-project/venv/lib/python3.12/site-packages/airflow/example_dags/example_xcom.py
[2026-03-29T12:16:22.989+0500] {processor.py:840} INFO - DAG(s) 'example_xcom' retrieved from /home/abayturar/airflow-project/venv/lib/python3.12/site-packages/airflow/example_dags/example_xcom.py
[2026-03-29T12:16:23.005+0500] {logging_mixin.py:188} INFO - [2026-03-29T12:16:23.005+0500] {dag.py:3089} INFO - Sync 1 DAGs
[2026-03-29T12:16:23.018+0500] {logging_mixin.py:188} INFO - [2026-03-29T12:16:23.018+0500] {dag.py:3947} INFO - Setting next_dagrun for example_xcom to 2021-01-01 00:00:00+00:00, run_after=2021-01-01 00:00:00+00:00
[2026-03-29T12:16:23.072+0500] {processor.py:183} INFO - Processing /home/abayturar/airflow-project/venv/lib/python3.12/site-packages/airflow/example_dags/example_xcom.py took 0.100 seconds
[2026-03-29T12:17:15.312+0500] {processor.py:161} INFO - Started process (PID=2111) to work on /home/abayturar/airflow-project/venv/lib/python3.12/site-packages/airflow/example_dags/example_xcom.py
[2026-03-29T12:17:15.313+0500] {processor.py:830} INFO - Processing file /home/abayturar/airflow-project/venv/lib/python3.12/site-packages/airflow/example_dags/example_xcom.py for tasks to queue
[2026-03-29T12:17:15.314+0500] {logging_mixin.py:188} INFO - [2026-03-29T12:17:15.314+0500] {dagbag.py:545} INFO - Filling up the DagBag from /home/abayturar/airflow-project/venv/lib/python3.12/site-packages/airflow/example_dags/example_xcom.py
[2026-03-29T12:17:15.437+0500] {processor.py:840} INFO - DAG(s) 'example_xcom' retrieved from /home/abayturar/airflow-project/venv/lib/python3.12/site-packages/airflow/example_dags/example_xcom.py
[2026-03-29T12:17:15.447+0500] {logging_mixin.py:188} INFO - [2026-03-29T12:17:15.447+0500] {dag.py:3089} INFO - Sync 1 DAGs
[2026-03-29T12:17:15.457+0500] {logging_mixin.py:188} INFO - [2026-03-29T12:17:15.457+0500] {dag.py:3947} INFO - Setting next_dagrun for example_xcom to 2021-01-01 00:00:00+00:00, run_after=2021-01-01 00:00:00+00:00
[2026-03-29T12:17:15.473+0500] {processor.py:183} INFO - Processing /home/abayturar/airflow-project/venv/lib/python3.12/site-packages/airflow/example_dags/example_xcom.py took 0.168 seconds
[2026-03-29T12:18:09.503+0500] {processor.py:161} INFO - Started process (PID=2251) to work on /home/abayturar/airflow-project/venv/lib/python3.12/site-packages/airflow/example_dags/example_xcom.py
[2026-03-29T12:18:09.504+0500] {processor.py:830} INFO - Processing file /home/abayturar/airflow-project/venv/lib/python3.12/site-packages/airflow/example_dags/example_xcom.py for tasks to queue
[2026-03-29T12:18:09.505+0500] {logging_mixin.py:188} INFO - [2026-03-29T12:18:09.505+0500] {dagbag.py:545} INFO - Filling up the DagBag from /home/abayturar/airflow-project/venv/lib/python3.12/site-packages/airflow/example_dags/example_xcom.py
[2026-03-29T12:18:09.513+0500] {processor.py:840} INFO - DAG(s) 'example_xcom' retrieved from /home/abayturar/airflow-project/venv/lib/python3.12/site-packages/airflow/example_dags/example_xcom.py
[2026-03-29T12:18:09.530+0500] {logging_mixin.py:188} INFO - [2026-03-29T12:18:09.529+0500] {dag.py:3089} INFO - Sync 1 DAGs
[2026-03-29T12:18:09.544+0500] {logging_mixin.py:188} INFO - [2026-03-29T12:18:09.544+0500] {dag.py:3947} INFO - Setting next_dagrun for example_xcom to 2021-01-01 00:00:00+00:00, run_after=2021-01-01 00:00:00+00:00
[2026-03-29T12:18:09.601+0500] {processor.py:183} INFO - Processing /home/abayturar/airflow-project/venv/lib/python3.12/site-packages/airflow/example_dags/example_xcom.py took 0.104 seconds
[2026-03-29T12:19:00.027+0500] {processor.py:161} INFO - Started process (PID=2384) to work on /home/abayturar/airflow-project/venv/lib/python3.12/site-packages/airflow/example_dags/example_xcom.py
[2026-03-29T12:19:00.028+0500] {processor.py:830} INFO - Processing file /home/abayturar/airflow-project/venv/lib/python3.12/site-packages/airflow/example_dags/example_xcom.py for tasks to queue
[2026-03-29T12:19:00.030+0500] {logging_mixin.py:188} INFO - [2026-03-29T12:19:00.030+0500] {dagbag.py:545} INFO - Filling up the DagBag from /home/abayturar/airflow-project/venv/lib/python3.12/site-packages/airflow/example_dags/example_xcom.py
[2026-03-29T12:19:00.038+0500] {processor.py:840} INFO - DAG(s) 'example_xcom' retrieved from /home/abayturar/airflow-project/venv/lib/python3.12/site-packages/airflow/example_dags/example_xcom.py
[2026-03-29T12:19:00.054+0500] {logging_mixin.py:188} INFO - [2026-03-29T12:19:00.053+0500] {dag.py:3089} INFO - Sync 1 DAGs
[2026-03-29T12:19:00.067+0500] {logging_mixin.py:188} INFO - [2026-03-29T12:19:00.067+0500] {dag.py:3947} INFO - Setting next_dagrun for example_xcom to 2021-01-01 00:00:00+00:00, run_after=2021-01-01 00:00:00+00:00
[2026-03-29T12:19:00.083+0500] {processor.py:183} INFO - Processing /home/abayturar/airflow-project/venv/lib/python3.12/site-packages/airflow/example_dags/example_xcom.py took 0.062 seconds
[2026-03-29T12:19:49.660+0500] {processor.py:161} INFO - Started process (PID=2515) to work on /home/abayturar/airflow-project/venv/lib/python3.12/site-packages/airflow/example_dags/example_xcom.py
[2026-03-29T12:19:49.661+0500] {processor.py:830} INFO - Processing file /home/abayturar/airflow-project/venv/lib/python3.12/site-packages/airflow/example_dags/example_xcom.py for tasks to queue
[2026-03-29T12:19:49.662+0500] {logging_mixin.py:188} INFO - [2026-03-29T12:19:49.662+0500] {dagbag.py:545} INFO - Filling up the DagBag from /home/abayturar/airflow-project/venv/lib/python3.12/site-packages/airflow/example_dags/example_xcom.py
[2026-03-29T12:19:49.671+0500] {processor.py:840} INFO - DAG(s) 'example_xcom' retrieved from /home/abayturar/airflow-project/venv/lib/python3.12/site-packages/airflow/example_dags/example_xcom.py
[2026-03-29T12:19:49.688+0500] {logging_mixin.py:188} INFO - [2026-03-29T12:19:49.688+0500] {dag.py:3089} INFO - Sync 1 DAGs
[2026-03-29T12:19:49.702+0500] {logging_mixin.py:188} INFO - [2026-03-29T12:19:49.702+0500] {dag.py:3947} INFO - Setting next_dagrun for example_xcom to 2021-01-01 00:00:00+00:00, run_after=2021-01-01 00:00:00+00:00
[2026-03-29T12:19:49.759+0500] {processor.py:183} INFO - Processing /home/abayturar/airflow-project/venv/lib/python3.12/site-packages/airflow/example_dags/example_xcom.py took 0.106 seconds
[2026-03-29T12:20:43.409+0500] {processor.py:161} INFO - Started process (PID=2653) to work on /home/abayturar/airflow-project/venv/lib/python3.12/site-packages/airflow/example_dags/example_xcom.py
[2026-03-29T12:20:43.410+0500] {processor.py:830} INFO - Processing file /home/abayturar/airflow-project/venv/lib/python3.12/site-packages/airflow/example_dags/example_xcom.py for tasks to queue
[2026-03-29T12:20:43.411+0500] {logging_mixin.py:188} INFO - [2026-03-29T12:20:43.411+0500] {dagbag.py:545} INFO - Filling up the DagBag from /home/abayturar/airflow-project/venv/lib/python3.12/site-packages/airflow/example_dags/example_xcom.py
[2026-03-29T12:20:43.419+0500] {processor.py:840} INFO - DAG(s) 'example_xcom' retrieved from /home/abayturar/airflow-project/venv/lib/python3.12/site-packages/airflow/example_dags/example_xcom.py
[2026-03-29T12:20:43.435+0500] {logging_mixin.py:188} INFO - [2026-03-29T12:20:43.435+0500] {dag.py:3089} INFO - Sync 1 DAGs
[2026-03-29T12:20:43.451+0500] {logging_mixin.py:188} INFO - [2026-03-29T12:20:43.451+0500] {dag.py:3947} INFO - Setting next_dagrun for example_xcom to 2021-01-01 00:00:00+00:00, run_after=2021-01-01 00:00:00+00:00
[2026-03-29T12:20:43.515+0500] {processor.py:183} INFO - Processing /home/abayturar/airflow-project/venv/lib/python3.12/site-packages/airflow/example_dags/example_xcom.py took 0.113 seconds
[2026-03-29T12:21:36.935+0500] {processor.py:161} INFO - Started process (PID=2793) to work on /home/abayturar/airflow-project/venv/lib/python3.12/site-packages/airflow/example_dags/example_xcom.py
[2026-03-29T12:21:36.935+0500] {processor.py:830} INFO - Processing file /home/abayturar/airflow-project/venv/lib/python3.12/site-packages/airflow/example_dags/example_xcom.py for tasks to queue
[2026-03-29T12:21:36.937+0500] {logging_mixin.py:188} INFO - [2026-03-29T12:21:36.937+0500] {dagbag.py:545} INFO - Filling up the DagBag from /home/abayturar/airflow-project/venv/lib/python3.12/site-packages/airflow/example_dags/example_xcom.py
[2026-03-29T12:21:36.945+0500] {processor.py:840} INFO - DAG(s) 'example_xcom' retrieved from /home/abayturar/airflow-project/venv/lib/python3.12/site-packages/airflow/example_dags/example_xcom.py
[2026-03-29T12:21:36.960+0500] {logging_mixin.py:188} INFO - [2026-03-29T12:21:36.960+0500] {dag.py:3089} INFO - Sync 1 DAGs
[2026-03-29T12:21:36.972+0500] {logging_mixin.py:188} INFO - [2026-03-29T12:21:36.972+0500] {dag.py:3947} INFO - Setting next_dagrun for example_xcom to 2021-01-01 00:00:00+00:00, run_after=2021-01-01 00:00:00+00:00
[2026-03-29T12:21:37.026+0500] {processor.py:183} INFO - Processing /home/abayturar/airflow-project/venv/lib/python3.12/site-packages/airflow/example_dags/example_xcom.py took 0.098 seconds
[2026-03-29T12:22:27.371+0500] {processor.py:161} INFO - Started process (PID=3049) to work on /home/abayturar/airflow-project/venv/lib/python3.12/site-packages/airflow/example_dags/example_xcom.py
[2026-03-29T12:22:27.371+0500] {processor.py:830} INFO - Processing file /home/abayturar/airflow-project/venv/lib/python3.12/site-packages/airflow/example_dags/example_xcom.py for tasks to queue
[2026-03-29T12:22:27.373+0500] {logging_mixin.py:188} INFO - [2026-03-29T12:22:27.373+0500] {dagbag.py:545} INFO - Filling up the DagBag from /home/abayturar/airflow-project/venv/lib/python3.12/site-packages/airflow/example_dags/example_xcom.py
[2026-03-29T12:22:27.381+0500] {processor.py:840} INFO - DAG(s) 'example_xcom' retrieved from /home/abayturar/airflow-project/venv/lib/python3.12/site-packages/airflow/example_dags/example_xcom.py
[2026-03-29T12:22:27.395+0500] {logging_mixin.py:188} INFO - [2026-03-29T12:22:27.395+0500] {dag.py:3089} INFO - Sync 1 DAGs
[2026-03-29T12:22:27.409+0500] {logging_mixin.py:188} INFO - [2026-03-29T12:22:27.408+0500] {dag.py:3947} INFO - Setting next_dagrun for example_xcom to 2021-01-01 00:00:00+00:00, run_after=2021-01-01 00:00:00+00:00
[2026-03-29T12:22:27.425+0500] {processor.py:183} INFO - Processing /home/abayturar/airflow-project/venv/lib/python3.12/site-packages/airflow/example_dags/example_xcom.py took 0.060 seconds
[2026-03-29T12:23:20.542+0500] {processor.py:161} INFO - Started process (PID=3251) to work on /home/abayturar/airflow-project/venv/lib/python3.12/site-packages/airflow/example_dags/example_xcom.py
[2026-03-29T12:23:20.543+0500] {processor.py:830} INFO - Processing file /home/abayturar/airflow-project/venv/lib/python3.12/site-packages/airflow/example_dags/example_xcom.py for tasks to queue
[2026-03-29T12:23:20.545+0500] {logging_mixin.py:188} INFO - [2026-03-29T12:23:20.545+0500] {dagbag.py:545} INFO - Filling up the DagBag from /home/abayturar/airflow-project/venv/lib/python3.12/site-packages/airflow/example_dags/example_xcom.py
[2026-03-29T12:23:20.553+0500] {processor.py:840} INFO - DAG(s) 'example_xcom' retrieved from /home/abayturar/airflow-project/venv/lib/python3.12/site-packages/airflow/example_dags/example_xcom.py
[2026-03-29T12:23:20.569+0500] {logging_mixin.py:188} INFO - [2026-03-29T12:23:20.569+0500] {dag.py:3089} INFO - Sync 1 DAGs
[2026-03-29T12:23:20.583+0500] {logging_mixin.py:188} INFO - [2026-03-29T12:23:20.583+0500] {dag.py:3947} INFO - Setting next_dagrun for example_xcom to 2021-01-01 00:00:00+00:00, run_after=2021-01-01 00:00:00+00:00
[2026-03-29T12:23:20.638+0500] {processor.py:183} INFO - Processing /home/abayturar/airflow-project/venv/lib/python3.12/site-packages/airflow/example_dags/example_xcom.py took 0.103 seconds
[2026-03-29T12:24:12.621+0500] {processor.py:161} INFO - Started process (PID=3476) to work on /home/abayturar/airflow-project/venv/lib/python3.12/site-packages/airflow/example_dags/example_xcom.py
[2026-03-29T12:24:12.622+0500] {processor.py:830} INFO - Processing file /home/abayturar/airflow-project/venv/lib/python3.12/site-packages/airflow/example_dags/example_xcom.py for tasks to queue
[2026-03-29T12:24:12.623+0500] {logging_mixin.py:188} INFO - [2026-03-29T12:24:12.623+0500] {dagbag.py:545} INFO - Filling up the DagBag from /home/abayturar/airflow-project/venv/lib/python3.12/site-packages/airflow/example_dags/example_xcom.py
[2026-03-29T12:24:12.633+0500] {processor.py:840} INFO - DAG(s) 'example_xcom' retrieved from /home/abayturar/airflow-project/venv/lib/python3.12/site-packages/airflow/example_dags/example_xcom.py
[2026-03-29T12:24:12.651+0500] {logging_mixin.py:188} INFO - [2026-03-29T12:24:12.651+0500] {dag.py:3089} INFO - Sync 1 DAGs
[2026-03-29T12:24:12.664+0500] {logging_mixin.py:188} INFO - [2026-03-29T12:24:12.664+0500] {dag.py:3947} INFO - Setting next_dagrun for example_xcom to 2021-01-01 00:00:00+00:00, run_after=2021-01-01 00:00:00+00:00
[2026-03-29T12:24:12.717+0500] {processor.py:183} INFO - Processing /home/abayturar/airflow-project/venv/lib/python3.12/site-packages/airflow/example_dags/example_xcom.py took 0.103 seconds
[2026-03-29T12:25:06.785+0500] {processor.py:161} INFO - Started process (PID=3615) to work on /home/abayturar/airflow-project/venv/lib/python3.12/site-packages/airflow/example_dags/example_xcom.py
[2026-03-29T12:25:06.786+0500] {processor.py:830} INFO - Processing file /home/abayturar/airflow-project/venv/lib/python3.12/site-packages/airflow/example_dags/example_xcom.py for tasks to queue
[2026-03-29T12:25:06.787+0500] {logging_mixin.py:188} INFO - [2026-03-29T12:25:06.787+0500] {dagbag.py:545} INFO - Filling up the DagBag from /home/abayturar/airflow-project/venv/lib/python3.12/site-packages/airflow/example_dags/example_xcom.py
[2026-03-29T12:25:06.796+0500] {processor.py:840} INFO - DAG(s) 'example_xcom' retrieved from /home/abayturar/airflow-project/venv/lib/python3.12/site-packages/airflow/example_dags/example_xcom.py
[2026-03-29T12:25:06.812+0500] {logging_mixin.py:188} INFO - [2026-03-29T12:25:06.812+0500] {dag.py:3089} INFO - Sync 1 DAGs
[2026-03-29T12:25:06.827+0500] {logging_mixin.py:188} INFO - [2026-03-29T12:25:06.827+0500] {dag.py:3947} INFO - Setting next_dagrun for example_xcom to 2021-01-01 00:00:00+00:00, run_after=2021-01-01 00:00:00+00:00
[2026-03-29T12:25:06.881+0500] {processor.py:183} INFO - Processing /home/abayturar/airflow-project/venv/lib/python3.12/site-packages/airflow/example_dags/example_xcom.py took 0.103 seconds
[2026-03-29T12:25:58.676+0500] {processor.py:161} INFO - Started process (PID=3831) to work on /home/abayturar/airflow-project/venv/lib/python3.12/site-packages/airflow/example_dags/example_xcom.py
[2026-03-29T12:25:58.677+0500] {processor.py:830} INFO - Processing file /home/abayturar/airflow-project/venv/lib/python3.12/site-packages/airflow/example_dags/example_xcom.py for tasks to queue
[2026-03-29T12:25:58.678+0500] {logging_mixin.py:188} INFO - [2026-03-29T12:25:58.678+0500] {dagbag.py:545} INFO - Filling up the DagBag from /home/abayturar/airflow-project/venv/lib/python3.12/site-packages/airflow/example_dags/example_xcom.py
[2026-03-29T12:25:58.687+0500] {processor.py:840} INFO - DAG(s) 'example_xcom' retrieved from /home/abayturar/airflow-project/venv/lib/python3.12/site-packages/airflow/example_dags/example_xcom.py
[2026-03-29T12:25:58.706+0500] {logging_mixin.py:188} INFO - [2026-03-29T12:25:58.706+0500] {dag.py:3089} INFO - Sync 1 DAGs
[2026-03-29T12:25:58.721+0500] {logging_mixin.py:188} INFO - [2026-03-29T12:25:58.721+0500] {dag.py:3947} INFO - Setting next_dagrun for example_xcom to 2021-01-01 00:00:00+00:00, run_after=2021-01-01 00:00:00+00:00
[2026-03-29T12:25:58.777+0500] {processor.py:183} INFO - Processing /home/abayturar/airflow-project/venv/lib/python3.12/site-packages/airflow/example_dags/example_xcom.py took 0.107 seconds
[2026-03-29T12:26:47.360+0500] {processor.py:161} INFO - Started process (PID=4080) to work on /home/abayturar/airflow-project/venv/lib/python3.12/site-packages/airflow/example_dags/example_xcom.py
[2026-03-29T12:26:47.361+0500] {processor.py:830} INFO - Processing file /home/abayturar/airflow-project/venv/lib/python3.12/site-packages/airflow/example_dags/example_xcom.py for tasks to queue
[2026-03-29T12:26:47.362+0500] {logging_mixin.py:188} INFO - [2026-03-29T12:26:47.362+0500] {dagbag.py:545} INFO - Filling up the DagBag from /home/abayturar/airflow-project/venv/lib/python3.12/site-packages/airflow/example_dags/example_xcom.py
[2026-03-29T12:26:47.371+0500] {processor.py:840} INFO - DAG(s) 'example_xcom' retrieved from /home/abayturar/airflow-project/venv/lib/python3.12/site-packages/airflow/example_dags/example_xcom.py
[2026-03-29T12:26:47.389+0500] {logging_mixin.py:188} INFO - [2026-03-29T12:26:47.389+0500] {dag.py:3089} INFO - Sync 1 DAGs
[2026-03-29T12:26:47.403+0500] {logging_mixin.py:188} INFO - [2026-03-29T12:26:47.403+0500] {dag.py:3947} INFO - Setting next_dagrun for example_xcom to 2021-01-01 00:00:00+00:00, run_after=2021-01-01 00:00:00+00:00
[2026-03-29T12:26:47.457+0500] {processor.py:183} INFO - Processing /home/abayturar/airflow-project/venv/lib/python3.12/site-packages/airflow/example_dags/example_xcom.py took 0.103 seconds
[2026-03-29T12:27:36.501+0500] {processor.py:161} INFO - Started process (PID=4332) to work on /home/abayturar/airflow-project/venv/lib/python3.12/site-packages/airflow/example_dags/example_xcom.py
[2026-03-29T12:27:36.502+0500] {processor.py:830} INFO - Processing file /home/abayturar/airflow-project/venv/lib/python3.12/site-packages/airflow/example_dags/example_xcom.py for tasks to queue
[2026-03-29T12:27:36.504+0500] {logging_mixin.py:188} INFO - [2026-03-29T12:27:36.503+0500] {dagbag.py:545} INFO - Filling up the DagBag from /home/abayturar/airflow-project/venv/lib/python3.12/site-packages/airflow/example_dags/example_xcom.py
[2026-03-29T12:27:36.513+0500] {processor.py:840} INFO - DAG(s) 'example_xcom' retrieved from /home/abayturar/airflow-project/venv/lib/python3.12/site-packages/airflow/example_dags/example_xcom.py
[2026-03-29T12:27:36.531+0500] {logging_mixin.py:188} INFO - [2026-03-29T12:27:36.531+0500] {dag.py:3089} INFO - Sync 1 DAGs
[2026-03-29T12:27:36.547+0500] {logging_mixin.py:188} INFO - [2026-03-29T12:27:36.546+0500] {dag.py:3947} INFO - Setting next_dagrun for example_xcom to 2021-01-01 00:00:00+00:00, run_after=2021-01-01 00:00:00+00:00
[2026-03-29T12:27:36.564+0500] {processor.py:183} INFO - Processing /home/abayturar/airflow-project/venv/lib/python3.12/site-packages/airflow/example_dags/example_xcom.py took 0.071 seconds
[2026-03-29T12:28:25.930+0500] {processor.py:161} INFO - Started process (PID=4524) to work on /home/abayturar/airflow-project/venv/lib/python3.12/site-packages/airflow/example_dags/example_xcom.py
[2026-03-29T12:28:25.931+0500] {processor.py:830} INFO - Processing file /home/abayturar/airflow-project/venv/lib/python3.12/site-packages/airflow/example_dags/example_xcom.py for tasks to queue
[2026-03-29T12:28:25.933+0500] {logging_mixin.py:188} INFO - [2026-03-29T12:28:25.933+0500] {dagbag.py:545} INFO - Filling up the DagBag from /home/abayturar/airflow-project/venv/lib/python3.12/site-packages/airflow/example_dags/example_xcom.py
[2026-03-29T12:28:25.941+0500] {processor.py:840} INFO - DAG(s) 'example_xcom' retrieved from /home/abayturar/airflow-project/venv/lib/python3.12/site-packages/airflow/example_dags/example_xcom.py
[2026-03-29T12:28:25.958+0500] {logging_mixin.py:188} INFO - [2026-03-29T12:28:25.958+0500] {dag.py:3089} INFO - Sync 1 DAGs
[2026-03-29T12:28:25.975+0500] {logging_mixin.py:188} INFO - [2026-03-29T12:28:25.974+0500] {dag.py:3947} INFO - Setting next_dagrun for example_xcom to 2021-01-01 00:00:00+00:00, run_after=2021-01-01 00:00:00+00:00
[2026-03-29T12:28:25.995+0500] {processor.py:183} INFO - Processing /home/abayturar/airflow-project/venv/lib/python3.12/site-packages/airflow/example_dags/example_xcom.py took 0.071 seconds
[2026-03-29T12:29:12.818+0500] {processor.py:161} INFO - Started process (PID=4649) to work on /home/abayturar/airflow-project/venv/lib/python3.12/site-packages/airflow/example_dags/example_xcom.py
[2026-03-29T12:29:12.819+0500] {processor.py:830} INFO - Processing file /home/abayturar/airflow-project/venv/lib/python3.12/site-packages/airflow/example_dags/example_xcom.py for tasks to queue
[2026-03-29T12:29:12.821+0500] {logging_mixin.py:188} INFO - [2026-03-29T12:29:12.821+0500] {dagbag.py:545} INFO - Filling up the DagBag from /home/abayturar/airflow-project/venv/lib/python3.12/site-packages/airflow/example_dags/example_xcom.py
[2026-03-29T12:29:12.833+0500] {processor.py:840} INFO - DAG(s) 'example_xcom' retrieved from /home/abayturar/airflow-project/venv/lib/python3.12/site-packages/airflow/example_dags/example_xcom.py
[2026-03-29T12:29:12.852+0500] {logging_mixin.py:188} INFO - [2026-03-29T12:29:12.852+0500] {dag.py:3089} INFO - Sync 1 DAGs
[2026-03-29T12:29:12.869+0500] {logging_mixin.py:188} INFO - [2026-03-29T12:29:12.869+0500] {dag.py:3947} INFO - Setting next_dagrun for example_xcom to 2021-01-01 00:00:00+00:00, run_after=2021-01-01 00:00:00+00:00
[2026-03-29T12:29:12.891+0500] {processor.py:183} INFO - Processing /home/abayturar/airflow-project/venv/lib/python3.12/site-packages/airflow/example_dags/example_xcom.py took 0.080 seconds
[2026-03-29T12:30:01.854+0500] {processor.py:161} INFO - Started process (PID=4937) to work on /home/abayturar/airflow-project/venv/lib/python3.12/site-packages/airflow/example_dags/example_xcom.py
[2026-03-29T12:30:01.855+0500] {processor.py:830} INFO - Processing file /home/abayturar/airflow-project/venv/lib/python3.12/site-packages/airflow/example_dags/example_xcom.py for tasks to queue
[2026-03-29T12:30:01.857+0500] {logging_mixin.py:188} INFO - [2026-03-29T12:30:01.857+0500] {dagbag.py:545} INFO - Filling up the DagBag from /home/abayturar/airflow-project/venv/lib/python3.12/site-packages/airflow/example_dags/example_xcom.py
[2026-03-29T12:30:01.867+0500] {processor.py:840} INFO - DAG(s) 'example_xcom' retrieved from /home/abayturar/airflow-project/venv/lib/python3.12/site-packages/airflow/example_dags/example_xcom.py
[2026-03-29T12:30:01.885+0500] {logging_mixin.py:188} INFO - [2026-03-29T12:30:01.885+0500] {dag.py:3089} INFO - Sync 1 DAGs
[2026-03-29T12:30:01.904+0500] {logging_mixin.py:188} INFO - [2026-03-29T12:30:01.904+0500] {dag.py:3947} INFO - Setting next_dagrun for example_xcom to 2021-01-01 00:00:00+00:00, run_after=2021-01-01 00:00:00+00:00
[2026-03-29T12:30:01.962+0500] {processor.py:183} INFO - Processing /home/abayturar/airflow-project/venv/lib/python3.12/site-packages/airflow/example_dags/example_xcom.py took 0.115 seconds
[2026-03-29T12:30:52.500+0500] {processor.py:161} INFO - Started process (PID=5156) to work on /home/abayturar/airflow-project/venv/lib/python3.12/site-packages/airflow/example_dags/example_xcom.py
[2026-03-29T12:30:52.500+0500] {processor.py:830} INFO - Processing file /home/abayturar/airflow-project/venv/lib/python3.12/site-packages/airflow/example_dags/example_xcom.py for tasks to queue
[2026-03-29T12:30:52.502+0500] {logging_mixin.py:188} INFO - [2026-03-29T12:30:52.502+0500] {dagbag.py:545} INFO - Filling up the DagBag from /home/abayturar/airflow-project/venv/lib/python3.12/site-packages/airflow/example_dags/example_xcom.py
[2026-03-29T12:30:52.510+0500] {processor.py:840} INFO - DAG(s) 'example_xcom' retrieved from /home/abayturar/airflow-project/venv/lib/python3.12/site-packages/airflow/example_dags/example_xcom.py
[2026-03-29T12:30:52.525+0500] {logging_mixin.py:188} INFO - [2026-03-29T12:30:52.525+0500] {dag.py:3089} INFO - Sync 1 DAGs
[2026-03-29T12:30:52.538+0500] {logging_mixin.py:188} INFO - [2026-03-29T12:30:52.537+0500] {dag.py:3947} INFO - Setting next_dagrun for example_xcom to 2021-01-01 00:00:00+00:00, run_after=2021-01-01 00:00:00+00:00
[2026-03-29T12:30:52.590+0500] {processor.py:183} INFO - Processing /home/abayturar/airflow-project/venv/lib/python3.12/site-packages/airflow/example_dags/example_xcom.py took 0.097 seconds
[2026-03-29T12:31:40.504+0500] {processor.py:161} INFO - Started process (PID=5416) to work on /home/abayturar/airflow-project/venv/lib/python3.12/site-packages/airflow/example_dags/example_xcom.py
[2026-03-29T12:31:40.505+0500] {processor.py:830} INFO - Processing file /home/abayturar/airflow-project/venv/lib/python3.12/site-packages/airflow/example_dags/example_xcom.py for tasks to queue
[2026-03-29T12:31:40.509+0500] {logging_mixin.py:188} INFO - [2026-03-29T12:31:40.509+0500] {dagbag.py:545} INFO - Filling up the DagBag from /home/abayturar/airflow-project/venv/lib/python3.12/site-packages/airflow/example_dags/example_xcom.py
[2026-03-29T12:31:40.525+0500] {processor.py:840} INFO - DAG(s) 'example_xcom' retrieved from /home/abayturar/airflow-project/venv/lib/python3.12/site-packages/airflow/example_dags/example_xcom.py
[2026-03-29T12:31:40.551+0500] {logging_mixin.py:188} INFO - [2026-03-29T12:31:40.551+0500] {dag.py:3089} INFO - Sync 1 DAGs
[2026-03-29T12:31:40.584+0500] {logging_mixin.py:188} INFO - [2026-03-29T12:31:40.583+0500] {dag.py:3947} INFO - Setting next_dagrun for example_xcom to 2021-01-01 00:00:00+00:00, run_after=2021-01-01 00:00:00+00:00
[2026-03-29T12:31:40.645+0500] {processor.py:183} INFO - Processing /home/abayturar/airflow-project/venv/lib/python3.12/site-packages/airflow/example_dags/example_xcom.py took 0.152 seconds
[2026-03-29T12:32:28.643+0500] {processor.py:161} INFO - Started process (PID=5964) to work on /home/abayturar/airflow-project/venv/lib/python3.12/site-packages/airflow/example_dags/example_xcom.py
[2026-03-29T12:32:28.644+0500] {processor.py:830} INFO - Processing file /home/abayturar/airflow-project/venv/lib/python3.12/site-packages/airflow/example_dags/example_xcom.py for tasks to queue
[2026-03-29T12:32:28.646+0500] {logging_mixin.py:188} INFO - [2026-03-29T12:32:28.645+0500] {dagbag.py:545} INFO - Filling up the DagBag from /home/abayturar/airflow-project/venv/lib/python3.12/site-packages/airflow/example_dags/example_xcom.py
[2026-03-29T12:32:28.654+0500] {processor.py:840} INFO - DAG(s) 'example_xcom' retrieved from /home/abayturar/airflow-project/venv/lib/python3.12/site-packages/airflow/example_dags/example_xcom.py
[2026-03-29T12:32:28.673+0500] {logging_mixin.py:188} INFO - [2026-03-29T12:32:28.673+0500] {dag.py:3089} INFO - Sync 1 DAGs
[2026-03-29T12:32:28.690+0500] {logging_mixin.py:188} INFO - [2026-03-29T12:32:28.690+0500] {dag.py:3947} INFO - Setting next_dagrun for example_xcom to 2021-01-01 00:00:00+00:00, run_after=2021-01-01 00:00:00+00:00
[2026-03-29T12:32:28.749+0500] {processor.py:183} INFO - Processing /home/abayturar/airflow-project/venv/lib/python3.12/site-packages/airflow/example_dags/example_xcom.py took 0.115 seconds
[2026-03-29T12:33:16.705+0500] {processor.py:161} INFO - Started process (PID=6142) to work on /home/abayturar/airflow-project/venv/lib/python3.12/site-packages/airflow/example_dags/example_xcom.py
[2026-03-29T12:33:16.706+0500] {processor.py:830} INFO - Processing file /home/abayturar/airflow-project/venv/lib/python3.12/site-packages/airflow/example_dags/example_xcom.py for tasks to queue
[2026-03-29T12:33:16.708+0500] {logging_mixin.py:188} INFO - [2026-03-29T12:33:16.708+0500] {dagbag.py:545} INFO - Filling up the DagBag from /home/abayturar/airflow-project/venv/lib/python3.12/site-packages/airflow/example_dags/example_xcom.py
[2026-03-29T12:33:16.717+0500] {processor.py:840} INFO - DAG(s) 'example_xcom' retrieved from /home/abayturar/airflow-project/venv/lib/python3.12/site-packages/airflow/example_dags/example_xcom.py
[2026-03-29T12:33:16.741+0500] {logging_mixin.py:188} INFO - [2026-03-29T12:33:16.741+0500] {dag.py:3089} INFO - Sync 1 DAGs
[2026-03-29T12:33:16.759+0500] {logging_mixin.py:188} INFO - [2026-03-29T12:33:16.759+0500] {dag.py:3947} INFO - Setting next_dagrun for example_xcom to 2021-01-01 00:00:00+00:00, run_after=2021-01-01 00:00:00+00:00
[2026-03-29T12:33:16.779+0500] {processor.py:183} INFO - Processing /home/abayturar/airflow-project/venv/lib/python3.12/site-packages/airflow/example_dags/example_xcom.py took 0.081 seconds
[2026-03-29T12:34:05.769+0500] {processor.py:161} INFO - Started process (PID=6277) to work on /home/abayturar/airflow-project/venv/lib/python3.12/site-packages/airflow/example_dags/example_xcom.py
[2026-03-29T12:34:05.770+0500] {processor.py:830} INFO - Processing file /home/abayturar/airflow-project/venv/lib/python3.12/site-packages/airflow/example_dags/example_xcom.py for tasks to queue
[2026-03-29T12:34:05.772+0500] {logging_mixin.py:188} INFO - [2026-03-29T12:34:05.771+0500] {dagbag.py:545} INFO - Filling up the DagBag from /home/abayturar/airflow-project/venv/lib/python3.12/site-packages/airflow/example_dags/example_xcom.py
[2026-03-29T12:34:05.780+0500] {processor.py:840} INFO - DAG(s) 'example_xcom' retrieved from /home/abayturar/airflow-project/venv/lib/python3.12/site-packages/airflow/example_dags/example_xcom.py
[2026-03-29T12:34:05.797+0500] {logging_mixin.py:188} INFO - [2026-03-29T12:34:05.797+0500] {dag.py:3089} INFO - Sync 1 DAGs
[2026-03-29T12:34:05.812+0500] {logging_mixin.py:188} INFO - [2026-03-29T12:34:05.811+0500] {dag.py:3947} INFO - Setting next_dagrun for example_xcom to 2021-01-01 00:00:00+00:00, run_after=2021-01-01 00:00:00+00:00
[2026-03-29T12:34:05.828+0500] {processor.py:183} INFO - Processing /home/abayturar/airflow-project/venv/lib/python3.12/site-packages/airflow/example_dags/example_xcom.py took 0.066 seconds
[2026-03-29T12:34:53.991+0500] {processor.py:161} INFO - Started process (PID=6410) to work on /home/abayturar/airflow-project/venv/lib/python3.12/site-packages/airflow/example_dags/example_xcom.py
[2026-03-29T12:34:53.992+0500] {processor.py:830} INFO - Processing file /home/abayturar/airflow-project/venv/lib/python3.12/site-packages/airflow/example_dags/example_xcom.py for tasks to queue
[2026-03-29T12:34:53.994+0500] {logging_mixin.py:188} INFO - [2026-03-29T12:34:53.993+0500] {dagbag.py:545} INFO - Filling up the DagBag from /home/abayturar/airflow-project/venv/lib/python3.12/site-packages/airflow/example_dags/example_xcom.py
[2026-03-29T12:34:54.004+0500] {processor.py:840} INFO - DAG(s) 'example_xcom' retrieved from /home/abayturar/airflow-project/venv/lib/python3.12/site-packages/airflow/example_dags/example_xcom.py
[2026-03-29T12:34:54.022+0500] {logging_mixin.py:188} INFO - [2026-03-29T12:34:54.022+0500] {dag.py:3089} INFO - Sync 1 DAGs
[2026-03-29T12:34:54.039+0500] {logging_mixin.py:188} INFO - [2026-03-29T12:34:54.038+0500] {dag.py:3947} INFO - Setting next_dagrun for example_xcom to 2021-01-01 00:00:00+00:00, run_after=2021-01-01 00:00:00+00:00
[2026-03-29T12:34:54.061+0500] {processor.py:183} INFO - Processing /home/abayturar/airflow-project/venv/lib/python3.12/site-packages/airflow/example_dags/example_xcom.py took 0.079 seconds
[2026-03-29T12:35:43.286+0500] {processor.py:161} INFO - Started process (PID=6540) to work on /home/abayturar/airflow-project/venv/lib/python3.12/site-packages/airflow/example_dags/example_xcom.py
[2026-03-29T12:35:43.287+0500] {processor.py:830} INFO - Processing file /home/abayturar/airflow-project/venv/lib/python3.12/site-packages/airflow/example_dags/example_xcom.py for tasks to queue
[2026-03-29T12:35:43.288+0500] {logging_mixin.py:188} INFO - [2026-03-29T12:35:43.288+0500] {dagbag.py:545} INFO - Filling up the DagBag from /home/abayturar/airflow-project/venv/lib/python3.12/site-packages/airflow/example_dags/example_xcom.py
[2026-03-29T12:35:43.296+0500] {processor.py:840} INFO - DAG(s) 'example_xcom' retrieved from /home/abayturar/airflow-project/venv/lib/python3.12/site-packages/airflow/example_dags/example_xcom.py
[2026-03-29T12:35:43.311+0500] {logging_mixin.py:188} INFO - [2026-03-29T12:35:43.311+0500] {dag.py:3089} INFO - Sync 1 DAGs
[2026-03-29T12:35:43.324+0500] {logging_mixin.py:188} INFO - [2026-03-29T12:35:43.324+0500] {dag.py:3947} INFO - Setting next_dagrun for example_xcom to 2021-01-01 00:00:00+00:00, run_after=2021-01-01 00:00:00+00:00
[2026-03-29T12:35:43.378+0500] {processor.py:183} INFO - Processing /home/abayturar/airflow-project/venv/lib/python3.12/site-packages/airflow/example_dags/example_xcom.py took 0.098 seconds
[2026-03-29T12:36:33.311+0500] {processor.py:161} INFO - Started process (PID=6670) to work on /home/abayturar/airflow-project/venv/lib/python3.12/site-packages/airflow/example_dags/example_xcom.py
[2026-03-29T12:36:33.312+0500] {processor.py:830} INFO - Processing file /home/abayturar/airflow-project/venv/lib/python3.12/site-packages/airflow/example_dags/example_xcom.py for tasks to queue
[2026-03-29T12:36:33.314+0500] {logging_mixin.py:188} INFO - [2026-03-29T12:36:33.314+0500] {dagbag.py:545} INFO - Filling up the DagBag from /home/abayturar/airflow-project/venv/lib/python3.12/site-packages/airflow/example_dags/example_xcom.py
[2026-03-29T12:36:33.323+0500] {processor.py:840} INFO - DAG(s) 'example_xcom' retrieved from /home/abayturar/airflow-project/venv/lib/python3.12/site-packages/airflow/example_dags/example_xcom.py
[2026-03-29T12:36:33.340+0500] {logging_mixin.py:188} INFO - [2026-03-29T12:36:33.340+0500] {dag.py:3089} INFO - Sync 1 DAGs
[2026-03-29T12:36:33.355+0500] {logging_mixin.py:188} INFO - [2026-03-29T12:36:33.354+0500] {dag.py:3947} INFO - Setting next_dagrun for example_xcom to 2021-01-01 00:00:00+00:00, run_after=2021-01-01 00:00:00+00:00
[2026-03-29T12:36:33.410+0500] {processor.py:183} INFO - Processing /home/abayturar/airflow-project/venv/lib/python3.12/site-packages/airflow/example_dags/example_xcom.py took 0.106 seconds
[2026-03-29T12:37:21.887+0500] {processor.py:161} INFO - Started process (PID=6798) to work on /home/abayturar/airflow-project/venv/lib/python3.12/site-packages/airflow/example_dags/example_xcom.py
[2026-03-29T12:37:21.888+0500] {processor.py:830} INFO - Processing file /home/abayturar/airflow-project/venv/lib/python3.12/site-packages/airflow/example_dags/example_xcom.py for tasks to queue
[2026-03-29T12:37:21.889+0500] {logging_mixin.py:188} INFO - [2026-03-29T12:37:21.889+0500] {dagbag.py:545} INFO - Filling up the DagBag from /home/abayturar/airflow-project/venv/lib/python3.12/site-packages/airflow/example_dags/example_xcom.py
[2026-03-29T12:37:21.897+0500] {processor.py:840} INFO - DAG(s) 'example_xcom' retrieved from /home/abayturar/airflow-project/venv/lib/python3.12/site-packages/airflow/example_dags/example_xcom.py
[2026-03-29T12:37:21.912+0500] {logging_mixin.py:188} INFO - [2026-03-29T12:37:21.912+0500] {dag.py:3089} INFO - Sync 1 DAGs
[2026-03-29T12:37:21.926+0500] {logging_mixin.py:188} INFO - [2026-03-29T12:37:21.925+0500] {dag.py:3947} INFO - Setting next_dagrun for example_xcom to 2021-01-01 00:00:00+00:00, run_after=2021-01-01 00:00:00+00:00
[2026-03-29T12:37:21.980+0500] {processor.py:183} INFO - Processing /home/abayturar/airflow-project/venv/lib/python3.12/site-packages/airflow/example_dags/example_xcom.py took 0.099 seconds
[2026-03-29T12:38:13.020+0500] {processor.py:161} INFO - Started process (PID=6933) to work on /home/abayturar/airflow-project/venv/lib/python3.12/site-packages/airflow/example_dags/example_xcom.py
[2026-03-29T12:38:13.021+0500] {processor.py:830} INFO - Processing file /home/abayturar/airflow-project/venv/lib/python3.12/site-packages/airflow/example_dags/example_xcom.py for tasks to queue
[2026-03-29T12:38:13.023+0500] {logging_mixin.py:188} INFO - [2026-03-29T12:38:13.022+0500] {dagbag.py:545} INFO - Filling up the DagBag from /home/abayturar/airflow-project/venv/lib/python3.12/site-packages/airflow/example_dags/example_xcom.py
[2026-03-29T12:38:13.030+0500] {processor.py:840} INFO - DAG(s) 'example_xcom' retrieved from /home/abayturar/airflow-project/venv/lib/python3.12/site-packages/airflow/example_dags/example_xcom.py
[2026-03-29T12:38:13.046+0500] {logging_mixin.py:188} INFO - [2026-03-29T12:38:13.046+0500] {dag.py:3089} INFO - Sync 1 DAGs
[2026-03-29T12:38:13.059+0500] {logging_mixin.py:188} INFO - [2026-03-29T12:38:13.059+0500] {dag.py:3947} INFO - Setting next_dagrun for example_xcom to 2021-01-01 00:00:00+00:00, run_after=2021-01-01 00:00:00+00:00
[2026-03-29T12:38:13.113+0500] {processor.py:183} INFO - Processing /home/abayturar/airflow-project/venv/lib/python3.12/site-packages/airflow/example_dags/example_xcom.py took 0.099 seconds
[2026-03-29T12:39:04.932+0500] {processor.py:161} INFO - Started process (PID=7066) to work on /home/abayturar/airflow-project/venv/lib/python3.12/site-packages/airflow/example_dags/example_xcom.py
[2026-03-29T12:39:04.932+0500] {processor.py:830} INFO - Processing file /home/abayturar/airflow-project/venv/lib/python3.12/site-packages/airflow/example_dags/example_xcom.py for tasks to queue
[2026-03-29T12:39:04.934+0500] {logging_mixin.py:188} INFO - [2026-03-29T12:39:04.934+0500] {dagbag.py:545} INFO - Filling up the DagBag from /home/abayturar/airflow-project/venv/lib/python3.12/site-packages/airflow/example_dags/example_xcom.py
[2026-03-29T12:39:04.942+0500] {processor.py:840} INFO - DAG(s) 'example_xcom' retrieved from /home/abayturar/airflow-project/venv/lib/python3.12/site-packages/airflow/example_dags/example_xcom.py
[2026-03-29T12:39:04.957+0500] {logging_mixin.py:188} INFO - [2026-03-29T12:39:04.957+0500] {dag.py:3089} INFO - Sync 1 DAGs
[2026-03-29T12:39:04.970+0500] {logging_mixin.py:188} INFO - [2026-03-29T12:39:04.970+0500] {dag.py:3947} INFO - Setting next_dagrun for example_xcom to 2021-01-01 00:00:00+00:00, run_after=2021-01-01 00:00:00+00:00
[2026-03-29T12:39:05.024+0500] {processor.py:183} INFO - Processing /home/abayturar/airflow-project/venv/lib/python3.12/site-packages/airflow/example_dags/example_xcom.py took 0.098 seconds
[2026-03-29T12:39:56.842+0500] {processor.py:161} INFO - Started process (PID=7233) to work on /home/abayturar/airflow-project/venv/lib/python3.12/site-packages/airflow/example_dags/example_xcom.py
[2026-03-29T12:39:56.843+0500] {processor.py:830} INFO - Processing file /home/abayturar/airflow-project/venv/lib/python3.12/site-packages/airflow/example_dags/example_xcom.py for tasks to queue
[2026-03-29T12:39:56.845+0500] {logging_mixin.py:188} INFO - [2026-03-29T12:39:56.845+0500] {dagbag.py:545} INFO - Filling up the DagBag from /home/abayturar/airflow-project/venv/lib/python3.12/site-packages/airflow/example_dags/example_xcom.py
[2026-03-29T12:39:56.854+0500] {processor.py:840} INFO - DAG(s) 'example_xcom' retrieved from /home/abayturar/airflow-project/venv/lib/python3.12/site-packages/airflow/example_dags/example_xcom.py
[2026-03-29T12:39:56.872+0500] {logging_mixin.py:188} INFO - [2026-03-29T12:39:56.872+0500] {dag.py:3089} INFO - Sync 1 DAGs
[2026-03-29T12:39:56.887+0500] {logging_mixin.py:188} INFO - [2026-03-29T12:39:56.887+0500] {dag.py:3947} INFO - Setting next_dagrun for example_xcom to 2021-01-01 00:00:00+00:00, run_after=2021-01-01 00:00:00+00:00
[2026-03-29T12:39:56.942+0500] {processor.py:183} INFO - Processing /home/abayturar/airflow-project/venv/lib/python3.12/site-packages/airflow/example_dags/example_xcom.py took 0.106 seconds
[2026-03-29T12:40:46.494+0500] {processor.py:161} INFO - Started process (PID=7363) to work on /home/abayturar/airflow-project/venv/lib/python3.12/site-packages/airflow/example_dags/example_xcom.py
[2026-03-29T12:40:46.495+0500] {processor.py:830} INFO - Processing file /home/abayturar/airflow-project/venv/lib/python3.12/site-packages/airflow/example_dags/example_xcom.py for tasks to queue
[2026-03-29T12:40:46.497+0500] {logging_mixin.py:188} INFO - [2026-03-29T12:40:46.496+0500] {dagbag.py:545} INFO - Filling up the DagBag from /home/abayturar/airflow-project/venv/lib/python3.12/site-packages/airflow/example_dags/example_xcom.py
[2026-03-29T12:40:46.504+0500] {processor.py:840} INFO - DAG(s) 'example_xcom' retrieved from /home/abayturar/airflow-project/venv/lib/python3.12/site-packages/airflow/example_dags/example_xcom.py
[2026-03-29T12:40:46.520+0500] {logging_mixin.py:188} INFO - [2026-03-29T12:40:46.520+0500] {dag.py:3089} INFO - Sync 1 DAGs
[2026-03-29T12:40:46.534+0500] {logging_mixin.py:188} INFO - [2026-03-29T12:40:46.533+0500] {dag.py:3947} INFO - Setting next_dagrun for example_xcom to 2021-01-01 00:00:00+00:00, run_after=2021-01-01 00:00:00+00:00
[2026-03-29T12:40:46.552+0500] {processor.py:183} INFO - Processing /home/abayturar/airflow-project/venv/lib/python3.12/site-packages/airflow/example_dags/example_xcom.py took 0.064 seconds
[2026-03-29T12:41:37.828+0500] {processor.py:161} INFO - Started process (PID=7523) to work on /home/abayturar/airflow-project/venv/lib/python3.12/site-packages/airflow/example_dags/example_xcom.py
[2026-03-29T12:41:37.829+0500] {processor.py:830} INFO - Processing file /home/abayturar/airflow-project/venv/lib/python3.12/site-packages/airflow/example_dags/example_xcom.py for tasks to queue
[2026-03-29T12:41:37.832+0500] {logging_mixin.py:188} INFO - [2026-03-29T12:41:37.831+0500] {dagbag.py:545} INFO - Filling up the DagBag from /home/abayturar/airflow-project/venv/lib/python3.12/site-packages/airflow/example_dags/example_xcom.py
[2026-03-29T12:41:37.842+0500] {processor.py:840} INFO - DAG(s) 'example_xcom' retrieved from /home/abayturar/airflow-project/venv/lib/python3.12/site-packages/airflow/example_dags/example_xcom.py
[2026-03-29T12:41:37.868+0500] {logging_mixin.py:188} INFO - [2026-03-29T12:41:37.868+0500] {dag.py:3089} INFO - Sync 1 DAGs
[2026-03-29T12:41:37.890+0500] {logging_mixin.py:188} INFO - [2026-03-29T12:41:37.890+0500] {dag.py:3947} INFO - Setting next_dagrun for example_xcom to 2021-01-01 00:00:00+00:00, run_after=2021-01-01 00:00:00+00:00
[2026-03-29T12:41:37.946+0500] {processor.py:183} INFO - Processing /home/abayturar/airflow-project/venv/lib/python3.12/site-packages/airflow/example_dags/example_xcom.py took 0.125 seconds
[2026-03-29T12:42:29.021+0500] {processor.py:161} INFO - Started process (PID=7657) to work on /home/abayturar/airflow-project/venv/lib/python3.12/site-packages/airflow/example_dags/example_xcom.py
[2026-03-29T12:42:29.022+0500] {processor.py:830} INFO - Processing file /home/abayturar/airflow-project/venv/lib/python3.12/site-packages/airflow/example_dags/example_xcom.py for tasks to queue
[2026-03-29T12:42:29.024+0500] {logging_mixin.py:188} INFO - [2026-03-29T12:42:29.023+0500] {dagbag.py:545} INFO - Filling up the DagBag from /home/abayturar/airflow-project/venv/lib/python3.12/site-packages/airflow/example_dags/example_xcom.py
[2026-03-29T12:42:29.032+0500] {processor.py:840} INFO - DAG(s) 'example_xcom' retrieved from /home/abayturar/airflow-project/venv/lib/python3.12/site-packages/airflow/example_dags/example_xcom.py
[2026-03-29T12:42:29.048+0500] {logging_mixin.py:188} INFO - [2026-03-29T12:42:29.048+0500] {dag.py:3089} INFO - Sync 1 DAGs
[2026-03-29T12:42:29.062+0500] {logging_mixin.py:188} INFO - [2026-03-29T12:42:29.062+0500] {dag.py:3947} INFO - Setting next_dagrun for example_xcom to 2021-01-01 00:00:00+00:00, run_after=2021-01-01 00:00:00+00:00
[2026-03-29T12:42:29.118+0500] {processor.py:183} INFO - Processing /home/abayturar/airflow-project/venv/lib/python3.12/site-packages/airflow/example_dags/example_xcom.py took 0.103 seconds
[2026-03-29T12:43:22.139+0500] {processor.py:161} INFO - Started process (PID=7792) to work on /home/abayturar/airflow-project/venv/lib/python3.12/site-packages/airflow/example_dags/example_xcom.py
[2026-03-29T12:43:22.139+0500] {processor.py:830} INFO - Processing file /home/abayturar/airflow-project/venv/lib/python3.12/site-packages/airflow/example_dags/example_xcom.py for tasks to queue
[2026-03-29T12:43:22.142+0500] {logging_mixin.py:188} INFO - [2026-03-29T12:43:22.141+0500] {dagbag.py:545} INFO - Filling up the DagBag from /home/abayturar/airflow-project/venv/lib/python3.12/site-packages/airflow/example_dags/example_xcom.py
[2026-03-29T12:43:22.150+0500] {processor.py:840} INFO - DAG(s) 'example_xcom' retrieved from /home/abayturar/airflow-project/venv/lib/python3.12/site-packages/airflow/example_dags/example_xcom.py
[2026-03-29T12:43:22.167+0500] {logging_mixin.py:188} INFO - [2026-03-29T12:43:22.167+0500] {dag.py:3089} INFO - Sync 1 DAGs
[2026-03-29T12:43:22.181+0500] {logging_mixin.py:188} INFO - [2026-03-29T12:43:22.181+0500] {dag.py:3947} INFO - Setting next_dagrun for example_xcom to 2021-01-01 00:00:00+00:00, run_after=2021-01-01 00:00:00+00:00
[2026-03-29T12:43:22.237+0500] {processor.py:183} INFO - Processing /home/abayturar/airflow-project/venv/lib/python3.12/site-packages/airflow/example_dags/example_xcom.py took 0.106 seconds
[2026-03-29T12:44:14.744+0500] {processor.py:161} INFO - Started process (PID=8063) to work on /home/abayturar/airflow-project/venv/lib/python3.12/site-packages/airflow/example_dags/example_xcom.py
[2026-03-29T12:44:14.746+0500] {processor.py:830} INFO - Processing file /home/abayturar/airflow-project/venv/lib/python3.12/site-packages/airflow/example_dags/example_xcom.py for tasks to queue
[2026-03-29T12:44:14.747+0500] {logging_mixin.py:188} INFO - [2026-03-29T12:44:14.747+0500] {dagbag.py:545} INFO - Filling up the DagBag from /home/abayturar/airflow-project/venv/lib/python3.12/site-packages/airflow/example_dags/example_xcom.py
[2026-03-29T12:44:14.756+0500] {processor.py:840} INFO - DAG(s) 'example_xcom' retrieved from /home/abayturar/airflow-project/venv/lib/python3.12/site-packages/airflow/example_dags/example_xcom.py
[2026-03-29T12:44:14.772+0500] {logging_mixin.py:188} INFO - [2026-03-29T12:44:14.772+0500] {dag.py:3089} INFO - Sync 1 DAGs
[2026-03-29T12:44:14.786+0500] {logging_mixin.py:188} INFO - [2026-03-29T12:44:14.786+0500] {dag.py:3947} INFO - Setting next_dagrun for example_xcom to 2021-01-01 00:00:00+00:00, run_after=2021-01-01 00:00:00+00:00
[2026-03-29T12:44:14.803+0500] {processor.py:183} INFO - Processing /home/abayturar/airflow-project/venv/lib/python3.12/site-packages/airflow/example_dags/example_xcom.py took 0.066 seconds
[2026-03-29T12:45:09.098+0500] {processor.py:161} INFO - Started process (PID=8424) to work on /home/abayturar/airflow-project/venv/lib/python3.12/site-packages/airflow/example_dags/example_xcom.py
[2026-03-29T12:45:09.099+0500] {processor.py:830} INFO - Processing file /home/abayturar/airflow-project/venv/lib/python3.12/site-packages/airflow/example_dags/example_xcom.py for tasks to queue
[2026-03-29T12:45:09.100+0500] {logging_mixin.py:188} INFO - [2026-03-29T12:45:09.100+0500] {dagbag.py:545} INFO - Filling up the DagBag from /home/abayturar/airflow-project/venv/lib/python3.12/site-packages/airflow/example_dags/example_xcom.py
[2026-03-29T12:45:09.108+0500] {processor.py:840} INFO - DAG(s) 'example_xcom' retrieved from /home/abayturar/airflow-project/venv/lib/python3.12/site-packages/airflow/example_dags/example_xcom.py
[2026-03-29T12:45:09.124+0500] {logging_mixin.py:188} INFO - [2026-03-29T12:45:09.123+0500] {dag.py:3089} INFO - Sync 1 DAGs
[2026-03-29T12:45:09.137+0500] {logging_mixin.py:188} INFO - [2026-03-29T12:45:09.137+0500] {dag.py:3947} INFO - Setting next_dagrun for example_xcom to 2021-01-01 00:00:00+00:00, run_after=2021-01-01 00:00:00+00:00
[2026-03-29T12:45:09.191+0500] {processor.py:183} INFO - Processing /home/abayturar/airflow-project/venv/lib/python3.12/site-packages/airflow/example_dags/example_xcom.py took 0.099 seconds
[2026-03-29T12:46:02.149+0500] {processor.py:161} INFO - Started process (PID=8731) to work on /home/abayturar/airflow-project/venv/lib/python3.12/site-packages/airflow/example_dags/example_xcom.py
[2026-03-29T12:46:02.150+0500] {processor.py:830} INFO - Processing file /home/abayturar/airflow-project/venv/lib/python3.12/site-packages/airflow/example_dags/example_xcom.py for tasks to queue
[2026-03-29T12:46:02.152+0500] {logging_mixin.py:188} INFO - [2026-03-29T12:46:02.151+0500] {dagbag.py:545} INFO - Filling up the DagBag from /home/abayturar/airflow-project/venv/lib/python3.12/site-packages/airflow/example_dags/example_xcom.py
[2026-03-29T12:46:02.160+0500] {processor.py:840} INFO - DAG(s) 'example_xcom' retrieved from /home/abayturar/airflow-project/venv/lib/python3.12/site-packages/airflow/example_dags/example_xcom.py
[2026-03-29T12:46:02.175+0500] {logging_mixin.py:188} INFO - [2026-03-29T12:46:02.175+0500] {dag.py:3089} INFO - Sync 1 DAGs
[2026-03-29T12:46:02.189+0500] {logging_mixin.py:188} INFO - [2026-03-29T12:46:02.189+0500] {dag.py:3947} INFO - Setting next_dagrun for example_xcom to 2021-01-01 00:00:00+00:00, run_after=2021-01-01 00:00:00+00:00
[2026-03-29T12:46:02.242+0500] {processor.py:183} INFO - Processing /home/abayturar/airflow-project/venv/lib/python3.12/site-packages/airflow/example_dags/example_xcom.py took 0.100 seconds
[2026-03-29T12:46:54.021+0500] {processor.py:161} INFO - Started process (PID=8973) to work on /home/abayturar/airflow-project/venv/lib/python3.12/site-packages/airflow/example_dags/example_xcom.py
[2026-03-29T12:46:54.023+0500] {processor.py:830} INFO - Processing file /home/abayturar/airflow-project/venv/lib/python3.12/site-packages/airflow/example_dags/example_xcom.py for tasks to queue
[2026-03-29T12:46:54.025+0500] {logging_mixin.py:188} INFO - [2026-03-29T12:46:54.025+0500] {dagbag.py:545} INFO - Filling up the DagBag from /home/abayturar/airflow-project/venv/lib/python3.12/site-packages/airflow/example_dags/example_xcom.py
[2026-03-29T12:46:54.036+0500] {processor.py:840} INFO - DAG(s) 'example_xcom' retrieved from /home/abayturar/airflow-project/venv/lib/python3.12/site-packages/airflow/example_dags/example_xcom.py
[2026-03-29T12:46:54.053+0500] {logging_mixin.py:188} INFO - [2026-03-29T12:46:54.053+0500] {dag.py:3089} INFO - Sync 1 DAGs
[2026-03-29T12:46:54.067+0500] {logging_mixin.py:188} INFO - [2026-03-29T12:46:54.067+0500] {dag.py:3947} INFO - Setting next_dagrun for example_xcom to 2021-01-01 00:00:00+00:00, run_after=2021-01-01 00:00:00+00:00
[2026-03-29T12:46:54.123+0500] {processor.py:183} INFO - Processing /home/abayturar/airflow-project/venv/lib/python3.12/site-packages/airflow/example_dags/example_xcom.py took 0.110 seconds
