[2026-03-29T12:01:28.106+0500] {processor.py:161} INFO - Started process (PID=32249) to work on /home/abayturar/airflow-project/venv/lib/python3.12/site-packages/airflow/example_dags/example_python_operator.py
[2026-03-29T12:01:28.107+0500] {processor.py:830} INFO - Processing file /home/abayturar/airflow-project/venv/lib/python3.12/site-packages/airflow/example_dags/example_python_operator.py for tasks to queue
[2026-03-29T12:01:28.109+0500] {logging_mixin.py:188} INFO - [2026-03-29T12:01:28.108+0500] {dagbag.py:545} INFO - Filling up the DagBag from /home/abayturar/airflow-project/venv/lib/python3.12/site-packages/airflow/example_dags/example_python_operator.py
[2026-03-29T12:01:28.117+0500] {logging_mixin.py:188} INFO - [2026-03-29T12:01:28.117+0500] {example_python_operator.py:93} WARNING - The virtalenv_python example task requires virtualenv, please install it.
[2026-03-29T12:01:28.117+0500] {processor.py:840} INFO - DAG(s) 'example_python_operator' retrieved from /home/abayturar/airflow-project/venv/lib/python3.12/site-packages/airflow/example_dags/example_python_operator.py
[2026-03-29T12:01:28.136+0500] {logging_mixin.py:188} INFO - [2026-03-29T12:01:28.136+0500] {dag.py:3089} INFO - Sync 1 DAGs
[2026-03-29T12:01:28.146+0500] {logging_mixin.py:188} INFO - [2026-03-29T12:01:28.146+0500] {dag.py:3947} INFO - Setting next_dagrun for example_python_operator to None, run_after=None
[2026-03-29T12:01:28.169+0500] {processor.py:183} INFO - Processing /home/abayturar/airflow-project/venv/lib/python3.12/site-packages/airflow/example_dags/example_python_operator.py took 0.070 seconds
[2026-03-29T12:02:27.438+0500] {processor.py:161} INFO - Started process (PID=32553) to work on /home/abayturar/airflow-project/venv/lib/python3.12/site-packages/airflow/example_dags/example_python_operator.py
[2026-03-29T12:02:27.439+0500] {processor.py:830} INFO - Processing file /home/abayturar/airflow-project/venv/lib/python3.12/site-packages/airflow/example_dags/example_python_operator.py for tasks to queue
[2026-03-29T12:02:27.440+0500] {logging_mixin.py:188} INFO - [2026-03-29T12:02:27.440+0500] {dagbag.py:545} INFO - Filling up the DagBag from /home/abayturar/airflow-project/venv/lib/python3.12/site-packages/airflow/example_dags/example_python_operator.py
[2026-03-29T12:02:27.447+0500] {logging_mixin.py:188} INFO - [2026-03-29T12:02:27.447+0500] {example_python_operator.py:93} WARNING - The virtalenv_python example task requires virtualenv, please install it.
[2026-03-29T12:02:27.448+0500] {processor.py:840} INFO - DAG(s) 'example_python_operator' retrieved from /home/abayturar/airflow-project/venv/lib/python3.12/site-packages/airflow/example_dags/example_python_operator.py
[2026-03-29T12:02:27.463+0500] {logging_mixin.py:188} INFO - [2026-03-29T12:02:27.463+0500] {dag.py:3089} INFO - Sync 1 DAGs
[2026-03-29T12:02:27.472+0500] {logging_mixin.py:188} INFO - [2026-03-29T12:02:27.472+0500] {dag.py:3947} INFO - Setting next_dagrun for example_python_operator to None, run_after=None
[2026-03-29T12:02:27.487+0500] {processor.py:183} INFO - Processing /home/abayturar/airflow-project/venv/lib/python3.12/site-packages/airflow/example_dags/example_python_operator.py took 0.055 seconds
[2026-03-29T12:05:56.209+0500] {processor.py:161} INFO - Started process (PID=21) to work on /home/abayturar/airflow-project/venv/lib/python3.12/site-packages/airflow/example_dags/example_python_operator.py
[2026-03-29T12:05:56.210+0500] {processor.py:830} INFO - Processing file /home/abayturar/airflow-project/venv/lib/python3.12/site-packages/airflow/example_dags/example_python_operator.py for tasks to queue
[2026-03-29T12:05:56.212+0500] {logging_mixin.py:188} INFO - [2026-03-29T12:05:56.211+0500] {dagbag.py:545} INFO - Filling up the DagBag from /home/abayturar/airflow-project/venv/lib/python3.12/site-packages/airflow/example_dags/example_python_operator.py
[2026-03-29T12:05:56.219+0500] {logging_mixin.py:188} INFO - [2026-03-29T12:05:56.219+0500] {example_python_operator.py:93} WARNING - The virtalenv_python example task requires virtualenv, please install it.
[2026-03-29T12:05:56.219+0500] {processor.py:840} INFO - DAG(s) 'example_python_operator' retrieved from /home/abayturar/airflow-project/venv/lib/python3.12/site-packages/airflow/example_dags/example_python_operator.py
[2026-03-29T12:05:56.235+0500] {logging_mixin.py:188} INFO - [2026-03-29T12:05:56.235+0500] {dag.py:3089} INFO - Sync 1 DAGs
[2026-03-29T12:05:56.243+0500] {logging_mixin.py:188} INFO - [2026-03-29T12:05:56.243+0500] {dag.py:3947} INFO - Setting next_dagrun for example_python_operator to None, run_after=None
[2026-03-29T12:05:56.259+0500] {processor.py:183} INFO - Processing /home/abayturar/airflow-project/venv/lib/python3.12/site-packages/airflow/example_dags/example_python_operator.py took 0.056 seconds
[2026-03-29T12:06:50.548+0500] {processor.py:161} INFO - Started process (PID=242) to work on /home/abayturar/airflow-project/venv/lib/python3.12/site-packages/airflow/example_dags/example_python_operator.py
[2026-03-29T12:06:50.549+0500] {processor.py:830} INFO - Processing file /home/abayturar/airflow-project/venv/lib/python3.12/site-packages/airflow/example_dags/example_python_operator.py for tasks to queue
[2026-03-29T12:06:50.550+0500] {logging_mixin.py:188} INFO - [2026-03-29T12:06:50.550+0500] {dagbag.py:545} INFO - Filling up the DagBag from /home/abayturar/airflow-project/venv/lib/python3.12/site-packages/airflow/example_dags/example_python_operator.py
[2026-03-29T12:06:50.557+0500] {logging_mixin.py:188} INFO - [2026-03-29T12:06:50.557+0500] {example_python_operator.py:93} WARNING - The virtalenv_python example task requires virtualenv, please install it.
[2026-03-29T12:06:50.557+0500] {processor.py:840} INFO - DAG(s) 'example_python_operator' retrieved from /home/abayturar/airflow-project/venv/lib/python3.12/site-packages/airflow/example_dags/example_python_operator.py
[2026-03-29T12:06:50.573+0500] {logging_mixin.py:188} INFO - [2026-03-29T12:06:50.573+0500] {dag.py:3089} INFO - Sync 1 DAGs
[2026-03-29T12:06:50.582+0500] {logging_mixin.py:188} INFO - [2026-03-29T12:06:50.582+0500] {dag.py:3947} INFO - Setting next_dagrun for example_python_operator to None, run_after=None
[2026-03-29T12:06:50.636+0500] {processor.py:183} INFO - Processing /home/abayturar/airflow-project/venv/lib/python3.12/site-packages/airflow/example_dags/example_python_operator.py took 0.095 seconds
[2026-03-29T12:07:37.029+0500] {processor.py:161} INFO - Started process (PID=436) to work on /home/abayturar/airflow-project/venv/lib/python3.12/site-packages/airflow/example_dags/example_python_operator.py
[2026-03-29T12:07:37.030+0500] {processor.py:830} INFO - Processing file /home/abayturar/airflow-project/venv/lib/python3.12/site-packages/airflow/example_dags/example_python_operator.py for tasks to queue
[2026-03-29T12:07:37.032+0500] {logging_mixin.py:188} INFO - [2026-03-29T12:07:37.031+0500] {dagbag.py:545} INFO - Filling up the DagBag from /home/abayturar/airflow-project/venv/lib/python3.12/site-packages/airflow/example_dags/example_python_operator.py
[2026-03-29T12:07:37.039+0500] {logging_mixin.py:188} INFO - [2026-03-29T12:07:37.039+0500] {example_python_operator.py:93} WARNING - The virtalenv_python example task requires virtualenv, please install it.
[2026-03-29T12:07:37.039+0500] {processor.py:840} INFO - DAG(s) 'example_python_operator' retrieved from /home/abayturar/airflow-project/venv/lib/python3.12/site-packages/airflow/example_dags/example_python_operator.py
[2026-03-29T12:07:37.055+0500] {logging_mixin.py:188} INFO - [2026-03-29T12:07:37.055+0500] {dag.py:3089} INFO - Sync 1 DAGs
[2026-03-29T12:07:37.065+0500] {logging_mixin.py:188} INFO - [2026-03-29T12:07:37.064+0500] {dag.py:3947} INFO - Setting next_dagrun for example_python_operator to None, run_after=None
[2026-03-29T12:07:37.120+0500] {processor.py:183} INFO - Processing /home/abayturar/airflow-project/venv/lib/python3.12/site-packages/airflow/example_dags/example_python_operator.py took 0.096 seconds
[2026-03-29T12:08:26.177+0500] {processor.py:161} INFO - Started process (PID=631) to work on /home/abayturar/airflow-project/venv/lib/python3.12/site-packages/airflow/example_dags/example_python_operator.py
[2026-03-29T12:08:26.178+0500] {processor.py:830} INFO - Processing file /home/abayturar/airflow-project/venv/lib/python3.12/site-packages/airflow/example_dags/example_python_operator.py for tasks to queue
[2026-03-29T12:08:26.180+0500] {logging_mixin.py:188} INFO - [2026-03-29T12:08:26.179+0500] {dagbag.py:545} INFO - Filling up the DagBag from /home/abayturar/airflow-project/venv/lib/python3.12/site-packages/airflow/example_dags/example_python_operator.py
[2026-03-29T12:08:26.187+0500] {logging_mixin.py:188} INFO - [2026-03-29T12:08:26.187+0500] {example_python_operator.py:93} WARNING - The virtalenv_python example task requires virtualenv, please install it.
[2026-03-29T12:08:26.188+0500] {processor.py:840} INFO - DAG(s) 'example_python_operator' retrieved from /home/abayturar/airflow-project/venv/lib/python3.12/site-packages/airflow/example_dags/example_python_operator.py
[2026-03-29T12:08:26.207+0500] {logging_mixin.py:188} INFO - [2026-03-29T12:08:26.207+0500] {dag.py:3089} INFO - Sync 1 DAGs
[2026-03-29T12:08:26.218+0500] {logging_mixin.py:188} INFO - [2026-03-29T12:08:26.218+0500] {dag.py:3947} INFO - Setting next_dagrun for example_python_operator to None, run_after=None
[2026-03-29T12:08:26.272+0500] {processor.py:183} INFO - Processing /home/abayturar/airflow-project/venv/lib/python3.12/site-packages/airflow/example_dags/example_python_operator.py took 0.102 seconds
[2026-03-29T12:09:16.845+0500] {processor.py:161} INFO - Started process (PID=848) to work on /home/abayturar/airflow-project/venv/lib/python3.12/site-packages/airflow/example_dags/example_python_operator.py
[2026-03-29T12:09:16.846+0500] {processor.py:830} INFO - Processing file /home/abayturar/airflow-project/venv/lib/python3.12/site-packages/airflow/example_dags/example_python_operator.py for tasks to queue
[2026-03-29T12:09:16.848+0500] {logging_mixin.py:188} INFO - [2026-03-29T12:09:16.847+0500] {dagbag.py:545} INFO - Filling up the DagBag from /home/abayturar/airflow-project/venv/lib/python3.12/site-packages/airflow/example_dags/example_python_operator.py
[2026-03-29T12:09:16.855+0500] {logging_mixin.py:188} INFO - [2026-03-29T12:09:16.854+0500] {example_python_operator.py:93} WARNING - The virtalenv_python example task requires virtualenv, please install it.
[2026-03-29T12:09:16.855+0500] {processor.py:840} INFO - DAG(s) 'example_python_operator' retrieved from /home/abayturar/airflow-project/venv/lib/python3.12/site-packages/airflow/example_dags/example_python_operator.py
[2026-03-29T12:09:16.870+0500] {logging_mixin.py:188} INFO - [2026-03-29T12:09:16.870+0500] {dag.py:3089} INFO - Sync 1 DAGs
[2026-03-29T12:09:16.878+0500] {logging_mixin.py:188} INFO - [2026-03-29T12:09:16.878+0500] {dag.py:3947} INFO - Setting next_dagrun for example_python_operator to None, run_after=None
[2026-03-29T12:09:16.934+0500] {processor.py:183} INFO - Processing /home/abayturar/airflow-project/venv/lib/python3.12/site-packages/airflow/example_dags/example_python_operator.py took 0.095 seconds
[2026-03-29T12:10:07.297+0500] {processor.py:161} INFO - Started process (PID=991) to work on /home/abayturar/airflow-project/venv/lib/python3.12/site-packages/airflow/example_dags/example_python_operator.py
[2026-03-29T12:10:07.298+0500] {processor.py:830} INFO - Processing file /home/abayturar/airflow-project/venv/lib/python3.12/site-packages/airflow/example_dags/example_python_operator.py for tasks to queue
[2026-03-29T12:10:07.300+0500] {logging_mixin.py:188} INFO - [2026-03-29T12:10:07.299+0500] {dagbag.py:545} INFO - Filling up the DagBag from /home/abayturar/airflow-project/venv/lib/python3.12/site-packages/airflow/example_dags/example_python_operator.py
[2026-03-29T12:10:07.309+0500] {logging_mixin.py:188} INFO - [2026-03-29T12:10:07.309+0500] {example_python_operator.py:93} WARNING - The virtalenv_python example task requires virtualenv, please install it.
[2026-03-29T12:10:07.310+0500] {processor.py:840} INFO - DAG(s) 'example_python_operator' retrieved from /home/abayturar/airflow-project/venv/lib/python3.12/site-packages/airflow/example_dags/example_python_operator.py
[2026-03-29T12:10:07.327+0500] {logging_mixin.py:188} INFO - [2026-03-29T12:10:07.327+0500] {dag.py:3089} INFO - Sync 1 DAGs
[2026-03-29T12:10:07.336+0500] {logging_mixin.py:188} INFO - [2026-03-29T12:10:07.336+0500] {dag.py:3947} INFO - Setting next_dagrun for example_python_operator to None, run_after=None
[2026-03-29T12:10:07.389+0500] {processor.py:183} INFO - Processing /home/abayturar/airflow-project/venv/lib/python3.12/site-packages/airflow/example_dags/example_python_operator.py took 0.097 seconds
[2026-03-29T12:10:56.237+0500] {processor.py:161} INFO - Started process (PID=1118) to work on /home/abayturar/airflow-project/venv/lib/python3.12/site-packages/airflow/example_dags/example_python_operator.py
[2026-03-29T12:10:56.237+0500] {processor.py:830} INFO - Processing file /home/abayturar/airflow-project/venv/lib/python3.12/site-packages/airflow/example_dags/example_python_operator.py for tasks to queue
[2026-03-29T12:10:56.239+0500] {logging_mixin.py:188} INFO - [2026-03-29T12:10:56.239+0500] {dagbag.py:545} INFO - Filling up the DagBag from /home/abayturar/airflow-project/venv/lib/python3.12/site-packages/airflow/example_dags/example_python_operator.py
[2026-03-29T12:10:56.246+0500] {logging_mixin.py:188} INFO - [2026-03-29T12:10:56.246+0500] {example_python_operator.py:93} WARNING - The virtalenv_python example task requires virtualenv, please install it.
[2026-03-29T12:10:56.246+0500] {processor.py:840} INFO - DAG(s) 'example_python_operator' retrieved from /home/abayturar/airflow-project/venv/lib/python3.12/site-packages/airflow/example_dags/example_python_operator.py
[2026-03-29T12:10:56.264+0500] {logging_mixin.py:188} INFO - [2026-03-29T12:10:56.264+0500] {dag.py:3089} INFO - Sync 1 DAGs
[2026-03-29T12:10:56.273+0500] {logging_mixin.py:188} INFO - [2026-03-29T12:10:56.273+0500] {dag.py:3947} INFO - Setting next_dagrun for example_python_operator to None, run_after=None
[2026-03-29T12:10:56.328+0500] {processor.py:183} INFO - Processing /home/abayturar/airflow-project/venv/lib/python3.12/site-packages/airflow/example_dags/example_python_operator.py took 0.097 seconds
[2026-03-29T12:11:44.759+0500] {processor.py:161} INFO - Started process (PID=1249) to work on /home/abayturar/airflow-project/venv/lib/python3.12/site-packages/airflow/example_dags/example_python_operator.py
[2026-03-29T12:11:44.760+0500] {processor.py:830} INFO - Processing file /home/abayturar/airflow-project/venv/lib/python3.12/site-packages/airflow/example_dags/example_python_operator.py for tasks to queue
[2026-03-29T12:11:44.761+0500] {logging_mixin.py:188} INFO - [2026-03-29T12:11:44.761+0500] {dagbag.py:545} INFO - Filling up the DagBag from /home/abayturar/airflow-project/venv/lib/python3.12/site-packages/airflow/example_dags/example_python_operator.py
[2026-03-29T12:11:44.768+0500] {logging_mixin.py:188} INFO - [2026-03-29T12:11:44.768+0500] {example_python_operator.py:93} WARNING - The virtalenv_python example task requires virtualenv, please install it.
[2026-03-29T12:11:44.768+0500] {processor.py:840} INFO - DAG(s) 'example_python_operator' retrieved from /home/abayturar/airflow-project/venv/lib/python3.12/site-packages/airflow/example_dags/example_python_operator.py
[2026-03-29T12:11:44.783+0500] {logging_mixin.py:188} INFO - [2026-03-29T12:11:44.783+0500] {dag.py:3089} INFO - Sync 1 DAGs
[2026-03-29T12:11:44.792+0500] {logging_mixin.py:188} INFO - [2026-03-29T12:11:44.792+0500] {dag.py:3947} INFO - Setting next_dagrun for example_python_operator to None, run_after=None
[2026-03-29T12:11:44.845+0500] {processor.py:183} INFO - Processing /home/abayturar/airflow-project/venv/lib/python3.12/site-packages/airflow/example_dags/example_python_operator.py took 0.091 seconds
[2026-03-29T12:12:36.405+0500] {processor.py:161} INFO - Started process (PID=1383) to work on /home/abayturar/airflow-project/venv/lib/python3.12/site-packages/airflow/example_dags/example_python_operator.py
[2026-03-29T12:12:36.405+0500] {processor.py:830} INFO - Processing file /home/abayturar/airflow-project/venv/lib/python3.12/site-packages/airflow/example_dags/example_python_operator.py for tasks to queue
[2026-03-29T12:12:36.407+0500] {logging_mixin.py:188} INFO - [2026-03-29T12:12:36.407+0500] {dagbag.py:545} INFO - Filling up the DagBag from /home/abayturar/airflow-project/venv/lib/python3.12/site-packages/airflow/example_dags/example_python_operator.py
[2026-03-29T12:12:36.414+0500] {logging_mixin.py:188} INFO - [2026-03-29T12:12:36.413+0500] {example_python_operator.py:93} WARNING - The virtalenv_python example task requires virtualenv, please install it.
[2026-03-29T12:12:36.414+0500] {processor.py:840} INFO - DAG(s) 'example_python_operator' retrieved from /home/abayturar/airflow-project/venv/lib/python3.12/site-packages/airflow/example_dags/example_python_operator.py
[2026-03-29T12:12:36.429+0500] {logging_mixin.py:188} INFO - [2026-03-29T12:12:36.429+0500] {dag.py:3089} INFO - Sync 1 DAGs
[2026-03-29T12:12:36.438+0500] {logging_mixin.py:188} INFO - [2026-03-29T12:12:36.437+0500] {dag.py:3947} INFO - Setting next_dagrun for example_python_operator to None, run_after=None
[2026-03-29T12:12:36.491+0500] {processor.py:183} INFO - Processing /home/abayturar/airflow-project/venv/lib/python3.12/site-packages/airflow/example_dags/example_python_operator.py took 0.092 seconds
[2026-03-29T12:13:28.045+0500] {processor.py:161} INFO - Started process (PID=1519) to work on /home/abayturar/airflow-project/venv/lib/python3.12/site-packages/airflow/example_dags/example_python_operator.py
[2026-03-29T12:13:28.045+0500] {processor.py:830} INFO - Processing file /home/abayturar/airflow-project/venv/lib/python3.12/site-packages/airflow/example_dags/example_python_operator.py for tasks to queue
[2026-03-29T12:13:28.047+0500] {logging_mixin.py:188} INFO - [2026-03-29T12:13:28.047+0500] {dagbag.py:545} INFO - Filling up the DagBag from /home/abayturar/airflow-project/venv/lib/python3.12/site-packages/airflow/example_dags/example_python_operator.py
[2026-03-29T12:13:28.054+0500] {logging_mixin.py:188} INFO - [2026-03-29T12:13:28.054+0500] {example_python_operator.py:93} WARNING - The virtalenv_python example task requires virtualenv, please install it.
[2026-03-29T12:13:28.054+0500] {processor.py:840} INFO - DAG(s) 'example_python_operator' retrieved from /home/abayturar/airflow-project/venv/lib/python3.12/site-packages/airflow/example_dags/example_python_operator.py
[2026-03-29T12:13:28.069+0500] {logging_mixin.py:188} INFO - [2026-03-29T12:13:28.069+0500] {dag.py:3089} INFO - Sync 1 DAGs
[2026-03-29T12:13:28.078+0500] {logging_mixin.py:188} INFO - [2026-03-29T12:13:28.078+0500] {dag.py:3947} INFO - Setting next_dagrun for example_python_operator to None, run_after=None
[2026-03-29T12:13:28.217+0500] {processor.py:183} INFO - Processing /home/abayturar/airflow-project/venv/lib/python3.12/site-packages/airflow/example_dags/example_python_operator.py took 0.178 seconds
[2026-03-29T12:14:17.469+0500] {processor.py:161} INFO - Started process (PID=1649) to work on /home/abayturar/airflow-project/venv/lib/python3.12/site-packages/airflow/example_dags/example_python_operator.py
[2026-03-29T12:14:17.470+0500] {processor.py:830} INFO - Processing file /home/abayturar/airflow-project/venv/lib/python3.12/site-packages/airflow/example_dags/example_python_operator.py for tasks to queue
[2026-03-29T12:14:17.472+0500] {logging_mixin.py:188} INFO - [2026-03-29T12:14:17.471+0500] {dagbag.py:545} INFO - Filling up the DagBag from /home/abayturar/airflow-project/venv/lib/python3.12/site-packages/airflow/example_dags/example_python_operator.py
[2026-03-29T12:14:17.478+0500] {logging_mixin.py:188} INFO - [2026-03-29T12:14:17.478+0500] {example_python_operator.py:93} WARNING - The virtalenv_python example task requires virtualenv, please install it.
[2026-03-29T12:14:17.479+0500] {processor.py:840} INFO - DAG(s) 'example_python_operator' retrieved from /home/abayturar/airflow-project/venv/lib/python3.12/site-packages/airflow/example_dags/example_python_operator.py
[2026-03-29T12:14:17.494+0500] {logging_mixin.py:188} INFO - [2026-03-29T12:14:17.494+0500] {dag.py:3089} INFO - Sync 1 DAGs
[2026-03-29T12:14:17.502+0500] {logging_mixin.py:188} INFO - [2026-03-29T12:14:17.502+0500] {dag.py:3947} INFO - Setting next_dagrun for example_python_operator to None, run_after=None
[2026-03-29T12:14:17.556+0500] {processor.py:183} INFO - Processing /home/abayturar/airflow-project/venv/lib/python3.12/site-packages/airflow/example_dags/example_python_operator.py took 0.092 seconds
[2026-03-29T12:15:10.606+0500] {processor.py:161} INFO - Started process (PID=1788) to work on /home/abayturar/airflow-project/venv/lib/python3.12/site-packages/airflow/example_dags/example_python_operator.py
[2026-03-29T12:15:10.607+0500] {processor.py:830} INFO - Processing file /home/abayturar/airflow-project/venv/lib/python3.12/site-packages/airflow/example_dags/example_python_operator.py for tasks to queue
[2026-03-29T12:15:10.608+0500] {logging_mixin.py:188} INFO - [2026-03-29T12:15:10.608+0500] {dagbag.py:545} INFO - Filling up the DagBag from /home/abayturar/airflow-project/venv/lib/python3.12/site-packages/airflow/example_dags/example_python_operator.py
[2026-03-29T12:15:10.615+0500] {logging_mixin.py:188} INFO - [2026-03-29T12:15:10.615+0500] {example_python_operator.py:93} WARNING - The virtalenv_python example task requires virtualenv, please install it.
[2026-03-29T12:15:10.615+0500] {processor.py:840} INFO - DAG(s) 'example_python_operator' retrieved from /home/abayturar/airflow-project/venv/lib/python3.12/site-packages/airflow/example_dags/example_python_operator.py
[2026-03-29T12:15:10.632+0500] {logging_mixin.py:188} INFO - [2026-03-29T12:15:10.631+0500] {dag.py:3089} INFO - Sync 1 DAGs
[2026-03-29T12:15:10.640+0500] {logging_mixin.py:188} INFO - [2026-03-29T12:15:10.640+0500] {dag.py:3947} INFO - Setting next_dagrun for example_python_operator to None, run_after=None
[2026-03-29T12:15:10.694+0500] {processor.py:183} INFO - Processing /home/abayturar/airflow-project/venv/lib/python3.12/site-packages/airflow/example_dags/example_python_operator.py took 0.094 seconds
[2026-03-29T12:16:04.322+0500] {processor.py:161} INFO - Started process (PID=1926) to work on /home/abayturar/airflow-project/venv/lib/python3.12/site-packages/airflow/example_dags/example_python_operator.py
[2026-03-29T12:16:04.322+0500] {processor.py:830} INFO - Processing file /home/abayturar/airflow-project/venv/lib/python3.12/site-packages/airflow/example_dags/example_python_operator.py for tasks to queue
[2026-03-29T12:16:04.324+0500] {logging_mixin.py:188} INFO - [2026-03-29T12:16:04.324+0500] {dagbag.py:545} INFO - Filling up the DagBag from /home/abayturar/airflow-project/venv/lib/python3.12/site-packages/airflow/example_dags/example_python_operator.py
[2026-03-29T12:16:04.331+0500] {logging_mixin.py:188} INFO - [2026-03-29T12:16:04.331+0500] {example_python_operator.py:93} WARNING - The virtalenv_python example task requires virtualenv, please install it.
[2026-03-29T12:16:04.332+0500] {processor.py:840} INFO - DAG(s) 'example_python_operator' retrieved from /home/abayturar/airflow-project/venv/lib/python3.12/site-packages/airflow/example_dags/example_python_operator.py
[2026-03-29T12:16:04.348+0500] {logging_mixin.py:188} INFO - [2026-03-29T12:16:04.348+0500] {dag.py:3089} INFO - Sync 1 DAGs
[2026-03-29T12:16:04.357+0500] {logging_mixin.py:188} INFO - [2026-03-29T12:16:04.357+0500] {dag.py:3947} INFO - Setting next_dagrun for example_python_operator to None, run_after=None
[2026-03-29T12:16:04.412+0500] {processor.py:183} INFO - Processing /home/abayturar/airflow-project/venv/lib/python3.12/site-packages/airflow/example_dags/example_python_operator.py took 0.097 seconds
[2026-03-29T12:16:57.581+0500] {processor.py:161} INFO - Started process (PID=2066) to work on /home/abayturar/airflow-project/venv/lib/python3.12/site-packages/airflow/example_dags/example_python_operator.py
[2026-03-29T12:16:57.582+0500] {processor.py:830} INFO - Processing file /home/abayturar/airflow-project/venv/lib/python3.12/site-packages/airflow/example_dags/example_python_operator.py for tasks to queue
[2026-03-29T12:16:57.583+0500] {logging_mixin.py:188} INFO - [2026-03-29T12:16:57.583+0500] {dagbag.py:545} INFO - Filling up the DagBag from /home/abayturar/airflow-project/venv/lib/python3.12/site-packages/airflow/example_dags/example_python_operator.py
[2026-03-29T12:16:57.590+0500] {logging_mixin.py:188} INFO - [2026-03-29T12:16:57.590+0500] {example_python_operator.py:93} WARNING - The virtalenv_python example task requires virtualenv, please install it.
[2026-03-29T12:16:57.590+0500] {processor.py:840} INFO - DAG(s) 'example_python_operator' retrieved from /home/abayturar/airflow-project/venv/lib/python3.12/site-packages/airflow/example_dags/example_python_operator.py
[2026-03-29T12:16:57.606+0500] {logging_mixin.py:188} INFO - [2026-03-29T12:16:57.606+0500] {dag.py:3089} INFO - Sync 1 DAGs
[2026-03-29T12:16:57.700+0500] {logging_mixin.py:188} INFO - [2026-03-29T12:16:57.700+0500] {dag.py:3947} INFO - Setting next_dagrun for example_python_operator to None, run_after=None
[2026-03-29T12:16:57.753+0500] {processor.py:183} INFO - Processing /home/abayturar/airflow-project/venv/lib/python3.12/site-packages/airflow/example_dags/example_python_operator.py took 0.178 seconds
[2026-03-29T12:17:49.957+0500] {processor.py:161} INFO - Started process (PID=2204) to work on /home/abayturar/airflow-project/venv/lib/python3.12/site-packages/airflow/example_dags/example_python_operator.py
[2026-03-29T12:17:49.957+0500] {processor.py:830} INFO - Processing file /home/abayturar/airflow-project/venv/lib/python3.12/site-packages/airflow/example_dags/example_python_operator.py for tasks to queue
[2026-03-29T12:17:49.959+0500] {logging_mixin.py:188} INFO - [2026-03-29T12:17:49.959+0500] {dagbag.py:545} INFO - Filling up the DagBag from /home/abayturar/airflow-project/venv/lib/python3.12/site-packages/airflow/example_dags/example_python_operator.py
[2026-03-29T12:17:49.967+0500] {logging_mixin.py:188} INFO - [2026-03-29T12:17:49.966+0500] {example_python_operator.py:93} WARNING - The virtalenv_python example task requires virtualenv, please install it.
[2026-03-29T12:17:49.967+0500] {processor.py:840} INFO - DAG(s) 'example_python_operator' retrieved from /home/abayturar/airflow-project/venv/lib/python3.12/site-packages/airflow/example_dags/example_python_operator.py
[2026-03-29T12:17:49.986+0500] {logging_mixin.py:188} INFO - [2026-03-29T12:17:49.986+0500] {dag.py:3089} INFO - Sync 1 DAGs
[2026-03-29T12:17:49.996+0500] {logging_mixin.py:188} INFO - [2026-03-29T12:17:49.996+0500] {dag.py:3947} INFO - Setting next_dagrun for example_python_operator to None, run_after=None
[2026-03-29T12:17:50.052+0500] {processor.py:183} INFO - Processing /home/abayturar/airflow-project/venv/lib/python3.12/site-packages/airflow/example_dags/example_python_operator.py took 0.103 seconds
[2026-03-29T12:18:41.903+0500] {processor.py:161} INFO - Started process (PID=2338) to work on /home/abayturar/airflow-project/venv/lib/python3.12/site-packages/airflow/example_dags/example_python_operator.py
[2026-03-29T12:18:41.904+0500] {processor.py:830} INFO - Processing file /home/abayturar/airflow-project/venv/lib/python3.12/site-packages/airflow/example_dags/example_python_operator.py for tasks to queue
[2026-03-29T12:18:41.906+0500] {logging_mixin.py:188} INFO - [2026-03-29T12:18:41.905+0500] {dagbag.py:545} INFO - Filling up the DagBag from /home/abayturar/airflow-project/venv/lib/python3.12/site-packages/airflow/example_dags/example_python_operator.py
[2026-03-29T12:18:41.913+0500] {logging_mixin.py:188} INFO - [2026-03-29T12:18:41.912+0500] {example_python_operator.py:93} WARNING - The virtalenv_python example task requires virtualenv, please install it.
[2026-03-29T12:18:41.913+0500] {processor.py:840} INFO - DAG(s) 'example_python_operator' retrieved from /home/abayturar/airflow-project/venv/lib/python3.12/site-packages/airflow/example_dags/example_python_operator.py
[2026-03-29T12:18:41.928+0500] {logging_mixin.py:188} INFO - [2026-03-29T12:18:41.928+0500] {dag.py:3089} INFO - Sync 1 DAGs
[2026-03-29T12:18:41.937+0500] {logging_mixin.py:188} INFO - [2026-03-29T12:18:41.937+0500] {dag.py:3947} INFO - Setting next_dagrun for example_python_operator to None, run_after=None
[2026-03-29T12:18:41.992+0500] {processor.py:183} INFO - Processing /home/abayturar/airflow-project/venv/lib/python3.12/site-packages/airflow/example_dags/example_python_operator.py took 0.095 seconds
[2026-03-29T12:19:32.772+0500] {processor.py:161} INFO - Started process (PID=2474) to work on /home/abayturar/airflow-project/venv/lib/python3.12/site-packages/airflow/example_dags/example_python_operator.py
[2026-03-29T12:19:32.773+0500] {processor.py:830} INFO - Processing file /home/abayturar/airflow-project/venv/lib/python3.12/site-packages/airflow/example_dags/example_python_operator.py for tasks to queue
[2026-03-29T12:19:32.776+0500] {logging_mixin.py:188} INFO - [2026-03-29T12:19:32.775+0500] {dagbag.py:545} INFO - Filling up the DagBag from /home/abayturar/airflow-project/venv/lib/python3.12/site-packages/airflow/example_dags/example_python_operator.py
[2026-03-29T12:19:32.783+0500] {logging_mixin.py:188} INFO - [2026-03-29T12:19:32.783+0500] {example_python_operator.py:93} WARNING - The virtalenv_python example task requires virtualenv, please install it.
[2026-03-29T12:19:32.784+0500] {processor.py:840} INFO - DAG(s) 'example_python_operator' retrieved from /home/abayturar/airflow-project/venv/lib/python3.12/site-packages/airflow/example_dags/example_python_operator.py
[2026-03-29T12:19:32.800+0500] {logging_mixin.py:188} INFO - [2026-03-29T12:19:32.800+0500] {dag.py:3089} INFO - Sync 1 DAGs
[2026-03-29T12:19:32.811+0500] {logging_mixin.py:188} INFO - [2026-03-29T12:19:32.811+0500] {dag.py:3947} INFO - Setting next_dagrun for example_python_operator to None, run_after=None
[2026-03-29T12:19:32.864+0500] {processor.py:183} INFO - Processing /home/abayturar/airflow-project/venv/lib/python3.12/site-packages/airflow/example_dags/example_python_operator.py took 0.099 seconds
[2026-03-29T12:20:25.290+0500] {processor.py:161} INFO - Started process (PID=2607) to work on /home/abayturar/airflow-project/venv/lib/python3.12/site-packages/airflow/example_dags/example_python_operator.py
[2026-03-29T12:20:25.291+0500] {processor.py:830} INFO - Processing file /home/abayturar/airflow-project/venv/lib/python3.12/site-packages/airflow/example_dags/example_python_operator.py for tasks to queue
[2026-03-29T12:20:25.292+0500] {logging_mixin.py:188} INFO - [2026-03-29T12:20:25.292+0500] {dagbag.py:545} INFO - Filling up the DagBag from /home/abayturar/airflow-project/venv/lib/python3.12/site-packages/airflow/example_dags/example_python_operator.py
[2026-03-29T12:20:25.300+0500] {logging_mixin.py:188} INFO - [2026-03-29T12:20:25.300+0500] {example_python_operator.py:93} WARNING - The virtalenv_python example task requires virtualenv, please install it.
[2026-03-29T12:20:25.301+0500] {processor.py:840} INFO - DAG(s) 'example_python_operator' retrieved from /home/abayturar/airflow-project/venv/lib/python3.12/site-packages/airflow/example_dags/example_python_operator.py
[2026-03-29T12:20:25.323+0500] {logging_mixin.py:188} INFO - [2026-03-29T12:20:25.323+0500] {dag.py:3089} INFO - Sync 1 DAGs
[2026-03-29T12:20:25.337+0500] {logging_mixin.py:188} INFO - [2026-03-29T12:20:25.336+0500] {dag.py:3947} INFO - Setting next_dagrun for example_python_operator to None, run_after=None
[2026-03-29T12:20:25.356+0500] {processor.py:183} INFO - Processing /home/abayturar/airflow-project/venv/lib/python3.12/site-packages/airflow/example_dags/example_python_operator.py took 0.073 seconds
[2026-03-29T12:21:17.908+0500] {processor.py:161} INFO - Started process (PID=2747) to work on /home/abayturar/airflow-project/venv/lib/python3.12/site-packages/airflow/example_dags/example_python_operator.py
[2026-03-29T12:21:17.909+0500] {processor.py:830} INFO - Processing file /home/abayturar/airflow-project/venv/lib/python3.12/site-packages/airflow/example_dags/example_python_operator.py for tasks to queue
[2026-03-29T12:21:17.911+0500] {logging_mixin.py:188} INFO - [2026-03-29T12:21:17.911+0500] {dagbag.py:545} INFO - Filling up the DagBag from /home/abayturar/airflow-project/venv/lib/python3.12/site-packages/airflow/example_dags/example_python_operator.py
[2026-03-29T12:21:17.919+0500] {logging_mixin.py:188} INFO - [2026-03-29T12:21:17.919+0500] {example_python_operator.py:93} WARNING - The virtalenv_python example task requires virtualenv, please install it.
[2026-03-29T12:21:17.920+0500] {processor.py:840} INFO - DAG(s) 'example_python_operator' retrieved from /home/abayturar/airflow-project/venv/lib/python3.12/site-packages/airflow/example_dags/example_python_operator.py
[2026-03-29T12:21:17.938+0500] {logging_mixin.py:188} INFO - [2026-03-29T12:21:17.937+0500] {dag.py:3089} INFO - Sync 1 DAGs
[2026-03-29T12:21:17.948+0500] {logging_mixin.py:188} INFO - [2026-03-29T12:21:17.947+0500] {dag.py:3947} INFO - Setting next_dagrun for example_python_operator to None, run_after=None
[2026-03-29T12:21:18.002+0500] {processor.py:183} INFO - Processing /home/abayturar/airflow-project/venv/lib/python3.12/site-packages/airflow/example_dags/example_python_operator.py took 0.101 seconds
[2026-03-29T12:22:09.231+0500] {processor.py:161} INFO - Started process (PID=2941) to work on /home/abayturar/airflow-project/venv/lib/python3.12/site-packages/airflow/example_dags/example_python_operator.py
[2026-03-29T12:22:09.232+0500] {processor.py:830} INFO - Processing file /home/abayturar/airflow-project/venv/lib/python3.12/site-packages/airflow/example_dags/example_python_operator.py for tasks to queue
[2026-03-29T12:22:09.234+0500] {logging_mixin.py:188} INFO - [2026-03-29T12:22:09.234+0500] {dagbag.py:545} INFO - Filling up the DagBag from /home/abayturar/airflow-project/venv/lib/python3.12/site-packages/airflow/example_dags/example_python_operator.py
[2026-03-29T12:22:09.241+0500] {logging_mixin.py:188} INFO - [2026-03-29T12:22:09.241+0500] {example_python_operator.py:93} WARNING - The virtalenv_python example task requires virtualenv, please install it.
[2026-03-29T12:22:09.241+0500] {processor.py:840} INFO - DAG(s) 'example_python_operator' retrieved from /home/abayturar/airflow-project/venv/lib/python3.12/site-packages/airflow/example_dags/example_python_operator.py
[2026-03-29T12:22:09.257+0500] {logging_mixin.py:188} INFO - [2026-03-29T12:22:09.257+0500] {dag.py:3089} INFO - Sync 1 DAGs
[2026-03-29T12:22:09.266+0500] {logging_mixin.py:188} INFO - [2026-03-29T12:22:09.266+0500] {dag.py:3947} INFO - Setting next_dagrun for example_python_operator to None, run_after=None
[2026-03-29T12:22:09.292+0500] {processor.py:183} INFO - Processing /home/abayturar/airflow-project/venv/lib/python3.12/site-packages/airflow/example_dags/example_python_operator.py took 0.067 seconds
[2026-03-29T12:23:00.879+0500] {processor.py:161} INFO - Started process (PID=3205) to work on /home/abayturar/airflow-project/venv/lib/python3.12/site-packages/airflow/example_dags/example_python_operator.py
[2026-03-29T12:23:00.880+0500] {processor.py:830} INFO - Processing file /home/abayturar/airflow-project/venv/lib/python3.12/site-packages/airflow/example_dags/example_python_operator.py for tasks to queue
[2026-03-29T12:23:00.882+0500] {logging_mixin.py:188} INFO - [2026-03-29T12:23:00.881+0500] {dagbag.py:545} INFO - Filling up the DagBag from /home/abayturar/airflow-project/venv/lib/python3.12/site-packages/airflow/example_dags/example_python_operator.py
[2026-03-29T12:23:00.889+0500] {logging_mixin.py:188} INFO - [2026-03-29T12:23:00.888+0500] {example_python_operator.py:93} WARNING - The virtalenv_python example task requires virtualenv, please install it.
[2026-03-29T12:23:00.889+0500] {processor.py:840} INFO - DAG(s) 'example_python_operator' retrieved from /home/abayturar/airflow-project/venv/lib/python3.12/site-packages/airflow/example_dags/example_python_operator.py
[2026-03-29T12:23:00.904+0500] {logging_mixin.py:188} INFO - [2026-03-29T12:23:00.904+0500] {dag.py:3089} INFO - Sync 1 DAGs
[2026-03-29T12:23:00.913+0500] {logging_mixin.py:188} INFO - [2026-03-29T12:23:00.913+0500] {dag.py:3947} INFO - Setting next_dagrun for example_python_operator to None, run_after=None
[2026-03-29T12:23:00.930+0500] {processor.py:183} INFO - Processing /home/abayturar/airflow-project/venv/lib/python3.12/site-packages/airflow/example_dags/example_python_operator.py took 0.058 seconds
[2026-03-29T12:23:54.082+0500] {processor.py:161} INFO - Started process (PID=3394) to work on /home/abayturar/airflow-project/venv/lib/python3.12/site-packages/airflow/example_dags/example_python_operator.py
[2026-03-29T12:23:54.083+0500] {processor.py:830} INFO - Processing file /home/abayturar/airflow-project/venv/lib/python3.12/site-packages/airflow/example_dags/example_python_operator.py for tasks to queue
[2026-03-29T12:23:54.085+0500] {logging_mixin.py:188} INFO - [2026-03-29T12:23:54.085+0500] {dagbag.py:545} INFO - Filling up the DagBag from /home/abayturar/airflow-project/venv/lib/python3.12/site-packages/airflow/example_dags/example_python_operator.py
[2026-03-29T12:23:54.093+0500] {logging_mixin.py:188} INFO - [2026-03-29T12:23:54.093+0500] {example_python_operator.py:93} WARNING - The virtalenv_python example task requires virtualenv, please install it.
[2026-03-29T12:23:54.094+0500] {processor.py:840} INFO - DAG(s) 'example_python_operator' retrieved from /home/abayturar/airflow-project/venv/lib/python3.12/site-packages/airflow/example_dags/example_python_operator.py
[2026-03-29T12:23:54.113+0500] {logging_mixin.py:188} INFO - [2026-03-29T12:23:54.112+0500] {dag.py:3089} INFO - Sync 1 DAGs
[2026-03-29T12:23:54.123+0500] {logging_mixin.py:188} INFO - [2026-03-29T12:23:54.123+0500] {dag.py:3947} INFO - Setting next_dagrun for example_python_operator to None, run_after=None
[2026-03-29T12:23:54.180+0500] {processor.py:183} INFO - Processing /home/abayturar/airflow-project/venv/lib/python3.12/site-packages/airflow/example_dags/example_python_operator.py took 0.105 seconds
[2026-03-29T12:24:46.881+0500] {processor.py:161} INFO - Started process (PID=3565) to work on /home/abayturar/airflow-project/venv/lib/python3.12/site-packages/airflow/example_dags/example_python_operator.py
[2026-03-29T12:24:46.882+0500] {processor.py:830} INFO - Processing file /home/abayturar/airflow-project/venv/lib/python3.12/site-packages/airflow/example_dags/example_python_operator.py for tasks to queue
[2026-03-29T12:24:46.884+0500] {logging_mixin.py:188} INFO - [2026-03-29T12:24:46.883+0500] {dagbag.py:545} INFO - Filling up the DagBag from /home/abayturar/airflow-project/venv/lib/python3.12/site-packages/airflow/example_dags/example_python_operator.py
[2026-03-29T12:24:46.891+0500] {logging_mixin.py:188} INFO - [2026-03-29T12:24:46.890+0500] {example_python_operator.py:93} WARNING - The virtalenv_python example task requires virtualenv, please install it.
[2026-03-29T12:24:46.891+0500] {processor.py:840} INFO - DAG(s) 'example_python_operator' retrieved from /home/abayturar/airflow-project/venv/lib/python3.12/site-packages/airflow/example_dags/example_python_operator.py
[2026-03-29T12:24:46.907+0500] {logging_mixin.py:188} INFO - [2026-03-29T12:24:46.907+0500] {dag.py:3089} INFO - Sync 1 DAGs
[2026-03-29T12:24:46.919+0500] {logging_mixin.py:188} INFO - [2026-03-29T12:24:46.919+0500] {dag.py:3947} INFO - Setting next_dagrun for example_python_operator to None, run_after=None
[2026-03-29T12:24:46.975+0500] {processor.py:183} INFO - Processing /home/abayturar/airflow-project/venv/lib/python3.12/site-packages/airflow/example_dags/example_python_operator.py took 0.100 seconds
[2026-03-29T12:25:40.793+0500] {processor.py:161} INFO - Started process (PID=3720) to work on /home/abayturar/airflow-project/venv/lib/python3.12/site-packages/airflow/example_dags/example_python_operator.py
[2026-03-29T12:25:40.794+0500] {processor.py:830} INFO - Processing file /home/abayturar/airflow-project/venv/lib/python3.12/site-packages/airflow/example_dags/example_python_operator.py for tasks to queue
[2026-03-29T12:25:40.795+0500] {logging_mixin.py:188} INFO - [2026-03-29T12:25:40.795+0500] {dagbag.py:545} INFO - Filling up the DagBag from /home/abayturar/airflow-project/venv/lib/python3.12/site-packages/airflow/example_dags/example_python_operator.py
[2026-03-29T12:25:40.802+0500] {logging_mixin.py:188} INFO - [2026-03-29T12:25:40.802+0500] {example_python_operator.py:93} WARNING - The virtalenv_python example task requires virtualenv, please install it.
[2026-03-29T12:25:40.803+0500] {processor.py:840} INFO - DAG(s) 'example_python_operator' retrieved from /home/abayturar/airflow-project/venv/lib/python3.12/site-packages/airflow/example_dags/example_python_operator.py
[2026-03-29T12:25:40.818+0500] {logging_mixin.py:188} INFO - [2026-03-29T12:25:40.818+0500] {dag.py:3089} INFO - Sync 1 DAGs
[2026-03-29T12:25:40.827+0500] {logging_mixin.py:188} INFO - [2026-03-29T12:25:40.827+0500] {dag.py:3947} INFO - Setting next_dagrun for example_python_operator to None, run_after=None
[2026-03-29T12:25:40.880+0500] {processor.py:183} INFO - Processing /home/abayturar/airflow-project/venv/lib/python3.12/site-packages/airflow/example_dags/example_python_operator.py took 0.093 seconds
[2026-03-29T12:26:29.881+0500] {processor.py:161} INFO - Started process (PID=4035) to work on /home/abayturar/airflow-project/venv/lib/python3.12/site-packages/airflow/example_dags/example_python_operator.py
[2026-03-29T12:26:29.882+0500] {processor.py:830} INFO - Processing file /home/abayturar/airflow-project/venv/lib/python3.12/site-packages/airflow/example_dags/example_python_operator.py for tasks to queue
[2026-03-29T12:26:29.884+0500] {logging_mixin.py:188} INFO - [2026-03-29T12:26:29.884+0500] {dagbag.py:545} INFO - Filling up the DagBag from /home/abayturar/airflow-project/venv/lib/python3.12/site-packages/airflow/example_dags/example_python_operator.py
[2026-03-29T12:26:29.892+0500] {logging_mixin.py:188} INFO - [2026-03-29T12:26:29.892+0500] {example_python_operator.py:93} WARNING - The virtalenv_python example task requires virtualenv, please install it.
[2026-03-29T12:26:29.893+0500] {processor.py:840} INFO - DAG(s) 'example_python_operator' retrieved from /home/abayturar/airflow-project/venv/lib/python3.12/site-packages/airflow/example_dags/example_python_operator.py
[2026-03-29T12:26:29.912+0500] {logging_mixin.py:188} INFO - [2026-03-29T12:26:29.912+0500] {dag.py:3089} INFO - Sync 1 DAGs
[2026-03-29T12:26:29.926+0500] {logging_mixin.py:188} INFO - [2026-03-29T12:26:29.926+0500] {dag.py:3947} INFO - Setting next_dagrun for example_python_operator to None, run_after=None
[2026-03-29T12:26:29.982+0500] {processor.py:183} INFO - Processing /home/abayturar/airflow-project/venv/lib/python3.12/site-packages/airflow/example_dags/example_python_operator.py took 0.108 seconds
