[2026-03-29T12:02:05.537+0500] {processor.py:161} INFO - Started process (PID=32460) to work on /home/abayturar/airflow-project/venv/lib/python3.12/site-packages/airflow/example_dags/example_branch_operator.py
[2026-03-29T12:02:05.538+0500] {processor.py:830} INFO - Processing file /home/abayturar/airflow-project/venv/lib/python3.12/site-packages/airflow/example_dags/example_branch_operator.py for tasks to queue
[2026-03-29T12:02:05.539+0500] {logging_mixin.py:188} INFO - [2026-03-29T12:02:05.539+0500] {dagbag.py:545} INFO - Filling up the DagBag from /home/abayturar/airflow-project/venv/lib/python3.12/site-packages/airflow/example_dags/example_branch_operator.py
[2026-03-29T12:02:05.580+0500] {processor.py:842} WARNING - No viable dags retrieved from /home/abayturar/airflow-project/venv/lib/python3.12/site-packages/airflow/example_dags/example_branch_operator.py
[2026-03-29T12:02:05.592+0500] {processor.py:183} INFO - Processing /home/abayturar/airflow-project/venv/lib/python3.12/site-packages/airflow/example_dags/example_branch_operator.py took 0.060 seconds
[2026-03-29T12:02:58.246+0500] {processor.py:161} INFO - Started process (PID=32677) to work on /home/abayturar/airflow-project/venv/lib/python3.12/site-packages/airflow/example_dags/example_branch_operator.py
[2026-03-29T12:02:58.247+0500] {processor.py:830} INFO - Processing file /home/abayturar/airflow-project/venv/lib/python3.12/site-packages/airflow/example_dags/example_branch_operator.py for tasks to queue
[2026-03-29T12:02:58.249+0500] {logging_mixin.py:188} INFO - [2026-03-29T12:02:58.248+0500] {dagbag.py:545} INFO - Filling up the DagBag from /home/abayturar/airflow-project/venv/lib/python3.12/site-packages/airflow/example_dags/example_branch_operator.py
[2026-03-29T12:02:58.252+0500] {processor.py:842} WARNING - No viable dags retrieved from /home/abayturar/airflow-project/venv/lib/python3.12/site-packages/airflow/example_dags/example_branch_operator.py
[2026-03-29T12:02:58.263+0500] {processor.py:183} INFO - Processing /home/abayturar/airflow-project/venv/lib/python3.12/site-packages/airflow/example_dags/example_branch_operator.py took 0.023 seconds
[2026-03-29T12:06:31.787+0500] {processor.py:161} INFO - Started process (PID=161) to work on /home/abayturar/airflow-project/venv/lib/python3.12/site-packages/airflow/example_dags/example_branch_operator.py
[2026-03-29T12:06:31.788+0500] {processor.py:830} INFO - Processing file /home/abayturar/airflow-project/venv/lib/python3.12/site-packages/airflow/example_dags/example_branch_operator.py for tasks to queue
[2026-03-29T12:06:31.790+0500] {logging_mixin.py:188} INFO - [2026-03-29T12:06:31.789+0500] {dagbag.py:545} INFO - Filling up the DagBag from /home/abayturar/airflow-project/venv/lib/python3.12/site-packages/airflow/example_dags/example_branch_operator.py
[2026-03-29T12:06:31.794+0500] {processor.py:842} WARNING - No viable dags retrieved from /home/abayturar/airflow-project/venv/lib/python3.12/site-packages/airflow/example_dags/example_branch_operator.py
[2026-03-29T12:06:31.810+0500] {processor.py:183} INFO - Processing /home/abayturar/airflow-project/venv/lib/python3.12/site-packages/airflow/example_dags/example_branch_operator.py took 0.029 seconds
[2026-03-29T12:07:41.031+0500] {processor.py:161} INFO - Started process (PID=452) to work on /home/abayturar/airflow-project/venv/lib/python3.12/site-packages/airflow/example_dags/example_branch_operator.py
[2026-03-29T12:07:41.031+0500] {processor.py:830} INFO - Processing file /home/abayturar/airflow-project/venv/lib/python3.12/site-packages/airflow/example_dags/example_branch_operator.py for tasks to queue
[2026-03-29T12:07:41.033+0500] {logging_mixin.py:188} INFO - [2026-03-29T12:07:41.033+0500] {dagbag.py:545} INFO - Filling up the DagBag from /home/abayturar/airflow-project/venv/lib/python3.12/site-packages/airflow/example_dags/example_branch_operator.py
[2026-03-29T12:07:41.036+0500] {processor.py:842} WARNING - No viable dags retrieved from /home/abayturar/airflow-project/venv/lib/python3.12/site-packages/airflow/example_dags/example_branch_operator.py
[2026-03-29T12:07:41.047+0500] {processor.py:183} INFO - Processing /home/abayturar/airflow-project/venv/lib/python3.12/site-packages/airflow/example_dags/example_branch_operator.py took 0.022 seconds
[2026-03-29T12:08:57.614+0500] {processor.py:161} INFO - Started process (PID=767) to work on /home/abayturar/airflow-project/venv/lib/python3.12/site-packages/airflow/example_dags/example_branch_operator.py
[2026-03-29T12:08:57.615+0500] {processor.py:830} INFO - Processing file /home/abayturar/airflow-project/venv/lib/python3.12/site-packages/airflow/example_dags/example_branch_operator.py for tasks to queue
[2026-03-29T12:08:57.617+0500] {logging_mixin.py:188} INFO - [2026-03-29T12:08:57.616+0500] {dagbag.py:545} INFO - Filling up the DagBag from /home/abayturar/airflow-project/venv/lib/python3.12/site-packages/airflow/example_dags/example_branch_operator.py
[2026-03-29T12:08:57.620+0500] {processor.py:842} WARNING - No viable dags retrieved from /home/abayturar/airflow-project/venv/lib/python3.12/site-packages/airflow/example_dags/example_branch_operator.py
[2026-03-29T12:08:57.631+0500] {processor.py:183} INFO - Processing /home/abayturar/airflow-project/venv/lib/python3.12/site-packages/airflow/example_dags/example_branch_operator.py took 0.022 seconds
[2026-03-29T12:10:13.579+0500] {processor.py:161} INFO - Started process (PID=1007) to work on /home/abayturar/airflow-project/venv/lib/python3.12/site-packages/airflow/example_dags/example_branch_operator.py
[2026-03-29T12:10:13.580+0500] {processor.py:830} INFO - Processing file /home/abayturar/airflow-project/venv/lib/python3.12/site-packages/airflow/example_dags/example_branch_operator.py for tasks to queue
[2026-03-29T12:10:13.581+0500] {logging_mixin.py:188} INFO - [2026-03-29T12:10:13.581+0500] {dagbag.py:545} INFO - Filling up the DagBag from /home/abayturar/airflow-project/venv/lib/python3.12/site-packages/airflow/example_dags/example_branch_operator.py
[2026-03-29T12:10:13.584+0500] {processor.py:842} WARNING - No viable dags retrieved from /home/abayturar/airflow-project/venv/lib/python3.12/site-packages/airflow/example_dags/example_branch_operator.py
[2026-03-29T12:10:13.595+0500] {processor.py:183} INFO - Processing /home/abayturar/airflow-project/venv/lib/python3.12/site-packages/airflow/example_dags/example_branch_operator.py took 0.022 seconds
[2026-03-29T12:11:26.298+0500] {processor.py:161} INFO - Started process (PID=1195) to work on /home/abayturar/airflow-project/venv/lib/python3.12/site-packages/airflow/example_dags/example_branch_operator.py
[2026-03-29T12:11:26.299+0500] {processor.py:830} INFO - Processing file /home/abayturar/airflow-project/venv/lib/python3.12/site-packages/airflow/example_dags/example_branch_operator.py for tasks to queue
[2026-03-29T12:11:26.302+0500] {logging_mixin.py:188} INFO - [2026-03-29T12:11:26.301+0500] {dagbag.py:545} INFO - Filling up the DagBag from /home/abayturar/airflow-project/venv/lib/python3.12/site-packages/airflow/example_dags/example_branch_operator.py
[2026-03-29T12:11:26.307+0500] {processor.py:842} WARNING - No viable dags retrieved from /home/abayturar/airflow-project/venv/lib/python3.12/site-packages/airflow/example_dags/example_branch_operator.py
[2026-03-29T12:11:26.325+0500] {processor.py:183} INFO - Processing /home/abayturar/airflow-project/venv/lib/python3.12/site-packages/airflow/example_dags/example_branch_operator.py took 0.037 seconds
[2026-03-29T12:12:42.075+0500] {processor.py:161} INFO - Started process (PID=1398) to work on /home/abayturar/airflow-project/venv/lib/python3.12/site-packages/airflow/example_dags/example_branch_operator.py
[2026-03-29T12:12:42.075+0500] {processor.py:830} INFO - Processing file /home/abayturar/airflow-project/venv/lib/python3.12/site-packages/airflow/example_dags/example_branch_operator.py for tasks to queue
[2026-03-29T12:12:42.077+0500] {logging_mixin.py:188} INFO - [2026-03-29T12:12:42.077+0500] {dagbag.py:545} INFO - Filling up the DagBag from /home/abayturar/airflow-project/venv/lib/python3.12/site-packages/airflow/example_dags/example_branch_operator.py
[2026-03-29T12:12:42.080+0500] {processor.py:842} WARNING - No viable dags retrieved from /home/abayturar/airflow-project/venv/lib/python3.12/site-packages/airflow/example_dags/example_branch_operator.py
[2026-03-29T12:12:42.091+0500] {processor.py:183} INFO - Processing /home/abayturar/airflow-project/venv/lib/python3.12/site-packages/airflow/example_dags/example_branch_operator.py took 0.022 seconds
[2026-03-29T12:13:56.576+0500] {processor.py:161} INFO - Started process (PID=1591) to work on /home/abayturar/airflow-project/venv/lib/python3.12/site-packages/airflow/example_dags/example_branch_operator.py
[2026-03-29T12:13:56.577+0500] {processor.py:830} INFO - Processing file /home/abayturar/airflow-project/venv/lib/python3.12/site-packages/airflow/example_dags/example_branch_operator.py for tasks to queue
[2026-03-29T12:13:56.578+0500] {logging_mixin.py:188} INFO - [2026-03-29T12:13:56.578+0500] {dagbag.py:545} INFO - Filling up the DagBag from /home/abayturar/airflow-project/venv/lib/python3.12/site-packages/airflow/example_dags/example_branch_operator.py
[2026-03-29T12:13:56.581+0500] {processor.py:842} WARNING - No viable dags retrieved from /home/abayturar/airflow-project/venv/lib/python3.12/site-packages/airflow/example_dags/example_branch_operator.py
[2026-03-29T12:13:56.592+0500] {processor.py:183} INFO - Processing /home/abayturar/airflow-project/venv/lib/python3.12/site-packages/airflow/example_dags/example_branch_operator.py took 0.022 seconds
[2026-03-29T12:14:52.764+0500] {processor.py:161} INFO - Started process (PID=1739) to work on /home/abayturar/airflow-project/venv/lib/python3.12/site-packages/airflow/example_dags/example_branch_operator.py
[2026-03-29T12:14:52.765+0500] {processor.py:830} INFO - Processing file /home/abayturar/airflow-project/venv/lib/python3.12/site-packages/airflow/example_dags/example_branch_operator.py for tasks to queue
[2026-03-29T12:14:52.767+0500] {logging_mixin.py:188} INFO - [2026-03-29T12:14:52.766+0500] {dagbag.py:545} INFO - Filling up the DagBag from /home/abayturar/airflow-project/venv/lib/python3.12/site-packages/airflow/example_dags/example_branch_operator.py
[2026-03-29T12:14:52.770+0500] {processor.py:842} WARNING - No viable dags retrieved from /home/abayturar/airflow-project/venv/lib/python3.12/site-packages/airflow/example_dags/example_branch_operator.py
[2026-03-29T12:14:52.782+0500] {processor.py:183} INFO - Processing /home/abayturar/airflow-project/venv/lib/python3.12/site-packages/airflow/example_dags/example_branch_operator.py took 0.024 seconds
[2026-03-29T12:16:12.050+0500] {processor.py:161} INFO - Started process (PID=1946) to work on /home/abayturar/airflow-project/venv/lib/python3.12/site-packages/airflow/example_dags/example_branch_operator.py
[2026-03-29T12:16:12.051+0500] {processor.py:830} INFO - Processing file /home/abayturar/airflow-project/venv/lib/python3.12/site-packages/airflow/example_dags/example_branch_operator.py for tasks to queue
[2026-03-29T12:16:12.053+0500] {logging_mixin.py:188} INFO - [2026-03-29T12:16:12.052+0500] {dagbag.py:545} INFO - Filling up the DagBag from /home/abayturar/airflow-project/venv/lib/python3.12/site-packages/airflow/example_dags/example_branch_operator.py
[2026-03-29T12:16:12.056+0500] {processor.py:842} WARNING - No viable dags retrieved from /home/abayturar/airflow-project/venv/lib/python3.12/site-packages/airflow/example_dags/example_branch_operator.py
[2026-03-29T12:16:12.067+0500] {processor.py:183} INFO - Processing /home/abayturar/airflow-project/venv/lib/python3.12/site-packages/airflow/example_dags/example_branch_operator.py took 0.022 seconds
[2026-03-29T12:17:31.312+0500] {processor.py:161} INFO - Started process (PID=2150) to work on /home/abayturar/airflow-project/venv/lib/python3.12/site-packages/airflow/example_dags/example_branch_operator.py
[2026-03-29T12:17:31.313+0500] {processor.py:830} INFO - Processing file /home/abayturar/airflow-project/venv/lib/python3.12/site-packages/airflow/example_dags/example_branch_operator.py for tasks to queue
[2026-03-29T12:17:31.315+0500] {logging_mixin.py:188} INFO - [2026-03-29T12:17:31.314+0500] {dagbag.py:545} INFO - Filling up the DagBag from /home/abayturar/airflow-project/venv/lib/python3.12/site-packages/airflow/example_dags/example_branch_operator.py
[2026-03-29T12:17:31.318+0500] {processor.py:842} WARNING - No viable dags retrieved from /home/abayturar/airflow-project/venv/lib/python3.12/site-packages/airflow/example_dags/example_branch_operator.py
[2026-03-29T12:17:31.329+0500] {processor.py:183} INFO - Processing /home/abayturar/airflow-project/venv/lib/python3.12/site-packages/airflow/example_dags/example_branch_operator.py took 0.022 seconds
[2026-03-29T12:18:48.493+0500] {processor.py:161} INFO - Started process (PID=2354) to work on /home/abayturar/airflow-project/venv/lib/python3.12/site-packages/airflow/example_dags/example_branch_operator.py
[2026-03-29T12:18:48.493+0500] {processor.py:830} INFO - Processing file /home/abayturar/airflow-project/venv/lib/python3.12/site-packages/airflow/example_dags/example_branch_operator.py for tasks to queue
[2026-03-29T12:18:48.496+0500] {logging_mixin.py:188} INFO - [2026-03-29T12:18:48.495+0500] {dagbag.py:545} INFO - Filling up the DagBag from /home/abayturar/airflow-project/venv/lib/python3.12/site-packages/airflow/example_dags/example_branch_operator.py
[2026-03-29T12:18:48.499+0500] {processor.py:842} WARNING - No viable dags retrieved from /home/abayturar/airflow-project/venv/lib/python3.12/site-packages/airflow/example_dags/example_branch_operator.py
[2026-03-29T12:18:48.512+0500] {processor.py:183} INFO - Processing /home/abayturar/airflow-project/venv/lib/python3.12/site-packages/airflow/example_dags/example_branch_operator.py took 0.026 seconds
[2026-03-29T12:20:03.835+0500] {processor.py:161} INFO - Started process (PID=2550) to work on /home/abayturar/airflow-project/venv/lib/python3.12/site-packages/airflow/example_dags/example_branch_operator.py
[2026-03-29T12:20:03.836+0500] {processor.py:830} INFO - Processing file /home/abayturar/airflow-project/venv/lib/python3.12/site-packages/airflow/example_dags/example_branch_operator.py for tasks to queue
[2026-03-29T12:20:03.838+0500] {logging_mixin.py:188} INFO - [2026-03-29T12:20:03.837+0500] {dagbag.py:545} INFO - Filling up the DagBag from /home/abayturar/airflow-project/venv/lib/python3.12/site-packages/airflow/example_dags/example_branch_operator.py
[2026-03-29T12:20:03.841+0500] {processor.py:842} WARNING - No viable dags retrieved from /home/abayturar/airflow-project/venv/lib/python3.12/site-packages/airflow/example_dags/example_branch_operator.py
[2026-03-29T12:20:03.852+0500] {processor.py:183} INFO - Processing /home/abayturar/airflow-project/venv/lib/python3.12/site-packages/airflow/example_dags/example_branch_operator.py took 0.023 seconds
[2026-03-29T12:20:59.930+0500] {processor.py:161} INFO - Started process (PID=2693) to work on /home/abayturar/airflow-project/venv/lib/python3.12/site-packages/airflow/example_dags/example_branch_operator.py
[2026-03-29T12:20:59.931+0500] {processor.py:830} INFO - Processing file /home/abayturar/airflow-project/venv/lib/python3.12/site-packages/airflow/example_dags/example_branch_operator.py for tasks to queue
[2026-03-29T12:20:59.933+0500] {logging_mixin.py:188} INFO - [2026-03-29T12:20:59.933+0500] {dagbag.py:545} INFO - Filling up the DagBag from /home/abayturar/airflow-project/venv/lib/python3.12/site-packages/airflow/example_dags/example_branch_operator.py
[2026-03-29T12:20:59.936+0500] {processor.py:842} WARNING - No viable dags retrieved from /home/abayturar/airflow-project/venv/lib/python3.12/site-packages/airflow/example_dags/example_branch_operator.py
[2026-03-29T12:20:59.947+0500] {processor.py:183} INFO - Processing /home/abayturar/airflow-project/venv/lib/python3.12/site-packages/airflow/example_dags/example_branch_operator.py took 0.023 seconds
[2026-03-29T12:22:15.931+0500] {processor.py:161} INFO - Started process (PID=2995) to work on /home/abayturar/airflow-project/venv/lib/python3.12/site-packages/airflow/example_dags/example_branch_operator.py
[2026-03-29T12:22:15.932+0500] {processor.py:830} INFO - Processing file /home/abayturar/airflow-project/venv/lib/python3.12/site-packages/airflow/example_dags/example_branch_operator.py for tasks to queue
[2026-03-29T12:22:15.933+0500] {logging_mixin.py:188} INFO - [2026-03-29T12:22:15.933+0500] {dagbag.py:545} INFO - Filling up the DagBag from /home/abayturar/airflow-project/venv/lib/python3.12/site-packages/airflow/example_dags/example_branch_operator.py
[2026-03-29T12:22:15.937+0500] {processor.py:842} WARNING - No viable dags retrieved from /home/abayturar/airflow-project/venv/lib/python3.12/site-packages/airflow/example_dags/example_branch_operator.py
[2026-03-29T12:22:15.948+0500] {processor.py:183} INFO - Processing /home/abayturar/airflow-project/venv/lib/python3.12/site-packages/airflow/example_dags/example_branch_operator.py took 0.023 seconds
[2026-03-29T12:23:33.703+0500] {processor.py:161} INFO - Started process (PID=3287) to work on /home/abayturar/airflow-project/venv/lib/python3.12/site-packages/airflow/example_dags/example_branch_operator.py
[2026-03-29T12:23:33.705+0500] {processor.py:830} INFO - Processing file /home/abayturar/airflow-project/venv/lib/python3.12/site-packages/airflow/example_dags/example_branch_operator.py for tasks to queue
[2026-03-29T12:23:33.706+0500] {logging_mixin.py:188} INFO - [2026-03-29T12:23:33.706+0500] {dagbag.py:545} INFO - Filling up the DagBag from /home/abayturar/airflow-project/venv/lib/python3.12/site-packages/airflow/example_dags/example_branch_operator.py
[2026-03-29T12:23:33.710+0500] {processor.py:842} WARNING - No viable dags retrieved from /home/abayturar/airflow-project/venv/lib/python3.12/site-packages/airflow/example_dags/example_branch_operator.py
[2026-03-29T12:23:33.721+0500] {processor.py:183} INFO - Processing /home/abayturar/airflow-project/venv/lib/python3.12/site-packages/airflow/example_dags/example_branch_operator.py took 0.025 seconds
[2026-03-29T12:24:28.398+0500] {processor.py:161} INFO - Started process (PID=3513) to work on /home/abayturar/airflow-project/venv/lib/python3.12/site-packages/airflow/example_dags/example_branch_operator.py
[2026-03-29T12:24:28.399+0500] {processor.py:830} INFO - Processing file /home/abayturar/airflow-project/venv/lib/python3.12/site-packages/airflow/example_dags/example_branch_operator.py for tasks to queue
[2026-03-29T12:24:28.401+0500] {logging_mixin.py:188} INFO - [2026-03-29T12:24:28.400+0500] {dagbag.py:545} INFO - Filling up the DagBag from /home/abayturar/airflow-project/venv/lib/python3.12/site-packages/airflow/example_dags/example_branch_operator.py
[2026-03-29T12:24:28.404+0500] {processor.py:842} WARNING - No viable dags retrieved from /home/abayturar/airflow-project/venv/lib/python3.12/site-packages/airflow/example_dags/example_branch_operator.py
[2026-03-29T12:24:28.415+0500] {processor.py:183} INFO - Processing /home/abayturar/airflow-project/venv/lib/python3.12/site-packages/airflow/example_dags/example_branch_operator.py took 0.023 seconds
[2026-03-29T12:25:48.360+0500] {processor.py:161} INFO - Started process (PID=3766) to work on /home/abayturar/airflow-project/venv/lib/python3.12/site-packages/airflow/example_dags/example_branch_operator.py
[2026-03-29T12:25:48.361+0500] {processor.py:830} INFO - Processing file /home/abayturar/airflow-project/venv/lib/python3.12/site-packages/airflow/example_dags/example_branch_operator.py for tasks to queue
[2026-03-29T12:25:48.363+0500] {logging_mixin.py:188} INFO - [2026-03-29T12:25:48.362+0500] {dagbag.py:545} INFO - Filling up the DagBag from /home/abayturar/airflow-project/venv/lib/python3.12/site-packages/airflow/example_dags/example_branch_operator.py
[2026-03-29T12:25:48.367+0500] {processor.py:842} WARNING - No viable dags retrieved from /home/abayturar/airflow-project/venv/lib/python3.12/site-packages/airflow/example_dags/example_branch_operator.py
[2026-03-29T12:25:48.380+0500] {processor.py:183} INFO - Processing /home/abayturar/airflow-project/venv/lib/python3.12/site-packages/airflow/example_dags/example_branch_operator.py took 0.027 seconds
[2026-03-29T12:27:00.892+0500] {processor.py:161} INFO - Started process (PID=4139) to work on /home/abayturar/airflow-project/venv/lib/python3.12/site-packages/airflow/example_dags/example_branch_operator.py
[2026-03-29T12:27:00.893+0500] {processor.py:830} INFO - Processing file /home/abayturar/airflow-project/venv/lib/python3.12/site-packages/airflow/example_dags/example_branch_operator.py for tasks to queue
[2026-03-29T12:27:00.894+0500] {logging_mixin.py:188} INFO - [2026-03-29T12:27:00.894+0500] {dagbag.py:545} INFO - Filling up the DagBag from /home/abayturar/airflow-project/venv/lib/python3.12/site-packages/airflow/example_dags/example_branch_operator.py
[2026-03-29T12:27:00.898+0500] {processor.py:842} WARNING - No viable dags retrieved from /home/abayturar/airflow-project/venv/lib/python3.12/site-packages/airflow/example_dags/example_branch_operator.py
[2026-03-29T12:27:00.910+0500] {processor.py:183} INFO - Processing /home/abayturar/airflow-project/venv/lib/python3.12/site-packages/airflow/example_dags/example_branch_operator.py took 0.025 seconds
