[2026-03-29T12:02:06.674+0500] {processor.py:161} INFO - Started process (PID=32464) to work on /home/abayturar/airflow-project/venv/lib/python3.12/site-packages/airflow/example_dags/example_branch_labels.py
[2026-03-29T12:02:06.675+0500] {processor.py:830} INFO - Processing file /home/abayturar/airflow-project/venv/lib/python3.12/site-packages/airflow/example_dags/example_branch_labels.py for tasks to queue
[2026-03-29T12:02:06.677+0500] {logging_mixin.py:188} INFO - [2026-03-29T12:02:06.676+0500] {dagbag.py:545} INFO - Filling up the DagBag from /home/abayturar/airflow-project/venv/lib/python3.12/site-packages/airflow/example_dags/example_branch_labels.py
[2026-03-29T12:02:06.723+0500] {processor.py:840} INFO - DAG(s) 'example_branch_labels' retrieved from /home/abayturar/airflow-project/venv/lib/python3.12/site-packages/airflow/example_dags/example_branch_labels.py
[2026-03-29T12:02:06.739+0500] {logging_mixin.py:188} INFO - [2026-03-29T12:02:06.739+0500] {dag.py:3089} INFO - Sync 1 DAGs
[2026-03-29T12:02:06.754+0500] {logging_mixin.py:188} INFO - [2026-03-29T12:02:06.753+0500] {dag.py:3947} INFO - Setting next_dagrun for example_branch_labels to 2026-03-28 00:00:00+00:00, run_after=2026-03-29 00:00:00+00:00
[2026-03-29T12:02:06.770+0500] {processor.py:183} INFO - Processing /home/abayturar/airflow-project/venv/lib/python3.12/site-packages/airflow/example_dags/example_branch_labels.py took 0.101 seconds
[2026-03-29T12:02:59.389+0500] {processor.py:161} INFO - Started process (PID=32681) to work on /home/abayturar/airflow-project/venv/lib/python3.12/site-packages/airflow/example_dags/example_branch_labels.py
[2026-03-29T12:02:59.390+0500] {processor.py:830} INFO - Processing file /home/abayturar/airflow-project/venv/lib/python3.12/site-packages/airflow/example_dags/example_branch_labels.py for tasks to queue
[2026-03-29T12:02:59.392+0500] {logging_mixin.py:188} INFO - [2026-03-29T12:02:59.392+0500] {dagbag.py:545} INFO - Filling up the DagBag from /home/abayturar/airflow-project/venv/lib/python3.12/site-packages/airflow/example_dags/example_branch_labels.py
[2026-03-29T12:02:59.401+0500] {processor.py:840} INFO - DAG(s) 'example_branch_labels' retrieved from /home/abayturar/airflow-project/venv/lib/python3.12/site-packages/airflow/example_dags/example_branch_labels.py
[2026-03-29T12:02:59.428+0500] {logging_mixin.py:188} INFO - [2026-03-29T12:02:59.428+0500] {dag.py:3089} INFO - Sync 1 DAGs
[2026-03-29T12:02:59.444+0500] {logging_mixin.py:188} INFO - [2026-03-29T12:02:59.444+0500] {dag.py:3947} INFO - Setting next_dagrun for example_branch_labels to 2026-03-28 00:00:00+00:00, run_after=2026-03-29 00:00:00+00:00
[2026-03-29T12:02:59.461+0500] {processor.py:183} INFO - Processing /home/abayturar/airflow-project/venv/lib/python3.12/site-packages/airflow/example_dags/example_branch_labels.py took 0.080 seconds
[2026-03-29T12:06:32.939+0500] {processor.py:161} INFO - Started process (PID=168) to work on /home/abayturar/airflow-project/venv/lib/python3.12/site-packages/airflow/example_dags/example_branch_labels.py
[2026-03-29T12:06:32.941+0500] {processor.py:830} INFO - Processing file /home/abayturar/airflow-project/venv/lib/python3.12/site-packages/airflow/example_dags/example_branch_labels.py for tasks to queue
[2026-03-29T12:06:32.943+0500] {logging_mixin.py:188} INFO - [2026-03-29T12:06:32.943+0500] {dagbag.py:545} INFO - Filling up the DagBag from /home/abayturar/airflow-project/venv/lib/python3.12/site-packages/airflow/example_dags/example_branch_labels.py
[2026-03-29T12:06:32.955+0500] {processor.py:840} INFO - DAG(s) 'example_branch_labels' retrieved from /home/abayturar/airflow-project/venv/lib/python3.12/site-packages/airflow/example_dags/example_branch_labels.py
[2026-03-29T12:06:32.973+0500] {logging_mixin.py:188} INFO - [2026-03-29T12:06:32.973+0500] {dag.py:3089} INFO - Sync 1 DAGs
[2026-03-29T12:06:32.988+0500] {logging_mixin.py:188} INFO - [2026-03-29T12:06:32.988+0500] {dag.py:3947} INFO - Setting next_dagrun for example_branch_labels to 2026-03-28 00:00:00+00:00, run_after=2026-03-29 00:00:00+00:00
[2026-03-29T12:06:33.041+0500] {processor.py:183} INFO - Processing /home/abayturar/airflow-project/venv/lib/python3.12/site-packages/airflow/example_dags/example_branch_labels.py took 0.111 seconds
[2026-03-29T12:07:41.293+0500] {processor.py:161} INFO - Started process (PID=453) to work on /home/abayturar/airflow-project/venv/lib/python3.12/site-packages/airflow/example_dags/example_branch_labels.py
[2026-03-29T12:07:41.294+0500] {processor.py:830} INFO - Processing file /home/abayturar/airflow-project/venv/lib/python3.12/site-packages/airflow/example_dags/example_branch_labels.py for tasks to queue
[2026-03-29T12:07:41.295+0500] {logging_mixin.py:188} INFO - [2026-03-29T12:07:41.295+0500] {dagbag.py:545} INFO - Filling up the DagBag from /home/abayturar/airflow-project/venv/lib/python3.12/site-packages/airflow/example_dags/example_branch_labels.py
[2026-03-29T12:07:41.302+0500] {processor.py:840} INFO - DAG(s) 'example_branch_labels' retrieved from /home/abayturar/airflow-project/venv/lib/python3.12/site-packages/airflow/example_dags/example_branch_labels.py
[2026-03-29T12:07:41.318+0500] {logging_mixin.py:188} INFO - [2026-03-29T12:07:41.318+0500] {dag.py:3089} INFO - Sync 1 DAGs
[2026-03-29T12:07:41.332+0500] {logging_mixin.py:188} INFO - [2026-03-29T12:07:41.332+0500] {dag.py:3947} INFO - Setting next_dagrun for example_branch_labels to 2026-03-28 00:00:00+00:00, run_after=2026-03-29 00:00:00+00:00
[2026-03-29T12:07:41.393+0500] {processor.py:183} INFO - Processing /home/abayturar/airflow-project/venv/lib/python3.12/site-packages/airflow/example_dags/example_branch_labels.py took 0.106 seconds
[2026-03-29T12:08:58.389+0500] {processor.py:161} INFO - Started process (PID=768) to work on /home/abayturar/airflow-project/venv/lib/python3.12/site-packages/airflow/example_dags/example_branch_labels.py
[2026-03-29T12:08:58.390+0500] {processor.py:830} INFO - Processing file /home/abayturar/airflow-project/venv/lib/python3.12/site-packages/airflow/example_dags/example_branch_labels.py for tasks to queue
[2026-03-29T12:08:58.392+0500] {logging_mixin.py:188} INFO - [2026-03-29T12:08:58.391+0500] {dagbag.py:545} INFO - Filling up the DagBag from /home/abayturar/airflow-project/venv/lib/python3.12/site-packages/airflow/example_dags/example_branch_labels.py
[2026-03-29T12:08:58.399+0500] {processor.py:840} INFO - DAG(s) 'example_branch_labels' retrieved from /home/abayturar/airflow-project/venv/lib/python3.12/site-packages/airflow/example_dags/example_branch_labels.py
[2026-03-29T12:08:58.414+0500] {logging_mixin.py:188} INFO - [2026-03-29T12:08:58.414+0500] {dag.py:3089} INFO - Sync 1 DAGs
[2026-03-29T12:08:58.428+0500] {logging_mixin.py:188} INFO - [2026-03-29T12:08:58.427+0500] {dag.py:3947} INFO - Setting next_dagrun for example_branch_labels to 2026-03-28 00:00:00+00:00, run_after=2026-03-29 00:00:00+00:00
[2026-03-29T12:08:58.481+0500] {processor.py:183} INFO - Processing /home/abayturar/airflow-project/venv/lib/python3.12/site-packages/airflow/example_dags/example_branch_labels.py took 0.098 seconds
[2026-03-29T12:10:14.414+0500] {processor.py:161} INFO - Started process (PID=1008) to work on /home/abayturar/airflow-project/venv/lib/python3.12/site-packages/airflow/example_dags/example_branch_labels.py
[2026-03-29T12:10:14.415+0500] {processor.py:830} INFO - Processing file /home/abayturar/airflow-project/venv/lib/python3.12/site-packages/airflow/example_dags/example_branch_labels.py for tasks to queue
[2026-03-29T12:10:14.416+0500] {logging_mixin.py:188} INFO - [2026-03-29T12:10:14.416+0500] {dagbag.py:545} INFO - Filling up the DagBag from /home/abayturar/airflow-project/venv/lib/python3.12/site-packages/airflow/example_dags/example_branch_labels.py
[2026-03-29T12:10:14.423+0500] {processor.py:840} INFO - DAG(s) 'example_branch_labels' retrieved from /home/abayturar/airflow-project/venv/lib/python3.12/site-packages/airflow/example_dags/example_branch_labels.py
[2026-03-29T12:10:14.439+0500] {logging_mixin.py:188} INFO - [2026-03-29T12:10:14.439+0500] {dag.py:3089} INFO - Sync 1 DAGs
[2026-03-29T12:10:14.452+0500] {logging_mixin.py:188} INFO - [2026-03-29T12:10:14.452+0500] {dag.py:3947} INFO - Setting next_dagrun for example_branch_labels to 2026-03-28 00:00:00+00:00, run_after=2026-03-29 00:00:00+00:00
[2026-03-29T12:10:14.506+0500] {processor.py:183} INFO - Processing /home/abayturar/airflow-project/venv/lib/python3.12/site-packages/airflow/example_dags/example_branch_labels.py took 0.097 seconds
[2026-03-29T12:11:27.370+0500] {processor.py:161} INFO - Started process (PID=1199) to work on /home/abayturar/airflow-project/venv/lib/python3.12/site-packages/airflow/example_dags/example_branch_labels.py
[2026-03-29T12:11:27.371+0500] {processor.py:830} INFO - Processing file /home/abayturar/airflow-project/venv/lib/python3.12/site-packages/airflow/example_dags/example_branch_labels.py for tasks to queue
[2026-03-29T12:11:27.373+0500] {logging_mixin.py:188} INFO - [2026-03-29T12:11:27.372+0500] {dagbag.py:545} INFO - Filling up the DagBag from /home/abayturar/airflow-project/venv/lib/python3.12/site-packages/airflow/example_dags/example_branch_labels.py
[2026-03-29T12:11:27.380+0500] {processor.py:840} INFO - DAG(s) 'example_branch_labels' retrieved from /home/abayturar/airflow-project/venv/lib/python3.12/site-packages/airflow/example_dags/example_branch_labels.py
[2026-03-29T12:11:27.396+0500] {logging_mixin.py:188} INFO - [2026-03-29T12:11:27.396+0500] {dag.py:3089} INFO - Sync 1 DAGs
[2026-03-29T12:11:27.412+0500] {logging_mixin.py:188} INFO - [2026-03-29T12:11:27.412+0500] {dag.py:3947} INFO - Setting next_dagrun for example_branch_labels to 2026-03-28 00:00:00+00:00, run_after=2026-03-29 00:00:00+00:00
[2026-03-29T12:11:27.468+0500] {processor.py:183} INFO - Processing /home/abayturar/airflow-project/venv/lib/python3.12/site-packages/airflow/example_dags/example_branch_labels.py took 0.104 seconds
[2026-03-29T12:12:43.215+0500] {processor.py:161} INFO - Started process (PID=1399) to work on /home/abayturar/airflow-project/venv/lib/python3.12/site-packages/airflow/example_dags/example_branch_labels.py
[2026-03-29T12:12:43.216+0500] {processor.py:830} INFO - Processing file /home/abayturar/airflow-project/venv/lib/python3.12/site-packages/airflow/example_dags/example_branch_labels.py for tasks to queue
[2026-03-29T12:12:43.217+0500] {logging_mixin.py:188} INFO - [2026-03-29T12:12:43.217+0500] {dagbag.py:545} INFO - Filling up the DagBag from /home/abayturar/airflow-project/venv/lib/python3.12/site-packages/airflow/example_dags/example_branch_labels.py
[2026-03-29T12:12:43.225+0500] {processor.py:840} INFO - DAG(s) 'example_branch_labels' retrieved from /home/abayturar/airflow-project/venv/lib/python3.12/site-packages/airflow/example_dags/example_branch_labels.py
[2026-03-29T12:12:43.241+0500] {logging_mixin.py:188} INFO - [2026-03-29T12:12:43.241+0500] {dag.py:3089} INFO - Sync 1 DAGs
[2026-03-29T12:12:43.255+0500] {logging_mixin.py:188} INFO - [2026-03-29T12:12:43.255+0500] {dag.py:3947} INFO - Setting next_dagrun for example_branch_labels to 2026-03-28 00:00:00+00:00, run_after=2026-03-29 00:00:00+00:00
[2026-03-29T12:12:43.309+0500] {processor.py:183} INFO - Processing /home/abayturar/airflow-project/venv/lib/python3.12/site-packages/airflow/example_dags/example_branch_labels.py took 0.100 seconds
[2026-03-29T12:13:57.711+0500] {processor.py:161} INFO - Started process (PID=1595) to work on /home/abayturar/airflow-project/venv/lib/python3.12/site-packages/airflow/example_dags/example_branch_labels.py
[2026-03-29T12:13:57.712+0500] {processor.py:830} INFO - Processing file /home/abayturar/airflow-project/venv/lib/python3.12/site-packages/airflow/example_dags/example_branch_labels.py for tasks to queue
[2026-03-29T12:13:57.714+0500] {logging_mixin.py:188} INFO - [2026-03-29T12:13:57.713+0500] {dagbag.py:545} INFO - Filling up the DagBag from /home/abayturar/airflow-project/venv/lib/python3.12/site-packages/airflow/example_dags/example_branch_labels.py
[2026-03-29T12:13:57.721+0500] {processor.py:840} INFO - DAG(s) 'example_branch_labels' retrieved from /home/abayturar/airflow-project/venv/lib/python3.12/site-packages/airflow/example_dags/example_branch_labels.py
[2026-03-29T12:13:57.736+0500] {logging_mixin.py:188} INFO - [2026-03-29T12:13:57.736+0500] {dag.py:3089} INFO - Sync 1 DAGs
[2026-03-29T12:13:57.750+0500] {logging_mixin.py:188} INFO - [2026-03-29T12:13:57.749+0500] {dag.py:3947} INFO - Setting next_dagrun for example_branch_labels to 2026-03-28 00:00:00+00:00, run_after=2026-03-29 00:00:00+00:00
[2026-03-29T12:13:57.803+0500] {processor.py:183} INFO - Processing /home/abayturar/airflow-project/venv/lib/python3.12/site-packages/airflow/example_dags/example_branch_labels.py took 0.097 seconds
[2026-03-29T12:14:53.904+0500] {processor.py:161} INFO - Started process (PID=1740) to work on /home/abayturar/airflow-project/venv/lib/python3.12/site-packages/airflow/example_dags/example_branch_labels.py
[2026-03-29T12:14:53.904+0500] {processor.py:830} INFO - Processing file /home/abayturar/airflow-project/venv/lib/python3.12/site-packages/airflow/example_dags/example_branch_labels.py for tasks to queue
[2026-03-29T12:14:53.906+0500] {logging_mixin.py:188} INFO - [2026-03-29T12:14:53.906+0500] {dagbag.py:545} INFO - Filling up the DagBag from /home/abayturar/airflow-project/venv/lib/python3.12/site-packages/airflow/example_dags/example_branch_labels.py
[2026-03-29T12:14:53.913+0500] {processor.py:840} INFO - DAG(s) 'example_branch_labels' retrieved from /home/abayturar/airflow-project/venv/lib/python3.12/site-packages/airflow/example_dags/example_branch_labels.py
[2026-03-29T12:14:53.930+0500] {logging_mixin.py:188} INFO - [2026-03-29T12:14:53.930+0500] {dag.py:3089} INFO - Sync 1 DAGs
[2026-03-29T12:14:53.944+0500] {logging_mixin.py:188} INFO - [2026-03-29T12:14:53.944+0500] {dag.py:3947} INFO - Setting next_dagrun for example_branch_labels to 2026-03-28 00:00:00+00:00, run_after=2026-03-29 00:00:00+00:00
[2026-03-29T12:14:53.997+0500] {processor.py:183} INFO - Processing /home/abayturar/airflow-project/venv/lib/python3.12/site-packages/airflow/example_dags/example_branch_labels.py took 0.100 seconds
[2026-03-29T12:16:12.836+0500] {processor.py:161} INFO - Started process (PID=1950) to work on /home/abayturar/airflow-project/venv/lib/python3.12/site-packages/airflow/example_dags/example_branch_labels.py
[2026-03-29T12:16:12.837+0500] {processor.py:830} INFO - Processing file /home/abayturar/airflow-project/venv/lib/python3.12/site-packages/airflow/example_dags/example_branch_labels.py for tasks to queue
[2026-03-29T12:16:12.838+0500] {logging_mixin.py:188} INFO - [2026-03-29T12:16:12.838+0500] {dagbag.py:545} INFO - Filling up the DagBag from /home/abayturar/airflow-project/venv/lib/python3.12/site-packages/airflow/example_dags/example_branch_labels.py
[2026-03-29T12:16:12.846+0500] {processor.py:840} INFO - DAG(s) 'example_branch_labels' retrieved from /home/abayturar/airflow-project/venv/lib/python3.12/site-packages/airflow/example_dags/example_branch_labels.py
[2026-03-29T12:16:12.861+0500] {logging_mixin.py:188} INFO - [2026-03-29T12:16:12.861+0500] {dag.py:3089} INFO - Sync 1 DAGs
[2026-03-29T12:16:12.874+0500] {logging_mixin.py:188} INFO - [2026-03-29T12:16:12.874+0500] {dag.py:3947} INFO - Setting next_dagrun for example_branch_labels to 2026-03-28 00:00:00+00:00, run_after=2026-03-29 00:00:00+00:00
[2026-03-29T12:16:12.888+0500] {processor.py:183} INFO - Processing /home/abayturar/airflow-project/venv/lib/python3.12/site-packages/airflow/example_dags/example_branch_labels.py took 0.058 seconds
[2026-03-29T12:17:32.450+0500] {processor.py:161} INFO - Started process (PID=2151) to work on /home/abayturar/airflow-project/venv/lib/python3.12/site-packages/airflow/example_dags/example_branch_labels.py
[2026-03-29T12:17:32.451+0500] {processor.py:830} INFO - Processing file /home/abayturar/airflow-project/venv/lib/python3.12/site-packages/airflow/example_dags/example_branch_labels.py for tasks to queue
[2026-03-29T12:17:32.453+0500] {logging_mixin.py:188} INFO - [2026-03-29T12:17:32.453+0500] {dagbag.py:545} INFO - Filling up the DagBag from /home/abayturar/airflow-project/venv/lib/python3.12/site-packages/airflow/example_dags/example_branch_labels.py
[2026-03-29T12:17:32.460+0500] {processor.py:840} INFO - DAG(s) 'example_branch_labels' retrieved from /home/abayturar/airflow-project/venv/lib/python3.12/site-packages/airflow/example_dags/example_branch_labels.py
[2026-03-29T12:17:32.477+0500] {logging_mixin.py:188} INFO - [2026-03-29T12:17:32.476+0500] {dag.py:3089} INFO - Sync 1 DAGs
[2026-03-29T12:17:32.491+0500] {logging_mixin.py:188} INFO - [2026-03-29T12:17:32.490+0500] {dag.py:3947} INFO - Setting next_dagrun for example_branch_labels to 2026-03-28 00:00:00+00:00, run_after=2026-03-29 00:00:00+00:00
[2026-03-29T12:17:32.545+0500] {processor.py:183} INFO - Processing /home/abayturar/airflow-project/venv/lib/python3.12/site-packages/airflow/example_dags/example_branch_labels.py took 0.101 seconds
[2026-03-29T12:18:49.631+0500] {processor.py:161} INFO - Started process (PID=2358) to work on /home/abayturar/airflow-project/venv/lib/python3.12/site-packages/airflow/example_dags/example_branch_labels.py
[2026-03-29T12:18:49.632+0500] {processor.py:830} INFO - Processing file /home/abayturar/airflow-project/venv/lib/python3.12/site-packages/airflow/example_dags/example_branch_labels.py for tasks to queue
[2026-03-29T12:18:49.634+0500] {logging_mixin.py:188} INFO - [2026-03-29T12:18:49.633+0500] {dagbag.py:545} INFO - Filling up the DagBag from /home/abayturar/airflow-project/venv/lib/python3.12/site-packages/airflow/example_dags/example_branch_labels.py
[2026-03-29T12:18:49.641+0500] {processor.py:840} INFO - DAG(s) 'example_branch_labels' retrieved from /home/abayturar/airflow-project/venv/lib/python3.12/site-packages/airflow/example_dags/example_branch_labels.py
[2026-03-29T12:18:49.657+0500] {logging_mixin.py:188} INFO - [2026-03-29T12:18:49.657+0500] {dag.py:3089} INFO - Sync 1 DAGs
[2026-03-29T12:18:49.671+0500] {logging_mixin.py:188} INFO - [2026-03-29T12:18:49.670+0500] {dag.py:3947} INFO - Setting next_dagrun for example_branch_labels to 2026-03-28 00:00:00+00:00, run_after=2026-03-29 00:00:00+00:00
[2026-03-29T12:18:49.686+0500] {processor.py:183} INFO - Processing /home/abayturar/airflow-project/venv/lib/python3.12/site-packages/airflow/example_dags/example_branch_labels.py took 0.060 seconds
[2026-03-29T12:20:05.020+0500] {processor.py:161} INFO - Started process (PID=2551) to work on /home/abayturar/airflow-project/venv/lib/python3.12/site-packages/airflow/example_dags/example_branch_labels.py
[2026-03-29T12:20:05.021+0500] {processor.py:830} INFO - Processing file /home/abayturar/airflow-project/venv/lib/python3.12/site-packages/airflow/example_dags/example_branch_labels.py for tasks to queue
[2026-03-29T12:20:05.023+0500] {logging_mixin.py:188} INFO - [2026-03-29T12:20:05.023+0500] {dagbag.py:545} INFO - Filling up the DagBag from /home/abayturar/airflow-project/venv/lib/python3.12/site-packages/airflow/example_dags/example_branch_labels.py
[2026-03-29T12:20:05.030+0500] {processor.py:840} INFO - DAG(s) 'example_branch_labels' retrieved from /home/abayturar/airflow-project/venv/lib/python3.12/site-packages/airflow/example_dags/example_branch_labels.py
[2026-03-29T12:20:05.046+0500] {logging_mixin.py:188} INFO - [2026-03-29T12:20:05.046+0500] {dag.py:3089} INFO - Sync 1 DAGs
[2026-03-29T12:20:05.060+0500] {logging_mixin.py:188} INFO - [2026-03-29T12:20:05.060+0500] {dag.py:3947} INFO - Setting next_dagrun for example_branch_labels to 2026-03-28 00:00:00+00:00, run_after=2026-03-29 00:00:00+00:00
[2026-03-29T12:20:05.074+0500] {processor.py:183} INFO - Processing /home/abayturar/airflow-project/venv/lib/python3.12/site-packages/airflow/example_dags/example_branch_labels.py took 0.061 seconds
[2026-03-29T12:21:00.249+0500] {processor.py:161} INFO - Started process (PID=2694) to work on /home/abayturar/airflow-project/venv/lib/python3.12/site-packages/airflow/example_dags/example_branch_labels.py
[2026-03-29T12:21:00.250+0500] {processor.py:830} INFO - Processing file /home/abayturar/airflow-project/venv/lib/python3.12/site-packages/airflow/example_dags/example_branch_labels.py for tasks to queue
[2026-03-29T12:21:00.252+0500] {logging_mixin.py:188} INFO - [2026-03-29T12:21:00.251+0500] {dagbag.py:545} INFO - Filling up the DagBag from /home/abayturar/airflow-project/venv/lib/python3.12/site-packages/airflow/example_dags/example_branch_labels.py
[2026-03-29T12:21:00.259+0500] {processor.py:840} INFO - DAG(s) 'example_branch_labels' retrieved from /home/abayturar/airflow-project/venv/lib/python3.12/site-packages/airflow/example_dags/example_branch_labels.py
[2026-03-29T12:21:00.275+0500] {logging_mixin.py:188} INFO - [2026-03-29T12:21:00.275+0500] {dag.py:3089} INFO - Sync 1 DAGs
[2026-03-29T12:21:00.289+0500] {logging_mixin.py:188} INFO - [2026-03-29T12:21:00.289+0500] {dag.py:3947} INFO - Setting next_dagrun for example_branch_labels to 2026-03-28 00:00:00+00:00, run_after=2026-03-29 00:00:00+00:00
[2026-03-29T12:21:00.343+0500] {processor.py:183} INFO - Processing /home/abayturar/airflow-project/venv/lib/python3.12/site-packages/airflow/example_dags/example_branch_labels.py took 0.100 seconds
[2026-03-29T12:22:17.069+0500] {processor.py:161} INFO - Started process (PID=3008) to work on /home/abayturar/airflow-project/venv/lib/python3.12/site-packages/airflow/example_dags/example_branch_labels.py
[2026-03-29T12:22:17.069+0500] {processor.py:830} INFO - Processing file /home/abayturar/airflow-project/venv/lib/python3.12/site-packages/airflow/example_dags/example_branch_labels.py for tasks to queue
[2026-03-29T12:22:17.071+0500] {logging_mixin.py:188} INFO - [2026-03-29T12:22:17.071+0500] {dagbag.py:545} INFO - Filling up the DagBag from /home/abayturar/airflow-project/venv/lib/python3.12/site-packages/airflow/example_dags/example_branch_labels.py
[2026-03-29T12:22:17.078+0500] {processor.py:840} INFO - DAG(s) 'example_branch_labels' retrieved from /home/abayturar/airflow-project/venv/lib/python3.12/site-packages/airflow/example_dags/example_branch_labels.py
[2026-03-29T12:22:17.095+0500] {logging_mixin.py:188} INFO - [2026-03-29T12:22:17.095+0500] {dag.py:3089} INFO - Sync 1 DAGs
[2026-03-29T12:22:17.110+0500] {logging_mixin.py:188} INFO - [2026-03-29T12:22:17.110+0500] {dag.py:3947} INFO - Setting next_dagrun for example_branch_labels to 2026-03-28 00:00:00+00:00, run_after=2026-03-29 00:00:00+00:00
[2026-03-29T12:22:17.163+0500] {processor.py:183} INFO - Processing /home/abayturar/airflow-project/venv/lib/python3.12/site-packages/airflow/example_dags/example_branch_labels.py took 0.100 seconds
[2026-03-29T12:23:34.840+0500] {processor.py:161} INFO - Started process (PID=3290) to work on /home/abayturar/airflow-project/venv/lib/python3.12/site-packages/airflow/example_dags/example_branch_labels.py
[2026-03-29T12:23:34.841+0500] {processor.py:830} INFO - Processing file /home/abayturar/airflow-project/venv/lib/python3.12/site-packages/airflow/example_dags/example_branch_labels.py for tasks to queue
[2026-03-29T12:23:34.843+0500] {logging_mixin.py:188} INFO - [2026-03-29T12:23:34.843+0500] {dagbag.py:545} INFO - Filling up the DagBag from /home/abayturar/airflow-project/venv/lib/python3.12/site-packages/airflow/example_dags/example_branch_labels.py
[2026-03-29T12:23:34.850+0500] {processor.py:840} INFO - DAG(s) 'example_branch_labels' retrieved from /home/abayturar/airflow-project/venv/lib/python3.12/site-packages/airflow/example_dags/example_branch_labels.py
[2026-03-29T12:23:34.866+0500] {logging_mixin.py:188} INFO - [2026-03-29T12:23:34.866+0500] {dag.py:3089} INFO - Sync 1 DAGs
[2026-03-29T12:23:34.880+0500] {logging_mixin.py:188} INFO - [2026-03-29T12:23:34.880+0500] {dag.py:3947} INFO - Setting next_dagrun for example_branch_labels to 2026-03-28 00:00:00+00:00, run_after=2026-03-29 00:00:00+00:00
[2026-03-29T12:23:34.896+0500] {processor.py:183} INFO - Processing /home/abayturar/airflow-project/venv/lib/python3.12/site-packages/airflow/example_dags/example_branch_labels.py took 0.062 seconds
[2026-03-29T12:24:55.266+0500] {processor.py:161} INFO - Started process (PID=3586) to work on /home/abayturar/airflow-project/venv/lib/python3.12/site-packages/airflow/example_dags/example_branch_labels.py
[2026-03-29T12:24:55.267+0500] {processor.py:830} INFO - Processing file /home/abayturar/airflow-project/venv/lib/python3.12/site-packages/airflow/example_dags/example_branch_labels.py for tasks to queue
[2026-03-29T12:24:55.269+0500] {logging_mixin.py:188} INFO - [2026-03-29T12:24:55.269+0500] {dagbag.py:545} INFO - Filling up the DagBag from /home/abayturar/airflow-project/venv/lib/python3.12/site-packages/airflow/example_dags/example_branch_labels.py
[2026-03-29T12:24:55.277+0500] {processor.py:840} INFO - DAG(s) 'example_branch_labels' retrieved from /home/abayturar/airflow-project/venv/lib/python3.12/site-packages/airflow/example_dags/example_branch_labels.py
[2026-03-29T12:24:55.294+0500] {logging_mixin.py:188} INFO - [2026-03-29T12:24:55.294+0500] {dag.py:3089} INFO - Sync 1 DAGs
[2026-03-29T12:24:55.311+0500] {logging_mixin.py:188} INFO - [2026-03-29T12:24:55.311+0500] {dag.py:3947} INFO - Setting next_dagrun for example_branch_labels to 2026-03-28 00:00:00+00:00, run_after=2026-03-29 00:00:00+00:00
[2026-03-29T12:24:55.365+0500] {processor.py:183} INFO - Processing /home/abayturar/airflow-project/venv/lib/python3.12/site-packages/airflow/example_dags/example_branch_labels.py took 0.105 seconds
[2026-03-29T12:26:11.873+0500] {processor.py:161} INFO - Started process (PID=3904) to work on /home/abayturar/airflow-project/venv/lib/python3.12/site-packages/airflow/example_dags/example_branch_labels.py
[2026-03-29T12:26:11.874+0500] {processor.py:830} INFO - Processing file /home/abayturar/airflow-project/venv/lib/python3.12/site-packages/airflow/example_dags/example_branch_labels.py for tasks to queue
[2026-03-29T12:26:11.876+0500] {logging_mixin.py:188} INFO - [2026-03-29T12:26:11.876+0500] {dagbag.py:545} INFO - Filling up the DagBag from /home/abayturar/airflow-project/venv/lib/python3.12/site-packages/airflow/example_dags/example_branch_labels.py
[2026-03-29T12:26:11.884+0500] {processor.py:840} INFO - DAG(s) 'example_branch_labels' retrieved from /home/abayturar/airflow-project/venv/lib/python3.12/site-packages/airflow/example_dags/example_branch_labels.py
[2026-03-29T12:26:11.901+0500] {logging_mixin.py:188} INFO - [2026-03-29T12:26:11.900+0500] {dag.py:3089} INFO - Sync 1 DAGs
[2026-03-29T12:26:11.914+0500] {logging_mixin.py:188} INFO - [2026-03-29T12:26:11.914+0500] {dag.py:3947} INFO - Setting next_dagrun for example_branch_labels to 2026-03-28 00:00:00+00:00, run_after=2026-03-29 00:00:00+00:00
[2026-03-29T12:26:11.929+0500] {processor.py:183} INFO - Processing /home/abayturar/airflow-project/venv/lib/python3.12/site-packages/airflow/example_dags/example_branch_labels.py took 0.062 seconds
