[2026-03-29T12:01:19.711+0500] {processor.py:161} INFO - Started process (PID=32228) to work on /home/abayturar/airflow-project/venv/lib/python3.12/site-packages/airflow/example_dags/example_sla_dag.py
[2026-03-29T12:01:19.713+0500] {processor.py:830} INFO - Processing file /home/abayturar/airflow-project/venv/lib/python3.12/site-packages/airflow/example_dags/example_sla_dag.py for tasks to queue
[2026-03-29T12:01:19.716+0500] {logging_mixin.py:188} INFO - [2026-03-29T12:01:19.716+0500] {dagbag.py:545} INFO - Filling up the DagBag from /home/abayturar/airflow-project/venv/lib/python3.12/site-packages/airflow/example_dags/example_sla_dag.py
[2026-03-29T12:01:19.738+0500] {processor.py:840} INFO - DAG(s) 'example_sla_dag' retrieved from /home/abayturar/airflow-project/venv/lib/python3.12/site-packages/airflow/example_dags/example_sla_dag.py
[2026-03-29T12:01:19.762+0500] {logging_mixin.py:188} INFO - [2026-03-29T12:01:19.762+0500] {dag.py:3089} INFO - Sync 1 DAGs
[2026-03-29T12:01:19.795+0500] {logging_mixin.py:188} INFO - [2026-03-29T12:01:19.795+0500] {dag.py:3947} INFO - Setting next_dagrun for example_sla_dag to 2026-03-29 06:58:00+00:00, run_after=2026-03-29 07:00:00+00:00
[2026-03-29T12:01:19.828+0500] {processor.py:183} INFO - Processing /home/abayturar/airflow-project/venv/lib/python3.12/site-packages/airflow/example_dags/example_sla_dag.py took 0.131 seconds
[2026-03-29T12:02:17.581+0500] {processor.py:161} INFO - Started process (PID=32517) to work on /home/abayturar/airflow-project/venv/lib/python3.12/site-packages/airflow/example_dags/example_sla_dag.py
[2026-03-29T12:02:17.582+0500] {processor.py:830} INFO - Processing file /home/abayturar/airflow-project/venv/lib/python3.12/site-packages/airflow/example_dags/example_sla_dag.py for tasks to queue
[2026-03-29T12:02:17.584+0500] {logging_mixin.py:188} INFO - [2026-03-29T12:02:17.584+0500] {dagbag.py:545} INFO - Filling up the DagBag from /home/abayturar/airflow-project/venv/lib/python3.12/site-packages/airflow/example_dags/example_sla_dag.py
[2026-03-29T12:02:17.593+0500] {processor.py:840} INFO - DAG(s) 'example_sla_dag' retrieved from /home/abayturar/airflow-project/venv/lib/python3.12/site-packages/airflow/example_dags/example_sla_dag.py
[2026-03-29T12:02:17.609+0500] {logging_mixin.py:188} INFO - [2026-03-29T12:02:17.609+0500] {dag.py:3089} INFO - Sync 1 DAGs
[2026-03-29T12:02:17.625+0500] {logging_mixin.py:188} INFO - [2026-03-29T12:02:17.625+0500] {dag.py:3947} INFO - Setting next_dagrun for example_sla_dag to 2026-03-29 07:00:00+00:00, run_after=2026-03-29 07:02:00+00:00
[2026-03-29T12:02:17.678+0500] {processor.py:183} INFO - Processing /home/abayturar/airflow-project/venv/lib/python3.12/site-packages/airflow/example_dags/example_sla_dag.py took 0.103 seconds
[2026-03-29T12:05:47.604+0500] {processor.py:161} INFO - Started process (PID=32752) to work on /home/abayturar/airflow-project/venv/lib/python3.12/site-packages/airflow/example_dags/example_sla_dag.py
[2026-03-29T12:05:47.605+0500] {processor.py:830} INFO - Processing file /home/abayturar/airflow-project/venv/lib/python3.12/site-packages/airflow/example_dags/example_sla_dag.py for tasks to queue
[2026-03-29T12:05:47.607+0500] {logging_mixin.py:188} INFO - [2026-03-29T12:05:47.607+0500] {dagbag.py:545} INFO - Filling up the DagBag from /home/abayturar/airflow-project/venv/lib/python3.12/site-packages/airflow/example_dags/example_sla_dag.py
[2026-03-29T12:05:47.618+0500] {processor.py:840} INFO - DAG(s) 'example_sla_dag' retrieved from /home/abayturar/airflow-project/venv/lib/python3.12/site-packages/airflow/example_dags/example_sla_dag.py
[2026-03-29T12:05:47.637+0500] {logging_mixin.py:188} INFO - [2026-03-29T12:05:47.637+0500] {dag.py:3089} INFO - Sync 1 DAGs
[2026-03-29T12:05:47.656+0500] {logging_mixin.py:188} INFO - [2026-03-29T12:05:47.656+0500] {dag.py:3947} INFO - Setting next_dagrun for example_sla_dag to 2026-03-29 07:02:00+00:00, run_after=2026-03-29 07:04:00+00:00
[2026-03-29T12:05:47.684+0500] {processor.py:183} INFO - Processing /home/abayturar/airflow-project/venv/lib/python3.12/site-packages/airflow/example_dags/example_sla_dag.py took 0.089 seconds
[2026-03-29T12:06:41.523+0500] {processor.py:161} INFO - Started process (PID=208) to work on /home/abayturar/airflow-project/venv/lib/python3.12/site-packages/airflow/example_dags/example_sla_dag.py
[2026-03-29T12:06:41.524+0500] {processor.py:830} INFO - Processing file /home/abayturar/airflow-project/venv/lib/python3.12/site-packages/airflow/example_dags/example_sla_dag.py for tasks to queue
[2026-03-29T12:06:41.526+0500] {logging_mixin.py:188} INFO - [2026-03-29T12:06:41.525+0500] {dagbag.py:545} INFO - Filling up the DagBag from /home/abayturar/airflow-project/venv/lib/python3.12/site-packages/airflow/example_dags/example_sla_dag.py
[2026-03-29T12:06:41.535+0500] {processor.py:840} INFO - DAG(s) 'example_sla_dag' retrieved from /home/abayturar/airflow-project/venv/lib/python3.12/site-packages/airflow/example_dags/example_sla_dag.py
[2026-03-29T12:06:41.551+0500] {logging_mixin.py:188} INFO - [2026-03-29T12:06:41.551+0500] {dag.py:3089} INFO - Sync 1 DAGs
[2026-03-29T12:06:41.568+0500] {logging_mixin.py:188} INFO - [2026-03-29T12:06:41.568+0500] {dag.py:3947} INFO - Setting next_dagrun for example_sla_dag to 2026-03-29 07:04:00+00:00, run_after=2026-03-29 07:06:00+00:00
[2026-03-29T12:06:41.624+0500] {processor.py:183} INFO - Processing /home/abayturar/airflow-project/venv/lib/python3.12/site-packages/airflow/example_dags/example_sla_dag.py took 0.109 seconds
[2026-03-29T12:07:27.063+0500] {processor.py:161} INFO - Started process (PID=396) to work on /home/abayturar/airflow-project/venv/lib/python3.12/site-packages/airflow/example_dags/example_sla_dag.py
[2026-03-29T12:07:27.064+0500] {processor.py:830} INFO - Processing file /home/abayturar/airflow-project/venv/lib/python3.12/site-packages/airflow/example_dags/example_sla_dag.py for tasks to queue
[2026-03-29T12:07:27.065+0500] {logging_mixin.py:188} INFO - [2026-03-29T12:07:27.065+0500] {dagbag.py:545} INFO - Filling up the DagBag from /home/abayturar/airflow-project/venv/lib/python3.12/site-packages/airflow/example_dags/example_sla_dag.py
[2026-03-29T12:07:27.074+0500] {processor.py:840} INFO - DAG(s) 'example_sla_dag' retrieved from /home/abayturar/airflow-project/venv/lib/python3.12/site-packages/airflow/example_dags/example_sla_dag.py
[2026-03-29T12:07:27.088+0500] {logging_mixin.py:188} INFO - [2026-03-29T12:07:27.088+0500] {dag.py:3089} INFO - Sync 1 DAGs
[2026-03-29T12:07:27.103+0500] {logging_mixin.py:188} INFO - [2026-03-29T12:07:27.103+0500] {dag.py:3947} INFO - Setting next_dagrun for example_sla_dag to 2026-03-29 07:04:00+00:00, run_after=2026-03-29 07:06:00+00:00
[2026-03-29T12:07:27.157+0500] {processor.py:183} INFO - Processing /home/abayturar/airflow-project/venv/lib/python3.12/site-packages/airflow/example_dags/example_sla_dag.py took 0.099 seconds
[2026-03-29T12:08:16.052+0500] {processor.py:161} INFO - Started process (PID=592) to work on /home/abayturar/airflow-project/venv/lib/python3.12/site-packages/airflow/example_dags/example_sla_dag.py
[2026-03-29T12:08:16.054+0500] {processor.py:830} INFO - Processing file /home/abayturar/airflow-project/venv/lib/python3.12/site-packages/airflow/example_dags/example_sla_dag.py for tasks to queue
[2026-03-29T12:08:16.056+0500] {logging_mixin.py:188} INFO - [2026-03-29T12:08:16.055+0500] {dagbag.py:545} INFO - Filling up the DagBag from /home/abayturar/airflow-project/venv/lib/python3.12/site-packages/airflow/example_dags/example_sla_dag.py
[2026-03-29T12:08:16.068+0500] {processor.py:840} INFO - DAG(s) 'example_sla_dag' retrieved from /home/abayturar/airflow-project/venv/lib/python3.12/site-packages/airflow/example_dags/example_sla_dag.py
[2026-03-29T12:08:16.088+0500] {logging_mixin.py:188} INFO - [2026-03-29T12:08:16.088+0500] {dag.py:3089} INFO - Sync 1 DAGs
[2026-03-29T12:08:16.109+0500] {logging_mixin.py:188} INFO - [2026-03-29T12:08:16.109+0500] {dag.py:3947} INFO - Setting next_dagrun for example_sla_dag to 2026-03-29 07:06:00+00:00, run_after=2026-03-29 07:08:00+00:00
[2026-03-29T12:08:16.166+0500] {processor.py:183} INFO - Processing /home/abayturar/airflow-project/venv/lib/python3.12/site-packages/airflow/example_dags/example_sla_dag.py took 0.122 seconds
[2026-03-29T12:09:07.890+0500] {processor.py:161} INFO - Started process (PID=815) to work on /home/abayturar/airflow-project/venv/lib/python3.12/site-packages/airflow/example_dags/example_sla_dag.py
[2026-03-29T12:09:07.891+0500] {processor.py:830} INFO - Processing file /home/abayturar/airflow-project/venv/lib/python3.12/site-packages/airflow/example_dags/example_sla_dag.py for tasks to queue
[2026-03-29T12:09:07.893+0500] {logging_mixin.py:188} INFO - [2026-03-29T12:09:07.893+0500] {dagbag.py:545} INFO - Filling up the DagBag from /home/abayturar/airflow-project/venv/lib/python3.12/site-packages/airflow/example_dags/example_sla_dag.py
[2026-03-29T12:09:07.901+0500] {processor.py:840} INFO - DAG(s) 'example_sla_dag' retrieved from /home/abayturar/airflow-project/venv/lib/python3.12/site-packages/airflow/example_dags/example_sla_dag.py
[2026-03-29T12:09:07.916+0500] {logging_mixin.py:188} INFO - [2026-03-29T12:09:07.916+0500] {dag.py:3089} INFO - Sync 1 DAGs
[2026-03-29T12:09:07.931+0500] {logging_mixin.py:188} INFO - [2026-03-29T12:09:07.931+0500] {dag.py:3947} INFO - Setting next_dagrun for example_sla_dag to 2026-03-29 07:06:00+00:00, run_after=2026-03-29 07:08:00+00:00
[2026-03-29T12:09:07.985+0500] {processor.py:183} INFO - Processing /home/abayturar/airflow-project/venv/lib/python3.12/site-packages/airflow/example_dags/example_sla_dag.py took 0.100 seconds
[2026-03-29T12:09:59.175+0500] {processor.py:161} INFO - Started process (PID=970) to work on /home/abayturar/airflow-project/venv/lib/python3.12/site-packages/airflow/example_dags/example_sla_dag.py
[2026-03-29T12:09:59.176+0500] {processor.py:830} INFO - Processing file /home/abayturar/airflow-project/venv/lib/python3.12/site-packages/airflow/example_dags/example_sla_dag.py for tasks to queue
[2026-03-29T12:09:59.177+0500] {logging_mixin.py:188} INFO - [2026-03-29T12:09:59.177+0500] {dagbag.py:545} INFO - Filling up the DagBag from /home/abayturar/airflow-project/venv/lib/python3.12/site-packages/airflow/example_dags/example_sla_dag.py
[2026-03-29T12:09:59.185+0500] {processor.py:840} INFO - DAG(s) 'example_sla_dag' retrieved from /home/abayturar/airflow-project/venv/lib/python3.12/site-packages/airflow/example_dags/example_sla_dag.py
[2026-03-29T12:09:59.199+0500] {logging_mixin.py:188} INFO - [2026-03-29T12:09:59.199+0500] {dag.py:3089} INFO - Sync 1 DAGs
[2026-03-29T12:09:59.213+0500] {logging_mixin.py:188} INFO - [2026-03-29T12:09:59.213+0500] {dag.py:3947} INFO - Setting next_dagrun for example_sla_dag to 2026-03-29 07:06:00+00:00, run_after=2026-03-29 07:08:00+00:00
[2026-03-29T12:09:59.266+0500] {processor.py:183} INFO - Processing /home/abayturar/airflow-project/venv/lib/python3.12/site-packages/airflow/example_dags/example_sla_dag.py took 0.097 seconds
[2026-03-29T12:10:46.678+0500] {processor.py:161} INFO - Started process (PID=1096) to work on /home/abayturar/airflow-project/venv/lib/python3.12/site-packages/airflow/example_dags/example_sla_dag.py
[2026-03-29T12:10:46.680+0500] {processor.py:830} INFO - Processing file /home/abayturar/airflow-project/venv/lib/python3.12/site-packages/airflow/example_dags/example_sla_dag.py for tasks to queue
[2026-03-29T12:10:46.681+0500] {logging_mixin.py:188} INFO - [2026-03-29T12:10:46.681+0500] {dagbag.py:545} INFO - Filling up the DagBag from /home/abayturar/airflow-project/venv/lib/python3.12/site-packages/airflow/example_dags/example_sla_dag.py
[2026-03-29T12:10:46.691+0500] {processor.py:840} INFO - DAG(s) 'example_sla_dag' retrieved from /home/abayturar/airflow-project/venv/lib/python3.12/site-packages/airflow/example_dags/example_sla_dag.py
[2026-03-29T12:10:46.710+0500] {logging_mixin.py:188} INFO - [2026-03-29T12:10:46.710+0500] {dag.py:3089} INFO - Sync 1 DAGs
[2026-03-29T12:10:46.729+0500] {logging_mixin.py:188} INFO - [2026-03-29T12:10:46.729+0500] {dag.py:3947} INFO - Setting next_dagrun for example_sla_dag to 2026-03-29 07:08:00+00:00, run_after=2026-03-29 07:10:00+00:00
[2026-03-29T12:10:46.748+0500] {processor.py:183} INFO - Processing /home/abayturar/airflow-project/venv/lib/python3.12/site-packages/airflow/example_dags/example_sla_dag.py took 0.076 seconds
[2026-03-29T12:11:36.855+0500] {processor.py:161} INFO - Started process (PID=1228) to work on /home/abayturar/airflow-project/venv/lib/python3.12/site-packages/airflow/example_dags/example_sla_dag.py
[2026-03-29T12:11:36.857+0500] {processor.py:830} INFO - Processing file /home/abayturar/airflow-project/venv/lib/python3.12/site-packages/airflow/example_dags/example_sla_dag.py for tasks to queue
[2026-03-29T12:11:36.859+0500] {logging_mixin.py:188} INFO - [2026-03-29T12:11:36.858+0500] {dagbag.py:545} INFO - Filling up the DagBag from /home/abayturar/airflow-project/venv/lib/python3.12/site-packages/airflow/example_dags/example_sla_dag.py
[2026-03-29T12:11:36.868+0500] {processor.py:840} INFO - DAG(s) 'example_sla_dag' retrieved from /home/abayturar/airflow-project/venv/lib/python3.12/site-packages/airflow/example_dags/example_sla_dag.py
[2026-03-29T12:11:36.885+0500] {logging_mixin.py:188} INFO - [2026-03-29T12:11:36.885+0500] {dag.py:3089} INFO - Sync 1 DAGs
[2026-03-29T12:11:36.902+0500] {logging_mixin.py:188} INFO - [2026-03-29T12:11:36.902+0500] {dag.py:3947} INFO - Setting next_dagrun for example_sla_dag to 2026-03-29 07:08:00+00:00, run_after=2026-03-29 07:10:00+00:00
[2026-03-29T12:11:36.957+0500] {processor.py:183} INFO - Processing /home/abayturar/airflow-project/venv/lib/python3.12/site-packages/airflow/example_dags/example_sla_dag.py took 0.109 seconds
[2026-03-29T12:12:27.157+0500] {processor.py:161} INFO - Started process (PID=1361) to work on /home/abayturar/airflow-project/venv/lib/python3.12/site-packages/airflow/example_dags/example_sla_dag.py
[2026-03-29T12:12:27.157+0500] {processor.py:830} INFO - Processing file /home/abayturar/airflow-project/venv/lib/python3.12/site-packages/airflow/example_dags/example_sla_dag.py for tasks to queue
[2026-03-29T12:12:27.159+0500] {logging_mixin.py:188} INFO - [2026-03-29T12:12:27.159+0500] {dagbag.py:545} INFO - Filling up the DagBag from /home/abayturar/airflow-project/venv/lib/python3.12/site-packages/airflow/example_dags/example_sla_dag.py
[2026-03-29T12:12:27.167+0500] {processor.py:840} INFO - DAG(s) 'example_sla_dag' retrieved from /home/abayturar/airflow-project/venv/lib/python3.12/site-packages/airflow/example_dags/example_sla_dag.py
[2026-03-29T12:12:27.181+0500] {logging_mixin.py:188} INFO - [2026-03-29T12:12:27.181+0500] {dag.py:3089} INFO - Sync 1 DAGs
[2026-03-29T12:12:27.196+0500] {logging_mixin.py:188} INFO - [2026-03-29T12:12:27.196+0500] {dag.py:3947} INFO - Setting next_dagrun for example_sla_dag to 2026-03-29 07:10:00+00:00, run_after=2026-03-29 07:12:00+00:00
[2026-03-29T12:12:27.250+0500] {processor.py:183} INFO - Processing /home/abayturar/airflow-project/venv/lib/python3.12/site-packages/airflow/example_dags/example_sla_dag.py took 0.099 seconds
[2026-03-29T12:13:17.847+0500] {processor.py:161} INFO - Started process (PID=1494) to work on /home/abayturar/airflow-project/venv/lib/python3.12/site-packages/airflow/example_dags/example_sla_dag.py
[2026-03-29T12:13:17.848+0500] {processor.py:830} INFO - Processing file /home/abayturar/airflow-project/venv/lib/python3.12/site-packages/airflow/example_dags/example_sla_dag.py for tasks to queue
[2026-03-29T12:13:17.849+0500] {logging_mixin.py:188} INFO - [2026-03-29T12:13:17.849+0500] {dagbag.py:545} INFO - Filling up the DagBag from /home/abayturar/airflow-project/venv/lib/python3.12/site-packages/airflow/example_dags/example_sla_dag.py
[2026-03-29T12:13:17.857+0500] {processor.py:840} INFO - DAG(s) 'example_sla_dag' retrieved from /home/abayturar/airflow-project/venv/lib/python3.12/site-packages/airflow/example_dags/example_sla_dag.py
[2026-03-29T12:13:17.872+0500] {logging_mixin.py:188} INFO - [2026-03-29T12:13:17.872+0500] {dag.py:3089} INFO - Sync 1 DAGs
[2026-03-29T12:13:17.887+0500] {logging_mixin.py:188} INFO - [2026-03-29T12:13:17.887+0500] {dag.py:3947} INFO - Setting next_dagrun for example_sla_dag to 2026-03-29 07:10:00+00:00, run_after=2026-03-29 07:12:00+00:00
[2026-03-29T12:13:18.027+0500] {processor.py:183} INFO - Processing /home/abayturar/airflow-project/venv/lib/python3.12/site-packages/airflow/example_dags/example_sla_dag.py took 0.186 seconds
[2026-03-29T12:14:08.469+0500] {processor.py:161} INFO - Started process (PID=1628) to work on /home/abayturar/airflow-project/venv/lib/python3.12/site-packages/airflow/example_dags/example_sla_dag.py
[2026-03-29T12:14:08.470+0500] {processor.py:830} INFO - Processing file /home/abayturar/airflow-project/venv/lib/python3.12/site-packages/airflow/example_dags/example_sla_dag.py for tasks to queue
[2026-03-29T12:14:08.472+0500] {logging_mixin.py:188} INFO - [2026-03-29T12:14:08.471+0500] {dagbag.py:545} INFO - Filling up the DagBag from /home/abayturar/airflow-project/venv/lib/python3.12/site-packages/airflow/example_dags/example_sla_dag.py
[2026-03-29T12:14:08.480+0500] {processor.py:840} INFO - DAG(s) 'example_sla_dag' retrieved from /home/abayturar/airflow-project/venv/lib/python3.12/site-packages/airflow/example_dags/example_sla_dag.py
[2026-03-29T12:14:08.495+0500] {logging_mixin.py:188} INFO - [2026-03-29T12:14:08.495+0500] {dag.py:3089} INFO - Sync 1 DAGs
[2026-03-29T12:14:08.509+0500] {logging_mixin.py:188} INFO - [2026-03-29T12:14:08.509+0500] {dag.py:3947} INFO - Setting next_dagrun for example_sla_dag to 2026-03-29 07:12:00+00:00, run_after=2026-03-29 07:14:00+00:00
[2026-03-29T12:14:08.562+0500] {processor.py:183} INFO - Processing /home/abayturar/airflow-project/venv/lib/python3.12/site-packages/airflow/example_dags/example_sla_dag.py took 0.098 seconds
[2026-03-29T12:15:01.219+0500] {processor.py:161} INFO - Started process (PID=1766) to work on /home/abayturar/airflow-project/venv/lib/python3.12/site-packages/airflow/example_dags/example_sla_dag.py
[2026-03-29T12:15:01.220+0500] {processor.py:830} INFO - Processing file /home/abayturar/airflow-project/venv/lib/python3.12/site-packages/airflow/example_dags/example_sla_dag.py for tasks to queue
[2026-03-29T12:15:01.222+0500] {logging_mixin.py:188} INFO - [2026-03-29T12:15:01.222+0500] {dagbag.py:545} INFO - Filling up the DagBag from /home/abayturar/airflow-project/venv/lib/python3.12/site-packages/airflow/example_dags/example_sla_dag.py
[2026-03-29T12:15:01.230+0500] {processor.py:840} INFO - DAG(s) 'example_sla_dag' retrieved from /home/abayturar/airflow-project/venv/lib/python3.12/site-packages/airflow/example_dags/example_sla_dag.py
[2026-03-29T12:15:01.244+0500] {logging_mixin.py:188} INFO - [2026-03-29T12:15:01.244+0500] {dag.py:3089} INFO - Sync 1 DAGs
[2026-03-29T12:15:01.259+0500] {logging_mixin.py:188} INFO - [2026-03-29T12:15:01.259+0500] {dag.py:3947} INFO - Setting next_dagrun for example_sla_dag to 2026-03-29 07:12:00+00:00, run_after=2026-03-29 07:14:00+00:00
[2026-03-29T12:15:01.312+0500] {processor.py:183} INFO - Processing /home/abayturar/airflow-project/venv/lib/python3.12/site-packages/airflow/example_dags/example_sla_dag.py took 0.098 seconds
[2026-03-29T12:15:55.079+0500] {processor.py:161} INFO - Started process (PID=1905) to work on /home/abayturar/airflow-project/venv/lib/python3.12/site-packages/airflow/example_dags/example_sla_dag.py
[2026-03-29T12:15:55.080+0500] {processor.py:830} INFO - Processing file /home/abayturar/airflow-project/venv/lib/python3.12/site-packages/airflow/example_dags/example_sla_dag.py for tasks to queue
[2026-03-29T12:15:55.082+0500] {logging_mixin.py:188} INFO - [2026-03-29T12:15:55.081+0500] {dagbag.py:545} INFO - Filling up the DagBag from /home/abayturar/airflow-project/venv/lib/python3.12/site-packages/airflow/example_dags/example_sla_dag.py
[2026-03-29T12:15:55.091+0500] {processor.py:840} INFO - DAG(s) 'example_sla_dag' retrieved from /home/abayturar/airflow-project/venv/lib/python3.12/site-packages/airflow/example_dags/example_sla_dag.py
[2026-03-29T12:15:55.107+0500] {logging_mixin.py:188} INFO - [2026-03-29T12:15:55.107+0500] {dag.py:3089} INFO - Sync 1 DAGs
[2026-03-29T12:15:55.212+0500] {logging_mixin.py:188} INFO - [2026-03-29T12:15:55.212+0500] {dag.py:3947} INFO - Setting next_dagrun for example_sla_dag to 2026-03-29 07:12:00+00:00, run_after=2026-03-29 07:14:00+00:00
[2026-03-29T12:15:55.226+0500] {processor.py:183} INFO - Processing /home/abayturar/airflow-project/venv/lib/python3.12/site-packages/airflow/example_dags/example_sla_dag.py took 0.154 seconds
[2026-03-29T12:16:48.324+0500] {processor.py:161} INFO - Started process (PID=2045) to work on /home/abayturar/airflow-project/venv/lib/python3.12/site-packages/airflow/example_dags/example_sla_dag.py
[2026-03-29T12:16:48.325+0500] {processor.py:830} INFO - Processing file /home/abayturar/airflow-project/venv/lib/python3.12/site-packages/airflow/example_dags/example_sla_dag.py for tasks to queue
[2026-03-29T12:16:48.327+0500] {logging_mixin.py:188} INFO - [2026-03-29T12:16:48.326+0500] {dagbag.py:545} INFO - Filling up the DagBag from /home/abayturar/airflow-project/venv/lib/python3.12/site-packages/airflow/example_dags/example_sla_dag.py
[2026-03-29T12:16:48.335+0500] {processor.py:840} INFO - DAG(s) 'example_sla_dag' retrieved from /home/abayturar/airflow-project/venv/lib/python3.12/site-packages/airflow/example_dags/example_sla_dag.py
[2026-03-29T12:16:48.349+0500] {logging_mixin.py:188} INFO - [2026-03-29T12:16:48.349+0500] {dag.py:3089} INFO - Sync 1 DAGs
[2026-03-29T12:16:48.448+0500] {logging_mixin.py:188} INFO - [2026-03-29T12:16:48.448+0500] {dag.py:3947} INFO - Setting next_dagrun for example_sla_dag to 2026-03-29 07:14:00+00:00, run_after=2026-03-29 07:16:00+00:00
[2026-03-29T12:16:48.499+0500] {processor.py:183} INFO - Processing /home/abayturar/airflow-project/venv/lib/python3.12/site-packages/airflow/example_dags/example_sla_dag.py took 0.181 seconds
[2026-03-29T12:17:40.594+0500] {processor.py:161} INFO - Started process (PID=2179) to work on /home/abayturar/airflow-project/venv/lib/python3.12/site-packages/airflow/example_dags/example_sla_dag.py
[2026-03-29T12:17:40.595+0500] {processor.py:830} INFO - Processing file /home/abayturar/airflow-project/venv/lib/python3.12/site-packages/airflow/example_dags/example_sla_dag.py for tasks to queue
[2026-03-29T12:17:40.597+0500] {logging_mixin.py:188} INFO - [2026-03-29T12:17:40.596+0500] {dagbag.py:545} INFO - Filling up the DagBag from /home/abayturar/airflow-project/venv/lib/python3.12/site-packages/airflow/example_dags/example_sla_dag.py
[2026-03-29T12:17:40.606+0500] {processor.py:840} INFO - DAG(s) 'example_sla_dag' retrieved from /home/abayturar/airflow-project/venv/lib/python3.12/site-packages/airflow/example_dags/example_sla_dag.py
[2026-03-29T12:17:40.622+0500] {logging_mixin.py:188} INFO - [2026-03-29T12:17:40.621+0500] {dag.py:3089} INFO - Sync 1 DAGs
[2026-03-29T12:17:40.639+0500] {logging_mixin.py:188} INFO - [2026-03-29T12:17:40.639+0500] {dag.py:3947} INFO - Setting next_dagrun for example_sla_dag to 2026-03-29 07:14:00+00:00, run_after=2026-03-29 07:16:00+00:00
[2026-03-29T12:17:40.695+0500] {processor.py:183} INFO - Processing /home/abayturar/airflow-project/venv/lib/python3.12/site-packages/airflow/example_dags/example_sla_dag.py took 0.107 seconds
[2026-03-29T12:18:32.572+0500] {processor.py:161} INFO - Started process (PID=2317) to work on /home/abayturar/airflow-project/venv/lib/python3.12/site-packages/airflow/example_dags/example_sla_dag.py
[2026-03-29T12:18:32.573+0500] {processor.py:830} INFO - Processing file /home/abayturar/airflow-project/venv/lib/python3.12/site-packages/airflow/example_dags/example_sla_dag.py for tasks to queue
[2026-03-29T12:18:32.574+0500] {logging_mixin.py:188} INFO - [2026-03-29T12:18:32.574+0500] {dagbag.py:545} INFO - Filling up the DagBag from /home/abayturar/airflow-project/venv/lib/python3.12/site-packages/airflow/example_dags/example_sla_dag.py
[2026-03-29T12:18:32.583+0500] {processor.py:840} INFO - DAG(s) 'example_sla_dag' retrieved from /home/abayturar/airflow-project/venv/lib/python3.12/site-packages/airflow/example_dags/example_sla_dag.py
[2026-03-29T12:18:32.598+0500] {logging_mixin.py:188} INFO - [2026-03-29T12:18:32.597+0500] {dag.py:3089} INFO - Sync 1 DAGs
[2026-03-29T12:18:32.613+0500] {logging_mixin.py:188} INFO - [2026-03-29T12:18:32.613+0500] {dag.py:3947} INFO - Setting next_dagrun for example_sla_dag to 2026-03-29 07:16:00+00:00, run_after=2026-03-29 07:18:00+00:00
[2026-03-29T12:18:32.667+0500] {processor.py:183} INFO - Processing /home/abayturar/airflow-project/venv/lib/python3.12/site-packages/airflow/example_dags/example_sla_dag.py took 0.101 seconds
[2026-03-29T12:19:23.575+0500] {processor.py:161} INFO - Started process (PID=2449) to work on /home/abayturar/airflow-project/venv/lib/python3.12/site-packages/airflow/example_dags/example_sla_dag.py
[2026-03-29T12:19:23.578+0500] {processor.py:830} INFO - Processing file /home/abayturar/airflow-project/venv/lib/python3.12/site-packages/airflow/example_dags/example_sla_dag.py for tasks to queue
[2026-03-29T12:19:23.580+0500] {logging_mixin.py:188} INFO - [2026-03-29T12:19:23.580+0500] {dagbag.py:545} INFO - Filling up the DagBag from /home/abayturar/airflow-project/venv/lib/python3.12/site-packages/airflow/example_dags/example_sla_dag.py
[2026-03-29T12:19:23.602+0500] {processor.py:840} INFO - DAG(s) 'example_sla_dag' retrieved from /home/abayturar/airflow-project/venv/lib/python3.12/site-packages/airflow/example_dags/example_sla_dag.py
[2026-03-29T12:19:23.628+0500] {logging_mixin.py:188} INFO - [2026-03-29T12:19:23.627+0500] {dag.py:3089} INFO - Sync 1 DAGs
[2026-03-29T12:19:23.653+0500] {logging_mixin.py:188} INFO - [2026-03-29T12:19:23.653+0500] {dag.py:3947} INFO - Setting next_dagrun for example_sla_dag to 2026-03-29 07:16:00+00:00, run_after=2026-03-29 07:18:00+00:00
[2026-03-29T12:19:23.671+0500] {processor.py:183} INFO - Processing /home/abayturar/airflow-project/venv/lib/python3.12/site-packages/airflow/example_dags/example_sla_dag.py took 0.107 seconds
[2026-03-29T12:20:15.143+0500] {processor.py:161} INFO - Started process (PID=2583) to work on /home/abayturar/airflow-project/venv/lib/python3.12/site-packages/airflow/example_dags/example_sla_dag.py
[2026-03-29T12:20:15.145+0500] {processor.py:830} INFO - Processing file /home/abayturar/airflow-project/venv/lib/python3.12/site-packages/airflow/example_dags/example_sla_dag.py for tasks to queue
[2026-03-29T12:20:15.147+0500] {logging_mixin.py:188} INFO - [2026-03-29T12:20:15.147+0500] {dagbag.py:545} INFO - Filling up the DagBag from /home/abayturar/airflow-project/venv/lib/python3.12/site-packages/airflow/example_dags/example_sla_dag.py
[2026-03-29T12:20:15.164+0500] {processor.py:840} INFO - DAG(s) 'example_sla_dag' retrieved from /home/abayturar/airflow-project/venv/lib/python3.12/site-packages/airflow/example_dags/example_sla_dag.py
[2026-03-29T12:20:15.192+0500] {logging_mixin.py:188} INFO - [2026-03-29T12:20:15.192+0500] {dag.py:3089} INFO - Sync 1 DAGs
[2026-03-29T12:20:15.220+0500] {logging_mixin.py:188} INFO - [2026-03-29T12:20:15.220+0500] {dag.py:3947} INFO - Setting next_dagrun for example_sla_dag to 2026-03-29 07:18:00+00:00, run_after=2026-03-29 07:20:00+00:00
[2026-03-29T12:20:15.290+0500] {processor.py:183} INFO - Processing /home/abayturar/airflow-project/venv/lib/python3.12/site-packages/airflow/example_dags/example_sla_dag.py took 0.159 seconds
[2026-03-29T12:21:08.931+0500] {processor.py:161} INFO - Started process (PID=2726) to work on /home/abayturar/airflow-project/venv/lib/python3.12/site-packages/airflow/example_dags/example_sla_dag.py
[2026-03-29T12:21:08.932+0500] {processor.py:830} INFO - Processing file /home/abayturar/airflow-project/venv/lib/python3.12/site-packages/airflow/example_dags/example_sla_dag.py for tasks to queue
[2026-03-29T12:21:08.934+0500] {logging_mixin.py:188} INFO - [2026-03-29T12:21:08.933+0500] {dagbag.py:545} INFO - Filling up the DagBag from /home/abayturar/airflow-project/venv/lib/python3.12/site-packages/airflow/example_dags/example_sla_dag.py
[2026-03-29T12:21:08.945+0500] {processor.py:840} INFO - DAG(s) 'example_sla_dag' retrieved from /home/abayturar/airflow-project/venv/lib/python3.12/site-packages/airflow/example_dags/example_sla_dag.py
[2026-03-29T12:21:08.960+0500] {logging_mixin.py:188} INFO - [2026-03-29T12:21:08.960+0500] {dag.py:3089} INFO - Sync 1 DAGs
[2026-03-29T12:21:08.976+0500] {logging_mixin.py:188} INFO - [2026-03-29T12:21:08.975+0500] {dag.py:3947} INFO - Setting next_dagrun for example_sla_dag to 2026-03-29 07:18:00+00:00, run_after=2026-03-29 07:20:00+00:00
[2026-03-29T12:21:09.025+0500] {processor.py:183} INFO - Processing /home/abayturar/airflow-project/venv/lib/python3.12/site-packages/airflow/example_dags/example_sla_dag.py took 0.100 seconds
[2026-03-29T12:21:59.912+0500] {processor.py:161} INFO - Started process (PID=2892) to work on /home/abayturar/airflow-project/venv/lib/python3.12/site-packages/airflow/example_dags/example_sla_dag.py
[2026-03-29T12:21:59.913+0500] {processor.py:830} INFO - Processing file /home/abayturar/airflow-project/venv/lib/python3.12/site-packages/airflow/example_dags/example_sla_dag.py for tasks to queue
[2026-03-29T12:21:59.915+0500] {logging_mixin.py:188} INFO - [2026-03-29T12:21:59.914+0500] {dagbag.py:545} INFO - Filling up the DagBag from /home/abayturar/airflow-project/venv/lib/python3.12/site-packages/airflow/example_dags/example_sla_dag.py
[2026-03-29T12:21:59.923+0500] {processor.py:840} INFO - DAG(s) 'example_sla_dag' retrieved from /home/abayturar/airflow-project/venv/lib/python3.12/site-packages/airflow/example_dags/example_sla_dag.py
[2026-03-29T12:21:59.939+0500] {logging_mixin.py:188} INFO - [2026-03-29T12:21:59.939+0500] {dag.py:3089} INFO - Sync 1 DAGs
[2026-03-29T12:21:59.954+0500] {logging_mixin.py:188} INFO - [2026-03-29T12:21:59.954+0500] {dag.py:3947} INFO - Setting next_dagrun for example_sla_dag to 2026-03-29 07:18:00+00:00, run_after=2026-03-29 07:20:00+00:00
[2026-03-29T12:21:59.969+0500] {processor.py:183} INFO - Processing /home/abayturar/airflow-project/venv/lib/python3.12/site-packages/airflow/example_dags/example_sla_dag.py took 0.063 seconds
[2026-03-29T12:22:51.877+0500] {processor.py:161} INFO - Started process (PID=3181) to work on /home/abayturar/airflow-project/venv/lib/python3.12/site-packages/airflow/example_dags/example_sla_dag.py
[2026-03-29T12:22:51.877+0500] {processor.py:830} INFO - Processing file /home/abayturar/airflow-project/venv/lib/python3.12/site-packages/airflow/example_dags/example_sla_dag.py for tasks to queue
[2026-03-29T12:22:51.879+0500] {logging_mixin.py:188} INFO - [2026-03-29T12:22:51.879+0500] {dagbag.py:545} INFO - Filling up the DagBag from /home/abayturar/airflow-project/venv/lib/python3.12/site-packages/airflow/example_dags/example_sla_dag.py
[2026-03-29T12:22:51.888+0500] {processor.py:840} INFO - DAG(s) 'example_sla_dag' retrieved from /home/abayturar/airflow-project/venv/lib/python3.12/site-packages/airflow/example_dags/example_sla_dag.py
[2026-03-29T12:22:51.903+0500] {logging_mixin.py:188} INFO - [2026-03-29T12:22:51.903+0500] {dag.py:3089} INFO - Sync 1 DAGs
[2026-03-29T12:22:51.918+0500] {logging_mixin.py:188} INFO - [2026-03-29T12:22:51.918+0500] {dag.py:3947} INFO - Setting next_dagrun for example_sla_dag to 2026-03-29 07:20:00+00:00, run_after=2026-03-29 07:22:00+00:00
[2026-03-29T12:22:51.974+0500] {processor.py:183} INFO - Processing /home/abayturar/airflow-project/venv/lib/python3.12/site-packages/airflow/example_dags/example_sla_dag.py took 0.103 seconds
[2026-03-29T12:23:44.157+0500] {processor.py:161} INFO - Started process (PID=3366) to work on /home/abayturar/airflow-project/venv/lib/python3.12/site-packages/airflow/example_dags/example_sla_dag.py
[2026-03-29T12:23:44.158+0500] {processor.py:830} INFO - Processing file /home/abayturar/airflow-project/venv/lib/python3.12/site-packages/airflow/example_dags/example_sla_dag.py for tasks to queue
[2026-03-29T12:23:44.159+0500] {logging_mixin.py:188} INFO - [2026-03-29T12:23:44.159+0500] {dagbag.py:545} INFO - Filling up the DagBag from /home/abayturar/airflow-project/venv/lib/python3.12/site-packages/airflow/example_dags/example_sla_dag.py
[2026-03-29T12:23:44.170+0500] {processor.py:840} INFO - DAG(s) 'example_sla_dag' retrieved from /home/abayturar/airflow-project/venv/lib/python3.12/site-packages/airflow/example_dags/example_sla_dag.py
[2026-03-29T12:23:44.188+0500] {logging_mixin.py:188} INFO - [2026-03-29T12:23:44.188+0500] {dag.py:3089} INFO - Sync 1 DAGs
[2026-03-29T12:23:44.204+0500] {logging_mixin.py:188} INFO - [2026-03-29T12:23:44.204+0500] {dag.py:3947} INFO - Setting next_dagrun for example_sla_dag to 2026-03-29 07:20:00+00:00, run_after=2026-03-29 07:22:00+00:00
[2026-03-29T12:23:44.261+0500] {processor.py:183} INFO - Processing /home/abayturar/airflow-project/venv/lib/python3.12/site-packages/airflow/example_dags/example_sla_dag.py took 0.111 seconds
[2026-03-29T12:24:38.363+0500] {processor.py:161} INFO - Started process (PID=3544) to work on /home/abayturar/airflow-project/venv/lib/python3.12/site-packages/airflow/example_dags/example_sla_dag.py
[2026-03-29T12:24:38.363+0500] {processor.py:830} INFO - Processing file /home/abayturar/airflow-project/venv/lib/python3.12/site-packages/airflow/example_dags/example_sla_dag.py for tasks to queue
[2026-03-29T12:24:38.365+0500] {logging_mixin.py:188} INFO - [2026-03-29T12:24:38.365+0500] {dagbag.py:545} INFO - Filling up the DagBag from /home/abayturar/airflow-project/venv/lib/python3.12/site-packages/airflow/example_dags/example_sla_dag.py
[2026-03-29T12:24:38.373+0500] {processor.py:840} INFO - DAG(s) 'example_sla_dag' retrieved from /home/abayturar/airflow-project/venv/lib/python3.12/site-packages/airflow/example_dags/example_sla_dag.py
[2026-03-29T12:24:38.388+0500] {logging_mixin.py:188} INFO - [2026-03-29T12:24:38.388+0500] {dag.py:3089} INFO - Sync 1 DAGs
[2026-03-29T12:24:38.404+0500] {logging_mixin.py:188} INFO - [2026-03-29T12:24:38.403+0500] {dag.py:3947} INFO - Setting next_dagrun for example_sla_dag to 2026-03-29 07:22:00+00:00, run_after=2026-03-29 07:24:00+00:00
[2026-03-29T12:24:38.457+0500] {processor.py:183} INFO - Processing /home/abayturar/airflow-project/venv/lib/python3.12/site-packages/airflow/example_dags/example_sla_dag.py took 0.100 seconds
[2026-03-29T12:25:31.540+0500] {processor.py:161} INFO - Started process (PID=3683) to work on /home/abayturar/airflow-project/venv/lib/python3.12/site-packages/airflow/example_dags/example_sla_dag.py
[2026-03-29T12:25:31.541+0500] {processor.py:830} INFO - Processing file /home/abayturar/airflow-project/venv/lib/python3.12/site-packages/airflow/example_dags/example_sla_dag.py for tasks to queue
[2026-03-29T12:25:31.542+0500] {logging_mixin.py:188} INFO - [2026-03-29T12:25:31.542+0500] {dagbag.py:545} INFO - Filling up the DagBag from /home/abayturar/airflow-project/venv/lib/python3.12/site-packages/airflow/example_dags/example_sla_dag.py
[2026-03-29T12:25:31.551+0500] {processor.py:840} INFO - DAG(s) 'example_sla_dag' retrieved from /home/abayturar/airflow-project/venv/lib/python3.12/site-packages/airflow/example_dags/example_sla_dag.py
[2026-03-29T12:25:31.565+0500] {logging_mixin.py:188} INFO - [2026-03-29T12:25:31.565+0500] {dag.py:3089} INFO - Sync 1 DAGs
[2026-03-29T12:25:31.579+0500] {logging_mixin.py:188} INFO - [2026-03-29T12:25:31.579+0500] {dag.py:3947} INFO - Setting next_dagrun for example_sla_dag to 2026-03-29 07:22:00+00:00, run_after=2026-03-29 07:24:00+00:00
[2026-03-29T12:25:31.632+0500] {processor.py:183} INFO - Processing /home/abayturar/airflow-project/venv/lib/python3.12/site-packages/airflow/example_dags/example_sla_dag.py took 0.098 seconds
[2026-03-29T12:26:21.963+0500] {processor.py:161} INFO - Started process (PID=3992) to work on /home/abayturar/airflow-project/venv/lib/python3.12/site-packages/airflow/example_dags/example_sla_dag.py
[2026-03-29T12:26:21.964+0500] {processor.py:830} INFO - Processing file /home/abayturar/airflow-project/venv/lib/python3.12/site-packages/airflow/example_dags/example_sla_dag.py for tasks to queue
[2026-03-29T12:26:21.967+0500] {logging_mixin.py:188} INFO - [2026-03-29T12:26:21.966+0500] {dagbag.py:545} INFO - Filling up the DagBag from /home/abayturar/airflow-project/venv/lib/python3.12/site-packages/airflow/example_dags/example_sla_dag.py
[2026-03-29T12:26:21.980+0500] {processor.py:840} INFO - DAG(s) 'example_sla_dag' retrieved from /home/abayturar/airflow-project/venv/lib/python3.12/site-packages/airflow/example_dags/example_sla_dag.py
[2026-03-29T12:26:22.001+0500] {logging_mixin.py:188} INFO - [2026-03-29T12:26:22.000+0500] {dag.py:3089} INFO - Sync 1 DAGs
[2026-03-29T12:26:22.029+0500] {logging_mixin.py:188} INFO - [2026-03-29T12:26:22.028+0500] {dag.py:3947} INFO - Setting next_dagrun for example_sla_dag to 2026-03-29 07:24:00+00:00, run_after=2026-03-29 07:26:00+00:00
[2026-03-29T12:26:22.096+0500] {processor.py:183} INFO - Processing /home/abayturar/airflow-project/venv/lib/python3.12/site-packages/airflow/example_dags/example_sla_dag.py took 0.143 seconds
[2026-03-29T12:27:10.150+0500] {processor.py:161} INFO - Started process (PID=4195) to work on /home/abayturar/airflow-project/venv/lib/python3.12/site-packages/airflow/example_dags/example_sla_dag.py
[2026-03-29T12:27:10.151+0500] {processor.py:830} INFO - Processing file /home/abayturar/airflow-project/venv/lib/python3.12/site-packages/airflow/example_dags/example_sla_dag.py for tasks to queue
[2026-03-29T12:27:10.152+0500] {logging_mixin.py:188} INFO - [2026-03-29T12:27:10.152+0500] {dagbag.py:545} INFO - Filling up the DagBag from /home/abayturar/airflow-project/venv/lib/python3.12/site-packages/airflow/example_dags/example_sla_dag.py
[2026-03-29T12:27:10.161+0500] {processor.py:840} INFO - DAG(s) 'example_sla_dag' retrieved from /home/abayturar/airflow-project/venv/lib/python3.12/site-packages/airflow/example_dags/example_sla_dag.py
[2026-03-29T12:27:10.175+0500] {logging_mixin.py:188} INFO - [2026-03-29T12:27:10.175+0500] {dag.py:3089} INFO - Sync 1 DAGs
[2026-03-29T12:27:10.189+0500] {logging_mixin.py:188} INFO - [2026-03-29T12:27:10.189+0500] {dag.py:3947} INFO - Setting next_dagrun for example_sla_dag to 2026-03-29 07:24:00+00:00, run_after=2026-03-29 07:26:00+00:00
[2026-03-29T12:27:10.243+0500] {processor.py:183} INFO - Processing /home/abayturar/airflow-project/venv/lib/python3.12/site-packages/airflow/example_dags/example_sla_dag.py took 0.099 seconds
[2026-03-29T12:28:00.036+0500] {processor.py:161} INFO - Started process (PID=4457) to work on /home/abayturar/airflow-project/venv/lib/python3.12/site-packages/airflow/example_dags/example_sla_dag.py
[2026-03-29T12:28:00.037+0500] {processor.py:830} INFO - Processing file /home/abayturar/airflow-project/venv/lib/python3.12/site-packages/airflow/example_dags/example_sla_dag.py for tasks to queue
[2026-03-29T12:28:00.039+0500] {logging_mixin.py:188} INFO - [2026-03-29T12:28:00.039+0500] {dagbag.py:545} INFO - Filling up the DagBag from /home/abayturar/airflow-project/venv/lib/python3.12/site-packages/airflow/example_dags/example_sla_dag.py
[2026-03-29T12:28:00.049+0500] {processor.py:840} INFO - DAG(s) 'example_sla_dag' retrieved from /home/abayturar/airflow-project/venv/lib/python3.12/site-packages/airflow/example_dags/example_sla_dag.py
[2026-03-29T12:28:00.066+0500] {logging_mixin.py:188} INFO - [2026-03-29T12:28:00.066+0500] {dag.py:3089} INFO - Sync 1 DAGs
[2026-03-29T12:28:00.084+0500] {logging_mixin.py:188} INFO - [2026-03-29T12:28:00.083+0500] {dag.py:3947} INFO - Setting next_dagrun for example_sla_dag to 2026-03-29 07:26:00+00:00, run_after=2026-03-29 07:28:00+00:00
[2026-03-29T12:28:00.102+0500] {processor.py:183} INFO - Processing /home/abayturar/airflow-project/venv/lib/python3.12/site-packages/airflow/example_dags/example_sla_dag.py took 0.072 seconds
[2026-03-29T12:28:46.223+0500] {processor.py:161} INFO - Started process (PID=4582) to work on /home/abayturar/airflow-project/venv/lib/python3.12/site-packages/airflow/example_dags/example_sla_dag.py
[2026-03-29T12:28:46.224+0500] {processor.py:830} INFO - Processing file /home/abayturar/airflow-project/venv/lib/python3.12/site-packages/airflow/example_dags/example_sla_dag.py for tasks to queue
[2026-03-29T12:28:46.225+0500] {logging_mixin.py:188} INFO - [2026-03-29T12:28:46.225+0500] {dagbag.py:545} INFO - Filling up the DagBag from /home/abayturar/airflow-project/venv/lib/python3.12/site-packages/airflow/example_dags/example_sla_dag.py
[2026-03-29T12:28:46.234+0500] {processor.py:840} INFO - DAG(s) 'example_sla_dag' retrieved from /home/abayturar/airflow-project/venv/lib/python3.12/site-packages/airflow/example_dags/example_sla_dag.py
[2026-03-29T12:28:46.251+0500] {logging_mixin.py:188} INFO - [2026-03-29T12:28:46.251+0500] {dag.py:3089} INFO - Sync 1 DAGs
[2026-03-29T12:28:46.268+0500] {logging_mixin.py:188} INFO - [2026-03-29T12:28:46.267+0500] {dag.py:3947} INFO - Setting next_dagrun for example_sla_dag to 2026-03-29 07:26:00+00:00, run_after=2026-03-29 07:28:00+00:00
[2026-03-29T12:28:46.286+0500] {processor.py:183} INFO - Processing /home/abayturar/airflow-project/venv/lib/python3.12/site-packages/airflow/example_dags/example_sla_dag.py took 0.070 seconds
[2026-03-29T12:29:35.826+0500] {processor.py:161} INFO - Started process (PID=4713) to work on /home/abayturar/airflow-project/venv/lib/python3.12/site-packages/airflow/example_dags/example_sla_dag.py
[2026-03-29T12:29:35.827+0500] {processor.py:830} INFO - Processing file /home/abayturar/airflow-project/venv/lib/python3.12/site-packages/airflow/example_dags/example_sla_dag.py for tasks to queue
[2026-03-29T12:29:35.830+0500] {logging_mixin.py:188} INFO - [2026-03-29T12:29:35.829+0500] {dagbag.py:545} INFO - Filling up the DagBag from /home/abayturar/airflow-project/venv/lib/python3.12/site-packages/airflow/example_dags/example_sla_dag.py
[2026-03-29T12:29:35.840+0500] {processor.py:840} INFO - DAG(s) 'example_sla_dag' retrieved from /home/abayturar/airflow-project/venv/lib/python3.12/site-packages/airflow/example_dags/example_sla_dag.py
[2026-03-29T12:29:35.857+0500] {logging_mixin.py:188} INFO - [2026-03-29T12:29:35.857+0500] {dag.py:3089} INFO - Sync 1 DAGs
[2026-03-29T12:29:35.874+0500] {logging_mixin.py:188} INFO - [2026-03-29T12:29:35.874+0500] {dag.py:3947} INFO - Setting next_dagrun for example_sla_dag to 2026-03-29 07:26:00+00:00, run_after=2026-03-29 07:28:00+00:00
[2026-03-29T12:29:35.890+0500] {processor.py:183} INFO - Processing /home/abayturar/airflow-project/venv/lib/python3.12/site-packages/airflow/example_dags/example_sla_dag.py took 0.072 seconds
[2026-03-29T12:30:26.481+0500] {processor.py:161} INFO - Started process (PID=5004) to work on /home/abayturar/airflow-project/venv/lib/python3.12/site-packages/airflow/example_dags/example_sla_dag.py
[2026-03-29T12:30:26.481+0500] {processor.py:830} INFO - Processing file /home/abayturar/airflow-project/venv/lib/python3.12/site-packages/airflow/example_dags/example_sla_dag.py for tasks to queue
[2026-03-29T12:30:26.483+0500] {logging_mixin.py:188} INFO - [2026-03-29T12:30:26.483+0500] {dagbag.py:545} INFO - Filling up the DagBag from /home/abayturar/airflow-project/venv/lib/python3.12/site-packages/airflow/example_dags/example_sla_dag.py
[2026-03-29T12:30:26.492+0500] {processor.py:840} INFO - DAG(s) 'example_sla_dag' retrieved from /home/abayturar/airflow-project/venv/lib/python3.12/site-packages/airflow/example_dags/example_sla_dag.py
[2026-03-29T12:30:26.506+0500] {logging_mixin.py:188} INFO - [2026-03-29T12:30:26.506+0500] {dag.py:3089} INFO - Sync 1 DAGs
[2026-03-29T12:30:26.521+0500] {logging_mixin.py:188} INFO - [2026-03-29T12:30:26.521+0500] {dag.py:3947} INFO - Setting next_dagrun for example_sla_dag to 2026-03-29 07:28:00+00:00, run_after=2026-03-29 07:30:00+00:00
[2026-03-29T12:30:26.575+0500] {processor.py:183} INFO - Processing /home/abayturar/airflow-project/venv/lib/python3.12/site-packages/airflow/example_dags/example_sla_dag.py took 0.101 seconds
[2026-03-29T12:31:15.379+0500] {processor.py:161} INFO - Started process (PID=5250) to work on /home/abayturar/airflow-project/venv/lib/python3.12/site-packages/airflow/example_dags/example_sla_dag.py
[2026-03-29T12:31:15.380+0500] {processor.py:830} INFO - Processing file /home/abayturar/airflow-project/venv/lib/python3.12/site-packages/airflow/example_dags/example_sla_dag.py for tasks to queue
[2026-03-29T12:31:15.381+0500] {logging_mixin.py:188} INFO - [2026-03-29T12:31:15.381+0500] {dagbag.py:545} INFO - Filling up the DagBag from /home/abayturar/airflow-project/venv/lib/python3.12/site-packages/airflow/example_dags/example_sla_dag.py
[2026-03-29T12:31:15.390+0500] {processor.py:840} INFO - DAG(s) 'example_sla_dag' retrieved from /home/abayturar/airflow-project/venv/lib/python3.12/site-packages/airflow/example_dags/example_sla_dag.py
[2026-03-29T12:31:15.405+0500] {logging_mixin.py:188} INFO - [2026-03-29T12:31:15.405+0500] {dag.py:3089} INFO - Sync 1 DAGs
[2026-03-29T12:31:15.420+0500] {logging_mixin.py:188} INFO - [2026-03-29T12:31:15.420+0500] {dag.py:3947} INFO - Setting next_dagrun for example_sla_dag to 2026-03-29 07:28:00+00:00, run_after=2026-03-29 07:30:00+00:00
[2026-03-29T12:31:15.474+0500] {processor.py:183} INFO - Processing /home/abayturar/airflow-project/venv/lib/python3.12/site-packages/airflow/example_dags/example_sla_dag.py took 0.102 seconds
[2026-03-29T12:32:03.441+0500] {processor.py:161} INFO - Started process (PID=5668) to work on /home/abayturar/airflow-project/venv/lib/python3.12/site-packages/airflow/example_dags/example_sla_dag.py
[2026-03-29T12:32:03.442+0500] {processor.py:830} INFO - Processing file /home/abayturar/airflow-project/venv/lib/python3.12/site-packages/airflow/example_dags/example_sla_dag.py for tasks to queue
[2026-03-29T12:32:03.444+0500] {logging_mixin.py:188} INFO - [2026-03-29T12:32:03.443+0500] {dagbag.py:545} INFO - Filling up the DagBag from /home/abayturar/airflow-project/venv/lib/python3.12/site-packages/airflow/example_dags/example_sla_dag.py
[2026-03-29T12:32:03.457+0500] {processor.py:840} INFO - DAG(s) 'example_sla_dag' retrieved from /home/abayturar/airflow-project/venv/lib/python3.12/site-packages/airflow/example_dags/example_sla_dag.py
[2026-03-29T12:32:03.474+0500] {logging_mixin.py:188} INFO - [2026-03-29T12:32:03.474+0500] {dag.py:3089} INFO - Sync 1 DAGs
[2026-03-29T12:32:03.492+0500] {logging_mixin.py:188} INFO - [2026-03-29T12:32:03.492+0500] {dag.py:3947} INFO - Setting next_dagrun for example_sla_dag to 2026-03-29 07:30:00+00:00, run_after=2026-03-29 07:32:00+00:00
[2026-03-29T12:32:03.512+0500] {processor.py:183} INFO - Processing /home/abayturar/airflow-project/venv/lib/python3.12/site-packages/airflow/example_dags/example_sla_dag.py took 0.080 seconds
[2026-03-29T12:32:50.704+0500] {processor.py:161} INFO - Started process (PID=6076) to work on /home/abayturar/airflow-project/venv/lib/python3.12/site-packages/airflow/example_dags/example_sla_dag.py
[2026-03-29T12:32:50.705+0500] {processor.py:830} INFO - Processing file /home/abayturar/airflow-project/venv/lib/python3.12/site-packages/airflow/example_dags/example_sla_dag.py for tasks to queue
[2026-03-29T12:32:50.707+0500] {logging_mixin.py:188} INFO - [2026-03-29T12:32:50.706+0500] {dagbag.py:545} INFO - Filling up the DagBag from /home/abayturar/airflow-project/venv/lib/python3.12/site-packages/airflow/example_dags/example_sla_dag.py
[2026-03-29T12:32:50.717+0500] {processor.py:840} INFO - DAG(s) 'example_sla_dag' retrieved from /home/abayturar/airflow-project/venv/lib/python3.12/site-packages/airflow/example_dags/example_sla_dag.py
[2026-03-29T12:32:50.738+0500] {logging_mixin.py:188} INFO - [2026-03-29T12:32:50.737+0500] {dag.py:3089} INFO - Sync 1 DAGs
[2026-03-29T12:32:50.756+0500] {logging_mixin.py:188} INFO - [2026-03-29T12:32:50.756+0500] {dag.py:3947} INFO - Setting next_dagrun for example_sla_dag to 2026-03-29 07:30:00+00:00, run_after=2026-03-29 07:32:00+00:00
[2026-03-29T12:32:50.773+0500] {processor.py:183} INFO - Processing /home/abayturar/airflow-project/venv/lib/python3.12/site-packages/airflow/example_dags/example_sla_dag.py took 0.077 seconds
[2026-03-29T12:33:38.682+0500] {processor.py:161} INFO - Started process (PID=6202) to work on /home/abayturar/airflow-project/venv/lib/python3.12/site-packages/airflow/example_dags/example_sla_dag.py
[2026-03-29T12:33:38.683+0500] {processor.py:830} INFO - Processing file /home/abayturar/airflow-project/venv/lib/python3.12/site-packages/airflow/example_dags/example_sla_dag.py for tasks to queue
[2026-03-29T12:33:38.684+0500] {logging_mixin.py:188} INFO - [2026-03-29T12:33:38.684+0500] {dagbag.py:545} INFO - Filling up the DagBag from /home/abayturar/airflow-project/venv/lib/python3.12/site-packages/airflow/example_dags/example_sla_dag.py
[2026-03-29T12:33:38.693+0500] {processor.py:840} INFO - DAG(s) 'example_sla_dag' retrieved from /home/abayturar/airflow-project/venv/lib/python3.12/site-packages/airflow/example_dags/example_sla_dag.py
[2026-03-29T12:33:38.709+0500] {logging_mixin.py:188} INFO - [2026-03-29T12:33:38.709+0500] {dag.py:3089} INFO - Sync 1 DAGs
[2026-03-29T12:33:38.725+0500] {logging_mixin.py:188} INFO - [2026-03-29T12:33:38.725+0500] {dag.py:3947} INFO - Setting next_dagrun for example_sla_dag to 2026-03-29 07:30:00+00:00, run_after=2026-03-29 07:32:00+00:00
[2026-03-29T12:33:38.744+0500] {processor.py:183} INFO - Processing /home/abayturar/airflow-project/venv/lib/python3.12/site-packages/airflow/example_dags/example_sla_dag.py took 0.071 seconds
[2026-03-29T12:34:28.157+0500] {processor.py:161} INFO - Started process (PID=6343) to work on /home/abayturar/airflow-project/venv/lib/python3.12/site-packages/airflow/example_dags/example_sla_dag.py
[2026-03-29T12:34:28.158+0500] {processor.py:830} INFO - Processing file /home/abayturar/airflow-project/venv/lib/python3.12/site-packages/airflow/example_dags/example_sla_dag.py for tasks to queue
[2026-03-29T12:34:28.159+0500] {logging_mixin.py:188} INFO - [2026-03-29T12:34:28.159+0500] {dagbag.py:545} INFO - Filling up the DagBag from /home/abayturar/airflow-project/venv/lib/python3.12/site-packages/airflow/example_dags/example_sla_dag.py
[2026-03-29T12:34:28.168+0500] {processor.py:840} INFO - DAG(s) 'example_sla_dag' retrieved from /home/abayturar/airflow-project/venv/lib/python3.12/site-packages/airflow/example_dags/example_sla_dag.py
[2026-03-29T12:34:28.184+0500] {logging_mixin.py:188} INFO - [2026-03-29T12:34:28.184+0500] {dag.py:3089} INFO - Sync 1 DAGs
[2026-03-29T12:34:28.199+0500] {logging_mixin.py:188} INFO - [2026-03-29T12:34:28.199+0500] {dag.py:3947} INFO - Setting next_dagrun for example_sla_dag to 2026-03-29 07:32:00+00:00, run_after=2026-03-29 07:34:00+00:00
[2026-03-29T12:34:28.253+0500] {processor.py:183} INFO - Processing /home/abayturar/airflow-project/venv/lib/python3.12/site-packages/airflow/example_dags/example_sla_dag.py took 0.103 seconds
[2026-03-29T12:35:17.737+0500] {processor.py:161} INFO - Started process (PID=6474) to work on /home/abayturar/airflow-project/venv/lib/python3.12/site-packages/airflow/example_dags/example_sla_dag.py
[2026-03-29T12:35:17.738+0500] {processor.py:830} INFO - Processing file /home/abayturar/airflow-project/venv/lib/python3.12/site-packages/airflow/example_dags/example_sla_dag.py for tasks to queue
[2026-03-29T12:35:17.740+0500] {logging_mixin.py:188} INFO - [2026-03-29T12:35:17.740+0500] {dagbag.py:545} INFO - Filling up the DagBag from /home/abayturar/airflow-project/venv/lib/python3.12/site-packages/airflow/example_dags/example_sla_dag.py
[2026-03-29T12:35:17.750+0500] {processor.py:840} INFO - DAG(s) 'example_sla_dag' retrieved from /home/abayturar/airflow-project/venv/lib/python3.12/site-packages/airflow/example_dags/example_sla_dag.py
[2026-03-29T12:35:17.767+0500] {logging_mixin.py:188} INFO - [2026-03-29T12:35:17.767+0500] {dag.py:3089} INFO - Sync 1 DAGs
[2026-03-29T12:35:17.786+0500] {logging_mixin.py:188} INFO - [2026-03-29T12:35:17.786+0500] {dag.py:3947} INFO - Setting next_dagrun for example_sla_dag to 2026-03-29 07:32:00+00:00, run_after=2026-03-29 07:34:00+00:00
[2026-03-29T12:35:17.847+0500] {processor.py:183} INFO - Processing /home/abayturar/airflow-project/venv/lib/python3.12/site-packages/airflow/example_dags/example_sla_dag.py took 0.118 seconds
[2026-03-29T12:36:06.566+0500] {processor.py:161} INFO - Started process (PID=6604) to work on /home/abayturar/airflow-project/venv/lib/python3.12/site-packages/airflow/example_dags/example_sla_dag.py
[2026-03-29T12:36:06.567+0500] {processor.py:830} INFO - Processing file /home/abayturar/airflow-project/venv/lib/python3.12/site-packages/airflow/example_dags/example_sla_dag.py for tasks to queue
[2026-03-29T12:36:06.570+0500] {logging_mixin.py:188} INFO - [2026-03-29T12:36:06.569+0500] {dagbag.py:545} INFO - Filling up the DagBag from /home/abayturar/airflow-project/venv/lib/python3.12/site-packages/airflow/example_dags/example_sla_dag.py
[2026-03-29T12:36:06.581+0500] {processor.py:840} INFO - DAG(s) 'example_sla_dag' retrieved from /home/abayturar/airflow-project/venv/lib/python3.12/site-packages/airflow/example_dags/example_sla_dag.py
[2026-03-29T12:36:06.598+0500] {logging_mixin.py:188} INFO - [2026-03-29T12:36:06.598+0500] {dag.py:3089} INFO - Sync 1 DAGs
[2026-03-29T12:36:06.618+0500] {logging_mixin.py:188} INFO - [2026-03-29T12:36:06.618+0500] {dag.py:3947} INFO - Setting next_dagrun for example_sla_dag to 2026-03-29 07:34:00+00:00, run_after=2026-03-29 07:36:00+00:00
[2026-03-29T12:36:06.675+0500] {processor.py:183} INFO - Processing /home/abayturar/airflow-project/venv/lib/python3.12/site-packages/airflow/example_dags/example_sla_dag.py took 0.117 seconds
[2026-03-29T12:36:55.802+0500] {processor.py:161} INFO - Started process (PID=6735) to work on /home/abayturar/airflow-project/venv/lib/python3.12/site-packages/airflow/example_dags/example_sla_dag.py
[2026-03-29T12:36:55.803+0500] {processor.py:830} INFO - Processing file /home/abayturar/airflow-project/venv/lib/python3.12/site-packages/airflow/example_dags/example_sla_dag.py for tasks to queue
[2026-03-29T12:36:55.805+0500] {logging_mixin.py:188} INFO - [2026-03-29T12:36:55.804+0500] {dagbag.py:545} INFO - Filling up the DagBag from /home/abayturar/airflow-project/venv/lib/python3.12/site-packages/airflow/example_dags/example_sla_dag.py
[2026-03-29T12:36:55.815+0500] {processor.py:840} INFO - DAG(s) 'example_sla_dag' retrieved from /home/abayturar/airflow-project/venv/lib/python3.12/site-packages/airflow/example_dags/example_sla_dag.py
[2026-03-29T12:36:55.835+0500] {logging_mixin.py:188} INFO - [2026-03-29T12:36:55.835+0500] {dag.py:3089} INFO - Sync 1 DAGs
[2026-03-29T12:36:55.853+0500] {logging_mixin.py:188} INFO - [2026-03-29T12:36:55.853+0500] {dag.py:3947} INFO - Setting next_dagrun for example_sla_dag to 2026-03-29 07:34:00+00:00, run_after=2026-03-29 07:36:00+00:00
[2026-03-29T12:36:55.901+0500] {processor.py:183} INFO - Processing /home/abayturar/airflow-project/venv/lib/python3.12/site-packages/airflow/example_dags/example_sla_dag.py took 0.106 seconds
[2026-03-29T12:37:45.897+0500] {processor.py:161} INFO - Started process (PID=6865) to work on /home/abayturar/airflow-project/venv/lib/python3.12/site-packages/airflow/example_dags/example_sla_dag.py
[2026-03-29T12:37:45.897+0500] {processor.py:830} INFO - Processing file /home/abayturar/airflow-project/venv/lib/python3.12/site-packages/airflow/example_dags/example_sla_dag.py for tasks to queue
[2026-03-29T12:37:45.899+0500] {logging_mixin.py:188} INFO - [2026-03-29T12:37:45.899+0500] {dagbag.py:545} INFO - Filling up the DagBag from /home/abayturar/airflow-project/venv/lib/python3.12/site-packages/airflow/example_dags/example_sla_dag.py
[2026-03-29T12:37:45.909+0500] {processor.py:840} INFO - DAG(s) 'example_sla_dag' retrieved from /home/abayturar/airflow-project/venv/lib/python3.12/site-packages/airflow/example_dags/example_sla_dag.py
[2026-03-29T12:37:45.926+0500] {logging_mixin.py:188} INFO - [2026-03-29T12:37:45.926+0500] {dag.py:3089} INFO - Sync 1 DAGs
[2026-03-29T12:37:45.942+0500] {logging_mixin.py:188} INFO - [2026-03-29T12:37:45.942+0500] {dag.py:3947} INFO - Setting next_dagrun for example_sla_dag to 2026-03-29 07:34:00+00:00, run_after=2026-03-29 07:36:00+00:00
[2026-03-29T12:37:45.997+0500] {processor.py:183} INFO - Processing /home/abayturar/airflow-project/venv/lib/python3.12/site-packages/airflow/example_dags/example_sla_dag.py took 0.107 seconds
[2026-03-29T12:38:36.667+0500] {processor.py:161} INFO - Started process (PID=7000) to work on /home/abayturar/airflow-project/venv/lib/python3.12/site-packages/airflow/example_dags/example_sla_dag.py
[2026-03-29T12:38:36.668+0500] {processor.py:830} INFO - Processing file /home/abayturar/airflow-project/venv/lib/python3.12/site-packages/airflow/example_dags/example_sla_dag.py for tasks to queue
[2026-03-29T12:38:36.670+0500] {logging_mixin.py:188} INFO - [2026-03-29T12:38:36.670+0500] {dagbag.py:545} INFO - Filling up the DagBag from /home/abayturar/airflow-project/venv/lib/python3.12/site-packages/airflow/example_dags/example_sla_dag.py
[2026-03-29T12:38:36.679+0500] {processor.py:840} INFO - DAG(s) 'example_sla_dag' retrieved from /home/abayturar/airflow-project/venv/lib/python3.12/site-packages/airflow/example_dags/example_sla_dag.py
[2026-03-29T12:38:36.694+0500] {logging_mixin.py:188} INFO - [2026-03-29T12:38:36.694+0500] {dag.py:3089} INFO - Sync 1 DAGs
[2026-03-29T12:38:36.710+0500] {logging_mixin.py:188} INFO - [2026-03-29T12:38:36.710+0500] {dag.py:3947} INFO - Setting next_dagrun for example_sla_dag to 2026-03-29 07:36:00+00:00, run_after=2026-03-29 07:38:00+00:00
[2026-03-29T12:38:36.766+0500] {processor.py:183} INFO - Processing /home/abayturar/airflow-project/venv/lib/python3.12/site-packages/airflow/example_dags/example_sla_dag.py took 0.105 seconds
[2026-03-29T12:39:29.232+0500] {processor.py:161} INFO - Started process (PID=7135) to work on /home/abayturar/airflow-project/venv/lib/python3.12/site-packages/airflow/example_dags/example_sla_dag.py
[2026-03-29T12:39:29.234+0500] {processor.py:830} INFO - Processing file /home/abayturar/airflow-project/venv/lib/python3.12/site-packages/airflow/example_dags/example_sla_dag.py for tasks to queue
[2026-03-29T12:39:29.235+0500] {logging_mixin.py:188} INFO - [2026-03-29T12:39:29.235+0500] {dagbag.py:545} INFO - Filling up the DagBag from /home/abayturar/airflow-project/venv/lib/python3.12/site-packages/airflow/example_dags/example_sla_dag.py
[2026-03-29T12:39:29.243+0500] {processor.py:840} INFO - DAG(s) 'example_sla_dag' retrieved from /home/abayturar/airflow-project/venv/lib/python3.12/site-packages/airflow/example_dags/example_sla_dag.py
[2026-03-29T12:39:29.260+0500] {logging_mixin.py:188} INFO - [2026-03-29T12:39:29.260+0500] {dag.py:3089} INFO - Sync 1 DAGs
[2026-03-29T12:39:29.274+0500] {logging_mixin.py:188} INFO - [2026-03-29T12:39:29.274+0500] {dag.py:3947} INFO - Setting next_dagrun for example_sla_dag to 2026-03-29 07:36:00+00:00, run_after=2026-03-29 07:38:00+00:00
[2026-03-29T12:39:29.328+0500] {processor.py:183} INFO - Processing /home/abayturar/airflow-project/venv/lib/python3.12/site-packages/airflow/example_dags/example_sla_dag.py took 0.102 seconds
[2026-03-29T12:40:19.376+0500] {processor.py:161} INFO - Started process (PID=7297) to work on /home/abayturar/airflow-project/venv/lib/python3.12/site-packages/airflow/example_dags/example_sla_dag.py
[2026-03-29T12:40:19.377+0500] {processor.py:830} INFO - Processing file /home/abayturar/airflow-project/venv/lib/python3.12/site-packages/airflow/example_dags/example_sla_dag.py for tasks to queue
[2026-03-29T12:40:19.379+0500] {logging_mixin.py:188} INFO - [2026-03-29T12:40:19.379+0500] {dagbag.py:545} INFO - Filling up the DagBag from /home/abayturar/airflow-project/venv/lib/python3.12/site-packages/airflow/example_dags/example_sla_dag.py
[2026-03-29T12:40:19.387+0500] {processor.py:840} INFO - DAG(s) 'example_sla_dag' retrieved from /home/abayturar/airflow-project/venv/lib/python3.12/site-packages/airflow/example_dags/example_sla_dag.py
[2026-03-29T12:40:19.402+0500] {logging_mixin.py:188} INFO - [2026-03-29T12:40:19.402+0500] {dag.py:3089} INFO - Sync 1 DAGs
[2026-03-29T12:40:19.417+0500] {logging_mixin.py:188} INFO - [2026-03-29T12:40:19.416+0500] {dag.py:3947} INFO - Setting next_dagrun for example_sla_dag to 2026-03-29 07:38:00+00:00, run_after=2026-03-29 07:40:00+00:00
[2026-03-29T12:40:19.470+0500] {processor.py:183} INFO - Processing /home/abayturar/airflow-project/venv/lib/python3.12/site-packages/airflow/example_dags/example_sla_dag.py took 0.100 seconds
[2026-03-29T12:41:10.662+0500] {processor.py:161} INFO - Started process (PID=7431) to work on /home/abayturar/airflow-project/venv/lib/python3.12/site-packages/airflow/example_dags/example_sla_dag.py
[2026-03-29T12:41:10.663+0500] {processor.py:830} INFO - Processing file /home/abayturar/airflow-project/venv/lib/python3.12/site-packages/airflow/example_dags/example_sla_dag.py for tasks to queue
[2026-03-29T12:41:10.665+0500] {logging_mixin.py:188} INFO - [2026-03-29T12:41:10.664+0500] {dagbag.py:545} INFO - Filling up the DagBag from /home/abayturar/airflow-project/venv/lib/python3.12/site-packages/airflow/example_dags/example_sla_dag.py
[2026-03-29T12:41:10.673+0500] {processor.py:840} INFO - DAG(s) 'example_sla_dag' retrieved from /home/abayturar/airflow-project/venv/lib/python3.12/site-packages/airflow/example_dags/example_sla_dag.py
[2026-03-29T12:41:10.688+0500] {logging_mixin.py:188} INFO - [2026-03-29T12:41:10.688+0500] {dag.py:3089} INFO - Sync 1 DAGs
[2026-03-29T12:41:10.706+0500] {logging_mixin.py:188} INFO - [2026-03-29T12:41:10.705+0500] {dag.py:3947} INFO - Setting next_dagrun for example_sla_dag to 2026-03-29 07:38:00+00:00, run_after=2026-03-29 07:40:00+00:00
[2026-03-29T12:41:10.742+0500] {processor.py:183} INFO - Processing /home/abayturar/airflow-project/venv/lib/python3.12/site-packages/airflow/example_dags/example_sla_dag.py took 0.086 seconds
[2026-03-29T12:42:02.712+0500] {processor.py:161} INFO - Started process (PID=7590) to work on /home/abayturar/airflow-project/venv/lib/python3.12/site-packages/airflow/example_dags/example_sla_dag.py
[2026-03-29T12:42:02.713+0500] {processor.py:830} INFO - Processing file /home/abayturar/airflow-project/venv/lib/python3.12/site-packages/airflow/example_dags/example_sla_dag.py for tasks to queue
[2026-03-29T12:42:02.715+0500] {logging_mixin.py:188} INFO - [2026-03-29T12:42:02.714+0500] {dagbag.py:545} INFO - Filling up the DagBag from /home/abayturar/airflow-project/venv/lib/python3.12/site-packages/airflow/example_dags/example_sla_dag.py
[2026-03-29T12:42:02.723+0500] {processor.py:840} INFO - DAG(s) 'example_sla_dag' retrieved from /home/abayturar/airflow-project/venv/lib/python3.12/site-packages/airflow/example_dags/example_sla_dag.py
[2026-03-29T12:42:02.738+0500] {logging_mixin.py:188} INFO - [2026-03-29T12:42:02.737+0500] {dag.py:3089} INFO - Sync 1 DAGs
[2026-03-29T12:42:02.752+0500] {logging_mixin.py:188} INFO - [2026-03-29T12:42:02.752+0500] {dag.py:3947} INFO - Setting next_dagrun for example_sla_dag to 2026-03-29 07:40:00+00:00, run_after=2026-03-29 07:42:00+00:00
[2026-03-29T12:42:02.808+0500] {processor.py:183} INFO - Processing /home/abayturar/airflow-project/venv/lib/python3.12/site-packages/airflow/example_dags/example_sla_dag.py took 0.101 seconds
[2026-03-29T12:42:55.107+0500] {processor.py:161} INFO - Started process (PID=7726) to work on /home/abayturar/airflow-project/venv/lib/python3.12/site-packages/airflow/example_dags/example_sla_dag.py
[2026-03-29T12:42:55.108+0500] {processor.py:830} INFO - Processing file /home/abayturar/airflow-project/venv/lib/python3.12/site-packages/airflow/example_dags/example_sla_dag.py for tasks to queue
[2026-03-29T12:42:55.109+0500] {logging_mixin.py:188} INFO - [2026-03-29T12:42:55.109+0500] {dagbag.py:545} INFO - Filling up the DagBag from /home/abayturar/airflow-project/venv/lib/python3.12/site-packages/airflow/example_dags/example_sla_dag.py
[2026-03-29T12:42:55.120+0500] {processor.py:840} INFO - DAG(s) 'example_sla_dag' retrieved from /home/abayturar/airflow-project/venv/lib/python3.12/site-packages/airflow/example_dags/example_sla_dag.py
[2026-03-29T12:42:55.141+0500] {logging_mixin.py:188} INFO - [2026-03-29T12:42:55.141+0500] {dag.py:3089} INFO - Sync 1 DAGs
[2026-03-29T12:42:55.166+0500] {logging_mixin.py:188} INFO - [2026-03-29T12:42:55.166+0500] {dag.py:3947} INFO - Setting next_dagrun for example_sla_dag to 2026-03-29 07:40:00+00:00, run_after=2026-03-29 07:42:00+00:00
[2026-03-29T12:42:55.224+0500] {processor.py:183} INFO - Processing /home/abayturar/airflow-project/venv/lib/python3.12/site-packages/airflow/example_dags/example_sla_dag.py took 0.126 seconds
[2026-03-29T12:43:47.230+0500] {processor.py:161} INFO - Started process (PID=7959) to work on /home/abayturar/airflow-project/venv/lib/python3.12/site-packages/airflow/example_dags/example_sla_dag.py
[2026-03-29T12:43:47.231+0500] {processor.py:830} INFO - Processing file /home/abayturar/airflow-project/venv/lib/python3.12/site-packages/airflow/example_dags/example_sla_dag.py for tasks to queue
[2026-03-29T12:43:47.234+0500] {logging_mixin.py:188} INFO - [2026-03-29T12:43:47.233+0500] {dagbag.py:545} INFO - Filling up the DagBag from /home/abayturar/airflow-project/venv/lib/python3.12/site-packages/airflow/example_dags/example_sla_dag.py
[2026-03-29T12:43:47.244+0500] {processor.py:840} INFO - DAG(s) 'example_sla_dag' retrieved from /home/abayturar/airflow-project/venv/lib/python3.12/site-packages/airflow/example_dags/example_sla_dag.py
[2026-03-29T12:43:47.260+0500] {logging_mixin.py:188} INFO - [2026-03-29T12:43:47.260+0500] {dag.py:3089} INFO - Sync 1 DAGs
[2026-03-29T12:43:47.278+0500] {logging_mixin.py:188} INFO - [2026-03-29T12:43:47.278+0500] {dag.py:3947} INFO - Setting next_dagrun for example_sla_dag to 2026-03-29 07:40:00+00:00, run_after=2026-03-29 07:42:00+00:00
[2026-03-29T12:43:47.333+0500] {processor.py:183} INFO - Processing /home/abayturar/airflow-project/venv/lib/python3.12/site-packages/airflow/example_dags/example_sla_dag.py took 0.111 seconds
[2026-03-29T12:44:40.295+0500] {processor.py:161} INFO - Started process (PID=8166) to work on /home/abayturar/airflow-project/venv/lib/python3.12/site-packages/airflow/example_dags/example_sla_dag.py
[2026-03-29T12:44:40.296+0500] {processor.py:830} INFO - Processing file /home/abayturar/airflow-project/venv/lib/python3.12/site-packages/airflow/example_dags/example_sla_dag.py for tasks to queue
[2026-03-29T12:44:40.297+0500] {logging_mixin.py:188} INFO - [2026-03-29T12:44:40.297+0500] {dagbag.py:545} INFO - Filling up the DagBag from /home/abayturar/airflow-project/venv/lib/python3.12/site-packages/airflow/example_dags/example_sla_dag.py
[2026-03-29T12:44:40.306+0500] {processor.py:840} INFO - DAG(s) 'example_sla_dag' retrieved from /home/abayturar/airflow-project/venv/lib/python3.12/site-packages/airflow/example_dags/example_sla_dag.py
[2026-03-29T12:44:40.321+0500] {logging_mixin.py:188} INFO - [2026-03-29T12:44:40.321+0500] {dag.py:3089} INFO - Sync 1 DAGs
[2026-03-29T12:44:40.336+0500] {logging_mixin.py:188} INFO - [2026-03-29T12:44:40.336+0500] {dag.py:3947} INFO - Setting next_dagrun for example_sla_dag to 2026-03-29 07:42:00+00:00, run_after=2026-03-29 07:44:00+00:00
[2026-03-29T12:44:40.353+0500] {processor.py:183} INFO - Processing /home/abayturar/airflow-project/venv/lib/python3.12/site-packages/airflow/example_dags/example_sla_dag.py took 0.065 seconds
[2026-03-29T12:45:33.897+0500] {processor.py:161} INFO - Started process (PID=8637) to work on /home/abayturar/airflow-project/venv/lib/python3.12/site-packages/airflow/example_dags/example_sla_dag.py
[2026-03-29T12:45:33.898+0500] {processor.py:830} INFO - Processing file /home/abayturar/airflow-project/venv/lib/python3.12/site-packages/airflow/example_dags/example_sla_dag.py for tasks to queue
[2026-03-29T12:45:33.900+0500] {logging_mixin.py:188} INFO - [2026-03-29T12:45:33.899+0500] {dagbag.py:545} INFO - Filling up the DagBag from /home/abayturar/airflow-project/venv/lib/python3.12/site-packages/airflow/example_dags/example_sla_dag.py
[2026-03-29T12:45:33.909+0500] {processor.py:840} INFO - DAG(s) 'example_sla_dag' retrieved from /home/abayturar/airflow-project/venv/lib/python3.12/site-packages/airflow/example_dags/example_sla_dag.py
[2026-03-29T12:45:33.927+0500] {logging_mixin.py:188} INFO - [2026-03-29T12:45:33.927+0500] {dag.py:3089} INFO - Sync 1 DAGs
[2026-03-29T12:45:33.946+0500] {logging_mixin.py:188} INFO - [2026-03-29T12:45:33.946+0500] {dag.py:3947} INFO - Setting next_dagrun for example_sla_dag to 2026-03-29 07:42:00+00:00, run_after=2026-03-29 07:44:00+00:00
[2026-03-29T12:45:33.963+0500] {processor.py:183} INFO - Processing /home/abayturar/airflow-project/venv/lib/python3.12/site-packages/airflow/example_dags/example_sla_dag.py took 0.073 seconds
[2026-03-29T12:46:26.431+0500] {processor.py:161} INFO - Started process (PID=8902) to work on /home/abayturar/airflow-project/venv/lib/python3.12/site-packages/airflow/example_dags/example_sla_dag.py
[2026-03-29T12:46:26.432+0500] {processor.py:830} INFO - Processing file /home/abayturar/airflow-project/venv/lib/python3.12/site-packages/airflow/example_dags/example_sla_dag.py for tasks to queue
[2026-03-29T12:46:26.434+0500] {logging_mixin.py:188} INFO - [2026-03-29T12:46:26.433+0500] {dagbag.py:545} INFO - Filling up the DagBag from /home/abayturar/airflow-project/venv/lib/python3.12/site-packages/airflow/example_dags/example_sla_dag.py
[2026-03-29T12:46:26.447+0500] {processor.py:840} INFO - DAG(s) 'example_sla_dag' retrieved from /home/abayturar/airflow-project/venv/lib/python3.12/site-packages/airflow/example_dags/example_sla_dag.py
[2026-03-29T12:46:26.469+0500] {logging_mixin.py:188} INFO - [2026-03-29T12:46:26.468+0500] {dag.py:3089} INFO - Sync 1 DAGs
[2026-03-29T12:46:26.487+0500] {logging_mixin.py:188} INFO - [2026-03-29T12:46:26.487+0500] {dag.py:3947} INFO - Setting next_dagrun for example_sla_dag to 2026-03-29 07:44:00+00:00, run_after=2026-03-29 07:46:00+00:00
[2026-03-29T12:46:26.545+0500] {processor.py:183} INFO - Processing /home/abayturar/airflow-project/venv/lib/python3.12/site-packages/airflow/example_dags/example_sla_dag.py took 0.122 seconds
