[2026-03-29T12:02:00.391+0500] {processor.py:161} INFO - Started process (PID=32440) to work on /home/abayturar/airflow-project/venv/lib/python3.12/site-packages/airflow/example_dags/example_latest_only_with_trigger.py
[2026-03-29T12:02:00.392+0500] {processor.py:830} INFO - Processing file /home/abayturar/airflow-project/venv/lib/python3.12/site-packages/airflow/example_dags/example_latest_only_with_trigger.py for tasks to queue
[2026-03-29T12:02:00.433+0500] {logging_mixin.py:188} INFO - [2026-03-29T12:02:00.433+0500] {dagbag.py:545} INFO - Filling up the DagBag from /home/abayturar/airflow-project/venv/lib/python3.12/site-packages/airflow/example_dags/example_latest_only_with_trigger.py
[2026-03-29T12:02:00.439+0500] {processor.py:840} INFO - DAG(s) 'latest_only_with_trigger' retrieved from /home/abayturar/airflow-project/venv/lib/python3.12/site-packages/airflow/example_dags/example_latest_only_with_trigger.py
[2026-03-29T12:02:00.454+0500] {logging_mixin.py:188} INFO - [2026-03-29T12:02:00.454+0500] {dag.py:3089} INFO - Sync 1 DAGs
[2026-03-29T12:02:00.468+0500] {logging_mixin.py:188} INFO - [2026-03-29T12:02:00.468+0500] {dag.py:3947} INFO - Setting next_dagrun for latest_only_with_trigger to 2026-03-29 00:00:00+00:00, run_after=2026-03-29 04:00:00+00:00
[2026-03-29T12:02:00.484+0500] {processor.py:183} INFO - Processing /home/abayturar/airflow-project/venv/lib/python3.12/site-packages/airflow/example_dags/example_latest_only_with_trigger.py took 0.098 seconds
[2026-03-29T12:02:53.601+0500] {processor.py:161} INFO - Started process (PID=32657) to work on /home/abayturar/airflow-project/venv/lib/python3.12/site-packages/airflow/example_dags/example_latest_only_with_trigger.py
[2026-03-29T12:02:53.602+0500] {processor.py:830} INFO - Processing file /home/abayturar/airflow-project/venv/lib/python3.12/site-packages/airflow/example_dags/example_latest_only_with_trigger.py for tasks to queue
[2026-03-29T12:02:53.603+0500] {logging_mixin.py:188} INFO - [2026-03-29T12:02:53.603+0500] {dagbag.py:545} INFO - Filling up the DagBag from /home/abayturar/airflow-project/venv/lib/python3.12/site-packages/airflow/example_dags/example_latest_only_with_trigger.py
[2026-03-29T12:02:53.609+0500] {processor.py:840} INFO - DAG(s) 'latest_only_with_trigger' retrieved from /home/abayturar/airflow-project/venv/lib/python3.12/site-packages/airflow/example_dags/example_latest_only_with_trigger.py
[2026-03-29T12:02:53.624+0500] {logging_mixin.py:188} INFO - [2026-03-29T12:02:53.624+0500] {dag.py:3089} INFO - Sync 1 DAGs
[2026-03-29T12:02:53.640+0500] {logging_mixin.py:188} INFO - [2026-03-29T12:02:53.640+0500] {dag.py:3947} INFO - Setting next_dagrun for latest_only_with_trigger to 2026-03-29 00:00:00+00:00, run_after=2026-03-29 04:00:00+00:00
[2026-03-29T12:02:53.659+0500] {processor.py:183} INFO - Processing /home/abayturar/airflow-project/venv/lib/python3.12/site-packages/airflow/example_dags/example_latest_only_with_trigger.py took 0.063 seconds
[2026-03-29T12:06:21.641+0500] {processor.py:161} INFO - Started process (PID=120) to work on /home/abayturar/airflow-project/venv/lib/python3.12/site-packages/airflow/example_dags/example_latest_only_with_trigger.py
[2026-03-29T12:06:21.642+0500] {processor.py:830} INFO - Processing file /home/abayturar/airflow-project/venv/lib/python3.12/site-packages/airflow/example_dags/example_latest_only_with_trigger.py for tasks to queue
[2026-03-29T12:06:21.643+0500] {logging_mixin.py:188} INFO - [2026-03-29T12:06:21.643+0500] {dagbag.py:545} INFO - Filling up the DagBag from /home/abayturar/airflow-project/venv/lib/python3.12/site-packages/airflow/example_dags/example_latest_only_with_trigger.py
[2026-03-29T12:06:21.648+0500] {processor.py:840} INFO - DAG(s) 'latest_only_with_trigger' retrieved from /home/abayturar/airflow-project/venv/lib/python3.12/site-packages/airflow/example_dags/example_latest_only_with_trigger.py
[2026-03-29T12:06:21.664+0500] {logging_mixin.py:188} INFO - [2026-03-29T12:06:21.664+0500] {dag.py:3089} INFO - Sync 1 DAGs
[2026-03-29T12:06:21.677+0500] {logging_mixin.py:188} INFO - [2026-03-29T12:06:21.677+0500] {dag.py:3947} INFO - Setting next_dagrun for latest_only_with_trigger to 2026-03-29 00:00:00+00:00, run_after=2026-03-29 04:00:00+00:00
[2026-03-29T12:06:21.731+0500] {processor.py:183} INFO - Processing /home/abayturar/airflow-project/venv/lib/python3.12/site-packages/airflow/example_dags/example_latest_only_with_trigger.py took 0.096 seconds
[2026-03-29T12:07:13.614+0500] {processor.py:161} INFO - Started process (PID=334) to work on /home/abayturar/airflow-project/venv/lib/python3.12/site-packages/airflow/example_dags/example_latest_only_with_trigger.py
[2026-03-29T12:07:13.615+0500] {processor.py:830} INFO - Processing file /home/abayturar/airflow-project/venv/lib/python3.12/site-packages/airflow/example_dags/example_latest_only_with_trigger.py for tasks to queue
[2026-03-29T12:07:13.617+0500] {logging_mixin.py:188} INFO - [2026-03-29T12:07:13.617+0500] {dagbag.py:545} INFO - Filling up the DagBag from /home/abayturar/airflow-project/venv/lib/python3.12/site-packages/airflow/example_dags/example_latest_only_with_trigger.py
[2026-03-29T12:07:13.624+0500] {processor.py:840} INFO - DAG(s) 'latest_only_with_trigger' retrieved from /home/abayturar/airflow-project/venv/lib/python3.12/site-packages/airflow/example_dags/example_latest_only_with_trigger.py
[2026-03-29T12:07:13.644+0500] {logging_mixin.py:188} INFO - [2026-03-29T12:07:13.643+0500] {dag.py:3089} INFO - Sync 1 DAGs
[2026-03-29T12:07:13.660+0500] {logging_mixin.py:188} INFO - [2026-03-29T12:07:13.660+0500] {dag.py:3947} INFO - Setting next_dagrun for latest_only_with_trigger to 2026-03-29 00:00:00+00:00, run_after=2026-03-29 04:00:00+00:00
[2026-03-29T12:07:13.677+0500] {processor.py:183} INFO - Processing /home/abayturar/airflow-project/venv/lib/python3.12/site-packages/airflow/example_dags/example_latest_only_with_trigger.py took 0.071 seconds
[2026-03-29T12:08:02.939+0500] {processor.py:161} INFO - Started process (PID=535) to work on /home/abayturar/airflow-project/venv/lib/python3.12/site-packages/airflow/example_dags/example_latest_only_with_trigger.py
[2026-03-29T12:08:02.940+0500] {processor.py:830} INFO - Processing file /home/abayturar/airflow-project/venv/lib/python3.12/site-packages/airflow/example_dags/example_latest_only_with_trigger.py for tasks to queue
[2026-03-29T12:08:02.942+0500] {logging_mixin.py:188} INFO - [2026-03-29T12:08:02.941+0500] {dagbag.py:545} INFO - Filling up the DagBag from /home/abayturar/airflow-project/venv/lib/python3.12/site-packages/airflow/example_dags/example_latest_only_with_trigger.py
[2026-03-29T12:08:02.947+0500] {processor.py:840} INFO - DAG(s) 'latest_only_with_trigger' retrieved from /home/abayturar/airflow-project/venv/lib/python3.12/site-packages/airflow/example_dags/example_latest_only_with_trigger.py
[2026-03-29T12:08:02.963+0500] {logging_mixin.py:188} INFO - [2026-03-29T12:08:02.963+0500] {dag.py:3089} INFO - Sync 1 DAGs
[2026-03-29T12:08:02.978+0500] {logging_mixin.py:188} INFO - [2026-03-29T12:08:02.978+0500] {dag.py:3947} INFO - Setting next_dagrun for latest_only_with_trigger to 2026-03-29 00:00:00+00:00, run_after=2026-03-29 04:00:00+00:00
[2026-03-29T12:08:03.035+0500] {processor.py:183} INFO - Processing /home/abayturar/airflow-project/venv/lib/python3.12/site-packages/airflow/example_dags/example_latest_only_with_trigger.py took 0.102 seconds
[2026-03-29T12:08:53.536+0500] {processor.py:161} INFO - Started process (PID=751) to work on /home/abayturar/airflow-project/venv/lib/python3.12/site-packages/airflow/example_dags/example_latest_only_with_trigger.py
[2026-03-29T12:08:53.537+0500] {processor.py:830} INFO - Processing file /home/abayturar/airflow-project/venv/lib/python3.12/site-packages/airflow/example_dags/example_latest_only_with_trigger.py for tasks to queue
[2026-03-29T12:08:53.538+0500] {logging_mixin.py:188} INFO - [2026-03-29T12:08:53.538+0500] {dagbag.py:545} INFO - Filling up the DagBag from /home/abayturar/airflow-project/venv/lib/python3.12/site-packages/airflow/example_dags/example_latest_only_with_trigger.py
[2026-03-29T12:08:53.544+0500] {processor.py:840} INFO - DAG(s) 'latest_only_with_trigger' retrieved from /home/abayturar/airflow-project/venv/lib/python3.12/site-packages/airflow/example_dags/example_latest_only_with_trigger.py
[2026-03-29T12:08:53.560+0500] {logging_mixin.py:188} INFO - [2026-03-29T12:08:53.560+0500] {dag.py:3089} INFO - Sync 1 DAGs
[2026-03-29T12:08:53.574+0500] {logging_mixin.py:188} INFO - [2026-03-29T12:08:53.574+0500] {dag.py:3947} INFO - Setting next_dagrun for latest_only_with_trigger to 2026-03-29 00:00:00+00:00, run_after=2026-03-29 04:00:00+00:00
[2026-03-29T12:08:53.629+0500] {processor.py:183} INFO - Processing /home/abayturar/airflow-project/venv/lib/python3.12/site-packages/airflow/example_dags/example_latest_only_with_trigger.py took 0.099 seconds
[2026-03-29T12:09:45.174+0500] {processor.py:161} INFO - Started process (PID=928) to work on /home/abayturar/airflow-project/venv/lib/python3.12/site-packages/airflow/example_dags/example_latest_only_with_trigger.py
[2026-03-29T12:09:45.175+0500] {processor.py:830} INFO - Processing file /home/abayturar/airflow-project/venv/lib/python3.12/site-packages/airflow/example_dags/example_latest_only_with_trigger.py for tasks to queue
[2026-03-29T12:09:45.177+0500] {logging_mixin.py:188} INFO - [2026-03-29T12:09:45.176+0500] {dagbag.py:545} INFO - Filling up the DagBag from /home/abayturar/airflow-project/venv/lib/python3.12/site-packages/airflow/example_dags/example_latest_only_with_trigger.py
[2026-03-29T12:09:45.182+0500] {processor.py:840} INFO - DAG(s) 'latest_only_with_trigger' retrieved from /home/abayturar/airflow-project/venv/lib/python3.12/site-packages/airflow/example_dags/example_latest_only_with_trigger.py
[2026-03-29T12:09:45.198+0500] {logging_mixin.py:188} INFO - [2026-03-29T12:09:45.198+0500] {dag.py:3089} INFO - Sync 1 DAGs
[2026-03-29T12:09:45.211+0500] {logging_mixin.py:188} INFO - [2026-03-29T12:09:45.211+0500] {dag.py:3947} INFO - Setting next_dagrun for latest_only_with_trigger to 2026-03-29 00:00:00+00:00, run_after=2026-03-29 04:00:00+00:00
[2026-03-29T12:09:45.266+0500] {processor.py:183} INFO - Processing /home/abayturar/airflow-project/venv/lib/python3.12/site-packages/airflow/example_dags/example_latest_only_with_trigger.py took 0.097 seconds
[2026-03-29T12:10:35.442+0500] {processor.py:161} INFO - Started process (PID=1060) to work on /home/abayturar/airflow-project/venv/lib/python3.12/site-packages/airflow/example_dags/example_latest_only_with_trigger.py
[2026-03-29T12:10:35.443+0500] {processor.py:830} INFO - Processing file /home/abayturar/airflow-project/venv/lib/python3.12/site-packages/airflow/example_dags/example_latest_only_with_trigger.py for tasks to queue
[2026-03-29T12:10:35.445+0500] {logging_mixin.py:188} INFO - [2026-03-29T12:10:35.444+0500] {dagbag.py:545} INFO - Filling up the DagBag from /home/abayturar/airflow-project/venv/lib/python3.12/site-packages/airflow/example_dags/example_latest_only_with_trigger.py
[2026-03-29T12:10:35.450+0500] {processor.py:840} INFO - DAG(s) 'latest_only_with_trigger' retrieved from /home/abayturar/airflow-project/venv/lib/python3.12/site-packages/airflow/example_dags/example_latest_only_with_trigger.py
[2026-03-29T12:10:35.466+0500] {logging_mixin.py:188} INFO - [2026-03-29T12:10:35.466+0500] {dag.py:3089} INFO - Sync 1 DAGs
[2026-03-29T12:10:35.479+0500] {logging_mixin.py:188} INFO - [2026-03-29T12:10:35.479+0500] {dag.py:3947} INFO - Setting next_dagrun for latest_only_with_trigger to 2026-03-29 00:00:00+00:00, run_after=2026-03-29 04:00:00+00:00
[2026-03-29T12:10:35.533+0500] {processor.py:183} INFO - Processing /home/abayturar/airflow-project/venv/lib/python3.12/site-packages/airflow/example_dags/example_latest_only_with_trigger.py took 0.096 seconds
[2026-03-29T12:11:22.152+0500] {processor.py:161} INFO - Started process (PID=1185) to work on /home/abayturar/airflow-project/venv/lib/python3.12/site-packages/airflow/example_dags/example_latest_only_with_trigger.py
[2026-03-29T12:11:22.153+0500] {processor.py:830} INFO - Processing file /home/abayturar/airflow-project/venv/lib/python3.12/site-packages/airflow/example_dags/example_latest_only_with_trigger.py for tasks to queue
[2026-03-29T12:11:22.155+0500] {logging_mixin.py:188} INFO - [2026-03-29T12:11:22.154+0500] {dagbag.py:545} INFO - Filling up the DagBag from /home/abayturar/airflow-project/venv/lib/python3.12/site-packages/airflow/example_dags/example_latest_only_with_trigger.py
[2026-03-29T12:11:22.161+0500] {processor.py:840} INFO - DAG(s) 'latest_only_with_trigger' retrieved from /home/abayturar/airflow-project/venv/lib/python3.12/site-packages/airflow/example_dags/example_latest_only_with_trigger.py
[2026-03-29T12:11:22.182+0500] {logging_mixin.py:188} INFO - [2026-03-29T12:11:22.182+0500] {dag.py:3089} INFO - Sync 1 DAGs
[2026-03-29T12:11:22.199+0500] {logging_mixin.py:188} INFO - [2026-03-29T12:11:22.199+0500] {dag.py:3947} INFO - Setting next_dagrun for latest_only_with_trigger to 2026-03-29 00:00:00+00:00, run_after=2026-03-29 04:00:00+00:00
[2026-03-29T12:11:22.253+0500] {processor.py:183} INFO - Processing /home/abayturar/airflow-project/venv/lib/python3.12/site-packages/airflow/example_dags/example_latest_only_with_trigger.py took 0.108 seconds
[2026-03-29T12:12:13.120+0500] {processor.py:161} INFO - Started process (PID=1320) to work on /home/abayturar/airflow-project/venv/lib/python3.12/site-packages/airflow/example_dags/example_latest_only_with_trigger.py
[2026-03-29T12:12:13.121+0500] {processor.py:830} INFO - Processing file /home/abayturar/airflow-project/venv/lib/python3.12/site-packages/airflow/example_dags/example_latest_only_with_trigger.py for tasks to queue
[2026-03-29T12:12:13.122+0500] {logging_mixin.py:188} INFO - [2026-03-29T12:12:13.122+0500] {dagbag.py:545} INFO - Filling up the DagBag from /home/abayturar/airflow-project/venv/lib/python3.12/site-packages/airflow/example_dags/example_latest_only_with_trigger.py
[2026-03-29T12:12:13.127+0500] {processor.py:840} INFO - DAG(s) 'latest_only_with_trigger' retrieved from /home/abayturar/airflow-project/venv/lib/python3.12/site-packages/airflow/example_dags/example_latest_only_with_trigger.py
[2026-03-29T12:12:13.144+0500] {logging_mixin.py:188} INFO - [2026-03-29T12:12:13.143+0500] {dag.py:3089} INFO - Sync 1 DAGs
[2026-03-29T12:12:13.158+0500] {logging_mixin.py:188} INFO - [2026-03-29T12:12:13.158+0500] {dag.py:3947} INFO - Setting next_dagrun for latest_only_with_trigger to 2026-03-29 00:00:00+00:00, run_after=2026-03-29 04:00:00+00:00
[2026-03-29T12:12:13.305+0500] {processor.py:183} INFO - Processing /home/abayturar/airflow-project/venv/lib/python3.12/site-packages/airflow/example_dags/example_latest_only_with_trigger.py took 0.191 seconds
[2026-03-29T12:13:04.480+0500] {processor.py:161} INFO - Started process (PID=1455) to work on /home/abayturar/airflow-project/venv/lib/python3.12/site-packages/airflow/example_dags/example_latest_only_with_trigger.py
[2026-03-29T12:13:04.481+0500] {processor.py:830} INFO - Processing file /home/abayturar/airflow-project/venv/lib/python3.12/site-packages/airflow/example_dags/example_latest_only_with_trigger.py for tasks to queue
[2026-03-29T12:13:04.483+0500] {logging_mixin.py:188} INFO - [2026-03-29T12:13:04.482+0500] {dagbag.py:545} INFO - Filling up the DagBag from /home/abayturar/airflow-project/venv/lib/python3.12/site-packages/airflow/example_dags/example_latest_only_with_trigger.py
[2026-03-29T12:13:04.488+0500] {processor.py:840} INFO - DAG(s) 'latest_only_with_trigger' retrieved from /home/abayturar/airflow-project/venv/lib/python3.12/site-packages/airflow/example_dags/example_latest_only_with_trigger.py
[2026-03-29T12:13:04.503+0500] {logging_mixin.py:188} INFO - [2026-03-29T12:13:04.503+0500] {dag.py:3089} INFO - Sync 1 DAGs
[2026-03-29T12:13:04.516+0500] {logging_mixin.py:188} INFO - [2026-03-29T12:13:04.516+0500] {dag.py:3947} INFO - Setting next_dagrun for latest_only_with_trigger to 2026-03-29 00:00:00+00:00, run_after=2026-03-29 04:00:00+00:00
[2026-03-29T12:13:04.571+0500] {processor.py:183} INFO - Processing /home/abayturar/airflow-project/venv/lib/python3.12/site-packages/airflow/example_dags/example_latest_only_with_trigger.py took 0.096 seconds
[2026-03-29T12:13:53.466+0500] {processor.py:161} INFO - Started process (PID=1585) to work on /home/abayturar/airflow-project/venv/lib/python3.12/site-packages/airflow/example_dags/example_latest_only_with_trigger.py
[2026-03-29T12:13:53.466+0500] {processor.py:830} INFO - Processing file /home/abayturar/airflow-project/venv/lib/python3.12/site-packages/airflow/example_dags/example_latest_only_with_trigger.py for tasks to queue
[2026-03-29T12:13:53.468+0500] {logging_mixin.py:188} INFO - [2026-03-29T12:13:53.468+0500] {dagbag.py:545} INFO - Filling up the DagBag from /home/abayturar/airflow-project/venv/lib/python3.12/site-packages/airflow/example_dags/example_latest_only_with_trigger.py
[2026-03-29T12:13:53.473+0500] {processor.py:840} INFO - DAG(s) 'latest_only_with_trigger' retrieved from /home/abayturar/airflow-project/venv/lib/python3.12/site-packages/airflow/example_dags/example_latest_only_with_trigger.py
[2026-03-29T12:13:53.489+0500] {logging_mixin.py:188} INFO - [2026-03-29T12:13:53.488+0500] {dag.py:3089} INFO - Sync 1 DAGs
[2026-03-29T12:13:53.501+0500] {logging_mixin.py:188} INFO - [2026-03-29T12:13:53.501+0500] {dag.py:3947} INFO - Setting next_dagrun for latest_only_with_trigger to 2026-03-29 00:00:00+00:00, run_after=2026-03-29 04:00:00+00:00
[2026-03-29T12:13:53.555+0500] {processor.py:183} INFO - Processing /home/abayturar/airflow-project/venv/lib/python3.12/site-packages/airflow/example_dags/example_latest_only_with_trigger.py took 0.095 seconds
[2026-03-29T12:14:46.369+0500] {processor.py:161} INFO - Started process (PID=1719) to work on /home/abayturar/airflow-project/venv/lib/python3.12/site-packages/airflow/example_dags/example_latest_only_with_trigger.py
[2026-03-29T12:14:46.370+0500] {processor.py:830} INFO - Processing file /home/abayturar/airflow-project/venv/lib/python3.12/site-packages/airflow/example_dags/example_latest_only_with_trigger.py for tasks to queue
[2026-03-29T12:14:46.371+0500] {logging_mixin.py:188} INFO - [2026-03-29T12:14:46.371+0500] {dagbag.py:545} INFO - Filling up the DagBag from /home/abayturar/airflow-project/venv/lib/python3.12/site-packages/airflow/example_dags/example_latest_only_with_trigger.py
[2026-03-29T12:14:46.377+0500] {processor.py:840} INFO - DAG(s) 'latest_only_with_trigger' retrieved from /home/abayturar/airflow-project/venv/lib/python3.12/site-packages/airflow/example_dags/example_latest_only_with_trigger.py
[2026-03-29T12:14:46.393+0500] {logging_mixin.py:188} INFO - [2026-03-29T12:14:46.393+0500] {dag.py:3089} INFO - Sync 1 DAGs
[2026-03-29T12:14:46.406+0500] {logging_mixin.py:188} INFO - [2026-03-29T12:14:46.406+0500] {dag.py:3947} INFO - Setting next_dagrun for latest_only_with_trigger to 2026-03-29 00:00:00+00:00, run_after=2026-03-29 04:00:00+00:00
[2026-03-29T12:14:46.421+0500] {processor.py:183} INFO - Processing /home/abayturar/airflow-project/venv/lib/python3.12/site-packages/airflow/example_dags/example_latest_only_with_trigger.py took 0.058 seconds
[2026-03-29T12:15:40.541+0500] {processor.py:161} INFO - Started process (PID=1862) to work on /home/abayturar/airflow-project/venv/lib/python3.12/site-packages/airflow/example_dags/example_latest_only_with_trigger.py
[2026-03-29T12:15:40.542+0500] {processor.py:830} INFO - Processing file /home/abayturar/airflow-project/venv/lib/python3.12/site-packages/airflow/example_dags/example_latest_only_with_trigger.py for tasks to queue
[2026-03-29T12:15:40.544+0500] {logging_mixin.py:188} INFO - [2026-03-29T12:15:40.543+0500] {dagbag.py:545} INFO - Filling up the DagBag from /home/abayturar/airflow-project/venv/lib/python3.12/site-packages/airflow/example_dags/example_latest_only_with_trigger.py
[2026-03-29T12:15:40.550+0500] {processor.py:840} INFO - DAG(s) 'latest_only_with_trigger' retrieved from /home/abayturar/airflow-project/venv/lib/python3.12/site-packages/airflow/example_dags/example_latest_only_with_trigger.py
[2026-03-29T12:15:40.566+0500] {logging_mixin.py:188} INFO - [2026-03-29T12:15:40.565+0500] {dag.py:3089} INFO - Sync 1 DAGs
[2026-03-29T12:15:40.679+0500] {logging_mixin.py:188} INFO - [2026-03-29T12:15:40.679+0500] {dag.py:3947} INFO - Setting next_dagrun for latest_only_with_trigger to 2026-03-29 00:00:00+00:00, run_after=2026-03-29 04:00:00+00:00
[2026-03-29T12:15:40.694+0500] {processor.py:183} INFO - Processing /home/abayturar/airflow-project/venv/lib/python3.12/site-packages/airflow/example_dags/example_latest_only_with_trigger.py took 0.158 seconds
[2026-03-29T12:16:33.217+0500] {processor.py:161} INFO - Started process (PID=1999) to work on /home/abayturar/airflow-project/venv/lib/python3.12/site-packages/airflow/example_dags/example_latest_only_with_trigger.py
[2026-03-29T12:16:33.218+0500] {processor.py:830} INFO - Processing file /home/abayturar/airflow-project/venv/lib/python3.12/site-packages/airflow/example_dags/example_latest_only_with_trigger.py for tasks to queue
[2026-03-29T12:16:33.220+0500] {logging_mixin.py:188} INFO - [2026-03-29T12:16:33.219+0500] {dagbag.py:545} INFO - Filling up the DagBag from /home/abayturar/airflow-project/venv/lib/python3.12/site-packages/airflow/example_dags/example_latest_only_with_trigger.py
[2026-03-29T12:16:33.227+0500] {processor.py:840} INFO - DAG(s) 'latest_only_with_trigger' retrieved from /home/abayturar/airflow-project/venv/lib/python3.12/site-packages/airflow/example_dags/example_latest_only_with_trigger.py
[2026-03-29T12:16:33.246+0500] {logging_mixin.py:188} INFO - [2026-03-29T12:16:33.246+0500] {dag.py:3089} INFO - Sync 1 DAGs
[2026-03-29T12:16:33.261+0500] {logging_mixin.py:188} INFO - [2026-03-29T12:16:33.261+0500] {dag.py:3947} INFO - Setting next_dagrun for latest_only_with_trigger to 2026-03-29 00:00:00+00:00, run_after=2026-03-29 04:00:00+00:00
[2026-03-29T12:16:33.361+0500] {processor.py:183} INFO - Processing /home/abayturar/airflow-project/venv/lib/python3.12/site-packages/airflow/example_dags/example_latest_only_with_trigger.py took 0.150 seconds
[2026-03-29T12:17:26.609+0500] {processor.py:161} INFO - Started process (PID=2136) to work on /home/abayturar/airflow-project/venv/lib/python3.12/site-packages/airflow/example_dags/example_latest_only_with_trigger.py
[2026-03-29T12:17:26.610+0500] {processor.py:830} INFO - Processing file /home/abayturar/airflow-project/venv/lib/python3.12/site-packages/airflow/example_dags/example_latest_only_with_trigger.py for tasks to queue
[2026-03-29T12:17:26.612+0500] {logging_mixin.py:188} INFO - [2026-03-29T12:17:26.612+0500] {dagbag.py:545} INFO - Filling up the DagBag from /home/abayturar/airflow-project/venv/lib/python3.12/site-packages/airflow/example_dags/example_latest_only_with_trigger.py
[2026-03-29T12:17:26.621+0500] {processor.py:840} INFO - DAG(s) 'latest_only_with_trigger' retrieved from /home/abayturar/airflow-project/venv/lib/python3.12/site-packages/airflow/example_dags/example_latest_only_with_trigger.py
[2026-03-29T12:17:26.643+0500] {logging_mixin.py:188} INFO - [2026-03-29T12:17:26.643+0500] {dag.py:3089} INFO - Sync 1 DAGs
[2026-03-29T12:17:26.662+0500] {logging_mixin.py:188} INFO - [2026-03-29T12:17:26.661+0500] {dag.py:3947} INFO - Setting next_dagrun for latest_only_with_trigger to 2026-03-29 00:00:00+00:00, run_after=2026-03-29 04:00:00+00:00
[2026-03-29T12:17:26.680+0500] {processor.py:183} INFO - Processing /home/abayturar/airflow-project/venv/lib/python3.12/site-packages/airflow/example_dags/example_latest_only_with_trigger.py took 0.079 seconds
[2026-03-29T12:18:19.896+0500] {processor.py:161} INFO - Started process (PID=2276) to work on /home/abayturar/airflow-project/venv/lib/python3.12/site-packages/airflow/example_dags/example_latest_only_with_trigger.py
[2026-03-29T12:18:19.897+0500] {processor.py:830} INFO - Processing file /home/abayturar/airflow-project/venv/lib/python3.12/site-packages/airflow/example_dags/example_latest_only_with_trigger.py for tasks to queue
[2026-03-29T12:18:19.898+0500] {logging_mixin.py:188} INFO - [2026-03-29T12:18:19.898+0500] {dagbag.py:545} INFO - Filling up the DagBag from /home/abayturar/airflow-project/venv/lib/python3.12/site-packages/airflow/example_dags/example_latest_only_with_trigger.py
[2026-03-29T12:18:19.904+0500] {processor.py:840} INFO - DAG(s) 'latest_only_with_trigger' retrieved from /home/abayturar/airflow-project/venv/lib/python3.12/site-packages/airflow/example_dags/example_latest_only_with_trigger.py
[2026-03-29T12:18:19.919+0500] {logging_mixin.py:188} INFO - [2026-03-29T12:18:19.919+0500] {dag.py:3089} INFO - Sync 1 DAGs
[2026-03-29T12:18:19.933+0500] {logging_mixin.py:188} INFO - [2026-03-29T12:18:19.932+0500] {dag.py:3947} INFO - Setting next_dagrun for latest_only_with_trigger to 2026-03-29 00:00:00+00:00, run_after=2026-03-29 04:00:00+00:00
[2026-03-29T12:18:19.987+0500] {processor.py:183} INFO - Processing /home/abayturar/airflow-project/venv/lib/python3.12/site-packages/airflow/example_dags/example_latest_only_with_trigger.py took 0.097 seconds
[2026-03-29T12:19:09.110+0500] {processor.py:161} INFO - Started process (PID=2407) to work on /home/abayturar/airflow-project/venv/lib/python3.12/site-packages/airflow/example_dags/example_latest_only_with_trigger.py
[2026-03-29T12:19:09.111+0500] {processor.py:830} INFO - Processing file /home/abayturar/airflow-project/venv/lib/python3.12/site-packages/airflow/example_dags/example_latest_only_with_trigger.py for tasks to queue
[2026-03-29T12:19:09.113+0500] {logging_mixin.py:188} INFO - [2026-03-29T12:19:09.112+0500] {dagbag.py:545} INFO - Filling up the DagBag from /home/abayturar/airflow-project/venv/lib/python3.12/site-packages/airflow/example_dags/example_latest_only_with_trigger.py
[2026-03-29T12:19:09.118+0500] {processor.py:840} INFO - DAG(s) 'latest_only_with_trigger' retrieved from /home/abayturar/airflow-project/venv/lib/python3.12/site-packages/airflow/example_dags/example_latest_only_with_trigger.py
[2026-03-29T12:19:09.136+0500] {logging_mixin.py:188} INFO - [2026-03-29T12:19:09.136+0500] {dag.py:3089} INFO - Sync 1 DAGs
[2026-03-29T12:19:09.151+0500] {logging_mixin.py:188} INFO - [2026-03-29T12:19:09.150+0500] {dag.py:3947} INFO - Setting next_dagrun for latest_only_with_trigger to 2026-03-29 00:00:00+00:00, run_after=2026-03-29 04:00:00+00:00
[2026-03-29T12:19:09.205+0500] {processor.py:183} INFO - Processing /home/abayturar/airflow-project/venv/lib/python3.12/site-packages/airflow/example_dags/example_latest_only_with_trigger.py took 0.101 seconds
[2026-03-29T12:19:59.835+0500] {processor.py:161} INFO - Started process (PID=2540) to work on /home/abayturar/airflow-project/venv/lib/python3.12/site-packages/airflow/example_dags/example_latest_only_with_trigger.py
[2026-03-29T12:19:59.835+0500] {processor.py:830} INFO - Processing file /home/abayturar/airflow-project/venv/lib/python3.12/site-packages/airflow/example_dags/example_latest_only_with_trigger.py for tasks to queue
[2026-03-29T12:19:59.837+0500] {logging_mixin.py:188} INFO - [2026-03-29T12:19:59.837+0500] {dagbag.py:545} INFO - Filling up the DagBag from /home/abayturar/airflow-project/venv/lib/python3.12/site-packages/airflow/example_dags/example_latest_only_with_trigger.py
[2026-03-29T12:19:59.843+0500] {processor.py:840} INFO - DAG(s) 'latest_only_with_trigger' retrieved from /home/abayturar/airflow-project/venv/lib/python3.12/site-packages/airflow/example_dags/example_latest_only_with_trigger.py
[2026-03-29T12:19:59.858+0500] {logging_mixin.py:188} INFO - [2026-03-29T12:19:59.858+0500] {dag.py:3089} INFO - Sync 1 DAGs
[2026-03-29T12:19:59.872+0500] {logging_mixin.py:188} INFO - [2026-03-29T12:19:59.871+0500] {dag.py:3947} INFO - Setting next_dagrun for latest_only_with_trigger to 2026-03-29 00:00:00+00:00, run_after=2026-03-29 04:00:00+00:00
[2026-03-29T12:19:59.925+0500] {processor.py:183} INFO - Processing /home/abayturar/airflow-project/venv/lib/python3.12/site-packages/airflow/example_dags/example_latest_only_with_trigger.py took 0.097 seconds
[2026-03-29T12:20:54.556+0500] {processor.py:161} INFO - Started process (PID=2682) to work on /home/abayturar/airflow-project/venv/lib/python3.12/site-packages/airflow/example_dags/example_latest_only_with_trigger.py
[2026-03-29T12:20:54.558+0500] {processor.py:830} INFO - Processing file /home/abayturar/airflow-project/venv/lib/python3.12/site-packages/airflow/example_dags/example_latest_only_with_trigger.py for tasks to queue
[2026-03-29T12:20:54.561+0500] {logging_mixin.py:188} INFO - [2026-03-29T12:20:54.560+0500] {dagbag.py:545} INFO - Filling up the DagBag from /home/abayturar/airflow-project/venv/lib/python3.12/site-packages/airflow/example_dags/example_latest_only_with_trigger.py
[2026-03-29T12:20:54.570+0500] {processor.py:840} INFO - DAG(s) 'latest_only_with_trigger' retrieved from /home/abayturar/airflow-project/venv/lib/python3.12/site-packages/airflow/example_dags/example_latest_only_with_trigger.py
[2026-03-29T12:20:54.593+0500] {logging_mixin.py:188} INFO - [2026-03-29T12:20:54.593+0500] {dag.py:3089} INFO - Sync 1 DAGs
[2026-03-29T12:20:54.610+0500] {logging_mixin.py:188} INFO - [2026-03-29T12:20:54.610+0500] {dag.py:3947} INFO - Setting next_dagrun for latest_only_with_trigger to 2026-03-29 00:00:00+00:00, run_after=2026-03-29 04:00:00+00:00
[2026-03-29T12:20:54.669+0500] {processor.py:183} INFO - Processing /home/abayturar/airflow-project/venv/lib/python3.12/site-packages/airflow/example_dags/example_latest_only_with_trigger.py took 0.128 seconds
[2026-03-29T12:21:47.281+0500] {processor.py:161} INFO - Started process (PID=2818) to work on /home/abayturar/airflow-project/venv/lib/python3.12/site-packages/airflow/example_dags/example_latest_only_with_trigger.py
[2026-03-29T12:21:47.282+0500] {processor.py:830} INFO - Processing file /home/abayturar/airflow-project/venv/lib/python3.12/site-packages/airflow/example_dags/example_latest_only_with_trigger.py for tasks to queue
[2026-03-29T12:21:47.284+0500] {logging_mixin.py:188} INFO - [2026-03-29T12:21:47.284+0500] {dagbag.py:545} INFO - Filling up the DagBag from /home/abayturar/airflow-project/venv/lib/python3.12/site-packages/airflow/example_dags/example_latest_only_with_trigger.py
[2026-03-29T12:21:47.290+0500] {processor.py:840} INFO - DAG(s) 'latest_only_with_trigger' retrieved from /home/abayturar/airflow-project/venv/lib/python3.12/site-packages/airflow/example_dags/example_latest_only_with_trigger.py
[2026-03-29T12:21:47.306+0500] {logging_mixin.py:188} INFO - [2026-03-29T12:21:47.306+0500] {dag.py:3089} INFO - Sync 1 DAGs
[2026-03-29T12:21:47.320+0500] {logging_mixin.py:188} INFO - [2026-03-29T12:21:47.320+0500] {dag.py:3947} INFO - Setting next_dagrun for latest_only_with_trigger to 2026-03-29 00:00:00+00:00, run_after=2026-03-29 04:00:00+00:00
[2026-03-29T12:21:47.375+0500] {processor.py:183} INFO - Processing /home/abayturar/airflow-project/venv/lib/python3.12/site-packages/airflow/example_dags/example_latest_only_with_trigger.py took 0.100 seconds
[2026-03-29T12:22:38.213+0500] {processor.py:161} INFO - Started process (PID=3075) to work on /home/abayturar/airflow-project/venv/lib/python3.12/site-packages/airflow/example_dags/example_latest_only_with_trigger.py
[2026-03-29T12:22:38.214+0500] {processor.py:830} INFO - Processing file /home/abayturar/airflow-project/venv/lib/python3.12/site-packages/airflow/example_dags/example_latest_only_with_trigger.py for tasks to queue
[2026-03-29T12:22:38.216+0500] {logging_mixin.py:188} INFO - [2026-03-29T12:22:38.215+0500] {dagbag.py:545} INFO - Filling up the DagBag from /home/abayturar/airflow-project/venv/lib/python3.12/site-packages/airflow/example_dags/example_latest_only_with_trigger.py
[2026-03-29T12:22:38.221+0500] {processor.py:840} INFO - DAG(s) 'latest_only_with_trigger' retrieved from /home/abayturar/airflow-project/venv/lib/python3.12/site-packages/airflow/example_dags/example_latest_only_with_trigger.py
[2026-03-29T12:22:38.238+0500] {logging_mixin.py:188} INFO - [2026-03-29T12:22:38.238+0500] {dag.py:3089} INFO - Sync 1 DAGs
[2026-03-29T12:22:38.252+0500] {logging_mixin.py:188} INFO - [2026-03-29T12:22:38.252+0500] {dag.py:3947} INFO - Setting next_dagrun for latest_only_with_trigger to 2026-03-29 00:00:00+00:00, run_after=2026-03-29 04:00:00+00:00
[2026-03-29T12:22:38.306+0500] {processor.py:183} INFO - Processing /home/abayturar/airflow-project/venv/lib/python3.12/site-packages/airflow/example_dags/example_latest_only_with_trigger.py took 0.100 seconds
[2026-03-29T12:23:30.659+0500] {processor.py:161} INFO - Started process (PID=3277) to work on /home/abayturar/airflow-project/venv/lib/python3.12/site-packages/airflow/example_dags/example_latest_only_with_trigger.py
[2026-03-29T12:23:30.659+0500] {processor.py:830} INFO - Processing file /home/abayturar/airflow-project/venv/lib/python3.12/site-packages/airflow/example_dags/example_latest_only_with_trigger.py for tasks to queue
[2026-03-29T12:23:30.661+0500] {logging_mixin.py:188} INFO - [2026-03-29T12:23:30.661+0500] {dagbag.py:545} INFO - Filling up the DagBag from /home/abayturar/airflow-project/venv/lib/python3.12/site-packages/airflow/example_dags/example_latest_only_with_trigger.py
[2026-03-29T12:23:30.666+0500] {processor.py:840} INFO - DAG(s) 'latest_only_with_trigger' retrieved from /home/abayturar/airflow-project/venv/lib/python3.12/site-packages/airflow/example_dags/example_latest_only_with_trigger.py
[2026-03-29T12:23:30.682+0500] {logging_mixin.py:188} INFO - [2026-03-29T12:23:30.682+0500] {dag.py:3089} INFO - Sync 1 DAGs
[2026-03-29T12:23:30.696+0500] {logging_mixin.py:188} INFO - [2026-03-29T12:23:30.696+0500] {dag.py:3947} INFO - Setting next_dagrun for latest_only_with_trigger to 2026-03-29 00:00:00+00:00, run_after=2026-03-29 04:00:00+00:00
[2026-03-29T12:23:30.750+0500] {processor.py:183} INFO - Processing /home/abayturar/airflow-project/venv/lib/python3.12/site-packages/airflow/example_dags/example_latest_only_with_trigger.py took 0.098 seconds
[2026-03-29T12:24:23.113+0500] {processor.py:161} INFO - Started process (PID=3501) to work on /home/abayturar/airflow-project/venv/lib/python3.12/site-packages/airflow/example_dags/example_latest_only_with_trigger.py
[2026-03-29T12:24:23.114+0500] {processor.py:830} INFO - Processing file /home/abayturar/airflow-project/venv/lib/python3.12/site-packages/airflow/example_dags/example_latest_only_with_trigger.py for tasks to queue
[2026-03-29T12:24:23.116+0500] {logging_mixin.py:188} INFO - [2026-03-29T12:24:23.115+0500] {dagbag.py:545} INFO - Filling up the DagBag from /home/abayturar/airflow-project/venv/lib/python3.12/site-packages/airflow/example_dags/example_latest_only_with_trigger.py
[2026-03-29T12:24:23.121+0500] {processor.py:840} INFO - DAG(s) 'latest_only_with_trigger' retrieved from /home/abayturar/airflow-project/venv/lib/python3.12/site-packages/airflow/example_dags/example_latest_only_with_trigger.py
[2026-03-29T12:24:23.137+0500] {logging_mixin.py:188} INFO - [2026-03-29T12:24:23.137+0500] {dag.py:3089} INFO - Sync 1 DAGs
[2026-03-29T12:24:23.151+0500] {logging_mixin.py:188} INFO - [2026-03-29T12:24:23.151+0500] {dag.py:3947} INFO - Setting next_dagrun for latest_only_with_trigger to 2026-03-29 00:00:00+00:00, run_after=2026-03-29 04:00:00+00:00
[2026-03-29T12:24:23.206+0500] {processor.py:183} INFO - Processing /home/abayturar/airflow-project/venv/lib/python3.12/site-packages/airflow/example_dags/example_latest_only_with_trigger.py took 0.099 seconds
[2026-03-29T12:25:17.317+0500] {processor.py:161} INFO - Started process (PID=3641) to work on /home/abayturar/airflow-project/venv/lib/python3.12/site-packages/airflow/example_dags/example_latest_only_with_trigger.py
[2026-03-29T12:25:17.318+0500] {processor.py:830} INFO - Processing file /home/abayturar/airflow-project/venv/lib/python3.12/site-packages/airflow/example_dags/example_latest_only_with_trigger.py for tasks to queue
[2026-03-29T12:25:17.319+0500] {logging_mixin.py:188} INFO - [2026-03-29T12:25:17.319+0500] {dagbag.py:545} INFO - Filling up the DagBag from /home/abayturar/airflow-project/venv/lib/python3.12/site-packages/airflow/example_dags/example_latest_only_with_trigger.py
[2026-03-29T12:25:17.325+0500] {processor.py:840} INFO - DAG(s) 'latest_only_with_trigger' retrieved from /home/abayturar/airflow-project/venv/lib/python3.12/site-packages/airflow/example_dags/example_latest_only_with_trigger.py
[2026-03-29T12:25:17.342+0500] {logging_mixin.py:188} INFO - [2026-03-29T12:25:17.341+0500] {dag.py:3089} INFO - Sync 1 DAGs
[2026-03-29T12:25:17.356+0500] {logging_mixin.py:188} INFO - [2026-03-29T12:25:17.356+0500] {dag.py:3947} INFO - Setting next_dagrun for latest_only_with_trigger to 2026-03-29 00:00:00+00:00, run_after=2026-03-29 04:00:00+00:00
[2026-03-29T12:25:17.411+0500] {processor.py:183} INFO - Processing /home/abayturar/airflow-project/venv/lib/python3.12/site-packages/airflow/example_dags/example_latest_only_with_trigger.py took 0.100 seconds
[2026-03-29T12:26:09.122+0500] {processor.py:161} INFO - Started process (PID=3883) to work on /home/abayturar/airflow-project/venv/lib/python3.12/site-packages/airflow/example_dags/example_latest_only_with_trigger.py
[2026-03-29T12:26:09.123+0500] {processor.py:830} INFO - Processing file /home/abayturar/airflow-project/venv/lib/python3.12/site-packages/airflow/example_dags/example_latest_only_with_trigger.py for tasks to queue
[2026-03-29T12:26:09.124+0500] {logging_mixin.py:188} INFO - [2026-03-29T12:26:09.124+0500] {dagbag.py:545} INFO - Filling up the DagBag from /home/abayturar/airflow-project/venv/lib/python3.12/site-packages/airflow/example_dags/example_latest_only_with_trigger.py
[2026-03-29T12:26:09.131+0500] {processor.py:840} INFO - DAG(s) 'latest_only_with_trigger' retrieved from /home/abayturar/airflow-project/venv/lib/python3.12/site-packages/airflow/example_dags/example_latest_only_with_trigger.py
[2026-03-29T12:26:09.150+0500] {logging_mixin.py:188} INFO - [2026-03-29T12:26:09.149+0500] {dag.py:3089} INFO - Sync 1 DAGs
[2026-03-29T12:26:09.165+0500] {logging_mixin.py:188} INFO - [2026-03-29T12:26:09.165+0500] {dag.py:3947} INFO - Setting next_dagrun for latest_only_with_trigger to 2026-03-29 00:00:00+00:00, run_after=2026-03-29 04:00:00+00:00
[2026-03-29T12:26:09.225+0500] {processor.py:183} INFO - Processing /home/abayturar/airflow-project/venv/lib/python3.12/site-packages/airflow/example_dags/example_latest_only_with_trigger.py took 0.111 seconds
[2026-03-29T12:26:57.149+0500] {processor.py:161} INFO - Started process (PID=4118) to work on /home/abayturar/airflow-project/venv/lib/python3.12/site-packages/airflow/example_dags/example_latest_only_with_trigger.py
[2026-03-29T12:26:57.150+0500] {processor.py:830} INFO - Processing file /home/abayturar/airflow-project/venv/lib/python3.12/site-packages/airflow/example_dags/example_latest_only_with_trigger.py for tasks to queue
[2026-03-29T12:26:57.152+0500] {logging_mixin.py:188} INFO - [2026-03-29T12:26:57.152+0500] {dagbag.py:545} INFO - Filling up the DagBag from /home/abayturar/airflow-project/venv/lib/python3.12/site-packages/airflow/example_dags/example_latest_only_with_trigger.py
[2026-03-29T12:26:57.158+0500] {processor.py:840} INFO - DAG(s) 'latest_only_with_trigger' retrieved from /home/abayturar/airflow-project/venv/lib/python3.12/site-packages/airflow/example_dags/example_latest_only_with_trigger.py
[2026-03-29T12:26:57.175+0500] {logging_mixin.py:188} INFO - [2026-03-29T12:26:57.175+0500] {dag.py:3089} INFO - Sync 1 DAGs
[2026-03-29T12:26:57.189+0500] {logging_mixin.py:188} INFO - [2026-03-29T12:26:57.189+0500] {dag.py:3947} INFO - Setting next_dagrun for latest_only_with_trigger to 2026-03-29 00:00:00+00:00, run_after=2026-03-29 04:00:00+00:00
[2026-03-29T12:26:57.246+0500] {processor.py:183} INFO - Processing /home/abayturar/airflow-project/venv/lib/python3.12/site-packages/airflow/example_dags/example_latest_only_with_trigger.py took 0.104 seconds
