[2026-03-29T12:01:26.686+0500] {processor.py:161} INFO - Started process (PID=32244) to work on /home/abayturar/airflow-project/venv/lib/python3.12/site-packages/airflow/example_dags/example_sensors.py
[2026-03-29T12:01:26.687+0500] {processor.py:830} INFO - Processing file /home/abayturar/airflow-project/venv/lib/python3.12/site-packages/airflow/example_dags/example_sensors.py for tasks to queue
[2026-03-29T12:01:26.689+0500] {logging_mixin.py:188} INFO - [2026-03-29T12:01:26.689+0500] {dagbag.py:545} INFO - Filling up the DagBag from /home/abayturar/airflow-project/venv/lib/python3.12/site-packages/airflow/example_dags/example_sensors.py
[2026-03-29T12:01:26.697+0500] {processor.py:840} INFO - DAG(s) 'example_sensors' retrieved from /home/abayturar/airflow-project/venv/lib/python3.12/site-packages/airflow/example_dags/example_sensors.py
[2026-03-29T12:01:26.716+0500] {logging_mixin.py:188} INFO - [2026-03-29T12:01:26.716+0500] {dag.py:3089} INFO - Sync 1 DAGs
[2026-03-29T12:01:26.725+0500] {logging_mixin.py:188} INFO - [2026-03-29T12:01:26.724+0500] {dag.py:3947} INFO - Setting next_dagrun for example_sensors to None, run_after=None
[2026-03-29T12:01:26.740+0500] {processor.py:183} INFO - Processing /home/abayturar/airflow-project/venv/lib/python3.12/site-packages/airflow/example_dags/example_sensors.py took 0.060 seconds
[2026-03-29T12:02:25.159+0500] {processor.py:161} INFO - Started process (PID=32545) to work on /home/abayturar/airflow-project/venv/lib/python3.12/site-packages/airflow/example_dags/example_sensors.py
[2026-03-29T12:02:25.160+0500] {processor.py:830} INFO - Processing file /home/abayturar/airflow-project/venv/lib/python3.12/site-packages/airflow/example_dags/example_sensors.py for tasks to queue
[2026-03-29T12:02:25.162+0500] {logging_mixin.py:188} INFO - [2026-03-29T12:02:25.161+0500] {dagbag.py:545} INFO - Filling up the DagBag from /home/abayturar/airflow-project/venv/lib/python3.12/site-packages/airflow/example_dags/example_sensors.py
[2026-03-29T12:02:25.169+0500] {processor.py:840} INFO - DAG(s) 'example_sensors' retrieved from /home/abayturar/airflow-project/venv/lib/python3.12/site-packages/airflow/example_dags/example_sensors.py
[2026-03-29T12:02:25.187+0500] {logging_mixin.py:188} INFO - [2026-03-29T12:02:25.186+0500] {dag.py:3089} INFO - Sync 1 DAGs
[2026-03-29T12:02:25.195+0500] {logging_mixin.py:188} INFO - [2026-03-29T12:02:25.195+0500] {dag.py:3947} INFO - Setting next_dagrun for example_sensors to None, run_after=None
[2026-03-29T12:02:25.250+0500] {processor.py:183} INFO - Processing /home/abayturar/airflow-project/venv/lib/python3.12/site-packages/airflow/example_dags/example_sensors.py took 0.096 seconds
[2026-03-29T12:05:53.894+0500] {processor.py:161} INFO - Started process (PID=13) to work on /home/abayturar/airflow-project/venv/lib/python3.12/site-packages/airflow/example_dags/example_sensors.py
[2026-03-29T12:05:53.896+0500] {processor.py:830} INFO - Processing file /home/abayturar/airflow-project/venv/lib/python3.12/site-packages/airflow/example_dags/example_sensors.py for tasks to queue
[2026-03-29T12:05:53.898+0500] {logging_mixin.py:188} INFO - [2026-03-29T12:05:53.897+0500] {dagbag.py:545} INFO - Filling up the DagBag from /home/abayturar/airflow-project/venv/lib/python3.12/site-packages/airflow/example_dags/example_sensors.py
[2026-03-29T12:05:53.906+0500] {processor.py:840} INFO - DAG(s) 'example_sensors' retrieved from /home/abayturar/airflow-project/venv/lib/python3.12/site-packages/airflow/example_dags/example_sensors.py
[2026-03-29T12:05:53.924+0500] {logging_mixin.py:188} INFO - [2026-03-29T12:05:53.924+0500] {dag.py:3089} INFO - Sync 1 DAGs
[2026-03-29T12:05:53.932+0500] {logging_mixin.py:188} INFO - [2026-03-29T12:05:53.932+0500] {dag.py:3947} INFO - Setting next_dagrun for example_sensors to None, run_after=None
[2026-03-29T12:05:53.947+0500] {processor.py:183} INFO - Processing /home/abayturar/airflow-project/venv/lib/python3.12/site-packages/airflow/example_dags/example_sensors.py took 0.059 seconds
[2026-03-29T12:06:48.933+0500] {processor.py:161} INFO - Started process (PID=234) to work on /home/abayturar/airflow-project/venv/lib/python3.12/site-packages/airflow/example_dags/example_sensors.py
[2026-03-29T12:06:48.934+0500] {processor.py:830} INFO - Processing file /home/abayturar/airflow-project/venv/lib/python3.12/site-packages/airflow/example_dags/example_sensors.py for tasks to queue
[2026-03-29T12:06:48.935+0500] {logging_mixin.py:188} INFO - [2026-03-29T12:06:48.935+0500] {dagbag.py:545} INFO - Filling up the DagBag from /home/abayturar/airflow-project/venv/lib/python3.12/site-packages/airflow/example_dags/example_sensors.py
[2026-03-29T12:06:48.943+0500] {processor.py:840} INFO - DAG(s) 'example_sensors' retrieved from /home/abayturar/airflow-project/venv/lib/python3.12/site-packages/airflow/example_dags/example_sensors.py
[2026-03-29T12:06:48.960+0500] {logging_mixin.py:188} INFO - [2026-03-29T12:06:48.960+0500] {dag.py:3089} INFO - Sync 1 DAGs
[2026-03-29T12:06:48.969+0500] {logging_mixin.py:188} INFO - [2026-03-29T12:06:48.968+0500] {dag.py:3947} INFO - Setting next_dagrun for example_sensors to None, run_after=None
[2026-03-29T12:06:49.023+0500] {processor.py:183} INFO - Processing /home/abayturar/airflow-project/venv/lib/python3.12/site-packages/airflow/example_dags/example_sensors.py took 0.096 seconds
[2026-03-29T12:07:35.125+0500] {processor.py:161} INFO - Started process (PID=428) to work on /home/abayturar/airflow-project/venv/lib/python3.12/site-packages/airflow/example_dags/example_sensors.py
[2026-03-29T12:07:35.126+0500] {processor.py:830} INFO - Processing file /home/abayturar/airflow-project/venv/lib/python3.12/site-packages/airflow/example_dags/example_sensors.py for tasks to queue
[2026-03-29T12:07:35.127+0500] {logging_mixin.py:188} INFO - [2026-03-29T12:07:35.127+0500] {dagbag.py:545} INFO - Filling up the DagBag from /home/abayturar/airflow-project/venv/lib/python3.12/site-packages/airflow/example_dags/example_sensors.py
[2026-03-29T12:07:35.135+0500] {processor.py:840} INFO - DAG(s) 'example_sensors' retrieved from /home/abayturar/airflow-project/venv/lib/python3.12/site-packages/airflow/example_dags/example_sensors.py
[2026-03-29T12:07:35.152+0500] {logging_mixin.py:188} INFO - [2026-03-29T12:07:35.152+0500] {dag.py:3089} INFO - Sync 1 DAGs
[2026-03-29T12:07:35.162+0500] {logging_mixin.py:188} INFO - [2026-03-29T12:07:35.162+0500] {dag.py:3947} INFO - Setting next_dagrun for example_sensors to None, run_after=None
[2026-03-29T12:07:35.179+0500] {processor.py:183} INFO - Processing /home/abayturar/airflow-project/venv/lib/python3.12/site-packages/airflow/example_dags/example_sensors.py took 0.060 seconds
[2026-03-29T12:08:23.687+0500] {processor.py:161} INFO - Started process (PID=623) to work on /home/abayturar/airflow-project/venv/lib/python3.12/site-packages/airflow/example_dags/example_sensors.py
[2026-03-29T12:08:23.688+0500] {processor.py:830} INFO - Processing file /home/abayturar/airflow-project/venv/lib/python3.12/site-packages/airflow/example_dags/example_sensors.py for tasks to queue
[2026-03-29T12:08:23.690+0500] {logging_mixin.py:188} INFO - [2026-03-29T12:08:23.689+0500] {dagbag.py:545} INFO - Filling up the DagBag from /home/abayturar/airflow-project/venv/lib/python3.12/site-packages/airflow/example_dags/example_sensors.py
[2026-03-29T12:08:23.698+0500] {processor.py:840} INFO - DAG(s) 'example_sensors' retrieved from /home/abayturar/airflow-project/venv/lib/python3.12/site-packages/airflow/example_dags/example_sensors.py
[2026-03-29T12:08:23.715+0500] {logging_mixin.py:188} INFO - [2026-03-29T12:08:23.715+0500] {dag.py:3089} INFO - Sync 1 DAGs
[2026-03-29T12:08:23.724+0500] {logging_mixin.py:188} INFO - [2026-03-29T12:08:23.723+0500] {dag.py:3947} INFO - Setting next_dagrun for example_sensors to None, run_after=None
[2026-03-29T12:08:23.779+0500] {processor.py:183} INFO - Processing /home/abayturar/airflow-project/venv/lib/python3.12/site-packages/airflow/example_dags/example_sensors.py took 0.098 seconds
[2026-03-29T12:09:14.415+0500] {processor.py:161} INFO - Started process (PID=840) to work on /home/abayturar/airflow-project/venv/lib/python3.12/site-packages/airflow/example_dags/example_sensors.py
[2026-03-29T12:09:14.416+0500] {processor.py:830} INFO - Processing file /home/abayturar/airflow-project/venv/lib/python3.12/site-packages/airflow/example_dags/example_sensors.py for tasks to queue
[2026-03-29T12:09:14.418+0500] {logging_mixin.py:188} INFO - [2026-03-29T12:09:14.417+0500] {dagbag.py:545} INFO - Filling up the DagBag from /home/abayturar/airflow-project/venv/lib/python3.12/site-packages/airflow/example_dags/example_sensors.py
[2026-03-29T12:09:14.426+0500] {processor.py:840} INFO - DAG(s) 'example_sensors' retrieved from /home/abayturar/airflow-project/venv/lib/python3.12/site-packages/airflow/example_dags/example_sensors.py
[2026-03-29T12:09:14.443+0500] {logging_mixin.py:188} INFO - [2026-03-29T12:09:14.443+0500] {dag.py:3089} INFO - Sync 1 DAGs
[2026-03-29T12:09:14.451+0500] {logging_mixin.py:188} INFO - [2026-03-29T12:09:14.451+0500] {dag.py:3947} INFO - Setting next_dagrun for example_sensors to None, run_after=None
[2026-03-29T12:09:14.509+0500] {processor.py:183} INFO - Processing /home/abayturar/airflow-project/venv/lib/python3.12/site-packages/airflow/example_dags/example_sensors.py took 0.099 seconds
[2026-03-29T12:10:05.909+0500] {processor.py:161} INFO - Started process (PID=986) to work on /home/abayturar/airflow-project/venv/lib/python3.12/site-packages/airflow/example_dags/example_sensors.py
[2026-03-29T12:10:05.910+0500] {processor.py:830} INFO - Processing file /home/abayturar/airflow-project/venv/lib/python3.12/site-packages/airflow/example_dags/example_sensors.py for tasks to queue
[2026-03-29T12:10:05.911+0500] {logging_mixin.py:188} INFO - [2026-03-29T12:10:05.911+0500] {dagbag.py:545} INFO - Filling up the DagBag from /home/abayturar/airflow-project/venv/lib/python3.12/site-packages/airflow/example_dags/example_sensors.py
[2026-03-29T12:10:05.919+0500] {processor.py:840} INFO - DAG(s) 'example_sensors' retrieved from /home/abayturar/airflow-project/venv/lib/python3.12/site-packages/airflow/example_dags/example_sensors.py
[2026-03-29T12:10:05.936+0500] {logging_mixin.py:188} INFO - [2026-03-29T12:10:05.936+0500] {dag.py:3089} INFO - Sync 1 DAGs
[2026-03-29T12:10:05.945+0500] {logging_mixin.py:188} INFO - [2026-03-29T12:10:05.945+0500] {dag.py:3947} INFO - Setting next_dagrun for example_sensors to None, run_after=None
[2026-03-29T12:10:06.000+0500] {processor.py:183} INFO - Processing /home/abayturar/airflow-project/venv/lib/python3.12/site-packages/airflow/example_dags/example_sensors.py took 0.097 seconds
[2026-03-29T12:10:53.960+0500] {processor.py:161} INFO - Started process (PID=1113) to work on /home/abayturar/airflow-project/venv/lib/python3.12/site-packages/airflow/example_dags/example_sensors.py
[2026-03-29T12:10:53.961+0500] {processor.py:830} INFO - Processing file /home/abayturar/airflow-project/venv/lib/python3.12/site-packages/airflow/example_dags/example_sensors.py for tasks to queue
[2026-03-29T12:10:53.962+0500] {logging_mixin.py:188} INFO - [2026-03-29T12:10:53.962+0500] {dagbag.py:545} INFO - Filling up the DagBag from /home/abayturar/airflow-project/venv/lib/python3.12/site-packages/airflow/example_dags/example_sensors.py
[2026-03-29T12:10:53.970+0500] {processor.py:840} INFO - DAG(s) 'example_sensors' retrieved from /home/abayturar/airflow-project/venv/lib/python3.12/site-packages/airflow/example_dags/example_sensors.py
[2026-03-29T12:10:53.987+0500] {logging_mixin.py:188} INFO - [2026-03-29T12:10:53.987+0500] {dag.py:3089} INFO - Sync 1 DAGs
[2026-03-29T12:10:53.995+0500] {logging_mixin.py:188} INFO - [2026-03-29T12:10:53.995+0500] {dag.py:3947} INFO - Setting next_dagrun for example_sensors to None, run_after=None
[2026-03-29T12:10:54.050+0500] {processor.py:183} INFO - Processing /home/abayturar/airflow-project/venv/lib/python3.12/site-packages/airflow/example_dags/example_sensors.py took 0.095 seconds
[2026-03-29T12:11:43.075+0500] {processor.py:161} INFO - Started process (PID=1244) to work on /home/abayturar/airflow-project/venv/lib/python3.12/site-packages/airflow/example_dags/example_sensors.py
[2026-03-29T12:11:43.076+0500] {processor.py:830} INFO - Processing file /home/abayturar/airflow-project/venv/lib/python3.12/site-packages/airflow/example_dags/example_sensors.py for tasks to queue
[2026-03-29T12:11:43.077+0500] {logging_mixin.py:188} INFO - [2026-03-29T12:11:43.077+0500] {dagbag.py:545} INFO - Filling up the DagBag from /home/abayturar/airflow-project/venv/lib/python3.12/site-packages/airflow/example_dags/example_sensors.py
[2026-03-29T12:11:43.085+0500] {processor.py:840} INFO - DAG(s) 'example_sensors' retrieved from /home/abayturar/airflow-project/venv/lib/python3.12/site-packages/airflow/example_dags/example_sensors.py
[2026-03-29T12:11:43.103+0500] {logging_mixin.py:188} INFO - [2026-03-29T12:11:43.102+0500] {dag.py:3089} INFO - Sync 1 DAGs
[2026-03-29T12:11:43.111+0500] {logging_mixin.py:188} INFO - [2026-03-29T12:11:43.111+0500] {dag.py:3947} INFO - Setting next_dagrun for example_sensors to None, run_after=None
[2026-03-29T12:11:43.165+0500] {processor.py:183} INFO - Processing /home/abayturar/airflow-project/venv/lib/python3.12/site-packages/airflow/example_dags/example_sensors.py took 0.096 seconds
[2026-03-29T12:12:34.779+0500] {processor.py:161} INFO - Started process (PID=1378) to work on /home/abayturar/airflow-project/venv/lib/python3.12/site-packages/airflow/example_dags/example_sensors.py
[2026-03-29T12:12:34.780+0500] {processor.py:830} INFO - Processing file /home/abayturar/airflow-project/venv/lib/python3.12/site-packages/airflow/example_dags/example_sensors.py for tasks to queue
[2026-03-29T12:12:34.782+0500] {logging_mixin.py:188} INFO - [2026-03-29T12:12:34.782+0500] {dagbag.py:545} INFO - Filling up the DagBag from /home/abayturar/airflow-project/venv/lib/python3.12/site-packages/airflow/example_dags/example_sensors.py
[2026-03-29T12:12:34.789+0500] {processor.py:840} INFO - DAG(s) 'example_sensors' retrieved from /home/abayturar/airflow-project/venv/lib/python3.12/site-packages/airflow/example_dags/example_sensors.py
[2026-03-29T12:12:34.807+0500] {logging_mixin.py:188} INFO - [2026-03-29T12:12:34.806+0500] {dag.py:3089} INFO - Sync 1 DAGs
[2026-03-29T12:12:34.815+0500] {logging_mixin.py:188} INFO - [2026-03-29T12:12:34.815+0500] {dag.py:3947} INFO - Setting next_dagrun for example_sensors to None, run_after=None
[2026-03-29T12:12:34.831+0500] {processor.py:183} INFO - Processing /home/abayturar/airflow-project/venv/lib/python3.12/site-packages/airflow/example_dags/example_sensors.py took 0.058 seconds
[2026-03-29T12:13:25.570+0500] {processor.py:161} INFO - Started process (PID=1513) to work on /home/abayturar/airflow-project/venv/lib/python3.12/site-packages/airflow/example_dags/example_sensors.py
[2026-03-29T12:13:25.571+0500] {processor.py:830} INFO - Processing file /home/abayturar/airflow-project/venv/lib/python3.12/site-packages/airflow/example_dags/example_sensors.py for tasks to queue
[2026-03-29T12:13:25.572+0500] {logging_mixin.py:188} INFO - [2026-03-29T12:13:25.572+0500] {dagbag.py:545} INFO - Filling up the DagBag from /home/abayturar/airflow-project/venv/lib/python3.12/site-packages/airflow/example_dags/example_sensors.py
[2026-03-29T12:13:25.580+0500] {processor.py:840} INFO - DAG(s) 'example_sensors' retrieved from /home/abayturar/airflow-project/venv/lib/python3.12/site-packages/airflow/example_dags/example_sensors.py
[2026-03-29T12:13:25.598+0500] {logging_mixin.py:188} INFO - [2026-03-29T12:13:25.598+0500] {dag.py:3089} INFO - Sync 1 DAGs
[2026-03-29T12:13:25.607+0500] {logging_mixin.py:188} INFO - [2026-03-29T12:13:25.607+0500] {dag.py:3947} INFO - Setting next_dagrun for example_sensors to None, run_after=None
[2026-03-29T12:13:25.745+0500] {processor.py:183} INFO - Processing /home/abayturar/airflow-project/venv/lib/python3.12/site-packages/airflow/example_dags/example_sensors.py took 0.181 seconds
[2026-03-29T12:14:15.241+0500] {processor.py:161} INFO - Started process (PID=1644) to work on /home/abayturar/airflow-project/venv/lib/python3.12/site-packages/airflow/example_dags/example_sensors.py
[2026-03-29T12:14:15.242+0500] {processor.py:830} INFO - Processing file /home/abayturar/airflow-project/venv/lib/python3.12/site-packages/airflow/example_dags/example_sensors.py for tasks to queue
[2026-03-29T12:14:15.244+0500] {logging_mixin.py:188} INFO - [2026-03-29T12:14:15.243+0500] {dagbag.py:545} INFO - Filling up the DagBag from /home/abayturar/airflow-project/venv/lib/python3.12/site-packages/airflow/example_dags/example_sensors.py
[2026-03-29T12:14:15.251+0500] {processor.py:840} INFO - DAG(s) 'example_sensors' retrieved from /home/abayturar/airflow-project/venv/lib/python3.12/site-packages/airflow/example_dags/example_sensors.py
[2026-03-29T12:14:15.270+0500] {logging_mixin.py:188} INFO - [2026-03-29T12:14:15.270+0500] {dag.py:3089} INFO - Sync 1 DAGs
[2026-03-29T12:14:15.278+0500] {logging_mixin.py:188} INFO - [2026-03-29T12:14:15.278+0500] {dag.py:3947} INFO - Setting next_dagrun for example_sensors to None, run_after=None
[2026-03-29T12:14:15.332+0500] {processor.py:183} INFO - Processing /home/abayturar/airflow-project/venv/lib/python3.12/site-packages/airflow/example_dags/example_sensors.py took 0.097 seconds
[2026-03-29T12:15:08.332+0500] {processor.py:161} INFO - Started process (PID=1783) to work on /home/abayturar/airflow-project/venv/lib/python3.12/site-packages/airflow/example_dags/example_sensors.py
[2026-03-29T12:15:08.332+0500] {processor.py:830} INFO - Processing file /home/abayturar/airflow-project/venv/lib/python3.12/site-packages/airflow/example_dags/example_sensors.py for tasks to queue
[2026-03-29T12:15:08.334+0500] {logging_mixin.py:188} INFO - [2026-03-29T12:15:08.334+0500] {dagbag.py:545} INFO - Filling up the DagBag from /home/abayturar/airflow-project/venv/lib/python3.12/site-packages/airflow/example_dags/example_sensors.py
[2026-03-29T12:15:08.342+0500] {processor.py:840} INFO - DAG(s) 'example_sensors' retrieved from /home/abayturar/airflow-project/venv/lib/python3.12/site-packages/airflow/example_dags/example_sensors.py
[2026-03-29T12:15:08.360+0500] {logging_mixin.py:188} INFO - [2026-03-29T12:15:08.360+0500] {dag.py:3089} INFO - Sync 1 DAGs
[2026-03-29T12:15:08.368+0500] {logging_mixin.py:188} INFO - [2026-03-29T12:15:08.368+0500] {dag.py:3947} INFO - Setting next_dagrun for example_sensors to None, run_after=None
[2026-03-29T12:15:08.421+0500] {processor.py:183} INFO - Processing /home/abayturar/airflow-project/venv/lib/python3.12/site-packages/airflow/example_dags/example_sensors.py took 0.096 seconds
[2026-03-29T12:16:02.492+0500] {processor.py:161} INFO - Started process (PID=1924) to work on /home/abayturar/airflow-project/venv/lib/python3.12/site-packages/airflow/example_dags/example_sensors.py
[2026-03-29T12:16:02.493+0500] {processor.py:830} INFO - Processing file /home/abayturar/airflow-project/venv/lib/python3.12/site-packages/airflow/example_dags/example_sensors.py for tasks to queue
[2026-03-29T12:16:02.494+0500] {logging_mixin.py:188} INFO - [2026-03-29T12:16:02.494+0500] {dagbag.py:545} INFO - Filling up the DagBag from /home/abayturar/airflow-project/venv/lib/python3.12/site-packages/airflow/example_dags/example_sensors.py
[2026-03-29T12:16:02.505+0500] {processor.py:840} INFO - DAG(s) 'example_sensors' retrieved from /home/abayturar/airflow-project/venv/lib/python3.12/site-packages/airflow/example_dags/example_sensors.py
[2026-03-29T12:16:02.648+0500] {logging_mixin.py:188} INFO - [2026-03-29T12:16:02.648+0500] {dag.py:3089} INFO - Sync 1 DAGs
[2026-03-29T12:16:02.654+0500] {logging_mixin.py:188} INFO - [2026-03-29T12:16:02.654+0500] {dag.py:3947} INFO - Setting next_dagrun for example_sensors to None, run_after=None
[2026-03-29T12:16:02.685+0500] {processor.py:183} INFO - Processing /home/abayturar/airflow-project/venv/lib/python3.12/site-packages/airflow/example_dags/example_sensors.py took 0.202 seconds
[2026-03-29T12:16:56.067+0500] {processor.py:161} INFO - Started process (PID=2064) to work on /home/abayturar/airflow-project/venv/lib/python3.12/site-packages/airflow/example_dags/example_sensors.py
[2026-03-29T12:16:56.067+0500] {processor.py:830} INFO - Processing file /home/abayturar/airflow-project/venv/lib/python3.12/site-packages/airflow/example_dags/example_sensors.py for tasks to queue
[2026-03-29T12:16:56.069+0500] {logging_mixin.py:188} INFO - [2026-03-29T12:16:56.069+0500] {dagbag.py:545} INFO - Filling up the DagBag from /home/abayturar/airflow-project/venv/lib/python3.12/site-packages/airflow/example_dags/example_sensors.py
[2026-03-29T12:16:56.077+0500] {processor.py:840} INFO - DAG(s) 'example_sensors' retrieved from /home/abayturar/airflow-project/venv/lib/python3.12/site-packages/airflow/example_dags/example_sensors.py
[2026-03-29T12:16:56.094+0500] {logging_mixin.py:188} INFO - [2026-03-29T12:16:56.094+0500] {dag.py:3089} INFO - Sync 1 DAGs
[2026-03-29T12:16:56.189+0500] {logging_mixin.py:188} INFO - [2026-03-29T12:16:56.189+0500] {dag.py:3947} INFO - Setting next_dagrun for example_sensors to None, run_after=None
[2026-03-29T12:16:56.241+0500] {processor.py:183} INFO - Processing /home/abayturar/airflow-project/venv/lib/python3.12/site-packages/airflow/example_dags/example_sensors.py took 0.180 seconds
[2026-03-29T12:17:48.452+0500] {processor.py:161} INFO - Started process (PID=2199) to work on /home/abayturar/airflow-project/venv/lib/python3.12/site-packages/airflow/example_dags/example_sensors.py
[2026-03-29T12:17:48.453+0500] {processor.py:830} INFO - Processing file /home/abayturar/airflow-project/venv/lib/python3.12/site-packages/airflow/example_dags/example_sensors.py for tasks to queue
[2026-03-29T12:17:48.454+0500] {logging_mixin.py:188} INFO - [2026-03-29T12:17:48.454+0500] {dagbag.py:545} INFO - Filling up the DagBag from /home/abayturar/airflow-project/venv/lib/python3.12/site-packages/airflow/example_dags/example_sensors.py
[2026-03-29T12:17:48.463+0500] {processor.py:840} INFO - DAG(s) 'example_sensors' retrieved from /home/abayturar/airflow-project/venv/lib/python3.12/site-packages/airflow/example_dags/example_sensors.py
[2026-03-29T12:17:48.481+0500] {logging_mixin.py:188} INFO - [2026-03-29T12:17:48.481+0500] {dag.py:3089} INFO - Sync 1 DAGs
[2026-03-29T12:17:48.491+0500] {logging_mixin.py:188} INFO - [2026-03-29T12:17:48.490+0500] {dag.py:3947} INFO - Setting next_dagrun for example_sensors to None, run_after=None
[2026-03-29T12:17:48.546+0500] {processor.py:183} INFO - Processing /home/abayturar/airflow-project/venv/lib/python3.12/site-packages/airflow/example_dags/example_sensors.py took 0.100 seconds
[2026-03-29T12:18:39.490+0500] {processor.py:161} INFO - Started process (PID=2333) to work on /home/abayturar/airflow-project/venv/lib/python3.12/site-packages/airflow/example_dags/example_sensors.py
[2026-03-29T12:18:39.491+0500] {processor.py:830} INFO - Processing file /home/abayturar/airflow-project/venv/lib/python3.12/site-packages/airflow/example_dags/example_sensors.py for tasks to queue
[2026-03-29T12:18:39.492+0500] {logging_mixin.py:188} INFO - [2026-03-29T12:18:39.492+0500] {dagbag.py:545} INFO - Filling up the DagBag from /home/abayturar/airflow-project/venv/lib/python3.12/site-packages/airflow/example_dags/example_sensors.py
[2026-03-29T12:18:39.500+0500] {processor.py:840} INFO - DAG(s) 'example_sensors' retrieved from /home/abayturar/airflow-project/venv/lib/python3.12/site-packages/airflow/example_dags/example_sensors.py
[2026-03-29T12:18:39.525+0500] {logging_mixin.py:188} INFO - [2026-03-29T12:18:39.524+0500] {dag.py:3089} INFO - Sync 1 DAGs
[2026-03-29T12:18:39.536+0500] {logging_mixin.py:188} INFO - [2026-03-29T12:18:39.536+0500] {dag.py:3947} INFO - Setting next_dagrun for example_sensors to None, run_after=None
[2026-03-29T12:18:39.591+0500] {processor.py:183} INFO - Processing /home/abayturar/airflow-project/venv/lib/python3.12/site-packages/airflow/example_dags/example_sensors.py took 0.107 seconds
[2026-03-29T12:19:31.257+0500] {processor.py:161} INFO - Started process (PID=2469) to work on /home/abayturar/airflow-project/venv/lib/python3.12/site-packages/airflow/example_dags/example_sensors.py
[2026-03-29T12:19:31.258+0500] {processor.py:830} INFO - Processing file /home/abayturar/airflow-project/venv/lib/python3.12/site-packages/airflow/example_dags/example_sensors.py for tasks to queue
[2026-03-29T12:19:31.260+0500] {logging_mixin.py:188} INFO - [2026-03-29T12:19:31.259+0500] {dagbag.py:545} INFO - Filling up the DagBag from /home/abayturar/airflow-project/venv/lib/python3.12/site-packages/airflow/example_dags/example_sensors.py
[2026-03-29T12:19:31.268+0500] {processor.py:840} INFO - DAG(s) 'example_sensors' retrieved from /home/abayturar/airflow-project/venv/lib/python3.12/site-packages/airflow/example_dags/example_sensors.py
[2026-03-29T12:19:31.288+0500] {logging_mixin.py:188} INFO - [2026-03-29T12:19:31.288+0500] {dag.py:3089} INFO - Sync 1 DAGs
[2026-03-29T12:19:31.298+0500] {logging_mixin.py:188} INFO - [2026-03-29T12:19:31.297+0500] {dag.py:3947} INFO - Setting next_dagrun for example_sensors to None, run_after=None
[2026-03-29T12:19:31.352+0500] {processor.py:183} INFO - Processing /home/abayturar/airflow-project/venv/lib/python3.12/site-packages/airflow/example_dags/example_sensors.py took 0.101 seconds
[2026-03-29T12:20:22.982+0500] {processor.py:161} INFO - Started process (PID=2602) to work on /home/abayturar/airflow-project/venv/lib/python3.12/site-packages/airflow/example_dags/example_sensors.py
[2026-03-29T12:20:22.983+0500] {processor.py:830} INFO - Processing file /home/abayturar/airflow-project/venv/lib/python3.12/site-packages/airflow/example_dags/example_sensors.py for tasks to queue
[2026-03-29T12:20:22.985+0500] {logging_mixin.py:188} INFO - [2026-03-29T12:20:22.985+0500] {dagbag.py:545} INFO - Filling up the DagBag from /home/abayturar/airflow-project/venv/lib/python3.12/site-packages/airflow/example_dags/example_sensors.py
[2026-03-29T12:20:22.994+0500] {processor.py:840} INFO - DAG(s) 'example_sensors' retrieved from /home/abayturar/airflow-project/venv/lib/python3.12/site-packages/airflow/example_dags/example_sensors.py
[2026-03-29T12:20:23.013+0500] {logging_mixin.py:188} INFO - [2026-03-29T12:20:23.013+0500] {dag.py:3089} INFO - Sync 1 DAGs
[2026-03-29T12:20:23.022+0500] {logging_mixin.py:188} INFO - [2026-03-29T12:20:23.022+0500] {dag.py:3947} INFO - Setting next_dagrun for example_sensors to None, run_after=None
[2026-03-29T12:20:23.076+0500] {processor.py:183} INFO - Processing /home/abayturar/airflow-project/venv/lib/python3.12/site-packages/airflow/example_dags/example_sensors.py took 0.100 seconds
[2026-03-29T12:21:15.929+0500] {processor.py:161} INFO - Started process (PID=2742) to work on /home/abayturar/airflow-project/venv/lib/python3.12/site-packages/airflow/example_dags/example_sensors.py
[2026-03-29T12:21:15.929+0500] {processor.py:830} INFO - Processing file /home/abayturar/airflow-project/venv/lib/python3.12/site-packages/airflow/example_dags/example_sensors.py for tasks to queue
[2026-03-29T12:21:15.931+0500] {logging_mixin.py:188} INFO - [2026-03-29T12:21:15.931+0500] {dagbag.py:545} INFO - Filling up the DagBag from /home/abayturar/airflow-project/venv/lib/python3.12/site-packages/airflow/example_dags/example_sensors.py
[2026-03-29T12:21:15.939+0500] {processor.py:840} INFO - DAG(s) 'example_sensors' retrieved from /home/abayturar/airflow-project/venv/lib/python3.12/site-packages/airflow/example_dags/example_sensors.py
[2026-03-29T12:21:15.957+0500] {logging_mixin.py:188} INFO - [2026-03-29T12:21:15.956+0500] {dag.py:3089} INFO - Sync 1 DAGs
[2026-03-29T12:21:15.966+0500] {logging_mixin.py:188} INFO - [2026-03-29T12:21:15.965+0500] {dag.py:3947} INFO - Setting next_dagrun for example_sensors to None, run_after=None
[2026-03-29T12:21:16.020+0500] {processor.py:183} INFO - Processing /home/abayturar/airflow-project/venv/lib/python3.12/site-packages/airflow/example_dags/example_sensors.py took 0.098 seconds
[2026-03-29T12:22:07.700+0500] {processor.py:161} INFO - Started process (PID=2935) to work on /home/abayturar/airflow-project/venv/lib/python3.12/site-packages/airflow/example_dags/example_sensors.py
[2026-03-29T12:22:07.701+0500] {processor.py:830} INFO - Processing file /home/abayturar/airflow-project/venv/lib/python3.12/site-packages/airflow/example_dags/example_sensors.py for tasks to queue
[2026-03-29T12:22:07.703+0500] {logging_mixin.py:188} INFO - [2026-03-29T12:22:07.703+0500] {dagbag.py:545} INFO - Filling up the DagBag from /home/abayturar/airflow-project/venv/lib/python3.12/site-packages/airflow/example_dags/example_sensors.py
[2026-03-29T12:22:07.711+0500] {processor.py:840} INFO - DAG(s) 'example_sensors' retrieved from /home/abayturar/airflow-project/venv/lib/python3.12/site-packages/airflow/example_dags/example_sensors.py
[2026-03-29T12:22:07.732+0500] {logging_mixin.py:188} INFO - [2026-03-29T12:22:07.731+0500] {dag.py:3089} INFO - Sync 1 DAGs
[2026-03-29T12:22:07.740+0500] {logging_mixin.py:188} INFO - [2026-03-29T12:22:07.740+0500] {dag.py:3947} INFO - Setting next_dagrun for example_sensors to None, run_after=None
[2026-03-29T12:22:07.794+0500] {processor.py:183} INFO - Processing /home/abayturar/airflow-project/venv/lib/python3.12/site-packages/airflow/example_dags/example_sensors.py took 0.100 seconds
[2026-03-29T12:22:59.721+0500] {processor.py:161} INFO - Started process (PID=3200) to work on /home/abayturar/airflow-project/venv/lib/python3.12/site-packages/airflow/example_dags/example_sensors.py
[2026-03-29T12:22:59.722+0500] {processor.py:830} INFO - Processing file /home/abayturar/airflow-project/venv/lib/python3.12/site-packages/airflow/example_dags/example_sensors.py for tasks to queue
[2026-03-29T12:22:59.724+0500] {logging_mixin.py:188} INFO - [2026-03-29T12:22:59.723+0500] {dagbag.py:545} INFO - Filling up the DagBag from /home/abayturar/airflow-project/venv/lib/python3.12/site-packages/airflow/example_dags/example_sensors.py
[2026-03-29T12:22:59.732+0500] {processor.py:840} INFO - DAG(s) 'example_sensors' retrieved from /home/abayturar/airflow-project/venv/lib/python3.12/site-packages/airflow/example_dags/example_sensors.py
[2026-03-29T12:22:59.751+0500] {logging_mixin.py:188} INFO - [2026-03-29T12:22:59.751+0500] {dag.py:3089} INFO - Sync 1 DAGs
[2026-03-29T12:22:59.760+0500] {logging_mixin.py:188} INFO - [2026-03-29T12:22:59.760+0500] {dag.py:3947} INFO - Setting next_dagrun for example_sensors to None, run_after=None
[2026-03-29T12:22:59.817+0500] {processor.py:183} INFO - Processing /home/abayturar/airflow-project/venv/lib/python3.12/site-packages/airflow/example_dags/example_sensors.py took 0.104 seconds
[2026-03-29T12:23:51.787+0500] {processor.py:161} INFO - Started process (PID=3386) to work on /home/abayturar/airflow-project/venv/lib/python3.12/site-packages/airflow/example_dags/example_sensors.py
[2026-03-29T12:23:51.788+0500] {processor.py:830} INFO - Processing file /home/abayturar/airflow-project/venv/lib/python3.12/site-packages/airflow/example_dags/example_sensors.py for tasks to queue
[2026-03-29T12:23:51.790+0500] {logging_mixin.py:188} INFO - [2026-03-29T12:23:51.790+0500] {dagbag.py:545} INFO - Filling up the DagBag from /home/abayturar/airflow-project/venv/lib/python3.12/site-packages/airflow/example_dags/example_sensors.py
[2026-03-29T12:23:51.799+0500] {processor.py:840} INFO - DAG(s) 'example_sensors' retrieved from /home/abayturar/airflow-project/venv/lib/python3.12/site-packages/airflow/example_dags/example_sensors.py
[2026-03-29T12:23:51.824+0500] {logging_mixin.py:188} INFO - [2026-03-29T12:23:51.823+0500] {dag.py:3089} INFO - Sync 1 DAGs
[2026-03-29T12:23:51.835+0500] {logging_mixin.py:188} INFO - [2026-03-29T12:23:51.835+0500] {dag.py:3947} INFO - Setting next_dagrun for example_sensors to None, run_after=None
[2026-03-29T12:23:51.853+0500] {processor.py:183} INFO - Processing /home/abayturar/airflow-project/venv/lib/python3.12/site-packages/airflow/example_dags/example_sensors.py took 0.074 seconds
[2026-03-29T12:24:44.402+0500] {processor.py:161} INFO - Started process (PID=3560) to work on /home/abayturar/airflow-project/venv/lib/python3.12/site-packages/airflow/example_dags/example_sensors.py
[2026-03-29T12:24:44.403+0500] {processor.py:830} INFO - Processing file /home/abayturar/airflow-project/venv/lib/python3.12/site-packages/airflow/example_dags/example_sensors.py for tasks to queue
[2026-03-29T12:24:44.404+0500] {logging_mixin.py:188} INFO - [2026-03-29T12:24:44.404+0500] {dagbag.py:545} INFO - Filling up the DagBag from /home/abayturar/airflow-project/venv/lib/python3.12/site-packages/airflow/example_dags/example_sensors.py
[2026-03-29T12:24:44.412+0500] {processor.py:840} INFO - DAG(s) 'example_sensors' retrieved from /home/abayturar/airflow-project/venv/lib/python3.12/site-packages/airflow/example_dags/example_sensors.py
[2026-03-29T12:24:44.430+0500] {logging_mixin.py:188} INFO - [2026-03-29T12:24:44.430+0500] {dag.py:3089} INFO - Sync 1 DAGs
[2026-03-29T12:24:44.438+0500] {logging_mixin.py:188} INFO - [2026-03-29T12:24:44.438+0500] {dag.py:3947} INFO - Setting next_dagrun for example_sensors to None, run_after=None
[2026-03-29T12:24:44.494+0500] {processor.py:183} INFO - Processing /home/abayturar/airflow-project/venv/lib/python3.12/site-packages/airflow/example_dags/example_sensors.py took 0.098 seconds
[2026-03-29T12:25:39.271+0500] {processor.py:161} INFO - Started process (PID=3718) to work on /home/abayturar/airflow-project/venv/lib/python3.12/site-packages/airflow/example_dags/example_sensors.py
[2026-03-29T12:25:39.272+0500] {processor.py:830} INFO - Processing file /home/abayturar/airflow-project/venv/lib/python3.12/site-packages/airflow/example_dags/example_sensors.py for tasks to queue
[2026-03-29T12:25:39.273+0500] {logging_mixin.py:188} INFO - [2026-03-29T12:25:39.273+0500] {dagbag.py:545} INFO - Filling up the DagBag from /home/abayturar/airflow-project/venv/lib/python3.12/site-packages/airflow/example_dags/example_sensors.py
[2026-03-29T12:25:39.281+0500] {processor.py:840} INFO - DAG(s) 'example_sensors' retrieved from /home/abayturar/airflow-project/venv/lib/python3.12/site-packages/airflow/example_dags/example_sensors.py
[2026-03-29T12:25:39.299+0500] {logging_mixin.py:188} INFO - [2026-03-29T12:25:39.299+0500] {dag.py:3089} INFO - Sync 1 DAGs
[2026-03-29T12:25:39.308+0500] {logging_mixin.py:188} INFO - [2026-03-29T12:25:39.308+0500] {dag.py:3947} INFO - Setting next_dagrun for example_sensors to None, run_after=None
[2026-03-29T12:25:39.362+0500] {processor.py:183} INFO - Processing /home/abayturar/airflow-project/venv/lib/python3.12/site-packages/airflow/example_dags/example_sensors.py took 0.097 seconds
[2026-03-29T12:26:27.479+0500] {processor.py:161} INFO - Started process (PID=4017) to work on /home/abayturar/airflow-project/venv/lib/python3.12/site-packages/airflow/example_dags/example_sensors.py
[2026-03-29T12:26:27.480+0500] {processor.py:830} INFO - Processing file /home/abayturar/airflow-project/venv/lib/python3.12/site-packages/airflow/example_dags/example_sensors.py for tasks to queue
[2026-03-29T12:26:27.482+0500] {logging_mixin.py:188} INFO - [2026-03-29T12:26:27.481+0500] {dagbag.py:545} INFO - Filling up the DagBag from /home/abayturar/airflow-project/venv/lib/python3.12/site-packages/airflow/example_dags/example_sensors.py
[2026-03-29T12:26:27.490+0500] {processor.py:840} INFO - DAG(s) 'example_sensors' retrieved from /home/abayturar/airflow-project/venv/lib/python3.12/site-packages/airflow/example_dags/example_sensors.py
[2026-03-29T12:26:27.508+0500] {logging_mixin.py:188} INFO - [2026-03-29T12:26:27.508+0500] {dag.py:3089} INFO - Sync 1 DAGs
[2026-03-29T12:26:27.517+0500] {logging_mixin.py:188} INFO - [2026-03-29T12:26:27.517+0500] {dag.py:3947} INFO - Setting next_dagrun for example_sensors to None, run_after=None
[2026-03-29T12:26:27.574+0500] {processor.py:183} INFO - Processing /home/abayturar/airflow-project/venv/lib/python3.12/site-packages/airflow/example_dags/example_sensors.py took 0.101 seconds
[2026-03-29T12:27:17.442+0500] {processor.py:161} INFO - Started process (PID=4223) to work on /home/abayturar/airflow-project/venv/lib/python3.12/site-packages/airflow/example_dags/example_sensors.py
[2026-03-29T12:27:17.442+0500] {processor.py:830} INFO - Processing file /home/abayturar/airflow-project/venv/lib/python3.12/site-packages/airflow/example_dags/example_sensors.py for tasks to queue
[2026-03-29T12:27:17.444+0500] {logging_mixin.py:188} INFO - [2026-03-29T12:27:17.444+0500] {dagbag.py:545} INFO - Filling up the DagBag from /home/abayturar/airflow-project/venv/lib/python3.12/site-packages/airflow/example_dags/example_sensors.py
[2026-03-29T12:27:17.452+0500] {processor.py:840} INFO - DAG(s) 'example_sensors' retrieved from /home/abayturar/airflow-project/venv/lib/python3.12/site-packages/airflow/example_dags/example_sensors.py
[2026-03-29T12:27:17.470+0500] {logging_mixin.py:188} INFO - [2026-03-29T12:27:17.469+0500] {dag.py:3089} INFO - Sync 1 DAGs
[2026-03-29T12:27:17.478+0500] {logging_mixin.py:188} INFO - [2026-03-29T12:27:17.478+0500] {dag.py:3947} INFO - Setting next_dagrun for example_sensors to None, run_after=None
[2026-03-29T12:27:17.532+0500] {processor.py:183} INFO - Processing /home/abayturar/airflow-project/venv/lib/python3.12/site-packages/airflow/example_dags/example_sensors.py took 0.097 seconds
