[2026-03-29T12:01:34.391+0500] {processor.py:161} INFO - Started process (PID=32266) to work on /home/abayturar/airflow-project/venv/lib/python3.12/site-packages/airflow/example_dags/example_display_name.py
[2026-03-29T12:01:34.392+0500] {processor.py:830} INFO - Processing file /home/abayturar/airflow-project/venv/lib/python3.12/site-packages/airflow/example_dags/example_display_name.py for tasks to queue
[2026-03-29T12:01:34.394+0500] {logging_mixin.py:188} INFO - [2026-03-29T12:01:34.393+0500] {dagbag.py:545} INFO - Filling up the DagBag from /home/abayturar/airflow-project/venv/lib/python3.12/site-packages/airflow/example_dags/example_display_name.py
[2026-03-29T12:01:34.400+0500] {processor.py:840} INFO - DAG(s) 'example_display_name' retrieved from /home/abayturar/airflow-project/venv/lib/python3.12/site-packages/airflow/example_dags/example_display_name.py
[2026-03-29T12:01:34.416+0500] {logging_mixin.py:188} INFO - [2026-03-29T12:01:34.415+0500] {dag.py:3089} INFO - Sync 1 DAGs
[2026-03-29T12:01:34.425+0500] {logging_mixin.py:188} INFO - [2026-03-29T12:01:34.425+0500] {dag.py:3947} INFO - Setting next_dagrun for example_display_name to None, run_after=None
[2026-03-29T12:01:34.440+0500] {processor.py:183} INFO - Processing /home/abayturar/airflow-project/venv/lib/python3.12/site-packages/airflow/example_dags/example_display_name.py took 0.055 seconds
[2026-03-29T12:02:33.519+0500] {processor.py:161} INFO - Started process (PID=32579) to work on /home/abayturar/airflow-project/venv/lib/python3.12/site-packages/airflow/example_dags/example_display_name.py
[2026-03-29T12:02:33.520+0500] {processor.py:830} INFO - Processing file /home/abayturar/airflow-project/venv/lib/python3.12/site-packages/airflow/example_dags/example_display_name.py for tasks to queue
[2026-03-29T12:02:33.522+0500] {logging_mixin.py:188} INFO - [2026-03-29T12:02:33.521+0500] {dagbag.py:545} INFO - Filling up the DagBag from /home/abayturar/airflow-project/venv/lib/python3.12/site-packages/airflow/example_dags/example_display_name.py
[2026-03-29T12:02:33.528+0500] {processor.py:840} INFO - DAG(s) 'example_display_name' retrieved from /home/abayturar/airflow-project/venv/lib/python3.12/site-packages/airflow/example_dags/example_display_name.py
[2026-03-29T12:02:33.548+0500] {logging_mixin.py:188} INFO - [2026-03-29T12:02:33.547+0500] {dag.py:3089} INFO - Sync 1 DAGs
[2026-03-29T12:02:33.559+0500] {logging_mixin.py:188} INFO - [2026-03-29T12:02:33.558+0500] {dag.py:3947} INFO - Setting next_dagrun for example_display_name to None, run_after=None
[2026-03-29T12:02:33.577+0500] {processor.py:183} INFO - Processing /home/abayturar/airflow-project/venv/lib/python3.12/site-packages/airflow/example_dags/example_display_name.py took 0.065 seconds
[2026-03-29T12:06:27.526+0500] {processor.py:161} INFO - Started process (PID=144) to work on /home/abayturar/airflow-project/venv/lib/python3.12/site-packages/airflow/example_dags/example_display_name.py
[2026-03-29T12:06:27.566+0500] {processor.py:830} INFO - Processing file /home/abayturar/airflow-project/venv/lib/python3.12/site-packages/airflow/example_dags/example_display_name.py for tasks to queue
[2026-03-29T12:06:27.568+0500] {logging_mixin.py:188} INFO - [2026-03-29T12:06:27.567+0500] {dagbag.py:545} INFO - Filling up the DagBag from /home/abayturar/airflow-project/venv/lib/python3.12/site-packages/airflow/example_dags/example_display_name.py
[2026-03-29T12:06:27.574+0500] {processor.py:840} INFO - DAG(s) 'example_display_name' retrieved from /home/abayturar/airflow-project/venv/lib/python3.12/site-packages/airflow/example_dags/example_display_name.py
[2026-03-29T12:06:27.590+0500] {logging_mixin.py:188} INFO - [2026-03-29T12:06:27.590+0500] {dag.py:3089} INFO - Sync 1 DAGs
[2026-03-29T12:06:27.601+0500] {logging_mixin.py:188} INFO - [2026-03-29T12:06:27.600+0500] {dag.py:3947} INFO - Setting next_dagrun for example_display_name to None, run_after=None
[2026-03-29T12:06:27.621+0500] {processor.py:183} INFO - Processing /home/abayturar/airflow-project/venv/lib/python3.12/site-packages/airflow/example_dags/example_display_name.py took 0.101 seconds
[2026-03-29T12:07:18.798+0500] {processor.py:161} INFO - Started process (PID=357) to work on /home/abayturar/airflow-project/venv/lib/python3.12/site-packages/airflow/example_dags/example_display_name.py
[2026-03-29T12:07:18.799+0500] {processor.py:830} INFO - Processing file /home/abayturar/airflow-project/venv/lib/python3.12/site-packages/airflow/example_dags/example_display_name.py for tasks to queue
[2026-03-29T12:07:18.801+0500] {logging_mixin.py:188} INFO - [2026-03-29T12:07:18.800+0500] {dagbag.py:545} INFO - Filling up the DagBag from /home/abayturar/airflow-project/venv/lib/python3.12/site-packages/airflow/example_dags/example_display_name.py
[2026-03-29T12:07:18.806+0500] {processor.py:840} INFO - DAG(s) 'example_display_name' retrieved from /home/abayturar/airflow-project/venv/lib/python3.12/site-packages/airflow/example_dags/example_display_name.py
[2026-03-29T12:07:18.821+0500] {logging_mixin.py:188} INFO - [2026-03-29T12:07:18.821+0500] {dag.py:3089} INFO - Sync 1 DAGs
[2026-03-29T12:07:18.830+0500] {logging_mixin.py:188} INFO - [2026-03-29T12:07:18.829+0500] {dag.py:3947} INFO - Setting next_dagrun for example_display_name to None, run_after=None
[2026-03-29T12:07:18.845+0500] {processor.py:183} INFO - Processing /home/abayturar/airflow-project/venv/lib/python3.12/site-packages/airflow/example_dags/example_display_name.py took 0.053 seconds
[2026-03-29T12:08:30.532+0500] {processor.py:161} INFO - Started process (PID=654) to work on /home/abayturar/airflow-project/venv/lib/python3.12/site-packages/airflow/example_dags/example_display_name.py
[2026-03-29T12:08:30.533+0500] {processor.py:830} INFO - Processing file /home/abayturar/airflow-project/venv/lib/python3.12/site-packages/airflow/example_dags/example_display_name.py for tasks to queue
[2026-03-29T12:08:30.535+0500] {logging_mixin.py:188} INFO - [2026-03-29T12:08:30.534+0500] {dagbag.py:545} INFO - Filling up the DagBag from /home/abayturar/airflow-project/venv/lib/python3.12/site-packages/airflow/example_dags/example_display_name.py
[2026-03-29T12:08:30.542+0500] {processor.py:840} INFO - DAG(s) 'example_display_name' retrieved from /home/abayturar/airflow-project/venv/lib/python3.12/site-packages/airflow/example_dags/example_display_name.py
[2026-03-29T12:08:30.558+0500] {logging_mixin.py:188} INFO - [2026-03-29T12:08:30.558+0500] {dag.py:3089} INFO - Sync 1 DAGs
[2026-03-29T12:08:30.568+0500] {logging_mixin.py:188} INFO - [2026-03-29T12:08:30.567+0500] {dag.py:3947} INFO - Setting next_dagrun for example_display_name to None, run_after=None
[2026-03-29T12:08:30.584+0500] {processor.py:183} INFO - Processing /home/abayturar/airflow-project/venv/lib/python3.12/site-packages/airflow/example_dags/example_display_name.py took 0.059 seconds
[2026-03-29T12:09:22.084+0500] {processor.py:161} INFO - Started process (PID=871) to work on /home/abayturar/airflow-project/venv/lib/python3.12/site-packages/airflow/example_dags/example_display_name.py
[2026-03-29T12:09:22.085+0500] {processor.py:830} INFO - Processing file /home/abayturar/airflow-project/venv/lib/python3.12/site-packages/airflow/example_dags/example_display_name.py for tasks to queue
[2026-03-29T12:09:22.086+0500] {logging_mixin.py:188} INFO - [2026-03-29T12:09:22.086+0500] {dagbag.py:545} INFO - Filling up the DagBag from /home/abayturar/airflow-project/venv/lib/python3.12/site-packages/airflow/example_dags/example_display_name.py
[2026-03-29T12:09:22.092+0500] {processor.py:840} INFO - DAG(s) 'example_display_name' retrieved from /home/abayturar/airflow-project/venv/lib/python3.12/site-packages/airflow/example_dags/example_display_name.py
[2026-03-29T12:09:22.107+0500] {logging_mixin.py:188} INFO - [2026-03-29T12:09:22.107+0500] {dag.py:3089} INFO - Sync 1 DAGs
[2026-03-29T12:09:22.116+0500] {logging_mixin.py:188} INFO - [2026-03-29T12:09:22.116+0500] {dag.py:3947} INFO - Setting next_dagrun for example_display_name to None, run_after=None
[2026-03-29T12:09:22.171+0500] {processor.py:183} INFO - Processing /home/abayturar/airflow-project/venv/lib/python3.12/site-packages/airflow/example_dags/example_display_name.py took 0.092 seconds
[2026-03-29T12:10:12.440+0500] {processor.py:161} INFO - Started process (PID=1003) to work on /home/abayturar/airflow-project/venv/lib/python3.12/site-packages/airflow/example_dags/example_display_name.py
[2026-03-29T12:10:12.441+0500] {processor.py:830} INFO - Processing file /home/abayturar/airflow-project/venv/lib/python3.12/site-packages/airflow/example_dags/example_display_name.py for tasks to queue
[2026-03-29T12:10:12.442+0500] {logging_mixin.py:188} INFO - [2026-03-29T12:10:12.442+0500] {dagbag.py:545} INFO - Filling up the DagBag from /home/abayturar/airflow-project/venv/lib/python3.12/site-packages/airflow/example_dags/example_display_name.py
[2026-03-29T12:10:12.448+0500] {processor.py:840} INFO - DAG(s) 'example_display_name' retrieved from /home/abayturar/airflow-project/venv/lib/python3.12/site-packages/airflow/example_dags/example_display_name.py
[2026-03-29T12:10:12.463+0500] {logging_mixin.py:188} INFO - [2026-03-29T12:10:12.463+0500] {dag.py:3089} INFO - Sync 1 DAGs
[2026-03-29T12:10:12.472+0500] {logging_mixin.py:188} INFO - [2026-03-29T12:10:12.472+0500] {dag.py:3947} INFO - Setting next_dagrun for example_display_name to None, run_after=None
[2026-03-29T12:10:12.527+0500] {processor.py:183} INFO - Processing /home/abayturar/airflow-project/venv/lib/python3.12/site-packages/airflow/example_dags/example_display_name.py took 0.093 seconds
[2026-03-29T12:11:25.138+0500] {processor.py:161} INFO - Started process (PID=1191) to work on /home/abayturar/airflow-project/venv/lib/python3.12/site-packages/airflow/example_dags/example_display_name.py
[2026-03-29T12:11:25.139+0500] {processor.py:830} INFO - Processing file /home/abayturar/airflow-project/venv/lib/python3.12/site-packages/airflow/example_dags/example_display_name.py for tasks to queue
[2026-03-29T12:11:25.142+0500] {logging_mixin.py:188} INFO - [2026-03-29T12:11:25.141+0500] {dagbag.py:545} INFO - Filling up the DagBag from /home/abayturar/airflow-project/venv/lib/python3.12/site-packages/airflow/example_dags/example_display_name.py
[2026-03-29T12:11:25.150+0500] {processor.py:840} INFO - DAG(s) 'example_display_name' retrieved from /home/abayturar/airflow-project/venv/lib/python3.12/site-packages/airflow/example_dags/example_display_name.py
[2026-03-29T12:11:25.171+0500] {logging_mixin.py:188} INFO - [2026-03-29T12:11:25.171+0500] {dag.py:3089} INFO - Sync 1 DAGs
[2026-03-29T12:11:25.184+0500] {logging_mixin.py:188} INFO - [2026-03-29T12:11:25.184+0500] {dag.py:3947} INFO - Setting next_dagrun for example_display_name to None, run_after=None
[2026-03-29T12:11:25.204+0500] {processor.py:183} INFO - Processing /home/abayturar/airflow-project/venv/lib/python3.12/site-packages/airflow/example_dags/example_display_name.py took 0.075 seconds
[2026-03-29T12:12:41.547+0500] {processor.py:161} INFO - Started process (PID=1397) to work on /home/abayturar/airflow-project/venv/lib/python3.12/site-packages/airflow/example_dags/example_display_name.py
[2026-03-29T12:12:41.548+0500] {processor.py:830} INFO - Processing file /home/abayturar/airflow-project/venv/lib/python3.12/site-packages/airflow/example_dags/example_display_name.py for tasks to queue
[2026-03-29T12:12:41.550+0500] {logging_mixin.py:188} INFO - [2026-03-29T12:12:41.549+0500] {dagbag.py:545} INFO - Filling up the DagBag from /home/abayturar/airflow-project/venv/lib/python3.12/site-packages/airflow/example_dags/example_display_name.py
[2026-03-29T12:12:41.556+0500] {processor.py:840} INFO - DAG(s) 'example_display_name' retrieved from /home/abayturar/airflow-project/venv/lib/python3.12/site-packages/airflow/example_dags/example_display_name.py
[2026-03-29T12:12:41.570+0500] {logging_mixin.py:188} INFO - [2026-03-29T12:12:41.570+0500] {dag.py:3089} INFO - Sync 1 DAGs
[2026-03-29T12:12:41.579+0500] {logging_mixin.py:188} INFO - [2026-03-29T12:12:41.579+0500] {dag.py:3947} INFO - Setting next_dagrun for example_display_name to None, run_after=None
[2026-03-29T12:12:41.593+0500] {processor.py:183} INFO - Processing /home/abayturar/airflow-project/venv/lib/python3.12/site-packages/airflow/example_dags/example_display_name.py took 0.052 seconds
[2026-03-29T12:13:55.438+0500] {processor.py:161} INFO - Started process (PID=1590) to work on /home/abayturar/airflow-project/venv/lib/python3.12/site-packages/airflow/example_dags/example_display_name.py
[2026-03-29T12:13:55.439+0500] {processor.py:830} INFO - Processing file /home/abayturar/airflow-project/venv/lib/python3.12/site-packages/airflow/example_dags/example_display_name.py for tasks to queue
[2026-03-29T12:13:55.440+0500] {logging_mixin.py:188} INFO - [2026-03-29T12:13:55.440+0500] {dagbag.py:545} INFO - Filling up the DagBag from /home/abayturar/airflow-project/venv/lib/python3.12/site-packages/airflow/example_dags/example_display_name.py
[2026-03-29T12:13:55.447+0500] {processor.py:840} INFO - DAG(s) 'example_display_name' retrieved from /home/abayturar/airflow-project/venv/lib/python3.12/site-packages/airflow/example_dags/example_display_name.py
[2026-03-29T12:13:55.462+0500] {logging_mixin.py:188} INFO - [2026-03-29T12:13:55.462+0500] {dag.py:3089} INFO - Sync 1 DAGs
[2026-03-29T12:13:55.471+0500] {logging_mixin.py:188} INFO - [2026-03-29T12:13:55.471+0500] {dag.py:3947} INFO - Setting next_dagrun for example_display_name to None, run_after=None
[2026-03-29T12:13:55.525+0500] {processor.py:183} INFO - Processing /home/abayturar/airflow-project/venv/lib/python3.12/site-packages/airflow/example_dags/example_display_name.py took 0.093 seconds
[2026-03-29T12:14:48.993+0500] {processor.py:161} INFO - Started process (PID=1729) to work on /home/abayturar/airflow-project/venv/lib/python3.12/site-packages/airflow/example_dags/example_display_name.py
[2026-03-29T12:14:48.994+0500] {processor.py:830} INFO - Processing file /home/abayturar/airflow-project/venv/lib/python3.12/site-packages/airflow/example_dags/example_display_name.py for tasks to queue
[2026-03-29T12:14:48.996+0500] {logging_mixin.py:188} INFO - [2026-03-29T12:14:48.996+0500] {dagbag.py:545} INFO - Filling up the DagBag from /home/abayturar/airflow-project/venv/lib/python3.12/site-packages/airflow/example_dags/example_display_name.py
[2026-03-29T12:14:49.003+0500] {processor.py:840} INFO - DAG(s) 'example_display_name' retrieved from /home/abayturar/airflow-project/venv/lib/python3.12/site-packages/airflow/example_dags/example_display_name.py
[2026-03-29T12:14:49.018+0500] {logging_mixin.py:188} INFO - [2026-03-29T12:14:49.018+0500] {dag.py:3089} INFO - Sync 1 DAGs
[2026-03-29T12:14:49.028+0500] {logging_mixin.py:188} INFO - [2026-03-29T12:14:49.028+0500] {dag.py:3947} INFO - Setting next_dagrun for example_display_name to None, run_after=None
[2026-03-29T12:14:49.082+0500] {processor.py:183} INFO - Processing /home/abayturar/airflow-project/venv/lib/python3.12/site-packages/airflow/example_dags/example_display_name.py took 0.095 seconds
[2026-03-29T12:15:43.305+0500] {processor.py:161} INFO - Started process (PID=1868) to work on /home/abayturar/airflow-project/venv/lib/python3.12/site-packages/airflow/example_dags/example_display_name.py
[2026-03-29T12:15:43.306+0500] {processor.py:830} INFO - Processing file /home/abayturar/airflow-project/venv/lib/python3.12/site-packages/airflow/example_dags/example_display_name.py for tasks to queue
[2026-03-29T12:15:43.308+0500] {logging_mixin.py:188} INFO - [2026-03-29T12:15:43.307+0500] {dagbag.py:545} INFO - Filling up the DagBag from /home/abayturar/airflow-project/venv/lib/python3.12/site-packages/airflow/example_dags/example_display_name.py
[2026-03-29T12:15:43.314+0500] {processor.py:840} INFO - DAG(s) 'example_display_name' retrieved from /home/abayturar/airflow-project/venv/lib/python3.12/site-packages/airflow/example_dags/example_display_name.py
[2026-03-29T12:15:43.330+0500] {logging_mixin.py:188} INFO - [2026-03-29T12:15:43.329+0500] {dag.py:3089} INFO - Sync 1 DAGs
[2026-03-29T12:15:43.339+0500] {logging_mixin.py:188} INFO - [2026-03-29T12:15:43.339+0500] {dag.py:3947} INFO - Setting next_dagrun for example_display_name to None, run_after=None
[2026-03-29T12:15:43.486+0500] {processor.py:183} INFO - Processing /home/abayturar/airflow-project/venv/lib/python3.12/site-packages/airflow/example_dags/example_display_name.py took 0.186 seconds
[2026-03-29T12:16:36.595+0500] {processor.py:161} INFO - Started process (PID=2008) to work on /home/abayturar/airflow-project/venv/lib/python3.12/site-packages/airflow/example_dags/example_display_name.py
[2026-03-29T12:16:36.596+0500] {processor.py:830} INFO - Processing file /home/abayturar/airflow-project/venv/lib/python3.12/site-packages/airflow/example_dags/example_display_name.py for tasks to queue
[2026-03-29T12:16:36.598+0500] {logging_mixin.py:188} INFO - [2026-03-29T12:16:36.598+0500] {dagbag.py:545} INFO - Filling up the DagBag from /home/abayturar/airflow-project/venv/lib/python3.12/site-packages/airflow/example_dags/example_display_name.py
[2026-03-29T12:16:36.604+0500] {processor.py:840} INFO - DAG(s) 'example_display_name' retrieved from /home/abayturar/airflow-project/venv/lib/python3.12/site-packages/airflow/example_dags/example_display_name.py
[2026-03-29T12:16:36.619+0500] {logging_mixin.py:188} INFO - [2026-03-29T12:16:36.618+0500] {dag.py:3089} INFO - Sync 1 DAGs
[2026-03-29T12:16:36.627+0500] {logging_mixin.py:188} INFO - [2026-03-29T12:16:36.627+0500] {dag.py:3947} INFO - Setting next_dagrun for example_display_name to None, run_after=None
[2026-03-29T12:16:36.682+0500] {processor.py:183} INFO - Processing /home/abayturar/airflow-project/venv/lib/python3.12/site-packages/airflow/example_dags/example_display_name.py took 0.092 seconds
[2026-03-29T12:17:30.074+0500] {processor.py:161} INFO - Started process (PID=2146) to work on /home/abayturar/airflow-project/venv/lib/python3.12/site-packages/airflow/example_dags/example_display_name.py
[2026-03-29T12:17:30.075+0500] {processor.py:830} INFO - Processing file /home/abayturar/airflow-project/venv/lib/python3.12/site-packages/airflow/example_dags/example_display_name.py for tasks to queue
[2026-03-29T12:17:30.078+0500] {logging_mixin.py:188} INFO - [2026-03-29T12:17:30.077+0500] {dagbag.py:545} INFO - Filling up the DagBag from /home/abayturar/airflow-project/venv/lib/python3.12/site-packages/airflow/example_dags/example_display_name.py
[2026-03-29T12:17:30.084+0500] {processor.py:840} INFO - DAG(s) 'example_display_name' retrieved from /home/abayturar/airflow-project/venv/lib/python3.12/site-packages/airflow/example_dags/example_display_name.py
[2026-03-29T12:17:30.101+0500] {logging_mixin.py:188} INFO - [2026-03-29T12:17:30.101+0500] {dag.py:3089} INFO - Sync 1 DAGs
[2026-03-29T12:17:30.113+0500] {logging_mixin.py:188} INFO - [2026-03-29T12:17:30.113+0500] {dag.py:3947} INFO - Setting next_dagrun for example_display_name to None, run_after=None
[2026-03-29T12:17:30.171+0500] {processor.py:183} INFO - Processing /home/abayturar/airflow-project/venv/lib/python3.12/site-packages/airflow/example_dags/example_display_name.py took 0.102 seconds
[2026-03-29T12:18:23.011+0500] {processor.py:161} INFO - Started process (PID=2285) to work on /home/abayturar/airflow-project/venv/lib/python3.12/site-packages/airflow/example_dags/example_display_name.py
[2026-03-29T12:18:23.012+0500] {processor.py:830} INFO - Processing file /home/abayturar/airflow-project/venv/lib/python3.12/site-packages/airflow/example_dags/example_display_name.py for tasks to queue
[2026-03-29T12:18:23.014+0500] {logging_mixin.py:188} INFO - [2026-03-29T12:18:23.013+0500] {dagbag.py:545} INFO - Filling up the DagBag from /home/abayturar/airflow-project/venv/lib/python3.12/site-packages/airflow/example_dags/example_display_name.py
[2026-03-29T12:18:23.021+0500] {processor.py:840} INFO - DAG(s) 'example_display_name' retrieved from /home/abayturar/airflow-project/venv/lib/python3.12/site-packages/airflow/example_dags/example_display_name.py
[2026-03-29T12:18:23.037+0500] {logging_mixin.py:188} INFO - [2026-03-29T12:18:23.036+0500] {dag.py:3089} INFO - Sync 1 DAGs
[2026-03-29T12:18:23.048+0500] {logging_mixin.py:188} INFO - [2026-03-29T12:18:23.047+0500] {dag.py:3947} INFO - Setting next_dagrun for example_display_name to None, run_after=None
[2026-03-29T12:18:23.104+0500] {processor.py:183} INFO - Processing /home/abayturar/airflow-project/venv/lib/python3.12/site-packages/airflow/example_dags/example_display_name.py took 0.099 seconds
[2026-03-29T12:19:38.021+0500] {processor.py:161} INFO - Started process (PID=2485) to work on /home/abayturar/airflow-project/venv/lib/python3.12/site-packages/airflow/example_dags/example_display_name.py
[2026-03-29T12:19:38.022+0500] {processor.py:830} INFO - Processing file /home/abayturar/airflow-project/venv/lib/python3.12/site-packages/airflow/example_dags/example_display_name.py for tasks to queue
[2026-03-29T12:19:38.024+0500] {logging_mixin.py:188} INFO - [2026-03-29T12:19:38.023+0500] {dagbag.py:545} INFO - Filling up the DagBag from /home/abayturar/airflow-project/venv/lib/python3.12/site-packages/airflow/example_dags/example_display_name.py
[2026-03-29T12:19:38.030+0500] {processor.py:840} INFO - DAG(s) 'example_display_name' retrieved from /home/abayturar/airflow-project/venv/lib/python3.12/site-packages/airflow/example_dags/example_display_name.py
[2026-03-29T12:19:38.045+0500] {logging_mixin.py:188} INFO - [2026-03-29T12:19:38.045+0500] {dag.py:3089} INFO - Sync 1 DAGs
[2026-03-29T12:19:38.059+0500] {logging_mixin.py:188} INFO - [2026-03-29T12:19:38.059+0500] {dag.py:3947} INFO - Setting next_dagrun for example_display_name to None, run_after=None
[2026-03-29T12:19:38.119+0500] {processor.py:183} INFO - Processing /home/abayturar/airflow-project/venv/lib/python3.12/site-packages/airflow/example_dags/example_display_name.py took 0.104 seconds
[2026-03-29T12:20:57.490+0500] {processor.py:161} INFO - Started process (PID=2688) to work on /home/abayturar/airflow-project/venv/lib/python3.12/site-packages/airflow/example_dags/example_display_name.py
[2026-03-29T12:20:57.490+0500] {processor.py:830} INFO - Processing file /home/abayturar/airflow-project/venv/lib/python3.12/site-packages/airflow/example_dags/example_display_name.py for tasks to queue
[2026-03-29T12:20:57.492+0500] {logging_mixin.py:188} INFO - [2026-03-29T12:20:57.492+0500] {dagbag.py:545} INFO - Filling up the DagBag from /home/abayturar/airflow-project/venv/lib/python3.12/site-packages/airflow/example_dags/example_display_name.py
[2026-03-29T12:20:57.499+0500] {processor.py:840} INFO - DAG(s) 'example_display_name' retrieved from /home/abayturar/airflow-project/venv/lib/python3.12/site-packages/airflow/example_dags/example_display_name.py
[2026-03-29T12:20:57.513+0500] {logging_mixin.py:188} INFO - [2026-03-29T12:20:57.513+0500] {dag.py:3089} INFO - Sync 1 DAGs
[2026-03-29T12:20:57.523+0500] {logging_mixin.py:188} INFO - [2026-03-29T12:20:57.523+0500] {dag.py:3947} INFO - Setting next_dagrun for example_display_name to None, run_after=None
[2026-03-29T12:20:57.579+0500] {processor.py:183} INFO - Processing /home/abayturar/airflow-project/venv/lib/python3.12/site-packages/airflow/example_dags/example_display_name.py took 0.095 seconds
[2026-03-29T12:21:50.916+0500] {processor.py:161} INFO - Started process (PID=2840) to work on /home/abayturar/airflow-project/venv/lib/python3.12/site-packages/airflow/example_dags/example_display_name.py
[2026-03-29T12:21:50.916+0500] {processor.py:830} INFO - Processing file /home/abayturar/airflow-project/venv/lib/python3.12/site-packages/airflow/example_dags/example_display_name.py for tasks to queue
[2026-03-29T12:21:50.918+0500] {logging_mixin.py:188} INFO - [2026-03-29T12:21:50.918+0500] {dagbag.py:545} INFO - Filling up the DagBag from /home/abayturar/airflow-project/venv/lib/python3.12/site-packages/airflow/example_dags/example_display_name.py
[2026-03-29T12:21:50.926+0500] {processor.py:840} INFO - DAG(s) 'example_display_name' retrieved from /home/abayturar/airflow-project/venv/lib/python3.12/site-packages/airflow/example_dags/example_display_name.py
[2026-03-29T12:21:50.941+0500] {logging_mixin.py:188} INFO - [2026-03-29T12:21:50.941+0500] {dag.py:3089} INFO - Sync 1 DAGs
[2026-03-29T12:21:50.950+0500] {logging_mixin.py:188} INFO - [2026-03-29T12:21:50.950+0500] {dag.py:3947} INFO - Setting next_dagrun for example_display_name to None, run_after=None
[2026-03-29T12:21:50.965+0500] {processor.py:183} INFO - Processing /home/abayturar/airflow-project/venv/lib/python3.12/site-packages/airflow/example_dags/example_display_name.py took 0.057 seconds
[2026-03-29T12:23:07.623+0500] {processor.py:161} INFO - Started process (PID=3220) to work on /home/abayturar/airflow-project/venv/lib/python3.12/site-packages/airflow/example_dags/example_display_name.py
[2026-03-29T12:23:07.624+0500] {processor.py:830} INFO - Processing file /home/abayturar/airflow-project/venv/lib/python3.12/site-packages/airflow/example_dags/example_display_name.py for tasks to queue
[2026-03-29T12:23:07.626+0500] {logging_mixin.py:188} INFO - [2026-03-29T12:23:07.625+0500] {dagbag.py:545} INFO - Filling up the DagBag from /home/abayturar/airflow-project/venv/lib/python3.12/site-packages/airflow/example_dags/example_display_name.py
[2026-03-29T12:23:07.633+0500] {processor.py:840} INFO - DAG(s) 'example_display_name' retrieved from /home/abayturar/airflow-project/venv/lib/python3.12/site-packages/airflow/example_dags/example_display_name.py
[2026-03-29T12:23:07.649+0500] {logging_mixin.py:188} INFO - [2026-03-29T12:23:07.649+0500] {dag.py:3089} INFO - Sync 1 DAGs
[2026-03-29T12:23:07.661+0500] {logging_mixin.py:188} INFO - [2026-03-29T12:23:07.661+0500] {dag.py:3947} INFO - Setting next_dagrun for example_display_name to None, run_after=None
[2026-03-29T12:23:07.719+0500] {processor.py:183} INFO - Processing /home/abayturar/airflow-project/venv/lib/python3.12/site-packages/airflow/example_dags/example_display_name.py took 0.103 seconds
[2026-03-29T12:24:00.670+0500] {processor.py:161} INFO - Started process (PID=3433) to work on /home/abayturar/airflow-project/venv/lib/python3.12/site-packages/airflow/example_dags/example_display_name.py
[2026-03-29T12:24:00.671+0500] {processor.py:830} INFO - Processing file /home/abayturar/airflow-project/venv/lib/python3.12/site-packages/airflow/example_dags/example_display_name.py for tasks to queue
[2026-03-29T12:24:00.673+0500] {logging_mixin.py:188} INFO - [2026-03-29T12:24:00.673+0500] {dagbag.py:545} INFO - Filling up the DagBag from /home/abayturar/airflow-project/venv/lib/python3.12/site-packages/airflow/example_dags/example_display_name.py
[2026-03-29T12:24:00.679+0500] {processor.py:840} INFO - DAG(s) 'example_display_name' retrieved from /home/abayturar/airflow-project/venv/lib/python3.12/site-packages/airflow/example_dags/example_display_name.py
[2026-03-29T12:24:00.694+0500] {logging_mixin.py:188} INFO - [2026-03-29T12:24:00.694+0500] {dag.py:3089} INFO - Sync 1 DAGs
[2026-03-29T12:24:00.702+0500] {logging_mixin.py:188} INFO - [2026-03-29T12:24:00.702+0500] {dag.py:3947} INFO - Setting next_dagrun for example_display_name to None, run_after=None
[2026-03-29T12:24:00.758+0500] {processor.py:183} INFO - Processing /home/abayturar/airflow-project/venv/lib/python3.12/site-packages/airflow/example_dags/example_display_name.py took 0.093 seconds
[2026-03-29T12:24:53.736+0500] {processor.py:161} INFO - Started process (PID=3584) to work on /home/abayturar/airflow-project/venv/lib/python3.12/site-packages/airflow/example_dags/example_display_name.py
[2026-03-29T12:24:53.736+0500] {processor.py:830} INFO - Processing file /home/abayturar/airflow-project/venv/lib/python3.12/site-packages/airflow/example_dags/example_display_name.py for tasks to queue
[2026-03-29T12:24:53.738+0500] {logging_mixin.py:188} INFO - [2026-03-29T12:24:53.738+0500] {dagbag.py:545} INFO - Filling up the DagBag from /home/abayturar/airflow-project/venv/lib/python3.12/site-packages/airflow/example_dags/example_display_name.py
[2026-03-29T12:24:53.745+0500] {processor.py:840} INFO - DAG(s) 'example_display_name' retrieved from /home/abayturar/airflow-project/venv/lib/python3.12/site-packages/airflow/example_dags/example_display_name.py
[2026-03-29T12:24:53.760+0500] {logging_mixin.py:188} INFO - [2026-03-29T12:24:53.760+0500] {dag.py:3089} INFO - Sync 1 DAGs
[2026-03-29T12:24:53.769+0500] {logging_mixin.py:188} INFO - [2026-03-29T12:24:53.769+0500] {dag.py:3947} INFO - Setting next_dagrun for example_display_name to None, run_after=None
[2026-03-29T12:24:53.825+0500] {processor.py:183} INFO - Processing /home/abayturar/airflow-project/venv/lib/python3.12/site-packages/airflow/example_dags/example_display_name.py took 0.096 seconds
[2026-03-29T12:25:45.857+0500] {processor.py:161} INFO - Started process (PID=3748) to work on /home/abayturar/airflow-project/venv/lib/python3.12/site-packages/airflow/example_dags/example_display_name.py
[2026-03-29T12:25:45.858+0500] {processor.py:830} INFO - Processing file /home/abayturar/airflow-project/venv/lib/python3.12/site-packages/airflow/example_dags/example_display_name.py for tasks to queue
[2026-03-29T12:25:45.860+0500] {logging_mixin.py:188} INFO - [2026-03-29T12:25:45.860+0500] {dagbag.py:545} INFO - Filling up the DagBag from /home/abayturar/airflow-project/venv/lib/python3.12/site-packages/airflow/example_dags/example_display_name.py
[2026-03-29T12:25:45.868+0500] {processor.py:840} INFO - DAG(s) 'example_display_name' retrieved from /home/abayturar/airflow-project/venv/lib/python3.12/site-packages/airflow/example_dags/example_display_name.py
[2026-03-29T12:25:45.886+0500] {logging_mixin.py:188} INFO - [2026-03-29T12:25:45.886+0500] {dag.py:3089} INFO - Sync 1 DAGs
[2026-03-29T12:25:45.896+0500] {logging_mixin.py:188} INFO - [2026-03-29T12:25:45.896+0500] {dag.py:3947} INFO - Setting next_dagrun for example_display_name to None, run_after=None
[2026-03-29T12:25:45.952+0500] {processor.py:183} INFO - Processing /home/abayturar/airflow-project/venv/lib/python3.12/site-packages/airflow/example_dags/example_display_name.py took 0.101 seconds
[2026-03-29T12:26:58.409+0500] {processor.py:161} INFO - Started process (PID=4131) to work on /home/abayturar/airflow-project/venv/lib/python3.12/site-packages/airflow/example_dags/example_display_name.py
[2026-03-29T12:26:58.410+0500] {processor.py:830} INFO - Processing file /home/abayturar/airflow-project/venv/lib/python3.12/site-packages/airflow/example_dags/example_display_name.py for tasks to queue
[2026-03-29T12:26:58.412+0500] {logging_mixin.py:188} INFO - [2026-03-29T12:26:58.412+0500] {dagbag.py:545} INFO - Filling up the DagBag from /home/abayturar/airflow-project/venv/lib/python3.12/site-packages/airflow/example_dags/example_display_name.py
[2026-03-29T12:26:58.421+0500] {processor.py:840} INFO - DAG(s) 'example_display_name' retrieved from /home/abayturar/airflow-project/venv/lib/python3.12/site-packages/airflow/example_dags/example_display_name.py
[2026-03-29T12:26:58.457+0500] {logging_mixin.py:188} INFO - [2026-03-29T12:26:58.456+0500] {dag.py:3089} INFO - Sync 1 DAGs
[2026-03-29T12:26:58.475+0500] {logging_mixin.py:188} INFO - [2026-03-29T12:26:58.474+0500] {dag.py:3947} INFO - Setting next_dagrun for example_display_name to None, run_after=None
[2026-03-29T12:26:58.536+0500] {processor.py:183} INFO - Processing /home/abayturar/airflow-project/venv/lib/python3.12/site-packages/airflow/example_dags/example_display_name.py took 0.142 seconds
