[2026-03-29T12:02:02.093+0500] {processor.py:161} INFO - Started process (PID=32445) to work on /home/abayturar/airflow-project/venv/lib/python3.12/site-packages/airflow/example_dags/example_dynamic_task_mapping.py
[2026-03-29T12:02:02.094+0500] {processor.py:830} INFO - Processing file /home/abayturar/airflow-project/venv/lib/python3.12/site-packages/airflow/example_dags/example_dynamic_task_mapping.py for tasks to queue
[2026-03-29T12:02:02.095+0500] {logging_mixin.py:188} INFO - [2026-03-29T12:02:02.095+0500] {dagbag.py:545} INFO - Filling up the DagBag from /home/abayturar/airflow-project/venv/lib/python3.12/site-packages/airflow/example_dags/example_dynamic_task_mapping.py
[2026-03-29T12:02:02.141+0500] {processor.py:840} INFO - DAG(s) 'example_dynamic_task_mapping' retrieved from /home/abayturar/airflow-project/venv/lib/python3.12/site-packages/airflow/example_dags/example_dynamic_task_mapping.py
[2026-03-29T12:02:02.155+0500] {logging_mixin.py:188} INFO - [2026-03-29T12:02:02.155+0500] {dag.py:3089} INFO - Sync 1 DAGs
[2026-03-29T12:02:02.169+0500] {logging_mixin.py:188} INFO - [2026-03-29T12:02:02.169+0500] {dag.py:3947} INFO - Setting next_dagrun for example_dynamic_task_mapping to 2022-03-04 00:00:00+00:00, run_after=2022-03-05 00:00:00+00:00
[2026-03-29T12:02:02.183+0500] {processor.py:183} INFO - Processing /home/abayturar/airflow-project/venv/lib/python3.12/site-packages/airflow/example_dags/example_dynamic_task_mapping.py took 0.096 seconds
[2026-03-29T12:02:55.235+0500] {processor.py:161} INFO - Started process (PID=32665) to work on /home/abayturar/airflow-project/venv/lib/python3.12/site-packages/airflow/example_dags/example_dynamic_task_mapping.py
[2026-03-29T12:02:55.237+0500] {processor.py:830} INFO - Processing file /home/abayturar/airflow-project/venv/lib/python3.12/site-packages/airflow/example_dags/example_dynamic_task_mapping.py for tasks to queue
[2026-03-29T12:02:55.239+0500] {logging_mixin.py:188} INFO - [2026-03-29T12:02:55.239+0500] {dagbag.py:545} INFO - Filling up the DagBag from /home/abayturar/airflow-project/venv/lib/python3.12/site-packages/airflow/example_dags/example_dynamic_task_mapping.py
[2026-03-29T12:02:55.252+0500] {processor.py:840} INFO - DAG(s) 'example_dynamic_task_mapping' retrieved from /home/abayturar/airflow-project/venv/lib/python3.12/site-packages/airflow/example_dags/example_dynamic_task_mapping.py
[2026-03-29T12:02:55.271+0500] {logging_mixin.py:188} INFO - [2026-03-29T12:02:55.271+0500] {dag.py:3089} INFO - Sync 1 DAGs
[2026-03-29T12:02:55.287+0500] {logging_mixin.py:188} INFO - [2026-03-29T12:02:55.287+0500] {dag.py:3947} INFO - Setting next_dagrun for example_dynamic_task_mapping to 2022-03-04 00:00:00+00:00, run_after=2022-03-05 00:00:00+00:00
[2026-03-29T12:02:55.305+0500] {processor.py:183} INFO - Processing /home/abayturar/airflow-project/venv/lib/python3.12/site-packages/airflow/example_dags/example_dynamic_task_mapping.py took 0.079 seconds
[2026-03-29T12:06:24.925+0500] {processor.py:161} INFO - Started process (PID=135) to work on /home/abayturar/airflow-project/venv/lib/python3.12/site-packages/airflow/example_dags/example_dynamic_task_mapping.py
[2026-03-29T12:06:24.926+0500] {processor.py:830} INFO - Processing file /home/abayturar/airflow-project/venv/lib/python3.12/site-packages/airflow/example_dags/example_dynamic_task_mapping.py for tasks to queue
[2026-03-29T12:06:24.928+0500] {logging_mixin.py:188} INFO - [2026-03-29T12:06:24.928+0500] {dagbag.py:545} INFO - Filling up the DagBag from /home/abayturar/airflow-project/venv/lib/python3.12/site-packages/airflow/example_dags/example_dynamic_task_mapping.py
[2026-03-29T12:06:24.938+0500] {processor.py:840} INFO - DAG(s) 'example_dynamic_task_mapping' retrieved from /home/abayturar/airflow-project/venv/lib/python3.12/site-packages/airflow/example_dags/example_dynamic_task_mapping.py
[2026-03-29T12:06:24.955+0500] {logging_mixin.py:188} INFO - [2026-03-29T12:06:24.955+0500] {dag.py:3089} INFO - Sync 1 DAGs
[2026-03-29T12:06:24.971+0500] {logging_mixin.py:188} INFO - [2026-03-29T12:06:24.971+0500] {dag.py:3947} INFO - Setting next_dagrun for example_dynamic_task_mapping to 2022-03-04 00:00:00+00:00, run_after=2022-03-05 00:00:00+00:00
[2026-03-29T12:06:25.025+0500] {processor.py:183} INFO - Processing /home/abayturar/airflow-project/venv/lib/python3.12/site-packages/airflow/example_dags/example_dynamic_task_mapping.py took 0.109 seconds
[2026-03-29T12:07:16.323+0500] {processor.py:161} INFO - Started process (PID=349) to work on /home/abayturar/airflow-project/venv/lib/python3.12/site-packages/airflow/example_dags/example_dynamic_task_mapping.py
[2026-03-29T12:07:16.323+0500] {processor.py:830} INFO - Processing file /home/abayturar/airflow-project/venv/lib/python3.12/site-packages/airflow/example_dags/example_dynamic_task_mapping.py for tasks to queue
[2026-03-29T12:07:16.325+0500] {logging_mixin.py:188} INFO - [2026-03-29T12:07:16.325+0500] {dagbag.py:545} INFO - Filling up the DagBag from /home/abayturar/airflow-project/venv/lib/python3.12/site-packages/airflow/example_dags/example_dynamic_task_mapping.py
[2026-03-29T12:07:16.333+0500] {processor.py:840} INFO - DAG(s) 'example_dynamic_task_mapping' retrieved from /home/abayturar/airflow-project/venv/lib/python3.12/site-packages/airflow/example_dags/example_dynamic_task_mapping.py
[2026-03-29T12:07:16.348+0500] {logging_mixin.py:188} INFO - [2026-03-29T12:07:16.348+0500] {dag.py:3089} INFO - Sync 1 DAGs
[2026-03-29T12:07:16.361+0500] {logging_mixin.py:188} INFO - [2026-03-29T12:07:16.361+0500] {dag.py:3947} INFO - Setting next_dagrun for example_dynamic_task_mapping to 2022-03-04 00:00:00+00:00, run_after=2022-03-05 00:00:00+00:00
[2026-03-29T12:07:16.415+0500] {processor.py:183} INFO - Processing /home/abayturar/airflow-project/venv/lib/python3.12/site-packages/airflow/example_dags/example_dynamic_task_mapping.py took 0.099 seconds
[2026-03-29T12:08:28.146+0500] {processor.py:161} INFO - Started process (PID=641) to work on /home/abayturar/airflow-project/venv/lib/python3.12/site-packages/airflow/example_dags/example_dynamic_task_mapping.py
[2026-03-29T12:08:28.147+0500] {processor.py:830} INFO - Processing file /home/abayturar/airflow-project/venv/lib/python3.12/site-packages/airflow/example_dags/example_dynamic_task_mapping.py for tasks to queue
[2026-03-29T12:08:28.148+0500] {logging_mixin.py:188} INFO - [2026-03-29T12:08:28.148+0500] {dagbag.py:545} INFO - Filling up the DagBag from /home/abayturar/airflow-project/venv/lib/python3.12/site-packages/airflow/example_dags/example_dynamic_task_mapping.py
[2026-03-29T12:08:28.155+0500] {processor.py:840} INFO - DAG(s) 'example_dynamic_task_mapping' retrieved from /home/abayturar/airflow-project/venv/lib/python3.12/site-packages/airflow/example_dags/example_dynamic_task_mapping.py
[2026-03-29T12:08:28.170+0500] {logging_mixin.py:188} INFO - [2026-03-29T12:08:28.170+0500] {dag.py:3089} INFO - Sync 1 DAGs
[2026-03-29T12:08:28.184+0500] {logging_mixin.py:188} INFO - [2026-03-29T12:08:28.184+0500] {dag.py:3947} INFO - Setting next_dagrun for example_dynamic_task_mapping to 2022-03-04 00:00:00+00:00, run_after=2022-03-05 00:00:00+00:00
[2026-03-29T12:08:28.237+0500] {processor.py:183} INFO - Processing /home/abayturar/airflow-project/venv/lib/python3.12/site-packages/airflow/example_dags/example_dynamic_task_mapping.py took 0.097 seconds
[2026-03-29T12:09:19.704+0500] {processor.py:161} INFO - Started process (PID=857) to work on /home/abayturar/airflow-project/venv/lib/python3.12/site-packages/airflow/example_dags/example_dynamic_task_mapping.py
[2026-03-29T12:09:19.705+0500] {processor.py:830} INFO - Processing file /home/abayturar/airflow-project/venv/lib/python3.12/site-packages/airflow/example_dags/example_dynamic_task_mapping.py for tasks to queue
[2026-03-29T12:09:19.706+0500] {logging_mixin.py:188} INFO - [2026-03-29T12:09:19.706+0500] {dagbag.py:545} INFO - Filling up the DagBag from /home/abayturar/airflow-project/venv/lib/python3.12/site-packages/airflow/example_dags/example_dynamic_task_mapping.py
[2026-03-29T12:09:19.714+0500] {processor.py:840} INFO - DAG(s) 'example_dynamic_task_mapping' retrieved from /home/abayturar/airflow-project/venv/lib/python3.12/site-packages/airflow/example_dags/example_dynamic_task_mapping.py
[2026-03-29T12:09:19.729+0500] {logging_mixin.py:188} INFO - [2026-03-29T12:09:19.728+0500] {dag.py:3089} INFO - Sync 1 DAGs
[2026-03-29T12:09:19.742+0500] {logging_mixin.py:188} INFO - [2026-03-29T12:09:19.742+0500] {dag.py:3947} INFO - Setting next_dagrun for example_dynamic_task_mapping to 2022-03-04 00:00:00+00:00, run_after=2022-03-05 00:00:00+00:00
[2026-03-29T12:09:19.756+0500] {processor.py:183} INFO - Processing /home/abayturar/airflow-project/venv/lib/python3.12/site-packages/airflow/example_dags/example_dynamic_task_mapping.py took 0.058 seconds
[2026-03-29T12:10:10.909+0500] {processor.py:161} INFO - Started process (PID=998) to work on /home/abayturar/airflow-project/venv/lib/python3.12/site-packages/airflow/example_dags/example_dynamic_task_mapping.py
[2026-03-29T12:10:10.909+0500] {processor.py:830} INFO - Processing file /home/abayturar/airflow-project/venv/lib/python3.12/site-packages/airflow/example_dags/example_dynamic_task_mapping.py for tasks to queue
[2026-03-29T12:10:10.911+0500] {logging_mixin.py:188} INFO - [2026-03-29T12:10:10.911+0500] {dagbag.py:545} INFO - Filling up the DagBag from /home/abayturar/airflow-project/venv/lib/python3.12/site-packages/airflow/example_dags/example_dynamic_task_mapping.py
[2026-03-29T12:10:10.918+0500] {processor.py:840} INFO - DAG(s) 'example_dynamic_task_mapping' retrieved from /home/abayturar/airflow-project/venv/lib/python3.12/site-packages/airflow/example_dags/example_dynamic_task_mapping.py
[2026-03-29T12:10:10.934+0500] {logging_mixin.py:188} INFO - [2026-03-29T12:10:10.933+0500] {dag.py:3089} INFO - Sync 1 DAGs
[2026-03-29T12:10:10.947+0500] {logging_mixin.py:188} INFO - [2026-03-29T12:10:10.947+0500] {dag.py:3947} INFO - Setting next_dagrun for example_dynamic_task_mapping to 2022-03-04 00:00:00+00:00, run_after=2022-03-05 00:00:00+00:00
[2026-03-29T12:10:10.961+0500] {processor.py:183} INFO - Processing /home/abayturar/airflow-project/venv/lib/python3.12/site-packages/airflow/example_dags/example_dynamic_task_mapping.py took 0.058 seconds
[2026-03-29T12:11:23.386+0500] {processor.py:161} INFO - Started process (PID=1189) to work on /home/abayturar/airflow-project/venv/lib/python3.12/site-packages/airflow/example_dags/example_dynamic_task_mapping.py
[2026-03-29T12:11:23.387+0500] {processor.py:830} INFO - Processing file /home/abayturar/airflow-project/venv/lib/python3.12/site-packages/airflow/example_dags/example_dynamic_task_mapping.py for tasks to queue
[2026-03-29T12:11:23.389+0500] {logging_mixin.py:188} INFO - [2026-03-29T12:11:23.388+0500] {dagbag.py:545} INFO - Filling up the DagBag from /home/abayturar/airflow-project/venv/lib/python3.12/site-packages/airflow/example_dags/example_dynamic_task_mapping.py
[2026-03-29T12:11:23.396+0500] {processor.py:840} INFO - DAG(s) 'example_dynamic_task_mapping' retrieved from /home/abayturar/airflow-project/venv/lib/python3.12/site-packages/airflow/example_dags/example_dynamic_task_mapping.py
[2026-03-29T12:11:23.410+0500] {logging_mixin.py:188} INFO - [2026-03-29T12:11:23.410+0500] {dag.py:3089} INFO - Sync 1 DAGs
[2026-03-29T12:11:23.423+0500] {logging_mixin.py:188} INFO - [2026-03-29T12:11:23.423+0500] {dag.py:3947} INFO - Setting next_dagrun for example_dynamic_task_mapping to 2022-03-04 00:00:00+00:00, run_after=2022-03-05 00:00:00+00:00
[2026-03-29T12:11:23.477+0500] {processor.py:183} INFO - Processing /home/abayturar/airflow-project/venv/lib/python3.12/site-packages/airflow/example_dags/example_dynamic_task_mapping.py took 0.096 seconds
[2026-03-29T12:12:14.361+0500] {processor.py:161} INFO - Started process (PID=1321) to work on /home/abayturar/airflow-project/venv/lib/python3.12/site-packages/airflow/example_dags/example_dynamic_task_mapping.py
[2026-03-29T12:12:14.362+0500] {processor.py:830} INFO - Processing file /home/abayturar/airflow-project/venv/lib/python3.12/site-packages/airflow/example_dags/example_dynamic_task_mapping.py for tasks to queue
[2026-03-29T12:12:14.364+0500] {logging_mixin.py:188} INFO - [2026-03-29T12:12:14.364+0500] {dagbag.py:545} INFO - Filling up the DagBag from /home/abayturar/airflow-project/venv/lib/python3.12/site-packages/airflow/example_dags/example_dynamic_task_mapping.py
[2026-03-29T12:12:14.373+0500] {processor.py:840} INFO - DAG(s) 'example_dynamic_task_mapping' retrieved from /home/abayturar/airflow-project/venv/lib/python3.12/site-packages/airflow/example_dags/example_dynamic_task_mapping.py
[2026-03-29T12:12:14.389+0500] {logging_mixin.py:188} INFO - [2026-03-29T12:12:14.389+0500] {dag.py:3089} INFO - Sync 1 DAGs
[2026-03-29T12:12:14.406+0500] {logging_mixin.py:188} INFO - [2026-03-29T12:12:14.406+0500] {dag.py:3947} INFO - Setting next_dagrun for example_dynamic_task_mapping to 2022-03-04 00:00:00+00:00, run_after=2022-03-05 00:00:00+00:00
[2026-03-29T12:12:14.526+0500] {processor.py:183} INFO - Processing /home/abayturar/airflow-project/venv/lib/python3.12/site-packages/airflow/example_dags/example_dynamic_task_mapping.py took 0.171 seconds
[2026-03-29T12:13:05.618+0500] {processor.py:161} INFO - Started process (PID=1456) to work on /home/abayturar/airflow-project/venv/lib/python3.12/site-packages/airflow/example_dags/example_dynamic_task_mapping.py
[2026-03-29T12:13:05.619+0500] {processor.py:830} INFO - Processing file /home/abayturar/airflow-project/venv/lib/python3.12/site-packages/airflow/example_dags/example_dynamic_task_mapping.py for tasks to queue
[2026-03-29T12:13:05.621+0500] {logging_mixin.py:188} INFO - [2026-03-29T12:13:05.620+0500] {dagbag.py:545} INFO - Filling up the DagBag from /home/abayturar/airflow-project/venv/lib/python3.12/site-packages/airflow/example_dags/example_dynamic_task_mapping.py
[2026-03-29T12:13:05.628+0500] {processor.py:840} INFO - DAG(s) 'example_dynamic_task_mapping' retrieved from /home/abayturar/airflow-project/venv/lib/python3.12/site-packages/airflow/example_dags/example_dynamic_task_mapping.py
[2026-03-29T12:13:05.643+0500] {logging_mixin.py:188} INFO - [2026-03-29T12:13:05.643+0500] {dag.py:3089} INFO - Sync 1 DAGs
[2026-03-29T12:13:05.657+0500] {logging_mixin.py:188} INFO - [2026-03-29T12:13:05.657+0500] {dag.py:3947} INFO - Setting next_dagrun for example_dynamic_task_mapping to 2022-03-04 00:00:00+00:00, run_after=2022-03-05 00:00:00+00:00
[2026-03-29T12:13:05.674+0500] {processor.py:183} INFO - Processing /home/abayturar/airflow-project/venv/lib/python3.12/site-packages/airflow/example_dags/example_dynamic_task_mapping.py took 0.061 seconds
[2026-03-29T12:13:54.295+0500] {processor.py:161} INFO - Started process (PID=1586) to work on /home/abayturar/airflow-project/venv/lib/python3.12/site-packages/airflow/example_dags/example_dynamic_task_mapping.py
[2026-03-29T12:13:54.295+0500] {processor.py:830} INFO - Processing file /home/abayturar/airflow-project/venv/lib/python3.12/site-packages/airflow/example_dags/example_dynamic_task_mapping.py for tasks to queue
[2026-03-29T12:13:54.297+0500] {logging_mixin.py:188} INFO - [2026-03-29T12:13:54.297+0500] {dagbag.py:545} INFO - Filling up the DagBag from /home/abayturar/airflow-project/venv/lib/python3.12/site-packages/airflow/example_dags/example_dynamic_task_mapping.py
[2026-03-29T12:13:54.304+0500] {processor.py:840} INFO - DAG(s) 'example_dynamic_task_mapping' retrieved from /home/abayturar/airflow-project/venv/lib/python3.12/site-packages/airflow/example_dags/example_dynamic_task_mapping.py
[2026-03-29T12:13:54.318+0500] {logging_mixin.py:188} INFO - [2026-03-29T12:13:54.318+0500] {dag.py:3089} INFO - Sync 1 DAGs
[2026-03-29T12:13:54.331+0500] {logging_mixin.py:188} INFO - [2026-03-29T12:13:54.331+0500] {dag.py:3947} INFO - Setting next_dagrun for example_dynamic_task_mapping to 2022-03-04 00:00:00+00:00, run_after=2022-03-05 00:00:00+00:00
[2026-03-29T12:13:54.384+0500] {processor.py:183} INFO - Processing /home/abayturar/airflow-project/venv/lib/python3.12/site-packages/airflow/example_dags/example_dynamic_task_mapping.py took 0.095 seconds
[2026-03-29T12:14:47.849+0500] {processor.py:161} INFO - Started process (PID=1725) to work on /home/abayturar/airflow-project/venv/lib/python3.12/site-packages/airflow/example_dags/example_dynamic_task_mapping.py
[2026-03-29T12:14:47.850+0500] {processor.py:830} INFO - Processing file /home/abayturar/airflow-project/venv/lib/python3.12/site-packages/airflow/example_dags/example_dynamic_task_mapping.py for tasks to queue
[2026-03-29T12:14:47.852+0500] {logging_mixin.py:188} INFO - [2026-03-29T12:14:47.852+0500] {dagbag.py:545} INFO - Filling up the DagBag from /home/abayturar/airflow-project/venv/lib/python3.12/site-packages/airflow/example_dags/example_dynamic_task_mapping.py
[2026-03-29T12:14:47.859+0500] {processor.py:840} INFO - DAG(s) 'example_dynamic_task_mapping' retrieved from /home/abayturar/airflow-project/venv/lib/python3.12/site-packages/airflow/example_dags/example_dynamic_task_mapping.py
[2026-03-29T12:14:47.873+0500] {logging_mixin.py:188} INFO - [2026-03-29T12:14:47.873+0500] {dag.py:3089} INFO - Sync 1 DAGs
[2026-03-29T12:14:47.887+0500] {logging_mixin.py:188} INFO - [2026-03-29T12:14:47.887+0500] {dag.py:3947} INFO - Setting next_dagrun for example_dynamic_task_mapping to 2022-03-04 00:00:00+00:00, run_after=2022-03-05 00:00:00+00:00
[2026-03-29T12:14:47.940+0500] {processor.py:183} INFO - Processing /home/abayturar/airflow-project/venv/lib/python3.12/site-packages/airflow/example_dags/example_dynamic_task_mapping.py took 0.097 seconds
[2026-03-29T12:15:42.518+0500] {processor.py:161} INFO - Started process (PID=1867) to work on /home/abayturar/airflow-project/venv/lib/python3.12/site-packages/airflow/example_dags/example_dynamic_task_mapping.py
[2026-03-29T12:15:42.519+0500] {processor.py:830} INFO - Processing file /home/abayturar/airflow-project/venv/lib/python3.12/site-packages/airflow/example_dags/example_dynamic_task_mapping.py for tasks to queue
[2026-03-29T12:15:42.521+0500] {logging_mixin.py:188} INFO - [2026-03-29T12:15:42.521+0500] {dagbag.py:545} INFO - Filling up the DagBag from /home/abayturar/airflow-project/venv/lib/python3.12/site-packages/airflow/example_dags/example_dynamic_task_mapping.py
[2026-03-29T12:15:42.529+0500] {processor.py:840} INFO - DAG(s) 'example_dynamic_task_mapping' retrieved from /home/abayturar/airflow-project/venv/lib/python3.12/site-packages/airflow/example_dags/example_dynamic_task_mapping.py
[2026-03-29T12:15:42.544+0500] {logging_mixin.py:188} INFO - [2026-03-29T12:15:42.544+0500] {dag.py:3089} INFO - Sync 1 DAGs
[2026-03-29T12:15:42.646+0500] {logging_mixin.py:188} INFO - [2026-03-29T12:15:42.646+0500] {dag.py:3947} INFO - Setting next_dagrun for example_dynamic_task_mapping to 2022-03-04 00:00:00+00:00, run_after=2022-03-05 00:00:00+00:00
[2026-03-29T12:15:42.700+0500] {processor.py:183} INFO - Processing /home/abayturar/airflow-project/venv/lib/python3.12/site-packages/airflow/example_dags/example_dynamic_task_mapping.py took 0.187 seconds
[2026-03-29T12:16:35.352+0500] {processor.py:161} INFO - Started process (PID=2007) to work on /home/abayturar/airflow-project/venv/lib/python3.12/site-packages/airflow/example_dags/example_dynamic_task_mapping.py
[2026-03-29T12:16:35.353+0500] {processor.py:830} INFO - Processing file /home/abayturar/airflow-project/venv/lib/python3.12/site-packages/airflow/example_dags/example_dynamic_task_mapping.py for tasks to queue
[2026-03-29T12:16:35.355+0500] {logging_mixin.py:188} INFO - [2026-03-29T12:16:35.354+0500] {dagbag.py:545} INFO - Filling up the DagBag from /home/abayturar/airflow-project/venv/lib/python3.12/site-packages/airflow/example_dags/example_dynamic_task_mapping.py
[2026-03-29T12:16:35.361+0500] {processor.py:840} INFO - DAG(s) 'example_dynamic_task_mapping' retrieved from /home/abayturar/airflow-project/venv/lib/python3.12/site-packages/airflow/example_dags/example_dynamic_task_mapping.py
[2026-03-29T12:16:35.376+0500] {logging_mixin.py:188} INFO - [2026-03-29T12:16:35.376+0500] {dag.py:3089} INFO - Sync 1 DAGs
[2026-03-29T12:16:35.389+0500] {logging_mixin.py:188} INFO - [2026-03-29T12:16:35.389+0500] {dag.py:3947} INFO - Setting next_dagrun for example_dynamic_task_mapping to 2022-03-04 00:00:00+00:00, run_after=2022-03-05 00:00:00+00:00
[2026-03-29T12:16:35.526+0500] {processor.py:183} INFO - Processing /home/abayturar/airflow-project/venv/lib/python3.12/site-packages/airflow/example_dags/example_dynamic_task_mapping.py took 0.179 seconds
[2026-03-29T12:17:28.922+0500] {processor.py:161} INFO - Started process (PID=2145) to work on /home/abayturar/airflow-project/venv/lib/python3.12/site-packages/airflow/example_dags/example_dynamic_task_mapping.py
[2026-03-29T12:17:28.923+0500] {processor.py:830} INFO - Processing file /home/abayturar/airflow-project/venv/lib/python3.12/site-packages/airflow/example_dags/example_dynamic_task_mapping.py for tasks to queue
[2026-03-29T12:17:28.925+0500] {logging_mixin.py:188} INFO - [2026-03-29T12:17:28.925+0500] {dagbag.py:545} INFO - Filling up the DagBag from /home/abayturar/airflow-project/venv/lib/python3.12/site-packages/airflow/example_dags/example_dynamic_task_mapping.py
[2026-03-29T12:17:28.935+0500] {processor.py:840} INFO - DAG(s) 'example_dynamic_task_mapping' retrieved from /home/abayturar/airflow-project/venv/lib/python3.12/site-packages/airflow/example_dags/example_dynamic_task_mapping.py
[2026-03-29T12:17:28.954+0500] {logging_mixin.py:188} INFO - [2026-03-29T12:17:28.954+0500] {dag.py:3089} INFO - Sync 1 DAGs
[2026-03-29T12:17:28.974+0500] {logging_mixin.py:188} INFO - [2026-03-29T12:17:28.974+0500] {dag.py:3947} INFO - Setting next_dagrun for example_dynamic_task_mapping to 2022-03-04 00:00:00+00:00, run_after=2022-03-05 00:00:00+00:00
[2026-03-29T12:17:28.993+0500] {processor.py:183} INFO - Processing /home/abayturar/airflow-project/venv/lib/python3.12/site-packages/airflow/example_dags/example_dynamic_task_mapping.py took 0.078 seconds
[2026-03-29T12:18:21.773+0500] {processor.py:161} INFO - Started process (PID=2281) to work on /home/abayturar/airflow-project/venv/lib/python3.12/site-packages/airflow/example_dags/example_dynamic_task_mapping.py
[2026-03-29T12:18:21.774+0500] {processor.py:830} INFO - Processing file /home/abayturar/airflow-project/venv/lib/python3.12/site-packages/airflow/example_dags/example_dynamic_task_mapping.py for tasks to queue
[2026-03-29T12:18:21.777+0500] {logging_mixin.py:188} INFO - [2026-03-29T12:18:21.776+0500] {dagbag.py:545} INFO - Filling up the DagBag from /home/abayturar/airflow-project/venv/lib/python3.12/site-packages/airflow/example_dags/example_dynamic_task_mapping.py
[2026-03-29T12:18:21.786+0500] {processor.py:840} INFO - DAG(s) 'example_dynamic_task_mapping' retrieved from /home/abayturar/airflow-project/venv/lib/python3.12/site-packages/airflow/example_dags/example_dynamic_task_mapping.py
[2026-03-29T12:18:21.801+0500] {logging_mixin.py:188} INFO - [2026-03-29T12:18:21.800+0500] {dag.py:3089} INFO - Sync 1 DAGs
[2026-03-29T12:18:21.815+0500] {logging_mixin.py:188} INFO - [2026-03-29T12:18:21.815+0500] {dag.py:3947} INFO - Setting next_dagrun for example_dynamic_task_mapping to 2022-03-04 00:00:00+00:00, run_after=2022-03-05 00:00:00+00:00
[2026-03-29T12:18:21.868+0500] {processor.py:183} INFO - Processing /home/abayturar/airflow-project/venv/lib/python3.12/site-packages/airflow/example_dags/example_dynamic_task_mapping.py took 0.102 seconds
[2026-03-29T12:19:11.590+0500] {processor.py:161} INFO - Started process (PID=2412) to work on /home/abayturar/airflow-project/venv/lib/python3.12/site-packages/airflow/example_dags/example_dynamic_task_mapping.py
[2026-03-29T12:19:11.591+0500] {processor.py:830} INFO - Processing file /home/abayturar/airflow-project/venv/lib/python3.12/site-packages/airflow/example_dags/example_dynamic_task_mapping.py for tasks to queue
[2026-03-29T12:19:11.593+0500] {logging_mixin.py:188} INFO - [2026-03-29T12:19:11.592+0500] {dagbag.py:545} INFO - Filling up the DagBag from /home/abayturar/airflow-project/venv/lib/python3.12/site-packages/airflow/example_dags/example_dynamic_task_mapping.py
[2026-03-29T12:19:11.600+0500] {processor.py:840} INFO - DAG(s) 'example_dynamic_task_mapping' retrieved from /home/abayturar/airflow-project/venv/lib/python3.12/site-packages/airflow/example_dags/example_dynamic_task_mapping.py
[2026-03-29T12:19:11.616+0500] {logging_mixin.py:188} INFO - [2026-03-29T12:19:11.615+0500] {dag.py:3089} INFO - Sync 1 DAGs
[2026-03-29T12:19:11.632+0500] {logging_mixin.py:188} INFO - [2026-03-29T12:19:11.632+0500] {dag.py:3947} INFO - Setting next_dagrun for example_dynamic_task_mapping to 2022-03-04 00:00:00+00:00, run_after=2022-03-05 00:00:00+00:00
[2026-03-29T12:19:11.650+0500] {processor.py:183} INFO - Processing /home/abayturar/airflow-project/venv/lib/python3.12/site-packages/airflow/example_dags/example_dynamic_task_mapping.py took 0.066 seconds
[2026-03-29T12:20:02.118+0500] {processor.py:161} INFO - Started process (PID=2545) to work on /home/abayturar/airflow-project/venv/lib/python3.12/site-packages/airflow/example_dags/example_dynamic_task_mapping.py
[2026-03-29T12:20:02.119+0500] {processor.py:830} INFO - Processing file /home/abayturar/airflow-project/venv/lib/python3.12/site-packages/airflow/example_dags/example_dynamic_task_mapping.py for tasks to queue
[2026-03-29T12:20:02.120+0500] {logging_mixin.py:188} INFO - [2026-03-29T12:20:02.120+0500] {dagbag.py:545} INFO - Filling up the DagBag from /home/abayturar/airflow-project/venv/lib/python3.12/site-packages/airflow/example_dags/example_dynamic_task_mapping.py
[2026-03-29T12:20:02.128+0500] {processor.py:840} INFO - DAG(s) 'example_dynamic_task_mapping' retrieved from /home/abayturar/airflow-project/venv/lib/python3.12/site-packages/airflow/example_dags/example_dynamic_task_mapping.py
[2026-03-29T12:20:02.142+0500] {logging_mixin.py:188} INFO - [2026-03-29T12:20:02.142+0500] {dag.py:3089} INFO - Sync 1 DAGs
[2026-03-29T12:20:02.156+0500] {logging_mixin.py:188} INFO - [2026-03-29T12:20:02.156+0500] {dag.py:3947} INFO - Setting next_dagrun for example_dynamic_task_mapping to 2022-03-04 00:00:00+00:00, run_after=2022-03-05 00:00:00+00:00
[2026-03-29T12:20:02.210+0500] {processor.py:183} INFO - Processing /home/abayturar/airflow-project/venv/lib/python3.12/site-packages/airflow/example_dags/example_dynamic_task_mapping.py took 0.098 seconds
[2026-03-29T12:20:56.250+0500] {processor.py:161} INFO - Started process (PID=2684) to work on /home/abayturar/airflow-project/venv/lib/python3.12/site-packages/airflow/example_dags/example_dynamic_task_mapping.py
[2026-03-29T12:20:56.251+0500] {processor.py:830} INFO - Processing file /home/abayturar/airflow-project/venv/lib/python3.12/site-packages/airflow/example_dags/example_dynamic_task_mapping.py for tasks to queue
[2026-03-29T12:20:56.253+0500] {logging_mixin.py:188} INFO - [2026-03-29T12:20:56.253+0500] {dagbag.py:545} INFO - Filling up the DagBag from /home/abayturar/airflow-project/venv/lib/python3.12/site-packages/airflow/example_dags/example_dynamic_task_mapping.py
[2026-03-29T12:20:56.260+0500] {processor.py:840} INFO - DAG(s) 'example_dynamic_task_mapping' retrieved from /home/abayturar/airflow-project/venv/lib/python3.12/site-packages/airflow/example_dags/example_dynamic_task_mapping.py
[2026-03-29T12:20:56.275+0500] {logging_mixin.py:188} INFO - [2026-03-29T12:20:56.275+0500] {dag.py:3089} INFO - Sync 1 DAGs
[2026-03-29T12:20:56.289+0500] {logging_mixin.py:188} INFO - [2026-03-29T12:20:56.288+0500] {dag.py:3947} INFO - Setting next_dagrun for example_dynamic_task_mapping to 2022-03-04 00:00:00+00:00, run_after=2022-03-05 00:00:00+00:00
[2026-03-29T12:20:56.345+0500] {processor.py:183} INFO - Processing /home/abayturar/airflow-project/venv/lib/python3.12/site-packages/airflow/example_dags/example_dynamic_task_mapping.py took 0.101 seconds
[2026-03-29T12:21:49.669+0500] {processor.py:161} INFO - Started process (PID=2836) to work on /home/abayturar/airflow-project/venv/lib/python3.12/site-packages/airflow/example_dags/example_dynamic_task_mapping.py
[2026-03-29T12:21:49.670+0500] {processor.py:830} INFO - Processing file /home/abayturar/airflow-project/venv/lib/python3.12/site-packages/airflow/example_dags/example_dynamic_task_mapping.py for tasks to queue
[2026-03-29T12:21:49.672+0500] {logging_mixin.py:188} INFO - [2026-03-29T12:21:49.672+0500] {dagbag.py:545} INFO - Filling up the DagBag from /home/abayturar/airflow-project/venv/lib/python3.12/site-packages/airflow/example_dags/example_dynamic_task_mapping.py
[2026-03-29T12:21:49.679+0500] {processor.py:840} INFO - DAG(s) 'example_dynamic_task_mapping' retrieved from /home/abayturar/airflow-project/venv/lib/python3.12/site-packages/airflow/example_dags/example_dynamic_task_mapping.py
[2026-03-29T12:21:49.697+0500] {logging_mixin.py:188} INFO - [2026-03-29T12:21:49.697+0500] {dag.py:3089} INFO - Sync 1 DAGs
[2026-03-29T12:21:49.712+0500] {logging_mixin.py:188} INFO - [2026-03-29T12:21:49.712+0500] {dag.py:3947} INFO - Setting next_dagrun for example_dynamic_task_mapping to 2022-03-04 00:00:00+00:00, run_after=2022-03-05 00:00:00+00:00
[2026-03-29T12:21:49.766+0500] {processor.py:183} INFO - Processing /home/abayturar/airflow-project/venv/lib/python3.12/site-packages/airflow/example_dags/example_dynamic_task_mapping.py took 0.104 seconds
[2026-03-29T12:23:05.127+0500] {processor.py:161} INFO - Started process (PID=3215) to work on /home/abayturar/airflow-project/venv/lib/python3.12/site-packages/airflow/example_dags/example_dynamic_task_mapping.py
[2026-03-29T12:23:05.128+0500] {processor.py:830} INFO - Processing file /home/abayturar/airflow-project/venv/lib/python3.12/site-packages/airflow/example_dags/example_dynamic_task_mapping.py for tasks to queue
[2026-03-29T12:23:05.130+0500] {logging_mixin.py:188} INFO - [2026-03-29T12:23:05.130+0500] {dagbag.py:545} INFO - Filling up the DagBag from /home/abayturar/airflow-project/venv/lib/python3.12/site-packages/airflow/example_dags/example_dynamic_task_mapping.py
[2026-03-29T12:23:05.138+0500] {processor.py:840} INFO - DAG(s) 'example_dynamic_task_mapping' retrieved from /home/abayturar/airflow-project/venv/lib/python3.12/site-packages/airflow/example_dags/example_dynamic_task_mapping.py
[2026-03-29T12:23:05.154+0500] {logging_mixin.py:188} INFO - [2026-03-29T12:23:05.154+0500] {dag.py:3089} INFO - Sync 1 DAGs
[2026-03-29T12:23:05.169+0500] {logging_mixin.py:188} INFO - [2026-03-29T12:23:05.169+0500] {dag.py:3947} INFO - Setting next_dagrun for example_dynamic_task_mapping to 2022-03-04 00:00:00+00:00, run_after=2022-03-05 00:00:00+00:00
[2026-03-29T12:23:05.224+0500] {processor.py:183} INFO - Processing /home/abayturar/airflow-project/venv/lib/python3.12/site-packages/airflow/example_dags/example_dynamic_task_mapping.py took 0.104 seconds
[2026-03-29T12:23:58.186+0500] {processor.py:161} INFO - Started process (PID=3425) to work on /home/abayturar/airflow-project/venv/lib/python3.12/site-packages/airflow/example_dags/example_dynamic_task_mapping.py
[2026-03-29T12:23:58.187+0500] {processor.py:830} INFO - Processing file /home/abayturar/airflow-project/venv/lib/python3.12/site-packages/airflow/example_dags/example_dynamic_task_mapping.py for tasks to queue
[2026-03-29T12:23:58.190+0500] {logging_mixin.py:188} INFO - [2026-03-29T12:23:58.189+0500] {dagbag.py:545} INFO - Filling up the DagBag from /home/abayturar/airflow-project/venv/lib/python3.12/site-packages/airflow/example_dags/example_dynamic_task_mapping.py
[2026-03-29T12:23:58.198+0500] {processor.py:840} INFO - DAG(s) 'example_dynamic_task_mapping' retrieved from /home/abayturar/airflow-project/venv/lib/python3.12/site-packages/airflow/example_dags/example_dynamic_task_mapping.py
[2026-03-29T12:23:58.216+0500] {logging_mixin.py:188} INFO - [2026-03-29T12:23:58.216+0500] {dag.py:3089} INFO - Sync 1 DAGs
[2026-03-29T12:23:58.232+0500] {logging_mixin.py:188} INFO - [2026-03-29T12:23:58.232+0500] {dag.py:3947} INFO - Setting next_dagrun for example_dynamic_task_mapping to 2022-03-04 00:00:00+00:00, run_after=2022-03-05 00:00:00+00:00
[2026-03-29T12:23:58.287+0500] {processor.py:183} INFO - Processing /home/abayturar/airflow-project/venv/lib/python3.12/site-packages/airflow/example_dags/example_dynamic_task_mapping.py took 0.108 seconds
[2026-03-29T12:24:51.256+0500] {processor.py:161} INFO - Started process (PID=3576) to work on /home/abayturar/airflow-project/venv/lib/python3.12/site-packages/airflow/example_dags/example_dynamic_task_mapping.py
[2026-03-29T12:24:51.257+0500] {processor.py:830} INFO - Processing file /home/abayturar/airflow-project/venv/lib/python3.12/site-packages/airflow/example_dags/example_dynamic_task_mapping.py for tasks to queue
[2026-03-29T12:24:51.259+0500] {logging_mixin.py:188} INFO - [2026-03-29T12:24:51.258+0500] {dagbag.py:545} INFO - Filling up the DagBag from /home/abayturar/airflow-project/venv/lib/python3.12/site-packages/airflow/example_dags/example_dynamic_task_mapping.py
[2026-03-29T12:24:51.266+0500] {processor.py:840} INFO - DAG(s) 'example_dynamic_task_mapping' retrieved from /home/abayturar/airflow-project/venv/lib/python3.12/site-packages/airflow/example_dags/example_dynamic_task_mapping.py
[2026-03-29T12:24:51.282+0500] {logging_mixin.py:188} INFO - [2026-03-29T12:24:51.282+0500] {dag.py:3089} INFO - Sync 1 DAGs
[2026-03-29T12:24:51.298+0500] {logging_mixin.py:188} INFO - [2026-03-29T12:24:51.297+0500] {dag.py:3947} INFO - Setting next_dagrun for example_dynamic_task_mapping to 2022-03-04 00:00:00+00:00, run_after=2022-03-05 00:00:00+00:00
[2026-03-29T12:24:51.351+0500] {processor.py:183} INFO - Processing /home/abayturar/airflow-project/venv/lib/python3.12/site-packages/airflow/example_dags/example_dynamic_task_mapping.py took 0.101 seconds
[2026-03-29T12:25:43.344+0500] {processor.py:161} INFO - Started process (PID=3730) to work on /home/abayturar/airflow-project/venv/lib/python3.12/site-packages/airflow/example_dags/example_dynamic_task_mapping.py
[2026-03-29T12:25:43.346+0500] {processor.py:830} INFO - Processing file /home/abayturar/airflow-project/venv/lib/python3.12/site-packages/airflow/example_dags/example_dynamic_task_mapping.py for tasks to queue
[2026-03-29T12:25:43.347+0500] {logging_mixin.py:188} INFO - [2026-03-29T12:25:43.347+0500] {dagbag.py:545} INFO - Filling up the DagBag from /home/abayturar/airflow-project/venv/lib/python3.12/site-packages/airflow/example_dags/example_dynamic_task_mapping.py
[2026-03-29T12:25:43.355+0500] {processor.py:840} INFO - DAG(s) 'example_dynamic_task_mapping' retrieved from /home/abayturar/airflow-project/venv/lib/python3.12/site-packages/airflow/example_dags/example_dynamic_task_mapping.py
[2026-03-29T12:25:43.371+0500] {logging_mixin.py:188} INFO - [2026-03-29T12:25:43.371+0500] {dag.py:3089} INFO - Sync 1 DAGs
[2026-03-29T12:25:43.385+0500] {logging_mixin.py:188} INFO - [2026-03-29T12:25:43.385+0500] {dag.py:3947} INFO - Setting next_dagrun for example_dynamic_task_mapping to 2022-03-04 00:00:00+00:00, run_after=2022-03-05 00:00:00+00:00
[2026-03-29T12:25:43.438+0500] {processor.py:183} INFO - Processing /home/abayturar/airflow-project/venv/lib/python3.12/site-packages/airflow/example_dags/example_dynamic_task_mapping.py took 0.101 seconds
[2026-03-29T12:26:34.017+0500] {processor.py:161} INFO - Started process (PID=4045) to work on /home/abayturar/airflow-project/venv/lib/python3.12/site-packages/airflow/example_dags/example_dynamic_task_mapping.py
[2026-03-29T12:26:34.018+0500] {processor.py:830} INFO - Processing file /home/abayturar/airflow-project/venv/lib/python3.12/site-packages/airflow/example_dags/example_dynamic_task_mapping.py for tasks to queue
[2026-03-29T12:26:34.021+0500] {logging_mixin.py:188} INFO - [2026-03-29T12:26:34.020+0500] {dagbag.py:545} INFO - Filling up the DagBag from /home/abayturar/airflow-project/venv/lib/python3.12/site-packages/airflow/example_dags/example_dynamic_task_mapping.py
[2026-03-29T12:26:34.033+0500] {processor.py:840} INFO - DAG(s) 'example_dynamic_task_mapping' retrieved from /home/abayturar/airflow-project/venv/lib/python3.12/site-packages/airflow/example_dags/example_dynamic_task_mapping.py
[2026-03-29T12:26:34.057+0500] {logging_mixin.py:188} INFO - [2026-03-29T12:26:34.056+0500] {dag.py:3089} INFO - Sync 1 DAGs
[2026-03-29T12:26:34.077+0500] {logging_mixin.py:188} INFO - [2026-03-29T12:26:34.077+0500] {dag.py:3947} INFO - Setting next_dagrun for example_dynamic_task_mapping to 2022-03-04 00:00:00+00:00, run_after=2022-03-05 00:00:00+00:00
[2026-03-29T12:26:34.136+0500] {processor.py:183} INFO - Processing /home/abayturar/airflow-project/venv/lib/python3.12/site-packages/airflow/example_dags/example_dynamic_task_mapping.py took 0.129 seconds
