[2026-03-29T12:01:59.153+0500] {processor.py:161} INFO - Started process (PID=32436) to work on /home/abayturar/airflow-project/venv/lib/python3.12/site-packages/airflow/example_dags/example_nested_branch_dag.py
[2026-03-29T12:01:59.154+0500] {processor.py:830} INFO - Processing file /home/abayturar/airflow-project/venv/lib/python3.12/site-packages/airflow/example_dags/example_nested_branch_dag.py for tasks to queue
[2026-03-29T12:01:59.156+0500] {logging_mixin.py:188} INFO - [2026-03-29T12:01:59.155+0500] {dagbag.py:545} INFO - Filling up the DagBag from /home/abayturar/airflow-project/venv/lib/python3.12/site-packages/airflow/example_dags/example_nested_branch_dag.py
[2026-03-29T12:01:59.204+0500] {processor.py:840} INFO - DAG(s) 'example_nested_branch_dag' retrieved from /home/abayturar/airflow-project/venv/lib/python3.12/site-packages/airflow/example_dags/example_nested_branch_dag.py
[2026-03-29T12:01:59.219+0500] {logging_mixin.py:188} INFO - [2026-03-29T12:01:59.219+0500] {dag.py:3089} INFO - Sync 1 DAGs
[2026-03-29T12:01:59.234+0500] {logging_mixin.py:188} INFO - [2026-03-29T12:01:59.234+0500] {dag.py:3947} INFO - Setting next_dagrun for example_nested_branch_dag to 2026-03-28 00:00:00+00:00, run_after=2026-03-29 00:00:00+00:00
[2026-03-29T12:01:59.249+0500] {processor.py:183} INFO - Processing /home/abayturar/airflow-project/venv/lib/python3.12/site-packages/airflow/example_dags/example_nested_branch_dag.py took 0.102 seconds
[2026-03-29T12:02:52.364+0500] {processor.py:161} INFO - Started process (PID=32653) to work on /home/abayturar/airflow-project/venv/lib/python3.12/site-packages/airflow/example_dags/example_nested_branch_dag.py
[2026-03-29T12:02:52.364+0500] {processor.py:830} INFO - Processing file /home/abayturar/airflow-project/venv/lib/python3.12/site-packages/airflow/example_dags/example_nested_branch_dag.py for tasks to queue
[2026-03-29T12:02:52.366+0500] {logging_mixin.py:188} INFO - [2026-03-29T12:02:52.366+0500] {dagbag.py:545} INFO - Filling up the DagBag from /home/abayturar/airflow-project/venv/lib/python3.12/site-packages/airflow/example_dags/example_nested_branch_dag.py
[2026-03-29T12:02:52.375+0500] {processor.py:840} INFO - DAG(s) 'example_nested_branch_dag' retrieved from /home/abayturar/airflow-project/venv/lib/python3.12/site-packages/airflow/example_dags/example_nested_branch_dag.py
[2026-03-29T12:02:52.391+0500] {logging_mixin.py:188} INFO - [2026-03-29T12:02:52.390+0500] {dag.py:3089} INFO - Sync 1 DAGs
[2026-03-29T12:02:52.404+0500] {logging_mixin.py:188} INFO - [2026-03-29T12:02:52.404+0500] {dag.py:3947} INFO - Setting next_dagrun for example_nested_branch_dag to 2026-03-28 00:00:00+00:00, run_after=2026-03-29 00:00:00+00:00
[2026-03-29T12:02:52.459+0500] {processor.py:183} INFO - Processing /home/abayturar/airflow-project/venv/lib/python3.12/site-packages/airflow/example_dags/example_nested_branch_dag.py took 0.101 seconds
[2026-03-29T12:06:21.001+0500] {processor.py:161} INFO - Started process (PID=119) to work on /home/abayturar/airflow-project/venv/lib/python3.12/site-packages/airflow/example_dags/example_nested_branch_dag.py
[2026-03-29T12:06:21.001+0500] {processor.py:830} INFO - Processing file /home/abayturar/airflow-project/venv/lib/python3.12/site-packages/airflow/example_dags/example_nested_branch_dag.py for tasks to queue
[2026-03-29T12:06:21.003+0500] {logging_mixin.py:188} INFO - [2026-03-29T12:06:21.003+0500] {dagbag.py:545} INFO - Filling up the DagBag from /home/abayturar/airflow-project/venv/lib/python3.12/site-packages/airflow/example_dags/example_nested_branch_dag.py
[2026-03-29T12:06:21.013+0500] {processor.py:840} INFO - DAG(s) 'example_nested_branch_dag' retrieved from /home/abayturar/airflow-project/venv/lib/python3.12/site-packages/airflow/example_dags/example_nested_branch_dag.py
[2026-03-29T12:06:21.028+0500] {logging_mixin.py:188} INFO - [2026-03-29T12:06:21.028+0500] {dag.py:3089} INFO - Sync 1 DAGs
[2026-03-29T12:06:21.042+0500] {logging_mixin.py:188} INFO - [2026-03-29T12:06:21.042+0500] {dag.py:3947} INFO - Setting next_dagrun for example_nested_branch_dag to 2026-03-28 00:00:00+00:00, run_after=2026-03-29 00:00:00+00:00
[2026-03-29T12:06:21.057+0500] {processor.py:183} INFO - Processing /home/abayturar/airflow-project/venv/lib/python3.12/site-packages/airflow/example_dags/example_nested_branch_dag.py took 0.062 seconds
[2026-03-29T12:07:12.364+0500] {processor.py:161} INFO - Started process (PID=333) to work on /home/abayturar/airflow-project/venv/lib/python3.12/site-packages/airflow/example_dags/example_nested_branch_dag.py
[2026-03-29T12:07:12.365+0500] {processor.py:830} INFO - Processing file /home/abayturar/airflow-project/venv/lib/python3.12/site-packages/airflow/example_dags/example_nested_branch_dag.py for tasks to queue
[2026-03-29T12:07:12.367+0500] {logging_mixin.py:188} INFO - [2026-03-29T12:07:12.367+0500] {dagbag.py:545} INFO - Filling up the DagBag from /home/abayturar/airflow-project/venv/lib/python3.12/site-packages/airflow/example_dags/example_nested_branch_dag.py
[2026-03-29T12:07:12.377+0500] {processor.py:840} INFO - DAG(s) 'example_nested_branch_dag' retrieved from /home/abayturar/airflow-project/venv/lib/python3.12/site-packages/airflow/example_dags/example_nested_branch_dag.py
[2026-03-29T12:07:12.395+0500] {logging_mixin.py:188} INFO - [2026-03-29T12:07:12.395+0500] {dag.py:3089} INFO - Sync 1 DAGs
[2026-03-29T12:07:12.410+0500] {logging_mixin.py:188} INFO - [2026-03-29T12:07:12.410+0500] {dag.py:3947} INFO - Setting next_dagrun for example_nested_branch_dag to 2026-03-28 00:00:00+00:00, run_after=2026-03-29 00:00:00+00:00
[2026-03-29T12:07:12.466+0500] {processor.py:183} INFO - Processing /home/abayturar/airflow-project/venv/lib/python3.12/site-packages/airflow/example_dags/example_nested_branch_dag.py took 0.107 seconds
[2026-03-29T12:08:01.695+0500] {processor.py:161} INFO - Started process (PID=534) to work on /home/abayturar/airflow-project/venv/lib/python3.12/site-packages/airflow/example_dags/example_nested_branch_dag.py
[2026-03-29T12:08:01.696+0500] {processor.py:830} INFO - Processing file /home/abayturar/airflow-project/venv/lib/python3.12/site-packages/airflow/example_dags/example_nested_branch_dag.py for tasks to queue
[2026-03-29T12:08:01.698+0500] {logging_mixin.py:188} INFO - [2026-03-29T12:08:01.697+0500] {dagbag.py:545} INFO - Filling up the DagBag from /home/abayturar/airflow-project/venv/lib/python3.12/site-packages/airflow/example_dags/example_nested_branch_dag.py
[2026-03-29T12:08:01.707+0500] {processor.py:840} INFO - DAG(s) 'example_nested_branch_dag' retrieved from /home/abayturar/airflow-project/venv/lib/python3.12/site-packages/airflow/example_dags/example_nested_branch_dag.py
[2026-03-29T12:08:01.723+0500] {logging_mixin.py:188} INFO - [2026-03-29T12:08:01.723+0500] {dag.py:3089} INFO - Sync 1 DAGs
[2026-03-29T12:08:01.737+0500] {logging_mixin.py:188} INFO - [2026-03-29T12:08:01.737+0500] {dag.py:3947} INFO - Setting next_dagrun for example_nested_branch_dag to 2026-03-28 00:00:00+00:00, run_after=2026-03-29 00:00:00+00:00
[2026-03-29T12:08:01.794+0500] {processor.py:183} INFO - Processing /home/abayturar/airflow-project/venv/lib/python3.12/site-packages/airflow/example_dags/example_nested_branch_dag.py took 0.104 seconds
[2026-03-29T12:08:53.152+0500] {processor.py:161} INFO - Started process (PID=744) to work on /home/abayturar/airflow-project/venv/lib/python3.12/site-packages/airflow/example_dags/example_nested_branch_dag.py
[2026-03-29T12:08:53.153+0500] {processor.py:830} INFO - Processing file /home/abayturar/airflow-project/venv/lib/python3.12/site-packages/airflow/example_dags/example_nested_branch_dag.py for tasks to queue
[2026-03-29T12:08:53.155+0500] {logging_mixin.py:188} INFO - [2026-03-29T12:08:53.155+0500] {dagbag.py:545} INFO - Filling up the DagBag from /home/abayturar/airflow-project/venv/lib/python3.12/site-packages/airflow/example_dags/example_nested_branch_dag.py
[2026-03-29T12:08:53.168+0500] {processor.py:840} INFO - DAG(s) 'example_nested_branch_dag' retrieved from /home/abayturar/airflow-project/venv/lib/python3.12/site-packages/airflow/example_dags/example_nested_branch_dag.py
[2026-03-29T12:08:53.191+0500] {logging_mixin.py:188} INFO - [2026-03-29T12:08:53.191+0500] {dag.py:3089} INFO - Sync 1 DAGs
[2026-03-29T12:08:53.206+0500] {logging_mixin.py:188} INFO - [2026-03-29T12:08:53.206+0500] {dag.py:3947} INFO - Setting next_dagrun for example_nested_branch_dag to 2026-03-28 00:00:00+00:00, run_after=2026-03-29 00:00:00+00:00
[2026-03-29T12:08:53.261+0500] {processor.py:183} INFO - Processing /home/abayturar/airflow-project/venv/lib/python3.12/site-packages/airflow/example_dags/example_nested_branch_dag.py took 0.116 seconds
[2026-03-29T12:09:43.933+0500] {processor.py:161} INFO - Started process (PID=924) to work on /home/abayturar/airflow-project/venv/lib/python3.12/site-packages/airflow/example_dags/example_nested_branch_dag.py
[2026-03-29T12:09:43.934+0500] {processor.py:830} INFO - Processing file /home/abayturar/airflow-project/venv/lib/python3.12/site-packages/airflow/example_dags/example_nested_branch_dag.py for tasks to queue
[2026-03-29T12:09:43.936+0500] {logging_mixin.py:188} INFO - [2026-03-29T12:09:43.936+0500] {dagbag.py:545} INFO - Filling up the DagBag from /home/abayturar/airflow-project/venv/lib/python3.12/site-packages/airflow/example_dags/example_nested_branch_dag.py
[2026-03-29T12:09:43.945+0500] {processor.py:840} INFO - DAG(s) 'example_nested_branch_dag' retrieved from /home/abayturar/airflow-project/venv/lib/python3.12/site-packages/airflow/example_dags/example_nested_branch_dag.py
[2026-03-29T12:09:43.961+0500] {logging_mixin.py:188} INFO - [2026-03-29T12:09:43.960+0500] {dag.py:3089} INFO - Sync 1 DAGs
[2026-03-29T12:09:43.975+0500] {logging_mixin.py:188} INFO - [2026-03-29T12:09:43.975+0500] {dag.py:3947} INFO - Setting next_dagrun for example_nested_branch_dag to 2026-03-28 00:00:00+00:00, run_after=2026-03-29 00:00:00+00:00
[2026-03-29T12:09:44.030+0500] {processor.py:183} INFO - Processing /home/abayturar/airflow-project/venv/lib/python3.12/site-packages/airflow/example_dags/example_nested_branch_dag.py took 0.102 seconds
[2026-03-29T12:10:34.202+0500] {processor.py:161} INFO - Started process (PID=1059) to work on /home/abayturar/airflow-project/venv/lib/python3.12/site-packages/airflow/example_dags/example_nested_branch_dag.py
[2026-03-29T12:10:34.203+0500] {processor.py:830} INFO - Processing file /home/abayturar/airflow-project/venv/lib/python3.12/site-packages/airflow/example_dags/example_nested_branch_dag.py for tasks to queue
[2026-03-29T12:10:34.206+0500] {logging_mixin.py:188} INFO - [2026-03-29T12:10:34.205+0500] {dagbag.py:545} INFO - Filling up the DagBag from /home/abayturar/airflow-project/venv/lib/python3.12/site-packages/airflow/example_dags/example_nested_branch_dag.py
[2026-03-29T12:10:34.220+0500] {processor.py:840} INFO - DAG(s) 'example_nested_branch_dag' retrieved from /home/abayturar/airflow-project/venv/lib/python3.12/site-packages/airflow/example_dags/example_nested_branch_dag.py
[2026-03-29T12:10:34.237+0500] {logging_mixin.py:188} INFO - [2026-03-29T12:10:34.237+0500] {dag.py:3089} INFO - Sync 1 DAGs
[2026-03-29T12:10:34.252+0500] {logging_mixin.py:188} INFO - [2026-03-29T12:10:34.252+0500] {dag.py:3947} INFO - Setting next_dagrun for example_nested_branch_dag to 2026-03-28 00:00:00+00:00, run_after=2026-03-29 00:00:00+00:00
[2026-03-29T12:10:34.308+0500] {processor.py:183} INFO - Processing /home/abayturar/airflow-project/venv/lib/python3.12/site-packages/airflow/example_dags/example_nested_branch_dag.py took 0.114 seconds
[2026-03-29T12:11:21.008+0500] {processor.py:161} INFO - Started process (PID=1181) to work on /home/abayturar/airflow-project/venv/lib/python3.12/site-packages/airflow/example_dags/example_nested_branch_dag.py
[2026-03-29T12:11:21.009+0500] {processor.py:830} INFO - Processing file /home/abayturar/airflow-project/venv/lib/python3.12/site-packages/airflow/example_dags/example_nested_branch_dag.py for tasks to queue
[2026-03-29T12:11:21.011+0500] {logging_mixin.py:188} INFO - [2026-03-29T12:11:21.010+0500] {dagbag.py:545} INFO - Filling up the DagBag from /home/abayturar/airflow-project/venv/lib/python3.12/site-packages/airflow/example_dags/example_nested_branch_dag.py
[2026-03-29T12:11:21.020+0500] {processor.py:840} INFO - DAG(s) 'example_nested_branch_dag' retrieved from /home/abayturar/airflow-project/venv/lib/python3.12/site-packages/airflow/example_dags/example_nested_branch_dag.py
[2026-03-29T12:11:21.036+0500] {logging_mixin.py:188} INFO - [2026-03-29T12:11:21.035+0500] {dag.py:3089} INFO - Sync 1 DAGs
[2026-03-29T12:11:21.049+0500] {logging_mixin.py:188} INFO - [2026-03-29T12:11:21.049+0500] {dag.py:3947} INFO - Setting next_dagrun for example_nested_branch_dag to 2026-03-28 00:00:00+00:00, run_after=2026-03-29 00:00:00+00:00
[2026-03-29T12:11:21.095+0500] {processor.py:183} INFO - Processing /home/abayturar/airflow-project/venv/lib/python3.12/site-packages/airflow/example_dags/example_nested_branch_dag.py took 0.092 seconds
[2026-03-29T12:12:11.779+0500] {processor.py:161} INFO - Started process (PID=1316) to work on /home/abayturar/airflow-project/venv/lib/python3.12/site-packages/airflow/example_dags/example_nested_branch_dag.py
[2026-03-29T12:12:11.780+0500] {processor.py:830} INFO - Processing file /home/abayturar/airflow-project/venv/lib/python3.12/site-packages/airflow/example_dags/example_nested_branch_dag.py for tasks to queue
[2026-03-29T12:12:11.781+0500] {logging_mixin.py:188} INFO - [2026-03-29T12:12:11.781+0500] {dagbag.py:545} INFO - Filling up the DagBag from /home/abayturar/airflow-project/venv/lib/python3.12/site-packages/airflow/example_dags/example_nested_branch_dag.py
[2026-03-29T12:12:11.793+0500] {processor.py:840} INFO - DAG(s) 'example_nested_branch_dag' retrieved from /home/abayturar/airflow-project/venv/lib/python3.12/site-packages/airflow/example_dags/example_nested_branch_dag.py
[2026-03-29T12:12:11.812+0500] {logging_mixin.py:188} INFO - [2026-03-29T12:12:11.812+0500] {dag.py:3089} INFO - Sync 1 DAGs
[2026-03-29T12:12:11.829+0500] {logging_mixin.py:188} INFO - [2026-03-29T12:12:11.829+0500] {dag.py:3947} INFO - Setting next_dagrun for example_nested_branch_dag to 2026-03-28 00:00:00+00:00, run_after=2026-03-29 00:00:00+00:00
[2026-03-29T12:12:11.989+0500] {processor.py:183} INFO - Processing /home/abayturar/airflow-project/venv/lib/python3.12/site-packages/airflow/example_dags/example_nested_branch_dag.py took 0.218 seconds
[2026-03-29T12:13:03.345+0500] {processor.py:161} INFO - Started process (PID=1451) to work on /home/abayturar/airflow-project/venv/lib/python3.12/site-packages/airflow/example_dags/example_nested_branch_dag.py
[2026-03-29T12:13:03.346+0500] {processor.py:830} INFO - Processing file /home/abayturar/airflow-project/venv/lib/python3.12/site-packages/airflow/example_dags/example_nested_branch_dag.py for tasks to queue
[2026-03-29T12:13:03.348+0500] {logging_mixin.py:188} INFO - [2026-03-29T12:13:03.347+0500] {dagbag.py:545} INFO - Filling up the DagBag from /home/abayturar/airflow-project/venv/lib/python3.12/site-packages/airflow/example_dags/example_nested_branch_dag.py
[2026-03-29T12:13:03.357+0500] {processor.py:840} INFO - DAG(s) 'example_nested_branch_dag' retrieved from /home/abayturar/airflow-project/venv/lib/python3.12/site-packages/airflow/example_dags/example_nested_branch_dag.py
[2026-03-29T12:13:03.372+0500] {logging_mixin.py:188} INFO - [2026-03-29T12:13:03.372+0500] {dag.py:3089} INFO - Sync 1 DAGs
[2026-03-29T12:13:03.385+0500] {logging_mixin.py:188} INFO - [2026-03-29T12:13:03.385+0500] {dag.py:3947} INFO - Setting next_dagrun for example_nested_branch_dag to 2026-03-28 00:00:00+00:00, run_after=2026-03-29 00:00:00+00:00
[2026-03-29T12:13:03.400+0500] {processor.py:183} INFO - Processing /home/abayturar/airflow-project/venv/lib/python3.12/site-packages/airflow/example_dags/example_nested_branch_dag.py took 0.060 seconds
[2026-03-29T12:13:52.229+0500] {processor.py:161} INFO - Started process (PID=1581) to work on /home/abayturar/airflow-project/venv/lib/python3.12/site-packages/airflow/example_dags/example_nested_branch_dag.py
[2026-03-29T12:13:52.230+0500] {processor.py:830} INFO - Processing file /home/abayturar/airflow-project/venv/lib/python3.12/site-packages/airflow/example_dags/example_nested_branch_dag.py for tasks to queue
[2026-03-29T12:13:52.232+0500] {logging_mixin.py:188} INFO - [2026-03-29T12:13:52.231+0500] {dagbag.py:545} INFO - Filling up the DagBag from /home/abayturar/airflow-project/venv/lib/python3.12/site-packages/airflow/example_dags/example_nested_branch_dag.py
[2026-03-29T12:13:52.241+0500] {processor.py:840} INFO - DAG(s) 'example_nested_branch_dag' retrieved from /home/abayturar/airflow-project/venv/lib/python3.12/site-packages/airflow/example_dags/example_nested_branch_dag.py
[2026-03-29T12:13:52.257+0500] {logging_mixin.py:188} INFO - [2026-03-29T12:13:52.257+0500] {dag.py:3089} INFO - Sync 1 DAGs
[2026-03-29T12:13:52.270+0500] {logging_mixin.py:188} INFO - [2026-03-29T12:13:52.270+0500] {dag.py:3947} INFO - Setting next_dagrun for example_nested_branch_dag to 2026-03-28 00:00:00+00:00, run_after=2026-03-29 00:00:00+00:00
[2026-03-29T12:13:52.323+0500] {processor.py:183} INFO - Processing /home/abayturar/airflow-project/venv/lib/python3.12/site-packages/airflow/example_dags/example_nested_branch_dag.py took 0.100 seconds
[2026-03-29T12:14:45.800+0500] {processor.py:161} INFO - Started process (PID=1718) to work on /home/abayturar/airflow-project/venv/lib/python3.12/site-packages/airflow/example_dags/example_nested_branch_dag.py
[2026-03-29T12:14:45.801+0500] {processor.py:830} INFO - Processing file /home/abayturar/airflow-project/venv/lib/python3.12/site-packages/airflow/example_dags/example_nested_branch_dag.py for tasks to queue
[2026-03-29T12:14:45.803+0500] {logging_mixin.py:188} INFO - [2026-03-29T12:14:45.803+0500] {dagbag.py:545} INFO - Filling up the DagBag from /home/abayturar/airflow-project/venv/lib/python3.12/site-packages/airflow/example_dags/example_nested_branch_dag.py
[2026-03-29T12:14:45.815+0500] {processor.py:840} INFO - DAG(s) 'example_nested_branch_dag' retrieved from /home/abayturar/airflow-project/venv/lib/python3.12/site-packages/airflow/example_dags/example_nested_branch_dag.py
[2026-03-29T12:14:45.833+0500] {logging_mixin.py:188} INFO - [2026-03-29T12:14:45.833+0500] {dag.py:3089} INFO - Sync 1 DAGs
[2026-03-29T12:14:45.849+0500] {logging_mixin.py:188} INFO - [2026-03-29T12:14:45.849+0500] {dag.py:3947} INFO - Setting next_dagrun for example_nested_branch_dag to 2026-03-28 00:00:00+00:00, run_after=2026-03-29 00:00:00+00:00
[2026-03-29T12:14:45.866+0500] {processor.py:183} INFO - Processing /home/abayturar/airflow-project/venv/lib/python3.12/site-packages/airflow/example_dags/example_nested_branch_dag.py took 0.073 seconds
[2026-03-29T12:15:39.304+0500] {processor.py:161} INFO - Started process (PID=1858) to work on /home/abayturar/airflow-project/venv/lib/python3.12/site-packages/airflow/example_dags/example_nested_branch_dag.py
[2026-03-29T12:15:39.305+0500] {processor.py:830} INFO - Processing file /home/abayturar/airflow-project/venv/lib/python3.12/site-packages/airflow/example_dags/example_nested_branch_dag.py for tasks to queue
[2026-03-29T12:15:39.306+0500] {logging_mixin.py:188} INFO - [2026-03-29T12:15:39.306+0500] {dagbag.py:545} INFO - Filling up the DagBag from /home/abayturar/airflow-project/venv/lib/python3.12/site-packages/airflow/example_dags/example_nested_branch_dag.py
[2026-03-29T12:15:39.315+0500] {processor.py:840} INFO - DAG(s) 'example_nested_branch_dag' retrieved from /home/abayturar/airflow-project/venv/lib/python3.12/site-packages/airflow/example_dags/example_nested_branch_dag.py
[2026-03-29T12:15:39.331+0500] {logging_mixin.py:188} INFO - [2026-03-29T12:15:39.331+0500] {dag.py:3089} INFO - Sync 1 DAGs
[2026-03-29T12:15:39.431+0500] {logging_mixin.py:188} INFO - [2026-03-29T12:15:39.431+0500] {dag.py:3947} INFO - Setting next_dagrun for example_nested_branch_dag to 2026-03-28 00:00:00+00:00, run_after=2026-03-29 00:00:00+00:00
[2026-03-29T12:15:39.482+0500] {processor.py:183} INFO - Processing /home/abayturar/airflow-project/venv/lib/python3.12/site-packages/airflow/example_dags/example_nested_branch_dag.py took 0.184 seconds
[2026-03-29T12:16:32.726+0500] {processor.py:161} INFO - Started process (PID=1998) to work on /home/abayturar/airflow-project/venv/lib/python3.12/site-packages/airflow/example_dags/example_nested_branch_dag.py
[2026-03-29T12:16:32.727+0500] {processor.py:830} INFO - Processing file /home/abayturar/airflow-project/venv/lib/python3.12/site-packages/airflow/example_dags/example_nested_branch_dag.py for tasks to queue
[2026-03-29T12:16:32.729+0500] {logging_mixin.py:188} INFO - [2026-03-29T12:16:32.728+0500] {dagbag.py:545} INFO - Filling up the DagBag from /home/abayturar/airflow-project/venv/lib/python3.12/site-packages/airflow/example_dags/example_nested_branch_dag.py
[2026-03-29T12:16:32.738+0500] {processor.py:840} INFO - DAG(s) 'example_nested_branch_dag' retrieved from /home/abayturar/airflow-project/venv/lib/python3.12/site-packages/airflow/example_dags/example_nested_branch_dag.py
[2026-03-29T12:16:32.753+0500] {logging_mixin.py:188} INFO - [2026-03-29T12:16:32.753+0500] {dag.py:3089} INFO - Sync 1 DAGs
[2026-03-29T12:16:32.767+0500] {logging_mixin.py:188} INFO - [2026-03-29T12:16:32.766+0500] {dag.py:3947} INFO - Setting next_dagrun for example_nested_branch_dag to 2026-03-28 00:00:00+00:00, run_after=2026-03-29 00:00:00+00:00
[2026-03-29T12:16:32.866+0500] {processor.py:183} INFO - Processing /home/abayturar/airflow-project/venv/lib/python3.12/site-packages/airflow/example_dags/example_nested_branch_dag.py took 0.145 seconds
[2026-03-29T12:17:25.461+0500] {processor.py:161} INFO - Started process (PID=2135) to work on /home/abayturar/airflow-project/venv/lib/python3.12/site-packages/airflow/example_dags/example_nested_branch_dag.py
[2026-03-29T12:17:25.462+0500] {processor.py:830} INFO - Processing file /home/abayturar/airflow-project/venv/lib/python3.12/site-packages/airflow/example_dags/example_nested_branch_dag.py for tasks to queue
[2026-03-29T12:17:25.464+0500] {logging_mixin.py:188} INFO - [2026-03-29T12:17:25.464+0500] {dagbag.py:545} INFO - Filling up the DagBag from /home/abayturar/airflow-project/venv/lib/python3.12/site-packages/airflow/example_dags/example_nested_branch_dag.py
[2026-03-29T12:17:25.476+0500] {processor.py:840} INFO - DAG(s) 'example_nested_branch_dag' retrieved from /home/abayturar/airflow-project/venv/lib/python3.12/site-packages/airflow/example_dags/example_nested_branch_dag.py
[2026-03-29T12:17:25.495+0500] {logging_mixin.py:188} INFO - [2026-03-29T12:17:25.495+0500] {dag.py:3089} INFO - Sync 1 DAGs
[2026-03-29T12:17:25.512+0500] {logging_mixin.py:188} INFO - [2026-03-29T12:17:25.512+0500] {dag.py:3947} INFO - Setting next_dagrun for example_nested_branch_dag to 2026-03-28 00:00:00+00:00, run_after=2026-03-29 00:00:00+00:00
[2026-03-29T12:17:25.534+0500] {processor.py:183} INFO - Processing /home/abayturar/airflow-project/venv/lib/python3.12/site-packages/airflow/example_dags/example_nested_branch_dag.py took 0.080 seconds
[2026-03-29T12:18:18.948+0500] {processor.py:161} INFO - Started process (PID=2275) to work on /home/abayturar/airflow-project/venv/lib/python3.12/site-packages/airflow/example_dags/example_nested_branch_dag.py
[2026-03-29T12:18:18.950+0500] {processor.py:830} INFO - Processing file /home/abayturar/airflow-project/venv/lib/python3.12/site-packages/airflow/example_dags/example_nested_branch_dag.py for tasks to queue
[2026-03-29T12:18:18.952+0500] {logging_mixin.py:188} INFO - [2026-03-29T12:18:18.951+0500] {dagbag.py:545} INFO - Filling up the DagBag from /home/abayturar/airflow-project/venv/lib/python3.12/site-packages/airflow/example_dags/example_nested_branch_dag.py
[2026-03-29T12:18:18.962+0500] {processor.py:840} INFO - DAG(s) 'example_nested_branch_dag' retrieved from /home/abayturar/airflow-project/venv/lib/python3.12/site-packages/airflow/example_dags/example_nested_branch_dag.py
[2026-03-29T12:18:18.982+0500] {logging_mixin.py:188} INFO - [2026-03-29T12:18:18.982+0500] {dag.py:3089} INFO - Sync 1 DAGs
[2026-03-29T12:18:19.004+0500] {logging_mixin.py:188} INFO - [2026-03-29T12:18:19.003+0500] {dag.py:3947} INFO - Setting next_dagrun for example_nested_branch_dag to 2026-03-28 00:00:00+00:00, run_after=2026-03-29 00:00:00+00:00
[2026-03-29T12:18:19.058+0500] {processor.py:183} INFO - Processing /home/abayturar/airflow-project/venv/lib/python3.12/site-packages/airflow/example_dags/example_nested_branch_dag.py took 0.117 seconds
[2026-03-29T12:19:07.872+0500] {processor.py:161} INFO - Started process (PID=2406) to work on /home/abayturar/airflow-project/venv/lib/python3.12/site-packages/airflow/example_dags/example_nested_branch_dag.py
[2026-03-29T12:19:07.873+0500] {processor.py:830} INFO - Processing file /home/abayturar/airflow-project/venv/lib/python3.12/site-packages/airflow/example_dags/example_nested_branch_dag.py for tasks to queue
[2026-03-29T12:19:07.875+0500] {logging_mixin.py:188} INFO - [2026-03-29T12:19:07.874+0500] {dagbag.py:545} INFO - Filling up the DagBag from /home/abayturar/airflow-project/venv/lib/python3.12/site-packages/airflow/example_dags/example_nested_branch_dag.py
[2026-03-29T12:19:07.884+0500] {processor.py:840} INFO - DAG(s) 'example_nested_branch_dag' retrieved from /home/abayturar/airflow-project/venv/lib/python3.12/site-packages/airflow/example_dags/example_nested_branch_dag.py
[2026-03-29T12:19:07.899+0500] {logging_mixin.py:188} INFO - [2026-03-29T12:19:07.899+0500] {dag.py:3089} INFO - Sync 1 DAGs
[2026-03-29T12:19:07.913+0500] {logging_mixin.py:188} INFO - [2026-03-29T12:19:07.913+0500] {dag.py:3947} INFO - Setting next_dagrun for example_nested_branch_dag to 2026-03-28 00:00:00+00:00, run_after=2026-03-29 00:00:00+00:00
[2026-03-29T12:19:07.967+0500] {processor.py:183} INFO - Processing /home/abayturar/airflow-project/venv/lib/python3.12/site-packages/airflow/example_dags/example_nested_branch_dag.py took 0.100 seconds
[2026-03-29T12:19:58.589+0500] {processor.py:161} INFO - Started process (PID=2536) to work on /home/abayturar/airflow-project/venv/lib/python3.12/site-packages/airflow/example_dags/example_nested_branch_dag.py
[2026-03-29T12:19:58.590+0500] {processor.py:830} INFO - Processing file /home/abayturar/airflow-project/venv/lib/python3.12/site-packages/airflow/example_dags/example_nested_branch_dag.py for tasks to queue
[2026-03-29T12:19:58.592+0500] {logging_mixin.py:188} INFO - [2026-03-29T12:19:58.591+0500] {dagbag.py:545} INFO - Filling up the DagBag from /home/abayturar/airflow-project/venv/lib/python3.12/site-packages/airflow/example_dags/example_nested_branch_dag.py
[2026-03-29T12:19:58.602+0500] {processor.py:840} INFO - DAG(s) 'example_nested_branch_dag' retrieved from /home/abayturar/airflow-project/venv/lib/python3.12/site-packages/airflow/example_dags/example_nested_branch_dag.py
[2026-03-29T12:19:58.618+0500] {logging_mixin.py:188} INFO - [2026-03-29T12:19:58.617+0500] {dag.py:3089} INFO - Sync 1 DAGs
[2026-03-29T12:19:58.632+0500] {logging_mixin.py:188} INFO - [2026-03-29T12:19:58.632+0500] {dag.py:3947} INFO - Setting next_dagrun for example_nested_branch_dag to 2026-03-28 00:00:00+00:00, run_after=2026-03-29 00:00:00+00:00
[2026-03-29T12:19:58.687+0500] {processor.py:183} INFO - Processing /home/abayturar/airflow-project/venv/lib/python3.12/site-packages/airflow/example_dags/example_nested_branch_dag.py took 0.104 seconds
[2026-03-29T12:20:53.290+0500] {processor.py:161} INFO - Started process (PID=2678) to work on /home/abayturar/airflow-project/venv/lib/python3.12/site-packages/airflow/example_dags/example_nested_branch_dag.py
[2026-03-29T12:20:53.291+0500] {processor.py:830} INFO - Processing file /home/abayturar/airflow-project/venv/lib/python3.12/site-packages/airflow/example_dags/example_nested_branch_dag.py for tasks to queue
[2026-03-29T12:20:53.293+0500] {logging_mixin.py:188} INFO - [2026-03-29T12:20:53.293+0500] {dagbag.py:545} INFO - Filling up the DagBag from /home/abayturar/airflow-project/venv/lib/python3.12/site-packages/airflow/example_dags/example_nested_branch_dag.py
[2026-03-29T12:20:53.302+0500] {processor.py:840} INFO - DAG(s) 'example_nested_branch_dag' retrieved from /home/abayturar/airflow-project/venv/lib/python3.12/site-packages/airflow/example_dags/example_nested_branch_dag.py
[2026-03-29T12:20:53.318+0500] {logging_mixin.py:188} INFO - [2026-03-29T12:20:53.318+0500] {dag.py:3089} INFO - Sync 1 DAGs
[2026-03-29T12:20:53.332+0500] {logging_mixin.py:188} INFO - [2026-03-29T12:20:53.332+0500] {dag.py:3947} INFO - Setting next_dagrun for example_nested_branch_dag to 2026-03-28 00:00:00+00:00, run_after=2026-03-29 00:00:00+00:00
[2026-03-29T12:20:53.386+0500] {processor.py:183} INFO - Processing /home/abayturar/airflow-project/venv/lib/python3.12/site-packages/airflow/example_dags/example_nested_branch_dag.py took 0.101 seconds
[2026-03-29T12:21:46.091+0500] {processor.py:161} INFO - Started process (PID=2817) to work on /home/abayturar/airflow-project/venv/lib/python3.12/site-packages/airflow/example_dags/example_nested_branch_dag.py
[2026-03-29T12:21:46.092+0500] {processor.py:830} INFO - Processing file /home/abayturar/airflow-project/venv/lib/python3.12/site-packages/airflow/example_dags/example_nested_branch_dag.py for tasks to queue
[2026-03-29T12:21:46.093+0500] {logging_mixin.py:188} INFO - [2026-03-29T12:21:46.093+0500] {dagbag.py:545} INFO - Filling up the DagBag from /home/abayturar/airflow-project/venv/lib/python3.12/site-packages/airflow/example_dags/example_nested_branch_dag.py
[2026-03-29T12:21:46.106+0500] {processor.py:840} INFO - DAG(s) 'example_nested_branch_dag' retrieved from /home/abayturar/airflow-project/venv/lib/python3.12/site-packages/airflow/example_dags/example_nested_branch_dag.py
[2026-03-29T12:21:46.122+0500] {logging_mixin.py:188} INFO - [2026-03-29T12:21:46.122+0500] {dag.py:3089} INFO - Sync 1 DAGs
[2026-03-29T12:21:46.137+0500] {logging_mixin.py:188} INFO - [2026-03-29T12:21:46.137+0500] {dag.py:3947} INFO - Setting next_dagrun for example_nested_branch_dag to 2026-03-28 00:00:00+00:00, run_after=2026-03-29 00:00:00+00:00
[2026-03-29T12:21:46.193+0500] {processor.py:183} INFO - Processing /home/abayturar/airflow-project/venv/lib/python3.12/site-packages/airflow/example_dags/example_nested_branch_dag.py took 0.110 seconds
[2026-03-29T12:22:37.531+0500] {processor.py:161} INFO - Started process (PID=3074) to work on /home/abayturar/airflow-project/venv/lib/python3.12/site-packages/airflow/example_dags/example_nested_branch_dag.py
[2026-03-29T12:22:37.532+0500] {processor.py:830} INFO - Processing file /home/abayturar/airflow-project/venv/lib/python3.12/site-packages/airflow/example_dags/example_nested_branch_dag.py for tasks to queue
[2026-03-29T12:22:37.533+0500] {logging_mixin.py:188} INFO - [2026-03-29T12:22:37.533+0500] {dagbag.py:545} INFO - Filling up the DagBag from /home/abayturar/airflow-project/venv/lib/python3.12/site-packages/airflow/example_dags/example_nested_branch_dag.py
[2026-03-29T12:22:37.543+0500] {processor.py:840} INFO - DAG(s) 'example_nested_branch_dag' retrieved from /home/abayturar/airflow-project/venv/lib/python3.12/site-packages/airflow/example_dags/example_nested_branch_dag.py
[2026-03-29T12:22:37.559+0500] {logging_mixin.py:188} INFO - [2026-03-29T12:22:37.559+0500] {dag.py:3089} INFO - Sync 1 DAGs
[2026-03-29T12:22:37.573+0500] {logging_mixin.py:188} INFO - [2026-03-29T12:22:37.573+0500] {dag.py:3947} INFO - Setting next_dagrun for example_nested_branch_dag to 2026-03-28 00:00:00+00:00, run_after=2026-03-29 00:00:00+00:00
[2026-03-29T12:22:37.627+0500] {processor.py:183} INFO - Processing /home/abayturar/airflow-project/venv/lib/python3.12/site-packages/airflow/example_dags/example_nested_branch_dag.py took 0.102 seconds
[2026-03-29T12:23:29.422+0500] {processor.py:161} INFO - Started process (PID=3276) to work on /home/abayturar/airflow-project/venv/lib/python3.12/site-packages/airflow/example_dags/example_nested_branch_dag.py
[2026-03-29T12:23:29.423+0500] {processor.py:830} INFO - Processing file /home/abayturar/airflow-project/venv/lib/python3.12/site-packages/airflow/example_dags/example_nested_branch_dag.py for tasks to queue
[2026-03-29T12:23:29.424+0500] {logging_mixin.py:188} INFO - [2026-03-29T12:23:29.424+0500] {dagbag.py:545} INFO - Filling up the DagBag from /home/abayturar/airflow-project/venv/lib/python3.12/site-packages/airflow/example_dags/example_nested_branch_dag.py
[2026-03-29T12:23:29.434+0500] {processor.py:840} INFO - DAG(s) 'example_nested_branch_dag' retrieved from /home/abayturar/airflow-project/venv/lib/python3.12/site-packages/airflow/example_dags/example_nested_branch_dag.py
[2026-03-29T12:23:29.449+0500] {logging_mixin.py:188} INFO - [2026-03-29T12:23:29.449+0500] {dag.py:3089} INFO - Sync 1 DAGs
[2026-03-29T12:23:29.463+0500] {logging_mixin.py:188} INFO - [2026-03-29T12:23:29.463+0500] {dag.py:3947} INFO - Setting next_dagrun for example_nested_branch_dag to 2026-03-28 00:00:00+00:00, run_after=2026-03-29 00:00:00+00:00
[2026-03-29T12:23:29.516+0500] {processor.py:183} INFO - Processing /home/abayturar/airflow-project/venv/lib/python3.12/site-packages/airflow/example_dags/example_nested_branch_dag.py took 0.101 seconds
[2026-03-29T12:24:22.173+0500] {processor.py:161} INFO - Started process (PID=3497) to work on /home/abayturar/airflow-project/venv/lib/python3.12/site-packages/airflow/example_dags/example_nested_branch_dag.py
[2026-03-29T12:24:22.174+0500] {processor.py:830} INFO - Processing file /home/abayturar/airflow-project/venv/lib/python3.12/site-packages/airflow/example_dags/example_nested_branch_dag.py for tasks to queue
[2026-03-29T12:24:22.176+0500] {logging_mixin.py:188} INFO - [2026-03-29T12:24:22.176+0500] {dagbag.py:545} INFO - Filling up the DagBag from /home/abayturar/airflow-project/venv/lib/python3.12/site-packages/airflow/example_dags/example_nested_branch_dag.py
[2026-03-29T12:24:22.186+0500] {processor.py:840} INFO - DAG(s) 'example_nested_branch_dag' retrieved from /home/abayturar/airflow-project/venv/lib/python3.12/site-packages/airflow/example_dags/example_nested_branch_dag.py
[2026-03-29T12:24:22.203+0500] {logging_mixin.py:188} INFO - [2026-03-29T12:24:22.203+0500] {dag.py:3089} INFO - Sync 1 DAGs
[2026-03-29T12:24:22.218+0500] {logging_mixin.py:188} INFO - [2026-03-29T12:24:22.218+0500] {dag.py:3947} INFO - Setting next_dagrun for example_nested_branch_dag to 2026-03-28 00:00:00+00:00, run_after=2026-03-29 00:00:00+00:00
[2026-03-29T12:24:22.254+0500] {processor.py:183} INFO - Processing /home/abayturar/airflow-project/venv/lib/python3.12/site-packages/airflow/example_dags/example_nested_branch_dag.py took 0.087 seconds
[2026-03-29T12:25:16.074+0500] {processor.py:161} INFO - Started process (PID=3637) to work on /home/abayturar/airflow-project/venv/lib/python3.12/site-packages/airflow/example_dags/example_nested_branch_dag.py
[2026-03-29T12:25:16.075+0500] {processor.py:830} INFO - Processing file /home/abayturar/airflow-project/venv/lib/python3.12/site-packages/airflow/example_dags/example_nested_branch_dag.py for tasks to queue
[2026-03-29T12:25:16.076+0500] {logging_mixin.py:188} INFO - [2026-03-29T12:25:16.076+0500] {dagbag.py:545} INFO - Filling up the DagBag from /home/abayturar/airflow-project/venv/lib/python3.12/site-packages/airflow/example_dags/example_nested_branch_dag.py
[2026-03-29T12:25:16.086+0500] {processor.py:840} INFO - DAG(s) 'example_nested_branch_dag' retrieved from /home/abayturar/airflow-project/venv/lib/python3.12/site-packages/airflow/example_dags/example_nested_branch_dag.py
[2026-03-29T12:25:16.102+0500] {logging_mixin.py:188} INFO - [2026-03-29T12:25:16.102+0500] {dag.py:3089} INFO - Sync 1 DAGs
[2026-03-29T12:25:16.116+0500] {logging_mixin.py:188} INFO - [2026-03-29T12:25:16.116+0500] {dag.py:3947} INFO - Setting next_dagrun for example_nested_branch_dag to 2026-03-28 00:00:00+00:00, run_after=2026-03-29 00:00:00+00:00
[2026-03-29T12:25:16.175+0500] {processor.py:183} INFO - Processing /home/abayturar/airflow-project/venv/lib/python3.12/site-packages/airflow/example_dags/example_nested_branch_dag.py took 0.108 seconds
[2026-03-29T12:26:07.874+0500] {processor.py:161} INFO - Started process (PID=3872) to work on /home/abayturar/airflow-project/venv/lib/python3.12/site-packages/airflow/example_dags/example_nested_branch_dag.py
[2026-03-29T12:26:07.875+0500] {processor.py:830} INFO - Processing file /home/abayturar/airflow-project/venv/lib/python3.12/site-packages/airflow/example_dags/example_nested_branch_dag.py for tasks to queue
[2026-03-29T12:26:07.877+0500] {logging_mixin.py:188} INFO - [2026-03-29T12:26:07.877+0500] {dagbag.py:545} INFO - Filling up the DagBag from /home/abayturar/airflow-project/venv/lib/python3.12/site-packages/airflow/example_dags/example_nested_branch_dag.py
[2026-03-29T12:26:07.888+0500] {processor.py:840} INFO - DAG(s) 'example_nested_branch_dag' retrieved from /home/abayturar/airflow-project/venv/lib/python3.12/site-packages/airflow/example_dags/example_nested_branch_dag.py
[2026-03-29T12:26:07.907+0500] {logging_mixin.py:188} INFO - [2026-03-29T12:26:07.906+0500] {dag.py:3089} INFO - Sync 1 DAGs
[2026-03-29T12:26:07.926+0500] {logging_mixin.py:188} INFO - [2026-03-29T12:26:07.926+0500] {dag.py:3947} INFO - Setting next_dagrun for example_nested_branch_dag to 2026-03-28 00:00:00+00:00, run_after=2026-03-29 00:00:00+00:00
[2026-03-29T12:26:07.983+0500] {processor.py:183} INFO - Processing /home/abayturar/airflow-project/venv/lib/python3.12/site-packages/airflow/example_dags/example_nested_branch_dag.py took 0.115 seconds
[2026-03-29T12:26:55.906+0500] {processor.py:161} INFO - Started process (PID=4102) to work on /home/abayturar/airflow-project/venv/lib/python3.12/site-packages/airflow/example_dags/example_nested_branch_dag.py
[2026-03-29T12:26:55.907+0500] {processor.py:830} INFO - Processing file /home/abayturar/airflow-project/venv/lib/python3.12/site-packages/airflow/example_dags/example_nested_branch_dag.py for tasks to queue
[2026-03-29T12:26:55.910+0500] {logging_mixin.py:188} INFO - [2026-03-29T12:26:55.909+0500] {dagbag.py:545} INFO - Filling up the DagBag from /home/abayturar/airflow-project/venv/lib/python3.12/site-packages/airflow/example_dags/example_nested_branch_dag.py
[2026-03-29T12:26:55.924+0500] {processor.py:840} INFO - DAG(s) 'example_nested_branch_dag' retrieved from /home/abayturar/airflow-project/venv/lib/python3.12/site-packages/airflow/example_dags/example_nested_branch_dag.py
[2026-03-29T12:26:55.943+0500] {logging_mixin.py:188} INFO - [2026-03-29T12:26:55.943+0500] {dag.py:3089} INFO - Sync 1 DAGs
[2026-03-29T12:26:55.961+0500] {logging_mixin.py:188} INFO - [2026-03-29T12:26:55.960+0500] {dag.py:3947} INFO - Setting next_dagrun for example_nested_branch_dag to 2026-03-28 00:00:00+00:00, run_after=2026-03-29 00:00:00+00:00
[2026-03-29T12:26:56.017+0500] {processor.py:183} INFO - Processing /home/abayturar/airflow-project/venv/lib/python3.12/site-packages/airflow/example_dags/example_nested_branch_dag.py took 0.118 seconds
[2026-03-29T12:27:45.347+0500] {processor.py:161} INFO - Started process (PID=4383) to work on /home/abayturar/airflow-project/venv/lib/python3.12/site-packages/airflow/example_dags/example_nested_branch_dag.py
[2026-03-29T12:27:45.348+0500] {processor.py:830} INFO - Processing file /home/abayturar/airflow-project/venv/lib/python3.12/site-packages/airflow/example_dags/example_nested_branch_dag.py for tasks to queue
[2026-03-29T12:27:45.349+0500] {logging_mixin.py:188} INFO - [2026-03-29T12:27:45.349+0500] {dagbag.py:545} INFO - Filling up the DagBag from /home/abayturar/airflow-project/venv/lib/python3.12/site-packages/airflow/example_dags/example_nested_branch_dag.py
[2026-03-29T12:27:45.360+0500] {processor.py:840} INFO - DAG(s) 'example_nested_branch_dag' retrieved from /home/abayturar/airflow-project/venv/lib/python3.12/site-packages/airflow/example_dags/example_nested_branch_dag.py
[2026-03-29T12:27:45.377+0500] {logging_mixin.py:188} INFO - [2026-03-29T12:27:45.377+0500] {dag.py:3089} INFO - Sync 1 DAGs
[2026-03-29T12:27:45.394+0500] {logging_mixin.py:188} INFO - [2026-03-29T12:27:45.393+0500] {dag.py:3947} INFO - Setting next_dagrun for example_nested_branch_dag to 2026-03-28 00:00:00+00:00, run_after=2026-03-29 00:00:00+00:00
[2026-03-29T12:27:45.414+0500] {processor.py:183} INFO - Processing /home/abayturar/airflow-project/venv/lib/python3.12/site-packages/airflow/example_dags/example_nested_branch_dag.py took 0.074 seconds
[2026-03-29T12:28:35.098+0500] {processor.py:161} INFO - Started process (PID=4546) to work on /home/abayturar/airflow-project/venv/lib/python3.12/site-packages/airflow/example_dags/example_nested_branch_dag.py
[2026-03-29T12:28:35.099+0500] {processor.py:830} INFO - Processing file /home/abayturar/airflow-project/venv/lib/python3.12/site-packages/airflow/example_dags/example_nested_branch_dag.py for tasks to queue
[2026-03-29T12:28:35.101+0500] {logging_mixin.py:188} INFO - [2026-03-29T12:28:35.100+0500] {dagbag.py:545} INFO - Filling up the DagBag from /home/abayturar/airflow-project/venv/lib/python3.12/site-packages/airflow/example_dags/example_nested_branch_dag.py
[2026-03-29T12:28:35.111+0500] {processor.py:840} INFO - DAG(s) 'example_nested_branch_dag' retrieved from /home/abayturar/airflow-project/venv/lib/python3.12/site-packages/airflow/example_dags/example_nested_branch_dag.py
[2026-03-29T12:28:35.128+0500] {logging_mixin.py:188} INFO - [2026-03-29T12:28:35.128+0500] {dag.py:3089} INFO - Sync 1 DAGs
[2026-03-29T12:28:35.142+0500] {logging_mixin.py:188} INFO - [2026-03-29T12:28:35.142+0500] {dag.py:3947} INFO - Setting next_dagrun for example_nested_branch_dag to 2026-03-28 00:00:00+00:00, run_after=2026-03-29 00:00:00+00:00
[2026-03-29T12:28:35.159+0500] {processor.py:183} INFO - Processing /home/abayturar/airflow-project/venv/lib/python3.12/site-packages/airflow/example_dags/example_nested_branch_dag.py took 0.067 seconds
[2026-03-29T12:29:45.273+0500] {processor.py:161} INFO - Started process (PID=4854) to work on /home/abayturar/airflow-project/venv/lib/python3.12/site-packages/airflow/example_dags/example_nested_branch_dag.py
[2026-03-29T12:29:45.274+0500] {processor.py:830} INFO - Processing file /home/abayturar/airflow-project/venv/lib/python3.12/site-packages/airflow/example_dags/example_nested_branch_dag.py for tasks to queue
[2026-03-29T12:29:45.276+0500] {logging_mixin.py:188} INFO - [2026-03-29T12:29:45.276+0500] {dagbag.py:545} INFO - Filling up the DagBag from /home/abayturar/airflow-project/venv/lib/python3.12/site-packages/airflow/example_dags/example_nested_branch_dag.py
[2026-03-29T12:29:45.287+0500] {processor.py:840} INFO - DAG(s) 'example_nested_branch_dag' retrieved from /home/abayturar/airflow-project/venv/lib/python3.12/site-packages/airflow/example_dags/example_nested_branch_dag.py
[2026-03-29T12:29:45.304+0500] {logging_mixin.py:188} INFO - [2026-03-29T12:29:45.304+0500] {dag.py:3089} INFO - Sync 1 DAGs
[2026-03-29T12:29:45.320+0500] {logging_mixin.py:188} INFO - [2026-03-29T12:29:45.320+0500] {dag.py:3947} INFO - Setting next_dagrun for example_nested_branch_dag to 2026-03-28 00:00:00+00:00, run_after=2026-03-29 00:00:00+00:00
[2026-03-29T12:29:45.340+0500] {processor.py:183} INFO - Processing /home/abayturar/airflow-project/venv/lib/python3.12/site-packages/airflow/example_dags/example_nested_branch_dag.py took 0.073 seconds
[2026-03-29T12:30:35.775+0500] {processor.py:161} INFO - Started process (PID=5057) to work on /home/abayturar/airflow-project/venv/lib/python3.12/site-packages/airflow/example_dags/example_nested_branch_dag.py
[2026-03-29T12:30:35.776+0500] {processor.py:830} INFO - Processing file /home/abayturar/airflow-project/venv/lib/python3.12/site-packages/airflow/example_dags/example_nested_branch_dag.py for tasks to queue
[2026-03-29T12:30:35.779+0500] {logging_mixin.py:188} INFO - [2026-03-29T12:30:35.778+0500] {dagbag.py:545} INFO - Filling up the DagBag from /home/abayturar/airflow-project/venv/lib/python3.12/site-packages/airflow/example_dags/example_nested_branch_dag.py
[2026-03-29T12:30:35.796+0500] {processor.py:840} INFO - DAG(s) 'example_nested_branch_dag' retrieved from /home/abayturar/airflow-project/venv/lib/python3.12/site-packages/airflow/example_dags/example_nested_branch_dag.py
[2026-03-29T12:30:35.835+0500] {logging_mixin.py:188} INFO - [2026-03-29T12:30:35.835+0500] {dag.py:3089} INFO - Sync 1 DAGs
[2026-03-29T12:30:35.861+0500] {logging_mixin.py:188} INFO - [2026-03-29T12:30:35.861+0500] {dag.py:3947} INFO - Setting next_dagrun for example_nested_branch_dag to 2026-03-28 00:00:00+00:00, run_after=2026-03-29 00:00:00+00:00
[2026-03-29T12:30:35.880+0500] {processor.py:183} INFO - Processing /home/abayturar/airflow-project/venv/lib/python3.12/site-packages/airflow/example_dags/example_nested_branch_dag.py took 0.114 seconds
[2026-03-29T12:31:26.453+0500] {processor.py:161} INFO - Started process (PID=5299) to work on /home/abayturar/airflow-project/venv/lib/python3.12/site-packages/airflow/example_dags/example_nested_branch_dag.py
[2026-03-29T12:31:26.454+0500] {processor.py:830} INFO - Processing file /home/abayturar/airflow-project/venv/lib/python3.12/site-packages/airflow/example_dags/example_nested_branch_dag.py for tasks to queue
[2026-03-29T12:31:26.456+0500] {logging_mixin.py:188} INFO - [2026-03-29T12:31:26.456+0500] {dagbag.py:545} INFO - Filling up the DagBag from /home/abayturar/airflow-project/venv/lib/python3.12/site-packages/airflow/example_dags/example_nested_branch_dag.py
[2026-03-29T12:31:26.468+0500] {processor.py:840} INFO - DAG(s) 'example_nested_branch_dag' retrieved from /home/abayturar/airflow-project/venv/lib/python3.12/site-packages/airflow/example_dags/example_nested_branch_dag.py
[2026-03-29T12:31:26.489+0500] {logging_mixin.py:188} INFO - [2026-03-29T12:31:26.489+0500] {dag.py:3089} INFO - Sync 1 DAGs
[2026-03-29T12:31:26.510+0500] {logging_mixin.py:188} INFO - [2026-03-29T12:31:26.509+0500] {dag.py:3947} INFO - Setting next_dagrun for example_nested_branch_dag to 2026-03-28 00:00:00+00:00, run_after=2026-03-29 00:00:00+00:00
[2026-03-29T12:31:26.569+0500] {processor.py:183} INFO - Processing /home/abayturar/airflow-project/venv/lib/python3.12/site-packages/airflow/example_dags/example_nested_branch_dag.py took 0.125 seconds
[2026-03-29T12:32:13.702+0500] {processor.py:161} INFO - Started process (PID=5867) to work on /home/abayturar/airflow-project/venv/lib/python3.12/site-packages/airflow/example_dags/example_nested_branch_dag.py
[2026-03-29T12:32:13.703+0500] {processor.py:830} INFO - Processing file /home/abayturar/airflow-project/venv/lib/python3.12/site-packages/airflow/example_dags/example_nested_branch_dag.py for tasks to queue
[2026-03-29T12:32:13.705+0500] {logging_mixin.py:188} INFO - [2026-03-29T12:32:13.705+0500] {dagbag.py:545} INFO - Filling up the DagBag from /home/abayturar/airflow-project/venv/lib/python3.12/site-packages/airflow/example_dags/example_nested_branch_dag.py
[2026-03-29T12:32:13.715+0500] {processor.py:840} INFO - DAG(s) 'example_nested_branch_dag' retrieved from /home/abayturar/airflow-project/venv/lib/python3.12/site-packages/airflow/example_dags/example_nested_branch_dag.py
[2026-03-29T12:32:13.732+0500] {logging_mixin.py:188} INFO - [2026-03-29T12:32:13.732+0500] {dag.py:3089} INFO - Sync 1 DAGs
[2026-03-29T12:32:13.746+0500] {logging_mixin.py:188} INFO - [2026-03-29T12:32:13.746+0500] {dag.py:3947} INFO - Setting next_dagrun for example_nested_branch_dag to 2026-03-28 00:00:00+00:00, run_after=2026-03-29 00:00:00+00:00
[2026-03-29T12:32:13.768+0500] {processor.py:183} INFO - Processing /home/abayturar/airflow-project/venv/lib/python3.12/site-packages/airflow/example_dags/example_nested_branch_dag.py took 0.074 seconds
[2026-03-29T12:33:00.849+0500] {processor.py:161} INFO - Started process (PID=6101) to work on /home/abayturar/airflow-project/venv/lib/python3.12/site-packages/airflow/example_dags/example_nested_branch_dag.py
[2026-03-29T12:33:00.850+0500] {processor.py:830} INFO - Processing file /home/abayturar/airflow-project/venv/lib/python3.12/site-packages/airflow/example_dags/example_nested_branch_dag.py for tasks to queue
[2026-03-29T12:33:00.852+0500] {logging_mixin.py:188} INFO - [2026-03-29T12:33:00.852+0500] {dagbag.py:545} INFO - Filling up the DagBag from /home/abayturar/airflow-project/venv/lib/python3.12/site-packages/airflow/example_dags/example_nested_branch_dag.py
[2026-03-29T12:33:00.862+0500] {processor.py:840} INFO - DAG(s) 'example_nested_branch_dag' retrieved from /home/abayturar/airflow-project/venv/lib/python3.12/site-packages/airflow/example_dags/example_nested_branch_dag.py
[2026-03-29T12:33:00.878+0500] {logging_mixin.py:188} INFO - [2026-03-29T12:33:00.878+0500] {dag.py:3089} INFO - Sync 1 DAGs
[2026-03-29T12:33:00.895+0500] {logging_mixin.py:188} INFO - [2026-03-29T12:33:00.895+0500] {dag.py:3947} INFO - Setting next_dagrun for example_nested_branch_dag to 2026-03-28 00:00:00+00:00, run_after=2026-03-29 00:00:00+00:00
[2026-03-29T12:33:00.913+0500] {processor.py:183} INFO - Processing /home/abayturar/airflow-project/venv/lib/python3.12/site-packages/airflow/example_dags/example_nested_branch_dag.py took 0.071 seconds
[2026-03-29T12:33:47.941+0500] {processor.py:161} INFO - Started process (PID=6227) to work on /home/abayturar/airflow-project/venv/lib/python3.12/site-packages/airflow/example_dags/example_nested_branch_dag.py
[2026-03-29T12:33:47.943+0500] {processor.py:830} INFO - Processing file /home/abayturar/airflow-project/venv/lib/python3.12/site-packages/airflow/example_dags/example_nested_branch_dag.py for tasks to queue
[2026-03-29T12:33:47.945+0500] {logging_mixin.py:188} INFO - [2026-03-29T12:33:47.944+0500] {dagbag.py:545} INFO - Filling up the DagBag from /home/abayturar/airflow-project/venv/lib/python3.12/site-packages/airflow/example_dags/example_nested_branch_dag.py
[2026-03-29T12:33:47.957+0500] {processor.py:840} INFO - DAG(s) 'example_nested_branch_dag' retrieved from /home/abayturar/airflow-project/venv/lib/python3.12/site-packages/airflow/example_dags/example_nested_branch_dag.py
[2026-03-29T12:33:47.979+0500] {logging_mixin.py:188} INFO - [2026-03-29T12:33:47.978+0500] {dag.py:3089} INFO - Sync 1 DAGs
[2026-03-29T12:33:47.996+0500] {logging_mixin.py:188} INFO - [2026-03-29T12:33:47.996+0500] {dag.py:3947} INFO - Setting next_dagrun for example_nested_branch_dag to 2026-03-28 00:00:00+00:00, run_after=2026-03-29 00:00:00+00:00
[2026-03-29T12:33:48.019+0500] {processor.py:183} INFO - Processing /home/abayturar/airflow-project/venv/lib/python3.12/site-packages/airflow/example_dags/example_nested_branch_dag.py took 0.086 seconds
[2026-03-29T12:34:38.349+0500] {processor.py:161} INFO - Started process (PID=6369) to work on /home/abayturar/airflow-project/venv/lib/python3.12/site-packages/airflow/example_dags/example_nested_branch_dag.py
[2026-03-29T12:34:38.351+0500] {processor.py:830} INFO - Processing file /home/abayturar/airflow-project/venv/lib/python3.12/site-packages/airflow/example_dags/example_nested_branch_dag.py for tasks to queue
[2026-03-29T12:34:38.353+0500] {logging_mixin.py:188} INFO - [2026-03-29T12:34:38.353+0500] {dagbag.py:545} INFO - Filling up the DagBag from /home/abayturar/airflow-project/venv/lib/python3.12/site-packages/airflow/example_dags/example_nested_branch_dag.py
[2026-03-29T12:34:38.368+0500] {processor.py:840} INFO - DAG(s) 'example_nested_branch_dag' retrieved from /home/abayturar/airflow-project/venv/lib/python3.12/site-packages/airflow/example_dags/example_nested_branch_dag.py
[2026-03-29T12:34:38.386+0500] {logging_mixin.py:188} INFO - [2026-03-29T12:34:38.386+0500] {dag.py:3089} INFO - Sync 1 DAGs
[2026-03-29T12:34:38.402+0500] {logging_mixin.py:188} INFO - [2026-03-29T12:34:38.402+0500] {dag.py:3947} INFO - Setting next_dagrun for example_nested_branch_dag to 2026-03-28 00:00:00+00:00, run_after=2026-03-29 00:00:00+00:00
[2026-03-29T12:34:38.459+0500] {processor.py:183} INFO - Processing /home/abayturar/airflow-project/venv/lib/python3.12/site-packages/airflow/example_dags/example_nested_branch_dag.py took 0.119 seconds
[2026-03-29T12:35:28.123+0500] {processor.py:161} INFO - Started process (PID=6499) to work on /home/abayturar/airflow-project/venv/lib/python3.12/site-packages/airflow/example_dags/example_nested_branch_dag.py
[2026-03-29T12:35:28.124+0500] {processor.py:830} INFO - Processing file /home/abayturar/airflow-project/venv/lib/python3.12/site-packages/airflow/example_dags/example_nested_branch_dag.py for tasks to queue
[2026-03-29T12:35:28.125+0500] {logging_mixin.py:188} INFO - [2026-03-29T12:35:28.125+0500] {dagbag.py:545} INFO - Filling up the DagBag from /home/abayturar/airflow-project/venv/lib/python3.12/site-packages/airflow/example_dags/example_nested_branch_dag.py
[2026-03-29T12:35:28.135+0500] {processor.py:840} INFO - DAG(s) 'example_nested_branch_dag' retrieved from /home/abayturar/airflow-project/venv/lib/python3.12/site-packages/airflow/example_dags/example_nested_branch_dag.py
[2026-03-29T12:35:28.150+0500] {logging_mixin.py:188} INFO - [2026-03-29T12:35:28.150+0500] {dag.py:3089} INFO - Sync 1 DAGs
[2026-03-29T12:35:28.164+0500] {logging_mixin.py:188} INFO - [2026-03-29T12:35:28.164+0500] {dag.py:3947} INFO - Setting next_dagrun for example_nested_branch_dag to 2026-03-28 00:00:00+00:00, run_after=2026-03-29 00:00:00+00:00
[2026-03-29T12:35:28.220+0500] {processor.py:183} INFO - Processing /home/abayturar/airflow-project/venv/lib/python3.12/site-packages/airflow/example_dags/example_nested_branch_dag.py took 0.104 seconds
[2026-03-29T12:36:17.774+0500] {processor.py:161} INFO - Started process (PID=6630) to work on /home/abayturar/airflow-project/venv/lib/python3.12/site-packages/airflow/example_dags/example_nested_branch_dag.py
[2026-03-29T12:36:17.775+0500] {processor.py:830} INFO - Processing file /home/abayturar/airflow-project/venv/lib/python3.12/site-packages/airflow/example_dags/example_nested_branch_dag.py for tasks to queue
[2026-03-29T12:36:17.778+0500] {logging_mixin.py:188} INFO - [2026-03-29T12:36:17.777+0500] {dagbag.py:545} INFO - Filling up the DagBag from /home/abayturar/airflow-project/venv/lib/python3.12/site-packages/airflow/example_dags/example_nested_branch_dag.py
[2026-03-29T12:36:17.789+0500] {processor.py:840} INFO - DAG(s) 'example_nested_branch_dag' retrieved from /home/abayturar/airflow-project/venv/lib/python3.12/site-packages/airflow/example_dags/example_nested_branch_dag.py
[2026-03-29T12:36:17.806+0500] {logging_mixin.py:188} INFO - [2026-03-29T12:36:17.806+0500] {dag.py:3089} INFO - Sync 1 DAGs
[2026-03-29T12:36:17.822+0500] {logging_mixin.py:188} INFO - [2026-03-29T12:36:17.822+0500] {dag.py:3947} INFO - Setting next_dagrun for example_nested_branch_dag to 2026-03-28 00:00:00+00:00, run_after=2026-03-29 00:00:00+00:00
[2026-03-29T12:36:17.880+0500] {processor.py:183} INFO - Processing /home/abayturar/airflow-project/venv/lib/python3.12/site-packages/airflow/example_dags/example_nested_branch_dag.py took 0.113 seconds
[2026-03-29T12:37:06.344+0500] {processor.py:161} INFO - Started process (PID=6760) to work on /home/abayturar/airflow-project/venv/lib/python3.12/site-packages/airflow/example_dags/example_nested_branch_dag.py
[2026-03-29T12:37:06.345+0500] {processor.py:830} INFO - Processing file /home/abayturar/airflow-project/venv/lib/python3.12/site-packages/airflow/example_dags/example_nested_branch_dag.py for tasks to queue
[2026-03-29T12:37:06.347+0500] {logging_mixin.py:188} INFO - [2026-03-29T12:37:06.347+0500] {dagbag.py:545} INFO - Filling up the DagBag from /home/abayturar/airflow-project/venv/lib/python3.12/site-packages/airflow/example_dags/example_nested_branch_dag.py
[2026-03-29T12:37:06.359+0500] {processor.py:840} INFO - DAG(s) 'example_nested_branch_dag' retrieved from /home/abayturar/airflow-project/venv/lib/python3.12/site-packages/airflow/example_dags/example_nested_branch_dag.py
[2026-03-29T12:37:06.378+0500] {logging_mixin.py:188} INFO - [2026-03-29T12:37:06.378+0500] {dag.py:3089} INFO - Sync 1 DAGs
[2026-03-29T12:37:06.395+0500] {logging_mixin.py:188} INFO - [2026-03-29T12:37:06.395+0500] {dag.py:3947} INFO - Setting next_dagrun for example_nested_branch_dag to 2026-03-28 00:00:00+00:00, run_after=2026-03-29 00:00:00+00:00
[2026-03-29T12:37:06.453+0500] {processor.py:183} INFO - Processing /home/abayturar/airflow-project/venv/lib/python3.12/site-packages/airflow/example_dags/example_nested_branch_dag.py took 0.117 seconds
[2026-03-29T12:37:56.139+0500] {processor.py:161} INFO - Started process (PID=6891) to work on /home/abayturar/airflow-project/venv/lib/python3.12/site-packages/airflow/example_dags/example_nested_branch_dag.py
[2026-03-29T12:37:56.140+0500] {processor.py:830} INFO - Processing file /home/abayturar/airflow-project/venv/lib/python3.12/site-packages/airflow/example_dags/example_nested_branch_dag.py for tasks to queue
[2026-03-29T12:37:56.142+0500] {logging_mixin.py:188} INFO - [2026-03-29T12:37:56.142+0500] {dagbag.py:545} INFO - Filling up the DagBag from /home/abayturar/airflow-project/venv/lib/python3.12/site-packages/airflow/example_dags/example_nested_branch_dag.py
[2026-03-29T12:37:56.152+0500] {processor.py:840} INFO - DAG(s) 'example_nested_branch_dag' retrieved from /home/abayturar/airflow-project/venv/lib/python3.12/site-packages/airflow/example_dags/example_nested_branch_dag.py
[2026-03-29T12:37:56.167+0500] {logging_mixin.py:188} INFO - [2026-03-29T12:37:56.167+0500] {dag.py:3089} INFO - Sync 1 DAGs
[2026-03-29T12:37:56.182+0500] {logging_mixin.py:188} INFO - [2026-03-29T12:37:56.182+0500] {dag.py:3947} INFO - Setting next_dagrun for example_nested_branch_dag to 2026-03-28 00:00:00+00:00, run_after=2026-03-29 00:00:00+00:00
[2026-03-29T12:37:56.197+0500] {processor.py:183} INFO - Processing /home/abayturar/airflow-project/venv/lib/python3.12/site-packages/airflow/example_dags/example_nested_branch_dag.py took 0.064 seconds
[2026-03-29T12:38:48.086+0500] {processor.py:161} INFO - Started process (PID=7025) to work on /home/abayturar/airflow-project/venv/lib/python3.12/site-packages/airflow/example_dags/example_nested_branch_dag.py
[2026-03-29T12:38:48.087+0500] {processor.py:830} INFO - Processing file /home/abayturar/airflow-project/venv/lib/python3.12/site-packages/airflow/example_dags/example_nested_branch_dag.py for tasks to queue
[2026-03-29T12:38:48.089+0500] {logging_mixin.py:188} INFO - [2026-03-29T12:38:48.088+0500] {dagbag.py:545} INFO - Filling up the DagBag from /home/abayturar/airflow-project/venv/lib/python3.12/site-packages/airflow/example_dags/example_nested_branch_dag.py
[2026-03-29T12:38:48.099+0500] {processor.py:840} INFO - DAG(s) 'example_nested_branch_dag' retrieved from /home/abayturar/airflow-project/venv/lib/python3.12/site-packages/airflow/example_dags/example_nested_branch_dag.py
[2026-03-29T12:38:48.115+0500] {logging_mixin.py:188} INFO - [2026-03-29T12:38:48.114+0500] {dag.py:3089} INFO - Sync 1 DAGs
[2026-03-29T12:38:48.129+0500] {logging_mixin.py:188} INFO - [2026-03-29T12:38:48.129+0500] {dag.py:3947} INFO - Setting next_dagrun for example_nested_branch_dag to 2026-03-28 00:00:00+00:00, run_after=2026-03-29 00:00:00+00:00
[2026-03-29T12:38:48.183+0500] {processor.py:183} INFO - Processing /home/abayturar/airflow-project/venv/lib/python3.12/site-packages/airflow/example_dags/example_nested_branch_dag.py took 0.104 seconds
[2026-03-29T12:39:39.375+0500] {processor.py:161} INFO - Started process (PID=7160) to work on /home/abayturar/airflow-project/venv/lib/python3.12/site-packages/airflow/example_dags/example_nested_branch_dag.py
[2026-03-29T12:39:39.376+0500] {processor.py:830} INFO - Processing file /home/abayturar/airflow-project/venv/lib/python3.12/site-packages/airflow/example_dags/example_nested_branch_dag.py for tasks to queue
[2026-03-29T12:39:39.378+0500] {logging_mixin.py:188} INFO - [2026-03-29T12:39:39.377+0500] {dagbag.py:545} INFO - Filling up the DagBag from /home/abayturar/airflow-project/venv/lib/python3.12/site-packages/airflow/example_dags/example_nested_branch_dag.py
[2026-03-29T12:39:39.387+0500] {processor.py:840} INFO - DAG(s) 'example_nested_branch_dag' retrieved from /home/abayturar/airflow-project/venv/lib/python3.12/site-packages/airflow/example_dags/example_nested_branch_dag.py
[2026-03-29T12:39:39.402+0500] {logging_mixin.py:188} INFO - [2026-03-29T12:39:39.402+0500] {dag.py:3089} INFO - Sync 1 DAGs
[2026-03-29T12:39:39.416+0500] {logging_mixin.py:188} INFO - [2026-03-29T12:39:39.416+0500] {dag.py:3947} INFO - Setting next_dagrun for example_nested_branch_dag to 2026-03-28 00:00:00+00:00, run_after=2026-03-29 00:00:00+00:00
[2026-03-29T12:39:39.469+0500] {processor.py:183} INFO - Processing /home/abayturar/airflow-project/venv/lib/python3.12/site-packages/airflow/example_dags/example_nested_branch_dag.py took 0.102 seconds
[2026-03-29T12:40:29.804+0500] {processor.py:161} INFO - Started process (PID=7323) to work on /home/abayturar/airflow-project/venv/lib/python3.12/site-packages/airflow/example_dags/example_nested_branch_dag.py
[2026-03-29T12:40:29.805+0500] {processor.py:830} INFO - Processing file /home/abayturar/airflow-project/venv/lib/python3.12/site-packages/airflow/example_dags/example_nested_branch_dag.py for tasks to queue
[2026-03-29T12:40:29.806+0500] {logging_mixin.py:188} INFO - [2026-03-29T12:40:29.806+0500] {dagbag.py:545} INFO - Filling up the DagBag from /home/abayturar/airflow-project/venv/lib/python3.12/site-packages/airflow/example_dags/example_nested_branch_dag.py
[2026-03-29T12:40:29.816+0500] {processor.py:840} INFO - DAG(s) 'example_nested_branch_dag' retrieved from /home/abayturar/airflow-project/venv/lib/python3.12/site-packages/airflow/example_dags/example_nested_branch_dag.py
[2026-03-29T12:40:29.831+0500] {logging_mixin.py:188} INFO - [2026-03-29T12:40:29.831+0500] {dag.py:3089} INFO - Sync 1 DAGs
[2026-03-29T12:40:29.844+0500] {logging_mixin.py:188} INFO - [2026-03-29T12:40:29.844+0500] {dag.py:3947} INFO - Setting next_dagrun for example_nested_branch_dag to 2026-03-28 00:00:00+00:00, run_after=2026-03-29 00:00:00+00:00
[2026-03-29T12:40:29.898+0500] {processor.py:183} INFO - Processing /home/abayturar/airflow-project/venv/lib/python3.12/site-packages/airflow/example_dags/example_nested_branch_dag.py took 0.100 seconds
[2026-03-29T12:41:20.799+0500] {processor.py:161} INFO - Started process (PID=7453) to work on /home/abayturar/airflow-project/venv/lib/python3.12/site-packages/airflow/example_dags/example_nested_branch_dag.py
[2026-03-29T12:41:20.800+0500] {processor.py:830} INFO - Processing file /home/abayturar/airflow-project/venv/lib/python3.12/site-packages/airflow/example_dags/example_nested_branch_dag.py for tasks to queue
[2026-03-29T12:41:20.802+0500] {logging_mixin.py:188} INFO - [2026-03-29T12:41:20.801+0500] {dagbag.py:545} INFO - Filling up the DagBag from /home/abayturar/airflow-project/venv/lib/python3.12/site-packages/airflow/example_dags/example_nested_branch_dag.py
[2026-03-29T12:41:20.811+0500] {processor.py:840} INFO - DAG(s) 'example_nested_branch_dag' retrieved from /home/abayturar/airflow-project/venv/lib/python3.12/site-packages/airflow/example_dags/example_nested_branch_dag.py
[2026-03-29T12:41:20.827+0500] {logging_mixin.py:188} INFO - [2026-03-29T12:41:20.826+0500] {dag.py:3089} INFO - Sync 1 DAGs
[2026-03-29T12:41:20.842+0500] {logging_mixin.py:188} INFO - [2026-03-29T12:41:20.841+0500] {dag.py:3947} INFO - Setting next_dagrun for example_nested_branch_dag to 2026-03-28 00:00:00+00:00, run_after=2026-03-29 00:00:00+00:00
[2026-03-29T12:41:20.896+0500] {processor.py:183} INFO - Processing /home/abayturar/airflow-project/venv/lib/python3.12/site-packages/airflow/example_dags/example_nested_branch_dag.py took 0.103 seconds
[2026-03-29T12:42:12.959+0500] {processor.py:161} INFO - Started process (PID=7616) to work on /home/abayturar/airflow-project/venv/lib/python3.12/site-packages/airflow/example_dags/example_nested_branch_dag.py
[2026-03-29T12:42:12.961+0500] {processor.py:830} INFO - Processing file /home/abayturar/airflow-project/venv/lib/python3.12/site-packages/airflow/example_dags/example_nested_branch_dag.py for tasks to queue
[2026-03-29T12:42:12.962+0500] {logging_mixin.py:188} INFO - [2026-03-29T12:42:12.962+0500] {dagbag.py:545} INFO - Filling up the DagBag from /home/abayturar/airflow-project/venv/lib/python3.12/site-packages/airflow/example_dags/example_nested_branch_dag.py
[2026-03-29T12:42:12.972+0500] {processor.py:840} INFO - DAG(s) 'example_nested_branch_dag' retrieved from /home/abayturar/airflow-project/venv/lib/python3.12/site-packages/airflow/example_dags/example_nested_branch_dag.py
[2026-03-29T12:42:12.989+0500] {logging_mixin.py:188} INFO - [2026-03-29T12:42:12.989+0500] {dag.py:3089} INFO - Sync 1 DAGs
[2026-03-29T12:42:13.004+0500] {logging_mixin.py:188} INFO - [2026-03-29T12:42:13.004+0500] {dag.py:3947} INFO - Setting next_dagrun for example_nested_branch_dag to 2026-03-28 00:00:00+00:00, run_after=2026-03-29 00:00:00+00:00
[2026-03-29T12:42:13.060+0500] {processor.py:183} INFO - Processing /home/abayturar/airflow-project/venv/lib/python3.12/site-packages/airflow/example_dags/example_nested_branch_dag.py took 0.108 seconds
[2026-03-29T12:43:05.647+0500] {processor.py:161} INFO - Started process (PID=7751) to work on /home/abayturar/airflow-project/venv/lib/python3.12/site-packages/airflow/example_dags/example_nested_branch_dag.py
[2026-03-29T12:43:05.648+0500] {processor.py:830} INFO - Processing file /home/abayturar/airflow-project/venv/lib/python3.12/site-packages/airflow/example_dags/example_nested_branch_dag.py for tasks to queue
[2026-03-29T12:43:05.650+0500] {logging_mixin.py:188} INFO - [2026-03-29T12:43:05.649+0500] {dagbag.py:545} INFO - Filling up the DagBag from /home/abayturar/airflow-project/venv/lib/python3.12/site-packages/airflow/example_dags/example_nested_branch_dag.py
[2026-03-29T12:43:05.659+0500] {processor.py:840} INFO - DAG(s) 'example_nested_branch_dag' retrieved from /home/abayturar/airflow-project/venv/lib/python3.12/site-packages/airflow/example_dags/example_nested_branch_dag.py
[2026-03-29T12:43:05.675+0500] {logging_mixin.py:188} INFO - [2026-03-29T12:43:05.675+0500] {dag.py:3089} INFO - Sync 1 DAGs
[2026-03-29T12:43:05.689+0500] {logging_mixin.py:188} INFO - [2026-03-29T12:43:05.689+0500] {dag.py:3947} INFO - Setting next_dagrun for example_nested_branch_dag to 2026-03-28 00:00:00+00:00, run_after=2026-03-29 00:00:00+00:00
[2026-03-29T12:43:05.705+0500] {processor.py:183} INFO - Processing /home/abayturar/airflow-project/venv/lib/python3.12/site-packages/airflow/example_dags/example_nested_branch_dag.py took 0.063 seconds
[2026-03-29T12:43:57.769+0500] {processor.py:161} INFO - Started process (PID=8021) to work on /home/abayturar/airflow-project/venv/lib/python3.12/site-packages/airflow/example_dags/example_nested_branch_dag.py
[2026-03-29T12:43:57.770+0500] {processor.py:830} INFO - Processing file /home/abayturar/airflow-project/venv/lib/python3.12/site-packages/airflow/example_dags/example_nested_branch_dag.py for tasks to queue
[2026-03-29T12:43:57.772+0500] {logging_mixin.py:188} INFO - [2026-03-29T12:43:57.771+0500] {dagbag.py:545} INFO - Filling up the DagBag from /home/abayturar/airflow-project/venv/lib/python3.12/site-packages/airflow/example_dags/example_nested_branch_dag.py
[2026-03-29T12:43:57.782+0500] {processor.py:840} INFO - DAG(s) 'example_nested_branch_dag' retrieved from /home/abayturar/airflow-project/venv/lib/python3.12/site-packages/airflow/example_dags/example_nested_branch_dag.py
[2026-03-29T12:43:57.800+0500] {logging_mixin.py:188} INFO - [2026-03-29T12:43:57.800+0500] {dag.py:3089} INFO - Sync 1 DAGs
[2026-03-29T12:43:57.818+0500] {logging_mixin.py:188} INFO - [2026-03-29T12:43:57.817+0500] {dag.py:3947} INFO - Setting next_dagrun for example_nested_branch_dag to 2026-03-28 00:00:00+00:00, run_after=2026-03-29 00:00:00+00:00
[2026-03-29T12:43:57.874+0500] {processor.py:183} INFO - Processing /home/abayturar/airflow-project/venv/lib/python3.12/site-packages/airflow/example_dags/example_nested_branch_dag.py took 0.111 seconds
[2026-03-29T12:44:50.930+0500] {processor.py:161} INFO - Started process (PID=8249) to work on /home/abayturar/airflow-project/venv/lib/python3.12/site-packages/airflow/example_dags/example_nested_branch_dag.py
[2026-03-29T12:44:50.930+0500] {processor.py:830} INFO - Processing file /home/abayturar/airflow-project/venv/lib/python3.12/site-packages/airflow/example_dags/example_nested_branch_dag.py for tasks to queue
[2026-03-29T12:44:50.932+0500] {logging_mixin.py:188} INFO - [2026-03-29T12:44:50.932+0500] {dagbag.py:545} INFO - Filling up the DagBag from /home/abayturar/airflow-project/venv/lib/python3.12/site-packages/airflow/example_dags/example_nested_branch_dag.py
[2026-03-29T12:44:50.942+0500] {processor.py:840} INFO - DAG(s) 'example_nested_branch_dag' retrieved from /home/abayturar/airflow-project/venv/lib/python3.12/site-packages/airflow/example_dags/example_nested_branch_dag.py
[2026-03-29T12:44:50.964+0500] {logging_mixin.py:188} INFO - [2026-03-29T12:44:50.964+0500] {dag.py:3089} INFO - Sync 1 DAGs
[2026-03-29T12:44:50.983+0500] {logging_mixin.py:188} INFO - [2026-03-29T12:44:50.982+0500] {dag.py:3947} INFO - Setting next_dagrun for example_nested_branch_dag to 2026-03-28 00:00:00+00:00, run_after=2026-03-29 00:00:00+00:00
[2026-03-29T12:44:51.039+0500] {processor.py:183} INFO - Processing /home/abayturar/airflow-project/venv/lib/python3.12/site-packages/airflow/example_dags/example_nested_branch_dag.py took 0.115 seconds
[2026-03-29T12:45:44.232+0500] {processor.py:161} INFO - Started process (PID=8686) to work on /home/abayturar/airflow-project/venv/lib/python3.12/site-packages/airflow/example_dags/example_nested_branch_dag.py
[2026-03-29T12:45:44.233+0500] {processor.py:830} INFO - Processing file /home/abayturar/airflow-project/venv/lib/python3.12/site-packages/airflow/example_dags/example_nested_branch_dag.py for tasks to queue
[2026-03-29T12:45:44.235+0500] {logging_mixin.py:188} INFO - [2026-03-29T12:45:44.235+0500] {dagbag.py:545} INFO - Filling up the DagBag from /home/abayturar/airflow-project/venv/lib/python3.12/site-packages/airflow/example_dags/example_nested_branch_dag.py
[2026-03-29T12:45:44.245+0500] {processor.py:840} INFO - DAG(s) 'example_nested_branch_dag' retrieved from /home/abayturar/airflow-project/venv/lib/python3.12/site-packages/airflow/example_dags/example_nested_branch_dag.py
[2026-03-29T12:45:44.261+0500] {logging_mixin.py:188} INFO - [2026-03-29T12:45:44.261+0500] {dag.py:3089} INFO - Sync 1 DAGs
[2026-03-29T12:45:44.275+0500] {logging_mixin.py:188} INFO - [2026-03-29T12:45:44.275+0500] {dag.py:3947} INFO - Setting next_dagrun for example_nested_branch_dag to 2026-03-28 00:00:00+00:00, run_after=2026-03-29 00:00:00+00:00
[2026-03-29T12:45:44.329+0500] {processor.py:183} INFO - Processing /home/abayturar/airflow-project/venv/lib/python3.12/site-packages/airflow/example_dags/example_nested_branch_dag.py took 0.103 seconds
[2026-03-29T12:46:36.655+0500] {processor.py:161} INFO - Started process (PID=8931) to work on /home/abayturar/airflow-project/venv/lib/python3.12/site-packages/airflow/example_dags/example_nested_branch_dag.py
[2026-03-29T12:46:36.656+0500] {processor.py:830} INFO - Processing file /home/abayturar/airflow-project/venv/lib/python3.12/site-packages/airflow/example_dags/example_nested_branch_dag.py for tasks to queue
[2026-03-29T12:46:36.658+0500] {logging_mixin.py:188} INFO - [2026-03-29T12:46:36.657+0500] {dagbag.py:545} INFO - Filling up the DagBag from /home/abayturar/airflow-project/venv/lib/python3.12/site-packages/airflow/example_dags/example_nested_branch_dag.py
[2026-03-29T12:46:36.668+0500] {processor.py:840} INFO - DAG(s) 'example_nested_branch_dag' retrieved from /home/abayturar/airflow-project/venv/lib/python3.12/site-packages/airflow/example_dags/example_nested_branch_dag.py
[2026-03-29T12:46:36.684+0500] {logging_mixin.py:188} INFO - [2026-03-29T12:46:36.684+0500] {dag.py:3089} INFO - Sync 1 DAGs
[2026-03-29T12:46:36.699+0500] {logging_mixin.py:188} INFO - [2026-03-29T12:46:36.699+0500] {dag.py:3947} INFO - Setting next_dagrun for example_nested_branch_dag to 2026-03-28 00:00:00+00:00, run_after=2026-03-29 00:00:00+00:00
[2026-03-29T12:46:36.753+0500] {processor.py:183} INFO - Processing /home/abayturar/airflow-project/venv/lib/python3.12/site-packages/airflow/example_dags/example_nested_branch_dag.py took 0.104 seconds
