[2026-03-29T12:02:04.299+0500] {processor.py:161} INFO - Started process (PID=32453) to work on /home/abayturar/airflow-project/venv/lib/python3.12/site-packages/airflow/example_dags/example_branch_python_dop_operator_3.py
[2026-03-29T12:02:04.300+0500] {processor.py:830} INFO - Processing file /home/abayturar/airflow-project/venv/lib/python3.12/site-packages/airflow/example_dags/example_branch_python_dop_operator_3.py for tasks to queue
[2026-03-29T12:02:04.341+0500] {logging_mixin.py:188} INFO - [2026-03-29T12:02:04.340+0500] {dagbag.py:545} INFO - Filling up the DagBag from /home/abayturar/airflow-project/venv/lib/python3.12/site-packages/airflow/example_dags/example_branch_python_dop_operator_3.py
[2026-03-29T12:02:04.350+0500] {processor.py:840} INFO - DAG(s) 'example_branch_dop_operator_v3' retrieved from /home/abayturar/airflow-project/venv/lib/python3.12/site-packages/airflow/example_dags/example_branch_python_dop_operator_3.py
[2026-03-29T12:02:04.367+0500] {logging_mixin.py:188} INFO - [2026-03-29T12:02:04.367+0500] {dag.py:3089} INFO - Sync 1 DAGs
[2026-03-29T12:02:04.385+0500] {logging_mixin.py:188} INFO - [2026-03-29T12:02:04.384+0500] {dag.py:3947} INFO - Setting next_dagrun for example_branch_dop_operator_v3 to 2026-03-29 07:01:00+00:00, run_after=2026-03-29 07:02:00+00:00
[2026-03-29T12:02:04.400+0500] {processor.py:183} INFO - Processing /home/abayturar/airflow-project/venv/lib/python3.12/site-packages/airflow/example_dags/example_branch_python_dop_operator_3.py took 0.107 seconds
[2026-03-29T12:02:57.524+0500] {processor.py:161} INFO - Started process (PID=32673) to work on /home/abayturar/airflow-project/venv/lib/python3.12/site-packages/airflow/example_dags/example_branch_python_dop_operator_3.py
[2026-03-29T12:02:57.525+0500] {processor.py:830} INFO - Processing file /home/abayturar/airflow-project/venv/lib/python3.12/site-packages/airflow/example_dags/example_branch_python_dop_operator_3.py for tasks to queue
[2026-03-29T12:02:57.528+0500] {logging_mixin.py:188} INFO - [2026-03-29T12:02:57.527+0500] {dagbag.py:545} INFO - Filling up the DagBag from /home/abayturar/airflow-project/venv/lib/python3.12/site-packages/airflow/example_dags/example_branch_python_dop_operator_3.py
[2026-03-29T12:02:57.541+0500] {processor.py:840} INFO - DAG(s) 'example_branch_dop_operator_v3' retrieved from /home/abayturar/airflow-project/venv/lib/python3.12/site-packages/airflow/example_dags/example_branch_python_dop_operator_3.py
[2026-03-29T12:02:57.558+0500] {logging_mixin.py:188} INFO - [2026-03-29T12:02:57.558+0500] {dag.py:3089} INFO - Sync 1 DAGs
[2026-03-29T12:02:57.573+0500] {logging_mixin.py:188} INFO - [2026-03-29T12:02:57.573+0500] {dag.py:3947} INFO - Setting next_dagrun for example_branch_dop_operator_v3 to 2026-03-29 07:01:00+00:00, run_after=2026-03-29 07:02:00+00:00
[2026-03-29T12:02:57.628+0500] {processor.py:183} INFO - Processing /home/abayturar/airflow-project/venv/lib/python3.12/site-packages/airflow/example_dags/example_branch_python_dop_operator_3.py took 0.111 seconds
[2026-03-29T12:06:31.630+0500] {processor.py:161} INFO - Started process (PID=160) to work on /home/abayturar/airflow-project/venv/lib/python3.12/site-packages/airflow/example_dags/example_branch_python_dop_operator_3.py
[2026-03-29T12:06:31.631+0500] {processor.py:830} INFO - Processing file /home/abayturar/airflow-project/venv/lib/python3.12/site-packages/airflow/example_dags/example_branch_python_dop_operator_3.py for tasks to queue
[2026-03-29T12:06:31.633+0500] {logging_mixin.py:188} INFO - [2026-03-29T12:06:31.632+0500] {dagbag.py:545} INFO - Filling up the DagBag from /home/abayturar/airflow-project/venv/lib/python3.12/site-packages/airflow/example_dags/example_branch_python_dop_operator_3.py
[2026-03-29T12:06:31.642+0500] {processor.py:840} INFO - DAG(s) 'example_branch_dop_operator_v3' retrieved from /home/abayturar/airflow-project/venv/lib/python3.12/site-packages/airflow/example_dags/example_branch_python_dop_operator_3.py
[2026-03-29T12:06:31.661+0500] {logging_mixin.py:188} INFO - [2026-03-29T12:06:31.661+0500] {dag.py:3089} INFO - Sync 1 DAGs
[2026-03-29T12:06:31.685+0500] {logging_mixin.py:188} INFO - [2026-03-29T12:06:31.685+0500] {dag.py:3947} INFO - Setting next_dagrun for example_branch_dop_operator_v3 to 2026-03-29 07:05:00+00:00, run_after=2026-03-29 07:06:00+00:00
[2026-03-29T12:06:31.704+0500] {processor.py:183} INFO - Processing /home/abayturar/airflow-project/venv/lib/python3.12/site-packages/airflow/example_dags/example_branch_python_dop_operator_3.py took 0.082 seconds
[2026-03-29T12:07:40.546+0500] {processor.py:161} INFO - Started process (PID=445) to work on /home/abayturar/airflow-project/venv/lib/python3.12/site-packages/airflow/example_dags/example_branch_python_dop_operator_3.py
[2026-03-29T12:07:40.547+0500] {processor.py:830} INFO - Processing file /home/abayturar/airflow-project/venv/lib/python3.12/site-packages/airflow/example_dags/example_branch_python_dop_operator_3.py for tasks to queue
[2026-03-29T12:07:40.549+0500] {logging_mixin.py:188} INFO - [2026-03-29T12:07:40.549+0500] {dagbag.py:545} INFO - Filling up the DagBag from /home/abayturar/airflow-project/venv/lib/python3.12/site-packages/airflow/example_dags/example_branch_python_dop_operator_3.py
[2026-03-29T12:07:40.558+0500] {processor.py:840} INFO - DAG(s) 'example_branch_dop_operator_v3' retrieved from /home/abayturar/airflow-project/venv/lib/python3.12/site-packages/airflow/example_dags/example_branch_python_dop_operator_3.py
[2026-03-29T12:07:40.573+0500] {logging_mixin.py:188} INFO - [2026-03-29T12:07:40.573+0500] {dag.py:3089} INFO - Sync 1 DAGs
[2026-03-29T12:07:40.590+0500] {logging_mixin.py:188} INFO - [2026-03-29T12:07:40.590+0500] {dag.py:3947} INFO - Setting next_dagrun for example_branch_dop_operator_v3 to 2026-03-29 07:06:00+00:00, run_after=2026-03-29 07:07:00+00:00
[2026-03-29T12:07:40.605+0500] {processor.py:183} INFO - Processing /home/abayturar/airflow-project/venv/lib/python3.12/site-packages/airflow/example_dags/example_branch_python_dop_operator_3.py took 0.065 seconds
[2026-03-29T12:08:56.476+0500] {processor.py:161} INFO - Started process (PID=760) to work on /home/abayturar/airflow-project/venv/lib/python3.12/site-packages/airflow/example_dags/example_branch_python_dop_operator_3.py
[2026-03-29T12:08:56.477+0500] {processor.py:830} INFO - Processing file /home/abayturar/airflow-project/venv/lib/python3.12/site-packages/airflow/example_dags/example_branch_python_dop_operator_3.py for tasks to queue
[2026-03-29T12:08:56.478+0500] {logging_mixin.py:188} INFO - [2026-03-29T12:08:56.478+0500] {dagbag.py:545} INFO - Filling up the DagBag from /home/abayturar/airflow-project/venv/lib/python3.12/site-packages/airflow/example_dags/example_branch_python_dop_operator_3.py
[2026-03-29T12:08:56.486+0500] {processor.py:840} INFO - DAG(s) 'example_branch_dop_operator_v3' retrieved from /home/abayturar/airflow-project/venv/lib/python3.12/site-packages/airflow/example_dags/example_branch_python_dop_operator_3.py
[2026-03-29T12:08:56.503+0500] {logging_mixin.py:188} INFO - [2026-03-29T12:08:56.502+0500] {dag.py:3089} INFO - Sync 1 DAGs
[2026-03-29T12:08:56.522+0500] {logging_mixin.py:188} INFO - [2026-03-29T12:08:56.522+0500] {dag.py:3947} INFO - Setting next_dagrun for example_branch_dop_operator_v3 to 2026-03-29 07:07:00+00:00, run_after=2026-03-29 07:08:00+00:00
[2026-03-29T12:08:56.538+0500] {processor.py:183} INFO - Processing /home/abayturar/airflow-project/venv/lib/python3.12/site-packages/airflow/example_dags/example_branch_python_dop_operator_3.py took 0.068 seconds
[2026-03-29T12:09:51.602+0500] {processor.py:161} INFO - Started process (PID=944) to work on /home/abayturar/airflow-project/venv/lib/python3.12/site-packages/airflow/example_dags/example_branch_python_dop_operator_3.py
[2026-03-29T12:09:51.602+0500] {processor.py:830} INFO - Processing file /home/abayturar/airflow-project/venv/lib/python3.12/site-packages/airflow/example_dags/example_branch_python_dop_operator_3.py for tasks to queue
[2026-03-29T12:09:51.604+0500] {logging_mixin.py:188} INFO - [2026-03-29T12:09:51.604+0500] {dagbag.py:545} INFO - Filling up the DagBag from /home/abayturar/airflow-project/venv/lib/python3.12/site-packages/airflow/example_dags/example_branch_python_dop_operator_3.py
[2026-03-29T12:09:51.612+0500] {processor.py:840} INFO - DAG(s) 'example_branch_dop_operator_v3' retrieved from /home/abayturar/airflow-project/venv/lib/python3.12/site-packages/airflow/example_dags/example_branch_python_dop_operator_3.py
[2026-03-29T12:09:51.627+0500] {logging_mixin.py:188} INFO - [2026-03-29T12:09:51.627+0500] {dag.py:3089} INFO - Sync 1 DAGs
[2026-03-29T12:09:51.642+0500] {logging_mixin.py:188} INFO - [2026-03-29T12:09:51.642+0500] {dag.py:3947} INFO - Setting next_dagrun for example_branch_dop_operator_v3 to 2026-03-29 07:08:00+00:00, run_after=2026-03-29 07:09:00+00:00
[2026-03-29T12:09:51.695+0500] {processor.py:183} INFO - Processing /home/abayturar/airflow-project/venv/lib/python3.12/site-packages/airflow/example_dags/example_branch_python_dop_operator_3.py took 0.100 seconds
[2026-03-29T12:11:04.328+0500] {processor.py:161} INFO - Started process (PID=1138) to work on /home/abayturar/airflow-project/venv/lib/python3.12/site-packages/airflow/example_dags/example_branch_python_dop_operator_3.py
[2026-03-29T12:11:04.329+0500] {processor.py:830} INFO - Processing file /home/abayturar/airflow-project/venv/lib/python3.12/site-packages/airflow/example_dags/example_branch_python_dop_operator_3.py for tasks to queue
[2026-03-29T12:11:04.330+0500] {logging_mixin.py:188} INFO - [2026-03-29T12:11:04.330+0500] {dagbag.py:545} INFO - Filling up the DagBag from /home/abayturar/airflow-project/venv/lib/python3.12/site-packages/airflow/example_dags/example_branch_python_dop_operator_3.py
[2026-03-29T12:11:04.339+0500] {processor.py:840} INFO - DAG(s) 'example_branch_dop_operator_v3' retrieved from /home/abayturar/airflow-project/venv/lib/python3.12/site-packages/airflow/example_dags/example_branch_python_dop_operator_3.py
[2026-03-29T12:11:04.355+0500] {logging_mixin.py:188} INFO - [2026-03-29T12:11:04.355+0500] {dag.py:3089} INFO - Sync 1 DAGs
[2026-03-29T12:11:04.371+0500] {logging_mixin.py:188} INFO - [2026-03-29T12:11:04.371+0500] {dag.py:3947} INFO - Setting next_dagrun for example_branch_dop_operator_v3 to 2026-03-29 07:10:00+00:00, run_after=2026-03-29 07:11:00+00:00
[2026-03-29T12:11:04.425+0500] {processor.py:183} INFO - Processing /home/abayturar/airflow-project/venv/lib/python3.12/site-packages/airflow/example_dags/example_branch_python_dop_operator_3.py took 0.104 seconds
[2026-03-29T12:12:19.630+0500] {processor.py:161} INFO - Started process (PID=1335) to work on /home/abayturar/airflow-project/venv/lib/python3.12/site-packages/airflow/example_dags/example_branch_python_dop_operator_3.py
[2026-03-29T12:12:19.631+0500] {processor.py:830} INFO - Processing file /home/abayturar/airflow-project/venv/lib/python3.12/site-packages/airflow/example_dags/example_branch_python_dop_operator_3.py for tasks to queue
[2026-03-29T12:12:19.633+0500] {logging_mixin.py:188} INFO - [2026-03-29T12:12:19.632+0500] {dagbag.py:545} INFO - Filling up the DagBag from /home/abayturar/airflow-project/venv/lib/python3.12/site-packages/airflow/example_dags/example_branch_python_dop_operator_3.py
[2026-03-29T12:12:19.641+0500] {processor.py:840} INFO - DAG(s) 'example_branch_dop_operator_v3' retrieved from /home/abayturar/airflow-project/venv/lib/python3.12/site-packages/airflow/example_dags/example_branch_python_dop_operator_3.py
[2026-03-29T12:12:19.655+0500] {logging_mixin.py:188} INFO - [2026-03-29T12:12:19.655+0500] {dag.py:3089} INFO - Sync 1 DAGs
[2026-03-29T12:12:19.670+0500] {logging_mixin.py:188} INFO - [2026-03-29T12:12:19.670+0500] {dag.py:3947} INFO - Setting next_dagrun for example_branch_dop_operator_v3 to 2026-03-29 07:11:00+00:00, run_after=2026-03-29 07:12:00+00:00
[2026-03-29T12:12:19.709+0500] {processor.py:183} INFO - Processing /home/abayturar/airflow-project/venv/lib/python3.12/site-packages/airflow/example_dags/example_branch_python_dop_operator_3.py took 0.085 seconds
[2026-03-29T12:13:34.758+0500] {processor.py:161} INFO - Started process (PID=1538) to work on /home/abayturar/airflow-project/venv/lib/python3.12/site-packages/airflow/example_dags/example_branch_python_dop_operator_3.py
[2026-03-29T12:13:34.759+0500] {processor.py:830} INFO - Processing file /home/abayturar/airflow-project/venv/lib/python3.12/site-packages/airflow/example_dags/example_branch_python_dop_operator_3.py for tasks to queue
[2026-03-29T12:13:34.761+0500] {logging_mixin.py:188} INFO - [2026-03-29T12:13:34.760+0500] {dagbag.py:545} INFO - Filling up the DagBag from /home/abayturar/airflow-project/venv/lib/python3.12/site-packages/airflow/example_dags/example_branch_python_dop_operator_3.py
[2026-03-29T12:13:34.769+0500] {processor.py:840} INFO - DAG(s) 'example_branch_dop_operator_v3' retrieved from /home/abayturar/airflow-project/venv/lib/python3.12/site-packages/airflow/example_dags/example_branch_python_dop_operator_3.py
[2026-03-29T12:13:34.783+0500] {logging_mixin.py:188} INFO - [2026-03-29T12:13:34.783+0500] {dag.py:3089} INFO - Sync 1 DAGs
[2026-03-29T12:13:34.798+0500] {logging_mixin.py:188} INFO - [2026-03-29T12:13:34.798+0500] {dag.py:3947} INFO - Setting next_dagrun for example_branch_dop_operator_v3 to 2026-03-29 07:12:00+00:00, run_after=2026-03-29 07:13:00+00:00
[2026-03-29T12:13:34.851+0500] {processor.py:183} INFO - Processing /home/abayturar/airflow-project/venv/lib/python3.12/site-packages/airflow/example_dags/example_branch_python_dop_operator_3.py took 0.099 seconds
[2026-03-29T12:14:51.515+0500] {processor.py:161} INFO - Started process (PID=1735) to work on /home/abayturar/airflow-project/venv/lib/python3.12/site-packages/airflow/example_dags/example_branch_python_dop_operator_3.py
[2026-03-29T12:14:51.515+0500] {processor.py:830} INFO - Processing file /home/abayturar/airflow-project/venv/lib/python3.12/site-packages/airflow/example_dags/example_branch_python_dop_operator_3.py for tasks to queue
[2026-03-29T12:14:51.517+0500] {logging_mixin.py:188} INFO - [2026-03-29T12:14:51.517+0500] {dagbag.py:545} INFO - Filling up the DagBag from /home/abayturar/airflow-project/venv/lib/python3.12/site-packages/airflow/example_dags/example_branch_python_dop_operator_3.py
[2026-03-29T12:14:51.525+0500] {processor.py:840} INFO - DAG(s) 'example_branch_dop_operator_v3' retrieved from /home/abayturar/airflow-project/venv/lib/python3.12/site-packages/airflow/example_dags/example_branch_python_dop_operator_3.py
[2026-03-29T12:14:51.540+0500] {logging_mixin.py:188} INFO - [2026-03-29T12:14:51.540+0500] {dag.py:3089} INFO - Sync 1 DAGs
[2026-03-29T12:14:51.555+0500] {logging_mixin.py:188} INFO - [2026-03-29T12:14:51.554+0500] {dag.py:3947} INFO - Setting next_dagrun for example_branch_dop_operator_v3 to 2026-03-29 07:13:00+00:00, run_after=2026-03-29 07:14:00+00:00
[2026-03-29T12:14:51.608+0500] {processor.py:183} INFO - Processing /home/abayturar/airflow-project/venv/lib/python3.12/site-packages/airflow/example_dags/example_branch_python_dop_operator_3.py took 0.099 seconds
[2026-03-29T12:16:10.912+0500] {processor.py:161} INFO - Started process (PID=1945) to work on /home/abayturar/airflow-project/venv/lib/python3.12/site-packages/airflow/example_dags/example_branch_python_dop_operator_3.py
[2026-03-29T12:16:10.913+0500] {processor.py:830} INFO - Processing file /home/abayturar/airflow-project/venv/lib/python3.12/site-packages/airflow/example_dags/example_branch_python_dop_operator_3.py for tasks to queue
[2026-03-29T12:16:10.915+0500] {logging_mixin.py:188} INFO - [2026-03-29T12:16:10.914+0500] {dagbag.py:545} INFO - Filling up the DagBag from /home/abayturar/airflow-project/venv/lib/python3.12/site-packages/airflow/example_dags/example_branch_python_dop_operator_3.py
[2026-03-29T12:16:10.923+0500] {processor.py:840} INFO - DAG(s) 'example_branch_dop_operator_v3' retrieved from /home/abayturar/airflow-project/venv/lib/python3.12/site-packages/airflow/example_dags/example_branch_python_dop_operator_3.py
[2026-03-29T12:16:10.938+0500] {logging_mixin.py:188} INFO - [2026-03-29T12:16:10.938+0500] {dag.py:3089} INFO - Sync 1 DAGs
[2026-03-29T12:16:10.953+0500] {logging_mixin.py:188} INFO - [2026-03-29T12:16:10.953+0500] {dag.py:3947} INFO - Setting next_dagrun for example_branch_dop_operator_v3 to 2026-03-29 07:15:00+00:00, run_after=2026-03-29 07:16:00+00:00
[2026-03-29T12:16:10.969+0500] {processor.py:183} INFO - Processing /home/abayturar/airflow-project/venv/lib/python3.12/site-packages/airflow/example_dags/example_branch_python_dop_operator_3.py took 0.062 seconds
[2026-03-29T12:17:03.825+0500] {processor.py:161} INFO - Started process (PID=2081) to work on /home/abayturar/airflow-project/venv/lib/python3.12/site-packages/airflow/example_dags/example_branch_python_dop_operator_3.py
[2026-03-29T12:17:03.826+0500] {processor.py:830} INFO - Processing file /home/abayturar/airflow-project/venv/lib/python3.12/site-packages/airflow/example_dags/example_branch_python_dop_operator_3.py for tasks to queue
[2026-03-29T12:17:03.827+0500] {logging_mixin.py:188} INFO - [2026-03-29T12:17:03.827+0500] {dagbag.py:545} INFO - Filling up the DagBag from /home/abayturar/airflow-project/venv/lib/python3.12/site-packages/airflow/example_dags/example_branch_python_dop_operator_3.py
[2026-03-29T12:17:03.835+0500] {processor.py:840} INFO - DAG(s) 'example_branch_dop_operator_v3' retrieved from /home/abayturar/airflow-project/venv/lib/python3.12/site-packages/airflow/example_dags/example_branch_python_dop_operator_3.py
[2026-03-29T12:17:03.939+0500] {logging_mixin.py:188} INFO - [2026-03-29T12:17:03.939+0500] {dag.py:3089} INFO - Sync 1 DAGs
[2026-03-29T12:17:03.951+0500] {logging_mixin.py:188} INFO - [2026-03-29T12:17:03.951+0500] {dag.py:3947} INFO - Setting next_dagrun for example_branch_dop_operator_v3 to 2026-03-29 07:16:00+00:00, run_after=2026-03-29 07:17:00+00:00
[2026-03-29T12:17:04.003+0500] {processor.py:183} INFO - Processing /home/abayturar/airflow-project/venv/lib/python3.12/site-packages/airflow/example_dags/example_branch_python_dop_operator_3.py took 0.184 seconds
[2026-03-29T12:17:58.667+0500] {processor.py:161} INFO - Started process (PID=2224) to work on /home/abayturar/airflow-project/venv/lib/python3.12/site-packages/airflow/example_dags/example_branch_python_dop_operator_3.py
[2026-03-29T12:17:58.668+0500] {processor.py:830} INFO - Processing file /home/abayturar/airflow-project/venv/lib/python3.12/site-packages/airflow/example_dags/example_branch_python_dop_operator_3.py for tasks to queue
[2026-03-29T12:17:58.669+0500] {logging_mixin.py:188} INFO - [2026-03-29T12:17:58.669+0500] {dagbag.py:545} INFO - Filling up the DagBag from /home/abayturar/airflow-project/venv/lib/python3.12/site-packages/airflow/example_dags/example_branch_python_dop_operator_3.py
[2026-03-29T12:17:58.678+0500] {processor.py:840} INFO - DAG(s) 'example_branch_dop_operator_v3' retrieved from /home/abayturar/airflow-project/venv/lib/python3.12/site-packages/airflow/example_dags/example_branch_python_dop_operator_3.py
[2026-03-29T12:17:58.693+0500] {logging_mixin.py:188} INFO - [2026-03-29T12:17:58.693+0500] {dag.py:3089} INFO - Sync 1 DAGs
[2026-03-29T12:17:58.709+0500] {logging_mixin.py:188} INFO - [2026-03-29T12:17:58.709+0500] {dag.py:3947} INFO - Setting next_dagrun for example_branch_dop_operator_v3 to 2026-03-29 07:16:00+00:00, run_after=2026-03-29 07:17:00+00:00
[2026-03-29T12:17:58.763+0500] {processor.py:183} INFO - Processing /home/abayturar/airflow-project/venv/lib/python3.12/site-packages/airflow/example_dags/example_branch_python_dop_operator_3.py took 0.102 seconds
[2026-03-29T12:19:14.270+0500] {processor.py:161} INFO - Started process (PID=2421) to work on /home/abayturar/airflow-project/venv/lib/python3.12/site-packages/airflow/example_dags/example_branch_python_dop_operator_3.py
[2026-03-29T12:19:14.271+0500] {processor.py:830} INFO - Processing file /home/abayturar/airflow-project/venv/lib/python3.12/site-packages/airflow/example_dags/example_branch_python_dop_operator_3.py for tasks to queue
[2026-03-29T12:19:14.273+0500] {logging_mixin.py:188} INFO - [2026-03-29T12:19:14.272+0500] {dagbag.py:545} INFO - Filling up the DagBag from /home/abayturar/airflow-project/venv/lib/python3.12/site-packages/airflow/example_dags/example_branch_python_dop_operator_3.py
[2026-03-29T12:19:14.283+0500] {processor.py:840} INFO - DAG(s) 'example_branch_dop_operator_v3' retrieved from /home/abayturar/airflow-project/venv/lib/python3.12/site-packages/airflow/example_dags/example_branch_python_dop_operator_3.py
[2026-03-29T12:19:14.301+0500] {logging_mixin.py:188} INFO - [2026-03-29T12:19:14.300+0500] {dag.py:3089} INFO - Sync 1 DAGs
[2026-03-29T12:19:14.319+0500] {logging_mixin.py:188} INFO - [2026-03-29T12:19:14.319+0500] {dag.py:3947} INFO - Setting next_dagrun for example_branch_dop_operator_v3 to 2026-03-29 07:18:00+00:00, run_after=2026-03-29 07:19:00+00:00
[2026-03-29T12:19:14.337+0500] {processor.py:183} INFO - Processing /home/abayturar/airflow-project/venv/lib/python3.12/site-packages/airflow/example_dags/example_branch_python_dop_operator_3.py took 0.074 seconds
[2026-03-29T12:20:32.683+0500] {processor.py:161} INFO - Started process (PID=2627) to work on /home/abayturar/airflow-project/venv/lib/python3.12/site-packages/airflow/example_dags/example_branch_python_dop_operator_3.py
[2026-03-29T12:20:32.684+0500] {processor.py:830} INFO - Processing file /home/abayturar/airflow-project/venv/lib/python3.12/site-packages/airflow/example_dags/example_branch_python_dop_operator_3.py for tasks to queue
[2026-03-29T12:20:32.686+0500] {logging_mixin.py:188} INFO - [2026-03-29T12:20:32.685+0500] {dagbag.py:545} INFO - Filling up the DagBag from /home/abayturar/airflow-project/venv/lib/python3.12/site-packages/airflow/example_dags/example_branch_python_dop_operator_3.py
[2026-03-29T12:20:32.695+0500] {processor.py:840} INFO - DAG(s) 'example_branch_dop_operator_v3' retrieved from /home/abayturar/airflow-project/venv/lib/python3.12/site-packages/airflow/example_dags/example_branch_python_dop_operator_3.py
[2026-03-29T12:20:32.709+0500] {logging_mixin.py:188} INFO - [2026-03-29T12:20:32.709+0500] {dag.py:3089} INFO - Sync 1 DAGs
[2026-03-29T12:20:32.725+0500] {logging_mixin.py:188} INFO - [2026-03-29T12:20:32.724+0500] {dag.py:3947} INFO - Setting next_dagrun for example_branch_dop_operator_v3 to 2026-03-29 07:19:00+00:00, run_after=2026-03-29 07:20:00+00:00
[2026-03-29T12:20:32.778+0500] {processor.py:183} INFO - Processing /home/abayturar/airflow-project/venv/lib/python3.12/site-packages/airflow/example_dags/example_branch_python_dop_operator_3.py took 0.101 seconds
[2026-03-29T12:21:25.947+0500] {processor.py:161} INFO - Started process (PID=2766) to work on /home/abayturar/airflow-project/venv/lib/python3.12/site-packages/airflow/example_dags/example_branch_python_dop_operator_3.py
[2026-03-29T12:21:25.948+0500] {processor.py:830} INFO - Processing file /home/abayturar/airflow-project/venv/lib/python3.12/site-packages/airflow/example_dags/example_branch_python_dop_operator_3.py for tasks to queue
[2026-03-29T12:21:25.949+0500] {logging_mixin.py:188} INFO - [2026-03-29T12:21:25.949+0500] {dagbag.py:545} INFO - Filling up the DagBag from /home/abayturar/airflow-project/venv/lib/python3.12/site-packages/airflow/example_dags/example_branch_python_dop_operator_3.py
[2026-03-29T12:21:25.958+0500] {processor.py:840} INFO - DAG(s) 'example_branch_dop_operator_v3' retrieved from /home/abayturar/airflow-project/venv/lib/python3.12/site-packages/airflow/example_dags/example_branch_python_dop_operator_3.py
[2026-03-29T12:21:25.974+0500] {logging_mixin.py:188} INFO - [2026-03-29T12:21:25.973+0500] {dag.py:3089} INFO - Sync 1 DAGs
[2026-03-29T12:21:25.989+0500] {logging_mixin.py:188} INFO - [2026-03-29T12:21:25.989+0500] {dag.py:3947} INFO - Setting next_dagrun for example_branch_dop_operator_v3 to 2026-03-29 07:20:00+00:00, run_after=2026-03-29 07:21:00+00:00
[2026-03-29T12:21:26.043+0500] {processor.py:183} INFO - Processing /home/abayturar/airflow-project/venv/lib/python3.12/site-packages/airflow/example_dags/example_branch_python_dop_operator_3.py took 0.103 seconds
[2026-03-29T12:22:42.775+0500] {processor.py:161} INFO - Started process (PID=3107) to work on /home/abayturar/airflow-project/venv/lib/python3.12/site-packages/airflow/example_dags/example_branch_python_dop_operator_3.py
[2026-03-29T12:22:42.776+0500] {processor.py:830} INFO - Processing file /home/abayturar/airflow-project/venv/lib/python3.12/site-packages/airflow/example_dags/example_branch_python_dop_operator_3.py for tasks to queue
[2026-03-29T12:22:42.778+0500] {logging_mixin.py:188} INFO - [2026-03-29T12:22:42.778+0500] {dagbag.py:545} INFO - Filling up the DagBag from /home/abayturar/airflow-project/venv/lib/python3.12/site-packages/airflow/example_dags/example_branch_python_dop_operator_3.py
[2026-03-29T12:22:42.789+0500] {processor.py:840} INFO - DAG(s) 'example_branch_dop_operator_v3' retrieved from /home/abayturar/airflow-project/venv/lib/python3.12/site-packages/airflow/example_dags/example_branch_python_dop_operator_3.py
[2026-03-29T12:22:42.805+0500] {logging_mixin.py:188} INFO - [2026-03-29T12:22:42.805+0500] {dag.py:3089} INFO - Sync 1 DAGs
[2026-03-29T12:22:42.820+0500] {logging_mixin.py:188} INFO - [2026-03-29T12:22:42.820+0500] {dag.py:3947} INFO - Setting next_dagrun for example_branch_dop_operator_v3 to 2026-03-29 07:21:00+00:00, run_after=2026-03-29 07:22:00+00:00
[2026-03-29T12:22:42.835+0500] {processor.py:183} INFO - Processing /home/abayturar/airflow-project/venv/lib/python3.12/site-packages/airflow/example_dags/example_branch_python_dop_operator_3.py took 0.068 seconds
[2026-03-29T12:24:01.787+0500] {processor.py:161} INFO - Started process (PID=3434) to work on /home/abayturar/airflow-project/venv/lib/python3.12/site-packages/airflow/example_dags/example_branch_python_dop_operator_3.py
[2026-03-29T12:24:01.788+0500] {processor.py:830} INFO - Processing file /home/abayturar/airflow-project/venv/lib/python3.12/site-packages/airflow/example_dags/example_branch_python_dop_operator_3.py for tasks to queue
[2026-03-29T12:24:01.791+0500] {logging_mixin.py:188} INFO - [2026-03-29T12:24:01.791+0500] {dagbag.py:545} INFO - Filling up the DagBag from /home/abayturar/airflow-project/venv/lib/python3.12/site-packages/airflow/example_dags/example_branch_python_dop_operator_3.py
[2026-03-29T12:24:01.801+0500] {processor.py:840} INFO - DAG(s) 'example_branch_dop_operator_v3' retrieved from /home/abayturar/airflow-project/venv/lib/python3.12/site-packages/airflow/example_dags/example_branch_python_dop_operator_3.py
[2026-03-29T12:24:01.820+0500] {logging_mixin.py:188} INFO - [2026-03-29T12:24:01.820+0500] {dag.py:3089} INFO - Sync 1 DAGs
[2026-03-29T12:24:01.836+0500] {logging_mixin.py:188} INFO - [2026-03-29T12:24:01.836+0500] {dag.py:3947} INFO - Setting next_dagrun for example_branch_dop_operator_v3 to 2026-03-29 07:23:00+00:00, run_after=2026-03-29 07:24:00+00:00
[2026-03-29T12:24:01.852+0500] {processor.py:183} INFO - Processing /home/abayturar/airflow-project/venv/lib/python3.12/site-packages/airflow/example_dags/example_branch_python_dop_operator_3.py took 0.072 seconds
[2026-03-29T12:24:54.020+0500] {processor.py:161} INFO - Started process (PID=3585) to work on /home/abayturar/airflow-project/venv/lib/python3.12/site-packages/airflow/example_dags/example_branch_python_dop_operator_3.py
[2026-03-29T12:24:54.021+0500] {processor.py:830} INFO - Processing file /home/abayturar/airflow-project/venv/lib/python3.12/site-packages/airflow/example_dags/example_branch_python_dop_operator_3.py for tasks to queue
[2026-03-29T12:24:54.023+0500] {logging_mixin.py:188} INFO - [2026-03-29T12:24:54.022+0500] {dagbag.py:545} INFO - Filling up the DagBag from /home/abayturar/airflow-project/venv/lib/python3.12/site-packages/airflow/example_dags/example_branch_python_dop_operator_3.py
[2026-03-29T12:24:54.032+0500] {processor.py:840} INFO - DAG(s) 'example_branch_dop_operator_v3' retrieved from /home/abayturar/airflow-project/venv/lib/python3.12/site-packages/airflow/example_dags/example_branch_python_dop_operator_3.py
[2026-03-29T12:24:54.047+0500] {logging_mixin.py:188} INFO - [2026-03-29T12:24:54.047+0500] {dag.py:3089} INFO - Sync 1 DAGs
[2026-03-29T12:24:54.063+0500] {logging_mixin.py:188} INFO - [2026-03-29T12:24:54.063+0500] {dag.py:3947} INFO - Setting next_dagrun for example_branch_dop_operator_v3 to 2026-03-29 07:23:00+00:00, run_after=2026-03-29 07:24:00+00:00
[2026-03-29T12:24:54.118+0500] {processor.py:183} INFO - Processing /home/abayturar/airflow-project/venv/lib/python3.12/site-packages/airflow/example_dags/example_branch_python_dop_operator_3.py took 0.104 seconds
[2026-03-29T12:25:47.120+0500] {processor.py:161} INFO - Started process (PID=3753) to work on /home/abayturar/airflow-project/venv/lib/python3.12/site-packages/airflow/example_dags/example_branch_python_dop_operator_3.py
[2026-03-29T12:25:47.121+0500] {processor.py:830} INFO - Processing file /home/abayturar/airflow-project/venv/lib/python3.12/site-packages/airflow/example_dags/example_branch_python_dop_operator_3.py for tasks to queue
[2026-03-29T12:25:47.124+0500] {logging_mixin.py:188} INFO - [2026-03-29T12:25:47.123+0500] {dagbag.py:545} INFO - Filling up the DagBag from /home/abayturar/airflow-project/venv/lib/python3.12/site-packages/airflow/example_dags/example_branch_python_dop_operator_3.py
[2026-03-29T12:25:47.135+0500] {processor.py:840} INFO - DAG(s) 'example_branch_dop_operator_v3' retrieved from /home/abayturar/airflow-project/venv/lib/python3.12/site-packages/airflow/example_dags/example_branch_python_dop_operator_3.py
[2026-03-29T12:25:47.152+0500] {logging_mixin.py:188} INFO - [2026-03-29T12:25:47.152+0500] {dag.py:3089} INFO - Sync 1 DAGs
[2026-03-29T12:25:47.169+0500] {logging_mixin.py:188} INFO - [2026-03-29T12:25:47.168+0500] {dag.py:3947} INFO - Setting next_dagrun for example_branch_dop_operator_v3 to 2026-03-29 07:24:00+00:00, run_after=2026-03-29 07:25:00+00:00
[2026-03-29T12:25:47.223+0500] {processor.py:183} INFO - Processing /home/abayturar/airflow-project/venv/lib/python3.12/site-packages/airflow/example_dags/example_branch_python_dop_operator_3.py took 0.111 seconds
[2026-03-29T12:26:59.646+0500] {processor.py:161} INFO - Started process (PID=4138) to work on /home/abayturar/airflow-project/venv/lib/python3.12/site-packages/airflow/example_dags/example_branch_python_dop_operator_3.py
[2026-03-29T12:26:59.647+0500] {processor.py:830} INFO - Processing file /home/abayturar/airflow-project/venv/lib/python3.12/site-packages/airflow/example_dags/example_branch_python_dop_operator_3.py for tasks to queue
[2026-03-29T12:26:59.649+0500] {logging_mixin.py:188} INFO - [2026-03-29T12:26:59.649+0500] {dagbag.py:545} INFO - Filling up the DagBag from /home/abayturar/airflow-project/venv/lib/python3.12/site-packages/airflow/example_dags/example_branch_python_dop_operator_3.py
[2026-03-29T12:26:59.658+0500] {processor.py:840} INFO - DAG(s) 'example_branch_dop_operator_v3' retrieved from /home/abayturar/airflow-project/venv/lib/python3.12/site-packages/airflow/example_dags/example_branch_python_dop_operator_3.py
[2026-03-29T12:26:59.673+0500] {logging_mixin.py:188} INFO - [2026-03-29T12:26:59.673+0500] {dag.py:3089} INFO - Sync 1 DAGs
[2026-03-29T12:26:59.688+0500] {logging_mixin.py:188} INFO - [2026-03-29T12:26:59.688+0500] {dag.py:3947} INFO - Setting next_dagrun for example_branch_dop_operator_v3 to 2026-03-29 07:25:00+00:00, run_after=2026-03-29 07:26:00+00:00
[2026-03-29T12:26:59.743+0500] {processor.py:183} INFO - Processing /home/abayturar/airflow-project/venv/lib/python3.12/site-packages/airflow/example_dags/example_branch_python_dop_operator_3.py took 0.102 seconds
[2026-03-29T12:28:14.232+0500] {processor.py:161} INFO - Started process (PID=4494) to work on /home/abayturar/airflow-project/venv/lib/python3.12/site-packages/airflow/example_dags/example_branch_python_dop_operator_3.py
[2026-03-29T12:28:14.233+0500] {processor.py:830} INFO - Processing file /home/abayturar/airflow-project/venv/lib/python3.12/site-packages/airflow/example_dags/example_branch_python_dop_operator_3.py for tasks to queue
[2026-03-29T12:28:14.235+0500] {logging_mixin.py:188} INFO - [2026-03-29T12:28:14.235+0500] {dagbag.py:545} INFO - Filling up the DagBag from /home/abayturar/airflow-project/venv/lib/python3.12/site-packages/airflow/example_dags/example_branch_python_dop_operator_3.py
[2026-03-29T12:28:14.244+0500] {processor.py:840} INFO - DAG(s) 'example_branch_dop_operator_v3' retrieved from /home/abayturar/airflow-project/venv/lib/python3.12/site-packages/airflow/example_dags/example_branch_python_dop_operator_3.py
[2026-03-29T12:28:14.260+0500] {logging_mixin.py:188} INFO - [2026-03-29T12:28:14.260+0500] {dag.py:3089} INFO - Sync 1 DAGs
[2026-03-29T12:28:14.276+0500] {logging_mixin.py:188} INFO - [2026-03-29T12:28:14.276+0500] {dag.py:3947} INFO - Setting next_dagrun for example_branch_dop_operator_v3 to 2026-03-29 07:27:00+00:00, run_after=2026-03-29 07:28:00+00:00
[2026-03-29T12:28:14.293+0500] {processor.py:183} INFO - Processing /home/abayturar/airflow-project/venv/lib/python3.12/site-packages/airflow/example_dags/example_branch_python_dop_operator_3.py took 0.067 seconds
[2026-03-29T12:29:25.730+0500] {processor.py:161} INFO - Started process (PID=4680) to work on /home/abayturar/airflow-project/venv/lib/python3.12/site-packages/airflow/example_dags/example_branch_python_dop_operator_3.py
[2026-03-29T12:29:25.731+0500] {processor.py:830} INFO - Processing file /home/abayturar/airflow-project/venv/lib/python3.12/site-packages/airflow/example_dags/example_branch_python_dop_operator_3.py for tasks to queue
[2026-03-29T12:29:25.733+0500] {logging_mixin.py:188} INFO - [2026-03-29T12:29:25.733+0500] {dagbag.py:545} INFO - Filling up the DagBag from /home/abayturar/airflow-project/venv/lib/python3.12/site-packages/airflow/example_dags/example_branch_python_dop_operator_3.py
[2026-03-29T12:29:25.743+0500] {processor.py:840} INFO - DAG(s) 'example_branch_dop_operator_v3' retrieved from /home/abayturar/airflow-project/venv/lib/python3.12/site-packages/airflow/example_dags/example_branch_python_dop_operator_3.py
[2026-03-29T12:29:25.761+0500] {logging_mixin.py:188} INFO - [2026-03-29T12:29:25.761+0500] {dag.py:3089} INFO - Sync 1 DAGs
[2026-03-29T12:29:25.779+0500] {logging_mixin.py:188} INFO - [2026-03-29T12:29:25.779+0500] {dag.py:3947} INFO - Setting next_dagrun for example_branch_dop_operator_v3 to 2026-03-29 07:28:00+00:00, run_after=2026-03-29 07:29:00+00:00
[2026-03-29T12:29:25.798+0500] {processor.py:183} INFO - Processing /home/abayturar/airflow-project/venv/lib/python3.12/site-packages/airflow/example_dags/example_branch_python_dop_operator_3.py took 0.077 seconds
[2026-03-29T12:30:41.021+0500] {processor.py:161} INFO - Started process (PID=5080) to work on /home/abayturar/airflow-project/venv/lib/python3.12/site-packages/airflow/example_dags/example_branch_python_dop_operator_3.py
[2026-03-29T12:30:41.022+0500] {processor.py:830} INFO - Processing file /home/abayturar/airflow-project/venv/lib/python3.12/site-packages/airflow/example_dags/example_branch_python_dop_operator_3.py for tasks to queue
[2026-03-29T12:30:41.023+0500] {logging_mixin.py:188} INFO - [2026-03-29T12:30:41.023+0500] {dagbag.py:545} INFO - Filling up the DagBag from /home/abayturar/airflow-project/venv/lib/python3.12/site-packages/airflow/example_dags/example_branch_python_dop_operator_3.py
[2026-03-29T12:30:41.033+0500] {processor.py:840} INFO - DAG(s) 'example_branch_dop_operator_v3' retrieved from /home/abayturar/airflow-project/venv/lib/python3.12/site-packages/airflow/example_dags/example_branch_python_dop_operator_3.py
[2026-03-29T12:30:41.049+0500] {logging_mixin.py:188} INFO - [2026-03-29T12:30:41.049+0500] {dag.py:3089} INFO - Sync 1 DAGs
[2026-03-29T12:30:41.065+0500] {logging_mixin.py:188} INFO - [2026-03-29T12:30:41.065+0500] {dag.py:3947} INFO - Setting next_dagrun for example_branch_dop_operator_v3 to 2026-03-29 07:29:00+00:00, run_after=2026-03-29 07:30:00+00:00
[2026-03-29T12:30:41.079+0500] {processor.py:183} INFO - Processing /home/abayturar/airflow-project/venv/lib/python3.12/site-packages/airflow/example_dags/example_branch_python_dop_operator_3.py took 0.064 seconds
[2026-03-29T12:31:53.162+0500] {processor.py:161} INFO - Started process (PID=5526) to work on /home/abayturar/airflow-project/venv/lib/python3.12/site-packages/airflow/example_dags/example_branch_python_dop_operator_3.py
[2026-03-29T12:31:53.163+0500] {processor.py:830} INFO - Processing file /home/abayturar/airflow-project/venv/lib/python3.12/site-packages/airflow/example_dags/example_branch_python_dop_operator_3.py for tasks to queue
[2026-03-29T12:31:53.166+0500] {logging_mixin.py:188} INFO - [2026-03-29T12:31:53.165+0500] {dagbag.py:545} INFO - Filling up the DagBag from /home/abayturar/airflow-project/venv/lib/python3.12/site-packages/airflow/example_dags/example_branch_python_dop_operator_3.py
[2026-03-29T12:31:53.178+0500] {processor.py:840} INFO - DAG(s) 'example_branch_dop_operator_v3' retrieved from /home/abayturar/airflow-project/venv/lib/python3.12/site-packages/airflow/example_dags/example_branch_python_dop_operator_3.py
[2026-03-29T12:31:53.195+0500] {logging_mixin.py:188} INFO - [2026-03-29T12:31:53.195+0500] {dag.py:3089} INFO - Sync 1 DAGs
[2026-03-29T12:31:53.211+0500] {logging_mixin.py:188} INFO - [2026-03-29T12:31:53.211+0500] {dag.py:3947} INFO - Setting next_dagrun for example_branch_dop_operator_v3 to 2026-03-29 07:30:00+00:00, run_after=2026-03-29 07:31:00+00:00
[2026-03-29T12:31:53.250+0500] {processor.py:183} INFO - Processing /home/abayturar/airflow-project/venv/lib/python3.12/site-packages/airflow/example_dags/example_branch_python_dop_operator_3.py took 0.096 seconds
[2026-03-29T12:33:04.101+0500] {processor.py:161} INFO - Started process (PID=6108) to work on /home/abayturar/airflow-project/venv/lib/python3.12/site-packages/airflow/example_dags/example_branch_python_dop_operator_3.py
[2026-03-29T12:33:04.103+0500] {processor.py:830} INFO - Processing file /home/abayturar/airflow-project/venv/lib/python3.12/site-packages/airflow/example_dags/example_branch_python_dop_operator_3.py for tasks to queue
[2026-03-29T12:33:04.104+0500] {logging_mixin.py:188} INFO - [2026-03-29T12:33:04.104+0500] {dagbag.py:545} INFO - Filling up the DagBag from /home/abayturar/airflow-project/venv/lib/python3.12/site-packages/airflow/example_dags/example_branch_python_dop_operator_3.py
[2026-03-29T12:33:04.115+0500] {processor.py:840} INFO - DAG(s) 'example_branch_dop_operator_v3' retrieved from /home/abayturar/airflow-project/venv/lib/python3.12/site-packages/airflow/example_dags/example_branch_python_dop_operator_3.py
[2026-03-29T12:33:04.134+0500] {logging_mixin.py:188} INFO - [2026-03-29T12:33:04.134+0500] {dag.py:3089} INFO - Sync 1 DAGs
[2026-03-29T12:33:04.153+0500] {logging_mixin.py:188} INFO - [2026-03-29T12:33:04.153+0500] {dag.py:3947} INFO - Setting next_dagrun for example_branch_dop_operator_v3 to 2026-03-29 07:32:00+00:00, run_after=2026-03-29 07:33:00+00:00
[2026-03-29T12:33:04.172+0500] {processor.py:183} INFO - Processing /home/abayturar/airflow-project/venv/lib/python3.12/site-packages/airflow/example_dags/example_branch_python_dop_operator_3.py took 0.079 seconds
[2026-03-29T12:34:17.271+0500] {processor.py:161} INFO - Started process (PID=6311) to work on /home/abayturar/airflow-project/venv/lib/python3.12/site-packages/airflow/example_dags/example_branch_python_dop_operator_3.py
[2026-03-29T12:34:17.272+0500] {processor.py:830} INFO - Processing file /home/abayturar/airflow-project/venv/lib/python3.12/site-packages/airflow/example_dags/example_branch_python_dop_operator_3.py for tasks to queue
[2026-03-29T12:34:17.274+0500] {logging_mixin.py:188} INFO - [2026-03-29T12:34:17.274+0500] {dagbag.py:545} INFO - Filling up the DagBag from /home/abayturar/airflow-project/venv/lib/python3.12/site-packages/airflow/example_dags/example_branch_python_dop_operator_3.py
[2026-03-29T12:34:17.284+0500] {processor.py:840} INFO - DAG(s) 'example_branch_dop_operator_v3' retrieved from /home/abayturar/airflow-project/venv/lib/python3.12/site-packages/airflow/example_dags/example_branch_python_dop_operator_3.py
[2026-03-29T12:34:17.303+0500] {logging_mixin.py:188} INFO - [2026-03-29T12:34:17.302+0500] {dag.py:3089} INFO - Sync 1 DAGs
[2026-03-29T12:34:17.321+0500] {logging_mixin.py:188} INFO - [2026-03-29T12:34:17.321+0500] {dag.py:3947} INFO - Setting next_dagrun for example_branch_dop_operator_v3 to 2026-03-29 07:33:00+00:00, run_after=2026-03-29 07:34:00+00:00
[2026-03-29T12:34:17.377+0500] {processor.py:183} INFO - Processing /home/abayturar/airflow-project/venv/lib/python3.12/site-packages/airflow/example_dags/example_branch_python_dop_operator_3.py took 0.112 seconds
[2026-03-29T12:35:32.122+0500] {processor.py:161} INFO - Started process (PID=6510) to work on /home/abayturar/airflow-project/venv/lib/python3.12/site-packages/airflow/example_dags/example_branch_python_dop_operator_3.py
[2026-03-29T12:35:32.123+0500] {processor.py:830} INFO - Processing file /home/abayturar/airflow-project/venv/lib/python3.12/site-packages/airflow/example_dags/example_branch_python_dop_operator_3.py for tasks to queue
[2026-03-29T12:35:32.124+0500] {logging_mixin.py:188} INFO - [2026-03-29T12:35:32.124+0500] {dagbag.py:545} INFO - Filling up the DagBag from /home/abayturar/airflow-project/venv/lib/python3.12/site-packages/airflow/example_dags/example_branch_python_dop_operator_3.py
[2026-03-29T12:35:32.134+0500] {processor.py:840} INFO - DAG(s) 'example_branch_dop_operator_v3' retrieved from /home/abayturar/airflow-project/venv/lib/python3.12/site-packages/airflow/example_dags/example_branch_python_dop_operator_3.py
[2026-03-29T12:35:32.151+0500] {logging_mixin.py:188} INFO - [2026-03-29T12:35:32.151+0500] {dag.py:3089} INFO - Sync 1 DAGs
[2026-03-29T12:35:32.168+0500] {logging_mixin.py:188} INFO - [2026-03-29T12:35:32.168+0500] {dag.py:3947} INFO - Setting next_dagrun for example_branch_dop_operator_v3 to 2026-03-29 07:34:00+00:00, run_after=2026-03-29 07:35:00+00:00
[2026-03-29T12:35:32.187+0500] {processor.py:183} INFO - Processing /home/abayturar/airflow-project/venv/lib/python3.12/site-packages/airflow/example_dags/example_branch_python_dop_operator_3.py took 0.072 seconds
[2026-03-29T12:36:46.490+0500] {processor.py:161} INFO - Started process (PID=6702) to work on /home/abayturar/airflow-project/venv/lib/python3.12/site-packages/airflow/example_dags/example_branch_python_dop_operator_3.py
[2026-03-29T12:36:46.491+0500] {processor.py:830} INFO - Processing file /home/abayturar/airflow-project/venv/lib/python3.12/site-packages/airflow/example_dags/example_branch_python_dop_operator_3.py for tasks to queue
[2026-03-29T12:36:46.493+0500] {logging_mixin.py:188} INFO - [2026-03-29T12:36:46.492+0500] {dagbag.py:545} INFO - Filling up the DagBag from /home/abayturar/airflow-project/venv/lib/python3.12/site-packages/airflow/example_dags/example_branch_python_dop_operator_3.py
[2026-03-29T12:36:46.501+0500] {processor.py:840} INFO - DAG(s) 'example_branch_dop_operator_v3' retrieved from /home/abayturar/airflow-project/venv/lib/python3.12/site-packages/airflow/example_dags/example_branch_python_dop_operator_3.py
[2026-03-29T12:36:46.516+0500] {logging_mixin.py:188} INFO - [2026-03-29T12:36:46.516+0500] {dag.py:3089} INFO - Sync 1 DAGs
[2026-03-29T12:36:46.531+0500] {logging_mixin.py:188} INFO - [2026-03-29T12:36:46.531+0500] {dag.py:3947} INFO - Setting next_dagrun for example_branch_dop_operator_v3 to 2026-03-29 07:35:00+00:00, run_after=2026-03-29 07:36:00+00:00
[2026-03-29T12:36:46.588+0500] {processor.py:183} INFO - Processing /home/abayturar/airflow-project/venv/lib/python3.12/site-packages/airflow/example_dags/example_branch_python_dop_operator_3.py took 0.105 seconds
[2026-03-29T12:38:01.590+0500] {processor.py:161} INFO - Started process (PID=6905) to work on /home/abayturar/airflow-project/venv/lib/python3.12/site-packages/airflow/example_dags/example_branch_python_dop_operator_3.py
[2026-03-29T12:38:01.591+0500] {processor.py:830} INFO - Processing file /home/abayturar/airflow-project/venv/lib/python3.12/site-packages/airflow/example_dags/example_branch_python_dop_operator_3.py for tasks to queue
[2026-03-29T12:38:01.593+0500] {logging_mixin.py:188} INFO - [2026-03-29T12:38:01.593+0500] {dagbag.py:545} INFO - Filling up the DagBag from /home/abayturar/airflow-project/venv/lib/python3.12/site-packages/airflow/example_dags/example_branch_python_dop_operator_3.py
[2026-03-29T12:38:01.601+0500] {processor.py:840} INFO - DAG(s) 'example_branch_dop_operator_v3' retrieved from /home/abayturar/airflow-project/venv/lib/python3.12/site-packages/airflow/example_dags/example_branch_python_dop_operator_3.py
[2026-03-29T12:38:01.616+0500] {logging_mixin.py:188} INFO - [2026-03-29T12:38:01.616+0500] {dag.py:3089} INFO - Sync 1 DAGs
[2026-03-29T12:38:01.632+0500] {logging_mixin.py:188} INFO - [2026-03-29T12:38:01.632+0500] {dag.py:3947} INFO - Setting next_dagrun for example_branch_dop_operator_v3 to 2026-03-29 07:37:00+00:00, run_after=2026-03-29 07:38:00+00:00
[2026-03-29T12:38:01.647+0500] {processor.py:183} INFO - Processing /home/abayturar/airflow-project/venv/lib/python3.12/site-packages/airflow/example_dags/example_branch_python_dop_operator_3.py took 0.063 seconds
[2026-03-29T12:39:18.995+0500] {processor.py:161} INFO - Started process (PID=7102) to work on /home/abayturar/airflow-project/venv/lib/python3.12/site-packages/airflow/example_dags/example_branch_python_dop_operator_3.py
[2026-03-29T12:39:18.996+0500] {processor.py:830} INFO - Processing file /home/abayturar/airflow-project/venv/lib/python3.12/site-packages/airflow/example_dags/example_branch_python_dop_operator_3.py for tasks to queue
[2026-03-29T12:39:18.997+0500] {logging_mixin.py:188} INFO - [2026-03-29T12:39:18.997+0500] {dagbag.py:545} INFO - Filling up the DagBag from /home/abayturar/airflow-project/venv/lib/python3.12/site-packages/airflow/example_dags/example_branch_python_dop_operator_3.py
[2026-03-29T12:39:19.006+0500] {processor.py:840} INFO - DAG(s) 'example_branch_dop_operator_v3' retrieved from /home/abayturar/airflow-project/venv/lib/python3.12/site-packages/airflow/example_dags/example_branch_python_dop_operator_3.py
[2026-03-29T12:39:19.021+0500] {logging_mixin.py:188} INFO - [2026-03-29T12:39:19.020+0500] {dag.py:3089} INFO - Sync 1 DAGs
[2026-03-29T12:39:19.036+0500] {logging_mixin.py:188} INFO - [2026-03-29T12:39:19.036+0500] {dag.py:3947} INFO - Setting next_dagrun for example_branch_dop_operator_v3 to 2026-03-29 07:38:00+00:00, run_after=2026-03-29 07:39:00+00:00
[2026-03-29T12:39:19.089+0500] {processor.py:183} INFO - Processing /home/abayturar/airflow-project/venv/lib/python3.12/site-packages/airflow/example_dags/example_branch_python_dop_operator_3.py took 0.101 seconds
[2026-03-29T12:40:34.705+0500] {processor.py:161} INFO - Started process (PID=7333) to work on /home/abayturar/airflow-project/venv/lib/python3.12/site-packages/airflow/example_dags/example_branch_python_dop_operator_3.py
[2026-03-29T12:40:34.706+0500] {processor.py:830} INFO - Processing file /home/abayturar/airflow-project/venv/lib/python3.12/site-packages/airflow/example_dags/example_branch_python_dop_operator_3.py for tasks to queue
[2026-03-29T12:40:34.707+0500] {logging_mixin.py:188} INFO - [2026-03-29T12:40:34.707+0500] {dagbag.py:545} INFO - Filling up the DagBag from /home/abayturar/airflow-project/venv/lib/python3.12/site-packages/airflow/example_dags/example_branch_python_dop_operator_3.py
[2026-03-29T12:40:34.715+0500] {processor.py:840} INFO - DAG(s) 'example_branch_dop_operator_v3' retrieved from /home/abayturar/airflow-project/venv/lib/python3.12/site-packages/airflow/example_dags/example_branch_python_dop_operator_3.py
[2026-03-29T12:40:34.730+0500] {logging_mixin.py:188} INFO - [2026-03-29T12:40:34.730+0500] {dag.py:3089} INFO - Sync 1 DAGs
[2026-03-29T12:40:34.745+0500] {logging_mixin.py:188} INFO - [2026-03-29T12:40:34.745+0500] {dag.py:3947} INFO - Setting next_dagrun for example_branch_dop_operator_v3 to 2026-03-29 07:39:00+00:00, run_after=2026-03-29 07:40:00+00:00
[2026-03-29T12:40:34.798+0500] {processor.py:183} INFO - Processing /home/abayturar/airflow-project/venv/lib/python3.12/site-packages/airflow/example_dags/example_branch_python_dop_operator_3.py took 0.099 seconds
[2026-03-29T12:41:51.334+0500] {processor.py:161} INFO - Started process (PID=7555) to work on /home/abayturar/airflow-project/venv/lib/python3.12/site-packages/airflow/example_dags/example_branch_python_dop_operator_3.py
[2026-03-29T12:41:51.335+0500] {processor.py:830} INFO - Processing file /home/abayturar/airflow-project/venv/lib/python3.12/site-packages/airflow/example_dags/example_branch_python_dop_operator_3.py for tasks to queue
[2026-03-29T12:41:51.337+0500] {logging_mixin.py:188} INFO - [2026-03-29T12:41:51.336+0500] {dagbag.py:545} INFO - Filling up the DagBag from /home/abayturar/airflow-project/venv/lib/python3.12/site-packages/airflow/example_dags/example_branch_python_dop_operator_3.py
[2026-03-29T12:41:51.347+0500] {processor.py:840} INFO - DAG(s) 'example_branch_dop_operator_v3' retrieved from /home/abayturar/airflow-project/venv/lib/python3.12/site-packages/airflow/example_dags/example_branch_python_dop_operator_3.py
[2026-03-29T12:41:51.366+0500] {logging_mixin.py:188} INFO - [2026-03-29T12:41:51.366+0500] {dag.py:3089} INFO - Sync 1 DAGs
[2026-03-29T12:41:51.388+0500] {logging_mixin.py:188} INFO - [2026-03-29T12:41:51.388+0500] {dag.py:3947} INFO - Setting next_dagrun for example_branch_dop_operator_v3 to 2026-03-29 07:40:00+00:00, run_after=2026-03-29 07:41:00+00:00
[2026-03-29T12:41:51.448+0500] {processor.py:183} INFO - Processing /home/abayturar/airflow-project/venv/lib/python3.12/site-packages/airflow/example_dags/example_branch_python_dop_operator_3.py took 0.121 seconds
[2026-03-29T12:42:44.702+0500] {processor.py:161} INFO - Started process (PID=7694) to work on /home/abayturar/airflow-project/venv/lib/python3.12/site-packages/airflow/example_dags/example_branch_python_dop_operator_3.py
[2026-03-29T12:42:44.703+0500] {processor.py:830} INFO - Processing file /home/abayturar/airflow-project/venv/lib/python3.12/site-packages/airflow/example_dags/example_branch_python_dop_operator_3.py for tasks to queue
[2026-03-29T12:42:44.705+0500] {logging_mixin.py:188} INFO - [2026-03-29T12:42:44.704+0500] {dagbag.py:545} INFO - Filling up the DagBag from /home/abayturar/airflow-project/venv/lib/python3.12/site-packages/airflow/example_dags/example_branch_python_dop_operator_3.py
[2026-03-29T12:42:44.714+0500] {processor.py:840} INFO - DAG(s) 'example_branch_dop_operator_v3' retrieved from /home/abayturar/airflow-project/venv/lib/python3.12/site-packages/airflow/example_dags/example_branch_python_dop_operator_3.py
[2026-03-29T12:42:44.731+0500] {logging_mixin.py:188} INFO - [2026-03-29T12:42:44.731+0500] {dag.py:3089} INFO - Sync 1 DAGs
[2026-03-29T12:42:44.747+0500] {logging_mixin.py:188} INFO - [2026-03-29T12:42:44.747+0500] {dag.py:3947} INFO - Setting next_dagrun for example_branch_dop_operator_v3 to 2026-03-29 07:41:00+00:00, run_after=2026-03-29 07:42:00+00:00
[2026-03-29T12:42:44.802+0500] {processor.py:183} INFO - Processing /home/abayturar/airflow-project/venv/lib/python3.12/site-packages/airflow/example_dags/example_branch_python_dop_operator_3.py took 0.108 seconds
[2026-03-29T12:44:03.017+0500] {processor.py:161} INFO - Started process (PID=8032) to work on /home/abayturar/airflow-project/venv/lib/python3.12/site-packages/airflow/example_dags/example_branch_python_dop_operator_3.py
[2026-03-29T12:44:03.017+0500] {processor.py:830} INFO - Processing file /home/abayturar/airflow-project/venv/lib/python3.12/site-packages/airflow/example_dags/example_branch_python_dop_operator_3.py for tasks to queue
[2026-03-29T12:44:03.019+0500] {logging_mixin.py:188} INFO - [2026-03-29T12:44:03.019+0500] {dagbag.py:545} INFO - Filling up the DagBag from /home/abayturar/airflow-project/venv/lib/python3.12/site-packages/airflow/example_dags/example_branch_python_dop_operator_3.py
[2026-03-29T12:44:03.028+0500] {processor.py:840} INFO - DAG(s) 'example_branch_dop_operator_v3' retrieved from /home/abayturar/airflow-project/venv/lib/python3.12/site-packages/airflow/example_dags/example_branch_python_dop_operator_3.py
[2026-03-29T12:44:03.043+0500] {logging_mixin.py:188} INFO - [2026-03-29T12:44:03.043+0500] {dag.py:3089} INFO - Sync 1 DAGs
[2026-03-29T12:44:03.058+0500] {logging_mixin.py:188} INFO - [2026-03-29T12:44:03.058+0500] {dag.py:3947} INFO - Setting next_dagrun for example_branch_dop_operator_v3 to 2026-03-29 07:43:00+00:00, run_after=2026-03-29 07:44:00+00:00
[2026-03-29T12:44:03.111+0500] {processor.py:183} INFO - Processing /home/abayturar/airflow-project/venv/lib/python3.12/site-packages/airflow/example_dags/example_branch_python_dop_operator_3.py took 0.101 seconds
[2026-03-29T12:44:56.580+0500] {processor.py:161} INFO - Started process (PID=8303) to work on /home/abayturar/airflow-project/venv/lib/python3.12/site-packages/airflow/example_dags/example_branch_python_dop_operator_3.py
[2026-03-29T12:44:56.581+0500] {processor.py:830} INFO - Processing file /home/abayturar/airflow-project/venv/lib/python3.12/site-packages/airflow/example_dags/example_branch_python_dop_operator_3.py for tasks to queue
[2026-03-29T12:44:56.583+0500] {logging_mixin.py:188} INFO - [2026-03-29T12:44:56.582+0500] {dagbag.py:545} INFO - Filling up the DagBag from /home/abayturar/airflow-project/venv/lib/python3.12/site-packages/airflow/example_dags/example_branch_python_dop_operator_3.py
[2026-03-29T12:44:56.591+0500] {processor.py:840} INFO - DAG(s) 'example_branch_dop_operator_v3' retrieved from /home/abayturar/airflow-project/venv/lib/python3.12/site-packages/airflow/example_dags/example_branch_python_dop_operator_3.py
[2026-03-29T12:44:56.606+0500] {logging_mixin.py:188} INFO - [2026-03-29T12:44:56.606+0500] {dag.py:3089} INFO - Sync 1 DAGs
[2026-03-29T12:44:56.620+0500] {logging_mixin.py:188} INFO - [2026-03-29T12:44:56.620+0500] {dag.py:3947} INFO - Setting next_dagrun for example_branch_dop_operator_v3 to 2026-03-29 07:43:00+00:00, run_after=2026-03-29 07:44:00+00:00
[2026-03-29T12:44:56.673+0500] {processor.py:183} INFO - Processing /home/abayturar/airflow-project/venv/lib/python3.12/site-packages/airflow/example_dags/example_branch_python_dop_operator_3.py took 0.099 seconds
[2026-03-29T12:45:50.622+0500] {processor.py:161} INFO - Started process (PID=8702) to work on /home/abayturar/airflow-project/venv/lib/python3.12/site-packages/airflow/example_dags/example_branch_python_dop_operator_3.py
[2026-03-29T12:45:50.623+0500] {processor.py:830} INFO - Processing file /home/abayturar/airflow-project/venv/lib/python3.12/site-packages/airflow/example_dags/example_branch_python_dop_operator_3.py for tasks to queue
[2026-03-29T12:45:50.625+0500] {logging_mixin.py:188} INFO - [2026-03-29T12:45:50.624+0500] {dagbag.py:545} INFO - Filling up the DagBag from /home/abayturar/airflow-project/venv/lib/python3.12/site-packages/airflow/example_dags/example_branch_python_dop_operator_3.py
[2026-03-29T12:45:50.633+0500] {processor.py:840} INFO - DAG(s) 'example_branch_dop_operator_v3' retrieved from /home/abayturar/airflow-project/venv/lib/python3.12/site-packages/airflow/example_dags/example_branch_python_dop_operator_3.py
[2026-03-29T12:45:50.649+0500] {logging_mixin.py:188} INFO - [2026-03-29T12:45:50.649+0500] {dag.py:3089} INFO - Sync 1 DAGs
[2026-03-29T12:45:50.665+0500] {logging_mixin.py:188} INFO - [2026-03-29T12:45:50.665+0500] {dag.py:3947} INFO - Setting next_dagrun for example_branch_dop_operator_v3 to 2026-03-29 07:44:00+00:00, run_after=2026-03-29 07:45:00+00:00
[2026-03-29T12:45:50.719+0500] {processor.py:183} INFO - Processing /home/abayturar/airflow-project/venv/lib/python3.12/site-packages/airflow/example_dags/example_branch_python_dop_operator_3.py took 0.103 seconds
[2026-03-29T12:47:08.550+0500] {processor.py:161} INFO - Started process (PID=9105) to work on /home/abayturar/airflow-project/venv/lib/python3.12/site-packages/airflow/example_dags/example_branch_python_dop_operator_3.py
[2026-03-29T12:47:08.551+0500] {processor.py:830} INFO - Processing file /home/abayturar/airflow-project/venv/lib/python3.12/site-packages/airflow/example_dags/example_branch_python_dop_operator_3.py for tasks to queue
[2026-03-29T12:47:08.553+0500] {logging_mixin.py:188} INFO - [2026-03-29T12:47:08.552+0500] {dagbag.py:545} INFO - Filling up the DagBag from /home/abayturar/airflow-project/venv/lib/python3.12/site-packages/airflow/example_dags/example_branch_python_dop_operator_3.py
[2026-03-29T12:47:08.561+0500] {processor.py:840} INFO - DAG(s) 'example_branch_dop_operator_v3' retrieved from /home/abayturar/airflow-project/venv/lib/python3.12/site-packages/airflow/example_dags/example_branch_python_dop_operator_3.py
[2026-03-29T12:47:08.580+0500] {logging_mixin.py:188} INFO - [2026-03-29T12:47:08.580+0500] {dag.py:3089} INFO - Sync 1 DAGs
[2026-03-29T12:47:08.597+0500] {logging_mixin.py:188} INFO - [2026-03-29T12:47:08.597+0500] {dag.py:3947} INFO - Setting next_dagrun for example_branch_dop_operator_v3 to 2026-03-29 07:46:00+00:00, run_after=2026-03-29 07:47:00+00:00
[2026-03-29T12:47:08.656+0500] {processor.py:183} INFO - Processing /home/abayturar/airflow-project/venv/lib/python3.12/site-packages/airflow/example_dags/example_branch_python_dop_operator_3.py took 0.112 seconds
