[2026-03-29T12:01:55.146+0500] {processor.py:161} INFO - Started process (PID=32420) to work on /home/abayturar/airflow-project/venv/lib/python3.12/site-packages/airflow/example_dags/example_trigger_controller_dag.py
[2026-03-29T12:01:55.147+0500] {processor.py:830} INFO - Processing file /home/abayturar/airflow-project/venv/lib/python3.12/site-packages/airflow/example_dags/example_trigger_controller_dag.py for tasks to queue
[2026-03-29T12:01:55.149+0500] {logging_mixin.py:188} INFO - [2026-03-29T12:01:55.148+0500] {dagbag.py:545} INFO - Filling up the DagBag from /home/abayturar/airflow-project/venv/lib/python3.12/site-packages/airflow/example_dags/example_trigger_controller_dag.py
[2026-03-29T12:01:55.192+0500] {processor.py:840} INFO - DAG(s) 'example_trigger_controller_dag' retrieved from /home/abayturar/airflow-project/venv/lib/python3.12/site-packages/airflow/example_dags/example_trigger_controller_dag.py
[2026-03-29T12:01:55.207+0500] {logging_mixin.py:188} INFO - [2026-03-29T12:01:55.207+0500] {dag.py:3089} INFO - Sync 1 DAGs
[2026-03-29T12:01:55.221+0500] {logging_mixin.py:188} INFO - [2026-03-29T12:01:55.221+0500] {dag.py:3947} INFO - Setting next_dagrun for example_trigger_controller_dag to 2021-01-01 00:00:00+00:00, run_after=2021-01-01 00:00:00+00:00
[2026-03-29T12:01:55.238+0500] {processor.py:183} INFO - Processing /home/abayturar/airflow-project/venv/lib/python3.12/site-packages/airflow/example_dags/example_trigger_controller_dag.py took 0.097 seconds
[2026-03-29T12:02:48.097+0500] {processor.py:161} INFO - Started process (PID=32636) to work on /home/abayturar/airflow-project/venv/lib/python3.12/site-packages/airflow/example_dags/example_trigger_controller_dag.py
[2026-03-29T12:02:48.098+0500] {processor.py:830} INFO - Processing file /home/abayturar/airflow-project/venv/lib/python3.12/site-packages/airflow/example_dags/example_trigger_controller_dag.py for tasks to queue
[2026-03-29T12:02:48.100+0500] {logging_mixin.py:188} INFO - [2026-03-29T12:02:48.099+0500] {dagbag.py:545} INFO - Filling up the DagBag from /home/abayturar/airflow-project/venv/lib/python3.12/site-packages/airflow/example_dags/example_trigger_controller_dag.py
[2026-03-29T12:02:48.105+0500] {processor.py:840} INFO - DAG(s) 'example_trigger_controller_dag' retrieved from /home/abayturar/airflow-project/venv/lib/python3.12/site-packages/airflow/example_dags/example_trigger_controller_dag.py
[2026-03-29T12:02:48.120+0500] {logging_mixin.py:188} INFO - [2026-03-29T12:02:48.119+0500] {dag.py:3089} INFO - Sync 1 DAGs
[2026-03-29T12:02:48.132+0500] {logging_mixin.py:188} INFO - [2026-03-29T12:02:48.132+0500] {dag.py:3947} INFO - Setting next_dagrun for example_trigger_controller_dag to 2021-01-01 00:00:00+00:00, run_after=2021-01-01 00:00:00+00:00
[2026-03-29T12:02:48.186+0500] {processor.py:183} INFO - Processing /home/abayturar/airflow-project/venv/lib/python3.12/site-packages/airflow/example_dags/example_trigger_controller_dag.py took 0.094 seconds
[2026-03-29T12:06:16.999+0500] {processor.py:161} INFO - Started process (PID=103) to work on /home/abayturar/airflow-project/venv/lib/python3.12/site-packages/airflow/example_dags/example_trigger_controller_dag.py
[2026-03-29T12:06:17.000+0500] {processor.py:830} INFO - Processing file /home/abayturar/airflow-project/venv/lib/python3.12/site-packages/airflow/example_dags/example_trigger_controller_dag.py for tasks to queue
[2026-03-29T12:06:17.001+0500] {logging_mixin.py:188} INFO - [2026-03-29T12:06:17.001+0500] {dagbag.py:545} INFO - Filling up the DagBag from /home/abayturar/airflow-project/venv/lib/python3.12/site-packages/airflow/example_dags/example_trigger_controller_dag.py
[2026-03-29T12:06:17.007+0500] {processor.py:840} INFO - DAG(s) 'example_trigger_controller_dag' retrieved from /home/abayturar/airflow-project/venv/lib/python3.12/site-packages/airflow/example_dags/example_trigger_controller_dag.py
[2026-03-29T12:06:17.022+0500] {logging_mixin.py:188} INFO - [2026-03-29T12:06:17.022+0500] {dag.py:3089} INFO - Sync 1 DAGs
[2026-03-29T12:06:17.037+0500] {logging_mixin.py:188} INFO - [2026-03-29T12:06:17.037+0500] {dag.py:3947} INFO - Setting next_dagrun for example_trigger_controller_dag to 2021-01-01 00:00:00+00:00, run_after=2021-01-01 00:00:00+00:00
[2026-03-29T12:06:17.053+0500] {processor.py:183} INFO - Processing /home/abayturar/airflow-project/venv/lib/python3.12/site-packages/airflow/example_dags/example_trigger_controller_dag.py took 0.061 seconds
[2026-03-29T12:07:09.547+0500] {processor.py:161} INFO - Started process (PID=317) to work on /home/abayturar/airflow-project/venv/lib/python3.12/site-packages/airflow/example_dags/example_trigger_controller_dag.py
[2026-03-29T12:07:09.548+0500] {processor.py:830} INFO - Processing file /home/abayturar/airflow-project/venv/lib/python3.12/site-packages/airflow/example_dags/example_trigger_controller_dag.py for tasks to queue
[2026-03-29T12:07:09.550+0500] {logging_mixin.py:188} INFO - [2026-03-29T12:07:09.549+0500] {dagbag.py:545} INFO - Filling up the DagBag from /home/abayturar/airflow-project/venv/lib/python3.12/site-packages/airflow/example_dags/example_trigger_controller_dag.py
[2026-03-29T12:07:09.556+0500] {processor.py:840} INFO - DAG(s) 'example_trigger_controller_dag' retrieved from /home/abayturar/airflow-project/venv/lib/python3.12/site-packages/airflow/example_dags/example_trigger_controller_dag.py
[2026-03-29T12:07:09.573+0500] {logging_mixin.py:188} INFO - [2026-03-29T12:07:09.573+0500] {dag.py:3089} INFO - Sync 1 DAGs
[2026-03-29T12:07:09.589+0500] {logging_mixin.py:188} INFO - [2026-03-29T12:07:09.588+0500] {dag.py:3947} INFO - Setting next_dagrun for example_trigger_controller_dag to 2021-01-01 00:00:00+00:00, run_after=2021-01-01 00:00:00+00:00
[2026-03-29T12:07:09.606+0500] {processor.py:183} INFO - Processing /home/abayturar/airflow-project/venv/lib/python3.12/site-packages/airflow/example_dags/example_trigger_controller_dag.py took 0.066 seconds
[2026-03-29T12:07:55.574+0500] {processor.py:161} INFO - Started process (PID=510) to work on /home/abayturar/airflow-project/venv/lib/python3.12/site-packages/airflow/example_dags/example_trigger_controller_dag.py
[2026-03-29T12:07:55.575+0500] {processor.py:830} INFO - Processing file /home/abayturar/airflow-project/venv/lib/python3.12/site-packages/airflow/example_dags/example_trigger_controller_dag.py for tasks to queue
[2026-03-29T12:07:55.577+0500] {logging_mixin.py:188} INFO - [2026-03-29T12:07:55.576+0500] {dagbag.py:545} INFO - Filling up the DagBag from /home/abayturar/airflow-project/venv/lib/python3.12/site-packages/airflow/example_dags/example_trigger_controller_dag.py
[2026-03-29T12:07:55.582+0500] {processor.py:840} INFO - DAG(s) 'example_trigger_controller_dag' retrieved from /home/abayturar/airflow-project/venv/lib/python3.12/site-packages/airflow/example_dags/example_trigger_controller_dag.py
[2026-03-29T12:07:55.597+0500] {logging_mixin.py:188} INFO - [2026-03-29T12:07:55.596+0500] {dag.py:3089} INFO - Sync 1 DAGs
[2026-03-29T12:07:55.609+0500] {logging_mixin.py:188} INFO - [2026-03-29T12:07:55.609+0500] {dag.py:3947} INFO - Setting next_dagrun for example_trigger_controller_dag to 2021-01-01 00:00:00+00:00, run_after=2021-01-01 00:00:00+00:00
[2026-03-29T12:07:55.625+0500] {processor.py:183} INFO - Processing /home/abayturar/airflow-project/venv/lib/python3.12/site-packages/airflow/example_dags/example_trigger_controller_dag.py took 0.057 seconds
[2026-03-29T12:08:46.346+0500] {processor.py:161} INFO - Started process (PID=719) to work on /home/abayturar/airflow-project/venv/lib/python3.12/site-packages/airflow/example_dags/example_trigger_controller_dag.py
[2026-03-29T12:08:46.347+0500] {processor.py:830} INFO - Processing file /home/abayturar/airflow-project/venv/lib/python3.12/site-packages/airflow/example_dags/example_trigger_controller_dag.py for tasks to queue
[2026-03-29T12:08:46.348+0500] {logging_mixin.py:188} INFO - [2026-03-29T12:08:46.348+0500] {dagbag.py:545} INFO - Filling up the DagBag from /home/abayturar/airflow-project/venv/lib/python3.12/site-packages/airflow/example_dags/example_trigger_controller_dag.py
[2026-03-29T12:08:46.355+0500] {processor.py:840} INFO - DAG(s) 'example_trigger_controller_dag' retrieved from /home/abayturar/airflow-project/venv/lib/python3.12/site-packages/airflow/example_dags/example_trigger_controller_dag.py
[2026-03-29T12:08:46.370+0500] {logging_mixin.py:188} INFO - [2026-03-29T12:08:46.370+0500] {dag.py:3089} INFO - Sync 1 DAGs
[2026-03-29T12:08:46.383+0500] {logging_mixin.py:188} INFO - [2026-03-29T12:08:46.383+0500] {dag.py:3947} INFO - Setting next_dagrun for example_trigger_controller_dag to 2021-01-01 00:00:00+00:00, run_after=2021-01-01 00:00:00+00:00
[2026-03-29T12:08:46.401+0500] {processor.py:183} INFO - Processing /home/abayturar/airflow-project/venv/lib/python3.12/site-packages/airflow/example_dags/example_trigger_controller_dag.py took 0.062 seconds
[2026-03-29T12:09:38.470+0500] {processor.py:161} INFO - Started process (PID=912) to work on /home/abayturar/airflow-project/venv/lib/python3.12/site-packages/airflow/example_dags/example_trigger_controller_dag.py
[2026-03-29T12:09:38.471+0500] {processor.py:830} INFO - Processing file /home/abayturar/airflow-project/venv/lib/python3.12/site-packages/airflow/example_dags/example_trigger_controller_dag.py for tasks to queue
[2026-03-29T12:09:38.473+0500] {logging_mixin.py:188} INFO - [2026-03-29T12:09:38.472+0500] {dagbag.py:545} INFO - Filling up the DagBag from /home/abayturar/airflow-project/venv/lib/python3.12/site-packages/airflow/example_dags/example_trigger_controller_dag.py
[2026-03-29T12:09:38.478+0500] {processor.py:840} INFO - DAG(s) 'example_trigger_controller_dag' retrieved from /home/abayturar/airflow-project/venv/lib/python3.12/site-packages/airflow/example_dags/example_trigger_controller_dag.py
[2026-03-29T12:09:38.492+0500] {logging_mixin.py:188} INFO - [2026-03-29T12:09:38.492+0500] {dag.py:3089} INFO - Sync 1 DAGs
[2026-03-29T12:09:38.505+0500] {logging_mixin.py:188} INFO - [2026-03-29T12:09:38.505+0500] {dag.py:3947} INFO - Setting next_dagrun for example_trigger_controller_dag to 2021-01-01 00:00:00+00:00, run_after=2021-01-01 00:00:00+00:00
[2026-03-29T12:09:38.520+0500] {processor.py:183} INFO - Processing /home/abayturar/airflow-project/venv/lib/python3.12/site-packages/airflow/example_dags/example_trigger_controller_dag.py took 0.056 seconds
[2026-03-29T12:10:27.916+0500] {processor.py:161} INFO - Started process (PID=1044) to work on /home/abayturar/airflow-project/venv/lib/python3.12/site-packages/airflow/example_dags/example_trigger_controller_dag.py
[2026-03-29T12:10:27.917+0500] {processor.py:830} INFO - Processing file /home/abayturar/airflow-project/venv/lib/python3.12/site-packages/airflow/example_dags/example_trigger_controller_dag.py for tasks to queue
[2026-03-29T12:10:27.919+0500] {logging_mixin.py:188} INFO - [2026-03-29T12:10:27.918+0500] {dagbag.py:545} INFO - Filling up the DagBag from /home/abayturar/airflow-project/venv/lib/python3.12/site-packages/airflow/example_dags/example_trigger_controller_dag.py
[2026-03-29T12:10:27.925+0500] {processor.py:840} INFO - DAG(s) 'example_trigger_controller_dag' retrieved from /home/abayturar/airflow-project/venv/lib/python3.12/site-packages/airflow/example_dags/example_trigger_controller_dag.py
[2026-03-29T12:10:27.940+0500] {logging_mixin.py:188} INFO - [2026-03-29T12:10:27.940+0500] {dag.py:3089} INFO - Sync 1 DAGs
[2026-03-29T12:10:27.953+0500] {logging_mixin.py:188} INFO - [2026-03-29T12:10:27.953+0500] {dag.py:3947} INFO - Setting next_dagrun for example_trigger_controller_dag to 2021-01-01 00:00:00+00:00, run_after=2021-01-01 00:00:00+00:00
[2026-03-29T12:10:27.968+0500] {processor.py:183} INFO - Processing /home/abayturar/airflow-project/venv/lib/python3.12/site-packages/airflow/example_dags/example_trigger_controller_dag.py took 0.058 seconds
[2026-03-29T12:11:15.188+0500] {processor.py:161} INFO - Started process (PID=1169) to work on /home/abayturar/airflow-project/venv/lib/python3.12/site-packages/airflow/example_dags/example_trigger_controller_dag.py
[2026-03-29T12:11:15.189+0500] {processor.py:830} INFO - Processing file /home/abayturar/airflow-project/venv/lib/python3.12/site-packages/airflow/example_dags/example_trigger_controller_dag.py for tasks to queue
[2026-03-29T12:11:15.191+0500] {logging_mixin.py:188} INFO - [2026-03-29T12:11:15.190+0500] {dagbag.py:545} INFO - Filling up the DagBag from /home/abayturar/airflow-project/venv/lib/python3.12/site-packages/airflow/example_dags/example_trigger_controller_dag.py
[2026-03-29T12:11:15.197+0500] {processor.py:840} INFO - DAG(s) 'example_trigger_controller_dag' retrieved from /home/abayturar/airflow-project/venv/lib/python3.12/site-packages/airflow/example_dags/example_trigger_controller_dag.py
[2026-03-29T12:11:15.216+0500] {logging_mixin.py:188} INFO - [2026-03-29T12:11:15.216+0500] {dag.py:3089} INFO - Sync 1 DAGs
[2026-03-29T12:11:15.231+0500] {logging_mixin.py:188} INFO - [2026-03-29T12:11:15.231+0500] {dag.py:3947} INFO - Setting next_dagrun for example_trigger_controller_dag to 2021-01-01 00:00:00+00:00, run_after=2021-01-01 00:00:00+00:00
[2026-03-29T12:11:15.288+0500] {processor.py:183} INFO - Processing /home/abayturar/airflow-project/venv/lib/python3.12/site-packages/airflow/example_dags/example_trigger_controller_dag.py took 0.106 seconds
[2026-03-29T12:12:05.337+0500] {processor.py:161} INFO - Started process (PID=1300) to work on /home/abayturar/airflow-project/venv/lib/python3.12/site-packages/airflow/example_dags/example_trigger_controller_dag.py
[2026-03-29T12:12:05.337+0500] {processor.py:830} INFO - Processing file /home/abayturar/airflow-project/venv/lib/python3.12/site-packages/airflow/example_dags/example_trigger_controller_dag.py for tasks to queue
[2026-03-29T12:12:05.340+0500] {logging_mixin.py:188} INFO - [2026-03-29T12:12:05.339+0500] {dagbag.py:545} INFO - Filling up the DagBag from /home/abayturar/airflow-project/venv/lib/python3.12/site-packages/airflow/example_dags/example_trigger_controller_dag.py
[2026-03-29T12:12:05.345+0500] {processor.py:840} INFO - DAG(s) 'example_trigger_controller_dag' retrieved from /home/abayturar/airflow-project/venv/lib/python3.12/site-packages/airflow/example_dags/example_trigger_controller_dag.py
[2026-03-29T12:12:05.362+0500] {logging_mixin.py:188} INFO - [2026-03-29T12:12:05.362+0500] {dag.py:3089} INFO - Sync 1 DAGs
[2026-03-29T12:12:05.378+0500] {logging_mixin.py:188} INFO - [2026-03-29T12:12:05.378+0500] {dag.py:3947} INFO - Setting next_dagrun for example_trigger_controller_dag to 2021-01-01 00:00:00+00:00, run_after=2021-01-01 00:00:00+00:00
[2026-03-29T12:12:05.435+0500] {processor.py:183} INFO - Processing /home/abayturar/airflow-project/venv/lib/python3.12/site-packages/airflow/example_dags/example_trigger_controller_dag.py took 0.104 seconds
[2026-03-29T12:12:58.161+0500] {processor.py:161} INFO - Started process (PID=1439) to work on /home/abayturar/airflow-project/venv/lib/python3.12/site-packages/airflow/example_dags/example_trigger_controller_dag.py
[2026-03-29T12:12:58.162+0500] {processor.py:830} INFO - Processing file /home/abayturar/airflow-project/venv/lib/python3.12/site-packages/airflow/example_dags/example_trigger_controller_dag.py for tasks to queue
[2026-03-29T12:12:58.163+0500] {logging_mixin.py:188} INFO - [2026-03-29T12:12:58.163+0500] {dagbag.py:545} INFO - Filling up the DagBag from /home/abayturar/airflow-project/venv/lib/python3.12/site-packages/airflow/example_dags/example_trigger_controller_dag.py
[2026-03-29T12:12:58.169+0500] {processor.py:840} INFO - DAG(s) 'example_trigger_controller_dag' retrieved from /home/abayturar/airflow-project/venv/lib/python3.12/site-packages/airflow/example_dags/example_trigger_controller_dag.py
[2026-03-29T12:12:58.184+0500] {logging_mixin.py:188} INFO - [2026-03-29T12:12:58.184+0500] {dag.py:3089} INFO - Sync 1 DAGs
[2026-03-29T12:12:58.196+0500] {logging_mixin.py:188} INFO - [2026-03-29T12:12:58.196+0500] {dag.py:3947} INFO - Setting next_dagrun for example_trigger_controller_dag to 2021-01-01 00:00:00+00:00, run_after=2021-01-01 00:00:00+00:00
[2026-03-29T12:12:58.251+0500] {processor.py:183} INFO - Processing /home/abayturar/airflow-project/venv/lib/python3.12/site-packages/airflow/example_dags/example_trigger_controller_dag.py took 0.095 seconds
[2026-03-29T12:13:46.187+0500] {processor.py:161} INFO - Started process (PID=1565) to work on /home/abayturar/airflow-project/venv/lib/python3.12/site-packages/airflow/example_dags/example_trigger_controller_dag.py
[2026-03-29T12:13:46.188+0500] {processor.py:830} INFO - Processing file /home/abayturar/airflow-project/venv/lib/python3.12/site-packages/airflow/example_dags/example_trigger_controller_dag.py for tasks to queue
[2026-03-29T12:13:46.189+0500] {logging_mixin.py:188} INFO - [2026-03-29T12:13:46.189+0500] {dagbag.py:545} INFO - Filling up the DagBag from /home/abayturar/airflow-project/venv/lib/python3.12/site-packages/airflow/example_dags/example_trigger_controller_dag.py
[2026-03-29T12:13:46.195+0500] {processor.py:840} INFO - DAG(s) 'example_trigger_controller_dag' retrieved from /home/abayturar/airflow-project/venv/lib/python3.12/site-packages/airflow/example_dags/example_trigger_controller_dag.py
[2026-03-29T12:13:46.209+0500] {logging_mixin.py:188} INFO - [2026-03-29T12:13:46.209+0500] {dag.py:3089} INFO - Sync 1 DAGs
[2026-03-29T12:13:46.223+0500] {logging_mixin.py:188} INFO - [2026-03-29T12:13:46.222+0500] {dag.py:3947} INFO - Setting next_dagrun for example_trigger_controller_dag to 2021-01-01 00:00:00+00:00, run_after=2021-01-01 00:00:00+00:00
[2026-03-29T12:13:46.277+0500] {processor.py:183} INFO - Processing /home/abayturar/airflow-project/venv/lib/python3.12/site-packages/airflow/example_dags/example_trigger_controller_dag.py took 0.096 seconds
[2026-03-29T12:14:39.600+0500] {processor.py:161} INFO - Started process (PID=1703) to work on /home/abayturar/airflow-project/venv/lib/python3.12/site-packages/airflow/example_dags/example_trigger_controller_dag.py
[2026-03-29T12:14:39.601+0500] {processor.py:830} INFO - Processing file /home/abayturar/airflow-project/venv/lib/python3.12/site-packages/airflow/example_dags/example_trigger_controller_dag.py for tasks to queue
[2026-03-29T12:14:39.602+0500] {logging_mixin.py:188} INFO - [2026-03-29T12:14:39.602+0500] {dagbag.py:545} INFO - Filling up the DagBag from /home/abayturar/airflow-project/venv/lib/python3.12/site-packages/airflow/example_dags/example_trigger_controller_dag.py
[2026-03-29T12:14:39.608+0500] {processor.py:840} INFO - DAG(s) 'example_trigger_controller_dag' retrieved from /home/abayturar/airflow-project/venv/lib/python3.12/site-packages/airflow/example_dags/example_trigger_controller_dag.py
[2026-03-29T12:14:39.623+0500] {logging_mixin.py:188} INFO - [2026-03-29T12:14:39.623+0500] {dag.py:3089} INFO - Sync 1 DAGs
[2026-03-29T12:14:39.723+0500] {logging_mixin.py:188} INFO - [2026-03-29T12:14:39.723+0500] {dag.py:3947} INFO - Setting next_dagrun for example_trigger_controller_dag to 2021-01-01 00:00:00+00:00, run_after=2021-01-01 00:00:00+00:00
[2026-03-29T12:14:39.735+0500] {processor.py:183} INFO - Processing /home/abayturar/airflow-project/venv/lib/python3.12/site-packages/airflow/example_dags/example_trigger_controller_dag.py took 0.142 seconds
[2026-03-29T12:15:32.880+0500] {processor.py:161} INFO - Started process (PID=1843) to work on /home/abayturar/airflow-project/venv/lib/python3.12/site-packages/airflow/example_dags/example_trigger_controller_dag.py
[2026-03-29T12:15:32.882+0500] {processor.py:830} INFO - Processing file /home/abayturar/airflow-project/venv/lib/python3.12/site-packages/airflow/example_dags/example_trigger_controller_dag.py for tasks to queue
[2026-03-29T12:15:32.885+0500] {logging_mixin.py:188} INFO - [2026-03-29T12:15:32.884+0500] {dagbag.py:545} INFO - Filling up the DagBag from /home/abayturar/airflow-project/venv/lib/python3.12/site-packages/airflow/example_dags/example_trigger_controller_dag.py
[2026-03-29T12:15:32.891+0500] {processor.py:840} INFO - DAG(s) 'example_trigger_controller_dag' retrieved from /home/abayturar/airflow-project/venv/lib/python3.12/site-packages/airflow/example_dags/example_trigger_controller_dag.py
[2026-03-29T12:15:32.907+0500] {logging_mixin.py:188} INFO - [2026-03-29T12:15:32.907+0500] {dag.py:3089} INFO - Sync 1 DAGs
[2026-03-29T12:15:32.922+0500] {logging_mixin.py:188} INFO - [2026-03-29T12:15:32.921+0500] {dag.py:3947} INFO - Setting next_dagrun for example_trigger_controller_dag to 2021-01-01 00:00:00+00:00, run_after=2021-01-01 00:00:00+00:00
[2026-03-29T12:15:32.976+0500] {processor.py:183} INFO - Processing /home/abayturar/airflow-project/venv/lib/python3.12/site-packages/airflow/example_dags/example_trigger_controller_dag.py took 0.103 seconds
[2026-03-29T12:16:26.345+0500] {processor.py:161} INFO - Started process (PID=1982) to work on /home/abayturar/airflow-project/venv/lib/python3.12/site-packages/airflow/example_dags/example_trigger_controller_dag.py
[2026-03-29T12:16:26.346+0500] {processor.py:830} INFO - Processing file /home/abayturar/airflow-project/venv/lib/python3.12/site-packages/airflow/example_dags/example_trigger_controller_dag.py for tasks to queue
[2026-03-29T12:16:26.347+0500] {logging_mixin.py:188} INFO - [2026-03-29T12:16:26.347+0500] {dagbag.py:545} INFO - Filling up the DagBag from /home/abayturar/airflow-project/venv/lib/python3.12/site-packages/airflow/example_dags/example_trigger_controller_dag.py
[2026-03-29T12:16:26.353+0500] {processor.py:840} INFO - DAG(s) 'example_trigger_controller_dag' retrieved from /home/abayturar/airflow-project/venv/lib/python3.12/site-packages/airflow/example_dags/example_trigger_controller_dag.py
[2026-03-29T12:16:26.369+0500] {logging_mixin.py:188} INFO - [2026-03-29T12:16:26.369+0500] {dag.py:3089} INFO - Sync 1 DAGs
[2026-03-29T12:16:26.382+0500] {logging_mixin.py:188} INFO - [2026-03-29T12:16:26.382+0500] {dag.py:3947} INFO - Setting next_dagrun for example_trigger_controller_dag to 2021-01-01 00:00:00+00:00, run_after=2021-01-01 00:00:00+00:00
[2026-03-29T12:16:26.435+0500] {processor.py:183} INFO - Processing /home/abayturar/airflow-project/venv/lib/python3.12/site-packages/airflow/example_dags/example_trigger_controller_dag.py took 0.096 seconds
[2026-03-29T12:17:18.497+0500] {processor.py:161} INFO - Started process (PID=2120) to work on /home/abayturar/airflow-project/venv/lib/python3.12/site-packages/airflow/example_dags/example_trigger_controller_dag.py
[2026-03-29T12:17:18.498+0500] {processor.py:830} INFO - Processing file /home/abayturar/airflow-project/venv/lib/python3.12/site-packages/airflow/example_dags/example_trigger_controller_dag.py for tasks to queue
[2026-03-29T12:17:18.499+0500] {logging_mixin.py:188} INFO - [2026-03-29T12:17:18.499+0500] {dagbag.py:545} INFO - Filling up the DagBag from /home/abayturar/airflow-project/venv/lib/python3.12/site-packages/airflow/example_dags/example_trigger_controller_dag.py
[2026-03-29T12:17:18.600+0500] {processor.py:840} INFO - DAG(s) 'example_trigger_controller_dag' retrieved from /home/abayturar/airflow-project/venv/lib/python3.12/site-packages/airflow/example_dags/example_trigger_controller_dag.py
[2026-03-29T12:17:18.608+0500] {logging_mixin.py:188} INFO - [2026-03-29T12:17:18.608+0500] {dag.py:3089} INFO - Sync 1 DAGs
[2026-03-29T12:17:18.618+0500] {logging_mixin.py:188} INFO - [2026-03-29T12:17:18.618+0500] {dag.py:3947} INFO - Setting next_dagrun for example_trigger_controller_dag to 2021-01-01 00:00:00+00:00, run_after=2021-01-01 00:00:00+00:00
[2026-03-29T12:17:18.670+0500] {processor.py:183} INFO - Processing /home/abayturar/airflow-project/venv/lib/python3.12/site-packages/airflow/example_dags/example_trigger_controller_dag.py took 0.178 seconds
[2026-03-29T12:18:13.036+0500] {processor.py:161} INFO - Started process (PID=2260) to work on /home/abayturar/airflow-project/venv/lib/python3.12/site-packages/airflow/example_dags/example_trigger_controller_dag.py
[2026-03-29T12:18:13.036+0500] {processor.py:830} INFO - Processing file /home/abayturar/airflow-project/venv/lib/python3.12/site-packages/airflow/example_dags/example_trigger_controller_dag.py for tasks to queue
[2026-03-29T12:18:13.039+0500] {logging_mixin.py:188} INFO - [2026-03-29T12:18:13.038+0500] {dagbag.py:545} INFO - Filling up the DagBag from /home/abayturar/airflow-project/venv/lib/python3.12/site-packages/airflow/example_dags/example_trigger_controller_dag.py
[2026-03-29T12:18:13.045+0500] {processor.py:840} INFO - DAG(s) 'example_trigger_controller_dag' retrieved from /home/abayturar/airflow-project/venv/lib/python3.12/site-packages/airflow/example_dags/example_trigger_controller_dag.py
[2026-03-29T12:18:13.060+0500] {logging_mixin.py:188} INFO - [2026-03-29T12:18:13.060+0500] {dag.py:3089} INFO - Sync 1 DAGs
[2026-03-29T12:18:13.075+0500] {logging_mixin.py:188} INFO - [2026-03-29T12:18:13.075+0500] {dag.py:3947} INFO - Setting next_dagrun for example_trigger_controller_dag to 2021-01-01 00:00:00+00:00, run_after=2021-01-01 00:00:00+00:00
[2026-03-29T12:18:13.128+0500] {processor.py:183} INFO - Processing /home/abayturar/airflow-project/venv/lib/python3.12/site-packages/airflow/example_dags/example_trigger_controller_dag.py took 0.100 seconds
[2026-03-29T12:19:02.692+0500] {processor.py:161} INFO - Started process (PID=2390) to work on /home/abayturar/airflow-project/venv/lib/python3.12/site-packages/airflow/example_dags/example_trigger_controller_dag.py
[2026-03-29T12:19:02.693+0500] {processor.py:830} INFO - Processing file /home/abayturar/airflow-project/venv/lib/python3.12/site-packages/airflow/example_dags/example_trigger_controller_dag.py for tasks to queue
[2026-03-29T12:19:02.695+0500] {logging_mixin.py:188} INFO - [2026-03-29T12:19:02.695+0500] {dagbag.py:545} INFO - Filling up the DagBag from /home/abayturar/airflow-project/venv/lib/python3.12/site-packages/airflow/example_dags/example_trigger_controller_dag.py
[2026-03-29T12:19:02.701+0500] {processor.py:840} INFO - DAG(s) 'example_trigger_controller_dag' retrieved from /home/abayturar/airflow-project/venv/lib/python3.12/site-packages/airflow/example_dags/example_trigger_controller_dag.py
[2026-03-29T12:19:02.716+0500] {logging_mixin.py:188} INFO - [2026-03-29T12:19:02.716+0500] {dag.py:3089} INFO - Sync 1 DAGs
[2026-03-29T12:19:02.732+0500] {logging_mixin.py:188} INFO - [2026-03-29T12:19:02.732+0500] {dag.py:3947} INFO - Setting next_dagrun for example_trigger_controller_dag to 2021-01-01 00:00:00+00:00, run_after=2021-01-01 00:00:00+00:00
[2026-03-29T12:19:02.789+0500] {processor.py:183} INFO - Processing /home/abayturar/airflow-project/venv/lib/python3.12/site-packages/airflow/example_dags/example_trigger_controller_dag.py took 0.104 seconds
[2026-03-29T12:19:52.716+0500] {processor.py:161} INFO - Started process (PID=2521) to work on /home/abayturar/airflow-project/venv/lib/python3.12/site-packages/airflow/example_dags/example_trigger_controller_dag.py
[2026-03-29T12:19:52.717+0500] {processor.py:830} INFO - Processing file /home/abayturar/airflow-project/venv/lib/python3.12/site-packages/airflow/example_dags/example_trigger_controller_dag.py for tasks to queue
[2026-03-29T12:19:52.720+0500] {logging_mixin.py:188} INFO - [2026-03-29T12:19:52.719+0500] {dagbag.py:545} INFO - Filling up the DagBag from /home/abayturar/airflow-project/venv/lib/python3.12/site-packages/airflow/example_dags/example_trigger_controller_dag.py
[2026-03-29T12:19:52.727+0500] {processor.py:840} INFO - DAG(s) 'example_trigger_controller_dag' retrieved from /home/abayturar/airflow-project/venv/lib/python3.12/site-packages/airflow/example_dags/example_trigger_controller_dag.py
[2026-03-29T12:19:52.745+0500] {logging_mixin.py:188} INFO - [2026-03-29T12:19:52.745+0500] {dag.py:3089} INFO - Sync 1 DAGs
[2026-03-29T12:19:52.766+0500] {logging_mixin.py:188} INFO - [2026-03-29T12:19:52.765+0500] {dag.py:3947} INFO - Setting next_dagrun for example_trigger_controller_dag to 2021-01-01 00:00:00+00:00, run_after=2021-01-01 00:00:00+00:00
[2026-03-29T12:19:52.823+0500] {processor.py:183} INFO - Processing /home/abayturar/airflow-project/venv/lib/python3.12/site-packages/airflow/example_dags/example_trigger_controller_dag.py took 0.115 seconds
[2026-03-29T12:20:47.101+0500] {processor.py:161} INFO - Started process (PID=2662) to work on /home/abayturar/airflow-project/venv/lib/python3.12/site-packages/airflow/example_dags/example_trigger_controller_dag.py
[2026-03-29T12:20:47.102+0500] {processor.py:830} INFO - Processing file /home/abayturar/airflow-project/venv/lib/python3.12/site-packages/airflow/example_dags/example_trigger_controller_dag.py for tasks to queue
[2026-03-29T12:20:47.103+0500] {logging_mixin.py:188} INFO - [2026-03-29T12:20:47.103+0500] {dagbag.py:545} INFO - Filling up the DagBag from /home/abayturar/airflow-project/venv/lib/python3.12/site-packages/airflow/example_dags/example_trigger_controller_dag.py
[2026-03-29T12:20:47.110+0500] {processor.py:840} INFO - DAG(s) 'example_trigger_controller_dag' retrieved from /home/abayturar/airflow-project/venv/lib/python3.12/site-packages/airflow/example_dags/example_trigger_controller_dag.py
[2026-03-29T12:20:47.128+0500] {logging_mixin.py:188} INFO - [2026-03-29T12:20:47.128+0500] {dag.py:3089} INFO - Sync 1 DAGs
[2026-03-29T12:20:47.145+0500] {logging_mixin.py:188} INFO - [2026-03-29T12:20:47.145+0500] {dag.py:3947} INFO - Setting next_dagrun for example_trigger_controller_dag to 2021-01-01 00:00:00+00:00, run_after=2021-01-01 00:00:00+00:00
[2026-03-29T12:20:47.208+0500] {processor.py:183} INFO - Processing /home/abayturar/airflow-project/venv/lib/python3.12/site-packages/airflow/example_dags/example_trigger_controller_dag.py took 0.115 seconds
[2026-03-29T12:21:39.546+0500] {processor.py:161} INFO - Started process (PID=2799) to work on /home/abayturar/airflow-project/venv/lib/python3.12/site-packages/airflow/example_dags/example_trigger_controller_dag.py
[2026-03-29T12:21:39.547+0500] {processor.py:830} INFO - Processing file /home/abayturar/airflow-project/venv/lib/python3.12/site-packages/airflow/example_dags/example_trigger_controller_dag.py for tasks to queue
[2026-03-29T12:21:39.549+0500] {logging_mixin.py:188} INFO - [2026-03-29T12:21:39.549+0500] {dagbag.py:545} INFO - Filling up the DagBag from /home/abayturar/airflow-project/venv/lib/python3.12/site-packages/airflow/example_dags/example_trigger_controller_dag.py
[2026-03-29T12:21:39.556+0500] {processor.py:840} INFO - DAG(s) 'example_trigger_controller_dag' retrieved from /home/abayturar/airflow-project/venv/lib/python3.12/site-packages/airflow/example_dags/example_trigger_controller_dag.py
[2026-03-29T12:21:39.570+0500] {logging_mixin.py:188} INFO - [2026-03-29T12:21:39.570+0500] {dag.py:3089} INFO - Sync 1 DAGs
[2026-03-29T12:21:39.584+0500] {logging_mixin.py:188} INFO - [2026-03-29T12:21:39.583+0500] {dag.py:3947} INFO - Setting next_dagrun for example_trigger_controller_dag to 2021-01-01 00:00:00+00:00, run_after=2021-01-01 00:00:00+00:00
[2026-03-29T12:21:39.637+0500] {processor.py:183} INFO - Processing /home/abayturar/airflow-project/venv/lib/python3.12/site-packages/airflow/example_dags/example_trigger_controller_dag.py took 0.097 seconds
[2026-03-29T12:22:30.148+0500] {processor.py:161} INFO - Started process (PID=3056) to work on /home/abayturar/airflow-project/venv/lib/python3.12/site-packages/airflow/example_dags/example_trigger_controller_dag.py
[2026-03-29T12:22:30.149+0500] {processor.py:830} INFO - Processing file /home/abayturar/airflow-project/venv/lib/python3.12/site-packages/airflow/example_dags/example_trigger_controller_dag.py for tasks to queue
[2026-03-29T12:22:30.151+0500] {logging_mixin.py:188} INFO - [2026-03-29T12:22:30.150+0500] {dagbag.py:545} INFO - Filling up the DagBag from /home/abayturar/airflow-project/venv/lib/python3.12/site-packages/airflow/example_dags/example_trigger_controller_dag.py
[2026-03-29T12:22:30.157+0500] {processor.py:840} INFO - DAG(s) 'example_trigger_controller_dag' retrieved from /home/abayturar/airflow-project/venv/lib/python3.12/site-packages/airflow/example_dags/example_trigger_controller_dag.py
[2026-03-29T12:22:30.172+0500] {logging_mixin.py:188} INFO - [2026-03-29T12:22:30.172+0500] {dag.py:3089} INFO - Sync 1 DAGs
[2026-03-29T12:22:30.186+0500] {logging_mixin.py:188} INFO - [2026-03-29T12:22:30.186+0500] {dag.py:3947} INFO - Setting next_dagrun for example_trigger_controller_dag to 2021-01-01 00:00:00+00:00, run_after=2021-01-01 00:00:00+00:00
[2026-03-29T12:22:30.240+0500] {processor.py:183} INFO - Processing /home/abayturar/airflow-project/venv/lib/python3.12/site-packages/airflow/example_dags/example_trigger_controller_dag.py took 0.098 seconds
[2026-03-29T12:23:23.562+0500] {processor.py:161} INFO - Started process (PID=3260) to work on /home/abayturar/airflow-project/venv/lib/python3.12/site-packages/airflow/example_dags/example_trigger_controller_dag.py
[2026-03-29T12:23:23.563+0500] {processor.py:830} INFO - Processing file /home/abayturar/airflow-project/venv/lib/python3.12/site-packages/airflow/example_dags/example_trigger_controller_dag.py for tasks to queue
[2026-03-29T12:23:23.565+0500] {logging_mixin.py:188} INFO - [2026-03-29T12:23:23.564+0500] {dagbag.py:545} INFO - Filling up the DagBag from /home/abayturar/airflow-project/venv/lib/python3.12/site-packages/airflow/example_dags/example_trigger_controller_dag.py
[2026-03-29T12:23:23.573+0500] {processor.py:840} INFO - DAG(s) 'example_trigger_controller_dag' retrieved from /home/abayturar/airflow-project/venv/lib/python3.12/site-packages/airflow/example_dags/example_trigger_controller_dag.py
[2026-03-29T12:23:23.589+0500] {logging_mixin.py:188} INFO - [2026-03-29T12:23:23.589+0500] {dag.py:3089} INFO - Sync 1 DAGs
[2026-03-29T12:23:23.602+0500] {logging_mixin.py:188} INFO - [2026-03-29T12:23:23.602+0500] {dag.py:3947} INFO - Setting next_dagrun for example_trigger_controller_dag to 2021-01-01 00:00:00+00:00, run_after=2021-01-01 00:00:00+00:00
[2026-03-29T12:23:23.619+0500] {processor.py:183} INFO - Processing /home/abayturar/airflow-project/venv/lib/python3.12/site-packages/airflow/example_dags/example_trigger_controller_dag.py took 0.064 seconds
[2026-03-29T12:24:16.151+0500] {processor.py:161} INFO - Started process (PID=3482) to work on /home/abayturar/airflow-project/venv/lib/python3.12/site-packages/airflow/example_dags/example_trigger_controller_dag.py
[2026-03-29T12:24:16.152+0500] {processor.py:830} INFO - Processing file /home/abayturar/airflow-project/venv/lib/python3.12/site-packages/airflow/example_dags/example_trigger_controller_dag.py for tasks to queue
[2026-03-29T12:24:16.154+0500] {logging_mixin.py:188} INFO - [2026-03-29T12:24:16.153+0500] {dagbag.py:545} INFO - Filling up the DagBag from /home/abayturar/airflow-project/venv/lib/python3.12/site-packages/airflow/example_dags/example_trigger_controller_dag.py
[2026-03-29T12:24:16.159+0500] {processor.py:840} INFO - DAG(s) 'example_trigger_controller_dag' retrieved from /home/abayturar/airflow-project/venv/lib/python3.12/site-packages/airflow/example_dags/example_trigger_controller_dag.py
[2026-03-29T12:24:16.174+0500] {logging_mixin.py:188} INFO - [2026-03-29T12:24:16.174+0500] {dag.py:3089} INFO - Sync 1 DAGs
[2026-03-29T12:24:16.188+0500] {logging_mixin.py:188} INFO - [2026-03-29T12:24:16.188+0500] {dag.py:3947} INFO - Setting next_dagrun for example_trigger_controller_dag to 2021-01-01 00:00:00+00:00, run_after=2021-01-01 00:00:00+00:00
[2026-03-29T12:24:16.244+0500] {processor.py:183} INFO - Processing /home/abayturar/airflow-project/venv/lib/python3.12/site-packages/airflow/example_dags/example_trigger_controller_dag.py took 0.099 seconds
[2026-03-29T12:25:09.641+0500] {processor.py:161} INFO - Started process (PID=3622) to work on /home/abayturar/airflow-project/venv/lib/python3.12/site-packages/airflow/example_dags/example_trigger_controller_dag.py
[2026-03-29T12:25:09.642+0500] {processor.py:830} INFO - Processing file /home/abayturar/airflow-project/venv/lib/python3.12/site-packages/airflow/example_dags/example_trigger_controller_dag.py for tasks to queue
[2026-03-29T12:25:09.643+0500] {logging_mixin.py:188} INFO - [2026-03-29T12:25:09.643+0500] {dagbag.py:545} INFO - Filling up the DagBag from /home/abayturar/airflow-project/venv/lib/python3.12/site-packages/airflow/example_dags/example_trigger_controller_dag.py
[2026-03-29T12:25:09.649+0500] {processor.py:840} INFO - DAG(s) 'example_trigger_controller_dag' retrieved from /home/abayturar/airflow-project/venv/lib/python3.12/site-packages/airflow/example_dags/example_trigger_controller_dag.py
[2026-03-29T12:25:09.664+0500] {logging_mixin.py:188} INFO - [2026-03-29T12:25:09.664+0500] {dag.py:3089} INFO - Sync 1 DAGs
[2026-03-29T12:25:09.678+0500] {logging_mixin.py:188} INFO - [2026-03-29T12:25:09.678+0500] {dag.py:3947} INFO - Setting next_dagrun for example_trigger_controller_dag to 2021-01-01 00:00:00+00:00, run_after=2021-01-01 00:00:00+00:00
[2026-03-29T12:25:09.732+0500] {processor.py:183} INFO - Processing /home/abayturar/airflow-project/venv/lib/python3.12/site-packages/airflow/example_dags/example_trigger_controller_dag.py took 0.098 seconds
[2026-03-29T12:26:01.435+0500] {processor.py:161} INFO - Started process (PID=3840) to work on /home/abayturar/airflow-project/venv/lib/python3.12/site-packages/airflow/example_dags/example_trigger_controller_dag.py
[2026-03-29T12:26:01.435+0500] {processor.py:830} INFO - Processing file /home/abayturar/airflow-project/venv/lib/python3.12/site-packages/airflow/example_dags/example_trigger_controller_dag.py for tasks to queue
[2026-03-29T12:26:01.437+0500] {logging_mixin.py:188} INFO - [2026-03-29T12:26:01.437+0500] {dagbag.py:545} INFO - Filling up the DagBag from /home/abayturar/airflow-project/venv/lib/python3.12/site-packages/airflow/example_dags/example_trigger_controller_dag.py
[2026-03-29T12:26:01.444+0500] {processor.py:840} INFO - DAG(s) 'example_trigger_controller_dag' retrieved from /home/abayturar/airflow-project/venv/lib/python3.12/site-packages/airflow/example_dags/example_trigger_controller_dag.py
[2026-03-29T12:26:01.461+0500] {logging_mixin.py:188} INFO - [2026-03-29T12:26:01.461+0500] {dag.py:3089} INFO - Sync 1 DAGs
[2026-03-29T12:26:01.479+0500] {logging_mixin.py:188} INFO - [2026-03-29T12:26:01.479+0500] {dag.py:3947} INFO - Setting next_dagrun for example_trigger_controller_dag to 2021-01-01 00:00:00+00:00, run_after=2021-01-01 00:00:00+00:00
[2026-03-29T12:26:01.535+0500] {processor.py:183} INFO - Processing /home/abayturar/airflow-project/venv/lib/python3.12/site-packages/airflow/example_dags/example_trigger_controller_dag.py took 0.107 seconds
[2026-03-29T12:26:50.581+0500] {processor.py:161} INFO - Started process (PID=4087) to work on /home/abayturar/airflow-project/venv/lib/python3.12/site-packages/airflow/example_dags/example_trigger_controller_dag.py
[2026-03-29T12:26:50.582+0500] {processor.py:830} INFO - Processing file /home/abayturar/airflow-project/venv/lib/python3.12/site-packages/airflow/example_dags/example_trigger_controller_dag.py for tasks to queue
[2026-03-29T12:26:50.584+0500] {logging_mixin.py:188} INFO - [2026-03-29T12:26:50.584+0500] {dagbag.py:545} INFO - Filling up the DagBag from /home/abayturar/airflow-project/venv/lib/python3.12/site-packages/airflow/example_dags/example_trigger_controller_dag.py
[2026-03-29T12:26:50.590+0500] {processor.py:840} INFO - DAG(s) 'example_trigger_controller_dag' retrieved from /home/abayturar/airflow-project/venv/lib/python3.12/site-packages/airflow/example_dags/example_trigger_controller_dag.py
[2026-03-29T12:26:50.606+0500] {logging_mixin.py:188} INFO - [2026-03-29T12:26:50.605+0500] {dag.py:3089} INFO - Sync 1 DAGs
[2026-03-29T12:26:50.620+0500] {logging_mixin.py:188} INFO - [2026-03-29T12:26:50.620+0500] {dag.py:3947} INFO - Setting next_dagrun for example_trigger_controller_dag to 2021-01-01 00:00:00+00:00, run_after=2021-01-01 00:00:00+00:00
[2026-03-29T12:26:50.675+0500] {processor.py:183} INFO - Processing /home/abayturar/airflow-project/venv/lib/python3.12/site-packages/airflow/example_dags/example_trigger_controller_dag.py took 0.100 seconds
[2026-03-29T12:27:39.947+0500] {processor.py:161} INFO - Started process (PID=4338) to work on /home/abayturar/airflow-project/venv/lib/python3.12/site-packages/airflow/example_dags/example_trigger_controller_dag.py
[2026-03-29T12:27:39.948+0500] {processor.py:830} INFO - Processing file /home/abayturar/airflow-project/venv/lib/python3.12/site-packages/airflow/example_dags/example_trigger_controller_dag.py for tasks to queue
[2026-03-29T12:27:39.950+0500] {logging_mixin.py:188} INFO - [2026-03-29T12:27:39.949+0500] {dagbag.py:545} INFO - Filling up the DagBag from /home/abayturar/airflow-project/venv/lib/python3.12/site-packages/airflow/example_dags/example_trigger_controller_dag.py
[2026-03-29T12:27:39.957+0500] {processor.py:840} INFO - DAG(s) 'example_trigger_controller_dag' retrieved from /home/abayturar/airflow-project/venv/lib/python3.12/site-packages/airflow/example_dags/example_trigger_controller_dag.py
[2026-03-29T12:27:39.976+0500] {logging_mixin.py:188} INFO - [2026-03-29T12:27:39.975+0500] {dag.py:3089} INFO - Sync 1 DAGs
[2026-03-29T12:27:39.991+0500] {logging_mixin.py:188} INFO - [2026-03-29T12:27:39.991+0500] {dag.py:3947} INFO - Setting next_dagrun for example_trigger_controller_dag to 2021-01-01 00:00:00+00:00, run_after=2021-01-01 00:00:00+00:00
[2026-03-29T12:27:40.009+0500] {processor.py:183} INFO - Processing /home/abayturar/airflow-project/venv/lib/python3.12/site-packages/airflow/example_dags/example_trigger_controller_dag.py took 0.070 seconds
[2026-03-29T12:28:28.236+0500] {processor.py:161} INFO - Started process (PID=4530) to work on /home/abayturar/airflow-project/venv/lib/python3.12/site-packages/airflow/example_dags/example_trigger_controller_dag.py
[2026-03-29T12:28:28.238+0500] {processor.py:830} INFO - Processing file /home/abayturar/airflow-project/venv/lib/python3.12/site-packages/airflow/example_dags/example_trigger_controller_dag.py for tasks to queue
[2026-03-29T12:28:28.240+0500] {logging_mixin.py:188} INFO - [2026-03-29T12:28:28.240+0500] {dagbag.py:545} INFO - Filling up the DagBag from /home/abayturar/airflow-project/venv/lib/python3.12/site-packages/airflow/example_dags/example_trigger_controller_dag.py
[2026-03-29T12:28:28.248+0500] {processor.py:840} INFO - DAG(s) 'example_trigger_controller_dag' retrieved from /home/abayturar/airflow-project/venv/lib/python3.12/site-packages/airflow/example_dags/example_trigger_controller_dag.py
[2026-03-29T12:28:28.268+0500] {logging_mixin.py:188} INFO - [2026-03-29T12:28:28.268+0500] {dag.py:3089} INFO - Sync 1 DAGs
[2026-03-29T12:28:28.283+0500] {logging_mixin.py:188} INFO - [2026-03-29T12:28:28.283+0500] {dag.py:3947} INFO - Setting next_dagrun for example_trigger_controller_dag to 2021-01-01 00:00:00+00:00, run_after=2021-01-01 00:00:00+00:00
[2026-03-29T12:28:28.300+0500] {processor.py:183} INFO - Processing /home/abayturar/airflow-project/venv/lib/python3.12/site-packages/airflow/example_dags/example_trigger_controller_dag.py took 0.073 seconds
[2026-03-29T12:29:16.123+0500] {processor.py:161} INFO - Started process (PID=4655) to work on /home/abayturar/airflow-project/venv/lib/python3.12/site-packages/airflow/example_dags/example_trigger_controller_dag.py
[2026-03-29T12:29:16.124+0500] {processor.py:830} INFO - Processing file /home/abayturar/airflow-project/venv/lib/python3.12/site-packages/airflow/example_dags/example_trigger_controller_dag.py for tasks to queue
[2026-03-29T12:29:16.127+0500] {logging_mixin.py:188} INFO - [2026-03-29T12:29:16.126+0500] {dagbag.py:545} INFO - Filling up the DagBag from /home/abayturar/airflow-project/venv/lib/python3.12/site-packages/airflow/example_dags/example_trigger_controller_dag.py
[2026-03-29T12:29:16.133+0500] {processor.py:840} INFO - DAG(s) 'example_trigger_controller_dag' retrieved from /home/abayturar/airflow-project/venv/lib/python3.12/site-packages/airflow/example_dags/example_trigger_controller_dag.py
[2026-03-29T12:29:16.153+0500] {logging_mixin.py:188} INFO - [2026-03-29T12:29:16.153+0500] {dag.py:3089} INFO - Sync 1 DAGs
[2026-03-29T12:29:16.173+0500] {logging_mixin.py:188} INFO - [2026-03-29T12:29:16.173+0500] {dag.py:3947} INFO - Setting next_dagrun for example_trigger_controller_dag to 2021-01-01 00:00:00+00:00, run_after=2021-01-01 00:00:00+00:00
[2026-03-29T12:29:16.198+0500] {processor.py:183} INFO - Processing /home/abayturar/airflow-project/venv/lib/python3.12/site-packages/airflow/example_dags/example_trigger_controller_dag.py took 0.083 seconds
[2026-03-29T12:30:04.597+0500] {processor.py:161} INFO - Started process (PID=4943) to work on /home/abayturar/airflow-project/venv/lib/python3.12/site-packages/airflow/example_dags/example_trigger_controller_dag.py
[2026-03-29T12:30:04.598+0500] {processor.py:830} INFO - Processing file /home/abayturar/airflow-project/venv/lib/python3.12/site-packages/airflow/example_dags/example_trigger_controller_dag.py for tasks to queue
[2026-03-29T12:30:04.600+0500] {logging_mixin.py:188} INFO - [2026-03-29T12:30:04.599+0500] {dagbag.py:545} INFO - Filling up the DagBag from /home/abayturar/airflow-project/venv/lib/python3.12/site-packages/airflow/example_dags/example_trigger_controller_dag.py
[2026-03-29T12:30:04.606+0500] {processor.py:840} INFO - DAG(s) 'example_trigger_controller_dag' retrieved from /home/abayturar/airflow-project/venv/lib/python3.12/site-packages/airflow/example_dags/example_trigger_controller_dag.py
[2026-03-29T12:30:04.622+0500] {logging_mixin.py:188} INFO - [2026-03-29T12:30:04.621+0500] {dag.py:3089} INFO - Sync 1 DAGs
[2026-03-29T12:30:04.636+0500] {logging_mixin.py:188} INFO - [2026-03-29T12:30:04.636+0500] {dag.py:3947} INFO - Setting next_dagrun for example_trigger_controller_dag to 2021-01-01 00:00:00+00:00, run_after=2021-01-01 00:00:00+00:00
[2026-03-29T12:30:04.693+0500] {processor.py:183} INFO - Processing /home/abayturar/airflow-project/venv/lib/python3.12/site-packages/airflow/example_dags/example_trigger_controller_dag.py took 0.103 seconds
[2026-03-29T12:30:56.013+0500] {processor.py:161} INFO - Started process (PID=5165) to work on /home/abayturar/airflow-project/venv/lib/python3.12/site-packages/airflow/example_dags/example_trigger_controller_dag.py
[2026-03-29T12:30:56.013+0500] {processor.py:830} INFO - Processing file /home/abayturar/airflow-project/venv/lib/python3.12/site-packages/airflow/example_dags/example_trigger_controller_dag.py for tasks to queue
[2026-03-29T12:30:56.015+0500] {logging_mixin.py:188} INFO - [2026-03-29T12:30:56.015+0500] {dagbag.py:545} INFO - Filling up the DagBag from /home/abayturar/airflow-project/venv/lib/python3.12/site-packages/airflow/example_dags/example_trigger_controller_dag.py
[2026-03-29T12:30:56.020+0500] {processor.py:840} INFO - DAG(s) 'example_trigger_controller_dag' retrieved from /home/abayturar/airflow-project/venv/lib/python3.12/site-packages/airflow/example_dags/example_trigger_controller_dag.py
[2026-03-29T12:30:56.035+0500] {logging_mixin.py:188} INFO - [2026-03-29T12:30:56.035+0500] {dag.py:3089} INFO - Sync 1 DAGs
[2026-03-29T12:30:56.047+0500] {logging_mixin.py:188} INFO - [2026-03-29T12:30:56.047+0500] {dag.py:3947} INFO - Setting next_dagrun for example_trigger_controller_dag to 2021-01-01 00:00:00+00:00, run_after=2021-01-01 00:00:00+00:00
[2026-03-29T12:30:56.100+0500] {processor.py:183} INFO - Processing /home/abayturar/airflow-project/venv/lib/python3.12/site-packages/airflow/example_dags/example_trigger_controller_dag.py took 0.094 seconds
[2026-03-29T12:31:43.561+0500] {processor.py:161} INFO - Started process (PID=5432) to work on /home/abayturar/airflow-project/venv/lib/python3.12/site-packages/airflow/example_dags/example_trigger_controller_dag.py
[2026-03-29T12:31:43.562+0500] {processor.py:830} INFO - Processing file /home/abayturar/airflow-project/venv/lib/python3.12/site-packages/airflow/example_dags/example_trigger_controller_dag.py for tasks to queue
[2026-03-29T12:31:43.564+0500] {logging_mixin.py:188} INFO - [2026-03-29T12:31:43.564+0500] {dagbag.py:545} INFO - Filling up the DagBag from /home/abayturar/airflow-project/venv/lib/python3.12/site-packages/airflow/example_dags/example_trigger_controller_dag.py
[2026-03-29T12:31:43.571+0500] {processor.py:840} INFO - DAG(s) 'example_trigger_controller_dag' retrieved from /home/abayturar/airflow-project/venv/lib/python3.12/site-packages/airflow/example_dags/example_trigger_controller_dag.py
[2026-03-29T12:31:43.595+0500] {logging_mixin.py:188} INFO - [2026-03-29T12:31:43.595+0500] {dag.py:3089} INFO - Sync 1 DAGs
[2026-03-29T12:31:43.626+0500] {logging_mixin.py:188} INFO - [2026-03-29T12:31:43.625+0500] {dag.py:3947} INFO - Setting next_dagrun for example_trigger_controller_dag to 2021-01-01 00:00:00+00:00, run_after=2021-01-01 00:00:00+00:00
[2026-03-29T12:31:43.668+0500] {processor.py:183} INFO - Processing /home/abayturar/airflow-project/venv/lib/python3.12/site-packages/airflow/example_dags/example_trigger_controller_dag.py took 0.118 seconds
[2026-03-29T12:32:30.522+0500] {processor.py:161} INFO - Started process (PID=5994) to work on /home/abayturar/airflow-project/venv/lib/python3.12/site-packages/airflow/example_dags/example_trigger_controller_dag.py
[2026-03-29T12:32:30.523+0500] {processor.py:830} INFO - Processing file /home/abayturar/airflow-project/venv/lib/python3.12/site-packages/airflow/example_dags/example_trigger_controller_dag.py for tasks to queue
[2026-03-29T12:32:30.525+0500] {logging_mixin.py:188} INFO - [2026-03-29T12:32:30.525+0500] {dagbag.py:545} INFO - Filling up the DagBag from /home/abayturar/airflow-project/venv/lib/python3.12/site-packages/airflow/example_dags/example_trigger_controller_dag.py
[2026-03-29T12:32:30.532+0500] {processor.py:840} INFO - DAG(s) 'example_trigger_controller_dag' retrieved from /home/abayturar/airflow-project/venv/lib/python3.12/site-packages/airflow/example_dags/example_trigger_controller_dag.py
[2026-03-29T12:32:30.551+0500] {logging_mixin.py:188} INFO - [2026-03-29T12:32:30.551+0500] {dag.py:3089} INFO - Sync 1 DAGs
[2026-03-29T12:32:30.569+0500] {logging_mixin.py:188} INFO - [2026-03-29T12:32:30.569+0500] {dag.py:3947} INFO - Setting next_dagrun for example_trigger_controller_dag to 2021-01-01 00:00:00+00:00, run_after=2021-01-01 00:00:00+00:00
[2026-03-29T12:32:30.588+0500] {processor.py:183} INFO - Processing /home/abayturar/airflow-project/venv/lib/python3.12/site-packages/airflow/example_dags/example_trigger_controller_dag.py took 0.072 seconds
[2026-03-29T12:33:20.149+0500] {processor.py:161} INFO - Started process (PID=6148) to work on /home/abayturar/airflow-project/venv/lib/python3.12/site-packages/airflow/example_dags/example_trigger_controller_dag.py
[2026-03-29T12:33:20.150+0500] {processor.py:830} INFO - Processing file /home/abayturar/airflow-project/venv/lib/python3.12/site-packages/airflow/example_dags/example_trigger_controller_dag.py for tasks to queue
[2026-03-29T12:33:20.152+0500] {logging_mixin.py:188} INFO - [2026-03-29T12:33:20.151+0500] {dagbag.py:545} INFO - Filling up the DagBag from /home/abayturar/airflow-project/venv/lib/python3.12/site-packages/airflow/example_dags/example_trigger_controller_dag.py
[2026-03-29T12:33:20.158+0500] {processor.py:840} INFO - DAG(s) 'example_trigger_controller_dag' retrieved from /home/abayturar/airflow-project/venv/lib/python3.12/site-packages/airflow/example_dags/example_trigger_controller_dag.py
[2026-03-29T12:33:20.176+0500] {logging_mixin.py:188} INFO - [2026-03-29T12:33:20.176+0500] {dag.py:3089} INFO - Sync 1 DAGs
[2026-03-29T12:33:20.195+0500] {logging_mixin.py:188} INFO - [2026-03-29T12:33:20.195+0500] {dag.py:3947} INFO - Setting next_dagrun for example_trigger_controller_dag to 2021-01-01 00:00:00+00:00, run_after=2021-01-01 00:00:00+00:00
[2026-03-29T12:33:20.213+0500] {processor.py:183} INFO - Processing /home/abayturar/airflow-project/venv/lib/python3.12/site-packages/airflow/example_dags/example_trigger_controller_dag.py took 0.071 seconds
[2026-03-29T12:34:08.525+0500] {processor.py:161} INFO - Started process (PID=6287) to work on /home/abayturar/airflow-project/venv/lib/python3.12/site-packages/airflow/example_dags/example_trigger_controller_dag.py
[2026-03-29T12:34:08.526+0500] {processor.py:830} INFO - Processing file /home/abayturar/airflow-project/venv/lib/python3.12/site-packages/airflow/example_dags/example_trigger_controller_dag.py for tasks to queue
[2026-03-29T12:34:08.528+0500] {logging_mixin.py:188} INFO - [2026-03-29T12:34:08.527+0500] {dagbag.py:545} INFO - Filling up the DagBag from /home/abayturar/airflow-project/venv/lib/python3.12/site-packages/airflow/example_dags/example_trigger_controller_dag.py
[2026-03-29T12:34:08.534+0500] {processor.py:840} INFO - DAG(s) 'example_trigger_controller_dag' retrieved from /home/abayturar/airflow-project/venv/lib/python3.12/site-packages/airflow/example_dags/example_trigger_controller_dag.py
[2026-03-29T12:34:08.552+0500] {logging_mixin.py:188} INFO - [2026-03-29T12:34:08.551+0500] {dag.py:3089} INFO - Sync 1 DAGs
[2026-03-29T12:34:08.570+0500] {logging_mixin.py:188} INFO - [2026-03-29T12:34:08.569+0500] {dag.py:3947} INFO - Setting next_dagrun for example_trigger_controller_dag to 2021-01-01 00:00:00+00:00, run_after=2021-01-01 00:00:00+00:00
[2026-03-29T12:34:08.590+0500] {processor.py:183} INFO - Processing /home/abayturar/airflow-project/venv/lib/python3.12/site-packages/airflow/example_dags/example_trigger_controller_dag.py took 0.073 seconds
[2026-03-29T12:34:56.996+0500] {processor.py:161} INFO - Started process (PID=6416) to work on /home/abayturar/airflow-project/venv/lib/python3.12/site-packages/airflow/example_dags/example_trigger_controller_dag.py
[2026-03-29T12:34:56.997+0500] {processor.py:830} INFO - Processing file /home/abayturar/airflow-project/venv/lib/python3.12/site-packages/airflow/example_dags/example_trigger_controller_dag.py for tasks to queue
[2026-03-29T12:34:56.998+0500] {logging_mixin.py:188} INFO - [2026-03-29T12:34:56.998+0500] {dagbag.py:545} INFO - Filling up the DagBag from /home/abayturar/airflow-project/venv/lib/python3.12/site-packages/airflow/example_dags/example_trigger_controller_dag.py
[2026-03-29T12:34:57.004+0500] {processor.py:840} INFO - DAG(s) 'example_trigger_controller_dag' retrieved from /home/abayturar/airflow-project/venv/lib/python3.12/site-packages/airflow/example_dags/example_trigger_controller_dag.py
[2026-03-29T12:34:57.019+0500] {logging_mixin.py:188} INFO - [2026-03-29T12:34:57.019+0500] {dag.py:3089} INFO - Sync 1 DAGs
[2026-03-29T12:34:57.032+0500] {logging_mixin.py:188} INFO - [2026-03-29T12:34:57.032+0500] {dag.py:3947} INFO - Setting next_dagrun for example_trigger_controller_dag to 2021-01-01 00:00:00+00:00, run_after=2021-01-01 00:00:00+00:00
[2026-03-29T12:34:57.086+0500] {processor.py:183} INFO - Processing /home/abayturar/airflow-project/venv/lib/python3.12/site-packages/airflow/example_dags/example_trigger_controller_dag.py took 0.096 seconds
[2026-03-29T12:35:45.968+0500] {processor.py:161} INFO - Started process (PID=6546) to work on /home/abayturar/airflow-project/venv/lib/python3.12/site-packages/airflow/example_dags/example_trigger_controller_dag.py
[2026-03-29T12:35:45.969+0500] {processor.py:830} INFO - Processing file /home/abayturar/airflow-project/venv/lib/python3.12/site-packages/airflow/example_dags/example_trigger_controller_dag.py for tasks to queue
[2026-03-29T12:35:45.971+0500] {logging_mixin.py:188} INFO - [2026-03-29T12:35:45.971+0500] {dagbag.py:545} INFO - Filling up the DagBag from /home/abayturar/airflow-project/venv/lib/python3.12/site-packages/airflow/example_dags/example_trigger_controller_dag.py
[2026-03-29T12:35:45.977+0500] {processor.py:840} INFO - DAG(s) 'example_trigger_controller_dag' retrieved from /home/abayturar/airflow-project/venv/lib/python3.12/site-packages/airflow/example_dags/example_trigger_controller_dag.py
[2026-03-29T12:35:45.994+0500] {logging_mixin.py:188} INFO - [2026-03-29T12:35:45.994+0500] {dag.py:3089} INFO - Sync 1 DAGs
[2026-03-29T12:35:46.011+0500] {logging_mixin.py:188} INFO - [2026-03-29T12:35:46.011+0500] {dag.py:3947} INFO - Setting next_dagrun for example_trigger_controller_dag to 2021-01-01 00:00:00+00:00, run_after=2021-01-01 00:00:00+00:00
[2026-03-29T12:35:46.068+0500] {processor.py:183} INFO - Processing /home/abayturar/airflow-project/venv/lib/python3.12/site-packages/airflow/example_dags/example_trigger_controller_dag.py took 0.106 seconds
[2026-03-29T12:36:34.827+0500] {processor.py:161} INFO - Started process (PID=6676) to work on /home/abayturar/airflow-project/venv/lib/python3.12/site-packages/airflow/example_dags/example_trigger_controller_dag.py
[2026-03-29T12:36:34.828+0500] {processor.py:830} INFO - Processing file /home/abayturar/airflow-project/venv/lib/python3.12/site-packages/airflow/example_dags/example_trigger_controller_dag.py for tasks to queue
[2026-03-29T12:36:34.830+0500] {logging_mixin.py:188} INFO - [2026-03-29T12:36:34.829+0500] {dagbag.py:545} INFO - Filling up the DagBag from /home/abayturar/airflow-project/venv/lib/python3.12/site-packages/airflow/example_dags/example_trigger_controller_dag.py
[2026-03-29T12:36:34.836+0500] {processor.py:840} INFO - DAG(s) 'example_trigger_controller_dag' retrieved from /home/abayturar/airflow-project/venv/lib/python3.12/site-packages/airflow/example_dags/example_trigger_controller_dag.py
[2026-03-29T12:36:34.853+0500] {logging_mixin.py:188} INFO - [2026-03-29T12:36:34.853+0500] {dag.py:3089} INFO - Sync 1 DAGs
[2026-03-29T12:36:34.869+0500] {logging_mixin.py:188} INFO - [2026-03-29T12:36:34.868+0500] {dag.py:3947} INFO - Setting next_dagrun for example_trigger_controller_dag to 2021-01-01 00:00:00+00:00, run_after=2021-01-01 00:00:00+00:00
[2026-03-29T12:36:34.924+0500] {processor.py:183} INFO - Processing /home/abayturar/airflow-project/venv/lib/python3.12/site-packages/airflow/example_dags/example_trigger_controller_dag.py took 0.103 seconds
[2026-03-29T12:37:25.509+0500] {processor.py:161} INFO - Started process (PID=6807) to work on /home/abayturar/airflow-project/venv/lib/python3.12/site-packages/airflow/example_dags/example_trigger_controller_dag.py
[2026-03-29T12:37:25.510+0500] {processor.py:830} INFO - Processing file /home/abayturar/airflow-project/venv/lib/python3.12/site-packages/airflow/example_dags/example_trigger_controller_dag.py for tasks to queue
[2026-03-29T12:37:25.512+0500] {logging_mixin.py:188} INFO - [2026-03-29T12:37:25.512+0500] {dagbag.py:545} INFO - Filling up the DagBag from /home/abayturar/airflow-project/venv/lib/python3.12/site-packages/airflow/example_dags/example_trigger_controller_dag.py
[2026-03-29T12:37:25.519+0500] {processor.py:840} INFO - DAG(s) 'example_trigger_controller_dag' retrieved from /home/abayturar/airflow-project/venv/lib/python3.12/site-packages/airflow/example_dags/example_trigger_controller_dag.py
[2026-03-29T12:37:25.534+0500] {logging_mixin.py:188} INFO - [2026-03-29T12:37:25.534+0500] {dag.py:3089} INFO - Sync 1 DAGs
[2026-03-29T12:37:25.548+0500] {logging_mixin.py:188} INFO - [2026-03-29T12:37:25.548+0500] {dag.py:3947} INFO - Setting next_dagrun for example_trigger_controller_dag to 2021-01-01 00:00:00+00:00, run_after=2021-01-01 00:00:00+00:00
[2026-03-29T12:37:25.603+0500] {processor.py:183} INFO - Processing /home/abayturar/airflow-project/venv/lib/python3.12/site-packages/airflow/example_dags/example_trigger_controller_dag.py took 0.100 seconds
[2026-03-29T12:38:15.692+0500] {processor.py:161} INFO - Started process (PID=6942) to work on /home/abayturar/airflow-project/venv/lib/python3.12/site-packages/airflow/example_dags/example_trigger_controller_dag.py
[2026-03-29T12:38:15.692+0500] {processor.py:830} INFO - Processing file /home/abayturar/airflow-project/venv/lib/python3.12/site-packages/airflow/example_dags/example_trigger_controller_dag.py for tasks to queue
[2026-03-29T12:38:15.694+0500] {logging_mixin.py:188} INFO - [2026-03-29T12:38:15.694+0500] {dagbag.py:545} INFO - Filling up the DagBag from /home/abayturar/airflow-project/venv/lib/python3.12/site-packages/airflow/example_dags/example_trigger_controller_dag.py
[2026-03-29T12:38:15.700+0500] {processor.py:840} INFO - DAG(s) 'example_trigger_controller_dag' retrieved from /home/abayturar/airflow-project/venv/lib/python3.12/site-packages/airflow/example_dags/example_trigger_controller_dag.py
[2026-03-29T12:38:15.717+0500] {logging_mixin.py:188} INFO - [2026-03-29T12:38:15.717+0500] {dag.py:3089} INFO - Sync 1 DAGs
[2026-03-29T12:38:15.732+0500] {logging_mixin.py:188} INFO - [2026-03-29T12:38:15.732+0500] {dag.py:3947} INFO - Setting next_dagrun for example_trigger_controller_dag to 2021-01-01 00:00:00+00:00, run_after=2021-01-01 00:00:00+00:00
[2026-03-29T12:38:15.787+0500] {processor.py:183} INFO - Processing /home/abayturar/airflow-project/venv/lib/python3.12/site-packages/airflow/example_dags/example_trigger_controller_dag.py took 0.102 seconds
[2026-03-29T12:39:07.240+0500] {processor.py:161} INFO - Started process (PID=7072) to work on /home/abayturar/airflow-project/venv/lib/python3.12/site-packages/airflow/example_dags/example_trigger_controller_dag.py
[2026-03-29T12:39:07.241+0500] {processor.py:830} INFO - Processing file /home/abayturar/airflow-project/venv/lib/python3.12/site-packages/airflow/example_dags/example_trigger_controller_dag.py for tasks to queue
[2026-03-29T12:39:07.243+0500] {logging_mixin.py:188} INFO - [2026-03-29T12:39:07.242+0500] {dagbag.py:545} INFO - Filling up the DagBag from /home/abayturar/airflow-project/venv/lib/python3.12/site-packages/airflow/example_dags/example_trigger_controller_dag.py
[2026-03-29T12:39:07.248+0500] {processor.py:840} INFO - DAG(s) 'example_trigger_controller_dag' retrieved from /home/abayturar/airflow-project/venv/lib/python3.12/site-packages/airflow/example_dags/example_trigger_controller_dag.py
[2026-03-29T12:39:07.264+0500] {logging_mixin.py:188} INFO - [2026-03-29T12:39:07.264+0500] {dag.py:3089} INFO - Sync 1 DAGs
[2026-03-29T12:39:07.277+0500] {logging_mixin.py:188} INFO - [2026-03-29T12:39:07.277+0500] {dag.py:3947} INFO - Setting next_dagrun for example_trigger_controller_dag to 2021-01-01 00:00:00+00:00, run_after=2021-01-01 00:00:00+00:00
[2026-03-29T12:39:07.332+0500] {processor.py:183} INFO - Processing /home/abayturar/airflow-project/venv/lib/python3.12/site-packages/airflow/example_dags/example_trigger_controller_dag.py took 0.099 seconds
[2026-03-29T12:39:59.606+0500] {processor.py:161} INFO - Started process (PID=7239) to work on /home/abayturar/airflow-project/venv/lib/python3.12/site-packages/airflow/example_dags/example_trigger_controller_dag.py
[2026-03-29T12:39:59.607+0500] {processor.py:830} INFO - Processing file /home/abayturar/airflow-project/venv/lib/python3.12/site-packages/airflow/example_dags/example_trigger_controller_dag.py for tasks to queue
[2026-03-29T12:39:59.609+0500] {logging_mixin.py:188} INFO - [2026-03-29T12:39:59.609+0500] {dagbag.py:545} INFO - Filling up the DagBag from /home/abayturar/airflow-project/venv/lib/python3.12/site-packages/airflow/example_dags/example_trigger_controller_dag.py
[2026-03-29T12:39:59.615+0500] {processor.py:840} INFO - DAG(s) 'example_trigger_controller_dag' retrieved from /home/abayturar/airflow-project/venv/lib/python3.12/site-packages/airflow/example_dags/example_trigger_controller_dag.py
[2026-03-29T12:39:59.631+0500] {logging_mixin.py:188} INFO - [2026-03-29T12:39:59.631+0500] {dag.py:3089} INFO - Sync 1 DAGs
[2026-03-29T12:39:59.644+0500] {logging_mixin.py:188} INFO - [2026-03-29T12:39:59.644+0500] {dag.py:3947} INFO - Setting next_dagrun for example_trigger_controller_dag to 2021-01-01 00:00:00+00:00, run_after=2021-01-01 00:00:00+00:00
[2026-03-29T12:39:59.660+0500] {processor.py:183} INFO - Processing /home/abayturar/airflow-project/venv/lib/python3.12/site-packages/airflow/example_dags/example_trigger_controller_dag.py took 0.062 seconds
[2026-03-29T12:40:49.168+0500] {processor.py:161} INFO - Started process (PID=7370) to work on /home/abayturar/airflow-project/venv/lib/python3.12/site-packages/airflow/example_dags/example_trigger_controller_dag.py
[2026-03-29T12:40:49.169+0500] {processor.py:830} INFO - Processing file /home/abayturar/airflow-project/venv/lib/python3.12/site-packages/airflow/example_dags/example_trigger_controller_dag.py for tasks to queue
[2026-03-29T12:40:49.170+0500] {logging_mixin.py:188} INFO - [2026-03-29T12:40:49.170+0500] {dagbag.py:545} INFO - Filling up the DagBag from /home/abayturar/airflow-project/venv/lib/python3.12/site-packages/airflow/example_dags/example_trigger_controller_dag.py
[2026-03-29T12:40:49.176+0500] {processor.py:840} INFO - DAG(s) 'example_trigger_controller_dag' retrieved from /home/abayturar/airflow-project/venv/lib/python3.12/site-packages/airflow/example_dags/example_trigger_controller_dag.py
[2026-03-29T12:40:49.191+0500] {logging_mixin.py:188} INFO - [2026-03-29T12:40:49.190+0500] {dag.py:3089} INFO - Sync 1 DAGs
[2026-03-29T12:40:49.204+0500] {logging_mixin.py:188} INFO - [2026-03-29T12:40:49.204+0500] {dag.py:3947} INFO - Setting next_dagrun for example_trigger_controller_dag to 2021-01-01 00:00:00+00:00, run_after=2021-01-01 00:00:00+00:00
[2026-03-29T12:40:49.257+0500] {processor.py:183} INFO - Processing /home/abayturar/airflow-project/venv/lib/python3.12/site-packages/airflow/example_dags/example_trigger_controller_dag.py took 0.096 seconds
[2026-03-29T12:41:41.187+0500] {processor.py:161} INFO - Started process (PID=7529) to work on /home/abayturar/airflow-project/venv/lib/python3.12/site-packages/airflow/example_dags/example_trigger_controller_dag.py
[2026-03-29T12:41:41.188+0500] {processor.py:830} INFO - Processing file /home/abayturar/airflow-project/venv/lib/python3.12/site-packages/airflow/example_dags/example_trigger_controller_dag.py for tasks to queue
[2026-03-29T12:41:41.190+0500] {logging_mixin.py:188} INFO - [2026-03-29T12:41:41.190+0500] {dagbag.py:545} INFO - Filling up the DagBag from /home/abayturar/airflow-project/venv/lib/python3.12/site-packages/airflow/example_dags/example_trigger_controller_dag.py
[2026-03-29T12:41:41.197+0500] {processor.py:840} INFO - DAG(s) 'example_trigger_controller_dag' retrieved from /home/abayturar/airflow-project/venv/lib/python3.12/site-packages/airflow/example_dags/example_trigger_controller_dag.py
[2026-03-29T12:41:41.213+0500] {logging_mixin.py:188} INFO - [2026-03-29T12:41:41.213+0500] {dag.py:3089} INFO - Sync 1 DAGs
[2026-03-29T12:41:41.227+0500] {logging_mixin.py:188} INFO - [2026-03-29T12:41:41.227+0500] {dag.py:3947} INFO - Setting next_dagrun for example_trigger_controller_dag to 2021-01-01 00:00:00+00:00, run_after=2021-01-01 00:00:00+00:00
[2026-03-29T12:41:41.280+0500] {processor.py:183} INFO - Processing /home/abayturar/airflow-project/venv/lib/python3.12/site-packages/airflow/example_dags/example_trigger_controller_dag.py took 0.101 seconds
[2026-03-29T12:42:32.101+0500] {processor.py:161} INFO - Started process (PID=7664) to work on /home/abayturar/airflow-project/venv/lib/python3.12/site-packages/airflow/example_dags/example_trigger_controller_dag.py
[2026-03-29T12:42:32.102+0500] {processor.py:830} INFO - Processing file /home/abayturar/airflow-project/venv/lib/python3.12/site-packages/airflow/example_dags/example_trigger_controller_dag.py for tasks to queue
[2026-03-29T12:42:32.105+0500] {logging_mixin.py:188} INFO - [2026-03-29T12:42:32.104+0500] {dagbag.py:545} INFO - Filling up the DagBag from /home/abayturar/airflow-project/venv/lib/python3.12/site-packages/airflow/example_dags/example_trigger_controller_dag.py
[2026-03-29T12:42:32.112+0500] {processor.py:840} INFO - DAG(s) 'example_trigger_controller_dag' retrieved from /home/abayturar/airflow-project/venv/lib/python3.12/site-packages/airflow/example_dags/example_trigger_controller_dag.py
[2026-03-29T12:42:32.132+0500] {logging_mixin.py:188} INFO - [2026-03-29T12:42:32.131+0500] {dag.py:3089} INFO - Sync 1 DAGs
[2026-03-29T12:42:32.146+0500] {logging_mixin.py:188} INFO - [2026-03-29T12:42:32.146+0500] {dag.py:3947} INFO - Setting next_dagrun for example_trigger_controller_dag to 2021-01-01 00:00:00+00:00, run_after=2021-01-01 00:00:00+00:00
[2026-03-29T12:42:32.202+0500] {processor.py:183} INFO - Processing /home/abayturar/airflow-project/venv/lib/python3.12/site-packages/airflow/example_dags/example_trigger_controller_dag.py took 0.107 seconds
[2026-03-29T12:43:25.603+0500] {processor.py:161} INFO - Started process (PID=7801) to work on /home/abayturar/airflow-project/venv/lib/python3.12/site-packages/airflow/example_dags/example_trigger_controller_dag.py
[2026-03-29T12:43:25.604+0500] {processor.py:830} INFO - Processing file /home/abayturar/airflow-project/venv/lib/python3.12/site-packages/airflow/example_dags/example_trigger_controller_dag.py for tasks to queue
[2026-03-29T12:43:25.607+0500] {logging_mixin.py:188} INFO - [2026-03-29T12:43:25.606+0500] {dagbag.py:545} INFO - Filling up the DagBag from /home/abayturar/airflow-project/venv/lib/python3.12/site-packages/airflow/example_dags/example_trigger_controller_dag.py
[2026-03-29T12:43:25.612+0500] {processor.py:840} INFO - DAG(s) 'example_trigger_controller_dag' retrieved from /home/abayturar/airflow-project/venv/lib/python3.12/site-packages/airflow/example_dags/example_trigger_controller_dag.py
[2026-03-29T12:43:25.631+0500] {logging_mixin.py:188} INFO - [2026-03-29T12:43:25.631+0500] {dag.py:3089} INFO - Sync 1 DAGs
[2026-03-29T12:43:25.644+0500] {logging_mixin.py:188} INFO - [2026-03-29T12:43:25.644+0500] {dag.py:3947} INFO - Setting next_dagrun for example_trigger_controller_dag to 2021-01-01 00:00:00+00:00, run_after=2021-01-01 00:00:00+00:00
[2026-03-29T12:43:25.698+0500] {processor.py:183} INFO - Processing /home/abayturar/airflow-project/venv/lib/python3.12/site-packages/airflow/example_dags/example_trigger_controller_dag.py took 0.102 seconds
[2026-03-29T12:44:18.263+0500] {processor.py:161} INFO - Started process (PID=8072) to work on /home/abayturar/airflow-project/venv/lib/python3.12/site-packages/airflow/example_dags/example_trigger_controller_dag.py
[2026-03-29T12:44:18.264+0500] {processor.py:830} INFO - Processing file /home/abayturar/airflow-project/venv/lib/python3.12/site-packages/airflow/example_dags/example_trigger_controller_dag.py for tasks to queue
[2026-03-29T12:44:18.266+0500] {logging_mixin.py:188} INFO - [2026-03-29T12:44:18.266+0500] {dagbag.py:545} INFO - Filling up the DagBag from /home/abayturar/airflow-project/venv/lib/python3.12/site-packages/airflow/example_dags/example_trigger_controller_dag.py
[2026-03-29T12:44:18.272+0500] {processor.py:840} INFO - DAG(s) 'example_trigger_controller_dag' retrieved from /home/abayturar/airflow-project/venv/lib/python3.12/site-packages/airflow/example_dags/example_trigger_controller_dag.py
[2026-03-29T12:44:18.288+0500] {logging_mixin.py:188} INFO - [2026-03-29T12:44:18.287+0500] {dag.py:3089} INFO - Sync 1 DAGs
[2026-03-29T12:44:18.301+0500] {logging_mixin.py:188} INFO - [2026-03-29T12:44:18.301+0500] {dag.py:3947} INFO - Setting next_dagrun for example_trigger_controller_dag to 2021-01-01 00:00:00+00:00, run_after=2021-01-01 00:00:00+00:00
[2026-03-29T12:44:18.323+0500] {processor.py:183} INFO - Processing /home/abayturar/airflow-project/venv/lib/python3.12/site-packages/airflow/example_dags/example_trigger_controller_dag.py took 0.066 seconds
[2026-03-29T12:45:11.729+0500] {processor.py:161} INFO - Started process (PID=8433) to work on /home/abayturar/airflow-project/venv/lib/python3.12/site-packages/airflow/example_dags/example_trigger_controller_dag.py
[2026-03-29T12:45:11.730+0500] {processor.py:830} INFO - Processing file /home/abayturar/airflow-project/venv/lib/python3.12/site-packages/airflow/example_dags/example_trigger_controller_dag.py for tasks to queue
[2026-03-29T12:45:11.732+0500] {logging_mixin.py:188} INFO - [2026-03-29T12:45:11.732+0500] {dagbag.py:545} INFO - Filling up the DagBag from /home/abayturar/airflow-project/venv/lib/python3.12/site-packages/airflow/example_dags/example_trigger_controller_dag.py
[2026-03-29T12:45:11.738+0500] {processor.py:840} INFO - DAG(s) 'example_trigger_controller_dag' retrieved from /home/abayturar/airflow-project/venv/lib/python3.12/site-packages/airflow/example_dags/example_trigger_controller_dag.py
[2026-03-29T12:45:11.754+0500] {logging_mixin.py:188} INFO - [2026-03-29T12:45:11.754+0500] {dag.py:3089} INFO - Sync 1 DAGs
[2026-03-29T12:45:11.768+0500] {logging_mixin.py:188} INFO - [2026-03-29T12:45:11.767+0500] {dag.py:3947} INFO - Setting next_dagrun for example_trigger_controller_dag to 2021-01-01 00:00:00+00:00, run_after=2021-01-01 00:00:00+00:00
[2026-03-29T12:45:11.823+0500] {processor.py:183} INFO - Processing /home/abayturar/airflow-project/venv/lib/python3.12/site-packages/airflow/example_dags/example_trigger_controller_dag.py took 0.100 seconds
[2026-03-29T12:46:04.725+0500] {processor.py:161} INFO - Started process (PID=8737) to work on /home/abayturar/airflow-project/venv/lib/python3.12/site-packages/airflow/example_dags/example_trigger_controller_dag.py
[2026-03-29T12:46:04.726+0500] {processor.py:830} INFO - Processing file /home/abayturar/airflow-project/venv/lib/python3.12/site-packages/airflow/example_dags/example_trigger_controller_dag.py for tasks to queue
[2026-03-29T12:46:04.728+0500] {logging_mixin.py:188} INFO - [2026-03-29T12:46:04.728+0500] {dagbag.py:545} INFO - Filling up the DagBag from /home/abayturar/airflow-project/venv/lib/python3.12/site-packages/airflow/example_dags/example_trigger_controller_dag.py
[2026-03-29T12:46:04.734+0500] {processor.py:840} INFO - DAG(s) 'example_trigger_controller_dag' retrieved from /home/abayturar/airflow-project/venv/lib/python3.12/site-packages/airflow/example_dags/example_trigger_controller_dag.py
[2026-03-29T12:46:04.751+0500] {logging_mixin.py:188} INFO - [2026-03-29T12:46:04.750+0500] {dag.py:3089} INFO - Sync 1 DAGs
[2026-03-29T12:46:04.766+0500] {logging_mixin.py:188} INFO - [2026-03-29T12:46:04.765+0500] {dag.py:3947} INFO - Setting next_dagrun for example_trigger_controller_dag to 2021-01-01 00:00:00+00:00, run_after=2021-01-01 00:00:00+00:00
[2026-03-29T12:46:04.824+0500] {processor.py:183} INFO - Processing /home/abayturar/airflow-project/venv/lib/python3.12/site-packages/airflow/example_dags/example_trigger_controller_dag.py took 0.107 seconds
[2026-03-29T12:46:55.799+0500] {processor.py:161} INFO - Started process (PID=8979) to work on /home/abayturar/airflow-project/venv/lib/python3.12/site-packages/airflow/example_dags/example_trigger_controller_dag.py
[2026-03-29T12:46:55.800+0500] {processor.py:830} INFO - Processing file /home/abayturar/airflow-project/venv/lib/python3.12/site-packages/airflow/example_dags/example_trigger_controller_dag.py for tasks to queue
[2026-03-29T12:46:55.803+0500] {logging_mixin.py:188} INFO - [2026-03-29T12:46:55.802+0500] {dagbag.py:545} INFO - Filling up the DagBag from /home/abayturar/airflow-project/venv/lib/python3.12/site-packages/airflow/example_dags/example_trigger_controller_dag.py
[2026-03-29T12:46:55.811+0500] {processor.py:840} INFO - DAG(s) 'example_trigger_controller_dag' retrieved from /home/abayturar/airflow-project/venv/lib/python3.12/site-packages/airflow/example_dags/example_trigger_controller_dag.py
[2026-03-29T12:46:55.829+0500] {logging_mixin.py:188} INFO - [2026-03-29T12:46:55.829+0500] {dag.py:3089} INFO - Sync 1 DAGs
[2026-03-29T12:46:55.843+0500] {logging_mixin.py:188} INFO - [2026-03-29T12:46:55.843+0500] {dag.py:3947} INFO - Setting next_dagrun for example_trigger_controller_dag to 2021-01-01 00:00:00+00:00, run_after=2021-01-01 00:00:00+00:00
[2026-03-29T12:46:55.898+0500] {processor.py:183} INFO - Processing /home/abayturar/airflow-project/venv/lib/python3.12/site-packages/airflow/example_dags/example_trigger_controller_dag.py took 0.105 seconds
