[2026-03-29T12:01:16.420+0500] {processor.py:161} INFO - Started process (PID=32216) to work on /home/abayturar/airflow-project/venv/lib/python3.12/site-packages/airflow/example_dags/example_task_group_decorator.py
[2026-03-29T12:01:16.422+0500] {processor.py:830} INFO - Processing file /home/abayturar/airflow-project/venv/lib/python3.12/site-packages/airflow/example_dags/example_task_group_decorator.py for tasks to queue
[2026-03-29T12:01:16.424+0500] {logging_mixin.py:188} INFO - [2026-03-29T12:01:16.424+0500] {dagbag.py:545} INFO - Filling up the DagBag from /home/abayturar/airflow-project/venv/lib/python3.12/site-packages/airflow/example_dags/example_task_group_decorator.py
[2026-03-29T12:01:16.445+0500] {processor.py:840} INFO - DAG(s) 'example_task_group_decorator' retrieved from /home/abayturar/airflow-project/venv/lib/python3.12/site-packages/airflow/example_dags/example_task_group_decorator.py
[2026-03-29T12:01:16.482+0500] {logging_mixin.py:188} INFO - [2026-03-29T12:01:16.482+0500] {dag.py:3089} INFO - Sync 1 DAGs
[2026-03-29T12:01:16.508+0500] {logging_mixin.py:188} INFO - [2026-03-29T12:01:16.507+0500] {dag.py:3947} INFO - Setting next_dagrun for example_task_group_decorator to 2026-03-28 00:00:00+00:00, run_after=2026-03-29 00:00:00+00:00
[2026-03-29T12:01:16.534+0500] {processor.py:183} INFO - Processing /home/abayturar/airflow-project/venv/lib/python3.12/site-packages/airflow/example_dags/example_task_group_decorator.py took 0.124 seconds
[2026-03-29T12:02:16.717+0500] {processor.py:161} INFO - Started process (PID=32510) to work on /home/abayturar/airflow-project/venv/lib/python3.12/site-packages/airflow/example_dags/example_task_group_decorator.py
[2026-03-29T12:02:16.719+0500] {processor.py:830} INFO - Processing file /home/abayturar/airflow-project/venv/lib/python3.12/site-packages/airflow/example_dags/example_task_group_decorator.py for tasks to queue
[2026-03-29T12:02:16.721+0500] {logging_mixin.py:188} INFO - [2026-03-29T12:02:16.720+0500] {dagbag.py:545} INFO - Filling up the DagBag from /home/abayturar/airflow-project/venv/lib/python3.12/site-packages/airflow/example_dags/example_task_group_decorator.py
[2026-03-29T12:02:16.736+0500] {processor.py:840} INFO - DAG(s) 'example_task_group_decorator' retrieved from /home/abayturar/airflow-project/venv/lib/python3.12/site-packages/airflow/example_dags/example_task_group_decorator.py
[2026-03-29T12:02:16.758+0500] {logging_mixin.py:188} INFO - [2026-03-29T12:02:16.758+0500] {dag.py:3089} INFO - Sync 1 DAGs
[2026-03-29T12:02:16.773+0500] {logging_mixin.py:188} INFO - [2026-03-29T12:02:16.773+0500] {dag.py:3947} INFO - Setting next_dagrun for example_task_group_decorator to 2026-03-28 00:00:00+00:00, run_after=2026-03-29 00:00:00+00:00
[2026-03-29T12:02:16.822+0500] {processor.py:183} INFO - Processing /home/abayturar/airflow-project/venv/lib/python3.12/site-packages/airflow/example_dags/example_task_group_decorator.py took 0.116 seconds
[2026-03-29T12:05:45.347+0500] {processor.py:161} INFO - Started process (PID=32727) to work on /home/abayturar/airflow-project/venv/lib/python3.12/site-packages/airflow/example_dags/example_task_group_decorator.py
[2026-03-29T12:05:45.361+0500] {processor.py:830} INFO - Processing file /home/abayturar/airflow-project/venv/lib/python3.12/site-packages/airflow/example_dags/example_task_group_decorator.py for tasks to queue
[2026-03-29T12:05:45.371+0500] {logging_mixin.py:188} INFO - [2026-03-29T12:05:45.369+0500] {dagbag.py:545} INFO - Filling up the DagBag from /home/abayturar/airflow-project/venv/lib/python3.12/site-packages/airflow/example_dags/example_task_group_decorator.py
[2026-03-29T12:05:45.409+0500] {processor.py:840} INFO - DAG(s) 'example_task_group_decorator' retrieved from /home/abayturar/airflow-project/venv/lib/python3.12/site-packages/airflow/example_dags/example_task_group_decorator.py
[2026-03-29T12:05:45.454+0500] {logging_mixin.py:188} INFO - [2026-03-29T12:05:45.454+0500] {dag.py:3089} INFO - Sync 1 DAGs
[2026-03-29T12:05:45.498+0500] {logging_mixin.py:188} INFO - [2026-03-29T12:05:45.498+0500] {dag.py:3947} INFO - Setting next_dagrun for example_task_group_decorator to 2026-03-28 00:00:00+00:00, run_after=2026-03-29 00:00:00+00:00
[2026-03-29T12:05:45.526+0500] {processor.py:183} INFO - Processing /home/abayturar/airflow-project/venv/lib/python3.12/site-packages/airflow/example_dags/example_task_group_decorator.py took 0.193 seconds
[2026-03-29T12:06:40.050+0500] {processor.py:161} INFO - Started process (PID=200) to work on /home/abayturar/airflow-project/venv/lib/python3.12/site-packages/airflow/example_dags/example_task_group_decorator.py
[2026-03-29T12:06:40.052+0500] {processor.py:830} INFO - Processing file /home/abayturar/airflow-project/venv/lib/python3.12/site-packages/airflow/example_dags/example_task_group_decorator.py for tasks to queue
[2026-03-29T12:06:40.054+0500] {logging_mixin.py:188} INFO - [2026-03-29T12:06:40.053+0500] {dagbag.py:545} INFO - Filling up the DagBag from /home/abayturar/airflow-project/venv/lib/python3.12/site-packages/airflow/example_dags/example_task_group_decorator.py
[2026-03-29T12:06:40.072+0500] {processor.py:840} INFO - DAG(s) 'example_task_group_decorator' retrieved from /home/abayturar/airflow-project/venv/lib/python3.12/site-packages/airflow/example_dags/example_task_group_decorator.py
[2026-03-29T12:06:40.091+0500] {logging_mixin.py:188} INFO - [2026-03-29T12:06:40.090+0500] {dag.py:3089} INFO - Sync 1 DAGs
[2026-03-29T12:06:40.105+0500] {logging_mixin.py:188} INFO - [2026-03-29T12:06:40.105+0500] {dag.py:3947} INFO - Setting next_dagrun for example_task_group_decorator to 2026-03-28 00:00:00+00:00, run_after=2026-03-29 00:00:00+00:00
[2026-03-29T12:06:40.160+0500] {processor.py:183} INFO - Processing /home/abayturar/airflow-project/venv/lib/python3.12/site-packages/airflow/example_dags/example_task_group_decorator.py took 0.116 seconds
[2026-03-29T12:07:25.390+0500] {processor.py:161} INFO - Started process (PID=388) to work on /home/abayturar/airflow-project/venv/lib/python3.12/site-packages/airflow/example_dags/example_task_group_decorator.py
[2026-03-29T12:07:25.390+0500] {processor.py:830} INFO - Processing file /home/abayturar/airflow-project/venv/lib/python3.12/site-packages/airflow/example_dags/example_task_group_decorator.py for tasks to queue
[2026-03-29T12:07:25.392+0500] {logging_mixin.py:188} INFO - [2026-03-29T12:07:25.392+0500] {dagbag.py:545} INFO - Filling up the DagBag from /home/abayturar/airflow-project/venv/lib/python3.12/site-packages/airflow/example_dags/example_task_group_decorator.py
[2026-03-29T12:07:25.403+0500] {processor.py:840} INFO - DAG(s) 'example_task_group_decorator' retrieved from /home/abayturar/airflow-project/venv/lib/python3.12/site-packages/airflow/example_dags/example_task_group_decorator.py
[2026-03-29T12:07:25.420+0500] {logging_mixin.py:188} INFO - [2026-03-29T12:07:25.419+0500] {dag.py:3089} INFO - Sync 1 DAGs
[2026-03-29T12:07:25.433+0500] {logging_mixin.py:188} INFO - [2026-03-29T12:07:25.433+0500] {dag.py:3947} INFO - Setting next_dagrun for example_task_group_decorator to 2026-03-28 00:00:00+00:00, run_after=2026-03-29 00:00:00+00:00
[2026-03-29T12:07:25.450+0500] {processor.py:183} INFO - Processing /home/abayturar/airflow-project/venv/lib/python3.12/site-packages/airflow/example_dags/example_task_group_decorator.py took 0.066 seconds
[2026-03-29T12:08:13.569+0500] {processor.py:161} INFO - Started process (PID=584) to work on /home/abayturar/airflow-project/venv/lib/python3.12/site-packages/airflow/example_dags/example_task_group_decorator.py
[2026-03-29T12:08:13.570+0500] {processor.py:830} INFO - Processing file /home/abayturar/airflow-project/venv/lib/python3.12/site-packages/airflow/example_dags/example_task_group_decorator.py for tasks to queue
[2026-03-29T12:08:13.571+0500] {logging_mixin.py:188} INFO - [2026-03-29T12:08:13.571+0500] {dagbag.py:545} INFO - Filling up the DagBag from /home/abayturar/airflow-project/venv/lib/python3.12/site-packages/airflow/example_dags/example_task_group_decorator.py
[2026-03-29T12:08:13.583+0500] {processor.py:840} INFO - DAG(s) 'example_task_group_decorator' retrieved from /home/abayturar/airflow-project/venv/lib/python3.12/site-packages/airflow/example_dags/example_task_group_decorator.py
[2026-03-29T12:08:13.600+0500] {logging_mixin.py:188} INFO - [2026-03-29T12:08:13.600+0500] {dag.py:3089} INFO - Sync 1 DAGs
[2026-03-29T12:08:13.615+0500] {logging_mixin.py:188} INFO - [2026-03-29T12:08:13.614+0500] {dag.py:3947} INFO - Setting next_dagrun for example_task_group_decorator to 2026-03-28 00:00:00+00:00, run_after=2026-03-29 00:00:00+00:00
[2026-03-29T12:08:13.669+0500] {processor.py:183} INFO - Processing /home/abayturar/airflow-project/venv/lib/python3.12/site-packages/airflow/example_dags/example_task_group_decorator.py took 0.106 seconds
[2026-03-29T12:09:05.415+0500] {processor.py:161} INFO - Started process (PID=800) to work on /home/abayturar/airflow-project/venv/lib/python3.12/site-packages/airflow/example_dags/example_task_group_decorator.py
[2026-03-29T12:09:05.416+0500] {processor.py:830} INFO - Processing file /home/abayturar/airflow-project/venv/lib/python3.12/site-packages/airflow/example_dags/example_task_group_decorator.py for tasks to queue
[2026-03-29T12:09:05.418+0500] {logging_mixin.py:188} INFO - [2026-03-29T12:09:05.417+0500] {dagbag.py:545} INFO - Filling up the DagBag from /home/abayturar/airflow-project/venv/lib/python3.12/site-packages/airflow/example_dags/example_task_group_decorator.py
[2026-03-29T12:09:05.429+0500] {processor.py:840} INFO - DAG(s) 'example_task_group_decorator' retrieved from /home/abayturar/airflow-project/venv/lib/python3.12/site-packages/airflow/example_dags/example_task_group_decorator.py
[2026-03-29T12:09:05.445+0500] {logging_mixin.py:188} INFO - [2026-03-29T12:09:05.445+0500] {dag.py:3089} INFO - Sync 1 DAGs
[2026-03-29T12:09:05.458+0500] {logging_mixin.py:188} INFO - [2026-03-29T12:09:05.458+0500] {dag.py:3947} INFO - Setting next_dagrun for example_task_group_decorator to 2026-03-28 00:00:00+00:00, run_after=2026-03-29 00:00:00+00:00
[2026-03-29T12:09:05.516+0500] {processor.py:183} INFO - Processing /home/abayturar/airflow-project/venv/lib/python3.12/site-packages/airflow/example_dags/example_task_group_decorator.py took 0.106 seconds
[2026-03-29T12:09:56.908+0500] {processor.py:161} INFO - Started process (PID=965) to work on /home/abayturar/airflow-project/venv/lib/python3.12/site-packages/airflow/example_dags/example_task_group_decorator.py
[2026-03-29T12:09:56.909+0500] {processor.py:830} INFO - Processing file /home/abayturar/airflow-project/venv/lib/python3.12/site-packages/airflow/example_dags/example_task_group_decorator.py for tasks to queue
[2026-03-29T12:09:56.910+0500] {logging_mixin.py:188} INFO - [2026-03-29T12:09:56.910+0500] {dagbag.py:545} INFO - Filling up the DagBag from /home/abayturar/airflow-project/venv/lib/python3.12/site-packages/airflow/example_dags/example_task_group_decorator.py
[2026-03-29T12:09:56.921+0500] {processor.py:840} INFO - DAG(s) 'example_task_group_decorator' retrieved from /home/abayturar/airflow-project/venv/lib/python3.12/site-packages/airflow/example_dags/example_task_group_decorator.py
[2026-03-29T12:09:56.937+0500] {logging_mixin.py:188} INFO - [2026-03-29T12:09:56.937+0500] {dag.py:3089} INFO - Sync 1 DAGs
[2026-03-29T12:09:56.950+0500] {logging_mixin.py:188} INFO - [2026-03-29T12:09:56.950+0500] {dag.py:3947} INFO - Setting next_dagrun for example_task_group_decorator to 2026-03-28 00:00:00+00:00, run_after=2026-03-29 00:00:00+00:00
[2026-03-29T12:09:57.003+0500] {processor.py:183} INFO - Processing /home/abayturar/airflow-project/venv/lib/python3.12/site-packages/airflow/example_dags/example_task_group_decorator.py took 0.101 seconds
[2026-03-29T12:10:44.805+0500] {processor.py:161} INFO - Started process (PID=1091) to work on /home/abayturar/airflow-project/venv/lib/python3.12/site-packages/airflow/example_dags/example_task_group_decorator.py
[2026-03-29T12:10:44.806+0500] {processor.py:830} INFO - Processing file /home/abayturar/airflow-project/venv/lib/python3.12/site-packages/airflow/example_dags/example_task_group_decorator.py for tasks to queue
[2026-03-29T12:10:44.809+0500] {logging_mixin.py:188} INFO - [2026-03-29T12:10:44.808+0500] {dagbag.py:545} INFO - Filling up the DagBag from /home/abayturar/airflow-project/venv/lib/python3.12/site-packages/airflow/example_dags/example_task_group_decorator.py
[2026-03-29T12:10:44.827+0500] {processor.py:840} INFO - DAG(s) 'example_task_group_decorator' retrieved from /home/abayturar/airflow-project/venv/lib/python3.12/site-packages/airflow/example_dags/example_task_group_decorator.py
[2026-03-29T12:10:44.854+0500] {logging_mixin.py:188} INFO - [2026-03-29T12:10:44.854+0500] {dag.py:3089} INFO - Sync 1 DAGs
[2026-03-29T12:10:44.877+0500] {logging_mixin.py:188} INFO - [2026-03-29T12:10:44.877+0500] {dag.py:3947} INFO - Setting next_dagrun for example_task_group_decorator to 2026-03-28 00:00:00+00:00, run_after=2026-03-29 00:00:00+00:00
[2026-03-29T12:10:44.903+0500] {processor.py:183} INFO - Processing /home/abayturar/airflow-project/venv/lib/python3.12/site-packages/airflow/example_dags/example_task_group_decorator.py took 0.107 seconds
[2026-03-29T12:11:34.371+0500] {processor.py:161} INFO - Started process (PID=1223) to work on /home/abayturar/airflow-project/venv/lib/python3.12/site-packages/airflow/example_dags/example_task_group_decorator.py
[2026-03-29T12:11:34.372+0500] {processor.py:830} INFO - Processing file /home/abayturar/airflow-project/venv/lib/python3.12/site-packages/airflow/example_dags/example_task_group_decorator.py for tasks to queue
[2026-03-29T12:11:34.373+0500] {logging_mixin.py:188} INFO - [2026-03-29T12:11:34.373+0500] {dagbag.py:545} INFO - Filling up the DagBag from /home/abayturar/airflow-project/venv/lib/python3.12/site-packages/airflow/example_dags/example_task_group_decorator.py
[2026-03-29T12:11:34.385+0500] {processor.py:840} INFO - DAG(s) 'example_task_group_decorator' retrieved from /home/abayturar/airflow-project/venv/lib/python3.12/site-packages/airflow/example_dags/example_task_group_decorator.py
[2026-03-29T12:11:34.402+0500] {logging_mixin.py:188} INFO - [2026-03-29T12:11:34.402+0500] {dag.py:3089} INFO - Sync 1 DAGs
[2026-03-29T12:11:34.415+0500] {logging_mixin.py:188} INFO - [2026-03-29T12:11:34.415+0500] {dag.py:3947} INFO - Setting next_dagrun for example_task_group_decorator to 2026-03-28 00:00:00+00:00, run_after=2026-03-29 00:00:00+00:00
[2026-03-29T12:11:34.468+0500] {processor.py:183} INFO - Processing /home/abayturar/airflow-project/venv/lib/python3.12/site-packages/airflow/example_dags/example_task_group_decorator.py took 0.103 seconds
[2026-03-29T12:12:25.730+0500] {processor.py:161} INFO - Started process (PID=1356) to work on /home/abayturar/airflow-project/venv/lib/python3.12/site-packages/airflow/example_dags/example_task_group_decorator.py
[2026-03-29T12:12:25.730+0500] {processor.py:830} INFO - Processing file /home/abayturar/airflow-project/venv/lib/python3.12/site-packages/airflow/example_dags/example_task_group_decorator.py for tasks to queue
[2026-03-29T12:12:25.732+0500] {logging_mixin.py:188} INFO - [2026-03-29T12:12:25.732+0500] {dagbag.py:545} INFO - Filling up the DagBag from /home/abayturar/airflow-project/venv/lib/python3.12/site-packages/airflow/example_dags/example_task_group_decorator.py
[2026-03-29T12:12:25.744+0500] {processor.py:840} INFO - DAG(s) 'example_task_group_decorator' retrieved from /home/abayturar/airflow-project/venv/lib/python3.12/site-packages/airflow/example_dags/example_task_group_decorator.py
[2026-03-29T12:12:25.761+0500] {logging_mixin.py:188} INFO - [2026-03-29T12:12:25.761+0500] {dag.py:3089} INFO - Sync 1 DAGs
[2026-03-29T12:12:25.774+0500] {logging_mixin.py:188} INFO - [2026-03-29T12:12:25.774+0500] {dag.py:3947} INFO - Setting next_dagrun for example_task_group_decorator to 2026-03-28 00:00:00+00:00, run_after=2026-03-29 00:00:00+00:00
[2026-03-29T12:12:25.828+0500] {processor.py:183} INFO - Processing /home/abayturar/airflow-project/venv/lib/python3.12/site-packages/airflow/example_dags/example_task_group_decorator.py took 0.104 seconds
[2026-03-29T12:13:16.428+0500] {processor.py:161} INFO - Started process (PID=1492) to work on /home/abayturar/airflow-project/venv/lib/python3.12/site-packages/airflow/example_dags/example_task_group_decorator.py
[2026-03-29T12:13:16.428+0500] {processor.py:830} INFO - Processing file /home/abayturar/airflow-project/venv/lib/python3.12/site-packages/airflow/example_dags/example_task_group_decorator.py for tasks to queue
[2026-03-29T12:13:16.430+0500] {logging_mixin.py:188} INFO - [2026-03-29T12:13:16.430+0500] {dagbag.py:545} INFO - Filling up the DagBag from /home/abayturar/airflow-project/venv/lib/python3.12/site-packages/airflow/example_dags/example_task_group_decorator.py
[2026-03-29T12:13:16.442+0500] {processor.py:840} INFO - DAG(s) 'example_task_group_decorator' retrieved from /home/abayturar/airflow-project/venv/lib/python3.12/site-packages/airflow/example_dags/example_task_group_decorator.py
[2026-03-29T12:13:16.459+0500] {logging_mixin.py:188} INFO - [2026-03-29T12:13:16.459+0500] {dag.py:3089} INFO - Sync 1 DAGs
[2026-03-29T12:13:16.560+0500] {logging_mixin.py:188} INFO - [2026-03-29T12:13:16.560+0500] {dag.py:3947} INFO - Setting next_dagrun for example_task_group_decorator to 2026-03-28 00:00:00+00:00, run_after=2026-03-29 00:00:00+00:00
[2026-03-29T12:13:16.573+0500] {processor.py:183} INFO - Processing /home/abayturar/airflow-project/venv/lib/python3.12/site-packages/airflow/example_dags/example_task_group_decorator.py took 0.151 seconds
[2026-03-29T12:14:06.093+0500] {processor.py:161} INFO - Started process (PID=1622) to work on /home/abayturar/airflow-project/venv/lib/python3.12/site-packages/airflow/example_dags/example_task_group_decorator.py
[2026-03-29T12:14:06.094+0500] {processor.py:830} INFO - Processing file /home/abayturar/airflow-project/venv/lib/python3.12/site-packages/airflow/example_dags/example_task_group_decorator.py for tasks to queue
[2026-03-29T12:14:06.096+0500] {logging_mixin.py:188} INFO - [2026-03-29T12:14:06.095+0500] {dagbag.py:545} INFO - Filling up the DagBag from /home/abayturar/airflow-project/venv/lib/python3.12/site-packages/airflow/example_dags/example_task_group_decorator.py
[2026-03-29T12:14:06.107+0500] {processor.py:840} INFO - DAG(s) 'example_task_group_decorator' retrieved from /home/abayturar/airflow-project/venv/lib/python3.12/site-packages/airflow/example_dags/example_task_group_decorator.py
[2026-03-29T12:14:06.123+0500] {logging_mixin.py:188} INFO - [2026-03-29T12:14:06.123+0500] {dag.py:3089} INFO - Sync 1 DAGs
[2026-03-29T12:14:06.136+0500] {logging_mixin.py:188} INFO - [2026-03-29T12:14:06.136+0500] {dag.py:3947} INFO - Setting next_dagrun for example_task_group_decorator to 2026-03-28 00:00:00+00:00, run_after=2026-03-29 00:00:00+00:00
[2026-03-29T12:14:06.151+0500] {processor.py:183} INFO - Processing /home/abayturar/airflow-project/venv/lib/python3.12/site-packages/airflow/example_dags/example_task_group_decorator.py took 0.064 seconds
[2026-03-29T12:14:59.387+0500] {processor.py:161} INFO - Started process (PID=1761) to work on /home/abayturar/airflow-project/venv/lib/python3.12/site-packages/airflow/example_dags/example_task_group_decorator.py
[2026-03-29T12:14:59.388+0500] {processor.py:830} INFO - Processing file /home/abayturar/airflow-project/venv/lib/python3.12/site-packages/airflow/example_dags/example_task_group_decorator.py for tasks to queue
[2026-03-29T12:14:59.389+0500] {logging_mixin.py:188} INFO - [2026-03-29T12:14:59.389+0500] {dagbag.py:545} INFO - Filling up the DagBag from /home/abayturar/airflow-project/venv/lib/python3.12/site-packages/airflow/example_dags/example_task_group_decorator.py
[2026-03-29T12:14:59.401+0500] {processor.py:840} INFO - DAG(s) 'example_task_group_decorator' retrieved from /home/abayturar/airflow-project/venv/lib/python3.12/site-packages/airflow/example_dags/example_task_group_decorator.py
[2026-03-29T12:14:59.418+0500] {logging_mixin.py:188} INFO - [2026-03-29T12:14:59.418+0500] {dag.py:3089} INFO - Sync 1 DAGs
[2026-03-29T12:14:59.431+0500] {logging_mixin.py:188} INFO - [2026-03-29T12:14:59.431+0500] {dag.py:3947} INFO - Setting next_dagrun for example_task_group_decorator to 2026-03-28 00:00:00+00:00, run_after=2026-03-29 00:00:00+00:00
[2026-03-29T12:14:59.485+0500] {processor.py:183} INFO - Processing /home/abayturar/airflow-project/venv/lib/python3.12/site-packages/airflow/example_dags/example_task_group_decorator.py took 0.104 seconds
[2026-03-29T12:15:53.475+0500] {processor.py:161} INFO - Started process (PID=1900) to work on /home/abayturar/airflow-project/venv/lib/python3.12/site-packages/airflow/example_dags/example_task_group_decorator.py
[2026-03-29T12:15:53.476+0500] {processor.py:830} INFO - Processing file /home/abayturar/airflow-project/venv/lib/python3.12/site-packages/airflow/example_dags/example_task_group_decorator.py for tasks to queue
[2026-03-29T12:15:53.478+0500] {logging_mixin.py:188} INFO - [2026-03-29T12:15:53.477+0500] {dagbag.py:545} INFO - Filling up the DagBag from /home/abayturar/airflow-project/venv/lib/python3.12/site-packages/airflow/example_dags/example_task_group_decorator.py
[2026-03-29T12:15:53.489+0500] {processor.py:840} INFO - DAG(s) 'example_task_group_decorator' retrieved from /home/abayturar/airflow-project/venv/lib/python3.12/site-packages/airflow/example_dags/example_task_group_decorator.py
[2026-03-29T12:15:53.603+0500] {logging_mixin.py:188} INFO - [2026-03-29T12:15:53.603+0500] {dag.py:3089} INFO - Sync 1 DAGs
[2026-03-29T12:15:53.614+0500] {logging_mixin.py:188} INFO - [2026-03-29T12:15:53.614+0500] {dag.py:3947} INFO - Setting next_dagrun for example_task_group_decorator to 2026-03-28 00:00:00+00:00, run_after=2026-03-29 00:00:00+00:00
[2026-03-29T12:15:53.666+0500] {processor.py:183} INFO - Processing /home/abayturar/airflow-project/venv/lib/python3.12/site-packages/airflow/example_dags/example_task_group_decorator.py took 0.197 seconds
[2026-03-29T12:16:45.843+0500] {processor.py:161} INFO - Started process (PID=2039) to work on /home/abayturar/airflow-project/venv/lib/python3.12/site-packages/airflow/example_dags/example_task_group_decorator.py
[2026-03-29T12:16:45.844+0500] {processor.py:830} INFO - Processing file /home/abayturar/airflow-project/venv/lib/python3.12/site-packages/airflow/example_dags/example_task_group_decorator.py for tasks to queue
[2026-03-29T12:16:45.846+0500] {logging_mixin.py:188} INFO - [2026-03-29T12:16:45.846+0500] {dagbag.py:545} INFO - Filling up the DagBag from /home/abayturar/airflow-project/venv/lib/python3.12/site-packages/airflow/example_dags/example_task_group_decorator.py
[2026-03-29T12:16:45.857+0500] {processor.py:840} INFO - DAG(s) 'example_task_group_decorator' retrieved from /home/abayturar/airflow-project/venv/lib/python3.12/site-packages/airflow/example_dags/example_task_group_decorator.py
[2026-03-29T12:16:45.874+0500] {logging_mixin.py:188} INFO - [2026-03-29T12:16:45.874+0500] {dag.py:3089} INFO - Sync 1 DAGs
[2026-03-29T12:16:45.973+0500] {logging_mixin.py:188} INFO - [2026-03-29T12:16:45.973+0500] {dag.py:3947} INFO - Setting next_dagrun for example_task_group_decorator to 2026-03-28 00:00:00+00:00, run_after=2026-03-29 00:00:00+00:00
[2026-03-29T12:16:46.025+0500] {processor.py:183} INFO - Processing /home/abayturar/airflow-project/venv/lib/python3.12/site-packages/airflow/example_dags/example_task_group_decorator.py took 0.187 seconds
[2026-03-29T12:17:38.170+0500] {processor.py:161} INFO - Started process (PID=2174) to work on /home/abayturar/airflow-project/venv/lib/python3.12/site-packages/airflow/example_dags/example_task_group_decorator.py
[2026-03-29T12:17:38.171+0500] {processor.py:830} INFO - Processing file /home/abayturar/airflow-project/venv/lib/python3.12/site-packages/airflow/example_dags/example_task_group_decorator.py for tasks to queue
[2026-03-29T12:17:38.172+0500] {logging_mixin.py:188} INFO - [2026-03-29T12:17:38.172+0500] {dagbag.py:545} INFO - Filling up the DagBag from /home/abayturar/airflow-project/venv/lib/python3.12/site-packages/airflow/example_dags/example_task_group_decorator.py
[2026-03-29T12:17:38.189+0500] {processor.py:840} INFO - DAG(s) 'example_task_group_decorator' retrieved from /home/abayturar/airflow-project/venv/lib/python3.12/site-packages/airflow/example_dags/example_task_group_decorator.py
[2026-03-29T12:17:38.208+0500] {logging_mixin.py:188} INFO - [2026-03-29T12:17:38.208+0500] {dag.py:3089} INFO - Sync 1 DAGs
[2026-03-29T12:17:38.224+0500] {logging_mixin.py:188} INFO - [2026-03-29T12:17:38.223+0500] {dag.py:3947} INFO - Setting next_dagrun for example_task_group_decorator to 2026-03-28 00:00:00+00:00, run_after=2026-03-29 00:00:00+00:00
[2026-03-29T12:17:38.280+0500] {processor.py:183} INFO - Processing /home/abayturar/airflow-project/venv/lib/python3.12/site-packages/airflow/example_dags/example_task_group_decorator.py took 0.117 seconds
[2026-03-29T12:18:30.187+0500] {processor.py:161} INFO - Started process (PID=2309) to work on /home/abayturar/airflow-project/venv/lib/python3.12/site-packages/airflow/example_dags/example_task_group_decorator.py
[2026-03-29T12:18:30.187+0500] {processor.py:830} INFO - Processing file /home/abayturar/airflow-project/venv/lib/python3.12/site-packages/airflow/example_dags/example_task_group_decorator.py for tasks to queue
[2026-03-29T12:18:30.189+0500] {logging_mixin.py:188} INFO - [2026-03-29T12:18:30.189+0500] {dagbag.py:545} INFO - Filling up the DagBag from /home/abayturar/airflow-project/venv/lib/python3.12/site-packages/airflow/example_dags/example_task_group_decorator.py
[2026-03-29T12:18:30.201+0500] {processor.py:840} INFO - DAG(s) 'example_task_group_decorator' retrieved from /home/abayturar/airflow-project/venv/lib/python3.12/site-packages/airflow/example_dags/example_task_group_decorator.py
[2026-03-29T12:18:30.217+0500] {logging_mixin.py:188} INFO - [2026-03-29T12:18:30.217+0500] {dag.py:3089} INFO - Sync 1 DAGs
[2026-03-29T12:18:30.231+0500] {logging_mixin.py:188} INFO - [2026-03-29T12:18:30.230+0500] {dag.py:3947} INFO - Setting next_dagrun for example_task_group_decorator to 2026-03-28 00:00:00+00:00, run_after=2026-03-29 00:00:00+00:00
[2026-03-29T12:18:30.245+0500] {processor.py:183} INFO - Processing /home/abayturar/airflow-project/venv/lib/python3.12/site-packages/airflow/example_dags/example_task_group_decorator.py took 0.064 seconds
[2026-03-29T12:19:21.261+0500] {processor.py:161} INFO - Started process (PID=2444) to work on /home/abayturar/airflow-project/venv/lib/python3.12/site-packages/airflow/example_dags/example_task_group_decorator.py
[2026-03-29T12:19:21.262+0500] {processor.py:830} INFO - Processing file /home/abayturar/airflow-project/venv/lib/python3.12/site-packages/airflow/example_dags/example_task_group_decorator.py for tasks to queue
[2026-03-29T12:19:21.265+0500] {logging_mixin.py:188} INFO - [2026-03-29T12:19:21.264+0500] {dagbag.py:545} INFO - Filling up the DagBag from /home/abayturar/airflow-project/venv/lib/python3.12/site-packages/airflow/example_dags/example_task_group_decorator.py
[2026-03-29T12:19:21.280+0500] {processor.py:840} INFO - DAG(s) 'example_task_group_decorator' retrieved from /home/abayturar/airflow-project/venv/lib/python3.12/site-packages/airflow/example_dags/example_task_group_decorator.py
[2026-03-29T12:19:21.300+0500] {logging_mixin.py:188} INFO - [2026-03-29T12:19:21.300+0500] {dag.py:3089} INFO - Sync 1 DAGs
[2026-03-29T12:19:21.318+0500] {logging_mixin.py:188} INFO - [2026-03-29T12:19:21.317+0500] {dag.py:3947} INFO - Setting next_dagrun for example_task_group_decorator to 2026-03-28 00:00:00+00:00, run_after=2026-03-29 00:00:00+00:00
[2026-03-29T12:19:21.377+0500] {processor.py:183} INFO - Processing /home/abayturar/airflow-project/venv/lib/python3.12/site-packages/airflow/example_dags/example_task_group_decorator.py took 0.123 seconds
[2026-03-29T12:20:12.606+0500] {processor.py:161} INFO - Started process (PID=2578) to work on /home/abayturar/airflow-project/venv/lib/python3.12/site-packages/airflow/example_dags/example_task_group_decorator.py
[2026-03-29T12:20:12.607+0500] {processor.py:830} INFO - Processing file /home/abayturar/airflow-project/venv/lib/python3.12/site-packages/airflow/example_dags/example_task_group_decorator.py for tasks to queue
[2026-03-29T12:20:12.609+0500] {logging_mixin.py:188} INFO - [2026-03-29T12:20:12.609+0500] {dagbag.py:545} INFO - Filling up the DagBag from /home/abayturar/airflow-project/venv/lib/python3.12/site-packages/airflow/example_dags/example_task_group_decorator.py
[2026-03-29T12:20:12.622+0500] {processor.py:840} INFO - DAG(s) 'example_task_group_decorator' retrieved from /home/abayturar/airflow-project/venv/lib/python3.12/site-packages/airflow/example_dags/example_task_group_decorator.py
[2026-03-29T12:20:12.639+0500] {logging_mixin.py:188} INFO - [2026-03-29T12:20:12.639+0500] {dag.py:3089} INFO - Sync 1 DAGs
[2026-03-29T12:20:12.653+0500] {logging_mixin.py:188} INFO - [2026-03-29T12:20:12.653+0500] {dag.py:3947} INFO - Setting next_dagrun for example_task_group_decorator to 2026-03-28 00:00:00+00:00, run_after=2026-03-29 00:00:00+00:00
[2026-03-29T12:20:12.707+0500] {processor.py:183} INFO - Processing /home/abayturar/airflow-project/venv/lib/python3.12/site-packages/airflow/example_dags/example_task_group_decorator.py took 0.107 seconds
[2026-03-29T12:21:07.285+0500] {processor.py:161} INFO - Started process (PID=2720) to work on /home/abayturar/airflow-project/venv/lib/python3.12/site-packages/airflow/example_dags/example_task_group_decorator.py
[2026-03-29T12:21:07.286+0500] {processor.py:830} INFO - Processing file /home/abayturar/airflow-project/venv/lib/python3.12/site-packages/airflow/example_dags/example_task_group_decorator.py for tasks to queue
[2026-03-29T12:21:07.288+0500] {logging_mixin.py:188} INFO - [2026-03-29T12:21:07.288+0500] {dagbag.py:545} INFO - Filling up the DagBag from /home/abayturar/airflow-project/venv/lib/python3.12/site-packages/airflow/example_dags/example_task_group_decorator.py
[2026-03-29T12:21:07.300+0500] {processor.py:840} INFO - DAG(s) 'example_task_group_decorator' retrieved from /home/abayturar/airflow-project/venv/lib/python3.12/site-packages/airflow/example_dags/example_task_group_decorator.py
[2026-03-29T12:21:07.317+0500] {logging_mixin.py:188} INFO - [2026-03-29T12:21:07.317+0500] {dag.py:3089} INFO - Sync 1 DAGs
[2026-03-29T12:21:07.332+0500] {logging_mixin.py:188} INFO - [2026-03-29T12:21:07.331+0500] {dag.py:3947} INFO - Setting next_dagrun for example_task_group_decorator to 2026-03-28 00:00:00+00:00, run_after=2026-03-29 00:00:00+00:00
[2026-03-29T12:21:07.348+0500] {processor.py:183} INFO - Processing /home/abayturar/airflow-project/venv/lib/python3.12/site-packages/airflow/example_dags/example_task_group_decorator.py took 0.069 seconds
[2026-03-29T12:21:57.589+0500] {processor.py:161} INFO - Started process (PID=2875) to work on /home/abayturar/airflow-project/venv/lib/python3.12/site-packages/airflow/example_dags/example_task_group_decorator.py
[2026-03-29T12:21:57.590+0500] {processor.py:830} INFO - Processing file /home/abayturar/airflow-project/venv/lib/python3.12/site-packages/airflow/example_dags/example_task_group_decorator.py for tasks to queue
[2026-03-29T12:21:57.592+0500] {logging_mixin.py:188} INFO - [2026-03-29T12:21:57.592+0500] {dagbag.py:545} INFO - Filling up the DagBag from /home/abayturar/airflow-project/venv/lib/python3.12/site-packages/airflow/example_dags/example_task_group_decorator.py
[2026-03-29T12:21:57.605+0500] {processor.py:840} INFO - DAG(s) 'example_task_group_decorator' retrieved from /home/abayturar/airflow-project/venv/lib/python3.12/site-packages/airflow/example_dags/example_task_group_decorator.py
[2026-03-29T12:21:57.625+0500] {logging_mixin.py:188} INFO - [2026-03-29T12:21:57.625+0500] {dag.py:3089} INFO - Sync 1 DAGs
[2026-03-29T12:21:57.639+0500] {logging_mixin.py:188} INFO - [2026-03-29T12:21:57.639+0500] {dag.py:3947} INFO - Setting next_dagrun for example_task_group_decorator to 2026-03-28 00:00:00+00:00, run_after=2026-03-29 00:00:00+00:00
[2026-03-29T12:21:57.694+0500] {processor.py:183} INFO - Processing /home/abayturar/airflow-project/venv/lib/python3.12/site-packages/airflow/example_dags/example_task_group_decorator.py took 0.111 seconds
[2026-03-29T12:22:49.668+0500] {processor.py:161} INFO - Started process (PID=3176) to work on /home/abayturar/airflow-project/venv/lib/python3.12/site-packages/airflow/example_dags/example_task_group_decorator.py
[2026-03-29T12:22:49.669+0500] {processor.py:830} INFO - Processing file /home/abayturar/airflow-project/venv/lib/python3.12/site-packages/airflow/example_dags/example_task_group_decorator.py for tasks to queue
[2026-03-29T12:22:49.671+0500] {logging_mixin.py:188} INFO - [2026-03-29T12:22:49.670+0500] {dagbag.py:545} INFO - Filling up the DagBag from /home/abayturar/airflow-project/venv/lib/python3.12/site-packages/airflow/example_dags/example_task_group_decorator.py
[2026-03-29T12:22:49.683+0500] {processor.py:840} INFO - DAG(s) 'example_task_group_decorator' retrieved from /home/abayturar/airflow-project/venv/lib/python3.12/site-packages/airflow/example_dags/example_task_group_decorator.py
[2026-03-29T12:22:49.704+0500] {logging_mixin.py:188} INFO - [2026-03-29T12:22:49.704+0500] {dag.py:3089} INFO - Sync 1 DAGs
[2026-03-29T12:22:49.722+0500] {logging_mixin.py:188} INFO - [2026-03-29T12:22:49.722+0500] {dag.py:3947} INFO - Setting next_dagrun for example_task_group_decorator to 2026-03-28 00:00:00+00:00, run_after=2026-03-29 00:00:00+00:00
[2026-03-29T12:22:49.775+0500] {processor.py:183} INFO - Processing /home/abayturar/airflow-project/venv/lib/python3.12/site-packages/airflow/example_dags/example_task_group_decorator.py took 0.115 seconds
[2026-03-29T12:23:42.283+0500] {processor.py:161} INFO - Started process (PID=3349) to work on /home/abayturar/airflow-project/venv/lib/python3.12/site-packages/airflow/example_dags/example_task_group_decorator.py
[2026-03-29T12:23:42.284+0500] {processor.py:830} INFO - Processing file /home/abayturar/airflow-project/venv/lib/python3.12/site-packages/airflow/example_dags/example_task_group_decorator.py for tasks to queue
[2026-03-29T12:23:42.285+0500] {logging_mixin.py:188} INFO - [2026-03-29T12:23:42.285+0500] {dagbag.py:545} INFO - Filling up the DagBag from /home/abayturar/airflow-project/venv/lib/python3.12/site-packages/airflow/example_dags/example_task_group_decorator.py
[2026-03-29T12:23:42.297+0500] {processor.py:840} INFO - DAG(s) 'example_task_group_decorator' retrieved from /home/abayturar/airflow-project/venv/lib/python3.12/site-packages/airflow/example_dags/example_task_group_decorator.py
[2026-03-29T12:23:42.314+0500] {logging_mixin.py:188} INFO - [2026-03-29T12:23:42.314+0500] {dag.py:3089} INFO - Sync 1 DAGs
[2026-03-29T12:23:42.327+0500] {logging_mixin.py:188} INFO - [2026-03-29T12:23:42.327+0500] {dag.py:3947} INFO - Setting next_dagrun for example_task_group_decorator to 2026-03-28 00:00:00+00:00, run_after=2026-03-29 00:00:00+00:00
[2026-03-29T12:23:42.383+0500] {processor.py:183} INFO - Processing /home/abayturar/airflow-project/venv/lib/python3.12/site-packages/airflow/example_dags/example_task_group_decorator.py took 0.107 seconds
[2026-03-29T12:24:35.988+0500] {processor.py:161} INFO - Started process (PID=3539) to work on /home/abayturar/airflow-project/venv/lib/python3.12/site-packages/airflow/example_dags/example_task_group_decorator.py
[2026-03-29T12:24:35.989+0500] {processor.py:830} INFO - Processing file /home/abayturar/airflow-project/venv/lib/python3.12/site-packages/airflow/example_dags/example_task_group_decorator.py for tasks to queue
[2026-03-29T12:24:35.991+0500] {logging_mixin.py:188} INFO - [2026-03-29T12:24:35.991+0500] {dagbag.py:545} INFO - Filling up the DagBag from /home/abayturar/airflow-project/venv/lib/python3.12/site-packages/airflow/example_dags/example_task_group_decorator.py
[2026-03-29T12:24:36.003+0500] {processor.py:840} INFO - DAG(s) 'example_task_group_decorator' retrieved from /home/abayturar/airflow-project/venv/lib/python3.12/site-packages/airflow/example_dags/example_task_group_decorator.py
[2026-03-29T12:24:36.019+0500] {logging_mixin.py:188} INFO - [2026-03-29T12:24:36.019+0500] {dag.py:3089} INFO - Sync 1 DAGs
[2026-03-29T12:24:36.032+0500] {logging_mixin.py:188} INFO - [2026-03-29T12:24:36.032+0500] {dag.py:3947} INFO - Setting next_dagrun for example_task_group_decorator to 2026-03-28 00:00:00+00:00, run_after=2026-03-29 00:00:00+00:00
[2026-03-29T12:24:36.086+0500] {processor.py:183} INFO - Processing /home/abayturar/airflow-project/venv/lib/python3.12/site-packages/airflow/example_dags/example_task_group_decorator.py took 0.105 seconds
[2026-03-29T12:25:29.615+0500] {processor.py:161} INFO - Started process (PID=3678) to work on /home/abayturar/airflow-project/venv/lib/python3.12/site-packages/airflow/example_dags/example_task_group_decorator.py
[2026-03-29T12:25:29.616+0500] {processor.py:830} INFO - Processing file /home/abayturar/airflow-project/venv/lib/python3.12/site-packages/airflow/example_dags/example_task_group_decorator.py for tasks to queue
[2026-03-29T12:25:29.618+0500] {logging_mixin.py:188} INFO - [2026-03-29T12:25:29.617+0500] {dagbag.py:545} INFO - Filling up the DagBag from /home/abayturar/airflow-project/venv/lib/python3.12/site-packages/airflow/example_dags/example_task_group_decorator.py
[2026-03-29T12:25:29.634+0500] {processor.py:840} INFO - DAG(s) 'example_task_group_decorator' retrieved from /home/abayturar/airflow-project/venv/lib/python3.12/site-packages/airflow/example_dags/example_task_group_decorator.py
[2026-03-29T12:25:29.651+0500] {logging_mixin.py:188} INFO - [2026-03-29T12:25:29.651+0500] {dag.py:3089} INFO - Sync 1 DAGs
[2026-03-29T12:25:29.666+0500] {logging_mixin.py:188} INFO - [2026-03-29T12:25:29.666+0500] {dag.py:3947} INFO - Setting next_dagrun for example_task_group_decorator to 2026-03-28 00:00:00+00:00, run_after=2026-03-29 00:00:00+00:00
[2026-03-29T12:25:29.723+0500] {processor.py:183} INFO - Processing /home/abayturar/airflow-project/venv/lib/python3.12/site-packages/airflow/example_dags/example_task_group_decorator.py took 0.115 seconds
[2026-03-29T12:26:19.665+0500] {processor.py:161} INFO - Started process (PID=3984) to work on /home/abayturar/airflow-project/venv/lib/python3.12/site-packages/airflow/example_dags/example_task_group_decorator.py
[2026-03-29T12:26:19.666+0500] {processor.py:830} INFO - Processing file /home/abayturar/airflow-project/venv/lib/python3.12/site-packages/airflow/example_dags/example_task_group_decorator.py for tasks to queue
[2026-03-29T12:26:19.668+0500] {logging_mixin.py:188} INFO - [2026-03-29T12:26:19.667+0500] {dagbag.py:545} INFO - Filling up the DagBag from /home/abayturar/airflow-project/venv/lib/python3.12/site-packages/airflow/example_dags/example_task_group_decorator.py
[2026-03-29T12:26:19.680+0500] {processor.py:840} INFO - DAG(s) 'example_task_group_decorator' retrieved from /home/abayturar/airflow-project/venv/lib/python3.12/site-packages/airflow/example_dags/example_task_group_decorator.py
[2026-03-29T12:26:19.700+0500] {logging_mixin.py:188} INFO - [2026-03-29T12:26:19.700+0500] {dag.py:3089} INFO - Sync 1 DAGs
[2026-03-29T12:26:19.718+0500] {logging_mixin.py:188} INFO - [2026-03-29T12:26:19.718+0500] {dag.py:3947} INFO - Setting next_dagrun for example_task_group_decorator to 2026-03-28 00:00:00+00:00, run_after=2026-03-29 00:00:00+00:00
[2026-03-29T12:26:19.734+0500] {processor.py:183} INFO - Processing /home/abayturar/airflow-project/venv/lib/python3.12/site-packages/airflow/example_dags/example_task_group_decorator.py took 0.075 seconds
[2026-03-29T12:27:08.548+0500] {processor.py:161} INFO - Started process (PID=4190) to work on /home/abayturar/airflow-project/venv/lib/python3.12/site-packages/airflow/example_dags/example_task_group_decorator.py
[2026-03-29T12:27:08.550+0500] {processor.py:830} INFO - Processing file /home/abayturar/airflow-project/venv/lib/python3.12/site-packages/airflow/example_dags/example_task_group_decorator.py for tasks to queue
[2026-03-29T12:27:08.552+0500] {logging_mixin.py:188} INFO - [2026-03-29T12:27:08.551+0500] {dagbag.py:545} INFO - Filling up the DagBag from /home/abayturar/airflow-project/venv/lib/python3.12/site-packages/airflow/example_dags/example_task_group_decorator.py
[2026-03-29T12:27:08.564+0500] {processor.py:840} INFO - DAG(s) 'example_task_group_decorator' retrieved from /home/abayturar/airflow-project/venv/lib/python3.12/site-packages/airflow/example_dags/example_task_group_decorator.py
[2026-03-29T12:27:08.586+0500] {logging_mixin.py:188} INFO - [2026-03-29T12:27:08.586+0500] {dag.py:3089} INFO - Sync 1 DAGs
[2026-03-29T12:27:08.603+0500] {logging_mixin.py:188} INFO - [2026-03-29T12:27:08.603+0500] {dag.py:3947} INFO - Setting next_dagrun for example_task_group_decorator to 2026-03-28 00:00:00+00:00, run_after=2026-03-29 00:00:00+00:00
[2026-03-29T12:27:08.618+0500] {processor.py:183} INFO - Processing /home/abayturar/airflow-project/venv/lib/python3.12/site-packages/airflow/example_dags/example_task_group_decorator.py took 0.078 seconds
[2026-03-29T12:27:57.742+0500] {processor.py:161} INFO - Started process (PID=4452) to work on /home/abayturar/airflow-project/venv/lib/python3.12/site-packages/airflow/example_dags/example_task_group_decorator.py
[2026-03-29T12:27:57.743+0500] {processor.py:830} INFO - Processing file /home/abayturar/airflow-project/venv/lib/python3.12/site-packages/airflow/example_dags/example_task_group_decorator.py for tasks to queue
[2026-03-29T12:27:57.745+0500] {logging_mixin.py:188} INFO - [2026-03-29T12:27:57.745+0500] {dagbag.py:545} INFO - Filling up the DagBag from /home/abayturar/airflow-project/venv/lib/python3.12/site-packages/airflow/example_dags/example_task_group_decorator.py
[2026-03-29T12:27:57.758+0500] {processor.py:840} INFO - DAG(s) 'example_task_group_decorator' retrieved from /home/abayturar/airflow-project/venv/lib/python3.12/site-packages/airflow/example_dags/example_task_group_decorator.py
[2026-03-29T12:27:57.776+0500] {logging_mixin.py:188} INFO - [2026-03-29T12:27:57.776+0500] {dag.py:3089} INFO - Sync 1 DAGs
[2026-03-29T12:27:57.792+0500] {logging_mixin.py:188} INFO - [2026-03-29T12:27:57.791+0500] {dag.py:3947} INFO - Setting next_dagrun for example_task_group_decorator to 2026-03-28 00:00:00+00:00, run_after=2026-03-29 00:00:00+00:00
[2026-03-29T12:27:57.808+0500] {processor.py:183} INFO - Processing /home/abayturar/airflow-project/venv/lib/python3.12/site-packages/airflow/example_dags/example_task_group_decorator.py took 0.072 seconds
[2026-03-29T12:28:44.571+0500] {processor.py:161} INFO - Started process (PID=4577) to work on /home/abayturar/airflow-project/venv/lib/python3.12/site-packages/airflow/example_dags/example_task_group_decorator.py
[2026-03-29T12:28:44.572+0500] {processor.py:830} INFO - Processing file /home/abayturar/airflow-project/venv/lib/python3.12/site-packages/airflow/example_dags/example_task_group_decorator.py for tasks to queue
[2026-03-29T12:28:44.573+0500] {logging_mixin.py:188} INFO - [2026-03-29T12:28:44.573+0500] {dagbag.py:545} INFO - Filling up the DagBag from /home/abayturar/airflow-project/venv/lib/python3.12/site-packages/airflow/example_dags/example_task_group_decorator.py
[2026-03-29T12:28:44.586+0500] {processor.py:840} INFO - DAG(s) 'example_task_group_decorator' retrieved from /home/abayturar/airflow-project/venv/lib/python3.12/site-packages/airflow/example_dags/example_task_group_decorator.py
[2026-03-29T12:28:44.603+0500] {logging_mixin.py:188} INFO - [2026-03-29T12:28:44.603+0500] {dag.py:3089} INFO - Sync 1 DAGs
[2026-03-29T12:28:44.618+0500] {logging_mixin.py:188} INFO - [2026-03-29T12:28:44.618+0500] {dag.py:3947} INFO - Setting next_dagrun for example_task_group_decorator to 2026-03-28 00:00:00+00:00, run_after=2026-03-29 00:00:00+00:00
[2026-03-29T12:28:44.636+0500] {processor.py:183} INFO - Processing /home/abayturar/airflow-project/venv/lib/python3.12/site-packages/airflow/example_dags/example_task_group_decorator.py took 0.071 seconds
[2026-03-29T12:29:33.531+0500] {processor.py:161} INFO - Started process (PID=4708) to work on /home/abayturar/airflow-project/venv/lib/python3.12/site-packages/airflow/example_dags/example_task_group_decorator.py
[2026-03-29T12:29:33.532+0500] {processor.py:830} INFO - Processing file /home/abayturar/airflow-project/venv/lib/python3.12/site-packages/airflow/example_dags/example_task_group_decorator.py for tasks to queue
[2026-03-29T12:29:33.534+0500] {logging_mixin.py:188} INFO - [2026-03-29T12:29:33.534+0500] {dagbag.py:545} INFO - Filling up the DagBag from /home/abayturar/airflow-project/venv/lib/python3.12/site-packages/airflow/example_dags/example_task_group_decorator.py
[2026-03-29T12:29:33.549+0500] {processor.py:840} INFO - DAG(s) 'example_task_group_decorator' retrieved from /home/abayturar/airflow-project/venv/lib/python3.12/site-packages/airflow/example_dags/example_task_group_decorator.py
[2026-03-29T12:29:33.568+0500] {logging_mixin.py:188} INFO - [2026-03-29T12:29:33.568+0500] {dag.py:3089} INFO - Sync 1 DAGs
[2026-03-29T12:29:33.586+0500] {logging_mixin.py:188} INFO - [2026-03-29T12:29:33.586+0500] {dag.py:3947} INFO - Setting next_dagrun for example_task_group_decorator to 2026-03-28 00:00:00+00:00, run_after=2026-03-29 00:00:00+00:00
[2026-03-29T12:29:33.603+0500] {processor.py:183} INFO - Processing /home/abayturar/airflow-project/venv/lib/python3.12/site-packages/airflow/example_dags/example_task_group_decorator.py took 0.079 seconds
[2026-03-29T12:30:23.991+0500] {processor.py:161} INFO - Started process (PID=4999) to work on /home/abayturar/airflow-project/venv/lib/python3.12/site-packages/airflow/example_dags/example_task_group_decorator.py
[2026-03-29T12:30:23.992+0500] {processor.py:830} INFO - Processing file /home/abayturar/airflow-project/venv/lib/python3.12/site-packages/airflow/example_dags/example_task_group_decorator.py for tasks to queue
[2026-03-29T12:30:23.994+0500] {logging_mixin.py:188} INFO - [2026-03-29T12:30:23.993+0500] {dagbag.py:545} INFO - Filling up the DagBag from /home/abayturar/airflow-project/venv/lib/python3.12/site-packages/airflow/example_dags/example_task_group_decorator.py
[2026-03-29T12:30:24.007+0500] {processor.py:840} INFO - DAG(s) 'example_task_group_decorator' retrieved from /home/abayturar/airflow-project/venv/lib/python3.12/site-packages/airflow/example_dags/example_task_group_decorator.py
[2026-03-29T12:30:24.027+0500] {logging_mixin.py:188} INFO - [2026-03-29T12:30:24.026+0500] {dag.py:3089} INFO - Sync 1 DAGs
[2026-03-29T12:30:24.042+0500] {logging_mixin.py:188} INFO - [2026-03-29T12:30:24.042+0500] {dag.py:3947} INFO - Setting next_dagrun for example_task_group_decorator to 2026-03-28 00:00:00+00:00, run_after=2026-03-29 00:00:00+00:00
[2026-03-29T12:30:24.097+0500] {processor.py:183} INFO - Processing /home/abayturar/airflow-project/venv/lib/python3.12/site-packages/airflow/example_dags/example_task_group_decorator.py took 0.112 seconds
[2026-03-29T12:31:13.778+0500] {processor.py:161} INFO - Started process (PID=5239) to work on /home/abayturar/airflow-project/venv/lib/python3.12/site-packages/airflow/example_dags/example_task_group_decorator.py
[2026-03-29T12:31:13.779+0500] {processor.py:830} INFO - Processing file /home/abayturar/airflow-project/venv/lib/python3.12/site-packages/airflow/example_dags/example_task_group_decorator.py for tasks to queue
[2026-03-29T12:31:13.782+0500] {logging_mixin.py:188} INFO - [2026-03-29T12:31:13.782+0500] {dagbag.py:545} INFO - Filling up the DagBag from /home/abayturar/airflow-project/venv/lib/python3.12/site-packages/airflow/example_dags/example_task_group_decorator.py
[2026-03-29T12:31:13.797+0500] {processor.py:840} INFO - DAG(s) 'example_task_group_decorator' retrieved from /home/abayturar/airflow-project/venv/lib/python3.12/site-packages/airflow/example_dags/example_task_group_decorator.py
[2026-03-29T12:31:13.818+0500] {logging_mixin.py:188} INFO - [2026-03-29T12:31:13.818+0500] {dag.py:3089} INFO - Sync 1 DAGs
[2026-03-29T12:31:13.834+0500] {logging_mixin.py:188} INFO - [2026-03-29T12:31:13.834+0500] {dag.py:3947} INFO - Setting next_dagrun for example_task_group_decorator to 2026-03-28 00:00:00+00:00, run_after=2026-03-29 00:00:00+00:00
[2026-03-29T12:31:13.892+0500] {processor.py:183} INFO - Processing /home/abayturar/airflow-project/venv/lib/python3.12/site-packages/airflow/example_dags/example_task_group_decorator.py took 0.120 seconds
[2026-03-29T12:32:00.923+0500] {processor.py:161} INFO - Started process (PID=5589) to work on /home/abayturar/airflow-project/venv/lib/python3.12/site-packages/airflow/example_dags/example_task_group_decorator.py
[2026-03-29T12:32:00.924+0500] {processor.py:830} INFO - Processing file /home/abayturar/airflow-project/venv/lib/python3.12/site-packages/airflow/example_dags/example_task_group_decorator.py for tasks to queue
[2026-03-29T12:32:00.926+0500] {logging_mixin.py:188} INFO - [2026-03-29T12:32:00.926+0500] {dagbag.py:545} INFO - Filling up the DagBag from /home/abayturar/airflow-project/venv/lib/python3.12/site-packages/airflow/example_dags/example_task_group_decorator.py
[2026-03-29T12:32:00.944+0500] {processor.py:840} INFO - DAG(s) 'example_task_group_decorator' retrieved from /home/abayturar/airflow-project/venv/lib/python3.12/site-packages/airflow/example_dags/example_task_group_decorator.py
[2026-03-29T12:32:00.972+0500] {logging_mixin.py:188} INFO - [2026-03-29T12:32:00.972+0500] {dag.py:3089} INFO - Sync 1 DAGs
[2026-03-29T12:32:00.994+0500] {logging_mixin.py:188} INFO - [2026-03-29T12:32:00.993+0500] {dag.py:3947} INFO - Setting next_dagrun for example_task_group_decorator to 2026-03-28 00:00:00+00:00, run_after=2026-03-29 00:00:00+00:00
[2026-03-29T12:32:01.017+0500] {processor.py:183} INFO - Processing /home/abayturar/airflow-project/venv/lib/python3.12/site-packages/airflow/example_dags/example_task_group_decorator.py took 0.100 seconds
[2026-03-29T12:32:49.078+0500] {processor.py:161} INFO - Started process (PID=6071) to work on /home/abayturar/airflow-project/venv/lib/python3.12/site-packages/airflow/example_dags/example_task_group_decorator.py
[2026-03-29T12:32:49.079+0500] {processor.py:830} INFO - Processing file /home/abayturar/airflow-project/venv/lib/python3.12/site-packages/airflow/example_dags/example_task_group_decorator.py for tasks to queue
[2026-03-29T12:32:49.080+0500] {logging_mixin.py:188} INFO - [2026-03-29T12:32:49.080+0500] {dagbag.py:545} INFO - Filling up the DagBag from /home/abayturar/airflow-project/venv/lib/python3.12/site-packages/airflow/example_dags/example_task_group_decorator.py
[2026-03-29T12:32:49.094+0500] {processor.py:840} INFO - DAG(s) 'example_task_group_decorator' retrieved from /home/abayturar/airflow-project/venv/lib/python3.12/site-packages/airflow/example_dags/example_task_group_decorator.py
[2026-03-29T12:32:49.112+0500] {logging_mixin.py:188} INFO - [2026-03-29T12:32:49.112+0500] {dag.py:3089} INFO - Sync 1 DAGs
[2026-03-29T12:32:49.129+0500] {logging_mixin.py:188} INFO - [2026-03-29T12:32:49.129+0500] {dag.py:3947} INFO - Setting next_dagrun for example_task_group_decorator to 2026-03-28 00:00:00+00:00, run_after=2026-03-29 00:00:00+00:00
[2026-03-29T12:32:49.202+0500] {processor.py:183} INFO - Processing /home/abayturar/airflow-project/venv/lib/python3.12/site-packages/airflow/example_dags/example_task_group_decorator.py took 0.131 seconds
[2026-03-29T12:33:37.156+0500] {processor.py:161} INFO - Started process (PID=6197) to work on /home/abayturar/airflow-project/venv/lib/python3.12/site-packages/airflow/example_dags/example_task_group_decorator.py
[2026-03-29T12:33:37.157+0500] {processor.py:830} INFO - Processing file /home/abayturar/airflow-project/venv/lib/python3.12/site-packages/airflow/example_dags/example_task_group_decorator.py for tasks to queue
[2026-03-29T12:33:37.159+0500] {logging_mixin.py:188} INFO - [2026-03-29T12:33:37.159+0500] {dagbag.py:545} INFO - Filling up the DagBag from /home/abayturar/airflow-project/venv/lib/python3.12/site-packages/airflow/example_dags/example_task_group_decorator.py
[2026-03-29T12:33:37.171+0500] {processor.py:840} INFO - DAG(s) 'example_task_group_decorator' retrieved from /home/abayturar/airflow-project/venv/lib/python3.12/site-packages/airflow/example_dags/example_task_group_decorator.py
[2026-03-29T12:33:37.189+0500] {logging_mixin.py:188} INFO - [2026-03-29T12:33:37.189+0500] {dag.py:3089} INFO - Sync 1 DAGs
[2026-03-29T12:33:37.204+0500] {logging_mixin.py:188} INFO - [2026-03-29T12:33:37.204+0500] {dag.py:3947} INFO - Setting next_dagrun for example_task_group_decorator to 2026-03-28 00:00:00+00:00, run_after=2026-03-29 00:00:00+00:00
[2026-03-29T12:33:37.259+0500] {processor.py:183} INFO - Processing /home/abayturar/airflow-project/venv/lib/python3.12/site-packages/airflow/example_dags/example_task_group_decorator.py took 0.108 seconds
[2026-03-29T12:34:25.674+0500] {processor.py:161} INFO - Started process (PID=6338) to work on /home/abayturar/airflow-project/venv/lib/python3.12/site-packages/airflow/example_dags/example_task_group_decorator.py
[2026-03-29T12:34:25.675+0500] {processor.py:830} INFO - Processing file /home/abayturar/airflow-project/venv/lib/python3.12/site-packages/airflow/example_dags/example_task_group_decorator.py for tasks to queue
[2026-03-29T12:34:25.676+0500] {logging_mixin.py:188} INFO - [2026-03-29T12:34:25.676+0500] {dagbag.py:545} INFO - Filling up the DagBag from /home/abayturar/airflow-project/venv/lib/python3.12/site-packages/airflow/example_dags/example_task_group_decorator.py
[2026-03-29T12:34:25.688+0500] {processor.py:840} INFO - DAG(s) 'example_task_group_decorator' retrieved from /home/abayturar/airflow-project/venv/lib/python3.12/site-packages/airflow/example_dags/example_task_group_decorator.py
[2026-03-29T12:34:25.705+0500] {logging_mixin.py:188} INFO - [2026-03-29T12:34:25.705+0500] {dag.py:3089} INFO - Sync 1 DAGs
[2026-03-29T12:34:25.719+0500] {logging_mixin.py:188} INFO - [2026-03-29T12:34:25.719+0500] {dag.py:3947} INFO - Setting next_dagrun for example_task_group_decorator to 2026-03-28 00:00:00+00:00, run_after=2026-03-29 00:00:00+00:00
[2026-03-29T12:34:25.772+0500] {processor.py:183} INFO - Processing /home/abayturar/airflow-project/venv/lib/python3.12/site-packages/airflow/example_dags/example_task_group_decorator.py took 0.106 seconds
[2026-03-29T12:35:15.651+0500] {processor.py:161} INFO - Started process (PID=6469) to work on /home/abayturar/airflow-project/venv/lib/python3.12/site-packages/airflow/example_dags/example_task_group_decorator.py
[2026-03-29T12:35:15.652+0500] {processor.py:830} INFO - Processing file /home/abayturar/airflow-project/venv/lib/python3.12/site-packages/airflow/example_dags/example_task_group_decorator.py for tasks to queue
[2026-03-29T12:35:15.654+0500] {logging_mixin.py:188} INFO - [2026-03-29T12:35:15.653+0500] {dagbag.py:545} INFO - Filling up the DagBag from /home/abayturar/airflow-project/venv/lib/python3.12/site-packages/airflow/example_dags/example_task_group_decorator.py
[2026-03-29T12:35:15.666+0500] {processor.py:840} INFO - DAG(s) 'example_task_group_decorator' retrieved from /home/abayturar/airflow-project/venv/lib/python3.12/site-packages/airflow/example_dags/example_task_group_decorator.py
[2026-03-29T12:35:15.683+0500] {logging_mixin.py:188} INFO - [2026-03-29T12:35:15.683+0500] {dag.py:3089} INFO - Sync 1 DAGs
[2026-03-29T12:35:15.697+0500] {logging_mixin.py:188} INFO - [2026-03-29T12:35:15.697+0500] {dag.py:3947} INFO - Setting next_dagrun for example_task_group_decorator to 2026-03-28 00:00:00+00:00, run_after=2026-03-29 00:00:00+00:00
[2026-03-29T12:35:15.753+0500] {processor.py:183} INFO - Processing /home/abayturar/airflow-project/venv/lib/python3.12/site-packages/airflow/example_dags/example_task_group_decorator.py took 0.108 seconds
[2026-03-29T12:36:04.077+0500] {processor.py:161} INFO - Started process (PID=6599) to work on /home/abayturar/airflow-project/venv/lib/python3.12/site-packages/airflow/example_dags/example_task_group_decorator.py
[2026-03-29T12:36:04.077+0500] {processor.py:830} INFO - Processing file /home/abayturar/airflow-project/venv/lib/python3.12/site-packages/airflow/example_dags/example_task_group_decorator.py for tasks to queue
[2026-03-29T12:36:04.079+0500] {logging_mixin.py:188} INFO - [2026-03-29T12:36:04.079+0500] {dagbag.py:545} INFO - Filling up the DagBag from /home/abayturar/airflow-project/venv/lib/python3.12/site-packages/airflow/example_dags/example_task_group_decorator.py
[2026-03-29T12:36:04.091+0500] {processor.py:840} INFO - DAG(s) 'example_task_group_decorator' retrieved from /home/abayturar/airflow-project/venv/lib/python3.12/site-packages/airflow/example_dags/example_task_group_decorator.py
[2026-03-29T12:36:04.109+0500] {logging_mixin.py:188} INFO - [2026-03-29T12:36:04.109+0500] {dag.py:3089} INFO - Sync 1 DAGs
[2026-03-29T12:36:04.123+0500] {logging_mixin.py:188} INFO - [2026-03-29T12:36:04.123+0500] {dag.py:3947} INFO - Setting next_dagrun for example_task_group_decorator to 2026-03-28 00:00:00+00:00, run_after=2026-03-29 00:00:00+00:00
[2026-03-29T12:36:04.176+0500] {processor.py:183} INFO - Processing /home/abayturar/airflow-project/venv/lib/python3.12/site-packages/airflow/example_dags/example_task_group_decorator.py took 0.106 seconds
[2026-03-29T12:36:54.504+0500] {processor.py:161} INFO - Started process (PID=6730) to work on /home/abayturar/airflow-project/venv/lib/python3.12/site-packages/airflow/example_dags/example_task_group_decorator.py
[2026-03-29T12:36:54.505+0500] {processor.py:830} INFO - Processing file /home/abayturar/airflow-project/venv/lib/python3.12/site-packages/airflow/example_dags/example_task_group_decorator.py for tasks to queue
[2026-03-29T12:36:54.507+0500] {logging_mixin.py:188} INFO - [2026-03-29T12:36:54.507+0500] {dagbag.py:545} INFO - Filling up the DagBag from /home/abayturar/airflow-project/venv/lib/python3.12/site-packages/airflow/example_dags/example_task_group_decorator.py
[2026-03-29T12:36:54.520+0500] {processor.py:840} INFO - DAG(s) 'example_task_group_decorator' retrieved from /home/abayturar/airflow-project/venv/lib/python3.12/site-packages/airflow/example_dags/example_task_group_decorator.py
[2026-03-29T12:36:54.539+0500] {logging_mixin.py:188} INFO - [2026-03-29T12:36:54.539+0500] {dag.py:3089} INFO - Sync 1 DAGs
[2026-03-29T12:36:54.555+0500] {logging_mixin.py:188} INFO - [2026-03-29T12:36:54.555+0500] {dag.py:3947} INFO - Setting next_dagrun for example_task_group_decorator to 2026-03-28 00:00:00+00:00, run_after=2026-03-29 00:00:00+00:00
[2026-03-29T12:36:54.610+0500] {processor.py:183} INFO - Processing /home/abayturar/airflow-project/venv/lib/python3.12/site-packages/airflow/example_dags/example_task_group_decorator.py took 0.113 seconds
[2026-03-29T12:37:43.534+0500] {processor.py:161} INFO - Started process (PID=6860) to work on /home/abayturar/airflow-project/venv/lib/python3.12/site-packages/airflow/example_dags/example_task_group_decorator.py
[2026-03-29T12:37:43.535+0500] {processor.py:830} INFO - Processing file /home/abayturar/airflow-project/venv/lib/python3.12/site-packages/airflow/example_dags/example_task_group_decorator.py for tasks to queue
[2026-03-29T12:37:43.537+0500] {logging_mixin.py:188} INFO - [2026-03-29T12:37:43.536+0500] {dagbag.py:545} INFO - Filling up the DagBag from /home/abayturar/airflow-project/venv/lib/python3.12/site-packages/airflow/example_dags/example_task_group_decorator.py
[2026-03-29T12:37:43.550+0500] {processor.py:840} INFO - DAG(s) 'example_task_group_decorator' retrieved from /home/abayturar/airflow-project/venv/lib/python3.12/site-packages/airflow/example_dags/example_task_group_decorator.py
[2026-03-29T12:37:43.570+0500] {logging_mixin.py:188} INFO - [2026-03-29T12:37:43.570+0500] {dag.py:3089} INFO - Sync 1 DAGs
[2026-03-29T12:37:43.588+0500] {logging_mixin.py:188} INFO - [2026-03-29T12:37:43.588+0500] {dag.py:3947} INFO - Setting next_dagrun for example_task_group_decorator to 2026-03-28 00:00:00+00:00, run_after=2026-03-29 00:00:00+00:00
[2026-03-29T12:37:43.643+0500] {processor.py:183} INFO - Processing /home/abayturar/airflow-project/venv/lib/python3.12/site-packages/airflow/example_dags/example_task_group_decorator.py took 0.119 seconds
[2026-03-29T12:38:35.104+0500] {processor.py:161} INFO - Started process (PID=6995) to work on /home/abayturar/airflow-project/venv/lib/python3.12/site-packages/airflow/example_dags/example_task_group_decorator.py
[2026-03-29T12:38:35.105+0500] {processor.py:830} INFO - Processing file /home/abayturar/airflow-project/venv/lib/python3.12/site-packages/airflow/example_dags/example_task_group_decorator.py for tasks to queue
[2026-03-29T12:38:35.107+0500] {logging_mixin.py:188} INFO - [2026-03-29T12:38:35.106+0500] {dagbag.py:545} INFO - Filling up the DagBag from /home/abayturar/airflow-project/venv/lib/python3.12/site-packages/airflow/example_dags/example_task_group_decorator.py
[2026-03-29T12:38:35.118+0500] {processor.py:840} INFO - DAG(s) 'example_task_group_decorator' retrieved from /home/abayturar/airflow-project/venv/lib/python3.12/site-packages/airflow/example_dags/example_task_group_decorator.py
[2026-03-29T12:38:35.134+0500] {logging_mixin.py:188} INFO - [2026-03-29T12:38:35.134+0500] {dag.py:3089} INFO - Sync 1 DAGs
[2026-03-29T12:38:35.147+0500] {logging_mixin.py:188} INFO - [2026-03-29T12:38:35.147+0500] {dag.py:3947} INFO - Setting next_dagrun for example_task_group_decorator to 2026-03-28 00:00:00+00:00, run_after=2026-03-29 00:00:00+00:00
[2026-03-29T12:38:35.201+0500] {processor.py:183} INFO - Processing /home/abayturar/airflow-project/venv/lib/python3.12/site-packages/airflow/example_dags/example_task_group_decorator.py took 0.103 seconds
[2026-03-29T12:39:27.125+0500] {processor.py:161} INFO - Started process (PID=7129) to work on /home/abayturar/airflow-project/venv/lib/python3.12/site-packages/airflow/example_dags/example_task_group_decorator.py
[2026-03-29T12:39:27.126+0500] {processor.py:830} INFO - Processing file /home/abayturar/airflow-project/venv/lib/python3.12/site-packages/airflow/example_dags/example_task_group_decorator.py for tasks to queue
[2026-03-29T12:39:27.128+0500] {logging_mixin.py:188} INFO - [2026-03-29T12:39:27.128+0500] {dagbag.py:545} INFO - Filling up the DagBag from /home/abayturar/airflow-project/venv/lib/python3.12/site-packages/airflow/example_dags/example_task_group_decorator.py
[2026-03-29T12:39:27.140+0500] {processor.py:840} INFO - DAG(s) 'example_task_group_decorator' retrieved from /home/abayturar/airflow-project/venv/lib/python3.12/site-packages/airflow/example_dags/example_task_group_decorator.py
[2026-03-29T12:39:27.158+0500] {logging_mixin.py:188} INFO - [2026-03-29T12:39:27.158+0500] {dag.py:3089} INFO - Sync 1 DAGs
[2026-03-29T12:39:27.172+0500] {logging_mixin.py:188} INFO - [2026-03-29T12:39:27.172+0500] {dag.py:3947} INFO - Setting next_dagrun for example_task_group_decorator to 2026-03-28 00:00:00+00:00, run_after=2026-03-29 00:00:00+00:00
[2026-03-29T12:39:27.226+0500] {processor.py:183} INFO - Processing /home/abayturar/airflow-project/venv/lib/python3.12/site-packages/airflow/example_dags/example_task_group_decorator.py took 0.107 seconds
[2026-03-29T12:40:17.964+0500] {processor.py:161} INFO - Started process (PID=7292) to work on /home/abayturar/airflow-project/venv/lib/python3.12/site-packages/airflow/example_dags/example_task_group_decorator.py
[2026-03-29T12:40:17.965+0500] {processor.py:830} INFO - Processing file /home/abayturar/airflow-project/venv/lib/python3.12/site-packages/airflow/example_dags/example_task_group_decorator.py for tasks to queue
[2026-03-29T12:40:17.967+0500] {logging_mixin.py:188} INFO - [2026-03-29T12:40:17.966+0500] {dagbag.py:545} INFO - Filling up the DagBag from /home/abayturar/airflow-project/venv/lib/python3.12/site-packages/airflow/example_dags/example_task_group_decorator.py
[2026-03-29T12:40:17.979+0500] {processor.py:840} INFO - DAG(s) 'example_task_group_decorator' retrieved from /home/abayturar/airflow-project/venv/lib/python3.12/site-packages/airflow/example_dags/example_task_group_decorator.py
[2026-03-29T12:40:17.995+0500] {logging_mixin.py:188} INFO - [2026-03-29T12:40:17.995+0500] {dag.py:3089} INFO - Sync 1 DAGs
[2026-03-29T12:40:18.009+0500] {logging_mixin.py:188} INFO - [2026-03-29T12:40:18.009+0500] {dag.py:3947} INFO - Setting next_dagrun for example_task_group_decorator to 2026-03-28 00:00:00+00:00, run_after=2026-03-29 00:00:00+00:00
[2026-03-29T12:40:18.023+0500] {processor.py:183} INFO - Processing /home/abayturar/airflow-project/venv/lib/python3.12/site-packages/airflow/example_dags/example_task_group_decorator.py took 0.065 seconds
[2026-03-29T12:41:08.686+0500] {processor.py:161} INFO - Started process (PID=7426) to work on /home/abayturar/airflow-project/venv/lib/python3.12/site-packages/airflow/example_dags/example_task_group_decorator.py
[2026-03-29T12:41:08.687+0500] {processor.py:830} INFO - Processing file /home/abayturar/airflow-project/venv/lib/python3.12/site-packages/airflow/example_dags/example_task_group_decorator.py for tasks to queue
[2026-03-29T12:41:08.688+0500] {logging_mixin.py:188} INFO - [2026-03-29T12:41:08.688+0500] {dagbag.py:545} INFO - Filling up the DagBag from /home/abayturar/airflow-project/venv/lib/python3.12/site-packages/airflow/example_dags/example_task_group_decorator.py
[2026-03-29T12:41:08.700+0500] {processor.py:840} INFO - DAG(s) 'example_task_group_decorator' retrieved from /home/abayturar/airflow-project/venv/lib/python3.12/site-packages/airflow/example_dags/example_task_group_decorator.py
[2026-03-29T12:41:08.717+0500] {logging_mixin.py:188} INFO - [2026-03-29T12:41:08.717+0500] {dag.py:3089} INFO - Sync 1 DAGs
[2026-03-29T12:41:08.731+0500] {logging_mixin.py:188} INFO - [2026-03-29T12:41:08.731+0500] {dag.py:3947} INFO - Setting next_dagrun for example_task_group_decorator to 2026-03-28 00:00:00+00:00, run_after=2026-03-29 00:00:00+00:00
[2026-03-29T12:41:08.786+0500] {processor.py:183} INFO - Processing /home/abayturar/airflow-project/venv/lib/python3.12/site-packages/airflow/example_dags/example_task_group_decorator.py took 0.107 seconds
[2026-03-29T12:42:00.332+0500] {processor.py:161} INFO - Started process (PID=7585) to work on /home/abayturar/airflow-project/venv/lib/python3.12/site-packages/airflow/example_dags/example_task_group_decorator.py
[2026-03-29T12:42:00.332+0500] {processor.py:830} INFO - Processing file /home/abayturar/airflow-project/venv/lib/python3.12/site-packages/airflow/example_dags/example_task_group_decorator.py for tasks to queue
[2026-03-29T12:42:00.334+0500] {logging_mixin.py:188} INFO - [2026-03-29T12:42:00.334+0500] {dagbag.py:545} INFO - Filling up the DagBag from /home/abayturar/airflow-project/venv/lib/python3.12/site-packages/airflow/example_dags/example_task_group_decorator.py
[2026-03-29T12:42:00.347+0500] {processor.py:840} INFO - DAG(s) 'example_task_group_decorator' retrieved from /home/abayturar/airflow-project/venv/lib/python3.12/site-packages/airflow/example_dags/example_task_group_decorator.py
[2026-03-29T12:42:00.364+0500] {logging_mixin.py:188} INFO - [2026-03-29T12:42:00.364+0500] {dag.py:3089} INFO - Sync 1 DAGs
[2026-03-29T12:42:00.378+0500] {logging_mixin.py:188} INFO - [2026-03-29T12:42:00.378+0500] {dag.py:3947} INFO - Setting next_dagrun for example_task_group_decorator to 2026-03-28 00:00:00+00:00, run_after=2026-03-29 00:00:00+00:00
[2026-03-29T12:42:00.433+0500] {processor.py:183} INFO - Processing /home/abayturar/airflow-project/venv/lib/python3.12/site-packages/airflow/example_dags/example_task_group_decorator.py took 0.108 seconds
[2026-03-29T12:42:52.684+0500] {processor.py:161} INFO - Started process (PID=7721) to work on /home/abayturar/airflow-project/venv/lib/python3.12/site-packages/airflow/example_dags/example_task_group_decorator.py
[2026-03-29T12:42:52.686+0500] {processor.py:830} INFO - Processing file /home/abayturar/airflow-project/venv/lib/python3.12/site-packages/airflow/example_dags/example_task_group_decorator.py for tasks to queue
[2026-03-29T12:42:52.688+0500] {logging_mixin.py:188} INFO - [2026-03-29T12:42:52.688+0500] {dagbag.py:545} INFO - Filling up the DagBag from /home/abayturar/airflow-project/venv/lib/python3.12/site-packages/airflow/example_dags/example_task_group_decorator.py
[2026-03-29T12:42:52.703+0500] {processor.py:840} INFO - DAG(s) 'example_task_group_decorator' retrieved from /home/abayturar/airflow-project/venv/lib/python3.12/site-packages/airflow/example_dags/example_task_group_decorator.py
[2026-03-29T12:42:52.725+0500] {logging_mixin.py:188} INFO - [2026-03-29T12:42:52.724+0500] {dag.py:3089} INFO - Sync 1 DAGs
[2026-03-29T12:42:52.743+0500] {logging_mixin.py:188} INFO - [2026-03-29T12:42:52.743+0500] {dag.py:3947} INFO - Setting next_dagrun for example_task_group_decorator to 2026-03-28 00:00:00+00:00, run_after=2026-03-29 00:00:00+00:00
[2026-03-29T12:42:52.800+0500] {processor.py:183} INFO - Processing /home/abayturar/airflow-project/venv/lib/python3.12/site-packages/airflow/example_dags/example_task_group_decorator.py took 0.123 seconds
[2026-03-29T12:43:45.636+0500] {processor.py:161} INFO - Started process (PID=7948) to work on /home/abayturar/airflow-project/venv/lib/python3.12/site-packages/airflow/example_dags/example_task_group_decorator.py
[2026-03-29T12:43:45.638+0500] {processor.py:830} INFO - Processing file /home/abayturar/airflow-project/venv/lib/python3.12/site-packages/airflow/example_dags/example_task_group_decorator.py for tasks to queue
[2026-03-29T12:43:45.642+0500] {logging_mixin.py:188} INFO - [2026-03-29T12:43:45.641+0500] {dagbag.py:545} INFO - Filling up the DagBag from /home/abayturar/airflow-project/venv/lib/python3.12/site-packages/airflow/example_dags/example_task_group_decorator.py
[2026-03-29T12:43:45.666+0500] {processor.py:840} INFO - DAG(s) 'example_task_group_decorator' retrieved from /home/abayturar/airflow-project/venv/lib/python3.12/site-packages/airflow/example_dags/example_task_group_decorator.py
[2026-03-29T12:43:45.692+0500] {logging_mixin.py:188} INFO - [2026-03-29T12:43:45.692+0500] {dag.py:3089} INFO - Sync 1 DAGs
[2026-03-29T12:43:45.708+0500] {logging_mixin.py:188} INFO - [2026-03-29T12:43:45.708+0500] {dag.py:3947} INFO - Setting next_dagrun for example_task_group_decorator to 2026-03-28 00:00:00+00:00, run_after=2026-03-29 00:00:00+00:00
[2026-03-29T12:43:45.765+0500] {processor.py:183} INFO - Processing /home/abayturar/airflow-project/venv/lib/python3.12/site-packages/airflow/example_dags/example_task_group_decorator.py took 0.139 seconds
[2026-03-29T12:44:38.009+0500] {processor.py:161} INFO - Started process (PID=8161) to work on /home/abayturar/airflow-project/venv/lib/python3.12/site-packages/airflow/example_dags/example_task_group_decorator.py
[2026-03-29T12:44:38.010+0500] {processor.py:830} INFO - Processing file /home/abayturar/airflow-project/venv/lib/python3.12/site-packages/airflow/example_dags/example_task_group_decorator.py for tasks to queue
[2026-03-29T12:44:38.013+0500] {logging_mixin.py:188} INFO - [2026-03-29T12:44:38.012+0500] {dagbag.py:545} INFO - Filling up the DagBag from /home/abayturar/airflow-project/venv/lib/python3.12/site-packages/airflow/example_dags/example_task_group_decorator.py
[2026-03-29T12:44:38.029+0500] {processor.py:840} INFO - DAG(s) 'example_task_group_decorator' retrieved from /home/abayturar/airflow-project/venv/lib/python3.12/site-packages/airflow/example_dags/example_task_group_decorator.py
[2026-03-29T12:44:38.050+0500] {logging_mixin.py:188} INFO - [2026-03-29T12:44:38.050+0500] {dag.py:3089} INFO - Sync 1 DAGs
[2026-03-29T12:44:38.068+0500] {logging_mixin.py:188} INFO - [2026-03-29T12:44:38.067+0500] {dag.py:3947} INFO - Setting next_dagrun for example_task_group_decorator to 2026-03-28 00:00:00+00:00, run_after=2026-03-29 00:00:00+00:00
[2026-03-29T12:44:38.124+0500] {processor.py:183} INFO - Processing /home/abayturar/airflow-project/venv/lib/python3.12/site-packages/airflow/example_dags/example_task_group_decorator.py took 0.125 seconds
[2026-03-29T12:45:31.503+0500] {processor.py:161} INFO - Started process (PID=8632) to work on /home/abayturar/airflow-project/venv/lib/python3.12/site-packages/airflow/example_dags/example_task_group_decorator.py
[2026-03-29T12:45:31.504+0500] {processor.py:830} INFO - Processing file /home/abayturar/airflow-project/venv/lib/python3.12/site-packages/airflow/example_dags/example_task_group_decorator.py for tasks to queue
[2026-03-29T12:45:31.505+0500] {logging_mixin.py:188} INFO - [2026-03-29T12:45:31.505+0500] {dagbag.py:545} INFO - Filling up the DagBag from /home/abayturar/airflow-project/venv/lib/python3.12/site-packages/airflow/example_dags/example_task_group_decorator.py
[2026-03-29T12:45:31.520+0500] {processor.py:840} INFO - DAG(s) 'example_task_group_decorator' retrieved from /home/abayturar/airflow-project/venv/lib/python3.12/site-packages/airflow/example_dags/example_task_group_decorator.py
[2026-03-29T12:45:31.537+0500] {logging_mixin.py:188} INFO - [2026-03-29T12:45:31.537+0500] {dag.py:3089} INFO - Sync 1 DAGs
[2026-03-29T12:45:31.552+0500] {logging_mixin.py:188} INFO - [2026-03-29T12:45:31.552+0500] {dag.py:3947} INFO - Setting next_dagrun for example_task_group_decorator to 2026-03-28 00:00:00+00:00, run_after=2026-03-29 00:00:00+00:00
[2026-03-29T12:45:31.568+0500] {processor.py:183} INFO - Processing /home/abayturar/airflow-project/venv/lib/python3.12/site-packages/airflow/example_dags/example_task_group_decorator.py took 0.072 seconds
[2026-03-29T12:46:24.299+0500] {processor.py:161} INFO - Started process (PID=8864) to work on /home/abayturar/airflow-project/venv/lib/python3.12/site-packages/airflow/example_dags/example_task_group_decorator.py
[2026-03-29T12:46:24.300+0500] {processor.py:830} INFO - Processing file /home/abayturar/airflow-project/venv/lib/python3.12/site-packages/airflow/example_dags/example_task_group_decorator.py for tasks to queue
[2026-03-29T12:46:24.302+0500] {logging_mixin.py:188} INFO - [2026-03-29T12:46:24.302+0500] {dagbag.py:545} INFO - Filling up the DagBag from /home/abayturar/airflow-project/venv/lib/python3.12/site-packages/airflow/example_dags/example_task_group_decorator.py
[2026-03-29T12:46:24.320+0500] {processor.py:840} INFO - DAG(s) 'example_task_group_decorator' retrieved from /home/abayturar/airflow-project/venv/lib/python3.12/site-packages/airflow/example_dags/example_task_group_decorator.py
[2026-03-29T12:46:24.344+0500] {logging_mixin.py:188} INFO - [2026-03-29T12:46:24.344+0500] {dag.py:3089} INFO - Sync 1 DAGs
[2026-03-29T12:46:24.362+0500] {logging_mixin.py:188} INFO - [2026-03-29T12:46:24.362+0500] {dag.py:3947} INFO - Setting next_dagrun for example_task_group_decorator to 2026-03-28 00:00:00+00:00, run_after=2026-03-29 00:00:00+00:00
[2026-03-29T12:46:24.420+0500] {processor.py:183} INFO - Processing /home/abayturar/airflow-project/venv/lib/python3.12/site-packages/airflow/example_dags/example_task_group_decorator.py took 0.128 seconds
