[2026-03-29T12:01:56.388+0500] {processor.py:161} INFO - Started process (PID=32424) to work on /home/abayturar/airflow-project/venv/lib/python3.12/site-packages/airflow/example_dags/example_params_ui_tutorial.py
[2026-03-29T12:01:56.389+0500] {processor.py:830} INFO - Processing file /home/abayturar/airflow-project/venv/lib/python3.12/site-packages/airflow/example_dags/example_params_ui_tutorial.py for tasks to queue
[2026-03-29T12:01:56.391+0500] {logging_mixin.py:188} INFO - [2026-03-29T12:01:56.390+0500] {dagbag.py:545} INFO - Filling up the DagBag from /home/abayturar/airflow-project/venv/lib/python3.12/site-packages/airflow/example_dags/example_params_ui_tutorial.py
[2026-03-29T12:01:56.437+0500] {processor.py:840} INFO - DAG(s) 'example_params_ui_tutorial' retrieved from /home/abayturar/airflow-project/venv/lib/python3.12/site-packages/airflow/example_dags/example_params_ui_tutorial.py
[2026-03-29T12:01:56.538+0500] {logging_mixin.py:188} INFO - [2026-03-29T12:01:56.538+0500] {dag.py:3089} INFO - Sync 1 DAGs
[2026-03-29T12:01:56.544+0500] {logging_mixin.py:188} INFO - [2026-03-29T12:01:56.544+0500] {dag.py:3947} INFO - Setting next_dagrun for example_params_ui_tutorial to None, run_after=None
[2026-03-29T12:01:56.559+0500] {processor.py:183} INFO - Processing /home/abayturar/airflow-project/venv/lib/python3.12/site-packages/airflow/example_dags/example_params_ui_tutorial.py took 0.177 seconds
[2026-03-29T12:02:49.240+0500] {processor.py:161} INFO - Started process (PID=32640) to work on /home/abayturar/airflow-project/venv/lib/python3.12/site-packages/airflow/example_dags/example_params_ui_tutorial.py
[2026-03-29T12:02:49.241+0500] {processor.py:830} INFO - Processing file /home/abayturar/airflow-project/venv/lib/python3.12/site-packages/airflow/example_dags/example_params_ui_tutorial.py for tasks to queue
[2026-03-29T12:02:49.242+0500] {logging_mixin.py:188} INFO - [2026-03-29T12:02:49.242+0500] {dagbag.py:545} INFO - Filling up the DagBag from /home/abayturar/airflow-project/venv/lib/python3.12/site-packages/airflow/example_dags/example_params_ui_tutorial.py
[2026-03-29T12:02:49.249+0500] {processor.py:840} INFO - DAG(s) 'example_params_ui_tutorial' retrieved from /home/abayturar/airflow-project/venv/lib/python3.12/site-packages/airflow/example_dags/example_params_ui_tutorial.py
[2026-03-29T12:02:49.284+0500] {logging_mixin.py:188} INFO - [2026-03-29T12:02:49.284+0500] {dag.py:3089} INFO - Sync 1 DAGs
[2026-03-29T12:02:49.293+0500] {logging_mixin.py:188} INFO - [2026-03-29T12:02:49.293+0500] {dag.py:3947} INFO - Setting next_dagrun for example_params_ui_tutorial to None, run_after=None
[2026-03-29T12:02:49.309+0500] {processor.py:183} INFO - Processing /home/abayturar/airflow-project/venv/lib/python3.12/site-packages/airflow/example_dags/example_params_ui_tutorial.py took 0.075 seconds
[2026-03-29T12:06:17.368+0500] {processor.py:161} INFO - Started process (PID=104) to work on /home/abayturar/airflow-project/venv/lib/python3.12/site-packages/airflow/example_dags/example_params_ui_tutorial.py
[2026-03-29T12:06:17.369+0500] {processor.py:830} INFO - Processing file /home/abayturar/airflow-project/venv/lib/python3.12/site-packages/airflow/example_dags/example_params_ui_tutorial.py for tasks to queue
[2026-03-29T12:06:17.371+0500] {logging_mixin.py:188} INFO - [2026-03-29T12:06:17.371+0500] {dagbag.py:545} INFO - Filling up the DagBag from /home/abayturar/airflow-project/venv/lib/python3.12/site-packages/airflow/example_dags/example_params_ui_tutorial.py
[2026-03-29T12:06:17.378+0500] {processor.py:840} INFO - DAG(s) 'example_params_ui_tutorial' retrieved from /home/abayturar/airflow-project/venv/lib/python3.12/site-packages/airflow/example_dags/example_params_ui_tutorial.py
[2026-03-29T12:06:17.448+0500] {logging_mixin.py:188} INFO - [2026-03-29T12:06:17.448+0500] {dag.py:3089} INFO - Sync 1 DAGs
[2026-03-29T12:06:17.457+0500] {logging_mixin.py:188} INFO - [2026-03-29T12:06:17.457+0500] {dag.py:3947} INFO - Setting next_dagrun for example_params_ui_tutorial to None, run_after=None
[2026-03-29T12:06:17.474+0500] {processor.py:183} INFO - Processing /home/abayturar/airflow-project/venv/lib/python3.12/site-packages/airflow/example_dags/example_params_ui_tutorial.py took 0.112 seconds
[2026-03-29T12:07:10.021+0500] {processor.py:161} INFO - Started process (PID=318) to work on /home/abayturar/airflow-project/venv/lib/python3.12/site-packages/airflow/example_dags/example_params_ui_tutorial.py
[2026-03-29T12:07:10.022+0500] {processor.py:830} INFO - Processing file /home/abayturar/airflow-project/venv/lib/python3.12/site-packages/airflow/example_dags/example_params_ui_tutorial.py for tasks to queue
[2026-03-29T12:07:10.024+0500] {logging_mixin.py:188} INFO - [2026-03-29T12:07:10.023+0500] {dagbag.py:545} INFO - Filling up the DagBag from /home/abayturar/airflow-project/venv/lib/python3.12/site-packages/airflow/example_dags/example_params_ui_tutorial.py
[2026-03-29T12:07:10.031+0500] {processor.py:840} INFO - DAG(s) 'example_params_ui_tutorial' retrieved from /home/abayturar/airflow-project/venv/lib/python3.12/site-packages/airflow/example_dags/example_params_ui_tutorial.py
[2026-03-29T12:07:10.062+0500] {logging_mixin.py:188} INFO - [2026-03-29T12:07:10.061+0500] {dag.py:3089} INFO - Sync 1 DAGs
[2026-03-29T12:07:10.071+0500] {logging_mixin.py:188} INFO - [2026-03-29T12:07:10.071+0500] {dag.py:3947} INFO - Setting next_dagrun for example_params_ui_tutorial to None, run_after=None
[2026-03-29T12:07:10.091+0500] {processor.py:183} INFO - Processing /home/abayturar/airflow-project/venv/lib/python3.12/site-packages/airflow/example_dags/example_params_ui_tutorial.py took 0.076 seconds
[2026-03-29T12:07:58.692+0500] {processor.py:161} INFO - Started process (PID=519) to work on /home/abayturar/airflow-project/venv/lib/python3.12/site-packages/airflow/example_dags/example_params_ui_tutorial.py
[2026-03-29T12:07:58.693+0500] {processor.py:830} INFO - Processing file /home/abayturar/airflow-project/venv/lib/python3.12/site-packages/airflow/example_dags/example_params_ui_tutorial.py for tasks to queue
[2026-03-29T12:07:58.694+0500] {logging_mixin.py:188} INFO - [2026-03-29T12:07:58.694+0500] {dagbag.py:545} INFO - Filling up the DagBag from /home/abayturar/airflow-project/venv/lib/python3.12/site-packages/airflow/example_dags/example_params_ui_tutorial.py
[2026-03-29T12:07:58.701+0500] {processor.py:840} INFO - DAG(s) 'example_params_ui_tutorial' retrieved from /home/abayturar/airflow-project/venv/lib/python3.12/site-packages/airflow/example_dags/example_params_ui_tutorial.py
[2026-03-29T12:07:58.729+0500] {logging_mixin.py:188} INFO - [2026-03-29T12:07:58.729+0500] {dag.py:3089} INFO - Sync 1 DAGs
[2026-03-29T12:07:58.737+0500] {logging_mixin.py:188} INFO - [2026-03-29T12:07:58.737+0500] {dag.py:3947} INFO - Setting next_dagrun for example_params_ui_tutorial to None, run_after=None
[2026-03-29T12:07:58.791+0500] {processor.py:183} INFO - Processing /home/abayturar/airflow-project/venv/lib/python3.12/site-packages/airflow/example_dags/example_params_ui_tutorial.py took 0.105 seconds
[2026-03-29T12:08:49.538+0500] {processor.py:161} INFO - Started process (PID=735) to work on /home/abayturar/airflow-project/venv/lib/python3.12/site-packages/airflow/example_dags/example_params_ui_tutorial.py
[2026-03-29T12:08:49.539+0500] {processor.py:830} INFO - Processing file /home/abayturar/airflow-project/venv/lib/python3.12/site-packages/airflow/example_dags/example_params_ui_tutorial.py for tasks to queue
[2026-03-29T12:08:49.541+0500] {logging_mixin.py:188} INFO - [2026-03-29T12:08:49.540+0500] {dagbag.py:545} INFO - Filling up the DagBag from /home/abayturar/airflow-project/venv/lib/python3.12/site-packages/airflow/example_dags/example_params_ui_tutorial.py
[2026-03-29T12:08:49.548+0500] {processor.py:840} INFO - DAG(s) 'example_params_ui_tutorial' retrieved from /home/abayturar/airflow-project/venv/lib/python3.12/site-packages/airflow/example_dags/example_params_ui_tutorial.py
[2026-03-29T12:08:49.578+0500] {logging_mixin.py:188} INFO - [2026-03-29T12:08:49.578+0500] {dag.py:3089} INFO - Sync 1 DAGs
[2026-03-29T12:08:49.587+0500] {logging_mixin.py:188} INFO - [2026-03-29T12:08:49.587+0500] {dag.py:3947} INFO - Setting next_dagrun for example_params_ui_tutorial to None, run_after=None
[2026-03-29T12:08:49.641+0500] {processor.py:183} INFO - Processing /home/abayturar/airflow-project/venv/lib/python3.12/site-packages/airflow/example_dags/example_params_ui_tutorial.py took 0.110 seconds
[2026-03-29T12:09:41.337+0500] {processor.py:161} INFO - Started process (PID=918) to work on /home/abayturar/airflow-project/venv/lib/python3.12/site-packages/airflow/example_dags/example_params_ui_tutorial.py
[2026-03-29T12:09:41.338+0500] {processor.py:830} INFO - Processing file /home/abayturar/airflow-project/venv/lib/python3.12/site-packages/airflow/example_dags/example_params_ui_tutorial.py for tasks to queue
[2026-03-29T12:09:41.340+0500] {logging_mixin.py:188} INFO - [2026-03-29T12:09:41.340+0500] {dagbag.py:545} INFO - Filling up the DagBag from /home/abayturar/airflow-project/venv/lib/python3.12/site-packages/airflow/example_dags/example_params_ui_tutorial.py
[2026-03-29T12:09:41.346+0500] {processor.py:840} INFO - DAG(s) 'example_params_ui_tutorial' retrieved from /home/abayturar/airflow-project/venv/lib/python3.12/site-packages/airflow/example_dags/example_params_ui_tutorial.py
[2026-03-29T12:09:41.374+0500] {logging_mixin.py:188} INFO - [2026-03-29T12:09:41.374+0500] {dag.py:3089} INFO - Sync 1 DAGs
[2026-03-29T12:09:41.382+0500] {logging_mixin.py:188} INFO - [2026-03-29T12:09:41.382+0500] {dag.py:3947} INFO - Setting next_dagrun for example_params_ui_tutorial to None, run_after=None
[2026-03-29T12:09:41.436+0500] {processor.py:183} INFO - Processing /home/abayturar/airflow-project/venv/lib/python3.12/site-packages/airflow/example_dags/example_params_ui_tutorial.py took 0.104 seconds
[2026-03-29T12:10:30.796+0500] {processor.py:161} INFO - Started process (PID=1050) to work on /home/abayturar/airflow-project/venv/lib/python3.12/site-packages/airflow/example_dags/example_params_ui_tutorial.py
[2026-03-29T12:10:30.797+0500] {processor.py:830} INFO - Processing file /home/abayturar/airflow-project/venv/lib/python3.12/site-packages/airflow/example_dags/example_params_ui_tutorial.py for tasks to queue
[2026-03-29T12:10:30.799+0500] {logging_mixin.py:188} INFO - [2026-03-29T12:10:30.798+0500] {dagbag.py:545} INFO - Filling up the DagBag from /home/abayturar/airflow-project/venv/lib/python3.12/site-packages/airflow/example_dags/example_params_ui_tutorial.py
[2026-03-29T12:10:30.806+0500] {processor.py:840} INFO - DAG(s) 'example_params_ui_tutorial' retrieved from /home/abayturar/airflow-project/venv/lib/python3.12/site-packages/airflow/example_dags/example_params_ui_tutorial.py
[2026-03-29T12:10:30.837+0500] {logging_mixin.py:188} INFO - [2026-03-29T12:10:30.836+0500] {dag.py:3089} INFO - Sync 1 DAGs
[2026-03-29T12:10:30.845+0500] {logging_mixin.py:188} INFO - [2026-03-29T12:10:30.845+0500] {dag.py:3947} INFO - Setting next_dagrun for example_params_ui_tutorial to None, run_after=None
[2026-03-29T12:10:30.900+0500] {processor.py:183} INFO - Processing /home/abayturar/airflow-project/venv/lib/python3.12/site-packages/airflow/example_dags/example_params_ui_tutorial.py took 0.109 seconds
[2026-03-29T12:11:17.622+0500] {processor.py:161} INFO - Started process (PID=1175) to work on /home/abayturar/airflow-project/venv/lib/python3.12/site-packages/airflow/example_dags/example_params_ui_tutorial.py
[2026-03-29T12:11:17.623+0500] {processor.py:830} INFO - Processing file /home/abayturar/airflow-project/venv/lib/python3.12/site-packages/airflow/example_dags/example_params_ui_tutorial.py for tasks to queue
[2026-03-29T12:11:17.625+0500] {logging_mixin.py:188} INFO - [2026-03-29T12:11:17.624+0500] {dagbag.py:545} INFO - Filling up the DagBag from /home/abayturar/airflow-project/venv/lib/python3.12/site-packages/airflow/example_dags/example_params_ui_tutorial.py
[2026-03-29T12:11:17.633+0500] {processor.py:840} INFO - DAG(s) 'example_params_ui_tutorial' retrieved from /home/abayturar/airflow-project/venv/lib/python3.12/site-packages/airflow/example_dags/example_params_ui_tutorial.py
[2026-03-29T12:11:17.666+0500] {logging_mixin.py:188} INFO - [2026-03-29T12:11:17.666+0500] {dag.py:3089} INFO - Sync 1 DAGs
[2026-03-29T12:11:17.677+0500] {logging_mixin.py:188} INFO - [2026-03-29T12:11:17.677+0500] {dag.py:3947} INFO - Setting next_dagrun for example_params_ui_tutorial to None, run_after=None
[2026-03-29T12:11:17.695+0500] {processor.py:183} INFO - Processing /home/abayturar/airflow-project/venv/lib/python3.12/site-packages/airflow/example_dags/example_params_ui_tutorial.py took 0.080 seconds
[2026-03-29T12:12:08.245+0500] {processor.py:161} INFO - Started process (PID=1307) to work on /home/abayturar/airflow-project/venv/lib/python3.12/site-packages/airflow/example_dags/example_params_ui_tutorial.py
[2026-03-29T12:12:08.246+0500] {processor.py:830} INFO - Processing file /home/abayturar/airflow-project/venv/lib/python3.12/site-packages/airflow/example_dags/example_params_ui_tutorial.py for tasks to queue
[2026-03-29T12:12:08.248+0500] {logging_mixin.py:188} INFO - [2026-03-29T12:12:08.247+0500] {dagbag.py:545} INFO - Filling up the DagBag from /home/abayturar/airflow-project/venv/lib/python3.12/site-packages/airflow/example_dags/example_params_ui_tutorial.py
[2026-03-29T12:12:08.255+0500] {processor.py:840} INFO - DAG(s) 'example_params_ui_tutorial' retrieved from /home/abayturar/airflow-project/venv/lib/python3.12/site-packages/airflow/example_dags/example_params_ui_tutorial.py
[2026-03-29T12:12:08.284+0500] {logging_mixin.py:188} INFO - [2026-03-29T12:12:08.284+0500] {dag.py:3089} INFO - Sync 1 DAGs
[2026-03-29T12:12:08.293+0500] {logging_mixin.py:188} INFO - [2026-03-29T12:12:08.293+0500] {dag.py:3947} INFO - Setting next_dagrun for example_params_ui_tutorial to None, run_after=None
[2026-03-29T12:12:08.350+0500] {processor.py:183} INFO - Processing /home/abayturar/airflow-project/venv/lib/python3.12/site-packages/airflow/example_dags/example_params_ui_tutorial.py took 0.111 seconds
[2026-03-29T12:13:01.291+0500] {processor.py:161} INFO - Started process (PID=1445) to work on /home/abayturar/airflow-project/venv/lib/python3.12/site-packages/airflow/example_dags/example_params_ui_tutorial.py
[2026-03-29T12:13:01.292+0500] {processor.py:830} INFO - Processing file /home/abayturar/airflow-project/venv/lib/python3.12/site-packages/airflow/example_dags/example_params_ui_tutorial.py for tasks to queue
[2026-03-29T12:13:01.294+0500] {logging_mixin.py:188} INFO - [2026-03-29T12:13:01.293+0500] {dagbag.py:545} INFO - Filling up the DagBag from /home/abayturar/airflow-project/venv/lib/python3.12/site-packages/airflow/example_dags/example_params_ui_tutorial.py
[2026-03-29T12:13:01.300+0500] {processor.py:840} INFO - DAG(s) 'example_params_ui_tutorial' retrieved from /home/abayturar/airflow-project/venv/lib/python3.12/site-packages/airflow/example_dags/example_params_ui_tutorial.py
[2026-03-29T12:13:01.328+0500] {logging_mixin.py:188} INFO - [2026-03-29T12:13:01.328+0500] {dag.py:3089} INFO - Sync 1 DAGs
[2026-03-29T12:13:01.337+0500] {logging_mixin.py:188} INFO - [2026-03-29T12:13:01.336+0500] {dag.py:3947} INFO - Setting next_dagrun for example_params_ui_tutorial to None, run_after=None
[2026-03-29T12:13:01.391+0500] {processor.py:183} INFO - Processing /home/abayturar/airflow-project/venv/lib/python3.12/site-packages/airflow/example_dags/example_params_ui_tutorial.py took 0.105 seconds
[2026-03-29T12:13:49.050+0500] {processor.py:161} INFO - Started process (PID=1575) to work on /home/abayturar/airflow-project/venv/lib/python3.12/site-packages/airflow/example_dags/example_params_ui_tutorial.py
[2026-03-29T12:13:49.051+0500] {processor.py:830} INFO - Processing file /home/abayturar/airflow-project/venv/lib/python3.12/site-packages/airflow/example_dags/example_params_ui_tutorial.py for tasks to queue
[2026-03-29T12:13:49.052+0500] {logging_mixin.py:188} INFO - [2026-03-29T12:13:49.052+0500] {dagbag.py:545} INFO - Filling up the DagBag from /home/abayturar/airflow-project/venv/lib/python3.12/site-packages/airflow/example_dags/example_params_ui_tutorial.py
[2026-03-29T12:13:49.059+0500] {processor.py:840} INFO - DAG(s) 'example_params_ui_tutorial' retrieved from /home/abayturar/airflow-project/venv/lib/python3.12/site-packages/airflow/example_dags/example_params_ui_tutorial.py
[2026-03-29T12:13:49.087+0500] {logging_mixin.py:188} INFO - [2026-03-29T12:13:49.087+0500] {dag.py:3089} INFO - Sync 1 DAGs
[2026-03-29T12:13:49.095+0500] {logging_mixin.py:188} INFO - [2026-03-29T12:13:49.095+0500] {dag.py:3947} INFO - Setting next_dagrun for example_params_ui_tutorial to None, run_after=None
[2026-03-29T12:13:49.149+0500] {processor.py:183} INFO - Processing /home/abayturar/airflow-project/venv/lib/python3.12/site-packages/airflow/example_dags/example_params_ui_tutorial.py took 0.105 seconds
[2026-03-29T12:14:42.374+0500] {processor.py:161} INFO - Started process (PID=1712) to work on /home/abayturar/airflow-project/venv/lib/python3.12/site-packages/airflow/example_dags/example_params_ui_tutorial.py
[2026-03-29T12:14:42.375+0500] {processor.py:830} INFO - Processing file /home/abayturar/airflow-project/venv/lib/python3.12/site-packages/airflow/example_dags/example_params_ui_tutorial.py for tasks to queue
[2026-03-29T12:14:42.377+0500] {logging_mixin.py:188} INFO - [2026-03-29T12:14:42.377+0500] {dagbag.py:545} INFO - Filling up the DagBag from /home/abayturar/airflow-project/venv/lib/python3.12/site-packages/airflow/example_dags/example_params_ui_tutorial.py
[2026-03-29T12:14:42.385+0500] {processor.py:840} INFO - DAG(s) 'example_params_ui_tutorial' retrieved from /home/abayturar/airflow-project/venv/lib/python3.12/site-packages/airflow/example_dags/example_params_ui_tutorial.py
[2026-03-29T12:14:42.417+0500] {logging_mixin.py:188} INFO - [2026-03-29T12:14:42.417+0500] {dag.py:3089} INFO - Sync 1 DAGs
[2026-03-29T12:14:42.426+0500] {logging_mixin.py:188} INFO - [2026-03-29T12:14:42.426+0500] {dag.py:3947} INFO - Setting next_dagrun for example_params_ui_tutorial to None, run_after=None
[2026-03-29T12:14:42.445+0500] {processor.py:183} INFO - Processing /home/abayturar/airflow-project/venv/lib/python3.12/site-packages/airflow/example_dags/example_params_ui_tutorial.py took 0.078 seconds
[2026-03-29T12:15:35.771+0500] {processor.py:161} INFO - Started process (PID=1852) to work on /home/abayturar/airflow-project/venv/lib/python3.12/site-packages/airflow/example_dags/example_params_ui_tutorial.py
[2026-03-29T12:15:35.772+0500] {processor.py:830} INFO - Processing file /home/abayturar/airflow-project/venv/lib/python3.12/site-packages/airflow/example_dags/example_params_ui_tutorial.py for tasks to queue
[2026-03-29T12:15:35.774+0500] {logging_mixin.py:188} INFO - [2026-03-29T12:15:35.774+0500] {dagbag.py:545} INFO - Filling up the DagBag from /home/abayturar/airflow-project/venv/lib/python3.12/site-packages/airflow/example_dags/example_params_ui_tutorial.py
[2026-03-29T12:15:35.781+0500] {processor.py:840} INFO - DAG(s) 'example_params_ui_tutorial' retrieved from /home/abayturar/airflow-project/venv/lib/python3.12/site-packages/airflow/example_dags/example_params_ui_tutorial.py
[2026-03-29T12:15:35.811+0500] {logging_mixin.py:188} INFO - [2026-03-29T12:15:35.811+0500] {dag.py:3089} INFO - Sync 1 DAGs
[2026-03-29T12:15:35.820+0500] {logging_mixin.py:188} INFO - [2026-03-29T12:15:35.819+0500] {dag.py:3947} INFO - Setting next_dagrun for example_params_ui_tutorial to None, run_after=None
[2026-03-29T12:15:35.957+0500] {processor.py:183} INFO - Processing /home/abayturar/airflow-project/venv/lib/python3.12/site-packages/airflow/example_dags/example_params_ui_tutorial.py took 0.192 seconds
[2026-03-29T12:16:29.858+0500] {processor.py:161} INFO - Started process (PID=1992) to work on /home/abayturar/airflow-project/venv/lib/python3.12/site-packages/airflow/example_dags/example_params_ui_tutorial.py
[2026-03-29T12:16:29.859+0500] {processor.py:830} INFO - Processing file /home/abayturar/airflow-project/venv/lib/python3.12/site-packages/airflow/example_dags/example_params_ui_tutorial.py for tasks to queue
[2026-03-29T12:16:29.861+0500] {logging_mixin.py:188} INFO - [2026-03-29T12:16:29.861+0500] {dagbag.py:545} INFO - Filling up the DagBag from /home/abayturar/airflow-project/venv/lib/python3.12/site-packages/airflow/example_dags/example_params_ui_tutorial.py
[2026-03-29T12:16:29.867+0500] {processor.py:840} INFO - DAG(s) 'example_params_ui_tutorial' retrieved from /home/abayturar/airflow-project/venv/lib/python3.12/site-packages/airflow/example_dags/example_params_ui_tutorial.py
[2026-03-29T12:16:29.896+0500] {logging_mixin.py:188} INFO - [2026-03-29T12:16:29.896+0500] {dag.py:3089} INFO - Sync 1 DAGs
[2026-03-29T12:16:29.904+0500] {logging_mixin.py:188} INFO - [2026-03-29T12:16:29.904+0500] {dag.py:3947} INFO - Setting next_dagrun for example_params_ui_tutorial to None, run_after=None
[2026-03-29T12:16:29.959+0500] {processor.py:183} INFO - Processing /home/abayturar/airflow-project/venv/lib/python3.12/site-packages/airflow/example_dags/example_params_ui_tutorial.py took 0.106 seconds
[2026-03-29T12:17:22.415+0500] {processor.py:161} INFO - Started process (PID=2126) to work on /home/abayturar/airflow-project/venv/lib/python3.12/site-packages/airflow/example_dags/example_params_ui_tutorial.py
[2026-03-29T12:17:22.416+0500] {processor.py:830} INFO - Processing file /home/abayturar/airflow-project/venv/lib/python3.12/site-packages/airflow/example_dags/example_params_ui_tutorial.py for tasks to queue
[2026-03-29T12:17:22.418+0500] {logging_mixin.py:188} INFO - [2026-03-29T12:17:22.418+0500] {dagbag.py:545} INFO - Filling up the DagBag from /home/abayturar/airflow-project/venv/lib/python3.12/site-packages/airflow/example_dags/example_params_ui_tutorial.py
[2026-03-29T12:17:22.425+0500] {processor.py:840} INFO - DAG(s) 'example_params_ui_tutorial' retrieved from /home/abayturar/airflow-project/venv/lib/python3.12/site-packages/airflow/example_dags/example_params_ui_tutorial.py
[2026-03-29T12:17:22.457+0500] {logging_mixin.py:188} INFO - [2026-03-29T12:17:22.457+0500] {dag.py:3089} INFO - Sync 1 DAGs
[2026-03-29T12:17:22.470+0500] {logging_mixin.py:188} INFO - [2026-03-29T12:17:22.470+0500] {dag.py:3947} INFO - Setting next_dagrun for example_params_ui_tutorial to None, run_after=None
[2026-03-29T12:17:22.528+0500] {processor.py:183} INFO - Processing /home/abayturar/airflow-project/venv/lib/python3.12/site-packages/airflow/example_dags/example_params_ui_tutorial.py took 0.119 seconds
[2026-03-29T12:18:15.524+0500] {processor.py:161} INFO - Started process (PID=2266) to work on /home/abayturar/airflow-project/venv/lib/python3.12/site-packages/airflow/example_dags/example_params_ui_tutorial.py
[2026-03-29T12:18:15.524+0500] {processor.py:830} INFO - Processing file /home/abayturar/airflow-project/venv/lib/python3.12/site-packages/airflow/example_dags/example_params_ui_tutorial.py for tasks to queue
[2026-03-29T12:18:15.526+0500] {logging_mixin.py:188} INFO - [2026-03-29T12:18:15.526+0500] {dagbag.py:545} INFO - Filling up the DagBag from /home/abayturar/airflow-project/venv/lib/python3.12/site-packages/airflow/example_dags/example_params_ui_tutorial.py
[2026-03-29T12:18:15.533+0500] {processor.py:840} INFO - DAG(s) 'example_params_ui_tutorial' retrieved from /home/abayturar/airflow-project/venv/lib/python3.12/site-packages/airflow/example_dags/example_params_ui_tutorial.py
[2026-03-29T12:18:15.563+0500] {logging_mixin.py:188} INFO - [2026-03-29T12:18:15.563+0500] {dag.py:3089} INFO - Sync 1 DAGs
[2026-03-29T12:18:15.572+0500] {logging_mixin.py:188} INFO - [2026-03-29T12:18:15.572+0500] {dag.py:3947} INFO - Setting next_dagrun for example_params_ui_tutorial to None, run_after=None
[2026-03-29T12:18:15.588+0500] {processor.py:183} INFO - Processing /home/abayturar/airflow-project/venv/lib/python3.12/site-packages/airflow/example_dags/example_params_ui_tutorial.py took 0.070 seconds
[2026-03-29T12:19:06.014+0500] {processor.py:161} INFO - Started process (PID=2399) to work on /home/abayturar/airflow-project/venv/lib/python3.12/site-packages/airflow/example_dags/example_params_ui_tutorial.py
[2026-03-29T12:19:06.015+0500] {processor.py:830} INFO - Processing file /home/abayturar/airflow-project/venv/lib/python3.12/site-packages/airflow/example_dags/example_params_ui_tutorial.py for tasks to queue
[2026-03-29T12:19:06.017+0500] {logging_mixin.py:188} INFO - [2026-03-29T12:19:06.016+0500] {dagbag.py:545} INFO - Filling up the DagBag from /home/abayturar/airflow-project/venv/lib/python3.12/site-packages/airflow/example_dags/example_params_ui_tutorial.py
[2026-03-29T12:19:06.024+0500] {processor.py:840} INFO - DAG(s) 'example_params_ui_tutorial' retrieved from /home/abayturar/airflow-project/venv/lib/python3.12/site-packages/airflow/example_dags/example_params_ui_tutorial.py
[2026-03-29T12:19:06.053+0500] {logging_mixin.py:188} INFO - [2026-03-29T12:19:06.052+0500] {dag.py:3089} INFO - Sync 1 DAGs
[2026-03-29T12:19:06.061+0500] {logging_mixin.py:188} INFO - [2026-03-29T12:19:06.061+0500] {dag.py:3947} INFO - Setting next_dagrun for example_params_ui_tutorial to None, run_after=None
[2026-03-29T12:19:06.115+0500] {processor.py:183} INFO - Processing /home/abayturar/airflow-project/venv/lib/python3.12/site-packages/airflow/example_dags/example_params_ui_tutorial.py took 0.107 seconds
[2026-03-29T12:19:56.047+0500] {processor.py:161} INFO - Started process (PID=2530) to work on /home/abayturar/airflow-project/venv/lib/python3.12/site-packages/airflow/example_dags/example_params_ui_tutorial.py
[2026-03-29T12:19:56.047+0500] {processor.py:830} INFO - Processing file /home/abayturar/airflow-project/venv/lib/python3.12/site-packages/airflow/example_dags/example_params_ui_tutorial.py for tasks to queue
[2026-03-29T12:19:56.049+0500] {logging_mixin.py:188} INFO - [2026-03-29T12:19:56.049+0500] {dagbag.py:545} INFO - Filling up the DagBag from /home/abayturar/airflow-project/venv/lib/python3.12/site-packages/airflow/example_dags/example_params_ui_tutorial.py
[2026-03-29T12:19:56.056+0500] {processor.py:840} INFO - DAG(s) 'example_params_ui_tutorial' retrieved from /home/abayturar/airflow-project/venv/lib/python3.12/site-packages/airflow/example_dags/example_params_ui_tutorial.py
[2026-03-29T12:19:56.087+0500] {logging_mixin.py:188} INFO - [2026-03-29T12:19:56.087+0500] {dag.py:3089} INFO - Sync 1 DAGs
[2026-03-29T12:19:56.096+0500] {logging_mixin.py:188} INFO - [2026-03-29T12:19:56.096+0500] {dag.py:3947} INFO - Setting next_dagrun for example_params_ui_tutorial to None, run_after=None
[2026-03-29T12:19:56.112+0500] {processor.py:183} INFO - Processing /home/abayturar/airflow-project/venv/lib/python3.12/site-packages/airflow/example_dags/example_params_ui_tutorial.py took 0.071 seconds
[2026-03-29T12:20:49.857+0500] {processor.py:161} INFO - Started process (PID=2669) to work on /home/abayturar/airflow-project/venv/lib/python3.12/site-packages/airflow/example_dags/example_params_ui_tutorial.py
[2026-03-29T12:20:49.858+0500] {processor.py:830} INFO - Processing file /home/abayturar/airflow-project/venv/lib/python3.12/site-packages/airflow/example_dags/example_params_ui_tutorial.py for tasks to queue
[2026-03-29T12:20:49.860+0500] {logging_mixin.py:188} INFO - [2026-03-29T12:20:49.859+0500] {dagbag.py:545} INFO - Filling up the DagBag from /home/abayturar/airflow-project/venv/lib/python3.12/site-packages/airflow/example_dags/example_params_ui_tutorial.py
[2026-03-29T12:20:49.867+0500] {processor.py:840} INFO - DAG(s) 'example_params_ui_tutorial' retrieved from /home/abayturar/airflow-project/venv/lib/python3.12/site-packages/airflow/example_dags/example_params_ui_tutorial.py
[2026-03-29T12:20:49.896+0500] {logging_mixin.py:188} INFO - [2026-03-29T12:20:49.896+0500] {dag.py:3089} INFO - Sync 1 DAGs
[2026-03-29T12:20:49.905+0500] {logging_mixin.py:188} INFO - [2026-03-29T12:20:49.905+0500] {dag.py:3947} INFO - Setting next_dagrun for example_params_ui_tutorial to None, run_after=None
[2026-03-29T12:20:49.960+0500] {processor.py:183} INFO - Processing /home/abayturar/airflow-project/venv/lib/python3.12/site-packages/airflow/example_dags/example_params_ui_tutorial.py took 0.109 seconds
[2026-03-29T12:21:43.286+0500] {processor.py:161} INFO - Started process (PID=2808) to work on /home/abayturar/airflow-project/venv/lib/python3.12/site-packages/airflow/example_dags/example_params_ui_tutorial.py
[2026-03-29T12:21:43.287+0500] {processor.py:830} INFO - Processing file /home/abayturar/airflow-project/venv/lib/python3.12/site-packages/airflow/example_dags/example_params_ui_tutorial.py for tasks to queue
[2026-03-29T12:21:43.289+0500] {logging_mixin.py:188} INFO - [2026-03-29T12:21:43.288+0500] {dagbag.py:545} INFO - Filling up the DagBag from /home/abayturar/airflow-project/venv/lib/python3.12/site-packages/airflow/example_dags/example_params_ui_tutorial.py
[2026-03-29T12:21:43.296+0500] {processor.py:840} INFO - DAG(s) 'example_params_ui_tutorial' retrieved from /home/abayturar/airflow-project/venv/lib/python3.12/site-packages/airflow/example_dags/example_params_ui_tutorial.py
[2026-03-29T12:21:43.331+0500] {logging_mixin.py:188} INFO - [2026-03-29T12:21:43.331+0500] {dag.py:3089} INFO - Sync 1 DAGs
[2026-03-29T12:21:43.341+0500] {logging_mixin.py:188} INFO - [2026-03-29T12:21:43.340+0500] {dag.py:3947} INFO - Setting next_dagrun for example_params_ui_tutorial to None, run_after=None
[2026-03-29T12:21:43.402+0500] {processor.py:183} INFO - Processing /home/abayturar/airflow-project/venv/lib/python3.12/site-packages/airflow/example_dags/example_params_ui_tutorial.py took 0.123 seconds
[2026-03-29T12:22:33.909+0500] {processor.py:161} INFO - Started process (PID=3065) to work on /home/abayturar/airflow-project/venv/lib/python3.12/site-packages/airflow/example_dags/example_params_ui_tutorial.py
[2026-03-29T12:22:33.910+0500] {processor.py:830} INFO - Processing file /home/abayturar/airflow-project/venv/lib/python3.12/site-packages/airflow/example_dags/example_params_ui_tutorial.py for tasks to queue
[2026-03-29T12:22:33.912+0500] {logging_mixin.py:188} INFO - [2026-03-29T12:22:33.911+0500] {dagbag.py:545} INFO - Filling up the DagBag from /home/abayturar/airflow-project/venv/lib/python3.12/site-packages/airflow/example_dags/example_params_ui_tutorial.py
[2026-03-29T12:22:33.919+0500] {processor.py:840} INFO - DAG(s) 'example_params_ui_tutorial' retrieved from /home/abayturar/airflow-project/venv/lib/python3.12/site-packages/airflow/example_dags/example_params_ui_tutorial.py
[2026-03-29T12:22:33.950+0500] {logging_mixin.py:188} INFO - [2026-03-29T12:22:33.950+0500] {dag.py:3089} INFO - Sync 1 DAGs
[2026-03-29T12:22:33.959+0500] {logging_mixin.py:188} INFO - [2026-03-29T12:22:33.959+0500] {dag.py:3947} INFO - Setting next_dagrun for example_params_ui_tutorial to None, run_after=None
[2026-03-29T12:22:34.012+0500] {processor.py:183} INFO - Processing /home/abayturar/airflow-project/venv/lib/python3.12/site-packages/airflow/example_dags/example_params_ui_tutorial.py took 0.109 seconds
[2026-03-29T12:23:25.790+0500] {processor.py:161} INFO - Started process (PID=3266) to work on /home/abayturar/airflow-project/venv/lib/python3.12/site-packages/airflow/example_dags/example_params_ui_tutorial.py
[2026-03-29T12:23:25.790+0500] {processor.py:830} INFO - Processing file /home/abayturar/airflow-project/venv/lib/python3.12/site-packages/airflow/example_dags/example_params_ui_tutorial.py for tasks to queue
[2026-03-29T12:23:25.792+0500] {logging_mixin.py:188} INFO - [2026-03-29T12:23:25.792+0500] {dagbag.py:545} INFO - Filling up the DagBag from /home/abayturar/airflow-project/venv/lib/python3.12/site-packages/airflow/example_dags/example_params_ui_tutorial.py
[2026-03-29T12:23:25.799+0500] {processor.py:840} INFO - DAG(s) 'example_params_ui_tutorial' retrieved from /home/abayturar/airflow-project/venv/lib/python3.12/site-packages/airflow/example_dags/example_params_ui_tutorial.py
[2026-03-29T12:23:25.827+0500] {logging_mixin.py:188} INFO - [2026-03-29T12:23:25.827+0500] {dag.py:3089} INFO - Sync 1 DAGs
[2026-03-29T12:23:25.836+0500] {logging_mixin.py:188} INFO - [2026-03-29T12:23:25.836+0500] {dag.py:3947} INFO - Setting next_dagrun for example_params_ui_tutorial to None, run_after=None
[2026-03-29T12:23:25.890+0500] {processor.py:183} INFO - Processing /home/abayturar/airflow-project/venv/lib/python3.12/site-packages/airflow/example_dags/example_params_ui_tutorial.py took 0.107 seconds
[2026-03-29T12:24:19.115+0500] {processor.py:161} INFO - Started process (PID=3491) to work on /home/abayturar/airflow-project/venv/lib/python3.12/site-packages/airflow/example_dags/example_params_ui_tutorial.py
[2026-03-29T12:24:19.116+0500] {processor.py:830} INFO - Processing file /home/abayturar/airflow-project/venv/lib/python3.12/site-packages/airflow/example_dags/example_params_ui_tutorial.py for tasks to queue
[2026-03-29T12:24:19.118+0500] {logging_mixin.py:188} INFO - [2026-03-29T12:24:19.117+0500] {dagbag.py:545} INFO - Filling up the DagBag from /home/abayturar/airflow-project/venv/lib/python3.12/site-packages/airflow/example_dags/example_params_ui_tutorial.py
[2026-03-29T12:24:19.125+0500] {processor.py:840} INFO - DAG(s) 'example_params_ui_tutorial' retrieved from /home/abayturar/airflow-project/venv/lib/python3.12/site-packages/airflow/example_dags/example_params_ui_tutorial.py
[2026-03-29T12:24:19.152+0500] {logging_mixin.py:188} INFO - [2026-03-29T12:24:19.152+0500] {dag.py:3089} INFO - Sync 1 DAGs
[2026-03-29T12:24:19.161+0500] {logging_mixin.py:188} INFO - [2026-03-29T12:24:19.160+0500] {dag.py:3947} INFO - Setting next_dagrun for example_params_ui_tutorial to None, run_after=None
[2026-03-29T12:24:19.214+0500] {processor.py:183} INFO - Processing /home/abayturar/airflow-project/venv/lib/python3.12/site-packages/airflow/example_dags/example_params_ui_tutorial.py took 0.104 seconds
[2026-03-29T12:25:12.818+0500] {processor.py:161} INFO - Started process (PID=3631) to work on /home/abayturar/airflow-project/venv/lib/python3.12/site-packages/airflow/example_dags/example_params_ui_tutorial.py
[2026-03-29T12:25:12.819+0500] {processor.py:830} INFO - Processing file /home/abayturar/airflow-project/venv/lib/python3.12/site-packages/airflow/example_dags/example_params_ui_tutorial.py for tasks to queue
[2026-03-29T12:25:12.821+0500] {logging_mixin.py:188} INFO - [2026-03-29T12:25:12.821+0500] {dagbag.py:545} INFO - Filling up the DagBag from /home/abayturar/airflow-project/venv/lib/python3.12/site-packages/airflow/example_dags/example_params_ui_tutorial.py
[2026-03-29T12:25:12.831+0500] {processor.py:840} INFO - DAG(s) 'example_params_ui_tutorial' retrieved from /home/abayturar/airflow-project/venv/lib/python3.12/site-packages/airflow/example_dags/example_params_ui_tutorial.py
[2026-03-29T12:25:12.863+0500] {logging_mixin.py:188} INFO - [2026-03-29T12:25:12.863+0500] {dag.py:3089} INFO - Sync 1 DAGs
[2026-03-29T12:25:12.872+0500] {logging_mixin.py:188} INFO - [2026-03-29T12:25:12.872+0500] {dag.py:3947} INFO - Setting next_dagrun for example_params_ui_tutorial to None, run_after=None
[2026-03-29T12:25:12.927+0500] {processor.py:183} INFO - Processing /home/abayturar/airflow-project/venv/lib/python3.12/site-packages/airflow/example_dags/example_params_ui_tutorial.py took 0.116 seconds
[2026-03-29T12:26:04.900+0500] {processor.py:161} INFO - Started process (PID=3860) to work on /home/abayturar/airflow-project/venv/lib/python3.12/site-packages/airflow/example_dags/example_params_ui_tutorial.py
[2026-03-29T12:26:04.901+0500] {processor.py:830} INFO - Processing file /home/abayturar/airflow-project/venv/lib/python3.12/site-packages/airflow/example_dags/example_params_ui_tutorial.py for tasks to queue
[2026-03-29T12:26:04.904+0500] {logging_mixin.py:188} INFO - [2026-03-29T12:26:04.903+0500] {dagbag.py:545} INFO - Filling up the DagBag from /home/abayturar/airflow-project/venv/lib/python3.12/site-packages/airflow/example_dags/example_params_ui_tutorial.py
[2026-03-29T12:26:04.915+0500] {processor.py:840} INFO - DAG(s) 'example_params_ui_tutorial' retrieved from /home/abayturar/airflow-project/venv/lib/python3.12/site-packages/airflow/example_dags/example_params_ui_tutorial.py
[2026-03-29T12:26:04.957+0500] {logging_mixin.py:188} INFO - [2026-03-29T12:26:04.957+0500] {dag.py:3089} INFO - Sync 1 DAGs
[2026-03-29T12:26:04.967+0500] {logging_mixin.py:188} INFO - [2026-03-29T12:26:04.967+0500] {dag.py:3947} INFO - Setting next_dagrun for example_params_ui_tutorial to None, run_after=None
[2026-03-29T12:26:05.023+0500] {processor.py:183} INFO - Processing /home/abayturar/airflow-project/venv/lib/python3.12/site-packages/airflow/example_dags/example_params_ui_tutorial.py took 0.131 seconds
[2026-03-29T12:26:53.343+0500] {processor.py:161} INFO - Started process (PID=4096) to work on /home/abayturar/airflow-project/venv/lib/python3.12/site-packages/airflow/example_dags/example_params_ui_tutorial.py
[2026-03-29T12:26:53.344+0500] {processor.py:830} INFO - Processing file /home/abayturar/airflow-project/venv/lib/python3.12/site-packages/airflow/example_dags/example_params_ui_tutorial.py for tasks to queue
[2026-03-29T12:26:53.346+0500] {logging_mixin.py:188} INFO - [2026-03-29T12:26:53.345+0500] {dagbag.py:545} INFO - Filling up the DagBag from /home/abayturar/airflow-project/venv/lib/python3.12/site-packages/airflow/example_dags/example_params_ui_tutorial.py
[2026-03-29T12:26:53.353+0500] {processor.py:840} INFO - DAG(s) 'example_params_ui_tutorial' retrieved from /home/abayturar/airflow-project/venv/lib/python3.12/site-packages/airflow/example_dags/example_params_ui_tutorial.py
[2026-03-29T12:26:53.385+0500] {logging_mixin.py:188} INFO - [2026-03-29T12:26:53.385+0500] {dag.py:3089} INFO - Sync 1 DAGs
[2026-03-29T12:26:53.394+0500] {logging_mixin.py:188} INFO - [2026-03-29T12:26:53.394+0500] {dag.py:3947} INFO - Setting next_dagrun for example_params_ui_tutorial to None, run_after=None
[2026-03-29T12:26:53.448+0500] {processor.py:183} INFO - Processing /home/abayturar/airflow-project/venv/lib/python3.12/site-packages/airflow/example_dags/example_params_ui_tutorial.py took 0.111 seconds
[2026-03-29T12:27:42.503+0500] {processor.py:161} INFO - Started process (PID=4357) to work on /home/abayturar/airflow-project/venv/lib/python3.12/site-packages/airflow/example_dags/example_params_ui_tutorial.py
[2026-03-29T12:27:42.504+0500] {processor.py:830} INFO - Processing file /home/abayturar/airflow-project/venv/lib/python3.12/site-packages/airflow/example_dags/example_params_ui_tutorial.py for tasks to queue
[2026-03-29T12:27:42.507+0500] {logging_mixin.py:188} INFO - [2026-03-29T12:27:42.506+0500] {dagbag.py:545} INFO - Filling up the DagBag from /home/abayturar/airflow-project/venv/lib/python3.12/site-packages/airflow/example_dags/example_params_ui_tutorial.py
[2026-03-29T12:27:42.520+0500] {processor.py:840} INFO - DAG(s) 'example_params_ui_tutorial' retrieved from /home/abayturar/airflow-project/venv/lib/python3.12/site-packages/airflow/example_dags/example_params_ui_tutorial.py
[2026-03-29T12:27:42.578+0500] {logging_mixin.py:188} INFO - [2026-03-29T12:27:42.578+0500] {dag.py:3089} INFO - Sync 1 DAGs
[2026-03-29T12:27:42.594+0500] {logging_mixin.py:188} INFO - [2026-03-29T12:27:42.594+0500] {dag.py:3947} INFO - Setting next_dagrun for example_params_ui_tutorial to None, run_after=None
[2026-03-29T12:27:42.615+0500] {processor.py:183} INFO - Processing /home/abayturar/airflow-project/venv/lib/python3.12/site-packages/airflow/example_dags/example_params_ui_tutorial.py took 0.124 seconds
[2026-03-29T12:28:31.671+0500] {processor.py:161} INFO - Started process (PID=4540) to work on /home/abayturar/airflow-project/venv/lib/python3.12/site-packages/airflow/example_dags/example_params_ui_tutorial.py
[2026-03-29T12:28:31.672+0500] {processor.py:830} INFO - Processing file /home/abayturar/airflow-project/venv/lib/python3.12/site-packages/airflow/example_dags/example_params_ui_tutorial.py for tasks to queue
[2026-03-29T12:28:31.674+0500] {logging_mixin.py:188} INFO - [2026-03-29T12:28:31.674+0500] {dagbag.py:545} INFO - Filling up the DagBag from /home/abayturar/airflow-project/venv/lib/python3.12/site-packages/airflow/example_dags/example_params_ui_tutorial.py
[2026-03-29T12:28:31.682+0500] {processor.py:840} INFO - DAG(s) 'example_params_ui_tutorial' retrieved from /home/abayturar/airflow-project/venv/lib/python3.12/site-packages/airflow/example_dags/example_params_ui_tutorial.py
[2026-03-29T12:28:31.717+0500] {logging_mixin.py:188} INFO - [2026-03-29T12:28:31.716+0500] {dag.py:3089} INFO - Sync 1 DAGs
[2026-03-29T12:28:31.727+0500] {logging_mixin.py:188} INFO - [2026-03-29T12:28:31.727+0500] {dag.py:3947} INFO - Setting next_dagrun for example_params_ui_tutorial to None, run_after=None
[2026-03-29T12:28:31.745+0500] {processor.py:183} INFO - Processing /home/abayturar/airflow-project/venv/lib/python3.12/site-packages/airflow/example_dags/example_params_ui_tutorial.py took 0.081 seconds
[2026-03-29T12:29:17.974+0500] {processor.py:161} INFO - Started process (PID=4661) to work on /home/abayturar/airflow-project/venv/lib/python3.12/site-packages/airflow/example_dags/example_params_ui_tutorial.py
[2026-03-29T12:29:17.975+0500] {processor.py:830} INFO - Processing file /home/abayturar/airflow-project/venv/lib/python3.12/site-packages/airflow/example_dags/example_params_ui_tutorial.py for tasks to queue
[2026-03-29T12:29:17.978+0500] {logging_mixin.py:188} INFO - [2026-03-29T12:29:17.978+0500] {dagbag.py:545} INFO - Filling up the DagBag from /home/abayturar/airflow-project/venv/lib/python3.12/site-packages/airflow/example_dags/example_params_ui_tutorial.py
[2026-03-29T12:29:17.990+0500] {processor.py:840} INFO - DAG(s) 'example_params_ui_tutorial' retrieved from /home/abayturar/airflow-project/venv/lib/python3.12/site-packages/airflow/example_dags/example_params_ui_tutorial.py
[2026-03-29T12:29:18.034+0500] {logging_mixin.py:188} INFO - [2026-03-29T12:29:18.034+0500] {dag.py:3089} INFO - Sync 1 DAGs
[2026-03-29T12:29:18.046+0500] {logging_mixin.py:188} INFO - [2026-03-29T12:29:18.046+0500] {dag.py:3947} INFO - Setting next_dagrun for example_params_ui_tutorial to None, run_after=None
[2026-03-29T12:29:18.066+0500] {processor.py:183} INFO - Processing /home/abayturar/airflow-project/venv/lib/python3.12/site-packages/airflow/example_dags/example_params_ui_tutorial.py took 0.102 seconds
[2026-03-29T12:30:07.489+0500] {processor.py:161} INFO - Started process (PID=4952) to work on /home/abayturar/airflow-project/venv/lib/python3.12/site-packages/airflow/example_dags/example_params_ui_tutorial.py
[2026-03-29T12:30:07.490+0500] {processor.py:830} INFO - Processing file /home/abayturar/airflow-project/venv/lib/python3.12/site-packages/airflow/example_dags/example_params_ui_tutorial.py for tasks to queue
[2026-03-29T12:30:07.492+0500] {logging_mixin.py:188} INFO - [2026-03-29T12:30:07.491+0500] {dagbag.py:545} INFO - Filling up the DagBag from /home/abayturar/airflow-project/venv/lib/python3.12/site-packages/airflow/example_dags/example_params_ui_tutorial.py
[2026-03-29T12:30:07.499+0500] {processor.py:840} INFO - DAG(s) 'example_params_ui_tutorial' retrieved from /home/abayturar/airflow-project/venv/lib/python3.12/site-packages/airflow/example_dags/example_params_ui_tutorial.py
[2026-03-29T12:30:07.532+0500] {logging_mixin.py:188} INFO - [2026-03-29T12:30:07.532+0500] {dag.py:3089} INFO - Sync 1 DAGs
[2026-03-29T12:30:07.543+0500] {logging_mixin.py:188} INFO - [2026-03-29T12:30:07.543+0500] {dag.py:3947} INFO - Setting next_dagrun for example_params_ui_tutorial to None, run_after=None
[2026-03-29T12:30:07.597+0500] {processor.py:183} INFO - Processing /home/abayturar/airflow-project/venv/lib/python3.12/site-packages/airflow/example_dags/example_params_ui_tutorial.py took 0.115 seconds
[2026-03-29T12:30:58.660+0500] {processor.py:161} INFO - Started process (PID=5174) to work on /home/abayturar/airflow-project/venv/lib/python3.12/site-packages/airflow/example_dags/example_params_ui_tutorial.py
[2026-03-29T12:30:58.660+0500] {processor.py:830} INFO - Processing file /home/abayturar/airflow-project/venv/lib/python3.12/site-packages/airflow/example_dags/example_params_ui_tutorial.py for tasks to queue
[2026-03-29T12:30:58.662+0500] {logging_mixin.py:188} INFO - [2026-03-29T12:30:58.662+0500] {dagbag.py:545} INFO - Filling up the DagBag from /home/abayturar/airflow-project/venv/lib/python3.12/site-packages/airflow/example_dags/example_params_ui_tutorial.py
[2026-03-29T12:30:58.669+0500] {processor.py:840} INFO - DAG(s) 'example_params_ui_tutorial' retrieved from /home/abayturar/airflow-project/venv/lib/python3.12/site-packages/airflow/example_dags/example_params_ui_tutorial.py
[2026-03-29T12:30:58.698+0500] {logging_mixin.py:188} INFO - [2026-03-29T12:30:58.698+0500] {dag.py:3089} INFO - Sync 1 DAGs
[2026-03-29T12:30:58.707+0500] {logging_mixin.py:188} INFO - [2026-03-29T12:30:58.707+0500] {dag.py:3947} INFO - Setting next_dagrun for example_params_ui_tutorial to None, run_after=None
[2026-03-29T12:30:58.763+0500] {processor.py:183} INFO - Processing /home/abayturar/airflow-project/venv/lib/python3.12/site-packages/airflow/example_dags/example_params_ui_tutorial.py took 0.109 seconds
[2026-03-29T12:31:45.779+0500] {processor.py:161} INFO - Started process (PID=5469) to work on /home/abayturar/airflow-project/venv/lib/python3.12/site-packages/airflow/example_dags/example_params_ui_tutorial.py
[2026-03-29T12:31:45.780+0500] {processor.py:830} INFO - Processing file /home/abayturar/airflow-project/venv/lib/python3.12/site-packages/airflow/example_dags/example_params_ui_tutorial.py for tasks to queue
[2026-03-29T12:31:45.782+0500] {logging_mixin.py:188} INFO - [2026-03-29T12:31:45.782+0500] {dagbag.py:545} INFO - Filling up the DagBag from /home/abayturar/airflow-project/venv/lib/python3.12/site-packages/airflow/example_dags/example_params_ui_tutorial.py
[2026-03-29T12:31:45.791+0500] {processor.py:840} INFO - DAG(s) 'example_params_ui_tutorial' retrieved from /home/abayturar/airflow-project/venv/lib/python3.12/site-packages/airflow/example_dags/example_params_ui_tutorial.py
[2026-03-29T12:31:45.830+0500] {logging_mixin.py:188} INFO - [2026-03-29T12:31:45.830+0500] {dag.py:3089} INFO - Sync 1 DAGs
[2026-03-29T12:31:45.844+0500] {logging_mixin.py:188} INFO - [2026-03-29T12:31:45.844+0500] {dag.py:3947} INFO - Setting next_dagrun for example_params_ui_tutorial to None, run_after=None
[2026-03-29T12:31:45.863+0500] {processor.py:183} INFO - Processing /home/abayturar/airflow-project/venv/lib/python3.12/site-packages/airflow/example_dags/example_params_ui_tutorial.py took 0.093 seconds
[2026-03-29T12:32:33.602+0500] {processor.py:161} INFO - Started process (PID=6003) to work on /home/abayturar/airflow-project/venv/lib/python3.12/site-packages/airflow/example_dags/example_params_ui_tutorial.py
[2026-03-29T12:32:33.603+0500] {processor.py:830} INFO - Processing file /home/abayturar/airflow-project/venv/lib/python3.12/site-packages/airflow/example_dags/example_params_ui_tutorial.py for tasks to queue
[2026-03-29T12:32:33.605+0500] {logging_mixin.py:188} INFO - [2026-03-29T12:32:33.604+0500] {dagbag.py:545} INFO - Filling up the DagBag from /home/abayturar/airflow-project/venv/lib/python3.12/site-packages/airflow/example_dags/example_params_ui_tutorial.py
[2026-03-29T12:32:33.613+0500] {processor.py:840} INFO - DAG(s) 'example_params_ui_tutorial' retrieved from /home/abayturar/airflow-project/venv/lib/python3.12/site-packages/airflow/example_dags/example_params_ui_tutorial.py
[2026-03-29T12:32:33.645+0500] {logging_mixin.py:188} INFO - [2026-03-29T12:32:33.644+0500] {dag.py:3089} INFO - Sync 1 DAGs
[2026-03-29T12:32:33.654+0500] {logging_mixin.py:188} INFO - [2026-03-29T12:32:33.654+0500] {dag.py:3947} INFO - Setting next_dagrun for example_params_ui_tutorial to None, run_after=None
[2026-03-29T12:32:33.672+0500] {processor.py:183} INFO - Processing /home/abayturar/airflow-project/venv/lib/python3.12/site-packages/airflow/example_dags/example_params_ui_tutorial.py took 0.077 seconds
[2026-03-29T12:33:23.024+0500] {processor.py:161} INFO - Started process (PID=6157) to work on /home/abayturar/airflow-project/venv/lib/python3.12/site-packages/airflow/example_dags/example_params_ui_tutorial.py
[2026-03-29T12:33:23.025+0500] {processor.py:830} INFO - Processing file /home/abayturar/airflow-project/venv/lib/python3.12/site-packages/airflow/example_dags/example_params_ui_tutorial.py for tasks to queue
[2026-03-29T12:33:23.027+0500] {logging_mixin.py:188} INFO - [2026-03-29T12:33:23.027+0500] {dagbag.py:545} INFO - Filling up the DagBag from /home/abayturar/airflow-project/venv/lib/python3.12/site-packages/airflow/example_dags/example_params_ui_tutorial.py
[2026-03-29T12:33:23.036+0500] {processor.py:840} INFO - DAG(s) 'example_params_ui_tutorial' retrieved from /home/abayturar/airflow-project/venv/lib/python3.12/site-packages/airflow/example_dags/example_params_ui_tutorial.py
[2026-03-29T12:33:23.068+0500] {logging_mixin.py:188} INFO - [2026-03-29T12:33:23.068+0500] {dag.py:3089} INFO - Sync 1 DAGs
[2026-03-29T12:33:23.078+0500] {logging_mixin.py:188} INFO - [2026-03-29T12:33:23.078+0500] {dag.py:3947} INFO - Setting next_dagrun for example_params_ui_tutorial to None, run_after=None
[2026-03-29T12:33:23.133+0500] {processor.py:183} INFO - Processing /home/abayturar/airflow-project/venv/lib/python3.12/site-packages/airflow/example_dags/example_params_ui_tutorial.py took 0.116 seconds
[2026-03-29T12:34:11.969+0500] {processor.py:161} INFO - Started process (PID=6296) to work on /home/abayturar/airflow-project/venv/lib/python3.12/site-packages/airflow/example_dags/example_params_ui_tutorial.py
[2026-03-29T12:34:11.970+0500] {processor.py:830} INFO - Processing file /home/abayturar/airflow-project/venv/lib/python3.12/site-packages/airflow/example_dags/example_params_ui_tutorial.py for tasks to queue
[2026-03-29T12:34:11.972+0500] {logging_mixin.py:188} INFO - [2026-03-29T12:34:11.972+0500] {dagbag.py:545} INFO - Filling up the DagBag from /home/abayturar/airflow-project/venv/lib/python3.12/site-packages/airflow/example_dags/example_params_ui_tutorial.py
[2026-03-29T12:34:11.980+0500] {processor.py:840} INFO - DAG(s) 'example_params_ui_tutorial' retrieved from /home/abayturar/airflow-project/venv/lib/python3.12/site-packages/airflow/example_dags/example_params_ui_tutorial.py
[2026-03-29T12:34:12.020+0500] {logging_mixin.py:188} INFO - [2026-03-29T12:34:12.020+0500] {dag.py:3089} INFO - Sync 1 DAGs
[2026-03-29T12:34:12.030+0500] {logging_mixin.py:188} INFO - [2026-03-29T12:34:12.030+0500] {dag.py:3947} INFO - Setting next_dagrun for example_params_ui_tutorial to None, run_after=None
[2026-03-29T12:34:12.047+0500] {processor.py:183} INFO - Processing /home/abayturar/airflow-project/venv/lib/python3.12/site-packages/airflow/example_dags/example_params_ui_tutorial.py took 0.085 seconds
[2026-03-29T12:35:00.633+0500] {processor.py:161} INFO - Started process (PID=6425) to work on /home/abayturar/airflow-project/venv/lib/python3.12/site-packages/airflow/example_dags/example_params_ui_tutorial.py
[2026-03-29T12:35:00.634+0500] {processor.py:830} INFO - Processing file /home/abayturar/airflow-project/venv/lib/python3.12/site-packages/airflow/example_dags/example_params_ui_tutorial.py for tasks to queue
[2026-03-29T12:35:00.636+0500] {logging_mixin.py:188} INFO - [2026-03-29T12:35:00.635+0500] {dagbag.py:545} INFO - Filling up the DagBag from /home/abayturar/airflow-project/venv/lib/python3.12/site-packages/airflow/example_dags/example_params_ui_tutorial.py
[2026-03-29T12:35:00.644+0500] {processor.py:840} INFO - DAG(s) 'example_params_ui_tutorial' retrieved from /home/abayturar/airflow-project/venv/lib/python3.12/site-packages/airflow/example_dags/example_params_ui_tutorial.py
[2026-03-29T12:35:00.676+0500] {logging_mixin.py:188} INFO - [2026-03-29T12:35:00.675+0500] {dag.py:3089} INFO - Sync 1 DAGs
[2026-03-29T12:35:00.685+0500] {logging_mixin.py:188} INFO - [2026-03-29T12:35:00.685+0500] {dag.py:3947} INFO - Setting next_dagrun for example_params_ui_tutorial to None, run_after=None
[2026-03-29T12:35:00.741+0500] {processor.py:183} INFO - Processing /home/abayturar/airflow-project/venv/lib/python3.12/site-packages/airflow/example_dags/example_params_ui_tutorial.py took 0.116 seconds
[2026-03-29T12:35:48.335+0500] {processor.py:161} INFO - Started process (PID=6552) to work on /home/abayturar/airflow-project/venv/lib/python3.12/site-packages/airflow/example_dags/example_params_ui_tutorial.py
[2026-03-29T12:35:48.336+0500] {processor.py:830} INFO - Processing file /home/abayturar/airflow-project/venv/lib/python3.12/site-packages/airflow/example_dags/example_params_ui_tutorial.py for tasks to queue
[2026-03-29T12:35:48.337+0500] {logging_mixin.py:188} INFO - [2026-03-29T12:35:48.337+0500] {dagbag.py:545} INFO - Filling up the DagBag from /home/abayturar/airflow-project/venv/lib/python3.12/site-packages/airflow/example_dags/example_params_ui_tutorial.py
[2026-03-29T12:35:48.345+0500] {processor.py:840} INFO - DAG(s) 'example_params_ui_tutorial' retrieved from /home/abayturar/airflow-project/venv/lib/python3.12/site-packages/airflow/example_dags/example_params_ui_tutorial.py
[2026-03-29T12:35:48.378+0500] {logging_mixin.py:188} INFO - [2026-03-29T12:35:48.378+0500] {dag.py:3089} INFO - Sync 1 DAGs
[2026-03-29T12:35:48.387+0500] {logging_mixin.py:188} INFO - [2026-03-29T12:35:48.387+0500] {dag.py:3947} INFO - Setting next_dagrun for example_params_ui_tutorial to None, run_after=None
[2026-03-29T12:35:48.445+0500] {processor.py:183} INFO - Processing /home/abayturar/airflow-project/venv/lib/python3.12/site-packages/airflow/example_dags/example_params_ui_tutorial.py took 0.118 seconds
[2026-03-29T12:36:38.600+0500] {processor.py:161} INFO - Started process (PID=6682) to work on /home/abayturar/airflow-project/venv/lib/python3.12/site-packages/airflow/example_dags/example_params_ui_tutorial.py
[2026-03-29T12:36:38.601+0500] {processor.py:830} INFO - Processing file /home/abayturar/airflow-project/venv/lib/python3.12/site-packages/airflow/example_dags/example_params_ui_tutorial.py for tasks to queue
[2026-03-29T12:36:38.603+0500] {logging_mixin.py:188} INFO - [2026-03-29T12:36:38.603+0500] {dagbag.py:545} INFO - Filling up the DagBag from /home/abayturar/airflow-project/venv/lib/python3.12/site-packages/airflow/example_dags/example_params_ui_tutorial.py
[2026-03-29T12:36:38.612+0500] {processor.py:840} INFO - DAG(s) 'example_params_ui_tutorial' retrieved from /home/abayturar/airflow-project/venv/lib/python3.12/site-packages/airflow/example_dags/example_params_ui_tutorial.py
[2026-03-29T12:36:38.648+0500] {logging_mixin.py:188} INFO - [2026-03-29T12:36:38.648+0500] {dag.py:3089} INFO - Sync 1 DAGs
[2026-03-29T12:36:38.658+0500] {logging_mixin.py:188} INFO - [2026-03-29T12:36:38.658+0500] {dag.py:3947} INFO - Setting next_dagrun for example_params_ui_tutorial to None, run_after=None
[2026-03-29T12:36:38.716+0500] {processor.py:183} INFO - Processing /home/abayturar/airflow-project/venv/lib/python3.12/site-packages/airflow/example_dags/example_params_ui_tutorial.py took 0.123 seconds
[2026-03-29T12:37:28.430+0500] {processor.py:161} INFO - Started process (PID=6816) to work on /home/abayturar/airflow-project/venv/lib/python3.12/site-packages/airflow/example_dags/example_params_ui_tutorial.py
[2026-03-29T12:37:28.432+0500] {processor.py:830} INFO - Processing file /home/abayturar/airflow-project/venv/lib/python3.12/site-packages/airflow/example_dags/example_params_ui_tutorial.py for tasks to queue
[2026-03-29T12:37:28.434+0500] {logging_mixin.py:188} INFO - [2026-03-29T12:37:28.434+0500] {dagbag.py:545} INFO - Filling up the DagBag from /home/abayturar/airflow-project/venv/lib/python3.12/site-packages/airflow/example_dags/example_params_ui_tutorial.py
[2026-03-29T12:37:28.443+0500] {processor.py:840} INFO - DAG(s) 'example_params_ui_tutorial' retrieved from /home/abayturar/airflow-project/venv/lib/python3.12/site-packages/airflow/example_dags/example_params_ui_tutorial.py
[2026-03-29T12:37:28.479+0500] {logging_mixin.py:188} INFO - [2026-03-29T12:37:28.479+0500] {dag.py:3089} INFO - Sync 1 DAGs
[2026-03-29T12:37:28.489+0500] {logging_mixin.py:188} INFO - [2026-03-29T12:37:28.489+0500] {dag.py:3947} INFO - Setting next_dagrun for example_params_ui_tutorial to None, run_after=None
[2026-03-29T12:37:28.507+0500] {processor.py:183} INFO - Processing /home/abayturar/airflow-project/venv/lib/python3.12/site-packages/airflow/example_dags/example_params_ui_tutorial.py took 0.083 seconds
[2026-03-29T12:38:18.908+0500] {processor.py:161} INFO - Started process (PID=6948) to work on /home/abayturar/airflow-project/venv/lib/python3.12/site-packages/airflow/example_dags/example_params_ui_tutorial.py
[2026-03-29T12:38:18.909+0500] {processor.py:830} INFO - Processing file /home/abayturar/airflow-project/venv/lib/python3.12/site-packages/airflow/example_dags/example_params_ui_tutorial.py for tasks to queue
[2026-03-29T12:38:18.911+0500] {logging_mixin.py:188} INFO - [2026-03-29T12:38:18.911+0500] {dagbag.py:545} INFO - Filling up the DagBag from /home/abayturar/airflow-project/venv/lib/python3.12/site-packages/airflow/example_dags/example_params_ui_tutorial.py
[2026-03-29T12:38:18.918+0500] {processor.py:840} INFO - DAG(s) 'example_params_ui_tutorial' retrieved from /home/abayturar/airflow-project/venv/lib/python3.12/site-packages/airflow/example_dags/example_params_ui_tutorial.py
[2026-03-29T12:38:18.946+0500] {logging_mixin.py:188} INFO - [2026-03-29T12:38:18.946+0500] {dag.py:3089} INFO - Sync 1 DAGs
[2026-03-29T12:38:18.955+0500] {logging_mixin.py:188} INFO - [2026-03-29T12:38:18.955+0500] {dag.py:3947} INFO - Setting next_dagrun for example_params_ui_tutorial to None, run_after=None
[2026-03-29T12:38:19.009+0500] {processor.py:183} INFO - Processing /home/abayturar/airflow-project/venv/lib/python3.12/site-packages/airflow/example_dags/example_params_ui_tutorial.py took 0.107 seconds
[2026-03-29T12:39:10.767+0500] {processor.py:161} INFO - Started process (PID=7082) to work on /home/abayturar/airflow-project/venv/lib/python3.12/site-packages/airflow/example_dags/example_params_ui_tutorial.py
[2026-03-29T12:39:10.768+0500] {processor.py:830} INFO - Processing file /home/abayturar/airflow-project/venv/lib/python3.12/site-packages/airflow/example_dags/example_params_ui_tutorial.py for tasks to queue
[2026-03-29T12:39:10.770+0500] {logging_mixin.py:188} INFO - [2026-03-29T12:39:10.769+0500] {dagbag.py:545} INFO - Filling up the DagBag from /home/abayturar/airflow-project/venv/lib/python3.12/site-packages/airflow/example_dags/example_params_ui_tutorial.py
[2026-03-29T12:39:10.776+0500] {processor.py:840} INFO - DAG(s) 'example_params_ui_tutorial' retrieved from /home/abayturar/airflow-project/venv/lib/python3.12/site-packages/airflow/example_dags/example_params_ui_tutorial.py
[2026-03-29T12:39:10.805+0500] {logging_mixin.py:188} INFO - [2026-03-29T12:39:10.805+0500] {dag.py:3089} INFO - Sync 1 DAGs
[2026-03-29T12:39:10.813+0500] {logging_mixin.py:188} INFO - [2026-03-29T12:39:10.813+0500] {dag.py:3947} INFO - Setting next_dagrun for example_params_ui_tutorial to None, run_after=None
[2026-03-29T12:39:10.867+0500] {processor.py:183} INFO - Processing /home/abayturar/airflow-project/venv/lib/python3.12/site-packages/airflow/example_dags/example_params_ui_tutorial.py took 0.106 seconds
[2026-03-29T12:40:03.130+0500] {processor.py:161} INFO - Started process (PID=7248) to work on /home/abayturar/airflow-project/venv/lib/python3.12/site-packages/airflow/example_dags/example_params_ui_tutorial.py
[2026-03-29T12:40:03.131+0500] {processor.py:830} INFO - Processing file /home/abayturar/airflow-project/venv/lib/python3.12/site-packages/airflow/example_dags/example_params_ui_tutorial.py for tasks to queue
[2026-03-29T12:40:03.132+0500] {logging_mixin.py:188} INFO - [2026-03-29T12:40:03.132+0500] {dagbag.py:545} INFO - Filling up the DagBag from /home/abayturar/airflow-project/venv/lib/python3.12/site-packages/airflow/example_dags/example_params_ui_tutorial.py
[2026-03-29T12:40:03.140+0500] {processor.py:840} INFO - DAG(s) 'example_params_ui_tutorial' retrieved from /home/abayturar/airflow-project/venv/lib/python3.12/site-packages/airflow/example_dags/example_params_ui_tutorial.py
[2026-03-29T12:40:03.170+0500] {logging_mixin.py:188} INFO - [2026-03-29T12:40:03.169+0500] {dag.py:3089} INFO - Sync 1 DAGs
[2026-03-29T12:40:03.178+0500] {logging_mixin.py:188} INFO - [2026-03-29T12:40:03.178+0500] {dag.py:3947} INFO - Setting next_dagrun for example_params_ui_tutorial to None, run_after=None
[2026-03-29T12:40:03.193+0500] {processor.py:183} INFO - Processing /home/abayturar/airflow-project/venv/lib/python3.12/site-packages/airflow/example_dags/example_params_ui_tutorial.py took 0.070 seconds
[2026-03-29T12:40:51.891+0500] {processor.py:161} INFO - Started process (PID=7376) to work on /home/abayturar/airflow-project/venv/lib/python3.12/site-packages/airflow/example_dags/example_params_ui_tutorial.py
[2026-03-29T12:40:51.892+0500] {processor.py:830} INFO - Processing file /home/abayturar/airflow-project/venv/lib/python3.12/site-packages/airflow/example_dags/example_params_ui_tutorial.py for tasks to queue
[2026-03-29T12:40:51.894+0500] {logging_mixin.py:188} INFO - [2026-03-29T12:40:51.893+0500] {dagbag.py:545} INFO - Filling up the DagBag from /home/abayturar/airflow-project/venv/lib/python3.12/site-packages/airflow/example_dags/example_params_ui_tutorial.py
[2026-03-29T12:40:51.900+0500] {processor.py:840} INFO - DAG(s) 'example_params_ui_tutorial' retrieved from /home/abayturar/airflow-project/venv/lib/python3.12/site-packages/airflow/example_dags/example_params_ui_tutorial.py
[2026-03-29T12:40:51.930+0500] {logging_mixin.py:188} INFO - [2026-03-29T12:40:51.930+0500] {dag.py:3089} INFO - Sync 1 DAGs
[2026-03-29T12:40:51.938+0500] {logging_mixin.py:188} INFO - [2026-03-29T12:40:51.938+0500] {dag.py:3947} INFO - Setting next_dagrun for example_params_ui_tutorial to None, run_after=None
[2026-03-29T12:40:51.991+0500] {processor.py:183} INFO - Processing /home/abayturar/airflow-project/venv/lib/python3.12/site-packages/airflow/example_dags/example_params_ui_tutorial.py took 0.106 seconds
[2026-03-29T12:41:43.923+0500] {processor.py:161} INFO - Started process (PID=7538) to work on /home/abayturar/airflow-project/venv/lib/python3.12/site-packages/airflow/example_dags/example_params_ui_tutorial.py
[2026-03-29T12:41:43.924+0500] {processor.py:830} INFO - Processing file /home/abayturar/airflow-project/venv/lib/python3.12/site-packages/airflow/example_dags/example_params_ui_tutorial.py for tasks to queue
[2026-03-29T12:41:43.926+0500] {logging_mixin.py:188} INFO - [2026-03-29T12:41:43.925+0500] {dagbag.py:545} INFO - Filling up the DagBag from /home/abayturar/airflow-project/venv/lib/python3.12/site-packages/airflow/example_dags/example_params_ui_tutorial.py
[2026-03-29T12:41:43.934+0500] {processor.py:840} INFO - DAG(s) 'example_params_ui_tutorial' retrieved from /home/abayturar/airflow-project/venv/lib/python3.12/site-packages/airflow/example_dags/example_params_ui_tutorial.py
[2026-03-29T12:41:43.971+0500] {logging_mixin.py:188} INFO - [2026-03-29T12:41:43.970+0500] {dag.py:3089} INFO - Sync 1 DAGs
[2026-03-29T12:41:43.981+0500] {logging_mixin.py:188} INFO - [2026-03-29T12:41:43.981+0500] {dag.py:3947} INFO - Setting next_dagrun for example_params_ui_tutorial to None, run_after=None
[2026-03-29T12:41:44.040+0500] {processor.py:183} INFO - Processing /home/abayturar/airflow-project/venv/lib/python3.12/site-packages/airflow/example_dags/example_params_ui_tutorial.py took 0.127 seconds
[2026-03-29T12:42:35.470+0500] {processor.py:161} INFO - Started process (PID=7673) to work on /home/abayturar/airflow-project/venv/lib/python3.12/site-packages/airflow/example_dags/example_params_ui_tutorial.py
[2026-03-29T12:42:35.472+0500] {processor.py:830} INFO - Processing file /home/abayturar/airflow-project/venv/lib/python3.12/site-packages/airflow/example_dags/example_params_ui_tutorial.py for tasks to queue
[2026-03-29T12:42:35.475+0500] {logging_mixin.py:188} INFO - [2026-03-29T12:42:35.474+0500] {dagbag.py:545} INFO - Filling up the DagBag from /home/abayturar/airflow-project/venv/lib/python3.12/site-packages/airflow/example_dags/example_params_ui_tutorial.py
[2026-03-29T12:42:35.485+0500] {processor.py:840} INFO - DAG(s) 'example_params_ui_tutorial' retrieved from /home/abayturar/airflow-project/venv/lib/python3.12/site-packages/airflow/example_dags/example_params_ui_tutorial.py
[2026-03-29T12:42:35.523+0500] {logging_mixin.py:188} INFO - [2026-03-29T12:42:35.523+0500] {dag.py:3089} INFO - Sync 1 DAGs
[2026-03-29T12:42:35.533+0500] {logging_mixin.py:188} INFO - [2026-03-29T12:42:35.533+0500] {dag.py:3947} INFO - Setting next_dagrun for example_params_ui_tutorial to None, run_after=None
[2026-03-29T12:42:35.587+0500] {processor.py:183} INFO - Processing /home/abayturar/airflow-project/venv/lib/python3.12/site-packages/airflow/example_dags/example_params_ui_tutorial.py took 0.126 seconds
[2026-03-29T12:43:28.873+0500] {processor.py:161} INFO - Started process (PID=7810) to work on /home/abayturar/airflow-project/venv/lib/python3.12/site-packages/airflow/example_dags/example_params_ui_tutorial.py
[2026-03-29T12:43:28.874+0500] {processor.py:830} INFO - Processing file /home/abayturar/airflow-project/venv/lib/python3.12/site-packages/airflow/example_dags/example_params_ui_tutorial.py for tasks to queue
[2026-03-29T12:43:28.876+0500] {logging_mixin.py:188} INFO - [2026-03-29T12:43:28.875+0500] {dagbag.py:545} INFO - Filling up the DagBag from /home/abayturar/airflow-project/venv/lib/python3.12/site-packages/airflow/example_dags/example_params_ui_tutorial.py
[2026-03-29T12:43:28.884+0500] {processor.py:840} INFO - DAG(s) 'example_params_ui_tutorial' retrieved from /home/abayturar/airflow-project/venv/lib/python3.12/site-packages/airflow/example_dags/example_params_ui_tutorial.py
[2026-03-29T12:43:28.918+0500] {logging_mixin.py:188} INFO - [2026-03-29T12:43:28.917+0500] {dag.py:3089} INFO - Sync 1 DAGs
[2026-03-29T12:43:28.927+0500] {logging_mixin.py:188} INFO - [2026-03-29T12:43:28.927+0500] {dag.py:3947} INFO - Setting next_dagrun for example_params_ui_tutorial to None, run_after=None
[2026-03-29T12:43:28.982+0500] {processor.py:183} INFO - Processing /home/abayturar/airflow-project/venv/lib/python3.12/site-packages/airflow/example_dags/example_params_ui_tutorial.py took 0.118 seconds
[2026-03-29T12:44:21.137+0500] {processor.py:161} INFO - Started process (PID=8078) to work on /home/abayturar/airflow-project/venv/lib/python3.12/site-packages/airflow/example_dags/example_params_ui_tutorial.py
[2026-03-29T12:44:21.138+0500] {processor.py:830} INFO - Processing file /home/abayturar/airflow-project/venv/lib/python3.12/site-packages/airflow/example_dags/example_params_ui_tutorial.py for tasks to queue
[2026-03-29T12:44:21.141+0500] {logging_mixin.py:188} INFO - [2026-03-29T12:44:21.140+0500] {dagbag.py:545} INFO - Filling up the DagBag from /home/abayturar/airflow-project/venv/lib/python3.12/site-packages/airflow/example_dags/example_params_ui_tutorial.py
[2026-03-29T12:44:21.148+0500] {processor.py:840} INFO - DAG(s) 'example_params_ui_tutorial' retrieved from /home/abayturar/airflow-project/venv/lib/python3.12/site-packages/airflow/example_dags/example_params_ui_tutorial.py
[2026-03-29T12:44:21.179+0500] {logging_mixin.py:188} INFO - [2026-03-29T12:44:21.179+0500] {dag.py:3089} INFO - Sync 1 DAGs
[2026-03-29T12:44:21.190+0500] {logging_mixin.py:188} INFO - [2026-03-29T12:44:21.190+0500] {dag.py:3947} INFO - Setting next_dagrun for example_params_ui_tutorial to None, run_after=None
[2026-03-29T12:44:21.237+0500] {processor.py:183} INFO - Processing /home/abayturar/airflow-project/venv/lib/python3.12/site-packages/airflow/example_dags/example_params_ui_tutorial.py took 0.106 seconds
[2026-03-29T12:45:15.360+0500] {processor.py:161} INFO - Started process (PID=8463) to work on /home/abayturar/airflow-project/venv/lib/python3.12/site-packages/airflow/example_dags/example_params_ui_tutorial.py
[2026-03-29T12:45:15.361+0500] {processor.py:830} INFO - Processing file /home/abayturar/airflow-project/venv/lib/python3.12/site-packages/airflow/example_dags/example_params_ui_tutorial.py for tasks to queue
[2026-03-29T12:45:15.362+0500] {logging_mixin.py:188} INFO - [2026-03-29T12:45:15.362+0500] {dagbag.py:545} INFO - Filling up the DagBag from /home/abayturar/airflow-project/venv/lib/python3.12/site-packages/airflow/example_dags/example_params_ui_tutorial.py
[2026-03-29T12:45:15.369+0500] {processor.py:840} INFO - DAG(s) 'example_params_ui_tutorial' retrieved from /home/abayturar/airflow-project/venv/lib/python3.12/site-packages/airflow/example_dags/example_params_ui_tutorial.py
[2026-03-29T12:45:15.398+0500] {logging_mixin.py:188} INFO - [2026-03-29T12:45:15.398+0500] {dag.py:3089} INFO - Sync 1 DAGs
[2026-03-29T12:45:15.408+0500] {logging_mixin.py:188} INFO - [2026-03-29T12:45:15.408+0500] {dag.py:3947} INFO - Setting next_dagrun for example_params_ui_tutorial to None, run_after=None
[2026-03-29T12:45:15.463+0500] {processor.py:183} INFO - Processing /home/abayturar/airflow-project/venv/lib/python3.12/site-packages/airflow/example_dags/example_params_ui_tutorial.py took 0.109 seconds
[2026-03-29T12:46:07.576+0500] {processor.py:161} INFO - Started process (PID=8746) to work on /home/abayturar/airflow-project/venv/lib/python3.12/site-packages/airflow/example_dags/example_params_ui_tutorial.py
[2026-03-29T12:46:07.576+0500] {processor.py:830} INFO - Processing file /home/abayturar/airflow-project/venv/lib/python3.12/site-packages/airflow/example_dags/example_params_ui_tutorial.py for tasks to queue
[2026-03-29T12:46:07.578+0500] {logging_mixin.py:188} INFO - [2026-03-29T12:46:07.578+0500] {dagbag.py:545} INFO - Filling up the DagBag from /home/abayturar/airflow-project/venv/lib/python3.12/site-packages/airflow/example_dags/example_params_ui_tutorial.py
[2026-03-29T12:46:07.585+0500] {processor.py:840} INFO - DAG(s) 'example_params_ui_tutorial' retrieved from /home/abayturar/airflow-project/venv/lib/python3.12/site-packages/airflow/example_dags/example_params_ui_tutorial.py
[2026-03-29T12:46:07.616+0500] {logging_mixin.py:188} INFO - [2026-03-29T12:46:07.616+0500] {dag.py:3089} INFO - Sync 1 DAGs
[2026-03-29T12:46:07.625+0500] {logging_mixin.py:188} INFO - [2026-03-29T12:46:07.625+0500] {dag.py:3947} INFO - Setting next_dagrun for example_params_ui_tutorial to None, run_after=None
[2026-03-29T12:46:07.681+0500] {processor.py:183} INFO - Processing /home/abayturar/airflow-project/venv/lib/python3.12/site-packages/airflow/example_dags/example_params_ui_tutorial.py took 0.112 seconds
[2026-03-29T12:46:59.347+0500] {processor.py:161} INFO - Started process (PID=9024) to work on /home/abayturar/airflow-project/venv/lib/python3.12/site-packages/airflow/example_dags/example_params_ui_tutorial.py
[2026-03-29T12:46:59.348+0500] {processor.py:830} INFO - Processing file /home/abayturar/airflow-project/venv/lib/python3.12/site-packages/airflow/example_dags/example_params_ui_tutorial.py for tasks to queue
[2026-03-29T12:46:59.350+0500] {logging_mixin.py:188} INFO - [2026-03-29T12:46:59.349+0500] {dagbag.py:545} INFO - Filling up the DagBag from /home/abayturar/airflow-project/venv/lib/python3.12/site-packages/airflow/example_dags/example_params_ui_tutorial.py
[2026-03-29T12:46:59.357+0500] {processor.py:840} INFO - DAG(s) 'example_params_ui_tutorial' retrieved from /home/abayturar/airflow-project/venv/lib/python3.12/site-packages/airflow/example_dags/example_params_ui_tutorial.py
[2026-03-29T12:46:59.388+0500] {logging_mixin.py:188} INFO - [2026-03-29T12:46:59.388+0500] {dag.py:3089} INFO - Sync 1 DAGs
[2026-03-29T12:46:59.398+0500] {logging_mixin.py:188} INFO - [2026-03-29T12:46:59.397+0500] {dag.py:3947} INFO - Setting next_dagrun for example_params_ui_tutorial to None, run_after=None
[2026-03-29T12:46:59.452+0500] {processor.py:183} INFO - Processing /home/abayturar/airflow-project/venv/lib/python3.12/site-packages/airflow/example_dags/example_params_ui_tutorial.py took 0.110 seconds
