[2026-03-29T12:01:22.959+0500] {processor.py:161} INFO - Started process (PID=32234) to work on /home/abayturar/airflow-project/venv/lib/python3.12/site-packages/airflow/example_dags/example_short_circuit_operator.py
[2026-03-29T12:01:22.960+0500] {processor.py:830} INFO - Processing file /home/abayturar/airflow-project/venv/lib/python3.12/site-packages/airflow/example_dags/example_short_circuit_operator.py for tasks to queue
[2026-03-29T12:01:22.963+0500] {logging_mixin.py:188} INFO - [2026-03-29T12:01:22.962+0500] {dagbag.py:545} INFO - Filling up the DagBag from /home/abayturar/airflow-project/venv/lib/python3.12/site-packages/airflow/example_dags/example_short_circuit_operator.py
[2026-03-29T12:01:22.972+0500] {processor.py:840} INFO - DAG(s) 'example_short_circuit_operator' retrieved from /home/abayturar/airflow-project/venv/lib/python3.12/site-packages/airflow/example_dags/example_short_circuit_operator.py
[2026-03-29T12:01:22.993+0500] {logging_mixin.py:188} INFO - [2026-03-29T12:01:22.993+0500] {dag.py:3089} INFO - Sync 1 DAGs
[2026-03-29T12:01:23.011+0500] {logging_mixin.py:188} INFO - [2026-03-29T12:01:23.011+0500] {dag.py:3947} INFO - Setting next_dagrun for example_short_circuit_operator to 2026-03-28 00:00:00+00:00, run_after=2026-03-29 00:00:00+00:00
[2026-03-29T12:01:23.031+0500] {processor.py:183} INFO - Processing /home/abayturar/airflow-project/venv/lib/python3.12/site-packages/airflow/example_dags/example_short_circuit_operator.py took 0.079 seconds
[2026-03-29T12:02:21.257+0500] {processor.py:161} INFO - Started process (PID=32529) to work on /home/abayturar/airflow-project/venv/lib/python3.12/site-packages/airflow/example_dags/example_short_circuit_operator.py
[2026-03-29T12:02:21.258+0500] {processor.py:830} INFO - Processing file /home/abayturar/airflow-project/venv/lib/python3.12/site-packages/airflow/example_dags/example_short_circuit_operator.py for tasks to queue
[2026-03-29T12:02:21.259+0500] {logging_mixin.py:188} INFO - [2026-03-29T12:02:21.259+0500] {dagbag.py:545} INFO - Filling up the DagBag from /home/abayturar/airflow-project/venv/lib/python3.12/site-packages/airflow/example_dags/example_short_circuit_operator.py
[2026-03-29T12:02:21.267+0500] {processor.py:840} INFO - DAG(s) 'example_short_circuit_operator' retrieved from /home/abayturar/airflow-project/venv/lib/python3.12/site-packages/airflow/example_dags/example_short_circuit_operator.py
[2026-03-29T12:02:21.286+0500] {logging_mixin.py:188} INFO - [2026-03-29T12:02:21.286+0500] {dag.py:3089} INFO - Sync 1 DAGs
[2026-03-29T12:02:21.300+0500] {logging_mixin.py:188} INFO - [2026-03-29T12:02:21.300+0500] {dag.py:3947} INFO - Setting next_dagrun for example_short_circuit_operator to 2026-03-28 00:00:00+00:00, run_after=2026-03-29 00:00:00+00:00
[2026-03-29T12:02:21.316+0500] {processor.py:183} INFO - Processing /home/abayturar/airflow-project/venv/lib/python3.12/site-packages/airflow/example_dags/example_short_circuit_operator.py took 0.065 seconds
[2026-03-29T12:05:51.061+0500] {processor.py:161} INFO - Started process (PID=32761) to work on /home/abayturar/airflow-project/venv/lib/python3.12/site-packages/airflow/example_dags/example_short_circuit_operator.py
[2026-03-29T12:05:51.062+0500] {processor.py:830} INFO - Processing file /home/abayturar/airflow-project/venv/lib/python3.12/site-packages/airflow/example_dags/example_short_circuit_operator.py for tasks to queue
[2026-03-29T12:05:51.065+0500] {logging_mixin.py:188} INFO - [2026-03-29T12:05:51.064+0500] {dagbag.py:545} INFO - Filling up the DagBag from /home/abayturar/airflow-project/venv/lib/python3.12/site-packages/airflow/example_dags/example_short_circuit_operator.py
[2026-03-29T12:05:51.072+0500] {processor.py:840} INFO - DAG(s) 'example_short_circuit_operator' retrieved from /home/abayturar/airflow-project/venv/lib/python3.12/site-packages/airflow/example_dags/example_short_circuit_operator.py
[2026-03-29T12:05:51.089+0500] {logging_mixin.py:188} INFO - [2026-03-29T12:05:51.089+0500] {dag.py:3089} INFO - Sync 1 DAGs
[2026-03-29T12:05:51.103+0500] {logging_mixin.py:188} INFO - [2026-03-29T12:05:51.102+0500] {dag.py:3947} INFO - Setting next_dagrun for example_short_circuit_operator to 2026-03-28 00:00:00+00:00, run_after=2026-03-29 00:00:00+00:00
[2026-03-29T12:05:51.118+0500] {processor.py:183} INFO - Processing /home/abayturar/airflow-project/venv/lib/python3.12/site-packages/airflow/example_dags/example_short_circuit_operator.py took 0.064 seconds
[2026-03-29T12:06:44.055+0500] {processor.py:161} INFO - Started process (PID=217) to work on /home/abayturar/airflow-project/venv/lib/python3.12/site-packages/airflow/example_dags/example_short_circuit_operator.py
[2026-03-29T12:06:44.056+0500] {processor.py:830} INFO - Processing file /home/abayturar/airflow-project/venv/lib/python3.12/site-packages/airflow/example_dags/example_short_circuit_operator.py for tasks to queue
[2026-03-29T12:06:44.058+0500] {logging_mixin.py:188} INFO - [2026-03-29T12:06:44.058+0500] {dagbag.py:545} INFO - Filling up the DagBag from /home/abayturar/airflow-project/venv/lib/python3.12/site-packages/airflow/example_dags/example_short_circuit_operator.py
[2026-03-29T12:06:44.068+0500] {processor.py:840} INFO - DAG(s) 'example_short_circuit_operator' retrieved from /home/abayturar/airflow-project/venv/lib/python3.12/site-packages/airflow/example_dags/example_short_circuit_operator.py
[2026-03-29T12:06:44.087+0500] {logging_mixin.py:188} INFO - [2026-03-29T12:06:44.087+0500] {dag.py:3089} INFO - Sync 1 DAGs
[2026-03-29T12:06:44.103+0500] {logging_mixin.py:188} INFO - [2026-03-29T12:06:44.103+0500] {dag.py:3947} INFO - Setting next_dagrun for example_short_circuit_operator to 2026-03-28 00:00:00+00:00, run_after=2026-03-29 00:00:00+00:00
[2026-03-29T12:06:44.160+0500] {processor.py:183} INFO - Processing /home/abayturar/airflow-project/venv/lib/python3.12/site-packages/airflow/example_dags/example_short_circuit_operator.py took 0.114 seconds
[2026-03-29T12:07:30.537+0500] {processor.py:161} INFO - Started process (PID=406) to work on /home/abayturar/airflow-project/venv/lib/python3.12/site-packages/airflow/example_dags/example_short_circuit_operator.py
[2026-03-29T12:07:30.538+0500] {processor.py:830} INFO - Processing file /home/abayturar/airflow-project/venv/lib/python3.12/site-packages/airflow/example_dags/example_short_circuit_operator.py for tasks to queue
[2026-03-29T12:07:30.540+0500] {logging_mixin.py:188} INFO - [2026-03-29T12:07:30.540+0500] {dagbag.py:545} INFO - Filling up the DagBag from /home/abayturar/airflow-project/venv/lib/python3.12/site-packages/airflow/example_dags/example_short_circuit_operator.py
[2026-03-29T12:07:30.548+0500] {processor.py:840} INFO - DAG(s) 'example_short_circuit_operator' retrieved from /home/abayturar/airflow-project/venv/lib/python3.12/site-packages/airflow/example_dags/example_short_circuit_operator.py
[2026-03-29T12:07:30.566+0500] {logging_mixin.py:188} INFO - [2026-03-29T12:07:30.566+0500] {dag.py:3089} INFO - Sync 1 DAGs
[2026-03-29T12:07:30.583+0500] {logging_mixin.py:188} INFO - [2026-03-29T12:07:30.583+0500] {dag.py:3947} INFO - Setting next_dagrun for example_short_circuit_operator to 2026-03-28 00:00:00+00:00, run_after=2026-03-29 00:00:00+00:00
[2026-03-29T12:07:30.639+0500] {processor.py:183} INFO - Processing /home/abayturar/airflow-project/venv/lib/python3.12/site-packages/airflow/example_dags/example_short_circuit_operator.py took 0.108 seconds
[2026-03-29T12:08:19.785+0500] {processor.py:161} INFO - Started process (PID=607) to work on /home/abayturar/airflow-project/venv/lib/python3.12/site-packages/airflow/example_dags/example_short_circuit_operator.py
[2026-03-29T12:08:19.786+0500] {processor.py:830} INFO - Processing file /home/abayturar/airflow-project/venv/lib/python3.12/site-packages/airflow/example_dags/example_short_circuit_operator.py for tasks to queue
[2026-03-29T12:08:19.788+0500] {logging_mixin.py:188} INFO - [2026-03-29T12:08:19.787+0500] {dagbag.py:545} INFO - Filling up the DagBag from /home/abayturar/airflow-project/venv/lib/python3.12/site-packages/airflow/example_dags/example_short_circuit_operator.py
[2026-03-29T12:08:19.796+0500] {processor.py:840} INFO - DAG(s) 'example_short_circuit_operator' retrieved from /home/abayturar/airflow-project/venv/lib/python3.12/site-packages/airflow/example_dags/example_short_circuit_operator.py
[2026-03-29T12:08:19.816+0500] {logging_mixin.py:188} INFO - [2026-03-29T12:08:19.816+0500] {dag.py:3089} INFO - Sync 1 DAGs
[2026-03-29T12:08:19.832+0500] {logging_mixin.py:188} INFO - [2026-03-29T12:08:19.832+0500] {dag.py:3947} INFO - Setting next_dagrun for example_short_circuit_operator to 2026-03-28 00:00:00+00:00, run_after=2026-03-29 00:00:00+00:00
[2026-03-29T12:08:19.850+0500] {processor.py:183} INFO - Processing /home/abayturar/airflow-project/venv/lib/python3.12/site-packages/airflow/example_dags/example_short_circuit_operator.py took 0.072 seconds
[2026-03-29T12:09:10.558+0500] {processor.py:161} INFO - Started process (PID=824) to work on /home/abayturar/airflow-project/venv/lib/python3.12/site-packages/airflow/example_dags/example_short_circuit_operator.py
[2026-03-29T12:09:10.559+0500] {processor.py:830} INFO - Processing file /home/abayturar/airflow-project/venv/lib/python3.12/site-packages/airflow/example_dags/example_short_circuit_operator.py for tasks to queue
[2026-03-29T12:09:10.561+0500] {logging_mixin.py:188} INFO - [2026-03-29T12:09:10.561+0500] {dagbag.py:545} INFO - Filling up the DagBag from /home/abayturar/airflow-project/venv/lib/python3.12/site-packages/airflow/example_dags/example_short_circuit_operator.py
[2026-03-29T12:09:10.568+0500] {processor.py:840} INFO - DAG(s) 'example_short_circuit_operator' retrieved from /home/abayturar/airflow-project/venv/lib/python3.12/site-packages/airflow/example_dags/example_short_circuit_operator.py
[2026-03-29T12:09:10.585+0500] {logging_mixin.py:188} INFO - [2026-03-29T12:09:10.585+0500] {dag.py:3089} INFO - Sync 1 DAGs
[2026-03-29T12:09:10.599+0500] {logging_mixin.py:188} INFO - [2026-03-29T12:09:10.599+0500] {dag.py:3947} INFO - Setting next_dagrun for example_short_circuit_operator to 2026-03-28 00:00:00+00:00, run_after=2026-03-29 00:00:00+00:00
[2026-03-29T12:09:10.653+0500] {processor.py:183} INFO - Processing /home/abayturar/airflow-project/venv/lib/python3.12/site-packages/airflow/example_dags/example_short_circuit_operator.py took 0.101 seconds
[2026-03-29T12:10:02.153+0500] {processor.py:161} INFO - Started process (PID=976) to work on /home/abayturar/airflow-project/venv/lib/python3.12/site-packages/airflow/example_dags/example_short_circuit_operator.py
[2026-03-29T12:10:02.154+0500] {processor.py:830} INFO - Processing file /home/abayturar/airflow-project/venv/lib/python3.12/site-packages/airflow/example_dags/example_short_circuit_operator.py for tasks to queue
[2026-03-29T12:10:02.155+0500] {logging_mixin.py:188} INFO - [2026-03-29T12:10:02.155+0500] {dagbag.py:545} INFO - Filling up the DagBag from /home/abayturar/airflow-project/venv/lib/python3.12/site-packages/airflow/example_dags/example_short_circuit_operator.py
[2026-03-29T12:10:02.162+0500] {processor.py:840} INFO - DAG(s) 'example_short_circuit_operator' retrieved from /home/abayturar/airflow-project/venv/lib/python3.12/site-packages/airflow/example_dags/example_short_circuit_operator.py
[2026-03-29T12:10:02.178+0500] {logging_mixin.py:188} INFO - [2026-03-29T12:10:02.178+0500] {dag.py:3089} INFO - Sync 1 DAGs
[2026-03-29T12:10:02.191+0500] {logging_mixin.py:188} INFO - [2026-03-29T12:10:02.191+0500] {dag.py:3947} INFO - Setting next_dagrun for example_short_circuit_operator to 2026-03-28 00:00:00+00:00, run_after=2026-03-29 00:00:00+00:00
[2026-03-29T12:10:02.243+0500] {processor.py:183} INFO - Processing /home/abayturar/airflow-project/venv/lib/python3.12/site-packages/airflow/example_dags/example_short_circuit_operator.py took 0.096 seconds
[2026-03-29T12:10:49.955+0500] {processor.py:161} INFO - Started process (PID=1103) to work on /home/abayturar/airflow-project/venv/lib/python3.12/site-packages/airflow/example_dags/example_short_circuit_operator.py
[2026-03-29T12:10:49.957+0500] {processor.py:830} INFO - Processing file /home/abayturar/airflow-project/venv/lib/python3.12/site-packages/airflow/example_dags/example_short_circuit_operator.py for tasks to queue
[2026-03-29T12:10:49.959+0500] {logging_mixin.py:188} INFO - [2026-03-29T12:10:49.958+0500] {dagbag.py:545} INFO - Filling up the DagBag from /home/abayturar/airflow-project/venv/lib/python3.12/site-packages/airflow/example_dags/example_short_circuit_operator.py
[2026-03-29T12:10:49.967+0500] {processor.py:840} INFO - DAG(s) 'example_short_circuit_operator' retrieved from /home/abayturar/airflow-project/venv/lib/python3.12/site-packages/airflow/example_dags/example_short_circuit_operator.py
[2026-03-29T12:10:49.986+0500] {logging_mixin.py:188} INFO - [2026-03-29T12:10:49.985+0500] {dag.py:3089} INFO - Sync 1 DAGs
[2026-03-29T12:10:50.001+0500] {logging_mixin.py:188} INFO - [2026-03-29T12:10:50.001+0500] {dag.py:3947} INFO - Setting next_dagrun for example_short_circuit_operator to 2026-03-28 00:00:00+00:00, run_after=2026-03-29 00:00:00+00:00
[2026-03-29T12:10:50.060+0500] {processor.py:183} INFO - Processing /home/abayturar/airflow-project/venv/lib/python3.12/site-packages/airflow/example_dags/example_short_circuit_operator.py took 0.112 seconds
[2026-03-29T12:11:39.617+0500] {processor.py:161} INFO - Started process (PID=1234) to work on /home/abayturar/airflow-project/venv/lib/python3.12/site-packages/airflow/example_dags/example_short_circuit_operator.py
[2026-03-29T12:11:39.618+0500] {processor.py:830} INFO - Processing file /home/abayturar/airflow-project/venv/lib/python3.12/site-packages/airflow/example_dags/example_short_circuit_operator.py for tasks to queue
[2026-03-29T12:11:39.620+0500] {logging_mixin.py:188} INFO - [2026-03-29T12:11:39.619+0500] {dagbag.py:545} INFO - Filling up the DagBag from /home/abayturar/airflow-project/venv/lib/python3.12/site-packages/airflow/example_dags/example_short_circuit_operator.py
[2026-03-29T12:11:39.628+0500] {processor.py:840} INFO - DAG(s) 'example_short_circuit_operator' retrieved from /home/abayturar/airflow-project/venv/lib/python3.12/site-packages/airflow/example_dags/example_short_circuit_operator.py
[2026-03-29T12:11:39.646+0500] {logging_mixin.py:188} INFO - [2026-03-29T12:11:39.646+0500] {dag.py:3089} INFO - Sync 1 DAGs
[2026-03-29T12:11:39.661+0500] {logging_mixin.py:188} INFO - [2026-03-29T12:11:39.661+0500] {dag.py:3947} INFO - Setting next_dagrun for example_short_circuit_operator to 2026-03-28 00:00:00+00:00, run_after=2026-03-29 00:00:00+00:00
[2026-03-29T12:11:39.677+0500] {processor.py:183} INFO - Processing /home/abayturar/airflow-project/venv/lib/python3.12/site-packages/airflow/example_dags/example_short_circuit_operator.py took 0.067 seconds
[2026-03-29T12:12:30.869+0500] {processor.py:161} INFO - Started process (PID=1368) to work on /home/abayturar/airflow-project/venv/lib/python3.12/site-packages/airflow/example_dags/example_short_circuit_operator.py
[2026-03-29T12:12:30.870+0500] {processor.py:830} INFO - Processing file /home/abayturar/airflow-project/venv/lib/python3.12/site-packages/airflow/example_dags/example_short_circuit_operator.py for tasks to queue
[2026-03-29T12:12:30.872+0500] {logging_mixin.py:188} INFO - [2026-03-29T12:12:30.871+0500] {dagbag.py:545} INFO - Filling up the DagBag from /home/abayturar/airflow-project/venv/lib/python3.12/site-packages/airflow/example_dags/example_short_circuit_operator.py
[2026-03-29T12:12:30.879+0500] {processor.py:840} INFO - DAG(s) 'example_short_circuit_operator' retrieved from /home/abayturar/airflow-project/venv/lib/python3.12/site-packages/airflow/example_dags/example_short_circuit_operator.py
[2026-03-29T12:12:30.896+0500] {logging_mixin.py:188} INFO - [2026-03-29T12:12:30.895+0500] {dag.py:3089} INFO - Sync 1 DAGs
[2026-03-29T12:12:30.909+0500] {logging_mixin.py:188} INFO - [2026-03-29T12:12:30.909+0500] {dag.py:3947} INFO - Setting next_dagrun for example_short_circuit_operator to 2026-03-28 00:00:00+00:00, run_after=2026-03-29 00:00:00+00:00
[2026-03-29T12:12:30.962+0500] {processor.py:183} INFO - Processing /home/abayturar/airflow-project/venv/lib/python3.12/site-packages/airflow/example_dags/example_short_circuit_operator.py took 0.099 seconds
[2026-03-29T12:13:20.628+0500] {processor.py:161} INFO - Started process (PID=1503) to work on /home/abayturar/airflow-project/venv/lib/python3.12/site-packages/airflow/example_dags/example_short_circuit_operator.py
[2026-03-29T12:13:20.629+0500] {processor.py:830} INFO - Processing file /home/abayturar/airflow-project/venv/lib/python3.12/site-packages/airflow/example_dags/example_short_circuit_operator.py for tasks to queue
[2026-03-29T12:13:20.631+0500] {logging_mixin.py:188} INFO - [2026-03-29T12:13:20.630+0500] {dagbag.py:545} INFO - Filling up the DagBag from /home/abayturar/airflow-project/venv/lib/python3.12/site-packages/airflow/example_dags/example_short_circuit_operator.py
[2026-03-29T12:13:20.638+0500] {processor.py:840} INFO - DAG(s) 'example_short_circuit_operator' retrieved from /home/abayturar/airflow-project/venv/lib/python3.12/site-packages/airflow/example_dags/example_short_circuit_operator.py
[2026-03-29T12:13:20.654+0500] {logging_mixin.py:188} INFO - [2026-03-29T12:13:20.654+0500] {dag.py:3089} INFO - Sync 1 DAGs
[2026-03-29T12:13:20.668+0500] {logging_mixin.py:188} INFO - [2026-03-29T12:13:20.667+0500] {dag.py:3947} INFO - Setting next_dagrun for example_short_circuit_operator to 2026-03-28 00:00:00+00:00, run_after=2026-03-29 00:00:00+00:00
[2026-03-29T12:13:20.807+0500] {processor.py:183} INFO - Processing /home/abayturar/airflow-project/venv/lib/python3.12/site-packages/airflow/example_dags/example_short_circuit_operator.py took 0.184 seconds
[2026-03-29T12:14:11.244+0500] {processor.py:161} INFO - Started process (PID=1634) to work on /home/abayturar/airflow-project/venv/lib/python3.12/site-packages/airflow/example_dags/example_short_circuit_operator.py
[2026-03-29T12:14:11.245+0500] {processor.py:830} INFO - Processing file /home/abayturar/airflow-project/venv/lib/python3.12/site-packages/airflow/example_dags/example_short_circuit_operator.py for tasks to queue
[2026-03-29T12:14:11.247+0500] {logging_mixin.py:188} INFO - [2026-03-29T12:14:11.246+0500] {dagbag.py:545} INFO - Filling up the DagBag from /home/abayturar/airflow-project/venv/lib/python3.12/site-packages/airflow/example_dags/example_short_circuit_operator.py
[2026-03-29T12:14:11.254+0500] {processor.py:840} INFO - DAG(s) 'example_short_circuit_operator' retrieved from /home/abayturar/airflow-project/venv/lib/python3.12/site-packages/airflow/example_dags/example_short_circuit_operator.py
[2026-03-29T12:14:11.271+0500] {logging_mixin.py:188} INFO - [2026-03-29T12:14:11.271+0500] {dag.py:3089} INFO - Sync 1 DAGs
[2026-03-29T12:14:11.285+0500] {logging_mixin.py:188} INFO - [2026-03-29T12:14:11.284+0500] {dag.py:3947} INFO - Setting next_dagrun for example_short_circuit_operator to 2026-03-28 00:00:00+00:00, run_after=2026-03-29 00:00:00+00:00
[2026-03-29T12:14:11.300+0500] {processor.py:183} INFO - Processing /home/abayturar/airflow-project/venv/lib/python3.12/site-packages/airflow/example_dags/example_short_circuit_operator.py took 0.063 seconds
[2026-03-29T12:15:04.249+0500] {processor.py:161} INFO - Started process (PID=1772) to work on /home/abayturar/airflow-project/venv/lib/python3.12/site-packages/airflow/example_dags/example_short_circuit_operator.py
[2026-03-29T12:15:04.249+0500] {processor.py:830} INFO - Processing file /home/abayturar/airflow-project/venv/lib/python3.12/site-packages/airflow/example_dags/example_short_circuit_operator.py for tasks to queue
[2026-03-29T12:15:04.251+0500] {logging_mixin.py:188} INFO - [2026-03-29T12:15:04.251+0500] {dagbag.py:545} INFO - Filling up the DagBag from /home/abayturar/airflow-project/venv/lib/python3.12/site-packages/airflow/example_dags/example_short_circuit_operator.py
[2026-03-29T12:15:04.258+0500] {processor.py:840} INFO - DAG(s) 'example_short_circuit_operator' retrieved from /home/abayturar/airflow-project/venv/lib/python3.12/site-packages/airflow/example_dags/example_short_circuit_operator.py
[2026-03-29T12:15:04.274+0500] {logging_mixin.py:188} INFO - [2026-03-29T12:15:04.274+0500] {dag.py:3089} INFO - Sync 1 DAGs
[2026-03-29T12:15:04.291+0500] {logging_mixin.py:188} INFO - [2026-03-29T12:15:04.290+0500] {dag.py:3947} INFO - Setting next_dagrun for example_short_circuit_operator to 2026-03-28 00:00:00+00:00, run_after=2026-03-29 00:00:00+00:00
[2026-03-29T12:15:04.352+0500] {processor.py:183} INFO - Processing /home/abayturar/airflow-project/venv/lib/python3.12/site-packages/airflow/example_dags/example_short_circuit_operator.py took 0.109 seconds
[2026-03-29T12:15:58.800+0500] {processor.py:161} INFO - Started process (PID=1914) to work on /home/abayturar/airflow-project/venv/lib/python3.12/site-packages/airflow/example_dags/example_short_circuit_operator.py
[2026-03-29T12:15:58.801+0500] {processor.py:830} INFO - Processing file /home/abayturar/airflow-project/venv/lib/python3.12/site-packages/airflow/example_dags/example_short_circuit_operator.py for tasks to queue
[2026-03-29T12:15:58.803+0500] {logging_mixin.py:188} INFO - [2026-03-29T12:15:58.802+0500] {dagbag.py:545} INFO - Filling up the DagBag from /home/abayturar/airflow-project/venv/lib/python3.12/site-packages/airflow/example_dags/example_short_circuit_operator.py
[2026-03-29T12:15:58.811+0500] {processor.py:840} INFO - DAG(s) 'example_short_circuit_operator' retrieved from /home/abayturar/airflow-project/venv/lib/python3.12/site-packages/airflow/example_dags/example_short_circuit_operator.py
[2026-03-29T12:15:58.830+0500] {logging_mixin.py:188} INFO - [2026-03-29T12:15:58.830+0500] {dag.py:3089} INFO - Sync 1 DAGs
[2026-03-29T12:15:58.932+0500] {logging_mixin.py:188} INFO - [2026-03-29T12:15:58.931+0500] {dag.py:3947} INFO - Setting next_dagrun for example_short_circuit_operator to 2026-03-28 00:00:00+00:00, run_after=2026-03-29 00:00:00+00:00
[2026-03-29T12:15:58.982+0500] {processor.py:183} INFO - Processing /home/abayturar/airflow-project/venv/lib/python3.12/site-packages/airflow/example_dags/example_short_circuit_operator.py took 0.189 seconds
[2026-03-29T12:16:51.090+0500] {processor.py:161} INFO - Started process (PID=2051) to work on /home/abayturar/airflow-project/venv/lib/python3.12/site-packages/airflow/example_dags/example_short_circuit_operator.py
[2026-03-29T12:16:51.091+0500] {processor.py:830} INFO - Processing file /home/abayturar/airflow-project/venv/lib/python3.12/site-packages/airflow/example_dags/example_short_circuit_operator.py for tasks to queue
[2026-03-29T12:16:51.092+0500] {logging_mixin.py:188} INFO - [2026-03-29T12:16:51.092+0500] {dagbag.py:545} INFO - Filling up the DagBag from /home/abayturar/airflow-project/venv/lib/python3.12/site-packages/airflow/example_dags/example_short_circuit_operator.py
[2026-03-29T12:16:51.100+0500] {processor.py:840} INFO - DAG(s) 'example_short_circuit_operator' retrieved from /home/abayturar/airflow-project/venv/lib/python3.12/site-packages/airflow/example_dags/example_short_circuit_operator.py
[2026-03-29T12:16:51.118+0500] {logging_mixin.py:188} INFO - [2026-03-29T12:16:51.118+0500] {dag.py:3089} INFO - Sync 1 DAGs
[2026-03-29T12:16:51.227+0500] {logging_mixin.py:188} INFO - [2026-03-29T12:16:51.227+0500] {dag.py:3947} INFO - Setting next_dagrun for example_short_circuit_operator to 2026-03-28 00:00:00+00:00, run_after=2026-03-29 00:00:00+00:00
[2026-03-29T12:16:51.280+0500] {processor.py:183} INFO - Processing /home/abayturar/airflow-project/venv/lib/python3.12/site-packages/airflow/example_dags/example_short_circuit_operator.py took 0.197 seconds
[2026-03-29T12:17:43.461+0500] {processor.py:161} INFO - Started process (PID=2188) to work on /home/abayturar/airflow-project/venv/lib/python3.12/site-packages/airflow/example_dags/example_short_circuit_operator.py
[2026-03-29T12:17:43.462+0500] {processor.py:830} INFO - Processing file /home/abayturar/airflow-project/venv/lib/python3.12/site-packages/airflow/example_dags/example_short_circuit_operator.py for tasks to queue
[2026-03-29T12:17:43.463+0500] {logging_mixin.py:188} INFO - [2026-03-29T12:17:43.463+0500] {dagbag.py:545} INFO - Filling up the DagBag from /home/abayturar/airflow-project/venv/lib/python3.12/site-packages/airflow/example_dags/example_short_circuit_operator.py
[2026-03-29T12:17:43.471+0500] {processor.py:840} INFO - DAG(s) 'example_short_circuit_operator' retrieved from /home/abayturar/airflow-project/venv/lib/python3.12/site-packages/airflow/example_dags/example_short_circuit_operator.py
[2026-03-29T12:17:43.489+0500] {logging_mixin.py:188} INFO - [2026-03-29T12:17:43.489+0500] {dag.py:3089} INFO - Sync 1 DAGs
[2026-03-29T12:17:43.504+0500] {logging_mixin.py:188} INFO - [2026-03-29T12:17:43.504+0500] {dag.py:3947} INFO - Setting next_dagrun for example_short_circuit_operator to 2026-03-28 00:00:00+00:00, run_after=2026-03-29 00:00:00+00:00
[2026-03-29T12:17:43.558+0500] {processor.py:183} INFO - Processing /home/abayturar/airflow-project/venv/lib/python3.12/site-packages/airflow/example_dags/example_short_circuit_operator.py took 0.104 seconds
[2026-03-29T12:18:35.330+0500] {processor.py:161} INFO - Started process (PID=2323) to work on /home/abayturar/airflow-project/venv/lib/python3.12/site-packages/airflow/example_dags/example_short_circuit_operator.py
[2026-03-29T12:18:35.331+0500] {processor.py:830} INFO - Processing file /home/abayturar/airflow-project/venv/lib/python3.12/site-packages/airflow/example_dags/example_short_circuit_operator.py for tasks to queue
[2026-03-29T12:18:35.332+0500] {logging_mixin.py:188} INFO - [2026-03-29T12:18:35.332+0500] {dagbag.py:545} INFO - Filling up the DagBag from /home/abayturar/airflow-project/venv/lib/python3.12/site-packages/airflow/example_dags/example_short_circuit_operator.py
[2026-03-29T12:18:35.340+0500] {processor.py:840} INFO - DAG(s) 'example_short_circuit_operator' retrieved from /home/abayturar/airflow-project/venv/lib/python3.12/site-packages/airflow/example_dags/example_short_circuit_operator.py
[2026-03-29T12:18:35.360+0500] {logging_mixin.py:188} INFO - [2026-03-29T12:18:35.360+0500] {dag.py:3089} INFO - Sync 1 DAGs
[2026-03-29T12:18:35.379+0500] {logging_mixin.py:188} INFO - [2026-03-29T12:18:35.378+0500] {dag.py:3947} INFO - Setting next_dagrun for example_short_circuit_operator to 2026-03-28 00:00:00+00:00, run_after=2026-03-29 00:00:00+00:00
[2026-03-29T12:18:35.437+0500] {processor.py:183} INFO - Processing /home/abayturar/airflow-project/venv/lib/python3.12/site-packages/airflow/example_dags/example_short_circuit_operator.py took 0.113 seconds
[2026-03-29T12:19:26.687+0500] {processor.py:161} INFO - Started process (PID=2458) to work on /home/abayturar/airflow-project/venv/lib/python3.12/site-packages/airflow/example_dags/example_short_circuit_operator.py
[2026-03-29T12:19:26.688+0500] {processor.py:830} INFO - Processing file /home/abayturar/airflow-project/venv/lib/python3.12/site-packages/airflow/example_dags/example_short_circuit_operator.py for tasks to queue
[2026-03-29T12:19:26.690+0500] {logging_mixin.py:188} INFO - [2026-03-29T12:19:26.689+0500] {dagbag.py:545} INFO - Filling up the DagBag from /home/abayturar/airflow-project/venv/lib/python3.12/site-packages/airflow/example_dags/example_short_circuit_operator.py
[2026-03-29T12:19:26.697+0500] {processor.py:840} INFO - DAG(s) 'example_short_circuit_operator' retrieved from /home/abayturar/airflow-project/venv/lib/python3.12/site-packages/airflow/example_dags/example_short_circuit_operator.py
[2026-03-29T12:19:26.715+0500] {logging_mixin.py:188} INFO - [2026-03-29T12:19:26.715+0500] {dag.py:3089} INFO - Sync 1 DAGs
[2026-03-29T12:19:26.730+0500] {logging_mixin.py:188} INFO - [2026-03-29T12:19:26.730+0500] {dag.py:3947} INFO - Setting next_dagrun for example_short_circuit_operator to 2026-03-28 00:00:00+00:00, run_after=2026-03-29 00:00:00+00:00
[2026-03-29T12:19:26.786+0500] {processor.py:183} INFO - Processing /home/abayturar/airflow-project/venv/lib/python3.12/site-packages/airflow/example_dags/example_short_circuit_operator.py took 0.105 seconds
[2026-03-29T12:20:18.873+0500] {processor.py:161} INFO - Started process (PID=2592) to work on /home/abayturar/airflow-project/venv/lib/python3.12/site-packages/airflow/example_dags/example_short_circuit_operator.py
[2026-03-29T12:20:18.874+0500] {processor.py:830} INFO - Processing file /home/abayturar/airflow-project/venv/lib/python3.12/site-packages/airflow/example_dags/example_short_circuit_operator.py for tasks to queue
[2026-03-29T12:20:18.876+0500] {logging_mixin.py:188} INFO - [2026-03-29T12:20:18.875+0500] {dagbag.py:545} INFO - Filling up the DagBag from /home/abayturar/airflow-project/venv/lib/python3.12/site-packages/airflow/example_dags/example_short_circuit_operator.py
[2026-03-29T12:20:18.884+0500] {processor.py:840} INFO - DAG(s) 'example_short_circuit_operator' retrieved from /home/abayturar/airflow-project/venv/lib/python3.12/site-packages/airflow/example_dags/example_short_circuit_operator.py
[2026-03-29T12:20:18.903+0500] {logging_mixin.py:188} INFO - [2026-03-29T12:20:18.903+0500] {dag.py:3089} INFO - Sync 1 DAGs
[2026-03-29T12:20:18.920+0500] {logging_mixin.py:188} INFO - [2026-03-29T12:20:18.919+0500] {dag.py:3947} INFO - Setting next_dagrun for example_short_circuit_operator to 2026-03-28 00:00:00+00:00, run_after=2026-03-29 00:00:00+00:00
[2026-03-29T12:20:18.999+0500] {processor.py:183} INFO - Processing /home/abayturar/airflow-project/venv/lib/python3.12/site-packages/airflow/example_dags/example_short_circuit_operator.py took 0.133 seconds
[2026-03-29T12:21:11.928+0500] {processor.py:161} INFO - Started process (PID=2732) to work on /home/abayturar/airflow-project/venv/lib/python3.12/site-packages/airflow/example_dags/example_short_circuit_operator.py
[2026-03-29T12:21:11.929+0500] {processor.py:830} INFO - Processing file /home/abayturar/airflow-project/venv/lib/python3.12/site-packages/airflow/example_dags/example_short_circuit_operator.py for tasks to queue
[2026-03-29T12:21:11.930+0500] {logging_mixin.py:188} INFO - [2026-03-29T12:21:11.930+0500] {dagbag.py:545} INFO - Filling up the DagBag from /home/abayturar/airflow-project/venv/lib/python3.12/site-packages/airflow/example_dags/example_short_circuit_operator.py
[2026-03-29T12:21:11.938+0500] {processor.py:840} INFO - DAG(s) 'example_short_circuit_operator' retrieved from /home/abayturar/airflow-project/venv/lib/python3.12/site-packages/airflow/example_dags/example_short_circuit_operator.py
[2026-03-29T12:21:11.957+0500] {logging_mixin.py:188} INFO - [2026-03-29T12:21:11.957+0500] {dag.py:3089} INFO - Sync 1 DAGs
[2026-03-29T12:21:11.979+0500] {logging_mixin.py:188} INFO - [2026-03-29T12:21:11.979+0500] {dag.py:3947} INFO - Setting next_dagrun for example_short_circuit_operator to 2026-03-28 00:00:00+00:00, run_after=2026-03-29 00:00:00+00:00
[2026-03-29T12:21:12.034+0500] {processor.py:183} INFO - Processing /home/abayturar/airflow-project/venv/lib/python3.12/site-packages/airflow/example_dags/example_short_circuit_operator.py took 0.113 seconds
[2026-03-29T12:22:02.836+0500] {processor.py:161} INFO - Started process (PID=2901) to work on /home/abayturar/airflow-project/venv/lib/python3.12/site-packages/airflow/example_dags/example_short_circuit_operator.py
[2026-03-29T12:22:02.837+0500] {processor.py:830} INFO - Processing file /home/abayturar/airflow-project/venv/lib/python3.12/site-packages/airflow/example_dags/example_short_circuit_operator.py for tasks to queue
[2026-03-29T12:22:02.839+0500] {logging_mixin.py:188} INFO - [2026-03-29T12:22:02.838+0500] {dagbag.py:545} INFO - Filling up the DagBag from /home/abayturar/airflow-project/venv/lib/python3.12/site-packages/airflow/example_dags/example_short_circuit_operator.py
[2026-03-29T12:22:02.846+0500] {processor.py:840} INFO - DAG(s) 'example_short_circuit_operator' retrieved from /home/abayturar/airflow-project/venv/lib/python3.12/site-packages/airflow/example_dags/example_short_circuit_operator.py
[2026-03-29T12:22:02.863+0500] {logging_mixin.py:188} INFO - [2026-03-29T12:22:02.862+0500] {dag.py:3089} INFO - Sync 1 DAGs
[2026-03-29T12:22:02.876+0500] {logging_mixin.py:188} INFO - [2026-03-29T12:22:02.876+0500] {dag.py:3947} INFO - Setting next_dagrun for example_short_circuit_operator to 2026-03-28 00:00:00+00:00, run_after=2026-03-29 00:00:00+00:00
[2026-03-29T12:22:02.929+0500] {processor.py:183} INFO - Processing /home/abayturar/airflow-project/venv/lib/python3.12/site-packages/airflow/example_dags/example_short_circuit_operator.py took 0.099 seconds
[2026-03-29T12:22:54.701+0500] {processor.py:161} INFO - Started process (PID=3190) to work on /home/abayturar/airflow-project/venv/lib/python3.12/site-packages/airflow/example_dags/example_short_circuit_operator.py
[2026-03-29T12:22:54.702+0500] {processor.py:830} INFO - Processing file /home/abayturar/airflow-project/venv/lib/python3.12/site-packages/airflow/example_dags/example_short_circuit_operator.py for tasks to queue
[2026-03-29T12:22:54.704+0500] {logging_mixin.py:188} INFO - [2026-03-29T12:22:54.704+0500] {dagbag.py:545} INFO - Filling up the DagBag from /home/abayturar/airflow-project/venv/lib/python3.12/site-packages/airflow/example_dags/example_short_circuit_operator.py
[2026-03-29T12:22:54.712+0500] {processor.py:840} INFO - DAG(s) 'example_short_circuit_operator' retrieved from /home/abayturar/airflow-project/venv/lib/python3.12/site-packages/airflow/example_dags/example_short_circuit_operator.py
[2026-03-29T12:22:54.729+0500] {logging_mixin.py:188} INFO - [2026-03-29T12:22:54.729+0500] {dag.py:3089} INFO - Sync 1 DAGs
[2026-03-29T12:22:54.744+0500] {logging_mixin.py:188} INFO - [2026-03-29T12:22:54.744+0500] {dag.py:3947} INFO - Setting next_dagrun for example_short_circuit_operator to 2026-03-28 00:00:00+00:00, run_after=2026-03-29 00:00:00+00:00
[2026-03-29T12:22:54.799+0500] {processor.py:183} INFO - Processing /home/abayturar/airflow-project/venv/lib/python3.12/site-packages/airflow/example_dags/example_short_circuit_operator.py took 0.105 seconds
[2026-03-29T12:23:47.817+0500] {processor.py:161} INFO - Started process (PID=3378) to work on /home/abayturar/airflow-project/venv/lib/python3.12/site-packages/airflow/example_dags/example_short_circuit_operator.py
[2026-03-29T12:23:47.818+0500] {processor.py:830} INFO - Processing file /home/abayturar/airflow-project/venv/lib/python3.12/site-packages/airflow/example_dags/example_short_circuit_operator.py for tasks to queue
[2026-03-29T12:23:47.820+0500] {logging_mixin.py:188} INFO - [2026-03-29T12:23:47.820+0500] {dagbag.py:545} INFO - Filling up the DagBag from /home/abayturar/airflow-project/venv/lib/python3.12/site-packages/airflow/example_dags/example_short_circuit_operator.py
[2026-03-29T12:23:47.830+0500] {processor.py:840} INFO - DAG(s) 'example_short_circuit_operator' retrieved from /home/abayturar/airflow-project/venv/lib/python3.12/site-packages/airflow/example_dags/example_short_circuit_operator.py
[2026-03-29T12:23:47.851+0500] {logging_mixin.py:188} INFO - [2026-03-29T12:23:47.851+0500] {dag.py:3089} INFO - Sync 1 DAGs
[2026-03-29T12:23:47.866+0500] {logging_mixin.py:188} INFO - [2026-03-29T12:23:47.866+0500] {dag.py:3947} INFO - Setting next_dagrun for example_short_circuit_operator to 2026-03-28 00:00:00+00:00, run_after=2026-03-29 00:00:00+00:00
[2026-03-29T12:23:47.921+0500] {processor.py:183} INFO - Processing /home/abayturar/airflow-project/venv/lib/python3.12/site-packages/airflow/example_dags/example_short_circuit_operator.py took 0.117 seconds
[2026-03-29T12:24:40.344+0500] {processor.py:161} INFO - Started process (PID=3550) to work on /home/abayturar/airflow-project/venv/lib/python3.12/site-packages/airflow/example_dags/example_short_circuit_operator.py
[2026-03-29T12:24:40.345+0500] {processor.py:830} INFO - Processing file /home/abayturar/airflow-project/venv/lib/python3.12/site-packages/airflow/example_dags/example_short_circuit_operator.py for tasks to queue
[2026-03-29T12:24:40.346+0500] {logging_mixin.py:188} INFO - [2026-03-29T12:24:40.346+0500] {dagbag.py:545} INFO - Filling up the DagBag from /home/abayturar/airflow-project/venv/lib/python3.12/site-packages/airflow/example_dags/example_short_circuit_operator.py
[2026-03-29T12:24:40.353+0500] {processor.py:840} INFO - DAG(s) 'example_short_circuit_operator' retrieved from /home/abayturar/airflow-project/venv/lib/python3.12/site-packages/airflow/example_dags/example_short_circuit_operator.py
[2026-03-29T12:24:40.369+0500] {logging_mixin.py:188} INFO - [2026-03-29T12:24:40.369+0500] {dag.py:3089} INFO - Sync 1 DAGs
[2026-03-29T12:24:40.386+0500] {logging_mixin.py:188} INFO - [2026-03-29T12:24:40.386+0500] {dag.py:3947} INFO - Setting next_dagrun for example_short_circuit_operator to 2026-03-28 00:00:00+00:00, run_after=2026-03-29 00:00:00+00:00
[2026-03-29T12:24:40.441+0500] {processor.py:183} INFO - Processing /home/abayturar/airflow-project/venv/lib/python3.12/site-packages/airflow/example_dags/example_short_circuit_operator.py took 0.103 seconds
[2026-03-29T12:25:34.345+0500] {processor.py:161} INFO - Started process (PID=3689) to work on /home/abayturar/airflow-project/venv/lib/python3.12/site-packages/airflow/example_dags/example_short_circuit_operator.py
[2026-03-29T12:25:34.345+0500] {processor.py:830} INFO - Processing file /home/abayturar/airflow-project/venv/lib/python3.12/site-packages/airflow/example_dags/example_short_circuit_operator.py for tasks to queue
[2026-03-29T12:25:34.348+0500] {logging_mixin.py:188} INFO - [2026-03-29T12:25:34.347+0500] {dagbag.py:545} INFO - Filling up the DagBag from /home/abayturar/airflow-project/venv/lib/python3.12/site-packages/airflow/example_dags/example_short_circuit_operator.py
[2026-03-29T12:25:34.358+0500] {processor.py:840} INFO - DAG(s) 'example_short_circuit_operator' retrieved from /home/abayturar/airflow-project/venv/lib/python3.12/site-packages/airflow/example_dags/example_short_circuit_operator.py
[2026-03-29T12:25:34.379+0500] {logging_mixin.py:188} INFO - [2026-03-29T12:25:34.379+0500] {dag.py:3089} INFO - Sync 1 DAGs
[2026-03-29T12:25:34.399+0500] {logging_mixin.py:188} INFO - [2026-03-29T12:25:34.399+0500] {dag.py:3947} INFO - Setting next_dagrun for example_short_circuit_operator to 2026-03-28 00:00:00+00:00, run_after=2026-03-29 00:00:00+00:00
[2026-03-29T12:25:34.457+0500] {processor.py:183} INFO - Processing /home/abayturar/airflow-project/venv/lib/python3.12/site-packages/airflow/example_dags/example_short_circuit_operator.py took 0.119 seconds
[2026-03-29T12:26:24.131+0500] {processor.py:161} INFO - Started process (PID=4007) to work on /home/abayturar/airflow-project/venv/lib/python3.12/site-packages/airflow/example_dags/example_short_circuit_operator.py
[2026-03-29T12:26:24.132+0500] {processor.py:830} INFO - Processing file /home/abayturar/airflow-project/venv/lib/python3.12/site-packages/airflow/example_dags/example_short_circuit_operator.py for tasks to queue
[2026-03-29T12:26:24.133+0500] {logging_mixin.py:188} INFO - [2026-03-29T12:26:24.133+0500] {dagbag.py:545} INFO - Filling up the DagBag from /home/abayturar/airflow-project/venv/lib/python3.12/site-packages/airflow/example_dags/example_short_circuit_operator.py
[2026-03-29T12:26:24.143+0500] {processor.py:840} INFO - DAG(s) 'example_short_circuit_operator' retrieved from /home/abayturar/airflow-project/venv/lib/python3.12/site-packages/airflow/example_dags/example_short_circuit_operator.py
[2026-03-29T12:26:24.163+0500] {logging_mixin.py:188} INFO - [2026-03-29T12:26:24.163+0500] {dag.py:3089} INFO - Sync 1 DAGs
[2026-03-29T12:26:24.178+0500] {logging_mixin.py:188} INFO - [2026-03-29T12:26:24.178+0500] {dag.py:3947} INFO - Setting next_dagrun for example_short_circuit_operator to 2026-03-28 00:00:00+00:00, run_after=2026-03-29 00:00:00+00:00
[2026-03-29T12:26:24.194+0500] {processor.py:183} INFO - Processing /home/abayturar/airflow-project/venv/lib/python3.12/site-packages/airflow/example_dags/example_short_circuit_operator.py took 0.071 seconds
[2026-03-29T12:27:13.637+0500] {processor.py:161} INFO - Started process (PID=4216) to work on /home/abayturar/airflow-project/venv/lib/python3.12/site-packages/airflow/example_dags/example_short_circuit_operator.py
[2026-03-29T12:27:13.637+0500] {processor.py:830} INFO - Processing file /home/abayturar/airflow-project/venv/lib/python3.12/site-packages/airflow/example_dags/example_short_circuit_operator.py for tasks to queue
[2026-03-29T12:27:13.639+0500] {logging_mixin.py:188} INFO - [2026-03-29T12:27:13.639+0500] {dagbag.py:545} INFO - Filling up the DagBag from /home/abayturar/airflow-project/venv/lib/python3.12/site-packages/airflow/example_dags/example_short_circuit_operator.py
[2026-03-29T12:27:13.646+0500] {processor.py:840} INFO - DAG(s) 'example_short_circuit_operator' retrieved from /home/abayturar/airflow-project/venv/lib/python3.12/site-packages/airflow/example_dags/example_short_circuit_operator.py
[2026-03-29T12:27:13.663+0500] {logging_mixin.py:188} INFO - [2026-03-29T12:27:13.663+0500] {dag.py:3089} INFO - Sync 1 DAGs
[2026-03-29T12:27:13.677+0500] {logging_mixin.py:188} INFO - [2026-03-29T12:27:13.677+0500] {dag.py:3947} INFO - Setting next_dagrun for example_short_circuit_operator to 2026-03-28 00:00:00+00:00, run_after=2026-03-29 00:00:00+00:00
[2026-03-29T12:27:13.692+0500] {processor.py:183} INFO - Processing /home/abayturar/airflow-project/venv/lib/python3.12/site-packages/airflow/example_dags/example_short_circuit_operator.py took 0.062 seconds
[2026-03-29T12:28:03.086+0500] {processor.py:161} INFO - Started process (PID=4466) to work on /home/abayturar/airflow-project/venv/lib/python3.12/site-packages/airflow/example_dags/example_short_circuit_operator.py
[2026-03-29T12:28:03.087+0500] {processor.py:830} INFO - Processing file /home/abayturar/airflow-project/venv/lib/python3.12/site-packages/airflow/example_dags/example_short_circuit_operator.py for tasks to queue
[2026-03-29T12:28:03.089+0500] {logging_mixin.py:188} INFO - [2026-03-29T12:28:03.088+0500] {dagbag.py:545} INFO - Filling up the DagBag from /home/abayturar/airflow-project/venv/lib/python3.12/site-packages/airflow/example_dags/example_short_circuit_operator.py
[2026-03-29T12:28:03.096+0500] {processor.py:840} INFO - DAG(s) 'example_short_circuit_operator' retrieved from /home/abayturar/airflow-project/venv/lib/python3.12/site-packages/airflow/example_dags/example_short_circuit_operator.py
[2026-03-29T12:28:03.115+0500] {logging_mixin.py:188} INFO - [2026-03-29T12:28:03.115+0500] {dag.py:3089} INFO - Sync 1 DAGs
[2026-03-29T12:28:03.130+0500] {logging_mixin.py:188} INFO - [2026-03-29T12:28:03.130+0500] {dag.py:3947} INFO - Setting next_dagrun for example_short_circuit_operator to 2026-03-28 00:00:00+00:00, run_after=2026-03-29 00:00:00+00:00
[2026-03-29T12:28:03.147+0500] {processor.py:183} INFO - Processing /home/abayturar/airflow-project/venv/lib/python3.12/site-packages/airflow/example_dags/example_short_circuit_operator.py took 0.067 seconds
[2026-03-29T12:28:49.406+0500] {processor.py:161} INFO - Started process (PID=4589) to work on /home/abayturar/airflow-project/venv/lib/python3.12/site-packages/airflow/example_dags/example_short_circuit_operator.py
[2026-03-29T12:28:49.407+0500] {processor.py:830} INFO - Processing file /home/abayturar/airflow-project/venv/lib/python3.12/site-packages/airflow/example_dags/example_short_circuit_operator.py for tasks to queue
[2026-03-29T12:28:49.408+0500] {logging_mixin.py:188} INFO - [2026-03-29T12:28:49.408+0500] {dagbag.py:545} INFO - Filling up the DagBag from /home/abayturar/airflow-project/venv/lib/python3.12/site-packages/airflow/example_dags/example_short_circuit_operator.py
[2026-03-29T12:28:49.417+0500] {processor.py:840} INFO - DAG(s) 'example_short_circuit_operator' retrieved from /home/abayturar/airflow-project/venv/lib/python3.12/site-packages/airflow/example_dags/example_short_circuit_operator.py
[2026-03-29T12:28:49.436+0500] {logging_mixin.py:188} INFO - [2026-03-29T12:28:49.435+0500] {dag.py:3089} INFO - Sync 1 DAGs
[2026-03-29T12:28:49.452+0500] {logging_mixin.py:188} INFO - [2026-03-29T12:28:49.452+0500] {dag.py:3947} INFO - Setting next_dagrun for example_short_circuit_operator to 2026-03-28 00:00:00+00:00, run_after=2026-03-29 00:00:00+00:00
[2026-03-29T12:28:49.471+0500] {processor.py:183} INFO - Processing /home/abayturar/airflow-project/venv/lib/python3.12/site-packages/airflow/example_dags/example_short_circuit_operator.py took 0.072 seconds
[2026-03-29T12:29:38.677+0500] {processor.py:161} INFO - Started process (PID=4734) to work on /home/abayturar/airflow-project/venv/lib/python3.12/site-packages/airflow/example_dags/example_short_circuit_operator.py
[2026-03-29T12:29:38.678+0500] {processor.py:830} INFO - Processing file /home/abayturar/airflow-project/venv/lib/python3.12/site-packages/airflow/example_dags/example_short_circuit_operator.py for tasks to queue
[2026-03-29T12:29:38.680+0500] {logging_mixin.py:188} INFO - [2026-03-29T12:29:38.679+0500] {dagbag.py:545} INFO - Filling up the DagBag from /home/abayturar/airflow-project/venv/lib/python3.12/site-packages/airflow/example_dags/example_short_circuit_operator.py
[2026-03-29T12:29:38.688+0500] {processor.py:840} INFO - DAG(s) 'example_short_circuit_operator' retrieved from /home/abayturar/airflow-project/venv/lib/python3.12/site-packages/airflow/example_dags/example_short_circuit_operator.py
[2026-03-29T12:29:38.706+0500] {logging_mixin.py:188} INFO - [2026-03-29T12:29:38.706+0500] {dag.py:3089} INFO - Sync 1 DAGs
[2026-03-29T12:29:38.721+0500] {logging_mixin.py:188} INFO - [2026-03-29T12:29:38.721+0500] {dag.py:3947} INFO - Setting next_dagrun for example_short_circuit_operator to 2026-03-28 00:00:00+00:00, run_after=2026-03-29 00:00:00+00:00
[2026-03-29T12:29:38.741+0500] {processor.py:183} INFO - Processing /home/abayturar/airflow-project/venv/lib/python3.12/site-packages/airflow/example_dags/example_short_circuit_operator.py took 0.071 seconds
[2026-03-29T12:30:29.223+0500] {processor.py:161} INFO - Started process (PID=5023) to work on /home/abayturar/airflow-project/venv/lib/python3.12/site-packages/airflow/example_dags/example_short_circuit_operator.py
[2026-03-29T12:30:29.224+0500] {processor.py:830} INFO - Processing file /home/abayturar/airflow-project/venv/lib/python3.12/site-packages/airflow/example_dags/example_short_circuit_operator.py for tasks to queue
[2026-03-29T12:30:29.226+0500] {logging_mixin.py:188} INFO - [2026-03-29T12:30:29.226+0500] {dagbag.py:545} INFO - Filling up the DagBag from /home/abayturar/airflow-project/venv/lib/python3.12/site-packages/airflow/example_dags/example_short_circuit_operator.py
[2026-03-29T12:30:29.234+0500] {processor.py:840} INFO - DAG(s) 'example_short_circuit_operator' retrieved from /home/abayturar/airflow-project/venv/lib/python3.12/site-packages/airflow/example_dags/example_short_circuit_operator.py
[2026-03-29T12:30:29.252+0500] {logging_mixin.py:188} INFO - [2026-03-29T12:30:29.252+0500] {dag.py:3089} INFO - Sync 1 DAGs
[2026-03-29T12:30:29.267+0500] {logging_mixin.py:188} INFO - [2026-03-29T12:30:29.266+0500] {dag.py:3947} INFO - Setting next_dagrun for example_short_circuit_operator to 2026-03-28 00:00:00+00:00, run_after=2026-03-29 00:00:00+00:00
[2026-03-29T12:30:29.324+0500] {processor.py:183} INFO - Processing /home/abayturar/airflow-project/venv/lib/python3.12/site-packages/airflow/example_dags/example_short_circuit_operator.py took 0.107 seconds
[2026-03-29T12:31:18.698+0500] {processor.py:161} INFO - Started process (PID=5277) to work on /home/abayturar/airflow-project/venv/lib/python3.12/site-packages/airflow/example_dags/example_short_circuit_operator.py
[2026-03-29T12:31:18.699+0500] {processor.py:830} INFO - Processing file /home/abayturar/airflow-project/venv/lib/python3.12/site-packages/airflow/example_dags/example_short_circuit_operator.py for tasks to queue
[2026-03-29T12:31:18.701+0500] {logging_mixin.py:188} INFO - [2026-03-29T12:31:18.700+0500] {dagbag.py:545} INFO - Filling up the DagBag from /home/abayturar/airflow-project/venv/lib/python3.12/site-packages/airflow/example_dags/example_short_circuit_operator.py
[2026-03-29T12:31:18.708+0500] {processor.py:840} INFO - DAG(s) 'example_short_circuit_operator' retrieved from /home/abayturar/airflow-project/venv/lib/python3.12/site-packages/airflow/example_dags/example_short_circuit_operator.py
[2026-03-29T12:31:18.725+0500] {logging_mixin.py:188} INFO - [2026-03-29T12:31:18.725+0500] {dag.py:3089} INFO - Sync 1 DAGs
[2026-03-29T12:31:18.739+0500] {logging_mixin.py:188} INFO - [2026-03-29T12:31:18.739+0500] {dag.py:3947} INFO - Setting next_dagrun for example_short_circuit_operator to 2026-03-28 00:00:00+00:00, run_after=2026-03-29 00:00:00+00:00
[2026-03-29T12:31:18.756+0500] {processor.py:183} INFO - Processing /home/abayturar/airflow-project/venv/lib/python3.12/site-packages/airflow/example_dags/example_short_circuit_operator.py took 0.064 seconds
[2026-03-29T12:32:06.845+0500] {processor.py:161} INFO - Started process (PID=5730) to work on /home/abayturar/airflow-project/venv/lib/python3.12/site-packages/airflow/example_dags/example_short_circuit_operator.py
[2026-03-29T12:32:06.846+0500] {processor.py:830} INFO - Processing file /home/abayturar/airflow-project/venv/lib/python3.12/site-packages/airflow/example_dags/example_short_circuit_operator.py for tasks to queue
[2026-03-29T12:32:06.849+0500] {logging_mixin.py:188} INFO - [2026-03-29T12:32:06.848+0500] {dagbag.py:545} INFO - Filling up the DagBag from /home/abayturar/airflow-project/venv/lib/python3.12/site-packages/airflow/example_dags/example_short_circuit_operator.py
[2026-03-29T12:32:06.865+0500] {processor.py:840} INFO - DAG(s) 'example_short_circuit_operator' retrieved from /home/abayturar/airflow-project/venv/lib/python3.12/site-packages/airflow/example_dags/example_short_circuit_operator.py
[2026-03-29T12:32:06.906+0500] {logging_mixin.py:188} INFO - [2026-03-29T12:32:06.905+0500] {dag.py:3089} INFO - Sync 1 DAGs
[2026-03-29T12:32:06.936+0500] {logging_mixin.py:188} INFO - [2026-03-29T12:32:06.936+0500] {dag.py:3947} INFO - Setting next_dagrun for example_short_circuit_operator to 2026-03-28 00:00:00+00:00, run_after=2026-03-29 00:00:00+00:00
[2026-03-29T12:32:06.996+0500] {processor.py:183} INFO - Processing /home/abayturar/airflow-project/venv/lib/python3.12/site-packages/airflow/example_dags/example_short_circuit_operator.py took 0.174 seconds
[2026-03-29T12:32:53.260+0500] {processor.py:161} INFO - Started process (PID=6082) to work on /home/abayturar/airflow-project/venv/lib/python3.12/site-packages/airflow/example_dags/example_short_circuit_operator.py
[2026-03-29T12:32:53.264+0500] {processor.py:830} INFO - Processing file /home/abayturar/airflow-project/venv/lib/python3.12/site-packages/airflow/example_dags/example_short_circuit_operator.py for tasks to queue
[2026-03-29T12:32:53.266+0500] {logging_mixin.py:188} INFO - [2026-03-29T12:32:53.266+0500] {dagbag.py:545} INFO - Filling up the DagBag from /home/abayturar/airflow-project/venv/lib/python3.12/site-packages/airflow/example_dags/example_short_circuit_operator.py
[2026-03-29T12:32:53.292+0500] {processor.py:840} INFO - DAG(s) 'example_short_circuit_operator' retrieved from /home/abayturar/airflow-project/venv/lib/python3.12/site-packages/airflow/example_dags/example_short_circuit_operator.py
[2026-03-29T12:32:53.323+0500] {logging_mixin.py:188} INFO - [2026-03-29T12:32:53.323+0500] {dag.py:3089} INFO - Sync 1 DAGs
[2026-03-29T12:32:53.360+0500] {logging_mixin.py:188} INFO - [2026-03-29T12:32:53.360+0500] {dag.py:3947} INFO - Setting next_dagrun for example_short_circuit_operator to 2026-03-28 00:00:00+00:00, run_after=2026-03-29 00:00:00+00:00
[2026-03-29T12:32:53.437+0500] {processor.py:183} INFO - Processing /home/abayturar/airflow-project/venv/lib/python3.12/site-packages/airflow/example_dags/example_short_circuit_operator.py took 0.187 seconds
[2026-03-29T12:33:41.520+0500] {processor.py:161} INFO - Started process (PID=6211) to work on /home/abayturar/airflow-project/venv/lib/python3.12/site-packages/airflow/example_dags/example_short_circuit_operator.py
[2026-03-29T12:33:41.521+0500] {processor.py:830} INFO - Processing file /home/abayturar/airflow-project/venv/lib/python3.12/site-packages/airflow/example_dags/example_short_circuit_operator.py for tasks to queue
[2026-03-29T12:33:41.523+0500] {logging_mixin.py:188} INFO - [2026-03-29T12:33:41.522+0500] {dagbag.py:545} INFO - Filling up the DagBag from /home/abayturar/airflow-project/venv/lib/python3.12/site-packages/airflow/example_dags/example_short_circuit_operator.py
[2026-03-29T12:33:41.530+0500] {processor.py:840} INFO - DAG(s) 'example_short_circuit_operator' retrieved from /home/abayturar/airflow-project/venv/lib/python3.12/site-packages/airflow/example_dags/example_short_circuit_operator.py
[2026-03-29T12:33:41.549+0500] {logging_mixin.py:188} INFO - [2026-03-29T12:33:41.548+0500] {dag.py:3089} INFO - Sync 1 DAGs
[2026-03-29T12:33:41.563+0500] {logging_mixin.py:188} INFO - [2026-03-29T12:33:41.563+0500] {dag.py:3947} INFO - Setting next_dagrun for example_short_circuit_operator to 2026-03-28 00:00:00+00:00, run_after=2026-03-29 00:00:00+00:00
[2026-03-29T12:33:41.618+0500] {processor.py:183} INFO - Processing /home/abayturar/airflow-project/venv/lib/python3.12/site-packages/airflow/example_dags/example_short_circuit_operator.py took 0.104 seconds
[2026-03-29T12:34:30.826+0500] {processor.py:161} INFO - Started process (PID=6350) to work on /home/abayturar/airflow-project/venv/lib/python3.12/site-packages/airflow/example_dags/example_short_circuit_operator.py
[2026-03-29T12:34:30.827+0500] {processor.py:830} INFO - Processing file /home/abayturar/airflow-project/venv/lib/python3.12/site-packages/airflow/example_dags/example_short_circuit_operator.py for tasks to queue
[2026-03-29T12:34:30.829+0500] {logging_mixin.py:188} INFO - [2026-03-29T12:34:30.829+0500] {dagbag.py:545} INFO - Filling up the DagBag from /home/abayturar/airflow-project/venv/lib/python3.12/site-packages/airflow/example_dags/example_short_circuit_operator.py
[2026-03-29T12:34:30.838+0500] {processor.py:840} INFO - DAG(s) 'example_short_circuit_operator' retrieved from /home/abayturar/airflow-project/venv/lib/python3.12/site-packages/airflow/example_dags/example_short_circuit_operator.py
[2026-03-29T12:34:30.858+0500] {logging_mixin.py:188} INFO - [2026-03-29T12:34:30.858+0500] {dag.py:3089} INFO - Sync 1 DAGs
[2026-03-29T12:34:30.875+0500] {logging_mixin.py:188} INFO - [2026-03-29T12:34:30.874+0500] {dag.py:3947} INFO - Setting next_dagrun for example_short_circuit_operator to 2026-03-28 00:00:00+00:00, run_after=2026-03-29 00:00:00+00:00
[2026-03-29T12:34:30.933+0500] {processor.py:183} INFO - Processing /home/abayturar/airflow-project/venv/lib/python3.12/site-packages/airflow/example_dags/example_short_circuit_operator.py took 0.114 seconds
[2026-03-29T12:35:20.421+0500] {processor.py:161} INFO - Started process (PID=6480) to work on /home/abayturar/airflow-project/venv/lib/python3.12/site-packages/airflow/example_dags/example_short_circuit_operator.py
[2026-03-29T12:35:20.421+0500] {processor.py:830} INFO - Processing file /home/abayturar/airflow-project/venv/lib/python3.12/site-packages/airflow/example_dags/example_short_circuit_operator.py for tasks to queue
[2026-03-29T12:35:20.423+0500] {logging_mixin.py:188} INFO - [2026-03-29T12:35:20.423+0500] {dagbag.py:545} INFO - Filling up the DagBag from /home/abayturar/airflow-project/venv/lib/python3.12/site-packages/airflow/example_dags/example_short_circuit_operator.py
[2026-03-29T12:35:20.430+0500] {processor.py:840} INFO - DAG(s) 'example_short_circuit_operator' retrieved from /home/abayturar/airflow-project/venv/lib/python3.12/site-packages/airflow/example_dags/example_short_circuit_operator.py
[2026-03-29T12:35:20.446+0500] {logging_mixin.py:188} INFO - [2026-03-29T12:35:20.446+0500] {dag.py:3089} INFO - Sync 1 DAGs
[2026-03-29T12:35:20.461+0500] {logging_mixin.py:188} INFO - [2026-03-29T12:35:20.460+0500] {dag.py:3947} INFO - Setting next_dagrun for example_short_circuit_operator to 2026-03-28 00:00:00+00:00, run_after=2026-03-29 00:00:00+00:00
[2026-03-29T12:35:20.519+0500] {processor.py:183} INFO - Processing /home/abayturar/airflow-project/venv/lib/python3.12/site-packages/airflow/example_dags/example_short_circuit_operator.py took 0.105 seconds
[2026-03-29T12:36:10.089+0500] {processor.py:161} INFO - Started process (PID=6614) to work on /home/abayturar/airflow-project/venv/lib/python3.12/site-packages/airflow/example_dags/example_short_circuit_operator.py
[2026-03-29T12:36:10.090+0500] {processor.py:830} INFO - Processing file /home/abayturar/airflow-project/venv/lib/python3.12/site-packages/airflow/example_dags/example_short_circuit_operator.py for tasks to queue
[2026-03-29T12:36:10.092+0500] {logging_mixin.py:188} INFO - [2026-03-29T12:36:10.091+0500] {dagbag.py:545} INFO - Filling up the DagBag from /home/abayturar/airflow-project/venv/lib/python3.12/site-packages/airflow/example_dags/example_short_circuit_operator.py
[2026-03-29T12:36:10.100+0500] {processor.py:840} INFO - DAG(s) 'example_short_circuit_operator' retrieved from /home/abayturar/airflow-project/venv/lib/python3.12/site-packages/airflow/example_dags/example_short_circuit_operator.py
[2026-03-29T12:36:10.121+0500] {logging_mixin.py:188} INFO - [2026-03-29T12:36:10.121+0500] {dag.py:3089} INFO - Sync 1 DAGs
[2026-03-29T12:36:10.136+0500] {logging_mixin.py:188} INFO - [2026-03-29T12:36:10.136+0500] {dag.py:3947} INFO - Setting next_dagrun for example_short_circuit_operator to 2026-03-28 00:00:00+00:00, run_after=2026-03-29 00:00:00+00:00
[2026-03-29T12:36:10.194+0500] {processor.py:183} INFO - Processing /home/abayturar/airflow-project/venv/lib/python3.12/site-packages/airflow/example_dags/example_short_circuit_operator.py took 0.113 seconds
[2026-03-29T12:36:59.532+0500] {processor.py:161} INFO - Started process (PID=6744) to work on /home/abayturar/airflow-project/venv/lib/python3.12/site-packages/airflow/example_dags/example_short_circuit_operator.py
[2026-03-29T12:36:59.532+0500] {processor.py:830} INFO - Processing file /home/abayturar/airflow-project/venv/lib/python3.12/site-packages/airflow/example_dags/example_short_circuit_operator.py for tasks to queue
[2026-03-29T12:36:59.534+0500] {logging_mixin.py:188} INFO - [2026-03-29T12:36:59.534+0500] {dagbag.py:545} INFO - Filling up the DagBag from /home/abayturar/airflow-project/venv/lib/python3.12/site-packages/airflow/example_dags/example_short_circuit_operator.py
[2026-03-29T12:36:59.541+0500] {processor.py:840} INFO - DAG(s) 'example_short_circuit_operator' retrieved from /home/abayturar/airflow-project/venv/lib/python3.12/site-packages/airflow/example_dags/example_short_circuit_operator.py
[2026-03-29T12:36:59.557+0500] {logging_mixin.py:188} INFO - [2026-03-29T12:36:59.557+0500] {dag.py:3089} INFO - Sync 1 DAGs
[2026-03-29T12:36:59.570+0500] {logging_mixin.py:188} INFO - [2026-03-29T12:36:59.570+0500] {dag.py:3947} INFO - Setting next_dagrun for example_short_circuit_operator to 2026-03-28 00:00:00+00:00, run_after=2026-03-29 00:00:00+00:00
[2026-03-29T12:36:59.623+0500] {processor.py:183} INFO - Processing /home/abayturar/airflow-project/venv/lib/python3.12/site-packages/airflow/example_dags/example_short_circuit_operator.py took 0.097 seconds
[2026-03-29T12:37:48.457+0500] {processor.py:161} INFO - Started process (PID=6871) to work on /home/abayturar/airflow-project/venv/lib/python3.12/site-packages/airflow/example_dags/example_short_circuit_operator.py
[2026-03-29T12:37:48.457+0500] {processor.py:830} INFO - Processing file /home/abayturar/airflow-project/venv/lib/python3.12/site-packages/airflow/example_dags/example_short_circuit_operator.py for tasks to queue
[2026-03-29T12:37:48.459+0500] {logging_mixin.py:188} INFO - [2026-03-29T12:37:48.459+0500] {dagbag.py:545} INFO - Filling up the DagBag from /home/abayturar/airflow-project/venv/lib/python3.12/site-packages/airflow/example_dags/example_short_circuit_operator.py
[2026-03-29T12:37:48.467+0500] {processor.py:840} INFO - DAG(s) 'example_short_circuit_operator' retrieved from /home/abayturar/airflow-project/venv/lib/python3.12/site-packages/airflow/example_dags/example_short_circuit_operator.py
[2026-03-29T12:37:48.486+0500] {logging_mixin.py:188} INFO - [2026-03-29T12:37:48.486+0500] {dag.py:3089} INFO - Sync 1 DAGs
[2026-03-29T12:37:48.500+0500] {logging_mixin.py:188} INFO - [2026-03-29T12:37:48.500+0500] {dag.py:3947} INFO - Setting next_dagrun for example_short_circuit_operator to 2026-03-28 00:00:00+00:00, run_after=2026-03-29 00:00:00+00:00
[2026-03-29T12:37:48.554+0500] {processor.py:183} INFO - Processing /home/abayturar/airflow-project/venv/lib/python3.12/site-packages/airflow/example_dags/example_short_circuit_operator.py took 0.104 seconds
[2026-03-29T12:38:40.411+0500] {processor.py:161} INFO - Started process (PID=7009) to work on /home/abayturar/airflow-project/venv/lib/python3.12/site-packages/airflow/example_dags/example_short_circuit_operator.py
[2026-03-29T12:38:40.412+0500] {processor.py:830} INFO - Processing file /home/abayturar/airflow-project/venv/lib/python3.12/site-packages/airflow/example_dags/example_short_circuit_operator.py for tasks to queue
[2026-03-29T12:38:40.414+0500] {logging_mixin.py:188} INFO - [2026-03-29T12:38:40.414+0500] {dagbag.py:545} INFO - Filling up the DagBag from /home/abayturar/airflow-project/venv/lib/python3.12/site-packages/airflow/example_dags/example_short_circuit_operator.py
[2026-03-29T12:38:40.423+0500] {processor.py:840} INFO - DAG(s) 'example_short_circuit_operator' retrieved from /home/abayturar/airflow-project/venv/lib/python3.12/site-packages/airflow/example_dags/example_short_circuit_operator.py
[2026-03-29T12:38:40.443+0500] {logging_mixin.py:188} INFO - [2026-03-29T12:38:40.443+0500] {dag.py:3089} INFO - Sync 1 DAGs
[2026-03-29T12:38:40.459+0500] {logging_mixin.py:188} INFO - [2026-03-29T12:38:40.459+0500] {dag.py:3947} INFO - Setting next_dagrun for example_short_circuit_operator to 2026-03-28 00:00:00+00:00, run_after=2026-03-29 00:00:00+00:00
[2026-03-29T12:38:40.518+0500] {processor.py:183} INFO - Processing /home/abayturar/airflow-project/venv/lib/python3.12/site-packages/airflow/example_dags/example_short_circuit_operator.py took 0.114 seconds
[2026-03-29T12:39:32.371+0500] {processor.py:161} INFO - Started process (PID=7144) to work on /home/abayturar/airflow-project/venv/lib/python3.12/site-packages/airflow/example_dags/example_short_circuit_operator.py
[2026-03-29T12:39:32.372+0500] {processor.py:830} INFO - Processing file /home/abayturar/airflow-project/venv/lib/python3.12/site-packages/airflow/example_dags/example_short_circuit_operator.py for tasks to queue
[2026-03-29T12:39:32.374+0500] {logging_mixin.py:188} INFO - [2026-03-29T12:39:32.373+0500] {dagbag.py:545} INFO - Filling up the DagBag from /home/abayturar/airflow-project/venv/lib/python3.12/site-packages/airflow/example_dags/example_short_circuit_operator.py
[2026-03-29T12:39:32.381+0500] {processor.py:840} INFO - DAG(s) 'example_short_circuit_operator' retrieved from /home/abayturar/airflow-project/venv/lib/python3.12/site-packages/airflow/example_dags/example_short_circuit_operator.py
[2026-03-29T12:39:32.398+0500] {logging_mixin.py:188} INFO - [2026-03-29T12:39:32.398+0500] {dag.py:3089} INFO - Sync 1 DAGs
[2026-03-29T12:39:32.411+0500] {logging_mixin.py:188} INFO - [2026-03-29T12:39:32.411+0500] {dag.py:3947} INFO - Setting next_dagrun for example_short_circuit_operator to 2026-03-28 00:00:00+00:00, run_after=2026-03-29 00:00:00+00:00
[2026-03-29T12:39:32.465+0500] {processor.py:183} INFO - Processing /home/abayturar/airflow-project/venv/lib/python3.12/site-packages/airflow/example_dags/example_short_circuit_operator.py took 0.100 seconds
[2026-03-29T12:40:22.753+0500] {processor.py:161} INFO - Started process (PID=7303) to work on /home/abayturar/airflow-project/venv/lib/python3.12/site-packages/airflow/example_dags/example_short_circuit_operator.py
[2026-03-29T12:40:22.754+0500] {processor.py:830} INFO - Processing file /home/abayturar/airflow-project/venv/lib/python3.12/site-packages/airflow/example_dags/example_short_circuit_operator.py for tasks to queue
[2026-03-29T12:40:22.755+0500] {logging_mixin.py:188} INFO - [2026-03-29T12:40:22.755+0500] {dagbag.py:545} INFO - Filling up the DagBag from /home/abayturar/airflow-project/venv/lib/python3.12/site-packages/airflow/example_dags/example_short_circuit_operator.py
[2026-03-29T12:40:22.762+0500] {processor.py:840} INFO - DAG(s) 'example_short_circuit_operator' retrieved from /home/abayturar/airflow-project/venv/lib/python3.12/site-packages/airflow/example_dags/example_short_circuit_operator.py
[2026-03-29T12:40:22.780+0500] {logging_mixin.py:188} INFO - [2026-03-29T12:40:22.780+0500] {dag.py:3089} INFO - Sync 1 DAGs
[2026-03-29T12:40:22.795+0500] {logging_mixin.py:188} INFO - [2026-03-29T12:40:22.794+0500] {dag.py:3947} INFO - Setting next_dagrun for example_short_circuit_operator to 2026-03-28 00:00:00+00:00, run_after=2026-03-29 00:00:00+00:00
[2026-03-29T12:40:22.849+0500] {processor.py:183} INFO - Processing /home/abayturar/airflow-project/venv/lib/python3.12/site-packages/airflow/example_dags/example_short_circuit_operator.py took 0.102 seconds
[2026-03-29T12:41:13.678+0500] {processor.py:161} INFO - Started process (PID=7437) to work on /home/abayturar/airflow-project/venv/lib/python3.12/site-packages/airflow/example_dags/example_short_circuit_operator.py
[2026-03-29T12:41:13.679+0500] {processor.py:830} INFO - Processing file /home/abayturar/airflow-project/venv/lib/python3.12/site-packages/airflow/example_dags/example_short_circuit_operator.py for tasks to queue
[2026-03-29T12:41:13.681+0500] {logging_mixin.py:188} INFO - [2026-03-29T12:41:13.681+0500] {dagbag.py:545} INFO - Filling up the DagBag from /home/abayturar/airflow-project/venv/lib/python3.12/site-packages/airflow/example_dags/example_short_circuit_operator.py
[2026-03-29T12:41:13.691+0500] {processor.py:840} INFO - DAG(s) 'example_short_circuit_operator' retrieved from /home/abayturar/airflow-project/venv/lib/python3.12/site-packages/airflow/example_dags/example_short_circuit_operator.py
[2026-03-29T12:41:13.712+0500] {logging_mixin.py:188} INFO - [2026-03-29T12:41:13.712+0500] {dag.py:3089} INFO - Sync 1 DAGs
[2026-03-29T12:41:13.730+0500] {logging_mixin.py:188} INFO - [2026-03-29T12:41:13.729+0500] {dag.py:3947} INFO - Setting next_dagrun for example_short_circuit_operator to 2026-03-28 00:00:00+00:00, run_after=2026-03-29 00:00:00+00:00
[2026-03-29T12:41:13.791+0500] {processor.py:183} INFO - Processing /home/abayturar/airflow-project/venv/lib/python3.12/site-packages/airflow/example_dags/example_short_circuit_operator.py took 0.121 seconds
[2026-03-29T12:42:06.448+0500] {processor.py:161} INFO - Started process (PID=7599) to work on /home/abayturar/airflow-project/venv/lib/python3.12/site-packages/airflow/example_dags/example_short_circuit_operator.py
[2026-03-29T12:42:06.449+0500] {processor.py:830} INFO - Processing file /home/abayturar/airflow-project/venv/lib/python3.12/site-packages/airflow/example_dags/example_short_circuit_operator.py for tasks to queue
[2026-03-29T12:42:06.451+0500] {logging_mixin.py:188} INFO - [2026-03-29T12:42:06.450+0500] {dagbag.py:545} INFO - Filling up the DagBag from /home/abayturar/airflow-project/venv/lib/python3.12/site-packages/airflow/example_dags/example_short_circuit_operator.py
[2026-03-29T12:42:06.458+0500] {processor.py:840} INFO - DAG(s) 'example_short_circuit_operator' retrieved from /home/abayturar/airflow-project/venv/lib/python3.12/site-packages/airflow/example_dags/example_short_circuit_operator.py
[2026-03-29T12:42:06.475+0500] {logging_mixin.py:188} INFO - [2026-03-29T12:42:06.474+0500] {dag.py:3089} INFO - Sync 1 DAGs
[2026-03-29T12:42:06.488+0500] {logging_mixin.py:188} INFO - [2026-03-29T12:42:06.488+0500] {dag.py:3947} INFO - Setting next_dagrun for example_short_circuit_operator to 2026-03-28 00:00:00+00:00, run_after=2026-03-29 00:00:00+00:00
[2026-03-29T12:42:06.543+0500] {processor.py:183} INFO - Processing /home/abayturar/airflow-project/venv/lib/python3.12/site-packages/airflow/example_dags/example_short_circuit_operator.py took 0.101 seconds
[2026-03-29T12:42:58.851+0500] {processor.py:161} INFO - Started process (PID=7735) to work on /home/abayturar/airflow-project/venv/lib/python3.12/site-packages/airflow/example_dags/example_short_circuit_operator.py
[2026-03-29T12:42:58.852+0500] {processor.py:830} INFO - Processing file /home/abayturar/airflow-project/venv/lib/python3.12/site-packages/airflow/example_dags/example_short_circuit_operator.py for tasks to queue
[2026-03-29T12:42:58.854+0500] {logging_mixin.py:188} INFO - [2026-03-29T12:42:58.853+0500] {dagbag.py:545} INFO - Filling up the DagBag from /home/abayturar/airflow-project/venv/lib/python3.12/site-packages/airflow/example_dags/example_short_circuit_operator.py
[2026-03-29T12:42:58.862+0500] {processor.py:840} INFO - DAG(s) 'example_short_circuit_operator' retrieved from /home/abayturar/airflow-project/venv/lib/python3.12/site-packages/airflow/example_dags/example_short_circuit_operator.py
[2026-03-29T12:42:58.881+0500] {logging_mixin.py:188} INFO - [2026-03-29T12:42:58.881+0500] {dag.py:3089} INFO - Sync 1 DAGs
[2026-03-29T12:42:58.895+0500] {logging_mixin.py:188} INFO - [2026-03-29T12:42:58.895+0500] {dag.py:3947} INFO - Setting next_dagrun for example_short_circuit_operator to 2026-03-28 00:00:00+00:00, run_after=2026-03-29 00:00:00+00:00
[2026-03-29T12:42:58.913+0500] {processor.py:183} INFO - Processing /home/abayturar/airflow-project/venv/lib/python3.12/site-packages/airflow/example_dags/example_short_circuit_operator.py took 0.070 seconds
[2026-03-29T12:43:50.265+0500] {processor.py:161} INFO - Started process (PID=7978) to work on /home/abayturar/airflow-project/venv/lib/python3.12/site-packages/airflow/example_dags/example_short_circuit_operator.py
[2026-03-29T12:43:50.266+0500] {processor.py:830} INFO - Processing file /home/abayturar/airflow-project/venv/lib/python3.12/site-packages/airflow/example_dags/example_short_circuit_operator.py for tasks to queue
[2026-03-29T12:43:50.268+0500] {logging_mixin.py:188} INFO - [2026-03-29T12:43:50.268+0500] {dagbag.py:545} INFO - Filling up the DagBag from /home/abayturar/airflow-project/venv/lib/python3.12/site-packages/airflow/example_dags/example_short_circuit_operator.py
[2026-03-29T12:43:50.276+0500] {processor.py:840} INFO - DAG(s) 'example_short_circuit_operator' retrieved from /home/abayturar/airflow-project/venv/lib/python3.12/site-packages/airflow/example_dags/example_short_circuit_operator.py
[2026-03-29T12:43:50.295+0500] {logging_mixin.py:188} INFO - [2026-03-29T12:43:50.295+0500] {dag.py:3089} INFO - Sync 1 DAGs
[2026-03-29T12:43:50.312+0500] {logging_mixin.py:188} INFO - [2026-03-29T12:43:50.312+0500] {dag.py:3947} INFO - Setting next_dagrun for example_short_circuit_operator to 2026-03-28 00:00:00+00:00, run_after=2026-03-29 00:00:00+00:00
[2026-03-29T12:43:50.366+0500] {processor.py:183} INFO - Processing /home/abayturar/airflow-project/venv/lib/python3.12/site-packages/airflow/example_dags/example_short_circuit_operator.py took 0.108 seconds
[2026-03-29T12:44:43.526+0500] {processor.py:161} INFO - Started process (PID=8199) to work on /home/abayturar/airflow-project/venv/lib/python3.12/site-packages/airflow/example_dags/example_short_circuit_operator.py
[2026-03-29T12:44:43.528+0500] {processor.py:830} INFO - Processing file /home/abayturar/airflow-project/venv/lib/python3.12/site-packages/airflow/example_dags/example_short_circuit_operator.py for tasks to queue
[2026-03-29T12:44:43.530+0500] {logging_mixin.py:188} INFO - [2026-03-29T12:44:43.530+0500] {dagbag.py:545} INFO - Filling up the DagBag from /home/abayturar/airflow-project/venv/lib/python3.12/site-packages/airflow/example_dags/example_short_circuit_operator.py
[2026-03-29T12:44:43.538+0500] {processor.py:840} INFO - DAG(s) 'example_short_circuit_operator' retrieved from /home/abayturar/airflow-project/venv/lib/python3.12/site-packages/airflow/example_dags/example_short_circuit_operator.py
[2026-03-29T12:44:43.558+0500] {logging_mixin.py:188} INFO - [2026-03-29T12:44:43.558+0500] {dag.py:3089} INFO - Sync 1 DAGs
[2026-03-29T12:44:43.574+0500] {logging_mixin.py:188} INFO - [2026-03-29T12:44:43.574+0500] {dag.py:3947} INFO - Setting next_dagrun for example_short_circuit_operator to 2026-03-28 00:00:00+00:00, run_after=2026-03-29 00:00:00+00:00
[2026-03-29T12:44:43.632+0500] {processor.py:183} INFO - Processing /home/abayturar/airflow-project/venv/lib/python3.12/site-packages/airflow/example_dags/example_short_circuit_operator.py took 0.113 seconds
[2026-03-29T12:45:36.648+0500] {processor.py:161} INFO - Started process (PID=8670) to work on /home/abayturar/airflow-project/venv/lib/python3.12/site-packages/airflow/example_dags/example_short_circuit_operator.py
[2026-03-29T12:45:36.649+0500] {processor.py:830} INFO - Processing file /home/abayturar/airflow-project/venv/lib/python3.12/site-packages/airflow/example_dags/example_short_circuit_operator.py for tasks to queue
[2026-03-29T12:45:36.650+0500] {logging_mixin.py:188} INFO - [2026-03-29T12:45:36.650+0500] {dagbag.py:545} INFO - Filling up the DagBag from /home/abayturar/airflow-project/venv/lib/python3.12/site-packages/airflow/example_dags/example_short_circuit_operator.py
[2026-03-29T12:45:36.658+0500] {processor.py:840} INFO - DAG(s) 'example_short_circuit_operator' retrieved from /home/abayturar/airflow-project/venv/lib/python3.12/site-packages/airflow/example_dags/example_short_circuit_operator.py
[2026-03-29T12:45:36.674+0500] {logging_mixin.py:188} INFO - [2026-03-29T12:45:36.674+0500] {dag.py:3089} INFO - Sync 1 DAGs
[2026-03-29T12:45:36.687+0500] {logging_mixin.py:188} INFO - [2026-03-29T12:45:36.687+0500] {dag.py:3947} INFO - Setting next_dagrun for example_short_circuit_operator to 2026-03-28 00:00:00+00:00, run_after=2026-03-29 00:00:00+00:00
[2026-03-29T12:45:36.726+0500] {processor.py:183} INFO - Processing /home/abayturar/airflow-project/venv/lib/python3.12/site-packages/airflow/example_dags/example_short_circuit_operator.py took 0.084 seconds
[2026-03-29T12:46:29.587+0500] {processor.py:161} INFO - Started process (PID=8912) to work on /home/abayturar/airflow-project/venv/lib/python3.12/site-packages/airflow/example_dags/example_short_circuit_operator.py
[2026-03-29T12:46:29.588+0500] {processor.py:830} INFO - Processing file /home/abayturar/airflow-project/venv/lib/python3.12/site-packages/airflow/example_dags/example_short_circuit_operator.py for tasks to queue
[2026-03-29T12:46:29.590+0500] {logging_mixin.py:188} INFO - [2026-03-29T12:46:29.589+0500] {dagbag.py:545} INFO - Filling up the DagBag from /home/abayturar/airflow-project/venv/lib/python3.12/site-packages/airflow/example_dags/example_short_circuit_operator.py
[2026-03-29T12:46:29.597+0500] {processor.py:840} INFO - DAG(s) 'example_short_circuit_operator' retrieved from /home/abayturar/airflow-project/venv/lib/python3.12/site-packages/airflow/example_dags/example_short_circuit_operator.py
[2026-03-29T12:46:29.615+0500] {logging_mixin.py:188} INFO - [2026-03-29T12:46:29.615+0500] {dag.py:3089} INFO - Sync 1 DAGs
[2026-03-29T12:46:29.631+0500] {logging_mixin.py:188} INFO - [2026-03-29T12:46:29.630+0500] {dag.py:3947} INFO - Setting next_dagrun for example_short_circuit_operator to 2026-03-28 00:00:00+00:00, run_after=2026-03-29 00:00:00+00:00
[2026-03-29T12:46:29.686+0500] {processor.py:183} INFO - Processing /home/abayturar/airflow-project/venv/lib/python3.12/site-packages/airflow/example_dags/example_short_circuit_operator.py took 0.106 seconds
