[2026-03-29T12:01:31.685+0500] {processor.py:161} INFO - Started process (PID=32257) to work on /home/abayturar/airflow-project/venv/lib/python3.12/site-packages/airflow/example_dags/example_kubernetes_executor.py
[2026-03-29T12:01:31.686+0500] {processor.py:830} INFO - Processing file /home/abayturar/airflow-project/venv/lib/python3.12/site-packages/airflow/example_dags/example_kubernetes_executor.py for tasks to queue
[2026-03-29T12:01:31.687+0500] {logging_mixin.py:188} INFO - [2026-03-29T12:01:31.687+0500] {dagbag.py:545} INFO - Filling up the DagBag from /home/abayturar/airflow-project/venv/lib/python3.12/site-packages/airflow/example_dags/example_kubernetes_executor.py
[2026-03-29T12:01:31.690+0500] {logging_mixin.py:188} INFO - [2026-03-29T12:01:31.690+0500] {example_kubernetes_executor.py:39} WARNING - The example_kubernetes_executor example DAG requires the kubernetes provider. Please install it with: pip install apache-airflow[cncf.kubernetes]
[2026-03-29T12:01:31.690+0500] {processor.py:842} WARNING - No viable dags retrieved from /home/abayturar/airflow-project/venv/lib/python3.12/site-packages/airflow/example_dags/example_kubernetes_executor.py
[2026-03-29T12:01:31.702+0500] {processor.py:183} INFO - Processing /home/abayturar/airflow-project/venv/lib/python3.12/site-packages/airflow/example_dags/example_kubernetes_executor.py took 0.022 seconds
[2026-03-29T12:02:30.304+0500] {processor.py:161} INFO - Started process (PID=32567) to work on /home/abayturar/airflow-project/venv/lib/python3.12/site-packages/airflow/example_dags/example_kubernetes_executor.py
[2026-03-29T12:02:30.305+0500] {processor.py:830} INFO - Processing file /home/abayturar/airflow-project/venv/lib/python3.12/site-packages/airflow/example_dags/example_kubernetes_executor.py for tasks to queue
[2026-03-29T12:02:30.307+0500] {logging_mixin.py:188} INFO - [2026-03-29T12:02:30.307+0500] {dagbag.py:545} INFO - Filling up the DagBag from /home/abayturar/airflow-project/venv/lib/python3.12/site-packages/airflow/example_dags/example_kubernetes_executor.py
[2026-03-29T12:02:30.310+0500] {logging_mixin.py:188} INFO - [2026-03-29T12:02:30.310+0500] {example_kubernetes_executor.py:39} WARNING - The example_kubernetes_executor example DAG requires the kubernetes provider. Please install it with: pip install apache-airflow[cncf.kubernetes]
[2026-03-29T12:02:30.310+0500] {processor.py:842} WARNING - No viable dags retrieved from /home/abayturar/airflow-project/venv/lib/python3.12/site-packages/airflow/example_dags/example_kubernetes_executor.py
[2026-03-29T12:02:30.321+0500] {processor.py:183} INFO - Processing /home/abayturar/airflow-project/venv/lib/python3.12/site-packages/airflow/example_dags/example_kubernetes_executor.py took 0.022 seconds
[2026-03-29T12:06:00.217+0500] {processor.py:161} INFO - Started process (PID=37) to work on /home/abayturar/airflow-project/venv/lib/python3.12/site-packages/airflow/example_dags/example_kubernetes_executor.py
[2026-03-29T12:06:00.218+0500] {processor.py:830} INFO - Processing file /home/abayturar/airflow-project/venv/lib/python3.12/site-packages/airflow/example_dags/example_kubernetes_executor.py for tasks to queue
[2026-03-29T12:06:00.220+0500] {logging_mixin.py:188} INFO - [2026-03-29T12:06:00.219+0500] {dagbag.py:545} INFO - Filling up the DagBag from /home/abayturar/airflow-project/venv/lib/python3.12/site-packages/airflow/example_dags/example_kubernetes_executor.py
[2026-03-29T12:06:00.223+0500] {logging_mixin.py:188} INFO - [2026-03-29T12:06:00.223+0500] {example_kubernetes_executor.py:39} WARNING - The example_kubernetes_executor example DAG requires the kubernetes provider. Please install it with: pip install apache-airflow[cncf.kubernetes]
[2026-03-29T12:06:00.223+0500] {processor.py:842} WARNING - No viable dags retrieved from /home/abayturar/airflow-project/venv/lib/python3.12/site-packages/airflow/example_dags/example_kubernetes_executor.py
[2026-03-29T12:06:00.236+0500] {processor.py:183} INFO - Processing /home/abayturar/airflow-project/venv/lib/python3.12/site-packages/airflow/example_dags/example_kubernetes_executor.py took 0.027 seconds
[2026-03-29T12:06:54.379+0500] {processor.py:161} INFO - Started process (PID=258) to work on /home/abayturar/airflow-project/venv/lib/python3.12/site-packages/airflow/example_dags/example_kubernetes_executor.py
[2026-03-29T12:06:54.380+0500] {processor.py:830} INFO - Processing file /home/abayturar/airflow-project/venv/lib/python3.12/site-packages/airflow/example_dags/example_kubernetes_executor.py for tasks to queue
[2026-03-29T12:06:54.382+0500] {logging_mixin.py:188} INFO - [2026-03-29T12:06:54.382+0500] {dagbag.py:545} INFO - Filling up the DagBag from /home/abayturar/airflow-project/venv/lib/python3.12/site-packages/airflow/example_dags/example_kubernetes_executor.py
[2026-03-29T12:06:54.386+0500] {logging_mixin.py:188} INFO - [2026-03-29T12:06:54.386+0500] {example_kubernetes_executor.py:39} WARNING - The example_kubernetes_executor example DAG requires the kubernetes provider. Please install it with: pip install apache-airflow[cncf.kubernetes]
[2026-03-29T12:06:54.386+0500] {processor.py:842} WARNING - No viable dags retrieved from /home/abayturar/airflow-project/venv/lib/python3.12/site-packages/airflow/example_dags/example_kubernetes_executor.py
[2026-03-29T12:06:54.402+0500] {processor.py:183} INFO - Processing /home/abayturar/airflow-project/venv/lib/python3.12/site-packages/airflow/example_dags/example_kubernetes_executor.py took 0.035 seconds
[2026-03-29T12:08:04.570+0500] {processor.py:161} INFO - Started process (PID=543) to work on /home/abayturar/airflow-project/venv/lib/python3.12/site-packages/airflow/example_dags/example_kubernetes_executor.py
[2026-03-29T12:08:04.571+0500] {processor.py:830} INFO - Processing file /home/abayturar/airflow-project/venv/lib/python3.12/site-packages/airflow/example_dags/example_kubernetes_executor.py for tasks to queue
[2026-03-29T12:08:04.573+0500] {logging_mixin.py:188} INFO - [2026-03-29T12:08:04.572+0500] {dagbag.py:545} INFO - Filling up the DagBag from /home/abayturar/airflow-project/venv/lib/python3.12/site-packages/airflow/example_dags/example_kubernetes_executor.py
[2026-03-29T12:08:04.576+0500] {logging_mixin.py:188} INFO - [2026-03-29T12:08:04.576+0500] {example_kubernetes_executor.py:39} WARNING - The example_kubernetes_executor example DAG requires the kubernetes provider. Please install it with: pip install apache-airflow[cncf.kubernetes]
[2026-03-29T12:08:04.576+0500] {processor.py:842} WARNING - No viable dags retrieved from /home/abayturar/airflow-project/venv/lib/python3.12/site-packages/airflow/example_dags/example_kubernetes_executor.py
[2026-03-29T12:08:04.587+0500] {processor.py:183} INFO - Processing /home/abayturar/airflow-project/venv/lib/python3.12/site-packages/airflow/example_dags/example_kubernetes_executor.py took 0.023 seconds
[2026-03-29T12:08:55.342+0500] {processor.py:161} INFO - Started process (PID=759) to work on /home/abayturar/airflow-project/venv/lib/python3.12/site-packages/airflow/example_dags/example_kubernetes_executor.py
[2026-03-29T12:08:55.343+0500] {processor.py:830} INFO - Processing file /home/abayturar/airflow-project/venv/lib/python3.12/site-packages/airflow/example_dags/example_kubernetes_executor.py for tasks to queue
[2026-03-29T12:08:55.344+0500] {logging_mixin.py:188} INFO - [2026-03-29T12:08:55.344+0500] {dagbag.py:545} INFO - Filling up the DagBag from /home/abayturar/airflow-project/venv/lib/python3.12/site-packages/airflow/example_dags/example_kubernetes_executor.py
[2026-03-29T12:08:55.348+0500] {logging_mixin.py:188} INFO - [2026-03-29T12:08:55.347+0500] {example_kubernetes_executor.py:39} WARNING - The example_kubernetes_executor example DAG requires the kubernetes provider. Please install it with: pip install apache-airflow[cncf.kubernetes]
[2026-03-29T12:08:55.348+0500] {processor.py:842} WARNING - No viable dags retrieved from /home/abayturar/airflow-project/venv/lib/python3.12/site-packages/airflow/example_dags/example_kubernetes_executor.py
[2026-03-29T12:08:55.361+0500] {processor.py:183} INFO - Processing /home/abayturar/airflow-project/venv/lib/python3.12/site-packages/airflow/example_dags/example_kubernetes_executor.py took 0.026 seconds
[2026-03-29T12:09:47.676+0500] {processor.py:161} INFO - Started process (PID=934) to work on /home/abayturar/airflow-project/venv/lib/python3.12/site-packages/airflow/example_dags/example_kubernetes_executor.py
[2026-03-29T12:09:47.677+0500] {processor.py:830} INFO - Processing file /home/abayturar/airflow-project/venv/lib/python3.12/site-packages/airflow/example_dags/example_kubernetes_executor.py for tasks to queue
[2026-03-29T12:09:47.679+0500] {logging_mixin.py:188} INFO - [2026-03-29T12:09:47.679+0500] {dagbag.py:545} INFO - Filling up the DagBag from /home/abayturar/airflow-project/venv/lib/python3.12/site-packages/airflow/example_dags/example_kubernetes_executor.py
[2026-03-29T12:09:47.682+0500] {logging_mixin.py:188} INFO - [2026-03-29T12:09:47.682+0500] {example_kubernetes_executor.py:39} WARNING - The example_kubernetes_executor example DAG requires the kubernetes provider. Please install it with: pip install apache-airflow[cncf.kubernetes]
[2026-03-29T12:09:47.682+0500] {processor.py:842} WARNING - No viable dags retrieved from /home/abayturar/airflow-project/venv/lib/python3.12/site-packages/airflow/example_dags/example_kubernetes_executor.py
[2026-03-29T12:09:47.693+0500] {processor.py:183} INFO - Processing /home/abayturar/airflow-project/venv/lib/python3.12/site-packages/airflow/example_dags/example_kubernetes_executor.py took 0.022 seconds
[2026-03-29T12:10:57.958+0500] {processor.py:161} INFO - Started process (PID=1123) to work on /home/abayturar/airflow-project/venv/lib/python3.12/site-packages/airflow/example_dags/example_kubernetes_executor.py
[2026-03-29T12:10:57.959+0500] {processor.py:830} INFO - Processing file /home/abayturar/airflow-project/venv/lib/python3.12/site-packages/airflow/example_dags/example_kubernetes_executor.py for tasks to queue
[2026-03-29T12:10:57.960+0500] {logging_mixin.py:188} INFO - [2026-03-29T12:10:57.960+0500] {dagbag.py:545} INFO - Filling up the DagBag from /home/abayturar/airflow-project/venv/lib/python3.12/site-packages/airflow/example_dags/example_kubernetes_executor.py
[2026-03-29T12:10:57.963+0500] {logging_mixin.py:188} INFO - [2026-03-29T12:10:57.963+0500] {example_kubernetes_executor.py:39} WARNING - The example_kubernetes_executor example DAG requires the kubernetes provider. Please install it with: pip install apache-airflow[cncf.kubernetes]
[2026-03-29T12:10:57.963+0500] {processor.py:842} WARNING - No viable dags retrieved from /home/abayturar/airflow-project/venv/lib/python3.12/site-packages/airflow/example_dags/example_kubernetes_executor.py
[2026-03-29T12:10:57.975+0500] {processor.py:183} INFO - Processing /home/abayturar/airflow-project/venv/lib/python3.12/site-packages/airflow/example_dags/example_kubernetes_executor.py took 0.023 seconds
[2026-03-29T12:11:46.774+0500] {processor.py:161} INFO - Started process (PID=1254) to work on /home/abayturar/airflow-project/venv/lib/python3.12/site-packages/airflow/example_dags/example_kubernetes_executor.py
[2026-03-29T12:11:46.775+0500] {processor.py:830} INFO - Processing file /home/abayturar/airflow-project/venv/lib/python3.12/site-packages/airflow/example_dags/example_kubernetes_executor.py for tasks to queue
[2026-03-29T12:11:46.777+0500] {logging_mixin.py:188} INFO - [2026-03-29T12:11:46.776+0500] {dagbag.py:545} INFO - Filling up the DagBag from /home/abayturar/airflow-project/venv/lib/python3.12/site-packages/airflow/example_dags/example_kubernetes_executor.py
[2026-03-29T12:11:46.780+0500] {logging_mixin.py:188} INFO - [2026-03-29T12:11:46.780+0500] {example_kubernetes_executor.py:39} WARNING - The example_kubernetes_executor example DAG requires the kubernetes provider. Please install it with: pip install apache-airflow[cncf.kubernetes]
[2026-03-29T12:11:46.780+0500] {processor.py:842} WARNING - No viable dags retrieved from /home/abayturar/airflow-project/venv/lib/python3.12/site-packages/airflow/example_dags/example_kubernetes_executor.py
[2026-03-29T12:11:46.794+0500] {processor.py:183} INFO - Processing /home/abayturar/airflow-project/venv/lib/python3.12/site-packages/airflow/example_dags/example_kubernetes_executor.py took 0.027 seconds
[2026-03-29T12:12:38.634+0500] {processor.py:161} INFO - Started process (PID=1388) to work on /home/abayturar/airflow-project/venv/lib/python3.12/site-packages/airflow/example_dags/example_kubernetes_executor.py
[2026-03-29T12:12:38.635+0500] {processor.py:830} INFO - Processing file /home/abayturar/airflow-project/venv/lib/python3.12/site-packages/airflow/example_dags/example_kubernetes_executor.py for tasks to queue
[2026-03-29T12:12:38.636+0500] {logging_mixin.py:188} INFO - [2026-03-29T12:12:38.636+0500] {dagbag.py:545} INFO - Filling up the DagBag from /home/abayturar/airflow-project/venv/lib/python3.12/site-packages/airflow/example_dags/example_kubernetes_executor.py
[2026-03-29T12:12:38.639+0500] {logging_mixin.py:188} INFO - [2026-03-29T12:12:38.639+0500] {example_kubernetes_executor.py:39} WARNING - The example_kubernetes_executor example DAG requires the kubernetes provider. Please install it with: pip install apache-airflow[cncf.kubernetes]
[2026-03-29T12:12:38.639+0500] {processor.py:842} WARNING - No viable dags retrieved from /home/abayturar/airflow-project/venv/lib/python3.12/site-packages/airflow/example_dags/example_kubernetes_executor.py
[2026-03-29T12:12:38.650+0500] {processor.py:183} INFO - Processing /home/abayturar/airflow-project/venv/lib/python3.12/site-packages/airflow/example_dags/example_kubernetes_executor.py took 0.022 seconds
[2026-03-29T12:13:29.576+0500] {processor.py:161} INFO - Started process (PID=1524) to work on /home/abayturar/airflow-project/venv/lib/python3.12/site-packages/airflow/example_dags/example_kubernetes_executor.py
[2026-03-29T12:13:29.576+0500] {processor.py:830} INFO - Processing file /home/abayturar/airflow-project/venv/lib/python3.12/site-packages/airflow/example_dags/example_kubernetes_executor.py for tasks to queue
[2026-03-29T12:13:29.578+0500] {logging_mixin.py:188} INFO - [2026-03-29T12:13:29.578+0500] {dagbag.py:545} INFO - Filling up the DagBag from /home/abayturar/airflow-project/venv/lib/python3.12/site-packages/airflow/example_dags/example_kubernetes_executor.py
[2026-03-29T12:13:29.581+0500] {logging_mixin.py:188} INFO - [2026-03-29T12:13:29.581+0500] {example_kubernetes_executor.py:39} WARNING - The example_kubernetes_executor example DAG requires the kubernetes provider. Please install it with: pip install apache-airflow[cncf.kubernetes]
[2026-03-29T12:13:29.581+0500] {processor.py:842} WARNING - No viable dags retrieved from /home/abayturar/airflow-project/venv/lib/python3.12/site-packages/airflow/example_dags/example_kubernetes_executor.py
[2026-03-29T12:13:29.592+0500] {processor.py:183} INFO - Processing /home/abayturar/airflow-project/venv/lib/python3.12/site-packages/airflow/example_dags/example_kubernetes_executor.py took 0.022 seconds
[2026-03-29T12:14:19.751+0500] {processor.py:161} INFO - Started process (PID=1654) to work on /home/abayturar/airflow-project/venv/lib/python3.12/site-packages/airflow/example_dags/example_kubernetes_executor.py
[2026-03-29T12:14:19.752+0500] {processor.py:830} INFO - Processing file /home/abayturar/airflow-project/venv/lib/python3.12/site-packages/airflow/example_dags/example_kubernetes_executor.py for tasks to queue
[2026-03-29T12:14:19.753+0500] {logging_mixin.py:188} INFO - [2026-03-29T12:14:19.753+0500] {dagbag.py:545} INFO - Filling up the DagBag from /home/abayturar/airflow-project/venv/lib/python3.12/site-packages/airflow/example_dags/example_kubernetes_executor.py
[2026-03-29T12:14:19.756+0500] {logging_mixin.py:188} INFO - [2026-03-29T12:14:19.756+0500] {example_kubernetes_executor.py:39} WARNING - The example_kubernetes_executor example DAG requires the kubernetes provider. Please install it with: pip install apache-airflow[cncf.kubernetes]
[2026-03-29T12:14:19.756+0500] {processor.py:842} WARNING - No viable dags retrieved from /home/abayturar/airflow-project/venv/lib/python3.12/site-packages/airflow/example_dags/example_kubernetes_executor.py
[2026-03-29T12:14:19.768+0500] {processor.py:183} INFO - Processing /home/abayturar/airflow-project/venv/lib/python3.12/site-packages/airflow/example_dags/example_kubernetes_executor.py took 0.023 seconds
[2026-03-29T12:15:12.333+0500] {processor.py:161} INFO - Started process (PID=1793) to work on /home/abayturar/airflow-project/venv/lib/python3.12/site-packages/airflow/example_dags/example_kubernetes_executor.py
[2026-03-29T12:15:12.334+0500] {processor.py:830} INFO - Processing file /home/abayturar/airflow-project/venv/lib/python3.12/site-packages/airflow/example_dags/example_kubernetes_executor.py for tasks to queue
[2026-03-29T12:15:12.336+0500] {logging_mixin.py:188} INFO - [2026-03-29T12:15:12.335+0500] {dagbag.py:545} INFO - Filling up the DagBag from /home/abayturar/airflow-project/venv/lib/python3.12/site-packages/airflow/example_dags/example_kubernetes_executor.py
[2026-03-29T12:15:12.339+0500] {logging_mixin.py:188} INFO - [2026-03-29T12:15:12.338+0500] {example_kubernetes_executor.py:39} WARNING - The example_kubernetes_executor example DAG requires the kubernetes provider. Please install it with: pip install apache-airflow[cncf.kubernetes]
[2026-03-29T12:15:12.339+0500] {processor.py:842} WARNING - No viable dags retrieved from /home/abayturar/airflow-project/venv/lib/python3.12/site-packages/airflow/example_dags/example_kubernetes_executor.py
[2026-03-29T12:15:12.350+0500] {processor.py:183} INFO - Processing /home/abayturar/airflow-project/venv/lib/python3.12/site-packages/airflow/example_dags/example_kubernetes_executor.py took 0.022 seconds
[2026-03-29T12:16:06.706+0500] {processor.py:161} INFO - Started process (PID=1934) to work on /home/abayturar/airflow-project/venv/lib/python3.12/site-packages/airflow/example_dags/example_kubernetes_executor.py
[2026-03-29T12:16:06.706+0500] {processor.py:830} INFO - Processing file /home/abayturar/airflow-project/venv/lib/python3.12/site-packages/airflow/example_dags/example_kubernetes_executor.py for tasks to queue
[2026-03-29T12:16:06.708+0500] {logging_mixin.py:188} INFO - [2026-03-29T12:16:06.708+0500] {dagbag.py:545} INFO - Filling up the DagBag from /home/abayturar/airflow-project/venv/lib/python3.12/site-packages/airflow/example_dags/example_kubernetes_executor.py
[2026-03-29T12:16:06.711+0500] {logging_mixin.py:188} INFO - [2026-03-29T12:16:06.711+0500] {example_kubernetes_executor.py:39} WARNING - The example_kubernetes_executor example DAG requires the kubernetes provider. Please install it with: pip install apache-airflow[cncf.kubernetes]
[2026-03-29T12:16:06.711+0500] {processor.py:842} WARNING - No viable dags retrieved from /home/abayturar/airflow-project/venv/lib/python3.12/site-packages/airflow/example_dags/example_kubernetes_executor.py
[2026-03-29T12:16:06.722+0500] {processor.py:183} INFO - Processing /home/abayturar/airflow-project/venv/lib/python3.12/site-packages/airflow/example_dags/example_kubernetes_executor.py took 0.022 seconds
[2026-03-29T12:17:00.056+0500] {processor.py:161} INFO - Started process (PID=2074) to work on /home/abayturar/airflow-project/venv/lib/python3.12/site-packages/airflow/example_dags/example_kubernetes_executor.py
[2026-03-29T12:17:00.057+0500] {processor.py:830} INFO - Processing file /home/abayturar/airflow-project/venv/lib/python3.12/site-packages/airflow/example_dags/example_kubernetes_executor.py for tasks to queue
[2026-03-29T12:17:00.059+0500] {logging_mixin.py:188} INFO - [2026-03-29T12:17:00.058+0500] {dagbag.py:545} INFO - Filling up the DagBag from /home/abayturar/airflow-project/venv/lib/python3.12/site-packages/airflow/example_dags/example_kubernetes_executor.py
[2026-03-29T12:17:00.061+0500] {logging_mixin.py:188} INFO - [2026-03-29T12:17:00.061+0500] {example_kubernetes_executor.py:39} WARNING - The example_kubernetes_executor example DAG requires the kubernetes provider. Please install it with: pip install apache-airflow[cncf.kubernetes]
[2026-03-29T12:17:00.062+0500] {processor.py:842} WARNING - No viable dags retrieved from /home/abayturar/airflow-project/venv/lib/python3.12/site-packages/airflow/example_dags/example_kubernetes_executor.py
[2026-03-29T12:17:00.073+0500] {processor.py:183} INFO - Processing /home/abayturar/airflow-project/venv/lib/python3.12/site-packages/airflow/example_dags/example_kubernetes_executor.py took 0.023 seconds
[2026-03-29T12:17:51.473+0500] {processor.py:161} INFO - Started process (PID=2209) to work on /home/abayturar/airflow-project/venv/lib/python3.12/site-packages/airflow/example_dags/example_kubernetes_executor.py
[2026-03-29T12:17:51.474+0500] {processor.py:830} INFO - Processing file /home/abayturar/airflow-project/venv/lib/python3.12/site-packages/airflow/example_dags/example_kubernetes_executor.py for tasks to queue
[2026-03-29T12:17:51.475+0500] {logging_mixin.py:188} INFO - [2026-03-29T12:17:51.475+0500] {dagbag.py:545} INFO - Filling up the DagBag from /home/abayturar/airflow-project/venv/lib/python3.12/site-packages/airflow/example_dags/example_kubernetes_executor.py
[2026-03-29T12:17:51.478+0500] {logging_mixin.py:188} INFO - [2026-03-29T12:17:51.478+0500] {example_kubernetes_executor.py:39} WARNING - The example_kubernetes_executor example DAG requires the kubernetes provider. Please install it with: pip install apache-airflow[cncf.kubernetes]
[2026-03-29T12:17:51.479+0500] {processor.py:842} WARNING - No viable dags retrieved from /home/abayturar/airflow-project/venv/lib/python3.12/site-packages/airflow/example_dags/example_kubernetes_executor.py
[2026-03-29T12:17:51.490+0500] {processor.py:183} INFO - Processing /home/abayturar/airflow-project/venv/lib/python3.12/site-packages/airflow/example_dags/example_kubernetes_executor.py took 0.024 seconds
[2026-03-29T12:18:44.292+0500] {processor.py:161} INFO - Started process (PID=2343) to work on /home/abayturar/airflow-project/venv/lib/python3.12/site-packages/airflow/example_dags/example_kubernetes_executor.py
[2026-03-29T12:18:44.293+0500] {processor.py:830} INFO - Processing file /home/abayturar/airflow-project/venv/lib/python3.12/site-packages/airflow/example_dags/example_kubernetes_executor.py for tasks to queue
[2026-03-29T12:18:44.296+0500] {logging_mixin.py:188} INFO - [2026-03-29T12:18:44.295+0500] {dagbag.py:545} INFO - Filling up the DagBag from /home/abayturar/airflow-project/venv/lib/python3.12/site-packages/airflow/example_dags/example_kubernetes_executor.py
[2026-03-29T12:18:44.298+0500] {logging_mixin.py:188} INFO - [2026-03-29T12:18:44.298+0500] {example_kubernetes_executor.py:39} WARNING - The example_kubernetes_executor example DAG requires the kubernetes provider. Please install it with: pip install apache-airflow[cncf.kubernetes]
[2026-03-29T12:18:44.299+0500] {processor.py:842} WARNING - No viable dags retrieved from /home/abayturar/airflow-project/venv/lib/python3.12/site-packages/airflow/example_dags/example_kubernetes_executor.py
[2026-03-29T12:18:44.312+0500] {processor.py:183} INFO - Processing /home/abayturar/airflow-project/venv/lib/python3.12/site-packages/airflow/example_dags/example_kubernetes_executor.py took 0.026 seconds
[2026-03-29T12:19:35.163+0500] {processor.py:161} INFO - Started process (PID=2479) to work on /home/abayturar/airflow-project/venv/lib/python3.12/site-packages/airflow/example_dags/example_kubernetes_executor.py
[2026-03-29T12:19:35.164+0500] {processor.py:830} INFO - Processing file /home/abayturar/airflow-project/venv/lib/python3.12/site-packages/airflow/example_dags/example_kubernetes_executor.py for tasks to queue
[2026-03-29T12:19:35.166+0500] {logging_mixin.py:188} INFO - [2026-03-29T12:19:35.165+0500] {dagbag.py:545} INFO - Filling up the DagBag from /home/abayturar/airflow-project/venv/lib/python3.12/site-packages/airflow/example_dags/example_kubernetes_executor.py
[2026-03-29T12:19:35.168+0500] {logging_mixin.py:188} INFO - [2026-03-29T12:19:35.168+0500] {example_kubernetes_executor.py:39} WARNING - The example_kubernetes_executor example DAG requires the kubernetes provider. Please install it with: pip install apache-airflow[cncf.kubernetes]
[2026-03-29T12:19:35.169+0500] {processor.py:842} WARNING - No viable dags retrieved from /home/abayturar/airflow-project/venv/lib/python3.12/site-packages/airflow/example_dags/example_kubernetes_executor.py
[2026-03-29T12:19:35.180+0500] {processor.py:183} INFO - Processing /home/abayturar/airflow-project/venv/lib/python3.12/site-packages/airflow/example_dags/example_kubernetes_executor.py took 0.023 seconds
[2026-03-29T12:20:27.578+0500] {processor.py:161} INFO - Started process (PID=2612) to work on /home/abayturar/airflow-project/venv/lib/python3.12/site-packages/airflow/example_dags/example_kubernetes_executor.py
[2026-03-29T12:20:27.579+0500] {processor.py:830} INFO - Processing file /home/abayturar/airflow-project/venv/lib/python3.12/site-packages/airflow/example_dags/example_kubernetes_executor.py for tasks to queue
[2026-03-29T12:20:27.580+0500] {logging_mixin.py:188} INFO - [2026-03-29T12:20:27.580+0500] {dagbag.py:545} INFO - Filling up the DagBag from /home/abayturar/airflow-project/venv/lib/python3.12/site-packages/airflow/example_dags/example_kubernetes_executor.py
[2026-03-29T12:20:27.583+0500] {logging_mixin.py:188} INFO - [2026-03-29T12:20:27.583+0500] {example_kubernetes_executor.py:39} WARNING - The example_kubernetes_executor example DAG requires the kubernetes provider. Please install it with: pip install apache-airflow[cncf.kubernetes]
[2026-03-29T12:20:27.583+0500] {processor.py:842} WARNING - No viable dags retrieved from /home/abayturar/airflow-project/venv/lib/python3.12/site-packages/airflow/example_dags/example_kubernetes_executor.py
[2026-03-29T12:20:27.595+0500] {processor.py:183} INFO - Processing /home/abayturar/airflow-project/venv/lib/python3.12/site-packages/airflow/example_dags/example_kubernetes_executor.py took 0.023 seconds
[2026-03-29T12:21:20.402+0500] {processor.py:161} INFO - Started process (PID=2752) to work on /home/abayturar/airflow-project/venv/lib/python3.12/site-packages/airflow/example_dags/example_kubernetes_executor.py
[2026-03-29T12:21:20.403+0500] {processor.py:830} INFO - Processing file /home/abayturar/airflow-project/venv/lib/python3.12/site-packages/airflow/example_dags/example_kubernetes_executor.py for tasks to queue
[2026-03-29T12:21:20.404+0500] {logging_mixin.py:188} INFO - [2026-03-29T12:21:20.404+0500] {dagbag.py:545} INFO - Filling up the DagBag from /home/abayturar/airflow-project/venv/lib/python3.12/site-packages/airflow/example_dags/example_kubernetes_executor.py
[2026-03-29T12:21:20.407+0500] {logging_mixin.py:188} INFO - [2026-03-29T12:21:20.407+0500] {example_kubernetes_executor.py:39} WARNING - The example_kubernetes_executor example DAG requires the kubernetes provider. Please install it with: pip install apache-airflow[cncf.kubernetes]
[2026-03-29T12:21:20.408+0500] {processor.py:842} WARNING - No viable dags retrieved from /home/abayturar/airflow-project/venv/lib/python3.12/site-packages/airflow/example_dags/example_kubernetes_executor.py
[2026-03-29T12:21:20.419+0500] {processor.py:183} INFO - Processing /home/abayturar/airflow-project/venv/lib/python3.12/site-packages/airflow/example_dags/example_kubernetes_executor.py took 0.024 seconds
[2026-03-29T12:22:11.205+0500] {processor.py:161} INFO - Started process (PID=2958) to work on /home/abayturar/airflow-project/venv/lib/python3.12/site-packages/airflow/example_dags/example_kubernetes_executor.py
[2026-03-29T12:22:11.206+0500] {processor.py:830} INFO - Processing file /home/abayturar/airflow-project/venv/lib/python3.12/site-packages/airflow/example_dags/example_kubernetes_executor.py for tasks to queue
[2026-03-29T12:22:11.207+0500] {logging_mixin.py:188} INFO - [2026-03-29T12:22:11.207+0500] {dagbag.py:545} INFO - Filling up the DagBag from /home/abayturar/airflow-project/venv/lib/python3.12/site-packages/airflow/example_dags/example_kubernetes_executor.py
[2026-03-29T12:22:11.210+0500] {logging_mixin.py:188} INFO - [2026-03-29T12:22:11.210+0500] {example_kubernetes_executor.py:39} WARNING - The example_kubernetes_executor example DAG requires the kubernetes provider. Please install it with: pip install apache-airflow[cncf.kubernetes]
[2026-03-29T12:22:11.210+0500] {processor.py:842} WARNING - No viable dags retrieved from /home/abayturar/airflow-project/venv/lib/python3.12/site-packages/airflow/example_dags/example_kubernetes_executor.py
[2026-03-29T12:22:11.222+0500] {processor.py:183} INFO - Processing /home/abayturar/airflow-project/venv/lib/python3.12/site-packages/airflow/example_dags/example_kubernetes_executor.py took 0.023 seconds
[2026-03-29T12:23:03.300+0500] {processor.py:161} INFO - Started process (PID=3210) to work on /home/abayturar/airflow-project/venv/lib/python3.12/site-packages/airflow/example_dags/example_kubernetes_executor.py
[2026-03-29T12:23:03.302+0500] {processor.py:830} INFO - Processing file /home/abayturar/airflow-project/venv/lib/python3.12/site-packages/airflow/example_dags/example_kubernetes_executor.py for tasks to queue
[2026-03-29T12:23:03.304+0500] {logging_mixin.py:188} INFO - [2026-03-29T12:23:03.304+0500] {dagbag.py:545} INFO - Filling up the DagBag from /home/abayturar/airflow-project/venv/lib/python3.12/site-packages/airflow/example_dags/example_kubernetes_executor.py
[2026-03-29T12:23:03.309+0500] {logging_mixin.py:188} INFO - [2026-03-29T12:23:03.308+0500] {example_kubernetes_executor.py:39} WARNING - The example_kubernetes_executor example DAG requires the kubernetes provider. Please install it with: pip install apache-airflow[cncf.kubernetes]
[2026-03-29T12:23:03.309+0500] {processor.py:842} WARNING - No viable dags retrieved from /home/abayturar/airflow-project/venv/lib/python3.12/site-packages/airflow/example_dags/example_kubernetes_executor.py
[2026-03-29T12:23:03.346+0500] {processor.py:183} INFO - Processing /home/abayturar/airflow-project/venv/lib/python3.12/site-packages/airflow/example_dags/example_kubernetes_executor.py took 0.056 seconds
[2026-03-29T12:23:55.792+0500] {processor.py:161} INFO - Started process (PID=3396) to work on /home/abayturar/airflow-project/venv/lib/python3.12/site-packages/airflow/example_dags/example_kubernetes_executor.py
[2026-03-29T12:23:55.793+0500] {processor.py:830} INFO - Processing file /home/abayturar/airflow-project/venv/lib/python3.12/site-packages/airflow/example_dags/example_kubernetes_executor.py for tasks to queue
[2026-03-29T12:23:55.795+0500] {logging_mixin.py:188} INFO - [2026-03-29T12:23:55.795+0500] {dagbag.py:545} INFO - Filling up the DagBag from /home/abayturar/airflow-project/venv/lib/python3.12/site-packages/airflow/example_dags/example_kubernetes_executor.py
[2026-03-29T12:23:55.799+0500] {logging_mixin.py:188} INFO - [2026-03-29T12:23:55.799+0500] {example_kubernetes_executor.py:39} WARNING - The example_kubernetes_executor example DAG requires the kubernetes provider. Please install it with: pip install apache-airflow[cncf.kubernetes]
[2026-03-29T12:23:55.800+0500] {processor.py:842} WARNING - No viable dags retrieved from /home/abayturar/airflow-project/venv/lib/python3.12/site-packages/airflow/example_dags/example_kubernetes_executor.py
[2026-03-29T12:23:55.816+0500] {processor.py:183} INFO - Processing /home/abayturar/airflow-project/venv/lib/python3.12/site-packages/airflow/example_dags/example_kubernetes_executor.py took 0.030 seconds
[2026-03-29T12:24:48.837+0500] {processor.py:161} INFO - Started process (PID=3571) to work on /home/abayturar/airflow-project/venv/lib/python3.12/site-packages/airflow/example_dags/example_kubernetes_executor.py
[2026-03-29T12:24:48.837+0500] {processor.py:830} INFO - Processing file /home/abayturar/airflow-project/venv/lib/python3.12/site-packages/airflow/example_dags/example_kubernetes_executor.py for tasks to queue
[2026-03-29T12:24:48.839+0500] {logging_mixin.py:188} INFO - [2026-03-29T12:24:48.839+0500] {dagbag.py:545} INFO - Filling up the DagBag from /home/abayturar/airflow-project/venv/lib/python3.12/site-packages/airflow/example_dags/example_kubernetes_executor.py
[2026-03-29T12:24:48.842+0500] {logging_mixin.py:188} INFO - [2026-03-29T12:24:48.842+0500] {example_kubernetes_executor.py:39} WARNING - The example_kubernetes_executor example DAG requires the kubernetes provider. Please install it with: pip install apache-airflow[cncf.kubernetes]
[2026-03-29T12:24:48.842+0500] {processor.py:842} WARNING - No viable dags retrieved from /home/abayturar/airflow-project/venv/lib/python3.12/site-packages/airflow/example_dags/example_kubernetes_executor.py
[2026-03-29T12:24:48.853+0500] {processor.py:183} INFO - Processing /home/abayturar/airflow-project/venv/lib/python3.12/site-packages/airflow/example_dags/example_kubernetes_executor.py took 0.023 seconds
[2026-03-29T12:25:42.278+0500] {processor.py:161} INFO - Started process (PID=3725) to work on /home/abayturar/airflow-project/venv/lib/python3.12/site-packages/airflow/example_dags/example_kubernetes_executor.py
[2026-03-29T12:25:42.279+0500] {processor.py:830} INFO - Processing file /home/abayturar/airflow-project/venv/lib/python3.12/site-packages/airflow/example_dags/example_kubernetes_executor.py for tasks to queue
[2026-03-29T12:25:42.281+0500] {logging_mixin.py:188} INFO - [2026-03-29T12:25:42.281+0500] {dagbag.py:545} INFO - Filling up the DagBag from /home/abayturar/airflow-project/venv/lib/python3.12/site-packages/airflow/example_dags/example_kubernetes_executor.py
[2026-03-29T12:25:42.284+0500] {logging_mixin.py:188} INFO - [2026-03-29T12:25:42.284+0500] {example_kubernetes_executor.py:39} WARNING - The example_kubernetes_executor example DAG requires the kubernetes provider. Please install it with: pip install apache-airflow[cncf.kubernetes]
[2026-03-29T12:25:42.284+0500] {processor.py:842} WARNING - No viable dags retrieved from /home/abayturar/airflow-project/venv/lib/python3.12/site-packages/airflow/example_dags/example_kubernetes_executor.py
[2026-03-29T12:25:42.298+0500] {processor.py:183} INFO - Processing /home/abayturar/airflow-project/venv/lib/python3.12/site-packages/airflow/example_dags/example_kubernetes_executor.py took 0.027 seconds
[2026-03-29T12:26:32.360+0500] {processor.py:161} INFO - Started process (PID=4043) to work on /home/abayturar/airflow-project/venv/lib/python3.12/site-packages/airflow/example_dags/example_kubernetes_executor.py
[2026-03-29T12:26:32.361+0500] {processor.py:830} INFO - Processing file /home/abayturar/airflow-project/venv/lib/python3.12/site-packages/airflow/example_dags/example_kubernetes_executor.py for tasks to queue
[2026-03-29T12:26:32.363+0500] {logging_mixin.py:188} INFO - [2026-03-29T12:26:32.363+0500] {dagbag.py:545} INFO - Filling up the DagBag from /home/abayturar/airflow-project/venv/lib/python3.12/site-packages/airflow/example_dags/example_kubernetes_executor.py
[2026-03-29T12:26:32.366+0500] {logging_mixin.py:188} INFO - [2026-03-29T12:26:32.366+0500] {example_kubernetes_executor.py:39} WARNING - The example_kubernetes_executor example DAG requires the kubernetes provider. Please install it with: pip install apache-airflow[cncf.kubernetes]
[2026-03-29T12:26:32.366+0500] {processor.py:842} WARNING - No viable dags retrieved from /home/abayturar/airflow-project/venv/lib/python3.12/site-packages/airflow/example_dags/example_kubernetes_executor.py
[2026-03-29T12:26:32.377+0500] {processor.py:183} INFO - Processing /home/abayturar/airflow-project/venv/lib/python3.12/site-packages/airflow/example_dags/example_kubernetes_executor.py took 0.023 seconds
