[2026-03-29T12:01:26.382+0500] {processor.py:161} INFO - Started process (PID=32243) to work on /home/abayturar/airflow-project/venv/lib/python3.12/site-packages/airflow/example_dags/example_setup_teardown_taskflow.py
[2026-03-29T12:01:26.382+0500] {processor.py:830} INFO - Processing file /home/abayturar/airflow-project/venv/lib/python3.12/site-packages/airflow/example_dags/example_setup_teardown_taskflow.py for tasks to queue
[2026-03-29T12:01:26.384+0500] {logging_mixin.py:188} INFO - [2026-03-29T12:01:26.384+0500] {dagbag.py:545} INFO - Filling up the DagBag from /home/abayturar/airflow-project/venv/lib/python3.12/site-packages/airflow/example_dags/example_setup_teardown_taskflow.py
[2026-03-29T12:01:26.393+0500] {processor.py:840} INFO - DAG(s) 'example_setup_teardown_taskflow' retrieved from /home/abayturar/airflow-project/venv/lib/python3.12/site-packages/airflow/example_dags/example_setup_teardown_taskflow.py
[2026-03-29T12:01:26.408+0500] {logging_mixin.py:188} INFO - [2026-03-29T12:01:26.408+0500] {dag.py:3089} INFO - Sync 1 DAGs
[2026-03-29T12:01:26.422+0500] {logging_mixin.py:188} INFO - [2026-03-29T12:01:26.422+0500] {dag.py:3947} INFO - Setting next_dagrun for example_setup_teardown_taskflow to 2026-03-28 00:00:00+00:00, run_after=2026-03-29 00:00:00+00:00
[2026-03-29T12:01:26.438+0500] {processor.py:183} INFO - Processing /home/abayturar/airflow-project/venv/lib/python3.12/site-packages/airflow/example_dags/example_setup_teardown_taskflow.py took 0.062 seconds
[2026-03-29T12:02:24.017+0500] {processor.py:161} INFO - Started process (PID=32541) to work on /home/abayturar/airflow-project/venv/lib/python3.12/site-packages/airflow/example_dags/example_setup_teardown_taskflow.py
[2026-03-29T12:02:24.018+0500] {processor.py:830} INFO - Processing file /home/abayturar/airflow-project/venv/lib/python3.12/site-packages/airflow/example_dags/example_setup_teardown_taskflow.py for tasks to queue
[2026-03-29T12:02:24.020+0500] {logging_mixin.py:188} INFO - [2026-03-29T12:02:24.019+0500] {dagbag.py:545} INFO - Filling up the DagBag from /home/abayturar/airflow-project/venv/lib/python3.12/site-packages/airflow/example_dags/example_setup_teardown_taskflow.py
[2026-03-29T12:02:24.028+0500] {processor.py:840} INFO - DAG(s) 'example_setup_teardown_taskflow' retrieved from /home/abayturar/airflow-project/venv/lib/python3.12/site-packages/airflow/example_dags/example_setup_teardown_taskflow.py
[2026-03-29T12:02:24.043+0500] {logging_mixin.py:188} INFO - [2026-03-29T12:02:24.043+0500] {dag.py:3089} INFO - Sync 1 DAGs
[2026-03-29T12:02:24.056+0500] {logging_mixin.py:188} INFO - [2026-03-29T12:02:24.056+0500] {dag.py:3947} INFO - Setting next_dagrun for example_setup_teardown_taskflow to 2026-03-28 00:00:00+00:00, run_after=2026-03-29 00:00:00+00:00
[2026-03-29T12:02:24.071+0500] {processor.py:183} INFO - Processing /home/abayturar/airflow-project/venv/lib/python3.12/site-packages/airflow/example_dags/example_setup_teardown_taskflow.py took 0.061 seconds
[2026-03-29T12:05:52.749+0500] {processor.py:161} INFO - Started process (PID=4) to work on /home/abayturar/airflow-project/venv/lib/python3.12/site-packages/airflow/example_dags/example_setup_teardown_taskflow.py
[2026-03-29T12:05:52.750+0500] {processor.py:830} INFO - Processing file /home/abayturar/airflow-project/venv/lib/python3.12/site-packages/airflow/example_dags/example_setup_teardown_taskflow.py for tasks to queue
[2026-03-29T12:05:52.752+0500] {logging_mixin.py:188} INFO - [2026-03-29T12:05:52.751+0500] {dagbag.py:545} INFO - Filling up the DagBag from /home/abayturar/airflow-project/venv/lib/python3.12/site-packages/airflow/example_dags/example_setup_teardown_taskflow.py
[2026-03-29T12:05:52.762+0500] {processor.py:840} INFO - DAG(s) 'example_setup_teardown_taskflow' retrieved from /home/abayturar/airflow-project/venv/lib/python3.12/site-packages/airflow/example_dags/example_setup_teardown_taskflow.py
[2026-03-29T12:05:52.784+0500] {logging_mixin.py:188} INFO - [2026-03-29T12:05:52.784+0500] {dag.py:3089} INFO - Sync 1 DAGs
[2026-03-29T12:05:52.802+0500] {logging_mixin.py:188} INFO - [2026-03-29T12:05:52.802+0500] {dag.py:3947} INFO - Setting next_dagrun for example_setup_teardown_taskflow to 2026-03-28 00:00:00+00:00, run_after=2026-03-29 00:00:00+00:00
[2026-03-29T12:05:52.819+0500] {processor.py:183} INFO - Processing /home/abayturar/airflow-project/venv/lib/python3.12/site-packages/airflow/example_dags/example_setup_teardown_taskflow.py took 0.078 seconds
[2026-03-29T12:06:47.695+0500] {processor.py:161} INFO - Started process (PID=233) to work on /home/abayturar/airflow-project/venv/lib/python3.12/site-packages/airflow/example_dags/example_setup_teardown_taskflow.py
[2026-03-29T12:06:47.696+0500] {processor.py:830} INFO - Processing file /home/abayturar/airflow-project/venv/lib/python3.12/site-packages/airflow/example_dags/example_setup_teardown_taskflow.py for tasks to queue
[2026-03-29T12:06:47.698+0500] {logging_mixin.py:188} INFO - [2026-03-29T12:06:47.697+0500] {dagbag.py:545} INFO - Filling up the DagBag from /home/abayturar/airflow-project/venv/lib/python3.12/site-packages/airflow/example_dags/example_setup_teardown_taskflow.py
[2026-03-29T12:06:47.707+0500] {processor.py:840} INFO - DAG(s) 'example_setup_teardown_taskflow' retrieved from /home/abayturar/airflow-project/venv/lib/python3.12/site-packages/airflow/example_dags/example_setup_teardown_taskflow.py
[2026-03-29T12:06:47.724+0500] {logging_mixin.py:188} INFO - [2026-03-29T12:06:47.724+0500] {dag.py:3089} INFO - Sync 1 DAGs
[2026-03-29T12:06:47.746+0500] {logging_mixin.py:188} INFO - [2026-03-29T12:06:47.745+0500] {dag.py:3947} INFO - Setting next_dagrun for example_setup_teardown_taskflow to 2026-03-28 00:00:00+00:00, run_after=2026-03-29 00:00:00+00:00
[2026-03-29T12:06:47.801+0500] {processor.py:183} INFO - Processing /home/abayturar/airflow-project/venv/lib/python3.12/site-packages/airflow/example_dags/example_setup_teardown_taskflow.py took 0.113 seconds
[2026-03-29T12:07:33.987+0500] {processor.py:161} INFO - Started process (PID=421) to work on /home/abayturar/airflow-project/venv/lib/python3.12/site-packages/airflow/example_dags/example_setup_teardown_taskflow.py
[2026-03-29T12:07:33.988+0500] {processor.py:830} INFO - Processing file /home/abayturar/airflow-project/venv/lib/python3.12/site-packages/airflow/example_dags/example_setup_teardown_taskflow.py for tasks to queue
[2026-03-29T12:07:33.990+0500] {logging_mixin.py:188} INFO - [2026-03-29T12:07:33.989+0500] {dagbag.py:545} INFO - Filling up the DagBag from /home/abayturar/airflow-project/venv/lib/python3.12/site-packages/airflow/example_dags/example_setup_teardown_taskflow.py
[2026-03-29T12:07:33.998+0500] {processor.py:840} INFO - DAG(s) 'example_setup_teardown_taskflow' retrieved from /home/abayturar/airflow-project/venv/lib/python3.12/site-packages/airflow/example_dags/example_setup_teardown_taskflow.py
[2026-03-29T12:07:34.013+0500] {logging_mixin.py:188} INFO - [2026-03-29T12:07:34.013+0500] {dag.py:3089} INFO - Sync 1 DAGs
[2026-03-29T12:07:34.027+0500] {logging_mixin.py:188} INFO - [2026-03-29T12:07:34.027+0500] {dag.py:3947} INFO - Setting next_dagrun for example_setup_teardown_taskflow to 2026-03-28 00:00:00+00:00, run_after=2026-03-29 00:00:00+00:00
[2026-03-29T12:07:34.043+0500] {processor.py:183} INFO - Processing /home/abayturar/airflow-project/venv/lib/python3.12/site-packages/airflow/example_dags/example_setup_teardown_taskflow.py took 0.061 seconds
[2026-03-29T12:08:22.541+0500] {processor.py:161} INFO - Started process (PID=622) to work on /home/abayturar/airflow-project/venv/lib/python3.12/site-packages/airflow/example_dags/example_setup_teardown_taskflow.py
[2026-03-29T12:08:22.542+0500] {processor.py:830} INFO - Processing file /home/abayturar/airflow-project/venv/lib/python3.12/site-packages/airflow/example_dags/example_setup_teardown_taskflow.py for tasks to queue
[2026-03-29T12:08:22.544+0500] {logging_mixin.py:188} INFO - [2026-03-29T12:08:22.543+0500] {dagbag.py:545} INFO - Filling up the DagBag from /home/abayturar/airflow-project/venv/lib/python3.12/site-packages/airflow/example_dags/example_setup_teardown_taskflow.py
[2026-03-29T12:08:22.552+0500] {processor.py:840} INFO - DAG(s) 'example_setup_teardown_taskflow' retrieved from /home/abayturar/airflow-project/venv/lib/python3.12/site-packages/airflow/example_dags/example_setup_teardown_taskflow.py
[2026-03-29T12:08:22.568+0500] {logging_mixin.py:188} INFO - [2026-03-29T12:08:22.568+0500] {dag.py:3089} INFO - Sync 1 DAGs
[2026-03-29T12:08:22.581+0500] {logging_mixin.py:188} INFO - [2026-03-29T12:08:22.581+0500] {dag.py:3947} INFO - Setting next_dagrun for example_setup_teardown_taskflow to 2026-03-28 00:00:00+00:00, run_after=2026-03-29 00:00:00+00:00
[2026-03-29T12:08:22.599+0500] {processor.py:183} INFO - Processing /home/abayturar/airflow-project/venv/lib/python3.12/site-packages/airflow/example_dags/example_setup_teardown_taskflow.py took 0.064 seconds
[2026-03-29T12:09:13.629+0500] {processor.py:161} INFO - Started process (PID=833) to work on /home/abayturar/airflow-project/venv/lib/python3.12/site-packages/airflow/example_dags/example_setup_teardown_taskflow.py
[2026-03-29T12:09:13.630+0500] {processor.py:830} INFO - Processing file /home/abayturar/airflow-project/venv/lib/python3.12/site-packages/airflow/example_dags/example_setup_teardown_taskflow.py for tasks to queue
[2026-03-29T12:09:13.631+0500] {logging_mixin.py:188} INFO - [2026-03-29T12:09:13.631+0500] {dagbag.py:545} INFO - Filling up the DagBag from /home/abayturar/airflow-project/venv/lib/python3.12/site-packages/airflow/example_dags/example_setup_teardown_taskflow.py
[2026-03-29T12:09:13.640+0500] {processor.py:840} INFO - DAG(s) 'example_setup_teardown_taskflow' retrieved from /home/abayturar/airflow-project/venv/lib/python3.12/site-packages/airflow/example_dags/example_setup_teardown_taskflow.py
[2026-03-29T12:09:13.655+0500] {logging_mixin.py:188} INFO - [2026-03-29T12:09:13.655+0500] {dag.py:3089} INFO - Sync 1 DAGs
[2026-03-29T12:09:13.668+0500] {logging_mixin.py:188} INFO - [2026-03-29T12:09:13.668+0500] {dag.py:3947} INFO - Setting next_dagrun for example_setup_teardown_taskflow to 2026-03-28 00:00:00+00:00, run_after=2026-03-29 00:00:00+00:00
[2026-03-29T12:09:13.722+0500] {processor.py:183} INFO - Processing /home/abayturar/airflow-project/venv/lib/python3.12/site-packages/airflow/example_dags/example_setup_teardown_taskflow.py took 0.099 seconds
[2026-03-29T12:10:05.669+0500] {processor.py:161} INFO - Started process (PID=985) to work on /home/abayturar/airflow-project/venv/lib/python3.12/site-packages/airflow/example_dags/example_setup_teardown_taskflow.py
[2026-03-29T12:10:05.670+0500] {processor.py:830} INFO - Processing file /home/abayturar/airflow-project/venv/lib/python3.12/site-packages/airflow/example_dags/example_setup_teardown_taskflow.py for tasks to queue
[2026-03-29T12:10:05.671+0500] {logging_mixin.py:188} INFO - [2026-03-29T12:10:05.671+0500] {dagbag.py:545} INFO - Filling up the DagBag from /home/abayturar/airflow-project/venv/lib/python3.12/site-packages/airflow/example_dags/example_setup_teardown_taskflow.py
[2026-03-29T12:10:05.679+0500] {processor.py:840} INFO - DAG(s) 'example_setup_teardown_taskflow' retrieved from /home/abayturar/airflow-project/venv/lib/python3.12/site-packages/airflow/example_dags/example_setup_teardown_taskflow.py
[2026-03-29T12:10:05.696+0500] {logging_mixin.py:188} INFO - [2026-03-29T12:10:05.696+0500] {dag.py:3089} INFO - Sync 1 DAGs
[2026-03-29T12:10:05.709+0500] {logging_mixin.py:188} INFO - [2026-03-29T12:10:05.709+0500] {dag.py:3947} INFO - Setting next_dagrun for example_setup_teardown_taskflow to 2026-03-28 00:00:00+00:00, run_after=2026-03-29 00:00:00+00:00
[2026-03-29T12:10:05.764+0500] {processor.py:183} INFO - Processing /home/abayturar/airflow-project/venv/lib/python3.12/site-packages/airflow/example_dags/example_setup_teardown_taskflow.py took 0.100 seconds
[2026-03-29T12:10:52.716+0500] {processor.py:161} INFO - Started process (PID=1112) to work on /home/abayturar/airflow-project/venv/lib/python3.12/site-packages/airflow/example_dags/example_setup_teardown_taskflow.py
[2026-03-29T12:10:52.717+0500] {processor.py:830} INFO - Processing file /home/abayturar/airflow-project/venv/lib/python3.12/site-packages/airflow/example_dags/example_setup_teardown_taskflow.py for tasks to queue
[2026-03-29T12:10:52.719+0500] {logging_mixin.py:188} INFO - [2026-03-29T12:10:52.719+0500] {dagbag.py:545} INFO - Filling up the DagBag from /home/abayturar/airflow-project/venv/lib/python3.12/site-packages/airflow/example_dags/example_setup_teardown_taskflow.py
[2026-03-29T12:10:52.730+0500] {processor.py:840} INFO - DAG(s) 'example_setup_teardown_taskflow' retrieved from /home/abayturar/airflow-project/venv/lib/python3.12/site-packages/airflow/example_dags/example_setup_teardown_taskflow.py
[2026-03-29T12:10:52.750+0500] {logging_mixin.py:188} INFO - [2026-03-29T12:10:52.749+0500] {dag.py:3089} INFO - Sync 1 DAGs
[2026-03-29T12:10:52.766+0500] {logging_mixin.py:188} INFO - [2026-03-29T12:10:52.766+0500] {dag.py:3947} INFO - Setting next_dagrun for example_setup_teardown_taskflow to 2026-03-28 00:00:00+00:00, run_after=2026-03-29 00:00:00+00:00
[2026-03-29T12:10:52.818+0500] {processor.py:183} INFO - Processing /home/abayturar/airflow-project/venv/lib/python3.12/site-packages/airflow/example_dags/example_setup_teardown_taskflow.py took 0.109 seconds
[2026-03-29T12:11:41.935+0500] {processor.py:161} INFO - Started process (PID=1243) to work on /home/abayturar/airflow-project/venv/lib/python3.12/site-packages/airflow/example_dags/example_setup_teardown_taskflow.py
[2026-03-29T12:11:41.936+0500] {processor.py:830} INFO - Processing file /home/abayturar/airflow-project/venv/lib/python3.12/site-packages/airflow/example_dags/example_setup_teardown_taskflow.py for tasks to queue
[2026-03-29T12:11:41.938+0500] {logging_mixin.py:188} INFO - [2026-03-29T12:11:41.938+0500] {dagbag.py:545} INFO - Filling up the DagBag from /home/abayturar/airflow-project/venv/lib/python3.12/site-packages/airflow/example_dags/example_setup_teardown_taskflow.py
[2026-03-29T12:11:41.947+0500] {processor.py:840} INFO - DAG(s) 'example_setup_teardown_taskflow' retrieved from /home/abayturar/airflow-project/venv/lib/python3.12/site-packages/airflow/example_dags/example_setup_teardown_taskflow.py
[2026-03-29T12:11:41.963+0500] {logging_mixin.py:188} INFO - [2026-03-29T12:11:41.963+0500] {dag.py:3089} INFO - Sync 1 DAGs
[2026-03-29T12:11:41.978+0500] {logging_mixin.py:188} INFO - [2026-03-29T12:11:41.977+0500] {dag.py:3947} INFO - Setting next_dagrun for example_setup_teardown_taskflow to 2026-03-28 00:00:00+00:00, run_after=2026-03-29 00:00:00+00:00
[2026-03-29T12:11:41.999+0500] {processor.py:183} INFO - Processing /home/abayturar/airflow-project/venv/lib/python3.12/site-packages/airflow/example_dags/example_setup_teardown_taskflow.py took 0.071 seconds
[2026-03-29T12:12:33.543+0500] {processor.py:161} INFO - Started process (PID=1377) to work on /home/abayturar/airflow-project/venv/lib/python3.12/site-packages/airflow/example_dags/example_setup_teardown_taskflow.py
[2026-03-29T12:12:33.543+0500] {processor.py:830} INFO - Processing file /home/abayturar/airflow-project/venv/lib/python3.12/site-packages/airflow/example_dags/example_setup_teardown_taskflow.py for tasks to queue
[2026-03-29T12:12:33.545+0500] {logging_mixin.py:188} INFO - [2026-03-29T12:12:33.545+0500] {dagbag.py:545} INFO - Filling up the DagBag from /home/abayturar/airflow-project/venv/lib/python3.12/site-packages/airflow/example_dags/example_setup_teardown_taskflow.py
[2026-03-29T12:12:33.553+0500] {processor.py:840} INFO - DAG(s) 'example_setup_teardown_taskflow' retrieved from /home/abayturar/airflow-project/venv/lib/python3.12/site-packages/airflow/example_dags/example_setup_teardown_taskflow.py
[2026-03-29T12:12:33.568+0500] {logging_mixin.py:188} INFO - [2026-03-29T12:12:33.568+0500] {dag.py:3089} INFO - Sync 1 DAGs
[2026-03-29T12:12:33.581+0500] {logging_mixin.py:188} INFO - [2026-03-29T12:12:33.581+0500] {dag.py:3947} INFO - Setting next_dagrun for example_setup_teardown_taskflow to 2026-03-28 00:00:00+00:00, run_after=2026-03-29 00:00:00+00:00
[2026-03-29T12:12:33.634+0500] {processor.py:183} INFO - Processing /home/abayturar/airflow-project/venv/lib/python3.12/site-packages/airflow/example_dags/example_setup_teardown_taskflow.py took 0.097 seconds
[2026-03-29T12:13:24.331+0500] {processor.py:161} INFO - Started process (PID=1509) to work on /home/abayturar/airflow-project/venv/lib/python3.12/site-packages/airflow/example_dags/example_setup_teardown_taskflow.py
[2026-03-29T12:13:24.332+0500] {processor.py:830} INFO - Processing file /home/abayturar/airflow-project/venv/lib/python3.12/site-packages/airflow/example_dags/example_setup_teardown_taskflow.py for tasks to queue
[2026-03-29T12:13:24.334+0500] {logging_mixin.py:188} INFO - [2026-03-29T12:13:24.333+0500] {dagbag.py:545} INFO - Filling up the DagBag from /home/abayturar/airflow-project/venv/lib/python3.12/site-packages/airflow/example_dags/example_setup_teardown_taskflow.py
[2026-03-29T12:13:24.342+0500] {processor.py:840} INFO - DAG(s) 'example_setup_teardown_taskflow' retrieved from /home/abayturar/airflow-project/venv/lib/python3.12/site-packages/airflow/example_dags/example_setup_teardown_taskflow.py
[2026-03-29T12:13:24.359+0500] {logging_mixin.py:188} INFO - [2026-03-29T12:13:24.359+0500] {dag.py:3089} INFO - Sync 1 DAGs
[2026-03-29T12:13:24.375+0500] {logging_mixin.py:188} INFO - [2026-03-29T12:13:24.375+0500] {dag.py:3947} INFO - Setting next_dagrun for example_setup_teardown_taskflow to 2026-03-28 00:00:00+00:00, run_after=2026-03-29 00:00:00+00:00
[2026-03-29T12:13:24.477+0500] {processor.py:183} INFO - Processing /home/abayturar/airflow-project/venv/lib/python3.12/site-packages/airflow/example_dags/example_setup_teardown_taskflow.py took 0.151 seconds
[2026-03-29T12:14:14.657+0500] {processor.py:161} INFO - Started process (PID=1643) to work on /home/abayturar/airflow-project/venv/lib/python3.12/site-packages/airflow/example_dags/example_setup_teardown_taskflow.py
[2026-03-29T12:14:14.658+0500] {processor.py:830} INFO - Processing file /home/abayturar/airflow-project/venv/lib/python3.12/site-packages/airflow/example_dags/example_setup_teardown_taskflow.py for tasks to queue
[2026-03-29T12:14:14.659+0500] {logging_mixin.py:188} INFO - [2026-03-29T12:14:14.659+0500] {dagbag.py:545} INFO - Filling up the DagBag from /home/abayturar/airflow-project/venv/lib/python3.12/site-packages/airflow/example_dags/example_setup_teardown_taskflow.py
[2026-03-29T12:14:14.667+0500] {processor.py:840} INFO - DAG(s) 'example_setup_teardown_taskflow' retrieved from /home/abayturar/airflow-project/venv/lib/python3.12/site-packages/airflow/example_dags/example_setup_teardown_taskflow.py
[2026-03-29T12:14:14.686+0500] {logging_mixin.py:188} INFO - [2026-03-29T12:14:14.686+0500] {dag.py:3089} INFO - Sync 1 DAGs
[2026-03-29T12:14:14.699+0500] {logging_mixin.py:188} INFO - [2026-03-29T12:14:14.699+0500] {dag.py:3947} INFO - Setting next_dagrun for example_setup_teardown_taskflow to 2026-03-28 00:00:00+00:00, run_after=2026-03-29 00:00:00+00:00
[2026-03-29T12:14:14.755+0500] {processor.py:183} INFO - Processing /home/abayturar/airflow-project/venv/lib/python3.12/site-packages/airflow/example_dags/example_setup_teardown_taskflow.py took 0.104 seconds
[2026-03-29T12:15:07.085+0500] {processor.py:161} INFO - Started process (PID=1781) to work on /home/abayturar/airflow-project/venv/lib/python3.12/site-packages/airflow/example_dags/example_setup_teardown_taskflow.py
[2026-03-29T12:15:07.086+0500] {processor.py:830} INFO - Processing file /home/abayturar/airflow-project/venv/lib/python3.12/site-packages/airflow/example_dags/example_setup_teardown_taskflow.py for tasks to queue
[2026-03-29T12:15:07.088+0500] {logging_mixin.py:188} INFO - [2026-03-29T12:15:07.087+0500] {dagbag.py:545} INFO - Filling up the DagBag from /home/abayturar/airflow-project/venv/lib/python3.12/site-packages/airflow/example_dags/example_setup_teardown_taskflow.py
[2026-03-29T12:15:07.096+0500] {processor.py:840} INFO - DAG(s) 'example_setup_teardown_taskflow' retrieved from /home/abayturar/airflow-project/venv/lib/python3.12/site-packages/airflow/example_dags/example_setup_teardown_taskflow.py
[2026-03-29T12:15:07.111+0500] {logging_mixin.py:188} INFO - [2026-03-29T12:15:07.111+0500] {dag.py:3089} INFO - Sync 1 DAGs
[2026-03-29T12:15:07.124+0500] {logging_mixin.py:188} INFO - [2026-03-29T12:15:07.123+0500] {dag.py:3947} INFO - Setting next_dagrun for example_setup_teardown_taskflow to 2026-03-28 00:00:00+00:00, run_after=2026-03-29 00:00:00+00:00
[2026-03-29T12:15:07.176+0500] {processor.py:183} INFO - Processing /home/abayturar/airflow-project/venv/lib/python3.12/site-packages/airflow/example_dags/example_setup_teardown_taskflow.py took 0.097 seconds
[2026-03-29T12:16:01.662+0500] {processor.py:161} INFO - Started process (PID=1920) to work on /home/abayturar/airflow-project/venv/lib/python3.12/site-packages/airflow/example_dags/example_setup_teardown_taskflow.py
[2026-03-29T12:16:01.663+0500] {processor.py:830} INFO - Processing file /home/abayturar/airflow-project/venv/lib/python3.12/site-packages/airflow/example_dags/example_setup_teardown_taskflow.py for tasks to queue
[2026-03-29T12:16:01.665+0500] {logging_mixin.py:188} INFO - [2026-03-29T12:16:01.664+0500] {dagbag.py:545} INFO - Filling up the DagBag from /home/abayturar/airflow-project/venv/lib/python3.12/site-packages/airflow/example_dags/example_setup_teardown_taskflow.py
[2026-03-29T12:16:01.674+0500] {processor.py:840} INFO - DAG(s) 'example_setup_teardown_taskflow' retrieved from /home/abayturar/airflow-project/venv/lib/python3.12/site-packages/airflow/example_dags/example_setup_teardown_taskflow.py
[2026-03-29T12:16:01.692+0500] {logging_mixin.py:188} INFO - [2026-03-29T12:16:01.692+0500] {dag.py:3089} INFO - Sync 1 DAGs
[2026-03-29T12:16:01.805+0500] {logging_mixin.py:188} INFO - [2026-03-29T12:16:01.805+0500] {dag.py:3947} INFO - Setting next_dagrun for example_setup_teardown_taskflow to 2026-03-28 00:00:00+00:00, run_after=2026-03-29 00:00:00+00:00
[2026-03-29T12:16:01.859+0500] {processor.py:183} INFO - Processing /home/abayturar/airflow-project/venv/lib/python3.12/site-packages/airflow/example_dags/example_setup_teardown_taskflow.py took 0.204 seconds
[2026-03-29T12:16:54.826+0500] {processor.py:161} INFO - Started process (PID=2060) to work on /home/abayturar/airflow-project/venv/lib/python3.12/site-packages/airflow/example_dags/example_setup_teardown_taskflow.py
[2026-03-29T12:16:54.827+0500] {processor.py:830} INFO - Processing file /home/abayturar/airflow-project/venv/lib/python3.12/site-packages/airflow/example_dags/example_setup_teardown_taskflow.py for tasks to queue
[2026-03-29T12:16:54.829+0500] {logging_mixin.py:188} INFO - [2026-03-29T12:16:54.828+0500] {dagbag.py:545} INFO - Filling up the DagBag from /home/abayturar/airflow-project/venv/lib/python3.12/site-packages/airflow/example_dags/example_setup_teardown_taskflow.py
[2026-03-29T12:16:54.837+0500] {processor.py:840} INFO - DAG(s) 'example_setup_teardown_taskflow' retrieved from /home/abayturar/airflow-project/venv/lib/python3.12/site-packages/airflow/example_dags/example_setup_teardown_taskflow.py
[2026-03-29T12:16:54.854+0500] {logging_mixin.py:188} INFO - [2026-03-29T12:16:54.854+0500] {dag.py:3089} INFO - Sync 1 DAGs
[2026-03-29T12:16:54.960+0500] {logging_mixin.py:188} INFO - [2026-03-29T12:16:54.960+0500] {dag.py:3947} INFO - Setting next_dagrun for example_setup_teardown_taskflow to 2026-03-28 00:00:00+00:00, run_after=2026-03-29 00:00:00+00:00
[2026-03-29T12:16:54.974+0500] {processor.py:183} INFO - Processing /home/abayturar/airflow-project/venv/lib/python3.12/site-packages/airflow/example_dags/example_setup_teardown_taskflow.py took 0.154 seconds
[2026-03-29T12:17:47.209+0500] {processor.py:161} INFO - Started process (PID=2197) to work on /home/abayturar/airflow-project/venv/lib/python3.12/site-packages/airflow/example_dags/example_setup_teardown_taskflow.py
[2026-03-29T12:17:47.210+0500] {processor.py:830} INFO - Processing file /home/abayturar/airflow-project/venv/lib/python3.12/site-packages/airflow/example_dags/example_setup_teardown_taskflow.py for tasks to queue
[2026-03-29T12:17:47.212+0500] {logging_mixin.py:188} INFO - [2026-03-29T12:17:47.211+0500] {dagbag.py:545} INFO - Filling up the DagBag from /home/abayturar/airflow-project/venv/lib/python3.12/site-packages/airflow/example_dags/example_setup_teardown_taskflow.py
[2026-03-29T12:17:47.221+0500] {processor.py:840} INFO - DAG(s) 'example_setup_teardown_taskflow' retrieved from /home/abayturar/airflow-project/venv/lib/python3.12/site-packages/airflow/example_dags/example_setup_teardown_taskflow.py
[2026-03-29T12:17:47.237+0500] {logging_mixin.py:188} INFO - [2026-03-29T12:17:47.236+0500] {dag.py:3089} INFO - Sync 1 DAGs
[2026-03-29T12:17:47.251+0500] {logging_mixin.py:188} INFO - [2026-03-29T12:17:47.250+0500] {dag.py:3947} INFO - Setting next_dagrun for example_setup_teardown_taskflow to 2026-03-28 00:00:00+00:00, run_after=2026-03-29 00:00:00+00:00
[2026-03-29T12:17:47.307+0500] {processor.py:183} INFO - Processing /home/abayturar/airflow-project/venv/lib/python3.12/site-packages/airflow/example_dags/example_setup_teardown_taskflow.py took 0.104 seconds
[2026-03-29T12:18:38.250+0500] {processor.py:161} INFO - Started process (PID=2329) to work on /home/abayturar/airflow-project/venv/lib/python3.12/site-packages/airflow/example_dags/example_setup_teardown_taskflow.py
[2026-03-29T12:18:38.251+0500] {processor.py:830} INFO - Processing file /home/abayturar/airflow-project/venv/lib/python3.12/site-packages/airflow/example_dags/example_setup_teardown_taskflow.py for tasks to queue
[2026-03-29T12:18:38.254+0500] {logging_mixin.py:188} INFO - [2026-03-29T12:18:38.254+0500] {dagbag.py:545} INFO - Filling up the DagBag from /home/abayturar/airflow-project/venv/lib/python3.12/site-packages/airflow/example_dags/example_setup_teardown_taskflow.py
[2026-03-29T12:18:38.263+0500] {processor.py:840} INFO - DAG(s) 'example_setup_teardown_taskflow' retrieved from /home/abayturar/airflow-project/venv/lib/python3.12/site-packages/airflow/example_dags/example_setup_teardown_taskflow.py
[2026-03-29T12:18:38.280+0500] {logging_mixin.py:188} INFO - [2026-03-29T12:18:38.280+0500] {dag.py:3089} INFO - Sync 1 DAGs
[2026-03-29T12:18:38.294+0500] {logging_mixin.py:188} INFO - [2026-03-29T12:18:38.294+0500] {dag.py:3947} INFO - Setting next_dagrun for example_setup_teardown_taskflow to 2026-03-28 00:00:00+00:00, run_after=2026-03-29 00:00:00+00:00
[2026-03-29T12:18:38.349+0500] {processor.py:183} INFO - Processing /home/abayturar/airflow-project/venv/lib/python3.12/site-packages/airflow/example_dags/example_setup_teardown_taskflow.py took 0.105 seconds
[2026-03-29T12:19:30.017+0500] {processor.py:161} INFO - Started process (PID=2465) to work on /home/abayturar/airflow-project/venv/lib/python3.12/site-packages/airflow/example_dags/example_setup_teardown_taskflow.py
[2026-03-29T12:19:30.018+0500] {processor.py:830} INFO - Processing file /home/abayturar/airflow-project/venv/lib/python3.12/site-packages/airflow/example_dags/example_setup_teardown_taskflow.py for tasks to queue
[2026-03-29T12:19:30.020+0500] {logging_mixin.py:188} INFO - [2026-03-29T12:19:30.020+0500] {dagbag.py:545} INFO - Filling up the DagBag from /home/abayturar/airflow-project/venv/lib/python3.12/site-packages/airflow/example_dags/example_setup_teardown_taskflow.py
[2026-03-29T12:19:30.030+0500] {processor.py:840} INFO - DAG(s) 'example_setup_teardown_taskflow' retrieved from /home/abayturar/airflow-project/venv/lib/python3.12/site-packages/airflow/example_dags/example_setup_teardown_taskflow.py
[2026-03-29T12:19:30.048+0500] {logging_mixin.py:188} INFO - [2026-03-29T12:19:30.048+0500] {dag.py:3089} INFO - Sync 1 DAGs
[2026-03-29T12:19:30.062+0500] {logging_mixin.py:188} INFO - [2026-03-29T12:19:30.062+0500] {dag.py:3947} INFO - Setting next_dagrun for example_setup_teardown_taskflow to 2026-03-28 00:00:00+00:00, run_after=2026-03-29 00:00:00+00:00
[2026-03-29T12:19:30.118+0500] {processor.py:183} INFO - Processing /home/abayturar/airflow-project/venv/lib/python3.12/site-packages/airflow/example_dags/example_setup_teardown_taskflow.py took 0.108 seconds
[2026-03-29T12:20:21.838+0500] {processor.py:161} INFO - Started process (PID=2601) to work on /home/abayturar/airflow-project/venv/lib/python3.12/site-packages/airflow/example_dags/example_setup_teardown_taskflow.py
[2026-03-29T12:20:21.839+0500] {processor.py:830} INFO - Processing file /home/abayturar/airflow-project/venv/lib/python3.12/site-packages/airflow/example_dags/example_setup_teardown_taskflow.py for tasks to queue
[2026-03-29T12:20:21.841+0500] {logging_mixin.py:188} INFO - [2026-03-29T12:20:21.841+0500] {dagbag.py:545} INFO - Filling up the DagBag from /home/abayturar/airflow-project/venv/lib/python3.12/site-packages/airflow/example_dags/example_setup_teardown_taskflow.py
[2026-03-29T12:20:21.850+0500] {processor.py:840} INFO - DAG(s) 'example_setup_teardown_taskflow' retrieved from /home/abayturar/airflow-project/venv/lib/python3.12/site-packages/airflow/example_dags/example_setup_teardown_taskflow.py
[2026-03-29T12:20:21.866+0500] {logging_mixin.py:188} INFO - [2026-03-29T12:20:21.866+0500] {dag.py:3089} INFO - Sync 1 DAGs
[2026-03-29T12:20:21.881+0500] {logging_mixin.py:188} INFO - [2026-03-29T12:20:21.881+0500] {dag.py:3947} INFO - Setting next_dagrun for example_setup_teardown_taskflow to 2026-03-28 00:00:00+00:00, run_after=2026-03-29 00:00:00+00:00
[2026-03-29T12:20:21.897+0500] {processor.py:183} INFO - Processing /home/abayturar/airflow-project/venv/lib/python3.12/site-packages/airflow/example_dags/example_setup_teardown_taskflow.py took 0.065 seconds
[2026-03-29T12:21:15.651+0500] {processor.py:161} INFO - Started process (PID=2741) to work on /home/abayturar/airflow-project/venv/lib/python3.12/site-packages/airflow/example_dags/example_setup_teardown_taskflow.py
[2026-03-29T12:21:15.652+0500] {processor.py:830} INFO - Processing file /home/abayturar/airflow-project/venv/lib/python3.12/site-packages/airflow/example_dags/example_setup_teardown_taskflow.py for tasks to queue
[2026-03-29T12:21:15.656+0500] {logging_mixin.py:188} INFO - [2026-03-29T12:21:15.655+0500] {dagbag.py:545} INFO - Filling up the DagBag from /home/abayturar/airflow-project/venv/lib/python3.12/site-packages/airflow/example_dags/example_setup_teardown_taskflow.py
[2026-03-29T12:21:15.666+0500] {processor.py:840} INFO - DAG(s) 'example_setup_teardown_taskflow' retrieved from /home/abayturar/airflow-project/venv/lib/python3.12/site-packages/airflow/example_dags/example_setup_teardown_taskflow.py
[2026-03-29T12:21:15.686+0500] {logging_mixin.py:188} INFO - [2026-03-29T12:21:15.686+0500] {dag.py:3089} INFO - Sync 1 DAGs
[2026-03-29T12:21:15.705+0500] {logging_mixin.py:188} INFO - [2026-03-29T12:21:15.705+0500] {dag.py:3947} INFO - Setting next_dagrun for example_setup_teardown_taskflow to 2026-03-28 00:00:00+00:00, run_after=2026-03-29 00:00:00+00:00
[2026-03-29T12:21:15.759+0500] {processor.py:183} INFO - Processing /home/abayturar/airflow-project/venv/lib/python3.12/site-packages/airflow/example_dags/example_setup_teardown_taskflow.py took 0.116 seconds
[2026-03-29T12:22:06.460+0500] {processor.py:161} INFO - Started process (PID=2931) to work on /home/abayturar/airflow-project/venv/lib/python3.12/site-packages/airflow/example_dags/example_setup_teardown_taskflow.py
[2026-03-29T12:22:06.461+0500] {processor.py:830} INFO - Processing file /home/abayturar/airflow-project/venv/lib/python3.12/site-packages/airflow/example_dags/example_setup_teardown_taskflow.py for tasks to queue
[2026-03-29T12:22:06.463+0500] {logging_mixin.py:188} INFO - [2026-03-29T12:22:06.462+0500] {dagbag.py:545} INFO - Filling up the DagBag from /home/abayturar/airflow-project/venv/lib/python3.12/site-packages/airflow/example_dags/example_setup_teardown_taskflow.py
[2026-03-29T12:22:06.471+0500] {processor.py:840} INFO - DAG(s) 'example_setup_teardown_taskflow' retrieved from /home/abayturar/airflow-project/venv/lib/python3.12/site-packages/airflow/example_dags/example_setup_teardown_taskflow.py
[2026-03-29T12:22:06.487+0500] {logging_mixin.py:188} INFO - [2026-03-29T12:22:06.487+0500] {dag.py:3089} INFO - Sync 1 DAGs
[2026-03-29T12:22:06.501+0500] {logging_mixin.py:188} INFO - [2026-03-29T12:22:06.501+0500] {dag.py:3947} INFO - Setting next_dagrun for example_setup_teardown_taskflow to 2026-03-28 00:00:00+00:00, run_after=2026-03-29 00:00:00+00:00
[2026-03-29T12:22:06.555+0500] {processor.py:183} INFO - Processing /home/abayturar/airflow-project/venv/lib/python3.12/site-packages/airflow/example_dags/example_setup_teardown_taskflow.py took 0.100 seconds
[2026-03-29T12:22:58.477+0500] {processor.py:161} INFO - Started process (PID=3199) to work on /home/abayturar/airflow-project/venv/lib/python3.12/site-packages/airflow/example_dags/example_setup_teardown_taskflow.py
[2026-03-29T12:22:58.478+0500] {processor.py:830} INFO - Processing file /home/abayturar/airflow-project/venv/lib/python3.12/site-packages/airflow/example_dags/example_setup_teardown_taskflow.py for tasks to queue
[2026-03-29T12:22:58.479+0500] {logging_mixin.py:188} INFO - [2026-03-29T12:22:58.479+0500] {dagbag.py:545} INFO - Filling up the DagBag from /home/abayturar/airflow-project/venv/lib/python3.12/site-packages/airflow/example_dags/example_setup_teardown_taskflow.py
[2026-03-29T12:22:58.488+0500] {processor.py:840} INFO - DAG(s) 'example_setup_teardown_taskflow' retrieved from /home/abayturar/airflow-project/venv/lib/python3.12/site-packages/airflow/example_dags/example_setup_teardown_taskflow.py
[2026-03-29T12:22:58.506+0500] {logging_mixin.py:188} INFO - [2026-03-29T12:22:58.506+0500] {dag.py:3089} INFO - Sync 1 DAGs
[2026-03-29T12:22:58.521+0500] {logging_mixin.py:188} INFO - [2026-03-29T12:22:58.520+0500] {dag.py:3947} INFO - Setting next_dagrun for example_setup_teardown_taskflow to 2026-03-28 00:00:00+00:00, run_after=2026-03-29 00:00:00+00:00
[2026-03-29T12:22:58.577+0500] {processor.py:183} INFO - Processing /home/abayturar/airflow-project/venv/lib/python3.12/site-packages/airflow/example_dags/example_setup_teardown_taskflow.py took 0.107 seconds
[2026-03-29T12:23:51.535+0500] {processor.py:161} INFO - Started process (PID=3385) to work on /home/abayturar/airflow-project/venv/lib/python3.12/site-packages/airflow/example_dags/example_setup_teardown_taskflow.py
[2026-03-29T12:23:51.536+0500] {processor.py:830} INFO - Processing file /home/abayturar/airflow-project/venv/lib/python3.12/site-packages/airflow/example_dags/example_setup_teardown_taskflow.py for tasks to queue
[2026-03-29T12:23:51.538+0500] {logging_mixin.py:188} INFO - [2026-03-29T12:23:51.538+0500] {dagbag.py:545} INFO - Filling up the DagBag from /home/abayturar/airflow-project/venv/lib/python3.12/site-packages/airflow/example_dags/example_setup_teardown_taskflow.py
[2026-03-29T12:23:51.548+0500] {processor.py:840} INFO - DAG(s) 'example_setup_teardown_taskflow' retrieved from /home/abayturar/airflow-project/venv/lib/python3.12/site-packages/airflow/example_dags/example_setup_teardown_taskflow.py
[2026-03-29T12:23:51.567+0500] {logging_mixin.py:188} INFO - [2026-03-29T12:23:51.567+0500] {dag.py:3089} INFO - Sync 1 DAGs
[2026-03-29T12:23:51.584+0500] {logging_mixin.py:188} INFO - [2026-03-29T12:23:51.584+0500] {dag.py:3947} INFO - Setting next_dagrun for example_setup_teardown_taskflow to 2026-03-28 00:00:00+00:00, run_after=2026-03-29 00:00:00+00:00
[2026-03-29T12:23:51.641+0500] {processor.py:183} INFO - Processing /home/abayturar/airflow-project/venv/lib/python3.12/site-packages/airflow/example_dags/example_setup_teardown_taskflow.py took 0.111 seconds
[2026-03-29T12:24:43.590+0500] {processor.py:161} INFO - Started process (PID=3559) to work on /home/abayturar/airflow-project/venv/lib/python3.12/site-packages/airflow/example_dags/example_setup_teardown_taskflow.py
[2026-03-29T12:24:43.591+0500] {processor.py:830} INFO - Processing file /home/abayturar/airflow-project/venv/lib/python3.12/site-packages/airflow/example_dags/example_setup_teardown_taskflow.py for tasks to queue
[2026-03-29T12:24:43.592+0500] {logging_mixin.py:188} INFO - [2026-03-29T12:24:43.592+0500] {dagbag.py:545} INFO - Filling up the DagBag from /home/abayturar/airflow-project/venv/lib/python3.12/site-packages/airflow/example_dags/example_setup_teardown_taskflow.py
[2026-03-29T12:24:43.601+0500] {processor.py:840} INFO - DAG(s) 'example_setup_teardown_taskflow' retrieved from /home/abayturar/airflow-project/venv/lib/python3.12/site-packages/airflow/example_dags/example_setup_teardown_taskflow.py
[2026-03-29T12:24:43.616+0500] {logging_mixin.py:188} INFO - [2026-03-29T12:24:43.615+0500] {dag.py:3089} INFO - Sync 1 DAGs
[2026-03-29T12:24:43.629+0500] {logging_mixin.py:188} INFO - [2026-03-29T12:24:43.629+0500] {dag.py:3947} INFO - Setting next_dagrun for example_setup_teardown_taskflow to 2026-03-28 00:00:00+00:00, run_after=2026-03-29 00:00:00+00:00
[2026-03-29T12:24:43.682+0500] {processor.py:183} INFO - Processing /home/abayturar/airflow-project/venv/lib/python3.12/site-packages/airflow/example_dags/example_setup_teardown_taskflow.py took 0.098 seconds
[2026-03-29T12:25:38.034+0500] {processor.py:161} INFO - Started process (PID=3708) to work on /home/abayturar/airflow-project/venv/lib/python3.12/site-packages/airflow/example_dags/example_setup_teardown_taskflow.py
[2026-03-29T12:25:38.035+0500] {processor.py:830} INFO - Processing file /home/abayturar/airflow-project/venv/lib/python3.12/site-packages/airflow/example_dags/example_setup_teardown_taskflow.py for tasks to queue
[2026-03-29T12:25:38.037+0500] {logging_mixin.py:188} INFO - [2026-03-29T12:25:38.036+0500] {dagbag.py:545} INFO - Filling up the DagBag from /home/abayturar/airflow-project/venv/lib/python3.12/site-packages/airflow/example_dags/example_setup_teardown_taskflow.py
[2026-03-29T12:25:38.045+0500] {processor.py:840} INFO - DAG(s) 'example_setup_teardown_taskflow' retrieved from /home/abayturar/airflow-project/venv/lib/python3.12/site-packages/airflow/example_dags/example_setup_teardown_taskflow.py
[2026-03-29T12:25:38.061+0500] {logging_mixin.py:188} INFO - [2026-03-29T12:25:38.061+0500] {dag.py:3089} INFO - Sync 1 DAGs
[2026-03-29T12:25:38.075+0500] {logging_mixin.py:188} INFO - [2026-03-29T12:25:38.074+0500] {dag.py:3947} INFO - Setting next_dagrun for example_setup_teardown_taskflow to 2026-03-28 00:00:00+00:00, run_after=2026-03-29 00:00:00+00:00
[2026-03-29T12:25:38.129+0500] {processor.py:183} INFO - Processing /home/abayturar/airflow-project/venv/lib/python3.12/site-packages/airflow/example_dags/example_setup_teardown_taskflow.py took 0.101 seconds
[2026-03-29T12:26:26.763+0500] {processor.py:161} INFO - Started process (PID=4016) to work on /home/abayturar/airflow-project/venv/lib/python3.12/site-packages/airflow/example_dags/example_setup_teardown_taskflow.py
[2026-03-29T12:26:26.764+0500] {processor.py:830} INFO - Processing file /home/abayturar/airflow-project/venv/lib/python3.12/site-packages/airflow/example_dags/example_setup_teardown_taskflow.py for tasks to queue
[2026-03-29T12:26:26.766+0500] {logging_mixin.py:188} INFO - [2026-03-29T12:26:26.766+0500] {dagbag.py:545} INFO - Filling up the DagBag from /home/abayturar/airflow-project/venv/lib/python3.12/site-packages/airflow/example_dags/example_setup_teardown_taskflow.py
[2026-03-29T12:26:26.775+0500] {processor.py:840} INFO - DAG(s) 'example_setup_teardown_taskflow' retrieved from /home/abayturar/airflow-project/venv/lib/python3.12/site-packages/airflow/example_dags/example_setup_teardown_taskflow.py
[2026-03-29T12:26:26.792+0500] {logging_mixin.py:188} INFO - [2026-03-29T12:26:26.792+0500] {dag.py:3089} INFO - Sync 1 DAGs
[2026-03-29T12:26:26.807+0500] {logging_mixin.py:188} INFO - [2026-03-29T12:26:26.806+0500] {dag.py:3947} INFO - Setting next_dagrun for example_setup_teardown_taskflow to 2026-03-28 00:00:00+00:00, run_after=2026-03-29 00:00:00+00:00
[2026-03-29T12:26:26.864+0500] {processor.py:183} INFO - Processing /home/abayturar/airflow-project/venv/lib/python3.12/site-packages/airflow/example_dags/example_setup_teardown_taskflow.py took 0.107 seconds
[2026-03-29T12:27:16.206+0500] {processor.py:161} INFO - Started process (PID=4222) to work on /home/abayturar/airflow-project/venv/lib/python3.12/site-packages/airflow/example_dags/example_setup_teardown_taskflow.py
[2026-03-29T12:27:16.207+0500] {processor.py:830} INFO - Processing file /home/abayturar/airflow-project/venv/lib/python3.12/site-packages/airflow/example_dags/example_setup_teardown_taskflow.py for tasks to queue
[2026-03-29T12:27:16.208+0500] {logging_mixin.py:188} INFO - [2026-03-29T12:27:16.208+0500] {dagbag.py:545} INFO - Filling up the DagBag from /home/abayturar/airflow-project/venv/lib/python3.12/site-packages/airflow/example_dags/example_setup_teardown_taskflow.py
[2026-03-29T12:27:16.217+0500] {processor.py:840} INFO - DAG(s) 'example_setup_teardown_taskflow' retrieved from /home/abayturar/airflow-project/venv/lib/python3.12/site-packages/airflow/example_dags/example_setup_teardown_taskflow.py
[2026-03-29T12:27:16.232+0500] {logging_mixin.py:188} INFO - [2026-03-29T12:27:16.232+0500] {dag.py:3089} INFO - Sync 1 DAGs
[2026-03-29T12:27:16.245+0500] {logging_mixin.py:188} INFO - [2026-03-29T12:27:16.245+0500] {dag.py:3947} INFO - Setting next_dagrun for example_setup_teardown_taskflow to 2026-03-28 00:00:00+00:00, run_after=2026-03-29 00:00:00+00:00
[2026-03-29T12:27:16.298+0500] {processor.py:183} INFO - Processing /home/abayturar/airflow-project/venv/lib/python3.12/site-packages/airflow/example_dags/example_setup_teardown_taskflow.py took 0.099 seconds
[2026-03-29T12:28:05.643+0500] {processor.py:161} INFO - Started process (PID=4472) to work on /home/abayturar/airflow-project/venv/lib/python3.12/site-packages/airflow/example_dags/example_setup_teardown_taskflow.py
[2026-03-29T12:28:05.644+0500] {processor.py:830} INFO - Processing file /home/abayturar/airflow-project/venv/lib/python3.12/site-packages/airflow/example_dags/example_setup_teardown_taskflow.py for tasks to queue
[2026-03-29T12:28:05.646+0500] {logging_mixin.py:188} INFO - [2026-03-29T12:28:05.645+0500] {dagbag.py:545} INFO - Filling up the DagBag from /home/abayturar/airflow-project/venv/lib/python3.12/site-packages/airflow/example_dags/example_setup_teardown_taskflow.py
[2026-03-29T12:28:05.655+0500] {processor.py:840} INFO - DAG(s) 'example_setup_teardown_taskflow' retrieved from /home/abayturar/airflow-project/venv/lib/python3.12/site-packages/airflow/example_dags/example_setup_teardown_taskflow.py
[2026-03-29T12:28:05.674+0500] {logging_mixin.py:188} INFO - [2026-03-29T12:28:05.673+0500] {dag.py:3089} INFO - Sync 1 DAGs
[2026-03-29T12:28:05.689+0500] {logging_mixin.py:188} INFO - [2026-03-29T12:28:05.689+0500] {dag.py:3947} INFO - Setting next_dagrun for example_setup_teardown_taskflow to 2026-03-28 00:00:00+00:00, run_after=2026-03-29 00:00:00+00:00
[2026-03-29T12:28:05.706+0500] {processor.py:183} INFO - Processing /home/abayturar/airflow-project/venv/lib/python3.12/site-packages/airflow/example_dags/example_setup_teardown_taskflow.py took 0.070 seconds
[2026-03-29T12:28:52.262+0500] {processor.py:161} INFO - Started process (PID=4598) to work on /home/abayturar/airflow-project/venv/lib/python3.12/site-packages/airflow/example_dags/example_setup_teardown_taskflow.py
[2026-03-29T12:28:52.263+0500] {processor.py:830} INFO - Processing file /home/abayturar/airflow-project/venv/lib/python3.12/site-packages/airflow/example_dags/example_setup_teardown_taskflow.py for tasks to queue
[2026-03-29T12:28:52.265+0500] {logging_mixin.py:188} INFO - [2026-03-29T12:28:52.264+0500] {dagbag.py:545} INFO - Filling up the DagBag from /home/abayturar/airflow-project/venv/lib/python3.12/site-packages/airflow/example_dags/example_setup_teardown_taskflow.py
[2026-03-29T12:28:52.274+0500] {processor.py:840} INFO - DAG(s) 'example_setup_teardown_taskflow' retrieved from /home/abayturar/airflow-project/venv/lib/python3.12/site-packages/airflow/example_dags/example_setup_teardown_taskflow.py
[2026-03-29T12:28:52.292+0500] {logging_mixin.py:188} INFO - [2026-03-29T12:28:52.292+0500] {dag.py:3089} INFO - Sync 1 DAGs
[2026-03-29T12:28:52.307+0500] {logging_mixin.py:188} INFO - [2026-03-29T12:28:52.307+0500] {dag.py:3947} INFO - Setting next_dagrun for example_setup_teardown_taskflow to 2026-03-28 00:00:00+00:00, run_after=2026-03-29 00:00:00+00:00
[2026-03-29T12:28:52.325+0500] {processor.py:183} INFO - Processing /home/abayturar/airflow-project/venv/lib/python3.12/site-packages/airflow/example_dags/example_setup_teardown_taskflow.py took 0.069 seconds
[2026-03-29T12:29:42.127+0500] {processor.py:161} INFO - Started process (PID=4768) to work on /home/abayturar/airflow-project/venv/lib/python3.12/site-packages/airflow/example_dags/example_setup_teardown_taskflow.py
[2026-03-29T12:29:42.128+0500] {processor.py:830} INFO - Processing file /home/abayturar/airflow-project/venv/lib/python3.12/site-packages/airflow/example_dags/example_setup_teardown_taskflow.py for tasks to queue
[2026-03-29T12:29:42.130+0500] {logging_mixin.py:188} INFO - [2026-03-29T12:29:42.130+0500] {dagbag.py:545} INFO - Filling up the DagBag from /home/abayturar/airflow-project/venv/lib/python3.12/site-packages/airflow/example_dags/example_setup_teardown_taskflow.py
[2026-03-29T12:29:42.141+0500] {processor.py:840} INFO - DAG(s) 'example_setup_teardown_taskflow' retrieved from /home/abayturar/airflow-project/venv/lib/python3.12/site-packages/airflow/example_dags/example_setup_teardown_taskflow.py
[2026-03-29T12:29:42.159+0500] {logging_mixin.py:188} INFO - [2026-03-29T12:29:42.159+0500] {dag.py:3089} INFO - Sync 1 DAGs
[2026-03-29T12:29:42.175+0500] {logging_mixin.py:188} INFO - [2026-03-29T12:29:42.175+0500] {dag.py:3947} INFO - Setting next_dagrun for example_setup_teardown_taskflow to 2026-03-28 00:00:00+00:00, run_after=2026-03-29 00:00:00+00:00
[2026-03-29T12:29:42.193+0500] {processor.py:183} INFO - Processing /home/abayturar/airflow-project/venv/lib/python3.12/site-packages/airflow/example_dags/example_setup_teardown_taskflow.py took 0.075 seconds
[2026-03-29T12:30:31.766+0500] {processor.py:161} INFO - Started process (PID=5035) to work on /home/abayturar/airflow-project/venv/lib/python3.12/site-packages/airflow/example_dags/example_setup_teardown_taskflow.py
[2026-03-29T12:30:31.767+0500] {processor.py:830} INFO - Processing file /home/abayturar/airflow-project/venv/lib/python3.12/site-packages/airflow/example_dags/example_setup_teardown_taskflow.py for tasks to queue
[2026-03-29T12:30:31.769+0500] {logging_mixin.py:188} INFO - [2026-03-29T12:30:31.769+0500] {dagbag.py:545} INFO - Filling up the DagBag from /home/abayturar/airflow-project/venv/lib/python3.12/site-packages/airflow/example_dags/example_setup_teardown_taskflow.py
[2026-03-29T12:30:31.778+0500] {processor.py:840} INFO - DAG(s) 'example_setup_teardown_taskflow' retrieved from /home/abayturar/airflow-project/venv/lib/python3.12/site-packages/airflow/example_dags/example_setup_teardown_taskflow.py
[2026-03-29T12:30:31.793+0500] {logging_mixin.py:188} INFO - [2026-03-29T12:30:31.793+0500] {dag.py:3089} INFO - Sync 1 DAGs
[2026-03-29T12:30:31.809+0500] {logging_mixin.py:188} INFO - [2026-03-29T12:30:31.809+0500] {dag.py:3947} INFO - Setting next_dagrun for example_setup_teardown_taskflow to 2026-03-28 00:00:00+00:00, run_after=2026-03-29 00:00:00+00:00
[2026-03-29T12:30:31.828+0500] {processor.py:183} INFO - Processing /home/abayturar/airflow-project/venv/lib/python3.12/site-packages/airflow/example_dags/example_setup_teardown_taskflow.py took 0.068 seconds
[2026-03-29T12:31:21.535+0500] {processor.py:161} INFO - Started process (PID=5289) to work on /home/abayturar/airflow-project/venv/lib/python3.12/site-packages/airflow/example_dags/example_setup_teardown_taskflow.py
[2026-03-29T12:31:21.537+0500] {processor.py:830} INFO - Processing file /home/abayturar/airflow-project/venv/lib/python3.12/site-packages/airflow/example_dags/example_setup_teardown_taskflow.py for tasks to queue
[2026-03-29T12:31:21.538+0500] {logging_mixin.py:188} INFO - [2026-03-29T12:31:21.538+0500] {dagbag.py:545} INFO - Filling up the DagBag from /home/abayturar/airflow-project/venv/lib/python3.12/site-packages/airflow/example_dags/example_setup_teardown_taskflow.py
[2026-03-29T12:31:21.548+0500] {processor.py:840} INFO - DAG(s) 'example_setup_teardown_taskflow' retrieved from /home/abayturar/airflow-project/venv/lib/python3.12/site-packages/airflow/example_dags/example_setup_teardown_taskflow.py
[2026-03-29T12:31:21.564+0500] {logging_mixin.py:188} INFO - [2026-03-29T12:31:21.564+0500] {dag.py:3089} INFO - Sync 1 DAGs
[2026-03-29T12:31:21.577+0500] {logging_mixin.py:188} INFO - [2026-03-29T12:31:21.577+0500] {dag.py:3947} INFO - Setting next_dagrun for example_setup_teardown_taskflow to 2026-03-28 00:00:00+00:00, run_after=2026-03-29 00:00:00+00:00
[2026-03-29T12:31:21.633+0500] {processor.py:183} INFO - Processing /home/abayturar/airflow-project/venv/lib/python3.12/site-packages/airflow/example_dags/example_setup_teardown_taskflow.py took 0.104 seconds
[2026-03-29T12:32:09.556+0500] {processor.py:161} INFO - Started process (PID=5784) to work on /home/abayturar/airflow-project/venv/lib/python3.12/site-packages/airflow/example_dags/example_setup_teardown_taskflow.py
[2026-03-29T12:32:09.557+0500] {processor.py:830} INFO - Processing file /home/abayturar/airflow-project/venv/lib/python3.12/site-packages/airflow/example_dags/example_setup_teardown_taskflow.py for tasks to queue
[2026-03-29T12:32:09.559+0500] {logging_mixin.py:188} INFO - [2026-03-29T12:32:09.558+0500] {dagbag.py:545} INFO - Filling up the DagBag from /home/abayturar/airflow-project/venv/lib/python3.12/site-packages/airflow/example_dags/example_setup_teardown_taskflow.py
[2026-03-29T12:32:09.568+0500] {processor.py:840} INFO - DAG(s) 'example_setup_teardown_taskflow' retrieved from /home/abayturar/airflow-project/venv/lib/python3.12/site-packages/airflow/example_dags/example_setup_teardown_taskflow.py
[2026-03-29T12:32:09.586+0500] {logging_mixin.py:188} INFO - [2026-03-29T12:32:09.585+0500] {dag.py:3089} INFO - Sync 1 DAGs
[2026-03-29T12:32:09.602+0500] {logging_mixin.py:188} INFO - [2026-03-29T12:32:09.602+0500] {dag.py:3947} INFO - Setting next_dagrun for example_setup_teardown_taskflow to 2026-03-28 00:00:00+00:00, run_after=2026-03-29 00:00:00+00:00
[2026-03-29T12:32:09.658+0500] {processor.py:183} INFO - Processing /home/abayturar/airflow-project/venv/lib/python3.12/site-packages/airflow/example_dags/example_setup_teardown_taskflow.py took 0.108 seconds
[2026-03-29T12:32:56.113+0500] {processor.py:161} INFO - Started process (PID=6091) to work on /home/abayturar/airflow-project/venv/lib/python3.12/site-packages/airflow/example_dags/example_setup_teardown_taskflow.py
[2026-03-29T12:32:56.114+0500] {processor.py:830} INFO - Processing file /home/abayturar/airflow-project/venv/lib/python3.12/site-packages/airflow/example_dags/example_setup_teardown_taskflow.py for tasks to queue
[2026-03-29T12:32:56.116+0500] {logging_mixin.py:188} INFO - [2026-03-29T12:32:56.115+0500] {dagbag.py:545} INFO - Filling up the DagBag from /home/abayturar/airflow-project/venv/lib/python3.12/site-packages/airflow/example_dags/example_setup_teardown_taskflow.py
[2026-03-29T12:32:56.125+0500] {processor.py:840} INFO - DAG(s) 'example_setup_teardown_taskflow' retrieved from /home/abayturar/airflow-project/venv/lib/python3.12/site-packages/airflow/example_dags/example_setup_teardown_taskflow.py
[2026-03-29T12:32:56.144+0500] {logging_mixin.py:188} INFO - [2026-03-29T12:32:56.144+0500] {dag.py:3089} INFO - Sync 1 DAGs
[2026-03-29T12:32:56.161+0500] {logging_mixin.py:188} INFO - [2026-03-29T12:32:56.161+0500] {dag.py:3947} INFO - Setting next_dagrun for example_setup_teardown_taskflow to 2026-03-28 00:00:00+00:00, run_after=2026-03-29 00:00:00+00:00
[2026-03-29T12:32:56.214+0500] {processor.py:183} INFO - Processing /home/abayturar/airflow-project/venv/lib/python3.12/site-packages/airflow/example_dags/example_setup_teardown_taskflow.py took 0.108 seconds
[2026-03-29T12:33:44.289+0500] {processor.py:161} INFO - Started process (PID=6217) to work on /home/abayturar/airflow-project/venv/lib/python3.12/site-packages/airflow/example_dags/example_setup_teardown_taskflow.py
[2026-03-29T12:33:44.290+0500] {processor.py:830} INFO - Processing file /home/abayturar/airflow-project/venv/lib/python3.12/site-packages/airflow/example_dags/example_setup_teardown_taskflow.py for tasks to queue
[2026-03-29T12:33:44.292+0500] {logging_mixin.py:188} INFO - [2026-03-29T12:33:44.291+0500] {dagbag.py:545} INFO - Filling up the DagBag from /home/abayturar/airflow-project/venv/lib/python3.12/site-packages/airflow/example_dags/example_setup_teardown_taskflow.py
[2026-03-29T12:33:44.301+0500] {processor.py:840} INFO - DAG(s) 'example_setup_teardown_taskflow' retrieved from /home/abayturar/airflow-project/venv/lib/python3.12/site-packages/airflow/example_dags/example_setup_teardown_taskflow.py
[2026-03-29T12:33:44.316+0500] {logging_mixin.py:188} INFO - [2026-03-29T12:33:44.316+0500] {dag.py:3089} INFO - Sync 1 DAGs
[2026-03-29T12:33:44.330+0500] {logging_mixin.py:188} INFO - [2026-03-29T12:33:44.329+0500] {dag.py:3947} INFO - Setting next_dagrun for example_setup_teardown_taskflow to 2026-03-28 00:00:00+00:00, run_after=2026-03-29 00:00:00+00:00
[2026-03-29T12:33:44.346+0500] {processor.py:183} INFO - Processing /home/abayturar/airflow-project/venv/lib/python3.12/site-packages/airflow/example_dags/example_setup_teardown_taskflow.py took 0.063 seconds
[2026-03-29T12:34:33.662+0500] {processor.py:161} INFO - Started process (PID=6359) to work on /home/abayturar/airflow-project/venv/lib/python3.12/site-packages/airflow/example_dags/example_setup_teardown_taskflow.py
[2026-03-29T12:34:33.662+0500] {processor.py:830} INFO - Processing file /home/abayturar/airflow-project/venv/lib/python3.12/site-packages/airflow/example_dags/example_setup_teardown_taskflow.py for tasks to queue
[2026-03-29T12:34:33.664+0500] {logging_mixin.py:188} INFO - [2026-03-29T12:34:33.664+0500] {dagbag.py:545} INFO - Filling up the DagBag from /home/abayturar/airflow-project/venv/lib/python3.12/site-packages/airflow/example_dags/example_setup_teardown_taskflow.py
[2026-03-29T12:34:33.674+0500] {processor.py:840} INFO - DAG(s) 'example_setup_teardown_taskflow' retrieved from /home/abayturar/airflow-project/venv/lib/python3.12/site-packages/airflow/example_dags/example_setup_teardown_taskflow.py
[2026-03-29T12:34:33.692+0500] {logging_mixin.py:188} INFO - [2026-03-29T12:34:33.692+0500] {dag.py:3089} INFO - Sync 1 DAGs
[2026-03-29T12:34:33.708+0500] {logging_mixin.py:188} INFO - [2026-03-29T12:34:33.708+0500] {dag.py:3947} INFO - Setting next_dagrun for example_setup_teardown_taskflow to 2026-03-28 00:00:00+00:00, run_after=2026-03-29 00:00:00+00:00
[2026-03-29T12:34:33.724+0500] {processor.py:183} INFO - Processing /home/abayturar/airflow-project/venv/lib/python3.12/site-packages/airflow/example_dags/example_setup_teardown_taskflow.py took 0.069 seconds
[2026-03-29T12:35:23.206+0500] {processor.py:161} INFO - Started process (PID=6489) to work on /home/abayturar/airflow-project/venv/lib/python3.12/site-packages/airflow/example_dags/example_setup_teardown_taskflow.py
[2026-03-29T12:35:23.208+0500] {processor.py:830} INFO - Processing file /home/abayturar/airflow-project/venv/lib/python3.12/site-packages/airflow/example_dags/example_setup_teardown_taskflow.py for tasks to queue
[2026-03-29T12:35:23.210+0500] {logging_mixin.py:188} INFO - [2026-03-29T12:35:23.209+0500] {dagbag.py:545} INFO - Filling up the DagBag from /home/abayturar/airflow-project/venv/lib/python3.12/site-packages/airflow/example_dags/example_setup_teardown_taskflow.py
[2026-03-29T12:35:23.222+0500] {processor.py:840} INFO - DAG(s) 'example_setup_teardown_taskflow' retrieved from /home/abayturar/airflow-project/venv/lib/python3.12/site-packages/airflow/example_dags/example_setup_teardown_taskflow.py
[2026-03-29T12:35:23.241+0500] {logging_mixin.py:188} INFO - [2026-03-29T12:35:23.241+0500] {dag.py:3089} INFO - Sync 1 DAGs
[2026-03-29T12:35:23.255+0500] {logging_mixin.py:188} INFO - [2026-03-29T12:35:23.255+0500] {dag.py:3947} INFO - Setting next_dagrun for example_setup_teardown_taskflow to 2026-03-28 00:00:00+00:00, run_after=2026-03-29 00:00:00+00:00
[2026-03-29T12:35:23.311+0500] {processor.py:183} INFO - Processing /home/abayturar/airflow-project/venv/lib/python3.12/site-packages/airflow/example_dags/example_setup_teardown_taskflow.py took 0.112 seconds
[2026-03-29T12:36:13.715+0500] {processor.py:161} INFO - Started process (PID=6620) to work on /home/abayturar/airflow-project/venv/lib/python3.12/site-packages/airflow/example_dags/example_setup_teardown_taskflow.py
[2026-03-29T12:36:13.716+0500] {processor.py:830} INFO - Processing file /home/abayturar/airflow-project/venv/lib/python3.12/site-packages/airflow/example_dags/example_setup_teardown_taskflow.py for tasks to queue
[2026-03-29T12:36:13.718+0500] {logging_mixin.py:188} INFO - [2026-03-29T12:36:13.717+0500] {dagbag.py:545} INFO - Filling up the DagBag from /home/abayturar/airflow-project/venv/lib/python3.12/site-packages/airflow/example_dags/example_setup_teardown_taskflow.py
[2026-03-29T12:36:13.727+0500] {processor.py:840} INFO - DAG(s) 'example_setup_teardown_taskflow' retrieved from /home/abayturar/airflow-project/venv/lib/python3.12/site-packages/airflow/example_dags/example_setup_teardown_taskflow.py
[2026-03-29T12:36:13.743+0500] {logging_mixin.py:188} INFO - [2026-03-29T12:36:13.743+0500] {dag.py:3089} INFO - Sync 1 DAGs
[2026-03-29T12:36:13.757+0500] {logging_mixin.py:188} INFO - [2026-03-29T12:36:13.757+0500] {dag.py:3947} INFO - Setting next_dagrun for example_setup_teardown_taskflow to 2026-03-28 00:00:00+00:00, run_after=2026-03-29 00:00:00+00:00
[2026-03-29T12:36:13.811+0500] {processor.py:183} INFO - Processing /home/abayturar/airflow-project/venv/lib/python3.12/site-packages/airflow/example_dags/example_setup_teardown_taskflow.py took 0.102 seconds
[2026-03-29T12:37:02.337+0500] {processor.py:161} INFO - Started process (PID=6750) to work on /home/abayturar/airflow-project/venv/lib/python3.12/site-packages/airflow/example_dags/example_setup_teardown_taskflow.py
[2026-03-29T12:37:02.337+0500] {processor.py:830} INFO - Processing file /home/abayturar/airflow-project/venv/lib/python3.12/site-packages/airflow/example_dags/example_setup_teardown_taskflow.py for tasks to queue
[2026-03-29T12:37:02.340+0500] {logging_mixin.py:188} INFO - [2026-03-29T12:37:02.339+0500] {dagbag.py:545} INFO - Filling up the DagBag from /home/abayturar/airflow-project/venv/lib/python3.12/site-packages/airflow/example_dags/example_setup_teardown_taskflow.py
[2026-03-29T12:37:02.350+0500] {processor.py:840} INFO - DAG(s) 'example_setup_teardown_taskflow' retrieved from /home/abayturar/airflow-project/venv/lib/python3.12/site-packages/airflow/example_dags/example_setup_teardown_taskflow.py
[2026-03-29T12:37:02.366+0500] {logging_mixin.py:188} INFO - [2026-03-29T12:37:02.366+0500] {dag.py:3089} INFO - Sync 1 DAGs
[2026-03-29T12:37:02.380+0500] {logging_mixin.py:188} INFO - [2026-03-29T12:37:02.380+0500] {dag.py:3947} INFO - Setting next_dagrun for example_setup_teardown_taskflow to 2026-03-28 00:00:00+00:00, run_after=2026-03-29 00:00:00+00:00
[2026-03-29T12:37:02.439+0500] {processor.py:183} INFO - Processing /home/abayturar/airflow-project/venv/lib/python3.12/site-packages/airflow/example_dags/example_setup_teardown_taskflow.py took 0.108 seconds
[2026-03-29T12:37:52.203+0500] {processor.py:161} INFO - Started process (PID=6881) to work on /home/abayturar/airflow-project/venv/lib/python3.12/site-packages/airflow/example_dags/example_setup_teardown_taskflow.py
[2026-03-29T12:37:52.204+0500] {processor.py:830} INFO - Processing file /home/abayturar/airflow-project/venv/lib/python3.12/site-packages/airflow/example_dags/example_setup_teardown_taskflow.py for tasks to queue
[2026-03-29T12:37:52.206+0500] {logging_mixin.py:188} INFO - [2026-03-29T12:37:52.206+0500] {dagbag.py:545} INFO - Filling up the DagBag from /home/abayturar/airflow-project/venv/lib/python3.12/site-packages/airflow/example_dags/example_setup_teardown_taskflow.py
[2026-03-29T12:37:52.216+0500] {processor.py:840} INFO - DAG(s) 'example_setup_teardown_taskflow' retrieved from /home/abayturar/airflow-project/venv/lib/python3.12/site-packages/airflow/example_dags/example_setup_teardown_taskflow.py
[2026-03-29T12:37:52.232+0500] {logging_mixin.py:188} INFO - [2026-03-29T12:37:52.232+0500] {dag.py:3089} INFO - Sync 1 DAGs
[2026-03-29T12:37:52.247+0500] {logging_mixin.py:188} INFO - [2026-03-29T12:37:52.247+0500] {dag.py:3947} INFO - Setting next_dagrun for example_setup_teardown_taskflow to 2026-03-28 00:00:00+00:00, run_after=2026-03-29 00:00:00+00:00
[2026-03-29T12:37:52.302+0500] {processor.py:183} INFO - Processing /home/abayturar/airflow-project/venv/lib/python3.12/site-packages/airflow/example_dags/example_setup_teardown_taskflow.py took 0.105 seconds
[2026-03-29T12:38:44.188+0500] {processor.py:161} INFO - Started process (PID=7015) to work on /home/abayturar/airflow-project/venv/lib/python3.12/site-packages/airflow/example_dags/example_setup_teardown_taskflow.py
[2026-03-29T12:38:44.189+0500] {processor.py:830} INFO - Processing file /home/abayturar/airflow-project/venv/lib/python3.12/site-packages/airflow/example_dags/example_setup_teardown_taskflow.py for tasks to queue
[2026-03-29T12:38:44.191+0500] {logging_mixin.py:188} INFO - [2026-03-29T12:38:44.190+0500] {dagbag.py:545} INFO - Filling up the DagBag from /home/abayturar/airflow-project/venv/lib/python3.12/site-packages/airflow/example_dags/example_setup_teardown_taskflow.py
[2026-03-29T12:38:44.199+0500] {processor.py:840} INFO - DAG(s) 'example_setup_teardown_taskflow' retrieved from /home/abayturar/airflow-project/venv/lib/python3.12/site-packages/airflow/example_dags/example_setup_teardown_taskflow.py
[2026-03-29T12:38:44.215+0500] {logging_mixin.py:188} INFO - [2026-03-29T12:38:44.215+0500] {dag.py:3089} INFO - Sync 1 DAGs
[2026-03-29T12:38:44.229+0500] {logging_mixin.py:188} INFO - [2026-03-29T12:38:44.229+0500] {dag.py:3947} INFO - Setting next_dagrun for example_setup_teardown_taskflow to 2026-03-28 00:00:00+00:00, run_after=2026-03-29 00:00:00+00:00
[2026-03-29T12:38:44.284+0500] {processor.py:183} INFO - Processing /home/abayturar/airflow-project/venv/lib/python3.12/site-packages/airflow/example_dags/example_setup_teardown_taskflow.py took 0.102 seconds
[2026-03-29T12:39:35.981+0500] {processor.py:161} INFO - Started process (PID=7150) to work on /home/abayturar/airflow-project/venv/lib/python3.12/site-packages/airflow/example_dags/example_setup_teardown_taskflow.py
[2026-03-29T12:39:35.981+0500] {processor.py:830} INFO - Processing file /home/abayturar/airflow-project/venv/lib/python3.12/site-packages/airflow/example_dags/example_setup_teardown_taskflow.py for tasks to queue
[2026-03-29T12:39:35.983+0500] {logging_mixin.py:188} INFO - [2026-03-29T12:39:35.983+0500] {dagbag.py:545} INFO - Filling up the DagBag from /home/abayturar/airflow-project/venv/lib/python3.12/site-packages/airflow/example_dags/example_setup_teardown_taskflow.py
[2026-03-29T12:39:35.991+0500] {processor.py:840} INFO - DAG(s) 'example_setup_teardown_taskflow' retrieved from /home/abayturar/airflow-project/venv/lib/python3.12/site-packages/airflow/example_dags/example_setup_teardown_taskflow.py
[2026-03-29T12:39:36.008+0500] {logging_mixin.py:188} INFO - [2026-03-29T12:39:36.008+0500] {dag.py:3089} INFO - Sync 1 DAGs
[2026-03-29T12:39:36.021+0500] {logging_mixin.py:188} INFO - [2026-03-29T12:39:36.021+0500] {dag.py:3947} INFO - Setting next_dagrun for example_setup_teardown_taskflow to 2026-03-28 00:00:00+00:00, run_after=2026-03-29 00:00:00+00:00
[2026-03-29T12:39:36.075+0500] {processor.py:183} INFO - Processing /home/abayturar/airflow-project/venv/lib/python3.12/site-packages/airflow/example_dags/example_setup_teardown_taskflow.py took 0.100 seconds
[2026-03-29T12:40:25.804+0500] {processor.py:161} INFO - Started process (PID=7312) to work on /home/abayturar/airflow-project/venv/lib/python3.12/site-packages/airflow/example_dags/example_setup_teardown_taskflow.py
[2026-03-29T12:40:25.805+0500] {processor.py:830} INFO - Processing file /home/abayturar/airflow-project/venv/lib/python3.12/site-packages/airflow/example_dags/example_setup_teardown_taskflow.py for tasks to queue
[2026-03-29T12:40:25.806+0500] {logging_mixin.py:188} INFO - [2026-03-29T12:40:25.806+0500] {dagbag.py:545} INFO - Filling up the DagBag from /home/abayturar/airflow-project/venv/lib/python3.12/site-packages/airflow/example_dags/example_setup_teardown_taskflow.py
[2026-03-29T12:40:25.815+0500] {processor.py:840} INFO - DAG(s) 'example_setup_teardown_taskflow' retrieved from /home/abayturar/airflow-project/venv/lib/python3.12/site-packages/airflow/example_dags/example_setup_teardown_taskflow.py
[2026-03-29T12:40:25.831+0500] {logging_mixin.py:188} INFO - [2026-03-29T12:40:25.831+0500] {dag.py:3089} INFO - Sync 1 DAGs
[2026-03-29T12:40:25.845+0500] {logging_mixin.py:188} INFO - [2026-03-29T12:40:25.845+0500] {dag.py:3947} INFO - Setting next_dagrun for example_setup_teardown_taskflow to 2026-03-28 00:00:00+00:00, run_after=2026-03-29 00:00:00+00:00
[2026-03-29T12:40:25.900+0500] {processor.py:183} INFO - Processing /home/abayturar/airflow-project/venv/lib/python3.12/site-packages/airflow/example_dags/example_setup_teardown_taskflow.py took 0.102 seconds
[2026-03-29T12:41:16.523+0500] {processor.py:161} INFO - Started process (PID=7443) to work on /home/abayturar/airflow-project/venv/lib/python3.12/site-packages/airflow/example_dags/example_setup_teardown_taskflow.py
[2026-03-29T12:41:16.524+0500] {processor.py:830} INFO - Processing file /home/abayturar/airflow-project/venv/lib/python3.12/site-packages/airflow/example_dags/example_setup_teardown_taskflow.py for tasks to queue
[2026-03-29T12:41:16.526+0500] {logging_mixin.py:188} INFO - [2026-03-29T12:41:16.525+0500] {dagbag.py:545} INFO - Filling up the DagBag from /home/abayturar/airflow-project/venv/lib/python3.12/site-packages/airflow/example_dags/example_setup_teardown_taskflow.py
[2026-03-29T12:41:16.535+0500] {processor.py:840} INFO - DAG(s) 'example_setup_teardown_taskflow' retrieved from /home/abayturar/airflow-project/venv/lib/python3.12/site-packages/airflow/example_dags/example_setup_teardown_taskflow.py
[2026-03-29T12:41:16.551+0500] {logging_mixin.py:188} INFO - [2026-03-29T12:41:16.551+0500] {dag.py:3089} INFO - Sync 1 DAGs
[2026-03-29T12:41:16.564+0500] {logging_mixin.py:188} INFO - [2026-03-29T12:41:16.564+0500] {dag.py:3947} INFO - Setting next_dagrun for example_setup_teardown_taskflow to 2026-03-28 00:00:00+00:00, run_after=2026-03-29 00:00:00+00:00
[2026-03-29T12:41:16.579+0500] {processor.py:183} INFO - Processing /home/abayturar/airflow-project/venv/lib/python3.12/site-packages/airflow/example_dags/example_setup_teardown_taskflow.py took 0.062 seconds
[2026-03-29T12:42:08.312+0500] {processor.py:161} INFO - Started process (PID=7605) to work on /home/abayturar/airflow-project/venv/lib/python3.12/site-packages/airflow/example_dags/example_setup_teardown_taskflow.py
[2026-03-29T12:42:08.313+0500] {processor.py:830} INFO - Processing file /home/abayturar/airflow-project/venv/lib/python3.12/site-packages/airflow/example_dags/example_setup_teardown_taskflow.py for tasks to queue
[2026-03-29T12:42:08.314+0500] {logging_mixin.py:188} INFO - [2026-03-29T12:42:08.314+0500] {dagbag.py:545} INFO - Filling up the DagBag from /home/abayturar/airflow-project/venv/lib/python3.12/site-packages/airflow/example_dags/example_setup_teardown_taskflow.py
[2026-03-29T12:42:08.323+0500] {processor.py:840} INFO - DAG(s) 'example_setup_teardown_taskflow' retrieved from /home/abayturar/airflow-project/venv/lib/python3.12/site-packages/airflow/example_dags/example_setup_teardown_taskflow.py
[2026-03-29T12:42:08.339+0500] {logging_mixin.py:188} INFO - [2026-03-29T12:42:08.338+0500] {dag.py:3089} INFO - Sync 1 DAGs
[2026-03-29T12:42:08.354+0500] {logging_mixin.py:188} INFO - [2026-03-29T12:42:08.353+0500] {dag.py:3947} INFO - Setting next_dagrun for example_setup_teardown_taskflow to 2026-03-28 00:00:00+00:00, run_after=2026-03-29 00:00:00+00:00
[2026-03-29T12:42:08.368+0500] {processor.py:183} INFO - Processing /home/abayturar/airflow-project/venv/lib/python3.12/site-packages/airflow/example_dags/example_setup_teardown_taskflow.py took 0.063 seconds
[2026-03-29T12:43:01.647+0500] {processor.py:161} INFO - Started process (PID=7741) to work on /home/abayturar/airflow-project/venv/lib/python3.12/site-packages/airflow/example_dags/example_setup_teardown_taskflow.py
[2026-03-29T12:43:01.648+0500] {processor.py:830} INFO - Processing file /home/abayturar/airflow-project/venv/lib/python3.12/site-packages/airflow/example_dags/example_setup_teardown_taskflow.py for tasks to queue
[2026-03-29T12:43:01.649+0500] {logging_mixin.py:188} INFO - [2026-03-29T12:43:01.649+0500] {dagbag.py:545} INFO - Filling up the DagBag from /home/abayturar/airflow-project/venv/lib/python3.12/site-packages/airflow/example_dags/example_setup_teardown_taskflow.py
[2026-03-29T12:43:01.660+0500] {processor.py:840} INFO - DAG(s) 'example_setup_teardown_taskflow' retrieved from /home/abayturar/airflow-project/venv/lib/python3.12/site-packages/airflow/example_dags/example_setup_teardown_taskflow.py
[2026-03-29T12:43:01.677+0500] {logging_mixin.py:188} INFO - [2026-03-29T12:43:01.676+0500] {dag.py:3089} INFO - Sync 1 DAGs
[2026-03-29T12:43:01.690+0500] {logging_mixin.py:188} INFO - [2026-03-29T12:43:01.690+0500] {dag.py:3947} INFO - Setting next_dagrun for example_setup_teardown_taskflow to 2026-03-28 00:00:00+00:00, run_after=2026-03-29 00:00:00+00:00
[2026-03-29T12:43:01.744+0500] {processor.py:183} INFO - Processing /home/abayturar/airflow-project/venv/lib/python3.12/site-packages/airflow/example_dags/example_setup_teardown_taskflow.py took 0.104 seconds
[2026-03-29T12:43:53.776+0500] {processor.py:161} INFO - Started process (PID=8011) to work on /home/abayturar/airflow-project/venv/lib/python3.12/site-packages/airflow/example_dags/example_setup_teardown_taskflow.py
[2026-03-29T12:43:53.778+0500] {processor.py:830} INFO - Processing file /home/abayturar/airflow-project/venv/lib/python3.12/site-packages/airflow/example_dags/example_setup_teardown_taskflow.py for tasks to queue
[2026-03-29T12:43:53.780+0500] {logging_mixin.py:188} INFO - [2026-03-29T12:43:53.779+0500] {dagbag.py:545} INFO - Filling up the DagBag from /home/abayturar/airflow-project/venv/lib/python3.12/site-packages/airflow/example_dags/example_setup_teardown_taskflow.py
[2026-03-29T12:43:53.791+0500] {processor.py:840} INFO - DAG(s) 'example_setup_teardown_taskflow' retrieved from /home/abayturar/airflow-project/venv/lib/python3.12/site-packages/airflow/example_dags/example_setup_teardown_taskflow.py
[2026-03-29T12:43:53.809+0500] {logging_mixin.py:188} INFO - [2026-03-29T12:43:53.809+0500] {dag.py:3089} INFO - Sync 1 DAGs
[2026-03-29T12:43:53.824+0500] {logging_mixin.py:188} INFO - [2026-03-29T12:43:53.824+0500] {dag.py:3947} INFO - Setting next_dagrun for example_setup_teardown_taskflow to 2026-03-28 00:00:00+00:00, run_after=2026-03-29 00:00:00+00:00
[2026-03-29T12:43:53.881+0500] {processor.py:183} INFO - Processing /home/abayturar/airflow-project/venv/lib/python3.12/site-packages/airflow/example_dags/example_setup_teardown_taskflow.py took 0.114 seconds
[2026-03-29T12:44:47.027+0500] {processor.py:161} INFO - Started process (PID=8208) to work on /home/abayturar/airflow-project/venv/lib/python3.12/site-packages/airflow/example_dags/example_setup_teardown_taskflow.py
[2026-03-29T12:44:47.028+0500] {processor.py:830} INFO - Processing file /home/abayturar/airflow-project/venv/lib/python3.12/site-packages/airflow/example_dags/example_setup_teardown_taskflow.py for tasks to queue
[2026-03-29T12:44:47.030+0500] {logging_mixin.py:188} INFO - [2026-03-29T12:44:47.030+0500] {dagbag.py:545} INFO - Filling up the DagBag from /home/abayturar/airflow-project/venv/lib/python3.12/site-packages/airflow/example_dags/example_setup_teardown_taskflow.py
[2026-03-29T12:44:47.041+0500] {processor.py:840} INFO - DAG(s) 'example_setup_teardown_taskflow' retrieved from /home/abayturar/airflow-project/venv/lib/python3.12/site-packages/airflow/example_dags/example_setup_teardown_taskflow.py
[2026-03-29T12:44:47.060+0500] {logging_mixin.py:188} INFO - [2026-03-29T12:44:47.059+0500] {dag.py:3089} INFO - Sync 1 DAGs
[2026-03-29T12:44:47.076+0500] {logging_mixin.py:188} INFO - [2026-03-29T12:44:47.076+0500] {dag.py:3947} INFO - Setting next_dagrun for example_setup_teardown_taskflow to 2026-03-28 00:00:00+00:00, run_after=2026-03-29 00:00:00+00:00
[2026-03-29T12:44:47.136+0500] {processor.py:183} INFO - Processing /home/abayturar/airflow-project/venv/lib/python3.12/site-packages/airflow/example_dags/example_setup_teardown_taskflow.py took 0.117 seconds
[2026-03-29T12:45:40.288+0500] {processor.py:161} INFO - Started process (PID=8676) to work on /home/abayturar/airflow-project/venv/lib/python3.12/site-packages/airflow/example_dags/example_setup_teardown_taskflow.py
[2026-03-29T12:45:40.289+0500] {processor.py:830} INFO - Processing file /home/abayturar/airflow-project/venv/lib/python3.12/site-packages/airflow/example_dags/example_setup_teardown_taskflow.py for tasks to queue
[2026-03-29T12:45:40.291+0500] {logging_mixin.py:188} INFO - [2026-03-29T12:45:40.290+0500] {dagbag.py:545} INFO - Filling up the DagBag from /home/abayturar/airflow-project/venv/lib/python3.12/site-packages/airflow/example_dags/example_setup_teardown_taskflow.py
[2026-03-29T12:45:40.299+0500] {processor.py:840} INFO - DAG(s) 'example_setup_teardown_taskflow' retrieved from /home/abayturar/airflow-project/venv/lib/python3.12/site-packages/airflow/example_dags/example_setup_teardown_taskflow.py
[2026-03-29T12:45:40.316+0500] {logging_mixin.py:188} INFO - [2026-03-29T12:45:40.316+0500] {dag.py:3089} INFO - Sync 1 DAGs
[2026-03-29T12:45:40.330+0500] {logging_mixin.py:188} INFO - [2026-03-29T12:45:40.330+0500] {dag.py:3947} INFO - Setting next_dagrun for example_setup_teardown_taskflow to 2026-03-28 00:00:00+00:00, run_after=2026-03-29 00:00:00+00:00
[2026-03-29T12:45:40.386+0500] {processor.py:183} INFO - Processing /home/abayturar/airflow-project/venv/lib/python3.12/site-packages/airflow/example_dags/example_setup_teardown_taskflow.py took 0.103 seconds
[2026-03-29T12:46:33.310+0500] {processor.py:161} INFO - Started process (PID=8921) to work on /home/abayturar/airflow-project/venv/lib/python3.12/site-packages/airflow/example_dags/example_setup_teardown_taskflow.py
[2026-03-29T12:46:33.311+0500] {processor.py:830} INFO - Processing file /home/abayturar/airflow-project/venv/lib/python3.12/site-packages/airflow/example_dags/example_setup_teardown_taskflow.py for tasks to queue
[2026-03-29T12:46:33.313+0500] {logging_mixin.py:188} INFO - [2026-03-29T12:46:33.313+0500] {dagbag.py:545} INFO - Filling up the DagBag from /home/abayturar/airflow-project/venv/lib/python3.12/site-packages/airflow/example_dags/example_setup_teardown_taskflow.py
[2026-03-29T12:46:33.324+0500] {processor.py:840} INFO - DAG(s) 'example_setup_teardown_taskflow' retrieved from /home/abayturar/airflow-project/venv/lib/python3.12/site-packages/airflow/example_dags/example_setup_teardown_taskflow.py
[2026-03-29T12:46:33.341+0500] {logging_mixin.py:188} INFO - [2026-03-29T12:46:33.341+0500] {dag.py:3089} INFO - Sync 1 DAGs
[2026-03-29T12:46:33.357+0500] {logging_mixin.py:188} INFO - [2026-03-29T12:46:33.357+0500] {dag.py:3947} INFO - Setting next_dagrun for example_setup_teardown_taskflow to 2026-03-28 00:00:00+00:00, run_after=2026-03-29 00:00:00+00:00
[2026-03-29T12:46:33.414+0500] {processor.py:183} INFO - Processing /home/abayturar/airflow-project/venv/lib/python3.12/site-packages/airflow/example_dags/example_setup_teardown_taskflow.py took 0.110 seconds
