[2026-03-29T12:01:25.241+0500] {processor.py:161} INFO - Started process (PID=32239) to work on /home/abayturar/airflow-project/venv/lib/python3.12/site-packages/airflow/example_dags/example_setup_teardown.py
[2026-03-29T12:01:25.242+0500] {processor.py:830} INFO - Processing file /home/abayturar/airflow-project/venv/lib/python3.12/site-packages/airflow/example_dags/example_setup_teardown.py for tasks to queue
[2026-03-29T12:01:25.244+0500] {logging_mixin.py:188} INFO - [2026-03-29T12:01:25.243+0500] {dagbag.py:545} INFO - Filling up the DagBag from /home/abayturar/airflow-project/venv/lib/python3.12/site-packages/airflow/example_dags/example_setup_teardown.py
[2026-03-29T12:01:25.250+0500] {processor.py:840} INFO - DAG(s) 'example_setup_teardown' retrieved from /home/abayturar/airflow-project/venv/lib/python3.12/site-packages/airflow/example_dags/example_setup_teardown.py
[2026-03-29T12:01:25.266+0500] {logging_mixin.py:188} INFO - [2026-03-29T12:01:25.265+0500] {dag.py:3089} INFO - Sync 1 DAGs
[2026-03-29T12:01:25.279+0500] {logging_mixin.py:188} INFO - [2026-03-29T12:01:25.279+0500] {dag.py:3947} INFO - Setting next_dagrun for example_setup_teardown to 2026-03-28 00:00:00+00:00, run_after=2026-03-29 00:00:00+00:00
[2026-03-29T12:01:25.294+0500] {processor.py:183} INFO - Processing /home/abayturar/airflow-project/venv/lib/python3.12/site-packages/airflow/example_dags/example_setup_teardown.py took 0.058 seconds
[2026-03-29T12:02:23.631+0500] {processor.py:161} INFO - Started process (PID=32537) to work on /home/abayturar/airflow-project/venv/lib/python3.12/site-packages/airflow/example_dags/example_setup_teardown.py
[2026-03-29T12:02:23.632+0500] {processor.py:830} INFO - Processing file /home/abayturar/airflow-project/venv/lib/python3.12/site-packages/airflow/example_dags/example_setup_teardown.py for tasks to queue
[2026-03-29T12:02:23.634+0500] {logging_mixin.py:188} INFO - [2026-03-29T12:02:23.633+0500] {dagbag.py:545} INFO - Filling up the DagBag from /home/abayturar/airflow-project/venv/lib/python3.12/site-packages/airflow/example_dags/example_setup_teardown.py
[2026-03-29T12:02:23.640+0500] {processor.py:840} INFO - DAG(s) 'example_setup_teardown' retrieved from /home/abayturar/airflow-project/venv/lib/python3.12/site-packages/airflow/example_dags/example_setup_teardown.py
[2026-03-29T12:02:23.655+0500] {logging_mixin.py:188} INFO - [2026-03-29T12:02:23.655+0500] {dag.py:3089} INFO - Sync 1 DAGs
[2026-03-29T12:02:23.670+0500] {logging_mixin.py:188} INFO - [2026-03-29T12:02:23.670+0500] {dag.py:3947} INFO - Setting next_dagrun for example_setup_teardown to 2026-03-28 00:00:00+00:00, run_after=2026-03-29 00:00:00+00:00
[2026-03-29T12:02:23.726+0500] {processor.py:183} INFO - Processing /home/abayturar/airflow-project/venv/lib/python3.12/site-packages/airflow/example_dags/example_setup_teardown.py took 0.101 seconds
[2026-03-29T12:05:51.600+0500] {processor.py:161} INFO - Started process (PID=3) to work on /home/abayturar/airflow-project/venv/lib/python3.12/site-packages/airflow/example_dags/example_setup_teardown.py
[2026-03-29T12:05:51.602+0500] {processor.py:830} INFO - Processing file /home/abayturar/airflow-project/venv/lib/python3.12/site-packages/airflow/example_dags/example_setup_teardown.py for tasks to queue
[2026-03-29T12:05:51.603+0500] {logging_mixin.py:188} INFO - [2026-03-29T12:05:51.603+0500] {dagbag.py:545} INFO - Filling up the DagBag from /home/abayturar/airflow-project/venv/lib/python3.12/site-packages/airflow/example_dags/example_setup_teardown.py
[2026-03-29T12:05:51.610+0500] {processor.py:840} INFO - DAG(s) 'example_setup_teardown' retrieved from /home/abayturar/airflow-project/venv/lib/python3.12/site-packages/airflow/example_dags/example_setup_teardown.py
[2026-03-29T12:05:51.625+0500] {logging_mixin.py:188} INFO - [2026-03-29T12:05:51.625+0500] {dag.py:3089} INFO - Sync 1 DAGs
[2026-03-29T12:05:51.638+0500] {logging_mixin.py:188} INFO - [2026-03-29T12:05:51.638+0500] {dag.py:3947} INFO - Setting next_dagrun for example_setup_teardown to 2026-03-28 00:00:00+00:00, run_after=2026-03-29 00:00:00+00:00
[2026-03-29T12:05:51.652+0500] {processor.py:183} INFO - Processing /home/abayturar/airflow-project/venv/lib/python3.12/site-packages/airflow/example_dags/example_setup_teardown.py took 0.059 seconds
[2026-03-29T12:06:46.453+0500] {processor.py:161} INFO - Started process (PID=225) to work on /home/abayturar/airflow-project/venv/lib/python3.12/site-packages/airflow/example_dags/example_setup_teardown.py
[2026-03-29T12:06:46.453+0500] {processor.py:830} INFO - Processing file /home/abayturar/airflow-project/venv/lib/python3.12/site-packages/airflow/example_dags/example_setup_teardown.py for tasks to queue
[2026-03-29T12:06:46.455+0500] {logging_mixin.py:188} INFO - [2026-03-29T12:06:46.455+0500] {dagbag.py:545} INFO - Filling up the DagBag from /home/abayturar/airflow-project/venv/lib/python3.12/site-packages/airflow/example_dags/example_setup_teardown.py
[2026-03-29T12:06:46.463+0500] {processor.py:840} INFO - DAG(s) 'example_setup_teardown' retrieved from /home/abayturar/airflow-project/venv/lib/python3.12/site-packages/airflow/example_dags/example_setup_teardown.py
[2026-03-29T12:06:46.479+0500] {logging_mixin.py:188} INFO - [2026-03-29T12:06:46.479+0500] {dag.py:3089} INFO - Sync 1 DAGs
[2026-03-29T12:06:46.494+0500] {logging_mixin.py:188} INFO - [2026-03-29T12:06:46.493+0500] {dag.py:3947} INFO - Setting next_dagrun for example_setup_teardown to 2026-03-28 00:00:00+00:00, run_after=2026-03-29 00:00:00+00:00
[2026-03-29T12:06:46.553+0500] {processor.py:183} INFO - Processing /home/abayturar/airflow-project/venv/lib/python3.12/site-packages/airflow/example_dags/example_setup_teardown.py took 0.107 seconds
[2026-03-29T12:07:32.751+0500] {processor.py:161} INFO - Started process (PID=417) to work on /home/abayturar/airflow-project/venv/lib/python3.12/site-packages/airflow/example_dags/example_setup_teardown.py
[2026-03-29T12:07:32.752+0500] {processor.py:830} INFO - Processing file /home/abayturar/airflow-project/venv/lib/python3.12/site-packages/airflow/example_dags/example_setup_teardown.py for tasks to queue
[2026-03-29T12:07:32.754+0500] {logging_mixin.py:188} INFO - [2026-03-29T12:07:32.754+0500] {dagbag.py:545} INFO - Filling up the DagBag from /home/abayturar/airflow-project/venv/lib/python3.12/site-packages/airflow/example_dags/example_setup_teardown.py
[2026-03-29T12:07:32.763+0500] {processor.py:840} INFO - DAG(s) 'example_setup_teardown' retrieved from /home/abayturar/airflow-project/venv/lib/python3.12/site-packages/airflow/example_dags/example_setup_teardown.py
[2026-03-29T12:07:32.780+0500] {logging_mixin.py:188} INFO - [2026-03-29T12:07:32.780+0500] {dag.py:3089} INFO - Sync 1 DAGs
[2026-03-29T12:07:32.796+0500] {logging_mixin.py:188} INFO - [2026-03-29T12:07:32.795+0500] {dag.py:3947} INFO - Setting next_dagrun for example_setup_teardown to 2026-03-28 00:00:00+00:00, run_after=2026-03-29 00:00:00+00:00
[2026-03-29T12:07:32.854+0500] {processor.py:183} INFO - Processing /home/abayturar/airflow-project/venv/lib/python3.12/site-packages/airflow/example_dags/example_setup_teardown.py took 0.109 seconds
[2026-03-29T12:08:22.167+0500] {processor.py:161} INFO - Started process (PID=615) to work on /home/abayturar/airflow-project/venv/lib/python3.12/site-packages/airflow/example_dags/example_setup_teardown.py
[2026-03-29T12:08:22.168+0500] {processor.py:830} INFO - Processing file /home/abayturar/airflow-project/venv/lib/python3.12/site-packages/airflow/example_dags/example_setup_teardown.py for tasks to queue
[2026-03-29T12:08:22.169+0500] {logging_mixin.py:188} INFO - [2026-03-29T12:08:22.169+0500] {dagbag.py:545} INFO - Filling up the DagBag from /home/abayturar/airflow-project/venv/lib/python3.12/site-packages/airflow/example_dags/example_setup_teardown.py
[2026-03-29T12:08:22.176+0500] {processor.py:840} INFO - DAG(s) 'example_setup_teardown' retrieved from /home/abayturar/airflow-project/venv/lib/python3.12/site-packages/airflow/example_dags/example_setup_teardown.py
[2026-03-29T12:08:22.192+0500] {logging_mixin.py:188} INFO - [2026-03-29T12:08:22.192+0500] {dag.py:3089} INFO - Sync 1 DAGs
[2026-03-29T12:08:22.207+0500] {logging_mixin.py:188} INFO - [2026-03-29T12:08:22.207+0500] {dag.py:3947} INFO - Setting next_dagrun for example_setup_teardown to 2026-03-28 00:00:00+00:00, run_after=2026-03-29 00:00:00+00:00
[2026-03-29T12:08:22.267+0500] {processor.py:183} INFO - Processing /home/abayturar/airflow-project/venv/lib/python3.12/site-packages/airflow/example_dags/example_setup_teardown.py took 0.106 seconds
[2026-03-29T12:09:13.031+0500] {processor.py:161} INFO - Started process (PID=832) to work on /home/abayturar/airflow-project/venv/lib/python3.12/site-packages/airflow/example_dags/example_setup_teardown.py
[2026-03-29T12:09:13.032+0500] {processor.py:830} INFO - Processing file /home/abayturar/airflow-project/venv/lib/python3.12/site-packages/airflow/example_dags/example_setup_teardown.py for tasks to queue
[2026-03-29T12:09:13.034+0500] {logging_mixin.py:188} INFO - [2026-03-29T12:09:13.034+0500] {dagbag.py:545} INFO - Filling up the DagBag from /home/abayturar/airflow-project/venv/lib/python3.12/site-packages/airflow/example_dags/example_setup_teardown.py
[2026-03-29T12:09:13.041+0500] {processor.py:840} INFO - DAG(s) 'example_setup_teardown' retrieved from /home/abayturar/airflow-project/venv/lib/python3.12/site-packages/airflow/example_dags/example_setup_teardown.py
[2026-03-29T12:09:13.056+0500] {logging_mixin.py:188} INFO - [2026-03-29T12:09:13.056+0500] {dag.py:3089} INFO - Sync 1 DAGs
[2026-03-29T12:09:13.069+0500] {logging_mixin.py:188} INFO - [2026-03-29T12:09:13.069+0500] {dag.py:3947} INFO - Setting next_dagrun for example_setup_teardown to 2026-03-28 00:00:00+00:00, run_after=2026-03-29 00:00:00+00:00
[2026-03-29T12:09:13.124+0500] {processor.py:183} INFO - Processing /home/abayturar/airflow-project/venv/lib/python3.12/site-packages/airflow/example_dags/example_setup_teardown.py took 0.099 seconds
[2026-03-29T12:10:04.530+0500] {processor.py:161} INFO - Started process (PID=981) to work on /home/abayturar/airflow-project/venv/lib/python3.12/site-packages/airflow/example_dags/example_setup_teardown.py
[2026-03-29T12:10:04.531+0500] {processor.py:830} INFO - Processing file /home/abayturar/airflow-project/venv/lib/python3.12/site-packages/airflow/example_dags/example_setup_teardown.py for tasks to queue
[2026-03-29T12:10:04.532+0500] {logging_mixin.py:188} INFO - [2026-03-29T12:10:04.532+0500] {dagbag.py:545} INFO - Filling up the DagBag from /home/abayturar/airflow-project/venv/lib/python3.12/site-packages/airflow/example_dags/example_setup_teardown.py
[2026-03-29T12:10:04.539+0500] {processor.py:840} INFO - DAG(s) 'example_setup_teardown' retrieved from /home/abayturar/airflow-project/venv/lib/python3.12/site-packages/airflow/example_dags/example_setup_teardown.py
[2026-03-29T12:10:04.554+0500] {logging_mixin.py:188} INFO - [2026-03-29T12:10:04.554+0500] {dag.py:3089} INFO - Sync 1 DAGs
[2026-03-29T12:10:04.567+0500] {logging_mixin.py:188} INFO - [2026-03-29T12:10:04.566+0500] {dag.py:3947} INFO - Setting next_dagrun for example_setup_teardown to 2026-03-28 00:00:00+00:00, run_after=2026-03-29 00:00:00+00:00
[2026-03-29T12:10:04.620+0500] {processor.py:183} INFO - Processing /home/abayturar/airflow-project/venv/lib/python3.12/site-packages/airflow/example_dags/example_setup_teardown.py took 0.096 seconds
[2026-03-29T12:10:52.333+0500] {processor.py:161} INFO - Started process (PID=1108) to work on /home/abayturar/airflow-project/venv/lib/python3.12/site-packages/airflow/example_dags/example_setup_teardown.py
[2026-03-29T12:10:52.334+0500] {processor.py:830} INFO - Processing file /home/abayturar/airflow-project/venv/lib/python3.12/site-packages/airflow/example_dags/example_setup_teardown.py for tasks to queue
[2026-03-29T12:10:52.335+0500] {logging_mixin.py:188} INFO - [2026-03-29T12:10:52.335+0500] {dagbag.py:545} INFO - Filling up the DagBag from /home/abayturar/airflow-project/venv/lib/python3.12/site-packages/airflow/example_dags/example_setup_teardown.py
[2026-03-29T12:10:52.343+0500] {processor.py:840} INFO - DAG(s) 'example_setup_teardown' retrieved from /home/abayturar/airflow-project/venv/lib/python3.12/site-packages/airflow/example_dags/example_setup_teardown.py
[2026-03-29T12:10:52.358+0500] {logging_mixin.py:188} INFO - [2026-03-29T12:10:52.358+0500] {dag.py:3089} INFO - Sync 1 DAGs
[2026-03-29T12:10:52.372+0500] {logging_mixin.py:188} INFO - [2026-03-29T12:10:52.372+0500] {dag.py:3947} INFO - Setting next_dagrun for example_setup_teardown to 2026-03-28 00:00:00+00:00, run_after=2026-03-29 00:00:00+00:00
[2026-03-29T12:10:52.428+0500] {processor.py:183} INFO - Processing /home/abayturar/airflow-project/venv/lib/python3.12/site-packages/airflow/example_dags/example_setup_teardown.py took 0.101 seconds
[2026-03-29T12:11:41.580+0500] {processor.py:161} INFO - Started process (PID=1239) to work on /home/abayturar/airflow-project/venv/lib/python3.12/site-packages/airflow/example_dags/example_setup_teardown.py
[2026-03-29T12:11:41.581+0500] {processor.py:830} INFO - Processing file /home/abayturar/airflow-project/venv/lib/python3.12/site-packages/airflow/example_dags/example_setup_teardown.py for tasks to queue
[2026-03-29T12:11:41.583+0500] {logging_mixin.py:188} INFO - [2026-03-29T12:11:41.582+0500] {dagbag.py:545} INFO - Filling up the DagBag from /home/abayturar/airflow-project/venv/lib/python3.12/site-packages/airflow/example_dags/example_setup_teardown.py
[2026-03-29T12:11:41.590+0500] {processor.py:840} INFO - DAG(s) 'example_setup_teardown' retrieved from /home/abayturar/airflow-project/venv/lib/python3.12/site-packages/airflow/example_dags/example_setup_teardown.py
[2026-03-29T12:11:41.607+0500] {logging_mixin.py:188} INFO - [2026-03-29T12:11:41.607+0500] {dag.py:3089} INFO - Sync 1 DAGs
[2026-03-29T12:11:41.622+0500] {logging_mixin.py:188} INFO - [2026-03-29T12:11:41.622+0500] {dag.py:3947} INFO - Setting next_dagrun for example_setup_teardown to 2026-03-28 00:00:00+00:00, run_after=2026-03-29 00:00:00+00:00
[2026-03-29T12:11:41.639+0500] {processor.py:183} INFO - Processing /home/abayturar/airflow-project/venv/lib/python3.12/site-packages/airflow/example_dags/example_setup_teardown.py took 0.065 seconds
[2026-03-29T12:12:32.405+0500] {processor.py:161} INFO - Started process (PID=1373) to work on /home/abayturar/airflow-project/venv/lib/python3.12/site-packages/airflow/example_dags/example_setup_teardown.py
[2026-03-29T12:12:32.406+0500] {processor.py:830} INFO - Processing file /home/abayturar/airflow-project/venv/lib/python3.12/site-packages/airflow/example_dags/example_setup_teardown.py for tasks to queue
[2026-03-29T12:12:32.408+0500] {logging_mixin.py:188} INFO - [2026-03-29T12:12:32.407+0500] {dagbag.py:545} INFO - Filling up the DagBag from /home/abayturar/airflow-project/venv/lib/python3.12/site-packages/airflow/example_dags/example_setup_teardown.py
[2026-03-29T12:12:32.414+0500] {processor.py:840} INFO - DAG(s) 'example_setup_teardown' retrieved from /home/abayturar/airflow-project/venv/lib/python3.12/site-packages/airflow/example_dags/example_setup_teardown.py
[2026-03-29T12:12:32.429+0500] {logging_mixin.py:188} INFO - [2026-03-29T12:12:32.429+0500] {dag.py:3089} INFO - Sync 1 DAGs
[2026-03-29T12:12:32.442+0500] {logging_mixin.py:188} INFO - [2026-03-29T12:12:32.442+0500] {dag.py:3947} INFO - Setting next_dagrun for example_setup_teardown to 2026-03-28 00:00:00+00:00, run_after=2026-03-29 00:00:00+00:00
[2026-03-29T12:12:32.495+0500] {processor.py:183} INFO - Processing /home/abayturar/airflow-project/venv/lib/python3.12/site-packages/airflow/example_dags/example_setup_teardown.py took 0.096 seconds
[2026-03-29T12:13:23.089+0500] {processor.py:161} INFO - Started process (PID=1508) to work on /home/abayturar/airflow-project/venv/lib/python3.12/site-packages/airflow/example_dags/example_setup_teardown.py
[2026-03-29T12:13:23.090+0500] {processor.py:830} INFO - Processing file /home/abayturar/airflow-project/venv/lib/python3.12/site-packages/airflow/example_dags/example_setup_teardown.py for tasks to queue
[2026-03-29T12:13:23.091+0500] {logging_mixin.py:188} INFO - [2026-03-29T12:13:23.091+0500] {dagbag.py:545} INFO - Filling up the DagBag from /home/abayturar/airflow-project/venv/lib/python3.12/site-packages/airflow/example_dags/example_setup_teardown.py
[2026-03-29T12:13:23.098+0500] {processor.py:840} INFO - DAG(s) 'example_setup_teardown' retrieved from /home/abayturar/airflow-project/venv/lib/python3.12/site-packages/airflow/example_dags/example_setup_teardown.py
[2026-03-29T12:13:23.113+0500] {logging_mixin.py:188} INFO - [2026-03-29T12:13:23.113+0500] {dag.py:3089} INFO - Sync 1 DAGs
[2026-03-29T12:13:23.126+0500] {logging_mixin.py:188} INFO - [2026-03-29T12:13:23.126+0500] {dag.py:3947} INFO - Setting next_dagrun for example_setup_teardown to 2026-03-28 00:00:00+00:00, run_after=2026-03-29 00:00:00+00:00
[2026-03-29T12:13:23.264+0500] {processor.py:183} INFO - Processing /home/abayturar/airflow-project/venv/lib/python3.12/site-packages/airflow/example_dags/example_setup_teardown.py took 0.180 seconds
[2026-03-29T12:14:13.514+0500] {processor.py:161} INFO - Started process (PID=1639) to work on /home/abayturar/airflow-project/venv/lib/python3.12/site-packages/airflow/example_dags/example_setup_teardown.py
[2026-03-29T12:14:13.515+0500] {processor.py:830} INFO - Processing file /home/abayturar/airflow-project/venv/lib/python3.12/site-packages/airflow/example_dags/example_setup_teardown.py for tasks to queue
[2026-03-29T12:14:13.517+0500] {logging_mixin.py:188} INFO - [2026-03-29T12:14:13.517+0500] {dagbag.py:545} INFO - Filling up the DagBag from /home/abayturar/airflow-project/venv/lib/python3.12/site-packages/airflow/example_dags/example_setup_teardown.py
[2026-03-29T12:14:13.524+0500] {processor.py:840} INFO - DAG(s) 'example_setup_teardown' retrieved from /home/abayturar/airflow-project/venv/lib/python3.12/site-packages/airflow/example_dags/example_setup_teardown.py
[2026-03-29T12:14:13.538+0500] {logging_mixin.py:188} INFO - [2026-03-29T12:14:13.538+0500] {dag.py:3089} INFO - Sync 1 DAGs
[2026-03-29T12:14:13.551+0500] {logging_mixin.py:188} INFO - [2026-03-29T12:14:13.551+0500] {dag.py:3947} INFO - Setting next_dagrun for example_setup_teardown to 2026-03-28 00:00:00+00:00, run_after=2026-03-29 00:00:00+00:00
[2026-03-29T12:14:13.606+0500] {processor.py:183} INFO - Processing /home/abayturar/airflow-project/venv/lib/python3.12/site-packages/airflow/example_dags/example_setup_teardown.py took 0.097 seconds
[2026-03-29T12:15:06.727+0500] {processor.py:161} INFO - Started process (PID=1777) to work on /home/abayturar/airflow-project/venv/lib/python3.12/site-packages/airflow/example_dags/example_setup_teardown.py
[2026-03-29T12:15:06.728+0500] {processor.py:830} INFO - Processing file /home/abayturar/airflow-project/venv/lib/python3.12/site-packages/airflow/example_dags/example_setup_teardown.py for tasks to queue
[2026-03-29T12:15:06.729+0500] {logging_mixin.py:188} INFO - [2026-03-29T12:15:06.729+0500] {dagbag.py:545} INFO - Filling up the DagBag from /home/abayturar/airflow-project/venv/lib/python3.12/site-packages/airflow/example_dags/example_setup_teardown.py
[2026-03-29T12:15:06.736+0500] {processor.py:840} INFO - DAG(s) 'example_setup_teardown' retrieved from /home/abayturar/airflow-project/venv/lib/python3.12/site-packages/airflow/example_dags/example_setup_teardown.py
[2026-03-29T12:15:06.750+0500] {logging_mixin.py:188} INFO - [2026-03-29T12:15:06.750+0500] {dag.py:3089} INFO - Sync 1 DAGs
[2026-03-29T12:15:06.763+0500] {logging_mixin.py:188} INFO - [2026-03-29T12:15:06.763+0500] {dag.py:3947} INFO - Setting next_dagrun for example_setup_teardown to 2026-03-28 00:00:00+00:00, run_after=2026-03-29 00:00:00+00:00
[2026-03-29T12:15:06.818+0500] {processor.py:183} INFO - Processing /home/abayturar/airflow-project/venv/lib/python3.12/site-packages/airflow/example_dags/example_setup_teardown.py took 0.097 seconds
[2026-03-29T12:16:00.320+0500] {processor.py:161} INFO - Started process (PID=1916) to work on /home/abayturar/airflow-project/venv/lib/python3.12/site-packages/airflow/example_dags/example_setup_teardown.py
[2026-03-29T12:16:00.321+0500] {processor.py:830} INFO - Processing file /home/abayturar/airflow-project/venv/lib/python3.12/site-packages/airflow/example_dags/example_setup_teardown.py for tasks to queue
[2026-03-29T12:16:00.323+0500] {logging_mixin.py:188} INFO - [2026-03-29T12:16:00.322+0500] {dagbag.py:545} INFO - Filling up the DagBag from /home/abayturar/airflow-project/venv/lib/python3.12/site-packages/airflow/example_dags/example_setup_teardown.py
[2026-03-29T12:16:00.329+0500] {processor.py:840} INFO - DAG(s) 'example_setup_teardown' retrieved from /home/abayturar/airflow-project/venv/lib/python3.12/site-packages/airflow/example_dags/example_setup_teardown.py
[2026-03-29T12:16:00.344+0500] {logging_mixin.py:188} INFO - [2026-03-29T12:16:00.344+0500] {dag.py:3089} INFO - Sync 1 DAGs
[2026-03-29T12:16:00.463+0500] {logging_mixin.py:188} INFO - [2026-03-29T12:16:00.463+0500] {dag.py:3947} INFO - Setting next_dagrun for example_setup_teardown to 2026-03-28 00:00:00+00:00, run_after=2026-03-29 00:00:00+00:00
[2026-03-29T12:16:00.516+0500] {processor.py:183} INFO - Processing /home/abayturar/airflow-project/venv/lib/python3.12/site-packages/airflow/example_dags/example_setup_teardown.py took 0.201 seconds
[2026-03-29T12:16:53.584+0500] {processor.py:161} INFO - Started process (PID=2056) to work on /home/abayturar/airflow-project/venv/lib/python3.12/site-packages/airflow/example_dags/example_setup_teardown.py
[2026-03-29T12:16:53.585+0500] {processor.py:830} INFO - Processing file /home/abayturar/airflow-project/venv/lib/python3.12/site-packages/airflow/example_dags/example_setup_teardown.py for tasks to queue
[2026-03-29T12:16:53.587+0500] {logging_mixin.py:188} INFO - [2026-03-29T12:16:53.587+0500] {dagbag.py:545} INFO - Filling up the DagBag from /home/abayturar/airflow-project/venv/lib/python3.12/site-packages/airflow/example_dags/example_setup_teardown.py
[2026-03-29T12:16:53.594+0500] {processor.py:840} INFO - DAG(s) 'example_setup_teardown' retrieved from /home/abayturar/airflow-project/venv/lib/python3.12/site-packages/airflow/example_dags/example_setup_teardown.py
[2026-03-29T12:16:53.609+0500] {logging_mixin.py:188} INFO - [2026-03-29T12:16:53.609+0500] {dag.py:3089} INFO - Sync 1 DAGs
[2026-03-29T12:16:53.710+0500] {logging_mixin.py:188} INFO - [2026-03-29T12:16:53.710+0500] {dag.py:3947} INFO - Setting next_dagrun for example_setup_teardown to 2026-03-28 00:00:00+00:00, run_after=2026-03-29 00:00:00+00:00
[2026-03-29T12:16:53.723+0500] {processor.py:183} INFO - Processing /home/abayturar/airflow-project/venv/lib/python3.12/site-packages/airflow/example_dags/example_setup_teardown.py took 0.145 seconds
[2026-03-29T12:17:45.974+0500] {processor.py:161} INFO - Started process (PID=2193) to work on /home/abayturar/airflow-project/venv/lib/python3.12/site-packages/airflow/example_dags/example_setup_teardown.py
[2026-03-29T12:17:45.976+0500] {processor.py:830} INFO - Processing file /home/abayturar/airflow-project/venv/lib/python3.12/site-packages/airflow/example_dags/example_setup_teardown.py for tasks to queue
[2026-03-29T12:17:45.978+0500] {logging_mixin.py:188} INFO - [2026-03-29T12:17:45.978+0500] {dagbag.py:545} INFO - Filling up the DagBag from /home/abayturar/airflow-project/venv/lib/python3.12/site-packages/airflow/example_dags/example_setup_teardown.py
[2026-03-29T12:17:45.990+0500] {processor.py:840} INFO - DAG(s) 'example_setup_teardown' retrieved from /home/abayturar/airflow-project/venv/lib/python3.12/site-packages/airflow/example_dags/example_setup_teardown.py
[2026-03-29T12:17:46.017+0500] {logging_mixin.py:188} INFO - [2026-03-29T12:17:46.016+0500] {dag.py:3089} INFO - Sync 1 DAGs
[2026-03-29T12:17:46.040+0500] {logging_mixin.py:188} INFO - [2026-03-29T12:17:46.039+0500] {dag.py:3947} INFO - Setting next_dagrun for example_setup_teardown to 2026-03-28 00:00:00+00:00, run_after=2026-03-29 00:00:00+00:00
[2026-03-29T12:17:46.095+0500] {processor.py:183} INFO - Processing /home/abayturar/airflow-project/venv/lib/python3.12/site-packages/airflow/example_dags/example_setup_teardown.py took 0.130 seconds
[2026-03-29T12:18:37.008+0500] {processor.py:161} INFO - Started process (PID=2328) to work on /home/abayturar/airflow-project/venv/lib/python3.12/site-packages/airflow/example_dags/example_setup_teardown.py
[2026-03-29T12:18:37.009+0500] {processor.py:830} INFO - Processing file /home/abayturar/airflow-project/venv/lib/python3.12/site-packages/airflow/example_dags/example_setup_teardown.py for tasks to queue
[2026-03-29T12:18:37.011+0500] {logging_mixin.py:188} INFO - [2026-03-29T12:18:37.011+0500] {dagbag.py:545} INFO - Filling up the DagBag from /home/abayturar/airflow-project/venv/lib/python3.12/site-packages/airflow/example_dags/example_setup_teardown.py
[2026-03-29T12:18:37.017+0500] {processor.py:840} INFO - DAG(s) 'example_setup_teardown' retrieved from /home/abayturar/airflow-project/venv/lib/python3.12/site-packages/airflow/example_dags/example_setup_teardown.py
[2026-03-29T12:18:37.032+0500] {logging_mixin.py:188} INFO - [2026-03-29T12:18:37.032+0500] {dag.py:3089} INFO - Sync 1 DAGs
[2026-03-29T12:18:37.048+0500] {logging_mixin.py:188} INFO - [2026-03-29T12:18:37.048+0500] {dag.py:3947} INFO - Setting next_dagrun for example_setup_teardown to 2026-03-28 00:00:00+00:00, run_after=2026-03-29 00:00:00+00:00
[2026-03-29T12:18:37.102+0500] {processor.py:183} INFO - Processing /home/abayturar/airflow-project/venv/lib/python3.12/site-packages/airflow/example_dags/example_setup_teardown.py took 0.101 seconds
[2026-03-29T12:19:28.769+0500] {processor.py:161} INFO - Started process (PID=2464) to work on /home/abayturar/airflow-project/venv/lib/python3.12/site-packages/airflow/example_dags/example_setup_teardown.py
[2026-03-29T12:19:28.770+0500] {processor.py:830} INFO - Processing file /home/abayturar/airflow-project/venv/lib/python3.12/site-packages/airflow/example_dags/example_setup_teardown.py for tasks to queue
[2026-03-29T12:19:28.772+0500] {logging_mixin.py:188} INFO - [2026-03-29T12:19:28.772+0500] {dagbag.py:545} INFO - Filling up the DagBag from /home/abayturar/airflow-project/venv/lib/python3.12/site-packages/airflow/example_dags/example_setup_teardown.py
[2026-03-29T12:19:28.779+0500] {processor.py:840} INFO - DAG(s) 'example_setup_teardown' retrieved from /home/abayturar/airflow-project/venv/lib/python3.12/site-packages/airflow/example_dags/example_setup_teardown.py
[2026-03-29T12:19:28.794+0500] {logging_mixin.py:188} INFO - [2026-03-29T12:19:28.794+0500] {dag.py:3089} INFO - Sync 1 DAGs
[2026-03-29T12:19:28.807+0500] {logging_mixin.py:188} INFO - [2026-03-29T12:19:28.807+0500] {dag.py:3947} INFO - Setting next_dagrun for example_setup_teardown to 2026-03-28 00:00:00+00:00, run_after=2026-03-29 00:00:00+00:00
[2026-03-29T12:19:28.861+0500] {processor.py:183} INFO - Processing /home/abayturar/airflow-project/venv/lib/python3.12/site-packages/airflow/example_dags/example_setup_teardown.py took 0.097 seconds
[2026-03-29T12:20:21.376+0500] {processor.py:161} INFO - Started process (PID=2597) to work on /home/abayturar/airflow-project/venv/lib/python3.12/site-packages/airflow/example_dags/example_setup_teardown.py
[2026-03-29T12:20:21.377+0500] {processor.py:830} INFO - Processing file /home/abayturar/airflow-project/venv/lib/python3.12/site-packages/airflow/example_dags/example_setup_teardown.py for tasks to queue
[2026-03-29T12:20:21.379+0500] {logging_mixin.py:188} INFO - [2026-03-29T12:20:21.378+0500] {dagbag.py:545} INFO - Filling up the DagBag from /home/abayturar/airflow-project/venv/lib/python3.12/site-packages/airflow/example_dags/example_setup_teardown.py
[2026-03-29T12:20:21.386+0500] {processor.py:840} INFO - DAG(s) 'example_setup_teardown' retrieved from /home/abayturar/airflow-project/venv/lib/python3.12/site-packages/airflow/example_dags/example_setup_teardown.py
[2026-03-29T12:20:21.401+0500] {logging_mixin.py:188} INFO - [2026-03-29T12:20:21.401+0500] {dag.py:3089} INFO - Sync 1 DAGs
[2026-03-29T12:20:21.417+0500] {logging_mixin.py:188} INFO - [2026-03-29T12:20:21.417+0500] {dag.py:3947} INFO - Setting next_dagrun for example_setup_teardown to 2026-03-28 00:00:00+00:00, run_after=2026-03-29 00:00:00+00:00
[2026-03-29T12:20:21.473+0500] {processor.py:183} INFO - Processing /home/abayturar/airflow-project/venv/lib/python3.12/site-packages/airflow/example_dags/example_setup_teardown.py took 0.103 seconds
[2026-03-29T12:21:14.407+0500] {processor.py:161} INFO - Started process (PID=2737) to work on /home/abayturar/airflow-project/venv/lib/python3.12/site-packages/airflow/example_dags/example_setup_teardown.py
[2026-03-29T12:21:14.407+0500] {processor.py:830} INFO - Processing file /home/abayturar/airflow-project/venv/lib/python3.12/site-packages/airflow/example_dags/example_setup_teardown.py for tasks to queue
[2026-03-29T12:21:14.410+0500] {logging_mixin.py:188} INFO - [2026-03-29T12:21:14.409+0500] {dagbag.py:545} INFO - Filling up the DagBag from /home/abayturar/airflow-project/venv/lib/python3.12/site-packages/airflow/example_dags/example_setup_teardown.py
[2026-03-29T12:21:14.416+0500] {processor.py:840} INFO - DAG(s) 'example_setup_teardown' retrieved from /home/abayturar/airflow-project/venv/lib/python3.12/site-packages/airflow/example_dags/example_setup_teardown.py
[2026-03-29T12:21:14.432+0500] {logging_mixin.py:188} INFO - [2026-03-29T12:21:14.432+0500] {dag.py:3089} INFO - Sync 1 DAGs
[2026-03-29T12:21:14.446+0500] {logging_mixin.py:188} INFO - [2026-03-29T12:21:14.446+0500] {dag.py:3947} INFO - Setting next_dagrun for example_setup_teardown to 2026-03-28 00:00:00+00:00, run_after=2026-03-29 00:00:00+00:00
[2026-03-29T12:21:14.499+0500] {processor.py:183} INFO - Processing /home/abayturar/airflow-project/venv/lib/python3.12/site-packages/airflow/example_dags/example_setup_teardown.py took 0.099 seconds
[2026-03-29T12:22:05.223+0500] {processor.py:161} INFO - Started process (PID=2918) to work on /home/abayturar/airflow-project/venv/lib/python3.12/site-packages/airflow/example_dags/example_setup_teardown.py
[2026-03-29T12:22:05.225+0500] {processor.py:830} INFO - Processing file /home/abayturar/airflow-project/venv/lib/python3.12/site-packages/airflow/example_dags/example_setup_teardown.py for tasks to queue
[2026-03-29T12:22:05.227+0500] {logging_mixin.py:188} INFO - [2026-03-29T12:22:05.226+0500] {dagbag.py:545} INFO - Filling up the DagBag from /home/abayturar/airflow-project/venv/lib/python3.12/site-packages/airflow/example_dags/example_setup_teardown.py
[2026-03-29T12:22:05.234+0500] {processor.py:840} INFO - DAG(s) 'example_setup_teardown' retrieved from /home/abayturar/airflow-project/venv/lib/python3.12/site-packages/airflow/example_dags/example_setup_teardown.py
[2026-03-29T12:22:05.250+0500] {logging_mixin.py:188} INFO - [2026-03-29T12:22:05.250+0500] {dag.py:3089} INFO - Sync 1 DAGs
[2026-03-29T12:22:05.264+0500] {logging_mixin.py:188} INFO - [2026-03-29T12:22:05.264+0500] {dag.py:3947} INFO - Setting next_dagrun for example_setup_teardown to 2026-03-28 00:00:00+00:00, run_after=2026-03-29 00:00:00+00:00
[2026-03-29T12:22:05.317+0500] {processor.py:183} INFO - Processing /home/abayturar/airflow-project/venv/lib/python3.12/site-packages/airflow/example_dags/example_setup_teardown.py took 0.100 seconds
[2026-03-29T12:22:57.234+0500] {processor.py:161} INFO - Started process (PID=3195) to work on /home/abayturar/airflow-project/venv/lib/python3.12/site-packages/airflow/example_dags/example_setup_teardown.py
[2026-03-29T12:22:57.234+0500] {processor.py:830} INFO - Processing file /home/abayturar/airflow-project/venv/lib/python3.12/site-packages/airflow/example_dags/example_setup_teardown.py for tasks to queue
[2026-03-29T12:22:57.236+0500] {logging_mixin.py:188} INFO - [2026-03-29T12:22:57.236+0500] {dagbag.py:545} INFO - Filling up the DagBag from /home/abayturar/airflow-project/venv/lib/python3.12/site-packages/airflow/example_dags/example_setup_teardown.py
[2026-03-29T12:22:57.244+0500] {processor.py:840} INFO - DAG(s) 'example_setup_teardown' retrieved from /home/abayturar/airflow-project/venv/lib/python3.12/site-packages/airflow/example_dags/example_setup_teardown.py
[2026-03-29T12:22:57.262+0500] {logging_mixin.py:188} INFO - [2026-03-29T12:22:57.261+0500] {dag.py:3089} INFO - Sync 1 DAGs
[2026-03-29T12:22:57.276+0500] {logging_mixin.py:188} INFO - [2026-03-29T12:22:57.276+0500] {dag.py:3947} INFO - Setting next_dagrun for example_setup_teardown to 2026-03-28 00:00:00+00:00, run_after=2026-03-29 00:00:00+00:00
[2026-03-29T12:22:57.331+0500] {processor.py:183} INFO - Processing /home/abayturar/airflow-project/venv/lib/python3.12/site-packages/airflow/example_dags/example_setup_teardown.py took 0.105 seconds
[2026-03-29T12:23:50.294+0500] {processor.py:161} INFO - Started process (PID=3384) to work on /home/abayturar/airflow-project/venv/lib/python3.12/site-packages/airflow/example_dags/example_setup_teardown.py
[2026-03-29T12:23:50.295+0500] {processor.py:830} INFO - Processing file /home/abayturar/airflow-project/venv/lib/python3.12/site-packages/airflow/example_dags/example_setup_teardown.py for tasks to queue
[2026-03-29T12:23:50.296+0500] {logging_mixin.py:188} INFO - [2026-03-29T12:23:50.296+0500] {dagbag.py:545} INFO - Filling up the DagBag from /home/abayturar/airflow-project/venv/lib/python3.12/site-packages/airflow/example_dags/example_setup_teardown.py
[2026-03-29T12:23:50.306+0500] {processor.py:840} INFO - DAG(s) 'example_setup_teardown' retrieved from /home/abayturar/airflow-project/venv/lib/python3.12/site-packages/airflow/example_dags/example_setup_teardown.py
[2026-03-29T12:23:50.323+0500] {logging_mixin.py:188} INFO - [2026-03-29T12:23:50.323+0500] {dag.py:3089} INFO - Sync 1 DAGs
[2026-03-29T12:23:50.341+0500] {logging_mixin.py:188} INFO - [2026-03-29T12:23:50.341+0500] {dag.py:3947} INFO - Setting next_dagrun for example_setup_teardown to 2026-03-28 00:00:00+00:00, run_after=2026-03-29 00:00:00+00:00
[2026-03-29T12:23:50.398+0500] {processor.py:183} INFO - Processing /home/abayturar/airflow-project/venv/lib/python3.12/site-packages/airflow/example_dags/example_setup_teardown.py took 0.111 seconds
[2026-03-29T12:24:42.451+0500] {processor.py:161} INFO - Started process (PID=3555) to work on /home/abayturar/airflow-project/venv/lib/python3.12/site-packages/airflow/example_dags/example_setup_teardown.py
[2026-03-29T12:24:42.452+0500] {processor.py:830} INFO - Processing file /home/abayturar/airflow-project/venv/lib/python3.12/site-packages/airflow/example_dags/example_setup_teardown.py for tasks to queue
[2026-03-29T12:24:42.454+0500] {logging_mixin.py:188} INFO - [2026-03-29T12:24:42.453+0500] {dagbag.py:545} INFO - Filling up the DagBag from /home/abayturar/airflow-project/venv/lib/python3.12/site-packages/airflow/example_dags/example_setup_teardown.py
[2026-03-29T12:24:42.461+0500] {processor.py:840} INFO - DAG(s) 'example_setup_teardown' retrieved from /home/abayturar/airflow-project/venv/lib/python3.12/site-packages/airflow/example_dags/example_setup_teardown.py
[2026-03-29T12:24:42.476+0500] {logging_mixin.py:188} INFO - [2026-03-29T12:24:42.476+0500] {dag.py:3089} INFO - Sync 1 DAGs
[2026-03-29T12:24:42.490+0500] {logging_mixin.py:188} INFO - [2026-03-29T12:24:42.490+0500] {dag.py:3947} INFO - Setting next_dagrun for example_setup_teardown to 2026-03-28 00:00:00+00:00, run_after=2026-03-29 00:00:00+00:00
[2026-03-29T12:24:42.505+0500] {processor.py:183} INFO - Processing /home/abayturar/airflow-project/venv/lib/python3.12/site-packages/airflow/example_dags/example_setup_teardown.py took 0.060 seconds
[2026-03-29T12:25:36.791+0500] {processor.py:161} INFO - Started process (PID=3694) to work on /home/abayturar/airflow-project/venv/lib/python3.12/site-packages/airflow/example_dags/example_setup_teardown.py
[2026-03-29T12:25:36.791+0500] {processor.py:830} INFO - Processing file /home/abayturar/airflow-project/venv/lib/python3.12/site-packages/airflow/example_dags/example_setup_teardown.py for tasks to queue
[2026-03-29T12:25:36.793+0500] {logging_mixin.py:188} INFO - [2026-03-29T12:25:36.793+0500] {dagbag.py:545} INFO - Filling up the DagBag from /home/abayturar/airflow-project/venv/lib/python3.12/site-packages/airflow/example_dags/example_setup_teardown.py
[2026-03-29T12:25:36.801+0500] {processor.py:840} INFO - DAG(s) 'example_setup_teardown' retrieved from /home/abayturar/airflow-project/venv/lib/python3.12/site-packages/airflow/example_dags/example_setup_teardown.py
[2026-03-29T12:25:36.821+0500] {logging_mixin.py:188} INFO - [2026-03-29T12:25:36.821+0500] {dag.py:3089} INFO - Sync 1 DAGs
[2026-03-29T12:25:36.842+0500] {logging_mixin.py:188} INFO - [2026-03-29T12:25:36.842+0500] {dag.py:3947} INFO - Setting next_dagrun for example_setup_teardown to 2026-03-28 00:00:00+00:00, run_after=2026-03-29 00:00:00+00:00
[2026-03-29T12:25:36.900+0500] {processor.py:183} INFO - Processing /home/abayturar/airflow-project/venv/lib/python3.12/site-packages/airflow/example_dags/example_setup_teardown.py took 0.117 seconds
[2026-03-29T12:26:26.514+0500] {processor.py:161} INFO - Started process (PID=4015) to work on /home/abayturar/airflow-project/venv/lib/python3.12/site-packages/airflow/example_dags/example_setup_teardown.py
[2026-03-29T12:26:26.514+0500] {processor.py:830} INFO - Processing file /home/abayturar/airflow-project/venv/lib/python3.12/site-packages/airflow/example_dags/example_setup_teardown.py for tasks to queue
[2026-03-29T12:26:26.517+0500] {logging_mixin.py:188} INFO - [2026-03-29T12:26:26.516+0500] {dagbag.py:545} INFO - Filling up the DagBag from /home/abayturar/airflow-project/venv/lib/python3.12/site-packages/airflow/example_dags/example_setup_teardown.py
[2026-03-29T12:26:26.525+0500] {processor.py:840} INFO - DAG(s) 'example_setup_teardown' retrieved from /home/abayturar/airflow-project/venv/lib/python3.12/site-packages/airflow/example_dags/example_setup_teardown.py
[2026-03-29T12:26:26.542+0500] {logging_mixin.py:188} INFO - [2026-03-29T12:26:26.542+0500] {dag.py:3089} INFO - Sync 1 DAGs
[2026-03-29T12:26:26.557+0500] {logging_mixin.py:188} INFO - [2026-03-29T12:26:26.557+0500] {dag.py:3947} INFO - Setting next_dagrun for example_setup_teardown to 2026-03-28 00:00:00+00:00, run_after=2026-03-29 00:00:00+00:00
[2026-03-29T12:26:26.613+0500] {processor.py:183} INFO - Processing /home/abayturar/airflow-project/venv/lib/python3.12/site-packages/airflow/example_dags/example_setup_teardown.py took 0.107 seconds
[2026-03-29T12:27:15.061+0500] {processor.py:161} INFO - Started process (PID=4218) to work on /home/abayturar/airflow-project/venv/lib/python3.12/site-packages/airflow/example_dags/example_setup_teardown.py
[2026-03-29T12:27:15.061+0500] {processor.py:830} INFO - Processing file /home/abayturar/airflow-project/venv/lib/python3.12/site-packages/airflow/example_dags/example_setup_teardown.py for tasks to queue
[2026-03-29T12:27:15.063+0500] {logging_mixin.py:188} INFO - [2026-03-29T12:27:15.063+0500] {dagbag.py:545} INFO - Filling up the DagBag from /home/abayturar/airflow-project/venv/lib/python3.12/site-packages/airflow/example_dags/example_setup_teardown.py
[2026-03-29T12:27:15.070+0500] {processor.py:840} INFO - DAG(s) 'example_setup_teardown' retrieved from /home/abayturar/airflow-project/venv/lib/python3.12/site-packages/airflow/example_dags/example_setup_teardown.py
[2026-03-29T12:27:15.086+0500] {logging_mixin.py:188} INFO - [2026-03-29T12:27:15.086+0500] {dag.py:3089} INFO - Sync 1 DAGs
[2026-03-29T12:27:15.104+0500] {logging_mixin.py:188} INFO - [2026-03-29T12:27:15.104+0500] {dag.py:3947} INFO - Setting next_dagrun for example_setup_teardown to 2026-03-28 00:00:00+00:00, run_after=2026-03-29 00:00:00+00:00
[2026-03-29T12:27:15.123+0500] {processor.py:183} INFO - Processing /home/abayturar/airflow-project/venv/lib/python3.12/site-packages/airflow/example_dags/example_setup_teardown.py took 0.068 seconds
