[2026-03-29T12:02:01.628+0500] {processor.py:161} INFO - Started process (PID=32444) to work on /home/abayturar/airflow-project/venv/lib/python3.12/site-packages/airflow/example_dags/example_external_task_marker_dag.py
[2026-03-29T12:02:01.629+0500] {processor.py:830} INFO - Processing file /home/abayturar/airflow-project/venv/lib/python3.12/site-packages/airflow/example_dags/example_external_task_marker_dag.py for tasks to queue
[2026-03-29T12:02:01.670+0500] {logging_mixin.py:188} INFO - [2026-03-29T12:02:01.669+0500] {dagbag.py:545} INFO - Filling up the DagBag from /home/abayturar/airflow-project/venv/lib/python3.12/site-packages/airflow/example_dags/example_external_task_marker_dag.py
[2026-03-29T12:02:01.676+0500] {processor.py:840} INFO - DAG(s) 'example_external_task_marker_child', 'example_external_task_marker_parent' retrieved from /home/abayturar/airflow-project/venv/lib/python3.12/site-packages/airflow/example_dags/example_external_task_marker_dag.py
[2026-03-29T12:02:01.692+0500] {logging_mixin.py:188} INFO - [2026-03-29T12:02:01.692+0500] {dag.py:3089} INFO - Sync 2 DAGs
[2026-03-29T12:02:01.703+0500] {logging_mixin.py:188} INFO - [2026-03-29T12:02:01.702+0500] {dag.py:3947} INFO - Setting next_dagrun for example_external_task_marker_child to None, run_after=None
[2026-03-29T12:02:01.705+0500] {logging_mixin.py:188} INFO - [2026-03-29T12:02:01.705+0500] {dag.py:3947} INFO - Setting next_dagrun for example_external_task_marker_parent to None, run_after=None
[2026-03-29T12:02:01.719+0500] {processor.py:183} INFO - Processing /home/abayturar/airflow-project/venv/lib/python3.12/site-packages/airflow/example_dags/example_external_task_marker_dag.py took 0.097 seconds
[2026-03-29T12:02:54.738+0500] {processor.py:161} INFO - Started process (PID=32664) to work on /home/abayturar/airflow-project/venv/lib/python3.12/site-packages/airflow/example_dags/example_external_task_marker_dag.py
[2026-03-29T12:02:54.739+0500] {processor.py:830} INFO - Processing file /home/abayturar/airflow-project/venv/lib/python3.12/site-packages/airflow/example_dags/example_external_task_marker_dag.py for tasks to queue
[2026-03-29T12:02:54.740+0500] {logging_mixin.py:188} INFO - [2026-03-29T12:02:54.740+0500] {dagbag.py:545} INFO - Filling up the DagBag from /home/abayturar/airflow-project/venv/lib/python3.12/site-packages/airflow/example_dags/example_external_task_marker_dag.py
[2026-03-29T12:02:54.746+0500] {processor.py:840} INFO - DAG(s) 'example_external_task_marker_child', 'example_external_task_marker_parent' retrieved from /home/abayturar/airflow-project/venv/lib/python3.12/site-packages/airflow/example_dags/example_external_task_marker_dag.py
[2026-03-29T12:02:54.762+0500] {logging_mixin.py:188} INFO - [2026-03-29T12:02:54.762+0500] {dag.py:3089} INFO - Sync 2 DAGs
[2026-03-29T12:02:54.771+0500] {logging_mixin.py:188} INFO - [2026-03-29T12:02:54.771+0500] {dag.py:3947} INFO - Setting next_dagrun for example_external_task_marker_child to None, run_after=None
[2026-03-29T12:02:54.773+0500] {logging_mixin.py:188} INFO - [2026-03-29T12:02:54.773+0500] {dag.py:3947} INFO - Setting next_dagrun for example_external_task_marker_parent to None, run_after=None
[2026-03-29T12:02:54.802+0500] {processor.py:183} INFO - Processing /home/abayturar/airflow-project/venv/lib/python3.12/site-packages/airflow/example_dags/example_external_task_marker_dag.py took 0.070 seconds
[2026-03-29T12:06:23.777+0500] {processor.py:161} INFO - Started process (PID=128) to work on /home/abayturar/airflow-project/venv/lib/python3.12/site-packages/airflow/example_dags/example_external_task_marker_dag.py
[2026-03-29T12:06:23.778+0500] {processor.py:830} INFO - Processing file /home/abayturar/airflow-project/venv/lib/python3.12/site-packages/airflow/example_dags/example_external_task_marker_dag.py for tasks to queue
[2026-03-29T12:06:23.780+0500] {logging_mixin.py:188} INFO - [2026-03-29T12:06:23.779+0500] {dagbag.py:545} INFO - Filling up the DagBag from /home/abayturar/airflow-project/venv/lib/python3.12/site-packages/airflow/example_dags/example_external_task_marker_dag.py
[2026-03-29T12:06:23.786+0500] {processor.py:840} INFO - DAG(s) 'example_external_task_marker_child', 'example_external_task_marker_parent' retrieved from /home/abayturar/airflow-project/venv/lib/python3.12/site-packages/airflow/example_dags/example_external_task_marker_dag.py
[2026-03-29T12:06:23.804+0500] {logging_mixin.py:188} INFO - [2026-03-29T12:06:23.803+0500] {dag.py:3089} INFO - Sync 2 DAGs
[2026-03-29T12:06:23.814+0500] {logging_mixin.py:188} INFO - [2026-03-29T12:06:23.814+0500] {dag.py:3947} INFO - Setting next_dagrun for example_external_task_marker_child to None, run_after=None
[2026-03-29T12:06:23.816+0500] {logging_mixin.py:188} INFO - [2026-03-29T12:06:23.816+0500] {dag.py:3947} INFO - Setting next_dagrun for example_external_task_marker_parent to None, run_after=None
[2026-03-29T12:06:23.830+0500] {processor.py:183} INFO - Processing /home/abayturar/airflow-project/venv/lib/python3.12/site-packages/airflow/example_dags/example_external_task_marker_dag.py took 0.060 seconds
[2026-03-29T12:07:15.172+0500] {processor.py:161} INFO - Started process (PID=342) to work on /home/abayturar/airflow-project/venv/lib/python3.12/site-packages/airflow/example_dags/example_external_task_marker_dag.py
[2026-03-29T12:07:15.173+0500] {processor.py:830} INFO - Processing file /home/abayturar/airflow-project/venv/lib/python3.12/site-packages/airflow/example_dags/example_external_task_marker_dag.py for tasks to queue
[2026-03-29T12:07:15.175+0500] {logging_mixin.py:188} INFO - [2026-03-29T12:07:15.175+0500] {dagbag.py:545} INFO - Filling up the DagBag from /home/abayturar/airflow-project/venv/lib/python3.12/site-packages/airflow/example_dags/example_external_task_marker_dag.py
[2026-03-29T12:07:15.182+0500] {processor.py:840} INFO - DAG(s) 'example_external_task_marker_parent', 'example_external_task_marker_child' retrieved from /home/abayturar/airflow-project/venv/lib/python3.12/site-packages/airflow/example_dags/example_external_task_marker_dag.py
[2026-03-29T12:07:15.200+0500] {logging_mixin.py:188} INFO - [2026-03-29T12:07:15.200+0500] {dag.py:3089} INFO - Sync 2 DAGs
[2026-03-29T12:07:15.209+0500] {logging_mixin.py:188} INFO - [2026-03-29T12:07:15.209+0500] {dag.py:3947} INFO - Setting next_dagrun for example_external_task_marker_child to None, run_after=None
[2026-03-29T12:07:15.211+0500] {logging_mixin.py:188} INFO - [2026-03-29T12:07:15.211+0500] {dag.py:3947} INFO - Setting next_dagrun for example_external_task_marker_parent to None, run_after=None
[2026-03-29T12:07:15.226+0500] {processor.py:183} INFO - Processing /home/abayturar/airflow-project/venv/lib/python3.12/site-packages/airflow/example_dags/example_external_task_marker_dag.py took 0.060 seconds
[2026-03-29T12:08:27.685+0500] {processor.py:161} INFO - Started process (PID=640) to work on /home/abayturar/airflow-project/venv/lib/python3.12/site-packages/airflow/example_dags/example_external_task_marker_dag.py
[2026-03-29T12:08:27.686+0500] {processor.py:830} INFO - Processing file /home/abayturar/airflow-project/venv/lib/python3.12/site-packages/airflow/example_dags/example_external_task_marker_dag.py for tasks to queue
[2026-03-29T12:08:27.688+0500] {logging_mixin.py:188} INFO - [2026-03-29T12:08:27.687+0500] {dagbag.py:545} INFO - Filling up the DagBag from /home/abayturar/airflow-project/venv/lib/python3.12/site-packages/airflow/example_dags/example_external_task_marker_dag.py
[2026-03-29T12:08:27.694+0500] {processor.py:840} INFO - DAG(s) 'example_external_task_marker_parent', 'example_external_task_marker_child' retrieved from /home/abayturar/airflow-project/venv/lib/python3.12/site-packages/airflow/example_dags/example_external_task_marker_dag.py
[2026-03-29T12:08:27.710+0500] {logging_mixin.py:188} INFO - [2026-03-29T12:08:27.710+0500] {dag.py:3089} INFO - Sync 2 DAGs
[2026-03-29T12:08:27.718+0500] {logging_mixin.py:188} INFO - [2026-03-29T12:08:27.718+0500] {dag.py:3947} INFO - Setting next_dagrun for example_external_task_marker_child to None, run_after=None
[2026-03-29T12:08:27.720+0500] {logging_mixin.py:188} INFO - [2026-03-29T12:08:27.720+0500] {dag.py:3947} INFO - Setting next_dagrun for example_external_task_marker_parent to None, run_after=None
[2026-03-29T12:08:27.773+0500] {processor.py:183} INFO - Processing /home/abayturar/airflow-project/venv/lib/python3.12/site-packages/airflow/example_dags/example_external_task_marker_dag.py took 0.093 seconds
[2026-03-29T12:09:19.123+0500] {processor.py:161} INFO - Started process (PID=856) to work on /home/abayturar/airflow-project/venv/lib/python3.12/site-packages/airflow/example_dags/example_external_task_marker_dag.py
[2026-03-29T12:09:19.123+0500] {processor.py:830} INFO - Processing file /home/abayturar/airflow-project/venv/lib/python3.12/site-packages/airflow/example_dags/example_external_task_marker_dag.py for tasks to queue
[2026-03-29T12:09:19.125+0500] {logging_mixin.py:188} INFO - [2026-03-29T12:09:19.125+0500] {dagbag.py:545} INFO - Filling up the DagBag from /home/abayturar/airflow-project/venv/lib/python3.12/site-packages/airflow/example_dags/example_external_task_marker_dag.py
[2026-03-29T12:09:19.131+0500] {processor.py:840} INFO - DAG(s) 'example_external_task_marker_child', 'example_external_task_marker_parent' retrieved from /home/abayturar/airflow-project/venv/lib/python3.12/site-packages/airflow/example_dags/example_external_task_marker_dag.py
[2026-03-29T12:09:19.148+0500] {logging_mixin.py:188} INFO - [2026-03-29T12:09:19.148+0500] {dag.py:3089} INFO - Sync 2 DAGs
[2026-03-29T12:09:19.157+0500] {logging_mixin.py:188} INFO - [2026-03-29T12:09:19.156+0500] {dag.py:3947} INFO - Setting next_dagrun for example_external_task_marker_child to None, run_after=None
[2026-03-29T12:09:19.159+0500] {logging_mixin.py:188} INFO - [2026-03-29T12:09:19.159+0500] {dag.py:3947} INFO - Setting next_dagrun for example_external_task_marker_parent to None, run_after=None
[2026-03-29T12:09:19.212+0500] {processor.py:183} INFO - Processing /home/abayturar/airflow-project/venv/lib/python3.12/site-packages/airflow/example_dags/example_external_task_marker_dag.py took 0.095 seconds
[2026-03-29T12:10:09.772+0500] {processor.py:161} INFO - Started process (PID=997) to work on /home/abayturar/airflow-project/venv/lib/python3.12/site-packages/airflow/example_dags/example_external_task_marker_dag.py
[2026-03-29T12:10:09.773+0500] {processor.py:830} INFO - Processing file /home/abayturar/airflow-project/venv/lib/python3.12/site-packages/airflow/example_dags/example_external_task_marker_dag.py for tasks to queue
[2026-03-29T12:10:09.774+0500] {logging_mixin.py:188} INFO - [2026-03-29T12:10:09.774+0500] {dagbag.py:545} INFO - Filling up the DagBag from /home/abayturar/airflow-project/venv/lib/python3.12/site-packages/airflow/example_dags/example_external_task_marker_dag.py
[2026-03-29T12:10:09.780+0500] {processor.py:840} INFO - DAG(s) 'example_external_task_marker_parent', 'example_external_task_marker_child' retrieved from /home/abayturar/airflow-project/venv/lib/python3.12/site-packages/airflow/example_dags/example_external_task_marker_dag.py
[2026-03-29T12:10:09.797+0500] {logging_mixin.py:188} INFO - [2026-03-29T12:10:09.797+0500] {dag.py:3089} INFO - Sync 2 DAGs
[2026-03-29T12:10:09.806+0500] {logging_mixin.py:188} INFO - [2026-03-29T12:10:09.806+0500] {dag.py:3947} INFO - Setting next_dagrun for example_external_task_marker_child to None, run_after=None
[2026-03-29T12:10:09.808+0500] {logging_mixin.py:188} INFO - [2026-03-29T12:10:09.808+0500] {dag.py:3947} INFO - Setting next_dagrun for example_external_task_marker_parent to None, run_after=None
[2026-03-29T12:10:09.860+0500] {processor.py:183} INFO - Processing /home/abayturar/airflow-project/venv/lib/python3.12/site-packages/airflow/example_dags/example_external_task_marker_dag.py took 0.094 seconds
[2026-03-29T12:11:00.049+0500] {processor.py:161} INFO - Started process (PID=1128) to work on /home/abayturar/airflow-project/venv/lib/python3.12/site-packages/airflow/example_dags/example_external_task_marker_dag.py
[2026-03-29T12:11:00.050+0500] {processor.py:830} INFO - Processing file /home/abayturar/airflow-project/venv/lib/python3.12/site-packages/airflow/example_dags/example_external_task_marker_dag.py for tasks to queue
[2026-03-29T12:11:00.051+0500] {logging_mixin.py:188} INFO - [2026-03-29T12:11:00.051+0500] {dagbag.py:545} INFO - Filling up the DagBag from /home/abayturar/airflow-project/venv/lib/python3.12/site-packages/airflow/example_dags/example_external_task_marker_dag.py
[2026-03-29T12:11:00.058+0500] {processor.py:840} INFO - DAG(s) 'example_external_task_marker_parent', 'example_external_task_marker_child' retrieved from /home/abayturar/airflow-project/venv/lib/python3.12/site-packages/airflow/example_dags/example_external_task_marker_dag.py
[2026-03-29T12:11:00.074+0500] {logging_mixin.py:188} INFO - [2026-03-29T12:11:00.074+0500] {dag.py:3089} INFO - Sync 2 DAGs
[2026-03-29T12:11:00.083+0500] {logging_mixin.py:188} INFO - [2026-03-29T12:11:00.083+0500] {dag.py:3947} INFO - Setting next_dagrun for example_external_task_marker_child to None, run_after=None
[2026-03-29T12:11:00.085+0500] {logging_mixin.py:188} INFO - [2026-03-29T12:11:00.085+0500] {dag.py:3947} INFO - Setting next_dagrun for example_external_task_marker_parent to None, run_after=None
[2026-03-29T12:11:00.138+0500] {processor.py:183} INFO - Processing /home/abayturar/airflow-project/venv/lib/python3.12/site-packages/airflow/example_dags/example_external_task_marker_dag.py took 0.095 seconds
[2026-03-29T12:11:49.102+0500] {processor.py:161} INFO - Started process (PID=1260) to work on /home/abayturar/airflow-project/venv/lib/python3.12/site-packages/airflow/example_dags/example_external_task_marker_dag.py
[2026-03-29T12:11:49.103+0500] {processor.py:830} INFO - Processing file /home/abayturar/airflow-project/venv/lib/python3.12/site-packages/airflow/example_dags/example_external_task_marker_dag.py for tasks to queue
[2026-03-29T12:11:49.105+0500] {logging_mixin.py:188} INFO - [2026-03-29T12:11:49.104+0500] {dagbag.py:545} INFO - Filling up the DagBag from /home/abayturar/airflow-project/venv/lib/python3.12/site-packages/airflow/example_dags/example_external_task_marker_dag.py
[2026-03-29T12:11:49.111+0500] {processor.py:840} INFO - DAG(s) 'example_external_task_marker_parent', 'example_external_task_marker_child' retrieved from /home/abayturar/airflow-project/venv/lib/python3.12/site-packages/airflow/example_dags/example_external_task_marker_dag.py
[2026-03-29T12:11:49.128+0500] {logging_mixin.py:188} INFO - [2026-03-29T12:11:49.128+0500] {dag.py:3089} INFO - Sync 2 DAGs
[2026-03-29T12:11:49.137+0500] {logging_mixin.py:188} INFO - [2026-03-29T12:11:49.137+0500] {dag.py:3947} INFO - Setting next_dagrun for example_external_task_marker_child to None, run_after=None
[2026-03-29T12:11:49.139+0500] {logging_mixin.py:188} INFO - [2026-03-29T12:11:49.139+0500] {dag.py:3947} INFO - Setting next_dagrun for example_external_task_marker_parent to None, run_after=None
[2026-03-29T12:11:49.191+0500] {processor.py:183} INFO - Processing /home/abayturar/airflow-project/venv/lib/python3.12/site-packages/airflow/example_dags/example_external_task_marker_dag.py took 0.095 seconds
[2026-03-29T12:12:41.010+0500] {processor.py:161} INFO - Started process (PID=1393) to work on /home/abayturar/airflow-project/venv/lib/python3.12/site-packages/airflow/example_dags/example_external_task_marker_dag.py
[2026-03-29T12:12:41.011+0500] {processor.py:830} INFO - Processing file /home/abayturar/airflow-project/venv/lib/python3.12/site-packages/airflow/example_dags/example_external_task_marker_dag.py for tasks to queue
[2026-03-29T12:12:41.013+0500] {logging_mixin.py:188} INFO - [2026-03-29T12:12:41.012+0500] {dagbag.py:545} INFO - Filling up the DagBag from /home/abayturar/airflow-project/venv/lib/python3.12/site-packages/airflow/example_dags/example_external_task_marker_dag.py
[2026-03-29T12:12:41.019+0500] {processor.py:840} INFO - DAG(s) 'example_external_task_marker_child', 'example_external_task_marker_parent' retrieved from /home/abayturar/airflow-project/venv/lib/python3.12/site-packages/airflow/example_dags/example_external_task_marker_dag.py
[2026-03-29T12:12:41.035+0500] {logging_mixin.py:188} INFO - [2026-03-29T12:12:41.035+0500] {dag.py:3089} INFO - Sync 2 DAGs
[2026-03-29T12:12:41.044+0500] {logging_mixin.py:188} INFO - [2026-03-29T12:12:41.044+0500] {dag.py:3947} INFO - Setting next_dagrun for example_external_task_marker_child to None, run_after=None
[2026-03-29T12:12:41.046+0500] {logging_mixin.py:188} INFO - [2026-03-29T12:12:41.046+0500] {dag.py:3947} INFO - Setting next_dagrun for example_external_task_marker_parent to None, run_after=None
[2026-03-29T12:12:41.062+0500] {processor.py:183} INFO - Processing /home/abayturar/airflow-project/venv/lib/python3.12/site-packages/airflow/example_dags/example_external_task_marker_dag.py took 0.058 seconds
[2026-03-29T12:13:31.953+0500] {processor.py:161} INFO - Started process (PID=1529) to work on /home/abayturar/airflow-project/venv/lib/python3.12/site-packages/airflow/example_dags/example_external_task_marker_dag.py
[2026-03-29T12:13:31.954+0500] {processor.py:830} INFO - Processing file /home/abayturar/airflow-project/venv/lib/python3.12/site-packages/airflow/example_dags/example_external_task_marker_dag.py for tasks to queue
[2026-03-29T12:13:31.956+0500] {logging_mixin.py:188} INFO - [2026-03-29T12:13:31.956+0500] {dagbag.py:545} INFO - Filling up the DagBag from /home/abayturar/airflow-project/venv/lib/python3.12/site-packages/airflow/example_dags/example_external_task_marker_dag.py
[2026-03-29T12:13:31.963+0500] {processor.py:840} INFO - DAG(s) 'example_external_task_marker_child', 'example_external_task_marker_parent' retrieved from /home/abayturar/airflow-project/venv/lib/python3.12/site-packages/airflow/example_dags/example_external_task_marker_dag.py
[2026-03-29T12:13:31.988+0500] {logging_mixin.py:188} INFO - [2026-03-29T12:13:31.988+0500] {dag.py:3089} INFO - Sync 2 DAGs
[2026-03-29T12:13:31.996+0500] {logging_mixin.py:188} INFO - [2026-03-29T12:13:31.996+0500] {dag.py:3947} INFO - Setting next_dagrun for example_external_task_marker_child to None, run_after=None
[2026-03-29T12:13:31.998+0500] {logging_mixin.py:188} INFO - [2026-03-29T12:13:31.998+0500] {dag.py:3947} INFO - Setting next_dagrun for example_external_task_marker_parent to None, run_after=None
[2026-03-29T12:13:32.012+0500] {processor.py:183} INFO - Processing /home/abayturar/airflow-project/venv/lib/python3.12/site-packages/airflow/example_dags/example_external_task_marker_dag.py took 0.065 seconds
[2026-03-29T12:14:47.515+0500] {processor.py:161} INFO - Started process (PID=1723) to work on /home/abayturar/airflow-project/venv/lib/python3.12/site-packages/airflow/example_dags/example_external_task_marker_dag.py
[2026-03-29T12:14:47.515+0500] {processor.py:830} INFO - Processing file /home/abayturar/airflow-project/venv/lib/python3.12/site-packages/airflow/example_dags/example_external_task_marker_dag.py for tasks to queue
[2026-03-29T12:14:47.517+0500] {logging_mixin.py:188} INFO - [2026-03-29T12:14:47.517+0500] {dagbag.py:545} INFO - Filling up the DagBag from /home/abayturar/airflow-project/venv/lib/python3.12/site-packages/airflow/example_dags/example_external_task_marker_dag.py
[2026-03-29T12:14:47.523+0500] {processor.py:840} INFO - DAG(s) 'example_external_task_marker_child', 'example_external_task_marker_parent' retrieved from /home/abayturar/airflow-project/venv/lib/python3.12/site-packages/airflow/example_dags/example_external_task_marker_dag.py
[2026-03-29T12:14:47.539+0500] {logging_mixin.py:188} INFO - [2026-03-29T12:14:47.539+0500] {dag.py:3089} INFO - Sync 2 DAGs
[2026-03-29T12:14:47.548+0500] {logging_mixin.py:188} INFO - [2026-03-29T12:14:47.548+0500] {dag.py:3947} INFO - Setting next_dagrun for example_external_task_marker_child to None, run_after=None
[2026-03-29T12:14:47.550+0500] {logging_mixin.py:188} INFO - [2026-03-29T12:14:47.550+0500] {dag.py:3947} INFO - Setting next_dagrun for example_external_task_marker_parent to None, run_after=None
[2026-03-29T12:14:47.602+0500] {processor.py:183} INFO - Processing /home/abayturar/airflow-project/venv/lib/python3.12/site-packages/airflow/example_dags/example_external_task_marker_dag.py took 0.093 seconds
[2026-03-29T12:15:41.782+0500] {processor.py:161} INFO - Started process (PID=1863) to work on /home/abayturar/airflow-project/venv/lib/python3.12/site-packages/airflow/example_dags/example_external_task_marker_dag.py
[2026-03-29T12:15:41.783+0500] {processor.py:830} INFO - Processing file /home/abayturar/airflow-project/venv/lib/python3.12/site-packages/airflow/example_dags/example_external_task_marker_dag.py for tasks to queue
[2026-03-29T12:15:41.785+0500] {logging_mixin.py:188} INFO - [2026-03-29T12:15:41.784+0500] {dagbag.py:545} INFO - Filling up the DagBag from /home/abayturar/airflow-project/venv/lib/python3.12/site-packages/airflow/example_dags/example_external_task_marker_dag.py
[2026-03-29T12:15:41.791+0500] {processor.py:840} INFO - DAG(s) 'example_external_task_marker_child', 'example_external_task_marker_parent' retrieved from /home/abayturar/airflow-project/venv/lib/python3.12/site-packages/airflow/example_dags/example_external_task_marker_dag.py
[2026-03-29T12:15:41.808+0500] {logging_mixin.py:188} INFO - [2026-03-29T12:15:41.808+0500] {dag.py:3089} INFO - Sync 2 DAGs
[2026-03-29T12:15:41.817+0500] {logging_mixin.py:188} INFO - [2026-03-29T12:15:41.817+0500] {dag.py:3947} INFO - Setting next_dagrun for example_external_task_marker_child to None, run_after=None
[2026-03-29T12:15:41.819+0500] {logging_mixin.py:188} INFO - [2026-03-29T12:15:41.819+0500] {dag.py:3947} INFO - Setting next_dagrun for example_external_task_marker_parent to None, run_after=None
[2026-03-29T12:15:41.973+0500] {processor.py:183} INFO - Processing /home/abayturar/airflow-project/venv/lib/python3.12/site-packages/airflow/example_dags/example_external_task_marker_dag.py took 0.197 seconds
[2026-03-29T12:16:34.212+0500] {processor.py:161} INFO - Started process (PID=2003) to work on /home/abayturar/airflow-project/venv/lib/python3.12/site-packages/airflow/example_dags/example_external_task_marker_dag.py
[2026-03-29T12:16:34.213+0500] {processor.py:830} INFO - Processing file /home/abayturar/airflow-project/venv/lib/python3.12/site-packages/airflow/example_dags/example_external_task_marker_dag.py for tasks to queue
[2026-03-29T12:16:34.215+0500] {logging_mixin.py:188} INFO - [2026-03-29T12:16:34.215+0500] {dagbag.py:545} INFO - Filling up the DagBag from /home/abayturar/airflow-project/venv/lib/python3.12/site-packages/airflow/example_dags/example_external_task_marker_dag.py
[2026-03-29T12:16:34.221+0500] {processor.py:840} INFO - DAG(s) 'example_external_task_marker_parent', 'example_external_task_marker_child' retrieved from /home/abayturar/airflow-project/venv/lib/python3.12/site-packages/airflow/example_dags/example_external_task_marker_dag.py
[2026-03-29T12:16:34.237+0500] {logging_mixin.py:188} INFO - [2026-03-29T12:16:34.236+0500] {dag.py:3089} INFO - Sync 2 DAGs
[2026-03-29T12:16:34.245+0500] {logging_mixin.py:188} INFO - [2026-03-29T12:16:34.245+0500] {dag.py:3947} INFO - Setting next_dagrun for example_external_task_marker_child to None, run_after=None
[2026-03-29T12:16:34.248+0500] {logging_mixin.py:188} INFO - [2026-03-29T12:16:34.247+0500] {dag.py:3947} INFO - Setting next_dagrun for example_external_task_marker_parent to None, run_after=None
[2026-03-29T12:16:34.301+0500] {processor.py:183} INFO - Processing /home/abayturar/airflow-project/venv/lib/python3.12/site-packages/airflow/example_dags/example_external_task_marker_dag.py took 0.094 seconds
[2026-03-29T12:17:27.664+0500] {processor.py:161} INFO - Started process (PID=2140) to work on /home/abayturar/airflow-project/venv/lib/python3.12/site-packages/airflow/example_dags/example_external_task_marker_dag.py
[2026-03-29T12:17:27.666+0500] {processor.py:830} INFO - Processing file /home/abayturar/airflow-project/venv/lib/python3.12/site-packages/airflow/example_dags/example_external_task_marker_dag.py for tasks to queue
[2026-03-29T12:17:27.668+0500] {logging_mixin.py:188} INFO - [2026-03-29T12:17:27.667+0500] {dagbag.py:545} INFO - Filling up the DagBag from /home/abayturar/airflow-project/venv/lib/python3.12/site-packages/airflow/example_dags/example_external_task_marker_dag.py
[2026-03-29T12:17:27.675+0500] {processor.py:840} INFO - DAG(s) 'example_external_task_marker_child', 'example_external_task_marker_parent' retrieved from /home/abayturar/airflow-project/venv/lib/python3.12/site-packages/airflow/example_dags/example_external_task_marker_dag.py
[2026-03-29T12:17:27.692+0500] {logging_mixin.py:188} INFO - [2026-03-29T12:17:27.692+0500] {dag.py:3089} INFO - Sync 2 DAGs
[2026-03-29T12:17:27.703+0500] {logging_mixin.py:188} INFO - [2026-03-29T12:17:27.702+0500] {dag.py:3947} INFO - Setting next_dagrun for example_external_task_marker_child to None, run_after=None
[2026-03-29T12:17:27.705+0500] {logging_mixin.py:188} INFO - [2026-03-29T12:17:27.705+0500] {dag.py:3947} INFO - Setting next_dagrun for example_external_task_marker_parent to None, run_after=None
[2026-03-29T12:17:27.760+0500] {processor.py:183} INFO - Processing /home/abayturar/airflow-project/venv/lib/python3.12/site-packages/airflow/example_dags/example_external_task_marker_dag.py took 0.103 seconds
[2026-03-29T12:18:20.525+0500] {processor.py:161} INFO - Started process (PID=2280) to work on /home/abayturar/airflow-project/venv/lib/python3.12/site-packages/airflow/example_dags/example_external_task_marker_dag.py
[2026-03-29T12:18:20.525+0500] {processor.py:830} INFO - Processing file /home/abayturar/airflow-project/venv/lib/python3.12/site-packages/airflow/example_dags/example_external_task_marker_dag.py for tasks to queue
[2026-03-29T12:18:20.527+0500] {logging_mixin.py:188} INFO - [2026-03-29T12:18:20.527+0500] {dagbag.py:545} INFO - Filling up the DagBag from /home/abayturar/airflow-project/venv/lib/python3.12/site-packages/airflow/example_dags/example_external_task_marker_dag.py
[2026-03-29T12:18:20.533+0500] {processor.py:840} INFO - DAG(s) 'example_external_task_marker_parent', 'example_external_task_marker_child' retrieved from /home/abayturar/airflow-project/venv/lib/python3.12/site-packages/airflow/example_dags/example_external_task_marker_dag.py
[2026-03-29T12:18:20.551+0500] {logging_mixin.py:188} INFO - [2026-03-29T12:18:20.551+0500] {dag.py:3089} INFO - Sync 2 DAGs
[2026-03-29T12:18:20.560+0500] {logging_mixin.py:188} INFO - [2026-03-29T12:18:20.560+0500] {dag.py:3947} INFO - Setting next_dagrun for example_external_task_marker_child to None, run_after=None
[2026-03-29T12:18:20.562+0500] {logging_mixin.py:188} INFO - [2026-03-29T12:18:20.562+0500] {dag.py:3947} INFO - Setting next_dagrun for example_external_task_marker_parent to None, run_after=None
[2026-03-29T12:18:20.616+0500] {processor.py:183} INFO - Processing /home/abayturar/airflow-project/venv/lib/python3.12/site-packages/airflow/example_dags/example_external_task_marker_dag.py took 0.097 seconds
[2026-03-29T12:19:10.348+0500] {processor.py:161} INFO - Started process (PID=2411) to work on /home/abayturar/airflow-project/venv/lib/python3.12/site-packages/airflow/example_dags/example_external_task_marker_dag.py
[2026-03-29T12:19:10.349+0500] {processor.py:830} INFO - Processing file /home/abayturar/airflow-project/venv/lib/python3.12/site-packages/airflow/example_dags/example_external_task_marker_dag.py for tasks to queue
[2026-03-29T12:19:10.351+0500] {logging_mixin.py:188} INFO - [2026-03-29T12:19:10.351+0500] {dagbag.py:545} INFO - Filling up the DagBag from /home/abayturar/airflow-project/venv/lib/python3.12/site-packages/airflow/example_dags/example_external_task_marker_dag.py
[2026-03-29T12:19:10.358+0500] {processor.py:840} INFO - DAG(s) 'example_external_task_marker_child', 'example_external_task_marker_parent' retrieved from /home/abayturar/airflow-project/venv/lib/python3.12/site-packages/airflow/example_dags/example_external_task_marker_dag.py
[2026-03-29T12:19:10.376+0500] {logging_mixin.py:188} INFO - [2026-03-29T12:19:10.376+0500] {dag.py:3089} INFO - Sync 2 DAGs
[2026-03-29T12:19:10.386+0500] {logging_mixin.py:188} INFO - [2026-03-29T12:19:10.386+0500] {dag.py:3947} INFO - Setting next_dagrun for example_external_task_marker_child to None, run_after=None
[2026-03-29T12:19:10.388+0500] {logging_mixin.py:188} INFO - [2026-03-29T12:19:10.388+0500] {dag.py:3947} INFO - Setting next_dagrun for example_external_task_marker_parent to None, run_after=None
[2026-03-29T12:19:10.441+0500] {processor.py:183} INFO - Processing /home/abayturar/airflow-project/venv/lib/python3.12/site-packages/airflow/example_dags/example_external_task_marker_dag.py took 0.100 seconds
[2026-03-29T12:20:00.978+0500] {processor.py:161} INFO - Started process (PID=2541) to work on /home/abayturar/airflow-project/venv/lib/python3.12/site-packages/airflow/example_dags/example_external_task_marker_dag.py
[2026-03-29T12:20:00.978+0500] {processor.py:830} INFO - Processing file /home/abayturar/airflow-project/venv/lib/python3.12/site-packages/airflow/example_dags/example_external_task_marker_dag.py for tasks to queue
[2026-03-29T12:20:00.980+0500] {logging_mixin.py:188} INFO - [2026-03-29T12:20:00.980+0500] {dagbag.py:545} INFO - Filling up the DagBag from /home/abayturar/airflow-project/venv/lib/python3.12/site-packages/airflow/example_dags/example_external_task_marker_dag.py
[2026-03-29T12:20:00.986+0500] {processor.py:840} INFO - DAG(s) 'example_external_task_marker_parent', 'example_external_task_marker_child' retrieved from /home/abayturar/airflow-project/venv/lib/python3.12/site-packages/airflow/example_dags/example_external_task_marker_dag.py
[2026-03-29T12:20:01.004+0500] {logging_mixin.py:188} INFO - [2026-03-29T12:20:01.004+0500] {dag.py:3089} INFO - Sync 2 DAGs
[2026-03-29T12:20:01.013+0500] {logging_mixin.py:188} INFO - [2026-03-29T12:20:01.013+0500] {dag.py:3947} INFO - Setting next_dagrun for example_external_task_marker_child to None, run_after=None
[2026-03-29T12:20:01.015+0500] {logging_mixin.py:188} INFO - [2026-03-29T12:20:01.015+0500] {dag.py:3947} INFO - Setting next_dagrun for example_external_task_marker_parent to None, run_after=None
[2026-03-29T12:20:01.060+0500] {processor.py:183} INFO - Processing /home/abayturar/airflow-project/venv/lib/python3.12/site-packages/airflow/example_dags/example_external_task_marker_dag.py took 0.088 seconds
[2026-03-29T12:20:55.106+0500] {processor.py:161} INFO - Started process (PID=2683) to work on /home/abayturar/airflow-project/venv/lib/python3.12/site-packages/airflow/example_dags/example_external_task_marker_dag.py
[2026-03-29T12:20:55.106+0500] {processor.py:830} INFO - Processing file /home/abayturar/airflow-project/venv/lib/python3.12/site-packages/airflow/example_dags/example_external_task_marker_dag.py for tasks to queue
[2026-03-29T12:20:55.108+0500] {logging_mixin.py:188} INFO - [2026-03-29T12:20:55.108+0500] {dagbag.py:545} INFO - Filling up the DagBag from /home/abayturar/airflow-project/venv/lib/python3.12/site-packages/airflow/example_dags/example_external_task_marker_dag.py
[2026-03-29T12:20:55.114+0500] {processor.py:840} INFO - DAG(s) 'example_external_task_marker_parent', 'example_external_task_marker_child' retrieved from /home/abayturar/airflow-project/venv/lib/python3.12/site-packages/airflow/example_dags/example_external_task_marker_dag.py
[2026-03-29T12:20:55.132+0500] {logging_mixin.py:188} INFO - [2026-03-29T12:20:55.132+0500] {dag.py:3089} INFO - Sync 2 DAGs
[2026-03-29T12:20:55.141+0500] {logging_mixin.py:188} INFO - [2026-03-29T12:20:55.141+0500] {dag.py:3947} INFO - Setting next_dagrun for example_external_task_marker_child to None, run_after=None
[2026-03-29T12:20:55.144+0500] {logging_mixin.py:188} INFO - [2026-03-29T12:20:55.143+0500] {dag.py:3947} INFO - Setting next_dagrun for example_external_task_marker_parent to None, run_after=None
[2026-03-29T12:20:55.158+0500] {processor.py:183} INFO - Processing /home/abayturar/airflow-project/venv/lib/python3.12/site-packages/airflow/example_dags/example_external_task_marker_dag.py took 0.058 seconds
[2026-03-29T12:21:48.529+0500] {processor.py:161} INFO - Started process (PID=2832) to work on /home/abayturar/airflow-project/venv/lib/python3.12/site-packages/airflow/example_dags/example_external_task_marker_dag.py
[2026-03-29T12:21:48.530+0500] {processor.py:830} INFO - Processing file /home/abayturar/airflow-project/venv/lib/python3.12/site-packages/airflow/example_dags/example_external_task_marker_dag.py for tasks to queue
[2026-03-29T12:21:48.532+0500] {logging_mixin.py:188} INFO - [2026-03-29T12:21:48.531+0500] {dagbag.py:545} INFO - Filling up the DagBag from /home/abayturar/airflow-project/venv/lib/python3.12/site-packages/airflow/example_dags/example_external_task_marker_dag.py
[2026-03-29T12:21:48.538+0500] {processor.py:840} INFO - DAG(s) 'example_external_task_marker_child', 'example_external_task_marker_parent' retrieved from /home/abayturar/airflow-project/venv/lib/python3.12/site-packages/airflow/example_dags/example_external_task_marker_dag.py
[2026-03-29T12:21:48.555+0500] {logging_mixin.py:188} INFO - [2026-03-29T12:21:48.555+0500] {dag.py:3089} INFO - Sync 2 DAGs
[2026-03-29T12:21:48.566+0500] {logging_mixin.py:188} INFO - [2026-03-29T12:21:48.565+0500] {dag.py:3947} INFO - Setting next_dagrun for example_external_task_marker_child to None, run_after=None
[2026-03-29T12:21:48.568+0500] {logging_mixin.py:188} INFO - [2026-03-29T12:21:48.568+0500] {dag.py:3947} INFO - Setting next_dagrun for example_external_task_marker_parent to None, run_after=None
[2026-03-29T12:21:48.592+0500] {processor.py:183} INFO - Processing /home/abayturar/airflow-project/venv/lib/python3.12/site-packages/airflow/example_dags/example_external_task_marker_dag.py took 0.069 seconds
[2026-03-29T12:22:39.159+0500] {processor.py:161} INFO - Started process (PID=3076) to work on /home/abayturar/airflow-project/venv/lib/python3.12/site-packages/airflow/example_dags/example_external_task_marker_dag.py
[2026-03-29T12:22:39.160+0500] {processor.py:830} INFO - Processing file /home/abayturar/airflow-project/venv/lib/python3.12/site-packages/airflow/example_dags/example_external_task_marker_dag.py for tasks to queue
[2026-03-29T12:22:39.162+0500] {logging_mixin.py:188} INFO - [2026-03-29T12:22:39.161+0500] {dagbag.py:545} INFO - Filling up the DagBag from /home/abayturar/airflow-project/venv/lib/python3.12/site-packages/airflow/example_dags/example_external_task_marker_dag.py
[2026-03-29T12:22:39.170+0500] {processor.py:840} INFO - DAG(s) 'example_external_task_marker_child', 'example_external_task_marker_parent' retrieved from /home/abayturar/airflow-project/venv/lib/python3.12/site-packages/airflow/example_dags/example_external_task_marker_dag.py
[2026-03-29T12:22:39.189+0500] {logging_mixin.py:188} INFO - [2026-03-29T12:22:39.189+0500] {dag.py:3089} INFO - Sync 2 DAGs
[2026-03-29T12:22:39.200+0500] {logging_mixin.py:188} INFO - [2026-03-29T12:22:39.200+0500] {dag.py:3947} INFO - Setting next_dagrun for example_external_task_marker_child to None, run_after=None
[2026-03-29T12:22:39.203+0500] {logging_mixin.py:188} INFO - [2026-03-29T12:22:39.203+0500] {dag.py:3947} INFO - Setting next_dagrun for example_external_task_marker_parent to None, run_after=None
[2026-03-29T12:22:39.255+0500] {processor.py:183} INFO - Processing /home/abayturar/airflow-project/venv/lib/python3.12/site-packages/airflow/example_dags/example_external_task_marker_dag.py took 0.103 seconds
[2026-03-29T12:23:31.035+0500] {processor.py:161} INFO - Started process (PID=3278) to work on /home/abayturar/airflow-project/venv/lib/python3.12/site-packages/airflow/example_dags/example_external_task_marker_dag.py
[2026-03-29T12:23:31.036+0500] {processor.py:830} INFO - Processing file /home/abayturar/airflow-project/venv/lib/python3.12/site-packages/airflow/example_dags/example_external_task_marker_dag.py for tasks to queue
[2026-03-29T12:23:31.037+0500] {logging_mixin.py:188} INFO - [2026-03-29T12:23:31.037+0500] {dagbag.py:545} INFO - Filling up the DagBag from /home/abayturar/airflow-project/venv/lib/python3.12/site-packages/airflow/example_dags/example_external_task_marker_dag.py
[2026-03-29T12:23:31.044+0500] {processor.py:840} INFO - DAG(s) 'example_external_task_marker_child', 'example_external_task_marker_parent' retrieved from /home/abayturar/airflow-project/venv/lib/python3.12/site-packages/airflow/example_dags/example_external_task_marker_dag.py
[2026-03-29T12:23:31.060+0500] {logging_mixin.py:188} INFO - [2026-03-29T12:23:31.060+0500] {dag.py:3089} INFO - Sync 2 DAGs
[2026-03-29T12:23:31.069+0500] {logging_mixin.py:188} INFO - [2026-03-29T12:23:31.069+0500] {dag.py:3947} INFO - Setting next_dagrun for example_external_task_marker_child to None, run_after=None
[2026-03-29T12:23:31.071+0500] {logging_mixin.py:188} INFO - [2026-03-29T12:23:31.071+0500] {dag.py:3947} INFO - Setting next_dagrun for example_external_task_marker_parent to None, run_after=None
[2026-03-29T12:23:31.124+0500] {processor.py:183} INFO - Processing /home/abayturar/airflow-project/venv/lib/python3.12/site-packages/airflow/example_dags/example_external_task_marker_dag.py took 0.095 seconds
[2026-03-29T12:24:24.397+0500] {processor.py:161} INFO - Started process (PID=3502) to work on /home/abayturar/airflow-project/venv/lib/python3.12/site-packages/airflow/example_dags/example_external_task_marker_dag.py
[2026-03-29T12:24:24.397+0500] {processor.py:830} INFO - Processing file /home/abayturar/airflow-project/venv/lib/python3.12/site-packages/airflow/example_dags/example_external_task_marker_dag.py for tasks to queue
[2026-03-29T12:24:24.399+0500] {logging_mixin.py:188} INFO - [2026-03-29T12:24:24.399+0500] {dagbag.py:545} INFO - Filling up the DagBag from /home/abayturar/airflow-project/venv/lib/python3.12/site-packages/airflow/example_dags/example_external_task_marker_dag.py
[2026-03-29T12:24:24.406+0500] {processor.py:840} INFO - DAG(s) 'example_external_task_marker_child', 'example_external_task_marker_parent' retrieved from /home/abayturar/airflow-project/venv/lib/python3.12/site-packages/airflow/example_dags/example_external_task_marker_dag.py
[2026-03-29T12:24:24.422+0500] {logging_mixin.py:188} INFO - [2026-03-29T12:24:24.422+0500] {dag.py:3089} INFO - Sync 2 DAGs
[2026-03-29T12:24:24.431+0500] {logging_mixin.py:188} INFO - [2026-03-29T12:24:24.431+0500] {dag.py:3947} INFO - Setting next_dagrun for example_external_task_marker_child to None, run_after=None
[2026-03-29T12:24:24.434+0500] {logging_mixin.py:188} INFO - [2026-03-29T12:24:24.433+0500] {dag.py:3947} INFO - Setting next_dagrun for example_external_task_marker_parent to None, run_after=None
[2026-03-29T12:24:24.488+0500] {processor.py:183} INFO - Processing /home/abayturar/airflow-project/venv/lib/python3.12/site-packages/airflow/example_dags/example_external_task_marker_dag.py took 0.097 seconds
[2026-03-29T12:25:18.561+0500] {processor.py:161} INFO - Started process (PID=3645) to work on /home/abayturar/airflow-project/venv/lib/python3.12/site-packages/airflow/example_dags/example_external_task_marker_dag.py
[2026-03-29T12:25:18.562+0500] {processor.py:830} INFO - Processing file /home/abayturar/airflow-project/venv/lib/python3.12/site-packages/airflow/example_dags/example_external_task_marker_dag.py for tasks to queue
[2026-03-29T12:25:18.564+0500] {logging_mixin.py:188} INFO - [2026-03-29T12:25:18.564+0500] {dagbag.py:545} INFO - Filling up the DagBag from /home/abayturar/airflow-project/venv/lib/python3.12/site-packages/airflow/example_dags/example_external_task_marker_dag.py
[2026-03-29T12:25:18.572+0500] {processor.py:840} INFO - DAG(s) 'example_external_task_marker_child', 'example_external_task_marker_parent' retrieved from /home/abayturar/airflow-project/venv/lib/python3.12/site-packages/airflow/example_dags/example_external_task_marker_dag.py
[2026-03-29T12:25:18.589+0500] {logging_mixin.py:188} INFO - [2026-03-29T12:25:18.589+0500] {dag.py:3089} INFO - Sync 2 DAGs
[2026-03-29T12:25:18.601+0500] {logging_mixin.py:188} INFO - [2026-03-29T12:25:18.601+0500] {dag.py:3947} INFO - Setting next_dagrun for example_external_task_marker_child to None, run_after=None
[2026-03-29T12:25:18.604+0500] {logging_mixin.py:188} INFO - [2026-03-29T12:25:18.604+0500] {dag.py:3947} INFO - Setting next_dagrun for example_external_task_marker_parent to None, run_after=None
[2026-03-29T12:25:18.658+0500] {processor.py:183} INFO - Processing /home/abayturar/airflow-project/venv/lib/python3.12/site-packages/airflow/example_dags/example_external_task_marker_dag.py took 0.106 seconds
[2026-03-29T12:26:10.363+0500] {processor.py:161} INFO - Started process (PID=3890) to work on /home/abayturar/airflow-project/venv/lib/python3.12/site-packages/airflow/example_dags/example_external_task_marker_dag.py
[2026-03-29T12:26:10.364+0500] {processor.py:830} INFO - Processing file /home/abayturar/airflow-project/venv/lib/python3.12/site-packages/airflow/example_dags/example_external_task_marker_dag.py for tasks to queue
[2026-03-29T12:26:10.366+0500] {logging_mixin.py:188} INFO - [2026-03-29T12:26:10.366+0500] {dagbag.py:545} INFO - Filling up the DagBag from /home/abayturar/airflow-project/venv/lib/python3.12/site-packages/airflow/example_dags/example_external_task_marker_dag.py
[2026-03-29T12:26:10.375+0500] {processor.py:840} INFO - DAG(s) 'example_external_task_marker_parent', 'example_external_task_marker_child' retrieved from /home/abayturar/airflow-project/venv/lib/python3.12/site-packages/airflow/example_dags/example_external_task_marker_dag.py
[2026-03-29T12:26:10.396+0500] {logging_mixin.py:188} INFO - [2026-03-29T12:26:10.396+0500] {dag.py:3089} INFO - Sync 2 DAGs
[2026-03-29T12:26:10.406+0500] {logging_mixin.py:188} INFO - [2026-03-29T12:26:10.406+0500] {dag.py:3947} INFO - Setting next_dagrun for example_external_task_marker_child to None, run_after=None
[2026-03-29T12:26:10.408+0500] {logging_mixin.py:188} INFO - [2026-03-29T12:26:10.408+0500] {dag.py:3947} INFO - Setting next_dagrun for example_external_task_marker_parent to None, run_after=None
[2026-03-29T12:26:10.462+0500] {processor.py:183} INFO - Processing /home/abayturar/airflow-project/venv/lib/python3.12/site-packages/airflow/example_dags/example_external_task_marker_dag.py took 0.106 seconds
[2026-03-29T12:27:24.026+0500] {processor.py:161} INFO - Started process (PID=4285) to work on /home/abayturar/airflow-project/venv/lib/python3.12/site-packages/airflow/example_dags/example_external_task_marker_dag.py
[2026-03-29T12:27:24.027+0500] {processor.py:830} INFO - Processing file /home/abayturar/airflow-project/venv/lib/python3.12/site-packages/airflow/example_dags/example_external_task_marker_dag.py for tasks to queue
[2026-03-29T12:27:24.029+0500] {logging_mixin.py:188} INFO - [2026-03-29T12:27:24.029+0500] {dagbag.py:545} INFO - Filling up the DagBag from /home/abayturar/airflow-project/venv/lib/python3.12/site-packages/airflow/example_dags/example_external_task_marker_dag.py
[2026-03-29T12:27:24.036+0500] {processor.py:840} INFO - DAG(s) 'example_external_task_marker_child', 'example_external_task_marker_parent' retrieved from /home/abayturar/airflow-project/venv/lib/python3.12/site-packages/airflow/example_dags/example_external_task_marker_dag.py
[2026-03-29T12:27:24.055+0500] {logging_mixin.py:188} INFO - [2026-03-29T12:27:24.055+0500] {dag.py:3089} INFO - Sync 2 DAGs
[2026-03-29T12:27:24.067+0500] {logging_mixin.py:188} INFO - [2026-03-29T12:27:24.067+0500] {dag.py:3947} INFO - Setting next_dagrun for example_external_task_marker_child to None, run_after=None
[2026-03-29T12:27:24.069+0500] {logging_mixin.py:188} INFO - [2026-03-29T12:27:24.069+0500] {dag.py:3947} INFO - Setting next_dagrun for example_external_task_marker_parent to None, run_after=None
[2026-03-29T12:27:24.085+0500] {processor.py:183} INFO - Processing /home/abayturar/airflow-project/venv/lib/python3.12/site-packages/airflow/example_dags/example_external_task_marker_dag.py took 0.065 seconds
[2026-03-29T12:28:12.249+0500] {processor.py:161} INFO - Started process (PID=4489) to work on /home/abayturar/airflow-project/venv/lib/python3.12/site-packages/airflow/example_dags/example_external_task_marker_dag.py
[2026-03-29T12:28:12.250+0500] {processor.py:830} INFO - Processing file /home/abayturar/airflow-project/venv/lib/python3.12/site-packages/airflow/example_dags/example_external_task_marker_dag.py for tasks to queue
[2026-03-29T12:28:12.251+0500] {logging_mixin.py:188} INFO - [2026-03-29T12:28:12.251+0500] {dagbag.py:545} INFO - Filling up the DagBag from /home/abayturar/airflow-project/venv/lib/python3.12/site-packages/airflow/example_dags/example_external_task_marker_dag.py
[2026-03-29T12:28:12.259+0500] {processor.py:840} INFO - DAG(s) 'example_external_task_marker_child', 'example_external_task_marker_parent' retrieved from /home/abayturar/airflow-project/venv/lib/python3.12/site-packages/airflow/example_dags/example_external_task_marker_dag.py
[2026-03-29T12:28:12.278+0500] {logging_mixin.py:188} INFO - [2026-03-29T12:28:12.277+0500] {dag.py:3089} INFO - Sync 2 DAGs
[2026-03-29T12:28:12.288+0500] {logging_mixin.py:188} INFO - [2026-03-29T12:28:12.288+0500] {dag.py:3947} INFO - Setting next_dagrun for example_external_task_marker_child to None, run_after=None
[2026-03-29T12:28:12.290+0500] {logging_mixin.py:188} INFO - [2026-03-29T12:28:12.290+0500] {dag.py:3947} INFO - Setting next_dagrun for example_external_task_marker_parent to None, run_after=None
[2026-03-29T12:28:12.307+0500] {processor.py:183} INFO - Processing /home/abayturar/airflow-project/venv/lib/python3.12/site-packages/airflow/example_dags/example_external_task_marker_dag.py took 0.065 seconds
[2026-03-29T12:29:23.231+0500] {processor.py:161} INFO - Started process (PID=4675) to work on /home/abayturar/airflow-project/venv/lib/python3.12/site-packages/airflow/example_dags/example_external_task_marker_dag.py
[2026-03-29T12:29:23.232+0500] {processor.py:830} INFO - Processing file /home/abayturar/airflow-project/venv/lib/python3.12/site-packages/airflow/example_dags/example_external_task_marker_dag.py for tasks to queue
[2026-03-29T12:29:23.234+0500] {logging_mixin.py:188} INFO - [2026-03-29T12:29:23.233+0500] {dagbag.py:545} INFO - Filling up the DagBag from /home/abayturar/airflow-project/venv/lib/python3.12/site-packages/airflow/example_dags/example_external_task_marker_dag.py
[2026-03-29T12:29:23.242+0500] {processor.py:840} INFO - DAG(s) 'example_external_task_marker_child', 'example_external_task_marker_parent' retrieved from /home/abayturar/airflow-project/venv/lib/python3.12/site-packages/airflow/example_dags/example_external_task_marker_dag.py
[2026-03-29T12:29:23.265+0500] {logging_mixin.py:188} INFO - [2026-03-29T12:29:23.265+0500] {dag.py:3089} INFO - Sync 2 DAGs
[2026-03-29T12:29:23.279+0500] {logging_mixin.py:188} INFO - [2026-03-29T12:29:23.278+0500] {dag.py:3947} INFO - Setting next_dagrun for example_external_task_marker_child to None, run_after=None
[2026-03-29T12:29:23.281+0500] {logging_mixin.py:188} INFO - [2026-03-29T12:29:23.281+0500] {dag.py:3947} INFO - Setting next_dagrun for example_external_task_marker_parent to None, run_after=None
[2026-03-29T12:29:23.300+0500] {processor.py:183} INFO - Processing /home/abayturar/airflow-project/venv/lib/python3.12/site-packages/airflow/example_dags/example_external_task_marker_dag.py took 0.078 seconds
[2026-03-29T12:30:13.407+0500] {processor.py:161} INFO - Started process (PID=4967) to work on /home/abayturar/airflow-project/venv/lib/python3.12/site-packages/airflow/example_dags/example_external_task_marker_dag.py
[2026-03-29T12:30:13.409+0500] {processor.py:830} INFO - Processing file /home/abayturar/airflow-project/venv/lib/python3.12/site-packages/airflow/example_dags/example_external_task_marker_dag.py for tasks to queue
[2026-03-29T12:30:13.411+0500] {logging_mixin.py:188} INFO - [2026-03-29T12:30:13.410+0500] {dagbag.py:545} INFO - Filling up the DagBag from /home/abayturar/airflow-project/venv/lib/python3.12/site-packages/airflow/example_dags/example_external_task_marker_dag.py
[2026-03-29T12:30:13.417+0500] {processor.py:840} INFO - DAG(s) 'example_external_task_marker_child', 'example_external_task_marker_parent' retrieved from /home/abayturar/airflow-project/venv/lib/python3.12/site-packages/airflow/example_dags/example_external_task_marker_dag.py
[2026-03-29T12:30:13.435+0500] {logging_mixin.py:188} INFO - [2026-03-29T12:30:13.435+0500] {dag.py:3089} INFO - Sync 2 DAGs
[2026-03-29T12:30:13.448+0500] {logging_mixin.py:188} INFO - [2026-03-29T12:30:13.448+0500] {dag.py:3947} INFO - Setting next_dagrun for example_external_task_marker_child to None, run_after=None
[2026-03-29T12:30:13.451+0500] {logging_mixin.py:188} INFO - [2026-03-29T12:30:13.451+0500] {dag.py:3947} INFO - Setting next_dagrun for example_external_task_marker_parent to None, run_after=None
[2026-03-29T12:30:13.505+0500] {processor.py:183} INFO - Processing /home/abayturar/airflow-project/venv/lib/python3.12/site-packages/airflow/example_dags/example_external_task_marker_dag.py took 0.105 seconds
[2026-03-29T12:31:03.031+0500] {processor.py:161} INFO - Started process (PID=5185) to work on /home/abayturar/airflow-project/venv/lib/python3.12/site-packages/airflow/example_dags/example_external_task_marker_dag.py
[2026-03-29T12:31:03.032+0500] {processor.py:830} INFO - Processing file /home/abayturar/airflow-project/venv/lib/python3.12/site-packages/airflow/example_dags/example_external_task_marker_dag.py for tasks to queue
[2026-03-29T12:31:03.033+0500] {logging_mixin.py:188} INFO - [2026-03-29T12:31:03.033+0500] {dagbag.py:545} INFO - Filling up the DagBag from /home/abayturar/airflow-project/venv/lib/python3.12/site-packages/airflow/example_dags/example_external_task_marker_dag.py
[2026-03-29T12:31:03.039+0500] {processor.py:840} INFO - DAG(s) 'example_external_task_marker_child', 'example_external_task_marker_parent' retrieved from /home/abayturar/airflow-project/venv/lib/python3.12/site-packages/airflow/example_dags/example_external_task_marker_dag.py
[2026-03-29T12:31:03.056+0500] {logging_mixin.py:188} INFO - [2026-03-29T12:31:03.056+0500] {dag.py:3089} INFO - Sync 2 DAGs
[2026-03-29T12:31:03.066+0500] {logging_mixin.py:188} INFO - [2026-03-29T12:31:03.065+0500] {dag.py:3947} INFO - Setting next_dagrun for example_external_task_marker_child to None, run_after=None
[2026-03-29T12:31:03.068+0500] {logging_mixin.py:188} INFO - [2026-03-29T12:31:03.068+0500] {dag.py:3947} INFO - Setting next_dagrun for example_external_task_marker_parent to None, run_after=None
[2026-03-29T12:31:03.082+0500] {processor.py:183} INFO - Processing /home/abayturar/airflow-project/venv/lib/python3.12/site-packages/airflow/example_dags/example_external_task_marker_dag.py took 0.057 seconds
[2026-03-29T12:32:14.805+0500] {processor.py:161} INFO - Started process (PID=5871) to work on /home/abayturar/airflow-project/venv/lib/python3.12/site-packages/airflow/example_dags/example_external_task_marker_dag.py
[2026-03-29T12:32:14.806+0500] {processor.py:830} INFO - Processing file /home/abayturar/airflow-project/venv/lib/python3.12/site-packages/airflow/example_dags/example_external_task_marker_dag.py for tasks to queue
[2026-03-29T12:32:14.808+0500] {logging_mixin.py:188} INFO - [2026-03-29T12:32:14.807+0500] {dagbag.py:545} INFO - Filling up the DagBag from /home/abayturar/airflow-project/venv/lib/python3.12/site-packages/airflow/example_dags/example_external_task_marker_dag.py
[2026-03-29T12:32:14.814+0500] {processor.py:840} INFO - DAG(s) 'example_external_task_marker_child', 'example_external_task_marker_parent' retrieved from /home/abayturar/airflow-project/venv/lib/python3.12/site-packages/airflow/example_dags/example_external_task_marker_dag.py
[2026-03-29T12:32:14.832+0500] {logging_mixin.py:188} INFO - [2026-03-29T12:32:14.832+0500] {dag.py:3089} INFO - Sync 2 DAGs
[2026-03-29T12:32:14.843+0500] {logging_mixin.py:188} INFO - [2026-03-29T12:32:14.843+0500] {dag.py:3947} INFO - Setting next_dagrun for example_external_task_marker_child to None, run_after=None
[2026-03-29T12:32:14.845+0500] {logging_mixin.py:188} INFO - [2026-03-29T12:32:14.845+0500] {dag.py:3947} INFO - Setting next_dagrun for example_external_task_marker_parent to None, run_after=None
[2026-03-29T12:32:14.860+0500] {processor.py:183} INFO - Processing /home/abayturar/airflow-project/venv/lib/python3.12/site-packages/airflow/example_dags/example_external_task_marker_dag.py took 0.062 seconds
[2026-03-29T12:33:01.367+0500] {processor.py:161} INFO - Started process (PID=6102) to work on /home/abayturar/airflow-project/venv/lib/python3.12/site-packages/airflow/example_dags/example_external_task_marker_dag.py
[2026-03-29T12:33:01.368+0500] {processor.py:830} INFO - Processing file /home/abayturar/airflow-project/venv/lib/python3.12/site-packages/airflow/example_dags/example_external_task_marker_dag.py for tasks to queue
[2026-03-29T12:33:01.370+0500] {logging_mixin.py:188} INFO - [2026-03-29T12:33:01.369+0500] {dagbag.py:545} INFO - Filling up the DagBag from /home/abayturar/airflow-project/venv/lib/python3.12/site-packages/airflow/example_dags/example_external_task_marker_dag.py
[2026-03-29T12:33:01.377+0500] {processor.py:840} INFO - DAG(s) 'example_external_task_marker_child', 'example_external_task_marker_parent' retrieved from /home/abayturar/airflow-project/venv/lib/python3.12/site-packages/airflow/example_dags/example_external_task_marker_dag.py
[2026-03-29T12:33:01.398+0500] {logging_mixin.py:188} INFO - [2026-03-29T12:33:01.398+0500] {dag.py:3089} INFO - Sync 2 DAGs
[2026-03-29T12:33:01.411+0500] {logging_mixin.py:188} INFO - [2026-03-29T12:33:01.411+0500] {dag.py:3947} INFO - Setting next_dagrun for example_external_task_marker_child to None, run_after=None
[2026-03-29T12:33:01.414+0500] {logging_mixin.py:188} INFO - [2026-03-29T12:33:01.414+0500] {dag.py:3947} INFO - Setting next_dagrun for example_external_task_marker_parent to None, run_after=None
[2026-03-29T12:33:01.441+0500] {processor.py:183} INFO - Processing /home/abayturar/airflow-project/venv/lib/python3.12/site-packages/airflow/example_dags/example_external_task_marker_dag.py took 0.081 seconds
[2026-03-29T12:33:51.479+0500] {processor.py:161} INFO - Started process (PID=6242) to work on /home/abayturar/airflow-project/venv/lib/python3.12/site-packages/airflow/example_dags/example_external_task_marker_dag.py
[2026-03-29T12:33:51.480+0500] {processor.py:830} INFO - Processing file /home/abayturar/airflow-project/venv/lib/python3.12/site-packages/airflow/example_dags/example_external_task_marker_dag.py for tasks to queue
[2026-03-29T12:33:51.482+0500] {logging_mixin.py:188} INFO - [2026-03-29T12:33:51.482+0500] {dagbag.py:545} INFO - Filling up the DagBag from /home/abayturar/airflow-project/venv/lib/python3.12/site-packages/airflow/example_dags/example_external_task_marker_dag.py
[2026-03-29T12:33:51.490+0500] {processor.py:840} INFO - DAG(s) 'example_external_task_marker_parent', 'example_external_task_marker_child' retrieved from /home/abayturar/airflow-project/venv/lib/python3.12/site-packages/airflow/example_dags/example_external_task_marker_dag.py
[2026-03-29T12:33:51.515+0500] {logging_mixin.py:188} INFO - [2026-03-29T12:33:51.514+0500] {dag.py:3089} INFO - Sync 2 DAGs
[2026-03-29T12:33:51.536+0500] {logging_mixin.py:188} INFO - [2026-03-29T12:33:51.536+0500] {dag.py:3947} INFO - Setting next_dagrun for example_external_task_marker_child to None, run_after=None
[2026-03-29T12:33:51.540+0500] {logging_mixin.py:188} INFO - [2026-03-29T12:33:51.540+0500] {dag.py:3947} INFO - Setting next_dagrun for example_external_task_marker_parent to None, run_after=None
[2026-03-29T12:33:51.564+0500] {processor.py:183} INFO - Processing /home/abayturar/airflow-project/venv/lib/python3.12/site-packages/airflow/example_dags/example_external_task_marker_dag.py took 0.092 seconds
[2026-03-29T12:35:05.287+0500] {processor.py:161} INFO - Started process (PID=6436) to work on /home/abayturar/airflow-project/venv/lib/python3.12/site-packages/airflow/example_dags/example_external_task_marker_dag.py
[2026-03-29T12:35:05.288+0500] {processor.py:830} INFO - Processing file /home/abayturar/airflow-project/venv/lib/python3.12/site-packages/airflow/example_dags/example_external_task_marker_dag.py for tasks to queue
[2026-03-29T12:35:05.290+0500] {logging_mixin.py:188} INFO - [2026-03-29T12:35:05.290+0500] {dagbag.py:545} INFO - Filling up the DagBag from /home/abayturar/airflow-project/venv/lib/python3.12/site-packages/airflow/example_dags/example_external_task_marker_dag.py
[2026-03-29T12:35:05.297+0500] {processor.py:840} INFO - DAG(s) 'example_external_task_marker_child', 'example_external_task_marker_parent' retrieved from /home/abayturar/airflow-project/venv/lib/python3.12/site-packages/airflow/example_dags/example_external_task_marker_dag.py
[2026-03-29T12:35:05.313+0500] {logging_mixin.py:188} INFO - [2026-03-29T12:35:05.313+0500] {dag.py:3089} INFO - Sync 2 DAGs
[2026-03-29T12:35:05.322+0500] {logging_mixin.py:188} INFO - [2026-03-29T12:35:05.322+0500] {dag.py:3947} INFO - Setting next_dagrun for example_external_task_marker_child to None, run_after=None
[2026-03-29T12:35:05.325+0500] {logging_mixin.py:188} INFO - [2026-03-29T12:35:05.324+0500] {dag.py:3947} INFO - Setting next_dagrun for example_external_task_marker_parent to None, run_after=None
[2026-03-29T12:35:05.378+0500] {processor.py:183} INFO - Processing /home/abayturar/airflow-project/venv/lib/python3.12/site-packages/airflow/example_dags/example_external_task_marker_dag.py took 0.097 seconds
[2026-03-29T12:35:53.837+0500] {processor.py:161} INFO - Started process (PID=6567) to work on /home/abayturar/airflow-project/venv/lib/python3.12/site-packages/airflow/example_dags/example_external_task_marker_dag.py
[2026-03-29T12:35:53.838+0500] {processor.py:830} INFO - Processing file /home/abayturar/airflow-project/venv/lib/python3.12/site-packages/airflow/example_dags/example_external_task_marker_dag.py for tasks to queue
[2026-03-29T12:35:53.840+0500] {logging_mixin.py:188} INFO - [2026-03-29T12:35:53.840+0500] {dagbag.py:545} INFO - Filling up the DagBag from /home/abayturar/airflow-project/venv/lib/python3.12/site-packages/airflow/example_dags/example_external_task_marker_dag.py
[2026-03-29T12:35:53.848+0500] {processor.py:840} INFO - DAG(s) 'example_external_task_marker_parent', 'example_external_task_marker_child' retrieved from /home/abayturar/airflow-project/venv/lib/python3.12/site-packages/airflow/example_dags/example_external_task_marker_dag.py
[2026-03-29T12:35:53.868+0500] {logging_mixin.py:188} INFO - [2026-03-29T12:35:53.868+0500] {dag.py:3089} INFO - Sync 2 DAGs
[2026-03-29T12:35:53.879+0500] {logging_mixin.py:188} INFO - [2026-03-29T12:35:53.879+0500] {dag.py:3947} INFO - Setting next_dagrun for example_external_task_marker_child to None, run_after=None
[2026-03-29T12:35:53.882+0500] {logging_mixin.py:188} INFO - [2026-03-29T12:35:53.881+0500] {dag.py:3947} INFO - Setting next_dagrun for example_external_task_marker_parent to None, run_after=None
[2026-03-29T12:35:53.939+0500] {processor.py:183} INFO - Processing /home/abayturar/airflow-project/venv/lib/python3.12/site-packages/airflow/example_dags/example_external_task_marker_dag.py took 0.110 seconds
[2026-03-29T12:36:44.815+0500] {processor.py:161} INFO - Started process (PID=6697) to work on /home/abayturar/airflow-project/venv/lib/python3.12/site-packages/airflow/example_dags/example_external_task_marker_dag.py
[2026-03-29T12:36:44.816+0500] {processor.py:830} INFO - Processing file /home/abayturar/airflow-project/venv/lib/python3.12/site-packages/airflow/example_dags/example_external_task_marker_dag.py for tasks to queue
[2026-03-29T12:36:44.818+0500] {logging_mixin.py:188} INFO - [2026-03-29T12:36:44.817+0500] {dagbag.py:545} INFO - Filling up the DagBag from /home/abayturar/airflow-project/venv/lib/python3.12/site-packages/airflow/example_dags/example_external_task_marker_dag.py
[2026-03-29T12:36:44.825+0500] {processor.py:840} INFO - DAG(s) 'example_external_task_marker_parent', 'example_external_task_marker_child' retrieved from /home/abayturar/airflow-project/venv/lib/python3.12/site-packages/airflow/example_dags/example_external_task_marker_dag.py
[2026-03-29T12:36:44.842+0500] {logging_mixin.py:188} INFO - [2026-03-29T12:36:44.842+0500] {dag.py:3089} INFO - Sync 2 DAGs
[2026-03-29T12:36:44.851+0500] {logging_mixin.py:188} INFO - [2026-03-29T12:36:44.850+0500] {dag.py:3947} INFO - Setting next_dagrun for example_external_task_marker_child to None, run_after=None
[2026-03-29T12:36:44.853+0500] {logging_mixin.py:188} INFO - [2026-03-29T12:36:44.853+0500] {dag.py:3947} INFO - Setting next_dagrun for example_external_task_marker_parent to None, run_after=None
[2026-03-29T12:36:44.905+0500] {processor.py:183} INFO - Processing /home/abayturar/airflow-project/venv/lib/python3.12/site-packages/airflow/example_dags/example_external_task_marker_dag.py took 0.096 seconds
[2026-03-29T12:37:34.775+0500] {processor.py:161} INFO - Started process (PID=6832) to work on /home/abayturar/airflow-project/venv/lib/python3.12/site-packages/airflow/example_dags/example_external_task_marker_dag.py
[2026-03-29T12:37:34.776+0500] {processor.py:830} INFO - Processing file /home/abayturar/airflow-project/venv/lib/python3.12/site-packages/airflow/example_dags/example_external_task_marker_dag.py for tasks to queue
[2026-03-29T12:37:34.777+0500] {logging_mixin.py:188} INFO - [2026-03-29T12:37:34.777+0500] {dagbag.py:545} INFO - Filling up the DagBag from /home/abayturar/airflow-project/venv/lib/python3.12/site-packages/airflow/example_dags/example_external_task_marker_dag.py
[2026-03-29T12:37:34.784+0500] {processor.py:840} INFO - DAG(s) 'example_external_task_marker_child', 'example_external_task_marker_parent' retrieved from /home/abayturar/airflow-project/venv/lib/python3.12/site-packages/airflow/example_dags/example_external_task_marker_dag.py
[2026-03-29T12:37:34.801+0500] {logging_mixin.py:188} INFO - [2026-03-29T12:37:34.801+0500] {dag.py:3089} INFO - Sync 2 DAGs
[2026-03-29T12:37:34.811+0500] {logging_mixin.py:188} INFO - [2026-03-29T12:37:34.811+0500] {dag.py:3947} INFO - Setting next_dagrun for example_external_task_marker_child to None, run_after=None
[2026-03-29T12:37:34.813+0500] {logging_mixin.py:188} INFO - [2026-03-29T12:37:34.813+0500] {dag.py:3947} INFO - Setting next_dagrun for example_external_task_marker_parent to None, run_after=None
[2026-03-29T12:37:34.828+0500] {processor.py:183} INFO - Processing /home/abayturar/airflow-project/venv/lib/python3.12/site-packages/airflow/example_dags/example_external_task_marker_dag.py took 0.061 seconds
[2026-03-29T12:38:24.939+0500] {processor.py:161} INFO - Started process (PID=6963) to work on /home/abayturar/airflow-project/venv/lib/python3.12/site-packages/airflow/example_dags/example_external_task_marker_dag.py
[2026-03-29T12:38:24.940+0500] {processor.py:830} INFO - Processing file /home/abayturar/airflow-project/venv/lib/python3.12/site-packages/airflow/example_dags/example_external_task_marker_dag.py for tasks to queue
[2026-03-29T12:38:24.942+0500] {logging_mixin.py:188} INFO - [2026-03-29T12:38:24.941+0500] {dagbag.py:545} INFO - Filling up the DagBag from /home/abayturar/airflow-project/venv/lib/python3.12/site-packages/airflow/example_dags/example_external_task_marker_dag.py
[2026-03-29T12:38:24.948+0500] {processor.py:840} INFO - DAG(s) 'example_external_task_marker_child', 'example_external_task_marker_parent' retrieved from /home/abayturar/airflow-project/venv/lib/python3.12/site-packages/airflow/example_dags/example_external_task_marker_dag.py
[2026-03-29T12:38:24.965+0500] {logging_mixin.py:188} INFO - [2026-03-29T12:38:24.965+0500] {dag.py:3089} INFO - Sync 2 DAGs
[2026-03-29T12:38:24.974+0500] {logging_mixin.py:188} INFO - [2026-03-29T12:38:24.974+0500] {dag.py:3947} INFO - Setting next_dagrun for example_external_task_marker_child to None, run_after=None
[2026-03-29T12:38:24.977+0500] {logging_mixin.py:188} INFO - [2026-03-29T12:38:24.977+0500] {dag.py:3947} INFO - Setting next_dagrun for example_external_task_marker_parent to None, run_after=None
[2026-03-29T12:38:25.033+0500] {processor.py:183} INFO - Processing /home/abayturar/airflow-project/venv/lib/python3.12/site-packages/airflow/example_dags/example_external_task_marker_dag.py took 0.099 seconds
[2026-03-29T12:39:16.938+0500] {processor.py:161} INFO - Started process (PID=7097) to work on /home/abayturar/airflow-project/venv/lib/python3.12/site-packages/airflow/example_dags/example_external_task_marker_dag.py
[2026-03-29T12:39:16.939+0500] {processor.py:830} INFO - Processing file /home/abayturar/airflow-project/venv/lib/python3.12/site-packages/airflow/example_dags/example_external_task_marker_dag.py for tasks to queue
[2026-03-29T12:39:16.940+0500] {logging_mixin.py:188} INFO - [2026-03-29T12:39:16.940+0500] {dagbag.py:545} INFO - Filling up the DagBag from /home/abayturar/airflow-project/venv/lib/python3.12/site-packages/airflow/example_dags/example_external_task_marker_dag.py
[2026-03-29T12:39:16.947+0500] {processor.py:840} INFO - DAG(s) 'example_external_task_marker_parent', 'example_external_task_marker_child' retrieved from /home/abayturar/airflow-project/venv/lib/python3.12/site-packages/airflow/example_dags/example_external_task_marker_dag.py
[2026-03-29T12:39:16.964+0500] {logging_mixin.py:188} INFO - [2026-03-29T12:39:16.964+0500] {dag.py:3089} INFO - Sync 2 DAGs
[2026-03-29T12:39:16.973+0500] {logging_mixin.py:188} INFO - [2026-03-29T12:39:16.973+0500] {dag.py:3947} INFO - Setting next_dagrun for example_external_task_marker_child to None, run_after=None
[2026-03-29T12:39:16.975+0500] {logging_mixin.py:188} INFO - [2026-03-29T12:39:16.975+0500] {dag.py:3947} INFO - Setting next_dagrun for example_external_task_marker_parent to None, run_after=None
[2026-03-29T12:39:17.027+0500] {processor.py:183} INFO - Processing /home/abayturar/airflow-project/venv/lib/python3.12/site-packages/airflow/example_dags/example_external_task_marker_dag.py took 0.095 seconds
[2026-03-29T12:40:08.606+0500] {processor.py:161} INFO - Started process (PID=7261) to work on /home/abayturar/airflow-project/venv/lib/python3.12/site-packages/airflow/example_dags/example_external_task_marker_dag.py
[2026-03-29T12:40:08.607+0500] {processor.py:830} INFO - Processing file /home/abayturar/airflow-project/venv/lib/python3.12/site-packages/airflow/example_dags/example_external_task_marker_dag.py for tasks to queue
[2026-03-29T12:40:08.609+0500] {logging_mixin.py:188} INFO - [2026-03-29T12:40:08.609+0500] {dagbag.py:545} INFO - Filling up the DagBag from /home/abayturar/airflow-project/venv/lib/python3.12/site-packages/airflow/example_dags/example_external_task_marker_dag.py
[2026-03-29T12:40:08.616+0500] {processor.py:840} INFO - DAG(s) 'example_external_task_marker_child', 'example_external_task_marker_parent' retrieved from /home/abayturar/airflow-project/venv/lib/python3.12/site-packages/airflow/example_dags/example_external_task_marker_dag.py
[2026-03-29T12:40:08.633+0500] {logging_mixin.py:188} INFO - [2026-03-29T12:40:08.633+0500] {dag.py:3089} INFO - Sync 2 DAGs
[2026-03-29T12:40:08.642+0500] {logging_mixin.py:188} INFO - [2026-03-29T12:40:08.642+0500] {dag.py:3947} INFO - Setting next_dagrun for example_external_task_marker_child to None, run_after=None
[2026-03-29T12:40:08.645+0500] {logging_mixin.py:188} INFO - [2026-03-29T12:40:08.645+0500] {dag.py:3947} INFO - Setting next_dagrun for example_external_task_marker_parent to None, run_after=None
[2026-03-29T12:40:08.660+0500] {processor.py:183} INFO - Processing /home/abayturar/airflow-project/venv/lib/python3.12/site-packages/airflow/example_dags/example_external_task_marker_dag.py took 0.060 seconds
[2026-03-29T12:41:22.680+0500] {processor.py:161} INFO - Started process (PID=7458) to work on /home/abayturar/airflow-project/venv/lib/python3.12/site-packages/airflow/example_dags/example_external_task_marker_dag.py
[2026-03-29T12:41:22.681+0500] {processor.py:830} INFO - Processing file /home/abayturar/airflow-project/venv/lib/python3.12/site-packages/airflow/example_dags/example_external_task_marker_dag.py for tasks to queue
[2026-03-29T12:41:22.683+0500] {logging_mixin.py:188} INFO - [2026-03-29T12:41:22.682+0500] {dagbag.py:545} INFO - Filling up the DagBag from /home/abayturar/airflow-project/venv/lib/python3.12/site-packages/airflow/example_dags/example_external_task_marker_dag.py
[2026-03-29T12:41:22.689+0500] {processor.py:840} INFO - DAG(s) 'example_external_task_marker_parent', 'example_external_task_marker_child' retrieved from /home/abayturar/airflow-project/venv/lib/python3.12/site-packages/airflow/example_dags/example_external_task_marker_dag.py
[2026-03-29T12:41:22.706+0500] {logging_mixin.py:188} INFO - [2026-03-29T12:41:22.706+0500] {dag.py:3089} INFO - Sync 2 DAGs
[2026-03-29T12:41:22.715+0500] {logging_mixin.py:188} INFO - [2026-03-29T12:41:22.715+0500] {dag.py:3947} INFO - Setting next_dagrun for example_external_task_marker_child to None, run_after=None
[2026-03-29T12:41:22.717+0500] {logging_mixin.py:188} INFO - [2026-03-29T12:41:22.717+0500] {dag.py:3947} INFO - Setting next_dagrun for example_external_task_marker_parent to None, run_after=None
[2026-03-29T12:41:22.770+0500] {processor.py:183} INFO - Processing /home/abayturar/airflow-project/venv/lib/python3.12/site-packages/airflow/example_dags/example_external_task_marker_dag.py took 0.096 seconds
[2026-03-29T12:42:14.429+0500] {processor.py:161} INFO - Started process (PID=7621) to work on /home/abayturar/airflow-project/venv/lib/python3.12/site-packages/airflow/example_dags/example_external_task_marker_dag.py
[2026-03-29T12:42:14.430+0500] {processor.py:830} INFO - Processing file /home/abayturar/airflow-project/venv/lib/python3.12/site-packages/airflow/example_dags/example_external_task_marker_dag.py for tasks to queue
[2026-03-29T12:42:14.431+0500] {logging_mixin.py:188} INFO - [2026-03-29T12:42:14.431+0500] {dagbag.py:545} INFO - Filling up the DagBag from /home/abayturar/airflow-project/venv/lib/python3.12/site-packages/airflow/example_dags/example_external_task_marker_dag.py
[2026-03-29T12:42:14.438+0500] {processor.py:840} INFO - DAG(s) 'example_external_task_marker_child', 'example_external_task_marker_parent' retrieved from /home/abayturar/airflow-project/venv/lib/python3.12/site-packages/airflow/example_dags/example_external_task_marker_dag.py
[2026-03-29T12:42:14.454+0500] {logging_mixin.py:188} INFO - [2026-03-29T12:42:14.454+0500] {dag.py:3089} INFO - Sync 2 DAGs
[2026-03-29T12:42:14.463+0500] {logging_mixin.py:188} INFO - [2026-03-29T12:42:14.463+0500] {dag.py:3947} INFO - Setting next_dagrun for example_external_task_marker_child to None, run_after=None
[2026-03-29T12:42:14.465+0500] {logging_mixin.py:188} INFO - [2026-03-29T12:42:14.464+0500] {dag.py:3947} INFO - Setting next_dagrun for example_external_task_marker_parent to None, run_after=None
[2026-03-29T12:42:14.518+0500] {processor.py:183} INFO - Processing /home/abayturar/airflow-project/venv/lib/python3.12/site-packages/airflow/example_dags/example_external_task_marker_dag.py took 0.095 seconds
[2026-03-29T12:43:07.944+0500] {processor.py:161} INFO - Started process (PID=7759) to work on /home/abayturar/airflow-project/venv/lib/python3.12/site-packages/airflow/example_dags/example_external_task_marker_dag.py
[2026-03-29T12:43:07.945+0500] {processor.py:830} INFO - Processing file /home/abayturar/airflow-project/venv/lib/python3.12/site-packages/airflow/example_dags/example_external_task_marker_dag.py for tasks to queue
[2026-03-29T12:43:07.946+0500] {logging_mixin.py:188} INFO - [2026-03-29T12:43:07.946+0500] {dagbag.py:545} INFO - Filling up the DagBag from /home/abayturar/airflow-project/venv/lib/python3.12/site-packages/airflow/example_dags/example_external_task_marker_dag.py
[2026-03-29T12:43:07.953+0500] {processor.py:840} INFO - DAG(s) 'example_external_task_marker_parent', 'example_external_task_marker_child' retrieved from /home/abayturar/airflow-project/venv/lib/python3.12/site-packages/airflow/example_dags/example_external_task_marker_dag.py
[2026-03-29T12:43:07.970+0500] {logging_mixin.py:188} INFO - [2026-03-29T12:43:07.970+0500] {dag.py:3089} INFO - Sync 2 DAGs
[2026-03-29T12:43:07.979+0500] {logging_mixin.py:188} INFO - [2026-03-29T12:43:07.979+0500] {dag.py:3947} INFO - Setting next_dagrun for example_external_task_marker_child to None, run_after=None
[2026-03-29T12:43:07.981+0500] {logging_mixin.py:188} INFO - [2026-03-29T12:43:07.981+0500] {dag.py:3947} INFO - Setting next_dagrun for example_external_task_marker_parent to None, run_after=None
[2026-03-29T12:43:08.034+0500] {processor.py:183} INFO - Processing /home/abayturar/airflow-project/venv/lib/python3.12/site-packages/airflow/example_dags/example_external_task_marker_dag.py took 0.097 seconds
[2026-03-29T12:44:00.158+0500] {processor.py:161} INFO - Started process (PID=8026) to work on /home/abayturar/airflow-project/venv/lib/python3.12/site-packages/airflow/example_dags/example_external_task_marker_dag.py
[2026-03-29T12:44:00.159+0500] {processor.py:830} INFO - Processing file /home/abayturar/airflow-project/venv/lib/python3.12/site-packages/airflow/example_dags/example_external_task_marker_dag.py for tasks to queue
[2026-03-29T12:44:00.161+0500] {logging_mixin.py:188} INFO - [2026-03-29T12:44:00.160+0500] {dagbag.py:545} INFO - Filling up the DagBag from /home/abayturar/airflow-project/venv/lib/python3.12/site-packages/airflow/example_dags/example_external_task_marker_dag.py
[2026-03-29T12:44:00.168+0500] {processor.py:840} INFO - DAG(s) 'example_external_task_marker_parent', 'example_external_task_marker_child' retrieved from /home/abayturar/airflow-project/venv/lib/python3.12/site-packages/airflow/example_dags/example_external_task_marker_dag.py
[2026-03-29T12:44:00.185+0500] {logging_mixin.py:188} INFO - [2026-03-29T12:44:00.185+0500] {dag.py:3089} INFO - Sync 2 DAGs
[2026-03-29T12:44:00.198+0500] {logging_mixin.py:188} INFO - [2026-03-29T12:44:00.197+0500] {dag.py:3947} INFO - Setting next_dagrun for example_external_task_marker_child to None, run_after=None
[2026-03-29T12:44:00.201+0500] {logging_mixin.py:188} INFO - [2026-03-29T12:44:00.200+0500] {dag.py:3947} INFO - Setting next_dagrun for example_external_task_marker_parent to None, run_after=None
[2026-03-29T12:44:00.256+0500] {processor.py:183} INFO - Processing /home/abayturar/airflow-project/venv/lib/python3.12/site-packages/airflow/example_dags/example_external_task_marker_dag.py took 0.104 seconds
[2026-03-29T12:44:53.307+0500] {processor.py:161} INFO - Started process (PID=8284) to work on /home/abayturar/airflow-project/venv/lib/python3.12/site-packages/airflow/example_dags/example_external_task_marker_dag.py
[2026-03-29T12:44:53.308+0500] {processor.py:830} INFO - Processing file /home/abayturar/airflow-project/venv/lib/python3.12/site-packages/airflow/example_dags/example_external_task_marker_dag.py for tasks to queue
[2026-03-29T12:44:53.310+0500] {logging_mixin.py:188} INFO - [2026-03-29T12:44:53.310+0500] {dagbag.py:545} INFO - Filling up the DagBag from /home/abayturar/airflow-project/venv/lib/python3.12/site-packages/airflow/example_dags/example_external_task_marker_dag.py
[2026-03-29T12:44:53.316+0500] {processor.py:840} INFO - DAG(s) 'example_external_task_marker_parent', 'example_external_task_marker_child' retrieved from /home/abayturar/airflow-project/venv/lib/python3.12/site-packages/airflow/example_dags/example_external_task_marker_dag.py
[2026-03-29T12:44:53.334+0500] {logging_mixin.py:188} INFO - [2026-03-29T12:44:53.334+0500] {dag.py:3089} INFO - Sync 2 DAGs
[2026-03-29T12:44:53.343+0500] {logging_mixin.py:188} INFO - [2026-03-29T12:44:53.343+0500] {dag.py:3947} INFO - Setting next_dagrun for example_external_task_marker_child to None, run_after=None
[2026-03-29T12:44:53.345+0500] {logging_mixin.py:188} INFO - [2026-03-29T12:44:53.345+0500] {dag.py:3947} INFO - Setting next_dagrun for example_external_task_marker_parent to None, run_after=None
[2026-03-29T12:44:53.360+0500] {processor.py:183} INFO - Processing /home/abayturar/airflow-project/venv/lib/python3.12/site-packages/airflow/example_dags/example_external_task_marker_dag.py took 0.059 seconds
[2026-03-29T12:45:45.751+0500] {processor.py:161} INFO - Started process (PID=8691) to work on /home/abayturar/airflow-project/venv/lib/python3.12/site-packages/airflow/example_dags/example_external_task_marker_dag.py
[2026-03-29T12:45:45.752+0500] {processor.py:830} INFO - Processing file /home/abayturar/airflow-project/venv/lib/python3.12/site-packages/airflow/example_dags/example_external_task_marker_dag.py for tasks to queue
[2026-03-29T12:45:45.754+0500] {logging_mixin.py:188} INFO - [2026-03-29T12:45:45.753+0500] {dagbag.py:545} INFO - Filling up the DagBag from /home/abayturar/airflow-project/venv/lib/python3.12/site-packages/airflow/example_dags/example_external_task_marker_dag.py
[2026-03-29T12:45:45.760+0500] {processor.py:840} INFO - DAG(s) 'example_external_task_marker_child', 'example_external_task_marker_parent' retrieved from /home/abayturar/airflow-project/venv/lib/python3.12/site-packages/airflow/example_dags/example_external_task_marker_dag.py
[2026-03-29T12:45:45.777+0500] {logging_mixin.py:188} INFO - [2026-03-29T12:45:45.776+0500] {dag.py:3089} INFO - Sync 2 DAGs
[2026-03-29T12:45:45.785+0500] {logging_mixin.py:188} INFO - [2026-03-29T12:45:45.785+0500] {dag.py:3947} INFO - Setting next_dagrun for example_external_task_marker_child to None, run_after=None
[2026-03-29T12:45:45.787+0500] {logging_mixin.py:188} INFO - [2026-03-29T12:45:45.787+0500] {dag.py:3947} INFO - Setting next_dagrun for example_external_task_marker_parent to None, run_after=None
[2026-03-29T12:45:45.841+0500] {processor.py:183} INFO - Processing /home/abayturar/airflow-project/venv/lib/python3.12/site-packages/airflow/example_dags/example_external_task_marker_dag.py took 0.096 seconds
[2026-03-29T12:46:38.734+0500] {processor.py:161} INFO - Started process (PID=8936) to work on /home/abayturar/airflow-project/venv/lib/python3.12/site-packages/airflow/example_dags/example_external_task_marker_dag.py
[2026-03-29T12:46:38.735+0500] {processor.py:830} INFO - Processing file /home/abayturar/airflow-project/venv/lib/python3.12/site-packages/airflow/example_dags/example_external_task_marker_dag.py for tasks to queue
[2026-03-29T12:46:38.737+0500] {logging_mixin.py:188} INFO - [2026-03-29T12:46:38.736+0500] {dagbag.py:545} INFO - Filling up the DagBag from /home/abayturar/airflow-project/venv/lib/python3.12/site-packages/airflow/example_dags/example_external_task_marker_dag.py
[2026-03-29T12:46:38.743+0500] {processor.py:840} INFO - DAG(s) 'example_external_task_marker_child', 'example_external_task_marker_parent' retrieved from /home/abayturar/airflow-project/venv/lib/python3.12/site-packages/airflow/example_dags/example_external_task_marker_dag.py
[2026-03-29T12:46:38.761+0500] {logging_mixin.py:188} INFO - [2026-03-29T12:46:38.761+0500] {dag.py:3089} INFO - Sync 2 DAGs
[2026-03-29T12:46:38.771+0500] {logging_mixin.py:188} INFO - [2026-03-29T12:46:38.770+0500] {dag.py:3947} INFO - Setting next_dagrun for example_external_task_marker_child to None, run_after=None
[2026-03-29T12:46:38.773+0500] {logging_mixin.py:188} INFO - [2026-03-29T12:46:38.773+0500] {dag.py:3947} INFO - Setting next_dagrun for example_external_task_marker_parent to None, run_after=None
[2026-03-29T12:46:38.825+0500] {processor.py:183} INFO - Processing /home/abayturar/airflow-project/venv/lib/python3.12/site-packages/airflow/example_dags/example_external_task_marker_dag.py took 0.097 seconds
