[2026-03-29T12:01:57.096+0500] {processor.py:161} INFO - Started process (PID=32428) to work on /home/abayturar/airflow-project/venv/lib/python3.12/site-packages/airflow/example_dags/example_params_trigger_ui.py
[2026-03-29T12:01:57.097+0500] {processor.py:830} INFO - Processing file /home/abayturar/airflow-project/venv/lib/python3.12/site-packages/airflow/example_dags/example_params_trigger_ui.py for tasks to queue
[2026-03-29T12:01:57.099+0500] {logging_mixin.py:188} INFO - [2026-03-29T12:01:57.098+0500] {dagbag.py:545} INFO - Filling up the DagBag from /home/abayturar/airflow-project/venv/lib/python3.12/site-packages/airflow/example_dags/example_params_trigger_ui.py
[2026-03-29T12:01:57.145+0500] {processor.py:840} INFO - DAG(s) 'example_params_trigger_ui' retrieved from /home/abayturar/airflow-project/venv/lib/python3.12/site-packages/airflow/example_dags/example_params_trigger_ui.py
[2026-03-29T12:01:57.173+0500] {logging_mixin.py:188} INFO - [2026-03-29T12:01:57.173+0500] {dag.py:3089} INFO - Sync 1 DAGs
[2026-03-29T12:01:57.182+0500] {logging_mixin.py:188} INFO - [2026-03-29T12:01:57.182+0500] {dag.py:3947} INFO - Setting next_dagrun for example_params_trigger_ui to None, run_after=None
[2026-03-29T12:01:57.196+0500] {processor.py:183} INFO - Processing /home/abayturar/airflow-project/venv/lib/python3.12/site-packages/airflow/example_dags/example_params_trigger_ui.py took 0.106 seconds
[2026-03-29T12:02:49.983+0500] {processor.py:161} INFO - Started process (PID=32645) to work on /home/abayturar/airflow-project/venv/lib/python3.12/site-packages/airflow/example_dags/example_params_trigger_ui.py
[2026-03-29T12:02:49.984+0500] {processor.py:830} INFO - Processing file /home/abayturar/airflow-project/venv/lib/python3.12/site-packages/airflow/example_dags/example_params_trigger_ui.py for tasks to queue
[2026-03-29T12:02:49.985+0500] {logging_mixin.py:188} INFO - [2026-03-29T12:02:49.985+0500] {dagbag.py:545} INFO - Filling up the DagBag from /home/abayturar/airflow-project/venv/lib/python3.12/site-packages/airflow/example_dags/example_params_trigger_ui.py
[2026-03-29T12:02:49.995+0500] {processor.py:840} INFO - DAG(s) 'example_params_trigger_ui' retrieved from /home/abayturar/airflow-project/venv/lib/python3.12/site-packages/airflow/example_dags/example_params_trigger_ui.py
[2026-03-29T12:02:50.024+0500] {logging_mixin.py:188} INFO - [2026-03-29T12:02:50.023+0500] {dag.py:3089} INFO - Sync 1 DAGs
[2026-03-29T12:02:50.032+0500] {logging_mixin.py:188} INFO - [2026-03-29T12:02:50.032+0500] {dag.py:3947} INFO - Setting next_dagrun for example_params_trigger_ui to None, run_after=None
[2026-03-29T12:02:50.086+0500] {processor.py:183} INFO - Processing /home/abayturar/airflow-project/venv/lib/python3.12/site-packages/airflow/example_dags/example_params_trigger_ui.py took 0.109 seconds
[2026-03-29T12:06:18.623+0500] {processor.py:161} INFO - Started process (PID=111) to work on /home/abayturar/airflow-project/venv/lib/python3.12/site-packages/airflow/example_dags/example_params_trigger_ui.py
[2026-03-29T12:06:18.624+0500] {processor.py:830} INFO - Processing file /home/abayturar/airflow-project/venv/lib/python3.12/site-packages/airflow/example_dags/example_params_trigger_ui.py for tasks to queue
[2026-03-29T12:06:18.625+0500] {logging_mixin.py:188} INFO - [2026-03-29T12:06:18.625+0500] {dagbag.py:545} INFO - Filling up the DagBag from /home/abayturar/airflow-project/venv/lib/python3.12/site-packages/airflow/example_dags/example_params_trigger_ui.py
[2026-03-29T12:06:18.634+0500] {processor.py:840} INFO - DAG(s) 'example_params_trigger_ui' retrieved from /home/abayturar/airflow-project/venv/lib/python3.12/site-packages/airflow/example_dags/example_params_trigger_ui.py
[2026-03-29T12:06:18.664+0500] {logging_mixin.py:188} INFO - [2026-03-29T12:06:18.664+0500] {dag.py:3089} INFO - Sync 1 DAGs
[2026-03-29T12:06:18.674+0500] {logging_mixin.py:188} INFO - [2026-03-29T12:06:18.673+0500] {dag.py:3947} INFO - Setting next_dagrun for example_params_trigger_ui to None, run_after=None
[2026-03-29T12:06:18.730+0500] {processor.py:183} INFO - Processing /home/abayturar/airflow-project/venv/lib/python3.12/site-packages/airflow/example_dags/example_params_trigger_ui.py took 0.113 seconds
[2026-03-29T12:07:11.184+0500] {processor.py:161} INFO - Started process (PID=325) to work on /home/abayturar/airflow-project/venv/lib/python3.12/site-packages/airflow/example_dags/example_params_trigger_ui.py
[2026-03-29T12:07:11.185+0500] {processor.py:830} INFO - Processing file /home/abayturar/airflow-project/venv/lib/python3.12/site-packages/airflow/example_dags/example_params_trigger_ui.py for tasks to queue
[2026-03-29T12:07:11.187+0500] {logging_mixin.py:188} INFO - [2026-03-29T12:07:11.187+0500] {dagbag.py:545} INFO - Filling up the DagBag from /home/abayturar/airflow-project/venv/lib/python3.12/site-packages/airflow/example_dags/example_params_trigger_ui.py
[2026-03-29T12:07:11.198+0500] {processor.py:840} INFO - DAG(s) 'example_params_trigger_ui' retrieved from /home/abayturar/airflow-project/venv/lib/python3.12/site-packages/airflow/example_dags/example_params_trigger_ui.py
[2026-03-29T12:07:11.238+0500] {logging_mixin.py:188} INFO - [2026-03-29T12:07:11.237+0500] {dag.py:3089} INFO - Sync 1 DAGs
[2026-03-29T12:07:11.247+0500] {logging_mixin.py:188} INFO - [2026-03-29T12:07:11.247+0500] {dag.py:3947} INFO - Setting next_dagrun for example_params_trigger_ui to None, run_after=None
[2026-03-29T12:07:11.263+0500] {processor.py:183} INFO - Processing /home/abayturar/airflow-project/venv/lib/python3.12/site-packages/airflow/example_dags/example_params_trigger_ui.py took 0.086 seconds
[2026-03-29T12:07:59.932+0500] {processor.py:161} INFO - Started process (PID=526) to work on /home/abayturar/airflow-project/venv/lib/python3.12/site-packages/airflow/example_dags/example_params_trigger_ui.py
[2026-03-29T12:07:59.933+0500] {processor.py:830} INFO - Processing file /home/abayturar/airflow-project/venv/lib/python3.12/site-packages/airflow/example_dags/example_params_trigger_ui.py for tasks to queue
[2026-03-29T12:07:59.935+0500] {logging_mixin.py:188} INFO - [2026-03-29T12:07:59.934+0500] {dagbag.py:545} INFO - Filling up the DagBag from /home/abayturar/airflow-project/venv/lib/python3.12/site-packages/airflow/example_dags/example_params_trigger_ui.py
[2026-03-29T12:07:59.944+0500] {processor.py:840} INFO - DAG(s) 'example_params_trigger_ui' retrieved from /home/abayturar/airflow-project/venv/lib/python3.12/site-packages/airflow/example_dags/example_params_trigger_ui.py
[2026-03-29T12:07:59.973+0500] {logging_mixin.py:188} INFO - [2026-03-29T12:07:59.973+0500] {dag.py:3089} INFO - Sync 1 DAGs
[2026-03-29T12:07:59.986+0500] {logging_mixin.py:188} INFO - [2026-03-29T12:07:59.986+0500] {dag.py:3947} INFO - Setting next_dagrun for example_params_trigger_ui to None, run_after=None
[2026-03-29T12:08:00.024+0500] {processor.py:183} INFO - Processing /home/abayturar/airflow-project/venv/lib/python3.12/site-packages/airflow/example_dags/example_params_trigger_ui.py took 0.098 seconds
[2026-03-29T12:08:50.775+0500] {processor.py:161} INFO - Started process (PID=736) to work on /home/abayturar/airflow-project/venv/lib/python3.12/site-packages/airflow/example_dags/example_params_trigger_ui.py
[2026-03-29T12:08:50.776+0500] {processor.py:830} INFO - Processing file /home/abayturar/airflow-project/venv/lib/python3.12/site-packages/airflow/example_dags/example_params_trigger_ui.py for tasks to queue
[2026-03-29T12:08:50.778+0500] {logging_mixin.py:188} INFO - [2026-03-29T12:08:50.778+0500] {dagbag.py:545} INFO - Filling up the DagBag from /home/abayturar/airflow-project/venv/lib/python3.12/site-packages/airflow/example_dags/example_params_trigger_ui.py
[2026-03-29T12:08:50.787+0500] {processor.py:840} INFO - DAG(s) 'example_params_trigger_ui' retrieved from /home/abayturar/airflow-project/venv/lib/python3.12/site-packages/airflow/example_dags/example_params_trigger_ui.py
[2026-03-29T12:08:50.814+0500] {logging_mixin.py:188} INFO - [2026-03-29T12:08:50.814+0500] {dag.py:3089} INFO - Sync 1 DAGs
[2026-03-29T12:08:50.822+0500] {logging_mixin.py:188} INFO - [2026-03-29T12:08:50.822+0500] {dag.py:3947} INFO - Setting next_dagrun for example_params_trigger_ui to None, run_after=None
[2026-03-29T12:08:50.877+0500] {processor.py:183} INFO - Processing /home/abayturar/airflow-project/venv/lib/python3.12/site-packages/airflow/example_dags/example_params_trigger_ui.py took 0.108 seconds
[2026-03-29T12:09:41.655+0500] {processor.py:161} INFO - Started process (PID=919) to work on /home/abayturar/airflow-project/venv/lib/python3.12/site-packages/airflow/example_dags/example_params_trigger_ui.py
[2026-03-29T12:09:41.656+0500] {processor.py:830} INFO - Processing file /home/abayturar/airflow-project/venv/lib/python3.12/site-packages/airflow/example_dags/example_params_trigger_ui.py for tasks to queue
[2026-03-29T12:09:41.658+0500] {logging_mixin.py:188} INFO - [2026-03-29T12:09:41.657+0500] {dagbag.py:545} INFO - Filling up the DagBag from /home/abayturar/airflow-project/venv/lib/python3.12/site-packages/airflow/example_dags/example_params_trigger_ui.py
[2026-03-29T12:09:41.666+0500] {processor.py:840} INFO - DAG(s) 'example_params_trigger_ui' retrieved from /home/abayturar/airflow-project/venv/lib/python3.12/site-packages/airflow/example_dags/example_params_trigger_ui.py
[2026-03-29T12:09:41.695+0500] {logging_mixin.py:188} INFO - [2026-03-29T12:09:41.695+0500] {dag.py:3089} INFO - Sync 1 DAGs
[2026-03-29T12:09:41.704+0500] {logging_mixin.py:188} INFO - [2026-03-29T12:09:41.703+0500] {dag.py:3947} INFO - Setting next_dagrun for example_params_trigger_ui to None, run_after=None
[2026-03-29T12:09:41.720+0500] {processor.py:183} INFO - Processing /home/abayturar/airflow-project/venv/lib/python3.12/site-packages/airflow/example_dags/example_params_trigger_ui.py took 0.070 seconds
[2026-03-29T12:10:31.915+0500] {processor.py:161} INFO - Started process (PID=1054) to work on /home/abayturar/airflow-project/venv/lib/python3.12/site-packages/airflow/example_dags/example_params_trigger_ui.py
[2026-03-29T12:10:31.916+0500] {processor.py:830} INFO - Processing file /home/abayturar/airflow-project/venv/lib/python3.12/site-packages/airflow/example_dags/example_params_trigger_ui.py for tasks to queue
[2026-03-29T12:10:31.917+0500] {logging_mixin.py:188} INFO - [2026-03-29T12:10:31.917+0500] {dagbag.py:545} INFO - Filling up the DagBag from /home/abayturar/airflow-project/venv/lib/python3.12/site-packages/airflow/example_dags/example_params_trigger_ui.py
[2026-03-29T12:10:31.926+0500] {processor.py:840} INFO - DAG(s) 'example_params_trigger_ui' retrieved from /home/abayturar/airflow-project/venv/lib/python3.12/site-packages/airflow/example_dags/example_params_trigger_ui.py
[2026-03-29T12:10:31.963+0500] {logging_mixin.py:188} INFO - [2026-03-29T12:10:31.962+0500] {dag.py:3089} INFO - Sync 1 DAGs
[2026-03-29T12:10:31.974+0500] {logging_mixin.py:188} INFO - [2026-03-29T12:10:31.973+0500] {dag.py:3947} INFO - Setting next_dagrun for example_params_trigger_ui to None, run_after=None
[2026-03-29T12:10:31.989+0500] {processor.py:183} INFO - Processing /home/abayturar/airflow-project/venv/lib/python3.12/site-packages/airflow/example_dags/example_params_trigger_ui.py took 0.080 seconds
[2026-03-29T12:11:18.626+0500] {processor.py:161} INFO - Started process (PID=1176) to work on /home/abayturar/airflow-project/venv/lib/python3.12/site-packages/airflow/example_dags/example_params_trigger_ui.py
[2026-03-29T12:11:18.627+0500] {processor.py:830} INFO - Processing file /home/abayturar/airflow-project/venv/lib/python3.12/site-packages/airflow/example_dags/example_params_trigger_ui.py for tasks to queue
[2026-03-29T12:11:18.629+0500] {logging_mixin.py:188} INFO - [2026-03-29T12:11:18.628+0500] {dagbag.py:545} INFO - Filling up the DagBag from /home/abayturar/airflow-project/venv/lib/python3.12/site-packages/airflow/example_dags/example_params_trigger_ui.py
[2026-03-29T12:11:18.638+0500] {processor.py:840} INFO - DAG(s) 'example_params_trigger_ui' retrieved from /home/abayturar/airflow-project/venv/lib/python3.12/site-packages/airflow/example_dags/example_params_trigger_ui.py
[2026-03-29T12:11:18.669+0500] {logging_mixin.py:188} INFO - [2026-03-29T12:11:18.669+0500] {dag.py:3089} INFO - Sync 1 DAGs
[2026-03-29T12:11:18.679+0500] {logging_mixin.py:188} INFO - [2026-03-29T12:11:18.679+0500] {dag.py:3947} INFO - Setting next_dagrun for example_params_trigger_ui to None, run_after=None
[2026-03-29T12:11:18.733+0500] {processor.py:183} INFO - Processing /home/abayturar/airflow-project/venv/lib/python3.12/site-packages/airflow/example_dags/example_params_trigger_ui.py took 0.115 seconds
[2026-03-29T12:12:09.504+0500] {processor.py:161} INFO - Started process (PID=1311) to work on /home/abayturar/airflow-project/venv/lib/python3.12/site-packages/airflow/example_dags/example_params_trigger_ui.py
[2026-03-29T12:12:09.505+0500] {processor.py:830} INFO - Processing file /home/abayturar/airflow-project/venv/lib/python3.12/site-packages/airflow/example_dags/example_params_trigger_ui.py for tasks to queue
[2026-03-29T12:12:09.507+0500] {logging_mixin.py:188} INFO - [2026-03-29T12:12:09.506+0500] {dagbag.py:545} INFO - Filling up the DagBag from /home/abayturar/airflow-project/venv/lib/python3.12/site-packages/airflow/example_dags/example_params_trigger_ui.py
[2026-03-29T12:12:09.516+0500] {processor.py:840} INFO - DAG(s) 'example_params_trigger_ui' retrieved from /home/abayturar/airflow-project/venv/lib/python3.12/site-packages/airflow/example_dags/example_params_trigger_ui.py
[2026-03-29T12:12:09.551+0500] {logging_mixin.py:188} INFO - [2026-03-29T12:12:09.550+0500] {dag.py:3089} INFO - Sync 1 DAGs
[2026-03-29T12:12:09.565+0500] {logging_mixin.py:188} INFO - [2026-03-29T12:12:09.565+0500] {dag.py:3947} INFO - Setting next_dagrun for example_params_trigger_ui to None, run_after=None
[2026-03-29T12:12:09.708+0500] {processor.py:183} INFO - Processing /home/abayturar/airflow-project/venv/lib/python3.12/site-packages/airflow/example_dags/example_params_trigger_ui.py took 0.215 seconds
[2026-03-29T12:13:01.548+0500] {processor.py:161} INFO - Started process (PID=1446) to work on /home/abayturar/airflow-project/venv/lib/python3.12/site-packages/airflow/example_dags/example_params_trigger_ui.py
[2026-03-29T12:13:01.549+0500] {processor.py:830} INFO - Processing file /home/abayturar/airflow-project/venv/lib/python3.12/site-packages/airflow/example_dags/example_params_trigger_ui.py for tasks to queue
[2026-03-29T12:13:01.551+0500] {logging_mixin.py:188} INFO - [2026-03-29T12:13:01.550+0500] {dagbag.py:545} INFO - Filling up the DagBag from /home/abayturar/airflow-project/venv/lib/python3.12/site-packages/airflow/example_dags/example_params_trigger_ui.py
[2026-03-29T12:13:01.559+0500] {processor.py:840} INFO - DAG(s) 'example_params_trigger_ui' retrieved from /home/abayturar/airflow-project/venv/lib/python3.12/site-packages/airflow/example_dags/example_params_trigger_ui.py
[2026-03-29T12:13:01.588+0500] {logging_mixin.py:188} INFO - [2026-03-29T12:13:01.588+0500] {dag.py:3089} INFO - Sync 1 DAGs
[2026-03-29T12:13:01.596+0500] {logging_mixin.py:188} INFO - [2026-03-29T12:13:01.596+0500] {dag.py:3947} INFO - Setting next_dagrun for example_params_trigger_ui to None, run_after=None
[2026-03-29T12:13:01.649+0500] {processor.py:183} INFO - Processing /home/abayturar/airflow-project/venv/lib/python3.12/site-packages/airflow/example_dags/example_params_trigger_ui.py took 0.107 seconds
[2026-03-29T12:13:49.853+0500] {processor.py:161} INFO - Started process (PID=1576) to work on /home/abayturar/airflow-project/venv/lib/python3.12/site-packages/airflow/example_dags/example_params_trigger_ui.py
[2026-03-29T12:13:49.853+0500] {processor.py:830} INFO - Processing file /home/abayturar/airflow-project/venv/lib/python3.12/site-packages/airflow/example_dags/example_params_trigger_ui.py for tasks to queue
[2026-03-29T12:13:49.855+0500] {logging_mixin.py:188} INFO - [2026-03-29T12:13:49.855+0500] {dagbag.py:545} INFO - Filling up the DagBag from /home/abayturar/airflow-project/venv/lib/python3.12/site-packages/airflow/example_dags/example_params_trigger_ui.py
[2026-03-29T12:13:49.863+0500] {processor.py:840} INFO - DAG(s) 'example_params_trigger_ui' retrieved from /home/abayturar/airflow-project/venv/lib/python3.12/site-packages/airflow/example_dags/example_params_trigger_ui.py
[2026-03-29T12:13:49.890+0500] {logging_mixin.py:188} INFO - [2026-03-29T12:13:49.890+0500] {dag.py:3089} INFO - Sync 1 DAGs
[2026-03-29T12:13:49.898+0500] {logging_mixin.py:188} INFO - [2026-03-29T12:13:49.898+0500] {dag.py:3947} INFO - Setting next_dagrun for example_params_trigger_ui to None, run_after=None
[2026-03-29T12:13:49.951+0500] {processor.py:183} INFO - Processing /home/abayturar/airflow-project/venv/lib/python3.12/site-packages/airflow/example_dags/example_params_trigger_ui.py took 0.104 seconds
[2026-03-29T12:14:43.514+0500] {processor.py:161} INFO - Started process (PID=1713) to work on /home/abayturar/airflow-project/venv/lib/python3.12/site-packages/airflow/example_dags/example_params_trigger_ui.py
[2026-03-29T12:14:43.515+0500] {processor.py:830} INFO - Processing file /home/abayturar/airflow-project/venv/lib/python3.12/site-packages/airflow/example_dags/example_params_trigger_ui.py for tasks to queue
[2026-03-29T12:14:43.517+0500] {logging_mixin.py:188} INFO - [2026-03-29T12:14:43.516+0500] {dagbag.py:545} INFO - Filling up the DagBag from /home/abayturar/airflow-project/venv/lib/python3.12/site-packages/airflow/example_dags/example_params_trigger_ui.py
[2026-03-29T12:14:43.525+0500] {processor.py:840} INFO - DAG(s) 'example_params_trigger_ui' retrieved from /home/abayturar/airflow-project/venv/lib/python3.12/site-packages/airflow/example_dags/example_params_trigger_ui.py
[2026-03-29T12:14:43.556+0500] {logging_mixin.py:188} INFO - [2026-03-29T12:14:43.555+0500] {dag.py:3089} INFO - Sync 1 DAGs
[2026-03-29T12:14:43.565+0500] {logging_mixin.py:188} INFO - [2026-03-29T12:14:43.565+0500] {dag.py:3947} INFO - Setting next_dagrun for example_params_trigger_ui to None, run_after=None
[2026-03-29T12:14:43.580+0500] {processor.py:183} INFO - Processing /home/abayturar/airflow-project/venv/lib/python3.12/site-packages/airflow/example_dags/example_params_trigger_ui.py took 0.072 seconds
[2026-03-29T12:15:37.009+0500] {processor.py:161} INFO - Started process (PID=1853) to work on /home/abayturar/airflow-project/venv/lib/python3.12/site-packages/airflow/example_dags/example_params_trigger_ui.py
[2026-03-29T12:15:37.009+0500] {processor.py:830} INFO - Processing file /home/abayturar/airflow-project/venv/lib/python3.12/site-packages/airflow/example_dags/example_params_trigger_ui.py for tasks to queue
[2026-03-29T12:15:37.012+0500] {logging_mixin.py:188} INFO - [2026-03-29T12:15:37.011+0500] {dagbag.py:545} INFO - Filling up the DagBag from /home/abayturar/airflow-project/venv/lib/python3.12/site-packages/airflow/example_dags/example_params_trigger_ui.py
[2026-03-29T12:15:37.021+0500] {processor.py:840} INFO - DAG(s) 'example_params_trigger_ui' retrieved from /home/abayturar/airflow-project/venv/lib/python3.12/site-packages/airflow/example_dags/example_params_trigger_ui.py
[2026-03-29T12:15:37.047+0500] {logging_mixin.py:188} INFO - [2026-03-29T12:15:37.046+0500] {dag.py:3089} INFO - Sync 1 DAGs
[2026-03-29T12:15:37.141+0500] {logging_mixin.py:188} INFO - [2026-03-29T12:15:37.141+0500] {dag.py:3947} INFO - Setting next_dagrun for example_params_trigger_ui to None, run_after=None
[2026-03-29T12:15:37.193+0500] {processor.py:183} INFO - Processing /home/abayturar/airflow-project/venv/lib/python3.12/site-packages/airflow/example_dags/example_params_trigger_ui.py took 0.190 seconds
[2026-03-29T12:16:30.345+0500] {processor.py:161} INFO - Started process (PID=1993) to work on /home/abayturar/airflow-project/venv/lib/python3.12/site-packages/airflow/example_dags/example_params_trigger_ui.py
[2026-03-29T12:16:30.345+0500] {processor.py:830} INFO - Processing file /home/abayturar/airflow-project/venv/lib/python3.12/site-packages/airflow/example_dags/example_params_trigger_ui.py for tasks to queue
[2026-03-29T12:16:30.347+0500] {logging_mixin.py:188} INFO - [2026-03-29T12:16:30.347+0500] {dagbag.py:545} INFO - Filling up the DagBag from /home/abayturar/airflow-project/venv/lib/python3.12/site-packages/airflow/example_dags/example_params_trigger_ui.py
[2026-03-29T12:16:30.355+0500] {processor.py:840} INFO - DAG(s) 'example_params_trigger_ui' retrieved from /home/abayturar/airflow-project/venv/lib/python3.12/site-packages/airflow/example_dags/example_params_trigger_ui.py
[2026-03-29T12:16:30.384+0500] {logging_mixin.py:188} INFO - [2026-03-29T12:16:30.384+0500] {dag.py:3089} INFO - Sync 1 DAGs
[2026-03-29T12:16:30.393+0500] {logging_mixin.py:188} INFO - [2026-03-29T12:16:30.393+0500] {dag.py:3947} INFO - Setting next_dagrun for example_params_trigger_ui to None, run_after=None
[2026-03-29T12:16:30.530+0500] {processor.py:183} INFO - Processing /home/abayturar/airflow-project/venv/lib/python3.12/site-packages/airflow/example_dags/example_params_trigger_ui.py took 0.192 seconds
[2026-03-29T12:17:23.666+0500] {processor.py:161} INFO - Started process (PID=2130) to work on /home/abayturar/airflow-project/venv/lib/python3.12/site-packages/airflow/example_dags/example_params_trigger_ui.py
[2026-03-29T12:17:23.667+0500] {processor.py:830} INFO - Processing file /home/abayturar/airflow-project/venv/lib/python3.12/site-packages/airflow/example_dags/example_params_trigger_ui.py for tasks to queue
[2026-03-29T12:17:23.669+0500] {logging_mixin.py:188} INFO - [2026-03-29T12:17:23.668+0500] {dagbag.py:545} INFO - Filling up the DagBag from /home/abayturar/airflow-project/venv/lib/python3.12/site-packages/airflow/example_dags/example_params_trigger_ui.py
[2026-03-29T12:17:23.680+0500] {processor.py:840} INFO - DAG(s) 'example_params_trigger_ui' retrieved from /home/abayturar/airflow-project/venv/lib/python3.12/site-packages/airflow/example_dags/example_params_trigger_ui.py
[2026-03-29T12:17:23.712+0500] {logging_mixin.py:188} INFO - [2026-03-29T12:17:23.712+0500] {dag.py:3089} INFO - Sync 1 DAGs
[2026-03-29T12:17:23.723+0500] {logging_mixin.py:188} INFO - [2026-03-29T12:17:23.723+0500] {dag.py:3947} INFO - Setting next_dagrun for example_params_trigger_ui to None, run_after=None
[2026-03-29T12:17:23.741+0500] {processor.py:183} INFO - Processing /home/abayturar/airflow-project/venv/lib/python3.12/site-packages/airflow/example_dags/example_params_trigger_ui.py took 0.082 seconds
[2026-03-29T12:18:16.666+0500] {processor.py:161} INFO - Started process (PID=2270) to work on /home/abayturar/airflow-project/venv/lib/python3.12/site-packages/airflow/example_dags/example_params_trigger_ui.py
[2026-03-29T12:18:16.667+0500] {processor.py:830} INFO - Processing file /home/abayturar/airflow-project/venv/lib/python3.12/site-packages/airflow/example_dags/example_params_trigger_ui.py for tasks to queue
[2026-03-29T12:18:16.668+0500] {logging_mixin.py:188} INFO - [2026-03-29T12:18:16.668+0500] {dagbag.py:545} INFO - Filling up the DagBag from /home/abayturar/airflow-project/venv/lib/python3.12/site-packages/airflow/example_dags/example_params_trigger_ui.py
[2026-03-29T12:18:16.677+0500] {processor.py:840} INFO - DAG(s) 'example_params_trigger_ui' retrieved from /home/abayturar/airflow-project/venv/lib/python3.12/site-packages/airflow/example_dags/example_params_trigger_ui.py
[2026-03-29T12:18:16.707+0500] {logging_mixin.py:188} INFO - [2026-03-29T12:18:16.707+0500] {dag.py:3089} INFO - Sync 1 DAGs
[2026-03-29T12:18:16.716+0500] {logging_mixin.py:188} INFO - [2026-03-29T12:18:16.715+0500] {dag.py:3947} INFO - Setting next_dagrun for example_params_trigger_ui to None, run_after=None
[2026-03-29T12:18:16.731+0500] {processor.py:183} INFO - Processing /home/abayturar/airflow-project/venv/lib/python3.12/site-packages/airflow/example_dags/example_params_trigger_ui.py took 0.071 seconds
[2026-03-29T12:19:06.390+0500] {processor.py:161} INFO - Started process (PID=2400) to work on /home/abayturar/airflow-project/venv/lib/python3.12/site-packages/airflow/example_dags/example_params_trigger_ui.py
[2026-03-29T12:19:06.391+0500] {processor.py:830} INFO - Processing file /home/abayturar/airflow-project/venv/lib/python3.12/site-packages/airflow/example_dags/example_params_trigger_ui.py for tasks to queue
[2026-03-29T12:19:06.393+0500] {logging_mixin.py:188} INFO - [2026-03-29T12:19:06.392+0500] {dagbag.py:545} INFO - Filling up the DagBag from /home/abayturar/airflow-project/venv/lib/python3.12/site-packages/airflow/example_dags/example_params_trigger_ui.py
[2026-03-29T12:19:06.402+0500] {processor.py:840} INFO - DAG(s) 'example_params_trigger_ui' retrieved from /home/abayturar/airflow-project/venv/lib/python3.12/site-packages/airflow/example_dags/example_params_trigger_ui.py
[2026-03-29T12:19:06.428+0500] {logging_mixin.py:188} INFO - [2026-03-29T12:19:06.428+0500] {dag.py:3089} INFO - Sync 1 DAGs
[2026-03-29T12:19:06.437+0500] {logging_mixin.py:188} INFO - [2026-03-29T12:19:06.437+0500] {dag.py:3947} INFO - Setting next_dagrun for example_params_trigger_ui to None, run_after=None
[2026-03-29T12:19:06.490+0500] {processor.py:183} INFO - Processing /home/abayturar/airflow-project/venv/lib/python3.12/site-packages/airflow/example_dags/example_params_trigger_ui.py took 0.106 seconds
[2026-03-29T12:19:57.186+0500] {processor.py:161} INFO - Started process (PID=2534) to work on /home/abayturar/airflow-project/venv/lib/python3.12/site-packages/airflow/example_dags/example_params_trigger_ui.py
[2026-03-29T12:19:57.187+0500] {processor.py:830} INFO - Processing file /home/abayturar/airflow-project/venv/lib/python3.12/site-packages/airflow/example_dags/example_params_trigger_ui.py for tasks to queue
[2026-03-29T12:19:57.189+0500] {logging_mixin.py:188} INFO - [2026-03-29T12:19:57.189+0500] {dagbag.py:545} INFO - Filling up the DagBag from /home/abayturar/airflow-project/venv/lib/python3.12/site-packages/airflow/example_dags/example_params_trigger_ui.py
[2026-03-29T12:19:57.198+0500] {processor.py:840} INFO - DAG(s) 'example_params_trigger_ui' retrieved from /home/abayturar/airflow-project/venv/lib/python3.12/site-packages/airflow/example_dags/example_params_trigger_ui.py
[2026-03-29T12:19:57.227+0500] {logging_mixin.py:188} INFO - [2026-03-29T12:19:57.227+0500] {dag.py:3089} INFO - Sync 1 DAGs
[2026-03-29T12:19:57.235+0500] {logging_mixin.py:188} INFO - [2026-03-29T12:19:57.235+0500] {dag.py:3947} INFO - Setting next_dagrun for example_params_trigger_ui to None, run_after=None
[2026-03-29T12:19:57.290+0500] {processor.py:183} INFO - Processing /home/abayturar/airflow-project/venv/lib/python3.12/site-packages/airflow/example_dags/example_params_trigger_ui.py took 0.110 seconds
[2026-03-29T12:20:51.111+0500] {processor.py:161} INFO - Started process (PID=2673) to work on /home/abayturar/airflow-project/venv/lib/python3.12/site-packages/airflow/example_dags/example_params_trigger_ui.py
[2026-03-29T12:20:51.112+0500] {processor.py:830} INFO - Processing file /home/abayturar/airflow-project/venv/lib/python3.12/site-packages/airflow/example_dags/example_params_trigger_ui.py for tasks to queue
[2026-03-29T12:20:51.114+0500] {logging_mixin.py:188} INFO - [2026-03-29T12:20:51.113+0500] {dagbag.py:545} INFO - Filling up the DagBag from /home/abayturar/airflow-project/venv/lib/python3.12/site-packages/airflow/example_dags/example_params_trigger_ui.py
[2026-03-29T12:20:51.125+0500] {processor.py:840} INFO - DAG(s) 'example_params_trigger_ui' retrieved from /home/abayturar/airflow-project/venv/lib/python3.12/site-packages/airflow/example_dags/example_params_trigger_ui.py
[2026-03-29T12:20:51.162+0500] {logging_mixin.py:188} INFO - [2026-03-29T12:20:51.161+0500] {dag.py:3089} INFO - Sync 1 DAGs
[2026-03-29T12:20:51.173+0500] {logging_mixin.py:188} INFO - [2026-03-29T12:20:51.173+0500] {dag.py:3947} INFO - Setting next_dagrun for example_params_trigger_ui to None, run_after=None
[2026-03-29T12:20:51.230+0500] {processor.py:183} INFO - Processing /home/abayturar/airflow-project/venv/lib/python3.12/site-packages/airflow/example_dags/example_params_trigger_ui.py took 0.126 seconds
[2026-03-29T12:21:43.700+0500] {processor.py:161} INFO - Started process (PID=2809) to work on /home/abayturar/airflow-project/venv/lib/python3.12/site-packages/airflow/example_dags/example_params_trigger_ui.py
[2026-03-29T12:21:43.701+0500] {processor.py:830} INFO - Processing file /home/abayturar/airflow-project/venv/lib/python3.12/site-packages/airflow/example_dags/example_params_trigger_ui.py for tasks to queue
[2026-03-29T12:21:43.703+0500] {logging_mixin.py:188} INFO - [2026-03-29T12:21:43.702+0500] {dagbag.py:545} INFO - Filling up the DagBag from /home/abayturar/airflow-project/venv/lib/python3.12/site-packages/airflow/example_dags/example_params_trigger_ui.py
[2026-03-29T12:21:43.713+0500] {processor.py:840} INFO - DAG(s) 'example_params_trigger_ui' retrieved from /home/abayturar/airflow-project/venv/lib/python3.12/site-packages/airflow/example_dags/example_params_trigger_ui.py
[2026-03-29T12:21:43.749+0500] {logging_mixin.py:188} INFO - [2026-03-29T12:21:43.749+0500] {dag.py:3089} INFO - Sync 1 DAGs
[2026-03-29T12:21:43.759+0500] {logging_mixin.py:188} INFO - [2026-03-29T12:21:43.759+0500] {dag.py:3947} INFO - Setting next_dagrun for example_params_trigger_ui to None, run_after=None
[2026-03-29T12:21:43.818+0500] {processor.py:183} INFO - Processing /home/abayturar/airflow-project/venv/lib/python3.12/site-packages/airflow/example_dags/example_params_trigger_ui.py took 0.124 seconds
[2026-03-29T12:22:35.155+0500] {processor.py:161} INFO - Started process (PID=3069) to work on /home/abayturar/airflow-project/venv/lib/python3.12/site-packages/airflow/example_dags/example_params_trigger_ui.py
[2026-03-29T12:22:35.156+0500] {processor.py:830} INFO - Processing file /home/abayturar/airflow-project/venv/lib/python3.12/site-packages/airflow/example_dags/example_params_trigger_ui.py for tasks to queue
[2026-03-29T12:22:35.157+0500] {logging_mixin.py:188} INFO - [2026-03-29T12:22:35.157+0500] {dagbag.py:545} INFO - Filling up the DagBag from /home/abayturar/airflow-project/venv/lib/python3.12/site-packages/airflow/example_dags/example_params_trigger_ui.py
[2026-03-29T12:22:35.166+0500] {processor.py:840} INFO - DAG(s) 'example_params_trigger_ui' retrieved from /home/abayturar/airflow-project/venv/lib/python3.12/site-packages/airflow/example_dags/example_params_trigger_ui.py
[2026-03-29T12:22:35.193+0500] {logging_mixin.py:188} INFO - [2026-03-29T12:22:35.193+0500] {dag.py:3089} INFO - Sync 1 DAGs
[2026-03-29T12:22:35.201+0500] {logging_mixin.py:188} INFO - [2026-03-29T12:22:35.201+0500] {dag.py:3947} INFO - Setting next_dagrun for example_params_trigger_ui to None, run_after=None
[2026-03-29T12:22:35.254+0500] {processor.py:183} INFO - Processing /home/abayturar/airflow-project/venv/lib/python3.12/site-packages/airflow/example_dags/example_params_trigger_ui.py took 0.106 seconds
[2026-03-29T12:23:27.044+0500] {processor.py:161} INFO - Started process (PID=3267) to work on /home/abayturar/airflow-project/venv/lib/python3.12/site-packages/airflow/example_dags/example_params_trigger_ui.py
[2026-03-29T12:23:27.045+0500] {processor.py:830} INFO - Processing file /home/abayturar/airflow-project/venv/lib/python3.12/site-packages/airflow/example_dags/example_params_trigger_ui.py for tasks to queue
[2026-03-29T12:23:27.048+0500] {logging_mixin.py:188} INFO - [2026-03-29T12:23:27.048+0500] {dagbag.py:545} INFO - Filling up the DagBag from /home/abayturar/airflow-project/venv/lib/python3.12/site-packages/airflow/example_dags/example_params_trigger_ui.py
[2026-03-29T12:23:27.059+0500] {processor.py:840} INFO - DAG(s) 'example_params_trigger_ui' retrieved from /home/abayturar/airflow-project/venv/lib/python3.12/site-packages/airflow/example_dags/example_params_trigger_ui.py
[2026-03-29T12:23:27.100+0500] {logging_mixin.py:188} INFO - [2026-03-29T12:23:27.100+0500] {dag.py:3089} INFO - Sync 1 DAGs
[2026-03-29T12:23:27.111+0500] {logging_mixin.py:188} INFO - [2026-03-29T12:23:27.111+0500] {dag.py:3947} INFO - Setting next_dagrun for example_params_trigger_ui to None, run_after=None
[2026-03-29T12:23:27.172+0500] {processor.py:183} INFO - Processing /home/abayturar/airflow-project/venv/lib/python3.12/site-packages/airflow/example_dags/example_params_trigger_ui.py took 0.136 seconds
[2026-03-29T12:24:20.354+0500] {processor.py:161} INFO - Started process (PID=3492) to work on /home/abayturar/airflow-project/venv/lib/python3.12/site-packages/airflow/example_dags/example_params_trigger_ui.py
[2026-03-29T12:24:20.355+0500] {processor.py:830} INFO - Processing file /home/abayturar/airflow-project/venv/lib/python3.12/site-packages/airflow/example_dags/example_params_trigger_ui.py for tasks to queue
[2026-03-29T12:24:20.356+0500] {logging_mixin.py:188} INFO - [2026-03-29T12:24:20.356+0500] {dagbag.py:545} INFO - Filling up the DagBag from /home/abayturar/airflow-project/venv/lib/python3.12/site-packages/airflow/example_dags/example_params_trigger_ui.py
[2026-03-29T12:24:20.365+0500] {processor.py:840} INFO - DAG(s) 'example_params_trigger_ui' retrieved from /home/abayturar/airflow-project/venv/lib/python3.12/site-packages/airflow/example_dags/example_params_trigger_ui.py
[2026-03-29T12:24:20.394+0500] {logging_mixin.py:188} INFO - [2026-03-29T12:24:20.394+0500] {dag.py:3089} INFO - Sync 1 DAGs
[2026-03-29T12:24:20.403+0500] {logging_mixin.py:188} INFO - [2026-03-29T12:24:20.402+0500] {dag.py:3947} INFO - Setting next_dagrun for example_params_trigger_ui to None, run_after=None
[2026-03-29T12:24:20.455+0500] {processor.py:183} INFO - Processing /home/abayturar/airflow-project/venv/lib/python3.12/site-packages/airflow/example_dags/example_params_trigger_ui.py took 0.107 seconds
[2026-03-29T12:25:14.066+0500] {processor.py:161} INFO - Started process (PID=3632) to work on /home/abayturar/airflow-project/venv/lib/python3.12/site-packages/airflow/example_dags/example_params_trigger_ui.py
[2026-03-29T12:25:14.067+0500] {processor.py:830} INFO - Processing file /home/abayturar/airflow-project/venv/lib/python3.12/site-packages/airflow/example_dags/example_params_trigger_ui.py for tasks to queue
[2026-03-29T12:25:14.068+0500] {logging_mixin.py:188} INFO - [2026-03-29T12:25:14.068+0500] {dagbag.py:545} INFO - Filling up the DagBag from /home/abayturar/airflow-project/venv/lib/python3.12/site-packages/airflow/example_dags/example_params_trigger_ui.py
[2026-03-29T12:25:14.078+0500] {processor.py:840} INFO - DAG(s) 'example_params_trigger_ui' retrieved from /home/abayturar/airflow-project/venv/lib/python3.12/site-packages/airflow/example_dags/example_params_trigger_ui.py
[2026-03-29T12:25:14.110+0500] {logging_mixin.py:188} INFO - [2026-03-29T12:25:14.109+0500] {dag.py:3089} INFO - Sync 1 DAGs
[2026-03-29T12:25:14.119+0500] {logging_mixin.py:188} INFO - [2026-03-29T12:25:14.119+0500] {dag.py:3947} INFO - Setting next_dagrun for example_params_trigger_ui to None, run_after=None
[2026-03-29T12:25:14.137+0500] {processor.py:183} INFO - Processing /home/abayturar/airflow-project/venv/lib/python3.12/site-packages/airflow/example_dags/example_params_trigger_ui.py took 0.077 seconds
[2026-03-29T12:26:06.177+0500] {processor.py:161} INFO - Started process (PID=3867) to work on /home/abayturar/airflow-project/venv/lib/python3.12/site-packages/airflow/example_dags/example_params_trigger_ui.py
[2026-03-29T12:26:06.178+0500] {processor.py:830} INFO - Processing file /home/abayturar/airflow-project/venv/lib/python3.12/site-packages/airflow/example_dags/example_params_trigger_ui.py for tasks to queue
[2026-03-29T12:26:06.181+0500] {logging_mixin.py:188} INFO - [2026-03-29T12:26:06.180+0500] {dagbag.py:545} INFO - Filling up the DagBag from /home/abayturar/airflow-project/venv/lib/python3.12/site-packages/airflow/example_dags/example_params_trigger_ui.py
[2026-03-29T12:26:06.202+0500] {processor.py:840} INFO - DAG(s) 'example_params_trigger_ui' retrieved from /home/abayturar/airflow-project/venv/lib/python3.12/site-packages/airflow/example_dags/example_params_trigger_ui.py
[2026-03-29T12:26:06.237+0500] {logging_mixin.py:188} INFO - [2026-03-29T12:26:06.237+0500] {dag.py:3089} INFO - Sync 1 DAGs
[2026-03-29T12:26:06.247+0500] {logging_mixin.py:188} INFO - [2026-03-29T12:26:06.247+0500] {dag.py:3947} INFO - Setting next_dagrun for example_params_trigger_ui to None, run_after=None
[2026-03-29T12:26:06.304+0500] {processor.py:183} INFO - Processing /home/abayturar/airflow-project/venv/lib/python3.12/site-packages/airflow/example_dags/example_params_trigger_ui.py took 0.138 seconds
[2026-03-29T12:26:54.595+0500] {processor.py:161} INFO - Started process (PID=4097) to work on /home/abayturar/airflow-project/venv/lib/python3.12/site-packages/airflow/example_dags/example_params_trigger_ui.py
[2026-03-29T12:26:54.596+0500] {processor.py:830} INFO - Processing file /home/abayturar/airflow-project/venv/lib/python3.12/site-packages/airflow/example_dags/example_params_trigger_ui.py for tasks to queue
[2026-03-29T12:26:54.598+0500] {logging_mixin.py:188} INFO - [2026-03-29T12:26:54.598+0500] {dagbag.py:545} INFO - Filling up the DagBag from /home/abayturar/airflow-project/venv/lib/python3.12/site-packages/airflow/example_dags/example_params_trigger_ui.py
[2026-03-29T12:26:54.608+0500] {processor.py:840} INFO - DAG(s) 'example_params_trigger_ui' retrieved from /home/abayturar/airflow-project/venv/lib/python3.12/site-packages/airflow/example_dags/example_params_trigger_ui.py
[2026-03-29T12:26:54.642+0500] {logging_mixin.py:188} INFO - [2026-03-29T12:26:54.642+0500] {dag.py:3089} INFO - Sync 1 DAGs
[2026-03-29T12:26:54.655+0500] {logging_mixin.py:188} INFO - [2026-03-29T12:26:54.654+0500] {dag.py:3947} INFO - Setting next_dagrun for example_params_trigger_ui to None, run_after=None
[2026-03-29T12:26:54.680+0500] {processor.py:183} INFO - Processing /home/abayturar/airflow-project/venv/lib/python3.12/site-packages/airflow/example_dags/example_params_trigger_ui.py took 0.093 seconds
[2026-03-29T12:27:43.746+0500] {processor.py:161} INFO - Started process (PID=4363) to work on /home/abayturar/airflow-project/venv/lib/python3.12/site-packages/airflow/example_dags/example_params_trigger_ui.py
[2026-03-29T12:27:43.747+0500] {processor.py:830} INFO - Processing file /home/abayturar/airflow-project/venv/lib/python3.12/site-packages/airflow/example_dags/example_params_trigger_ui.py for tasks to queue
[2026-03-29T12:27:43.749+0500] {logging_mixin.py:188} INFO - [2026-03-29T12:27:43.749+0500] {dagbag.py:545} INFO - Filling up the DagBag from /home/abayturar/airflow-project/venv/lib/python3.12/site-packages/airflow/example_dags/example_params_trigger_ui.py
[2026-03-29T12:27:43.762+0500] {processor.py:840} INFO - DAG(s) 'example_params_trigger_ui' retrieved from /home/abayturar/airflow-project/venv/lib/python3.12/site-packages/airflow/example_dags/example_params_trigger_ui.py
[2026-03-29T12:27:43.806+0500] {logging_mixin.py:188} INFO - [2026-03-29T12:27:43.806+0500] {dag.py:3089} INFO - Sync 1 DAGs
[2026-03-29T12:27:43.822+0500] {logging_mixin.py:188} INFO - [2026-03-29T12:27:43.822+0500] {dag.py:3947} INFO - Setting next_dagrun for example_params_trigger_ui to None, run_after=None
[2026-03-29T12:27:43.844+0500] {processor.py:183} INFO - Processing /home/abayturar/airflow-project/venv/lib/python3.12/site-packages/airflow/example_dags/example_params_trigger_ui.py took 0.105 seconds
[2026-03-29T12:28:32.819+0500] {processor.py:161} INFO - Started process (PID=4541) to work on /home/abayturar/airflow-project/venv/lib/python3.12/site-packages/airflow/example_dags/example_params_trigger_ui.py
[2026-03-29T12:28:32.820+0500] {processor.py:830} INFO - Processing file /home/abayturar/airflow-project/venv/lib/python3.12/site-packages/airflow/example_dags/example_params_trigger_ui.py for tasks to queue
[2026-03-29T12:28:32.822+0500] {logging_mixin.py:188} INFO - [2026-03-29T12:28:32.822+0500] {dagbag.py:545} INFO - Filling up the DagBag from /home/abayturar/airflow-project/venv/lib/python3.12/site-packages/airflow/example_dags/example_params_trigger_ui.py
[2026-03-29T12:28:32.832+0500] {processor.py:840} INFO - DAG(s) 'example_params_trigger_ui' retrieved from /home/abayturar/airflow-project/venv/lib/python3.12/site-packages/airflow/example_dags/example_params_trigger_ui.py
[2026-03-29T12:28:32.866+0500] {logging_mixin.py:188} INFO - [2026-03-29T12:28:32.866+0500] {dag.py:3089} INFO - Sync 1 DAGs
[2026-03-29T12:28:32.876+0500] {logging_mixin.py:188} INFO - [2026-03-29T12:28:32.876+0500] {dag.py:3947} INFO - Setting next_dagrun for example_params_trigger_ui to None, run_after=None
[2026-03-29T12:28:32.894+0500] {processor.py:183} INFO - Processing /home/abayturar/airflow-project/venv/lib/python3.12/site-packages/airflow/example_dags/example_params_trigger_ui.py took 0.081 seconds
[2026-03-29T12:29:19.228+0500] {processor.py:161} INFO - Started process (PID=4665) to work on /home/abayturar/airflow-project/venv/lib/python3.12/site-packages/airflow/example_dags/example_params_trigger_ui.py
[2026-03-29T12:29:19.230+0500] {processor.py:830} INFO - Processing file /home/abayturar/airflow-project/venv/lib/python3.12/site-packages/airflow/example_dags/example_params_trigger_ui.py for tasks to queue
[2026-03-29T12:29:19.231+0500] {logging_mixin.py:188} INFO - [2026-03-29T12:29:19.231+0500] {dagbag.py:545} INFO - Filling up the DagBag from /home/abayturar/airflow-project/venv/lib/python3.12/site-packages/airflow/example_dags/example_params_trigger_ui.py
[2026-03-29T12:29:19.244+0500] {processor.py:840} INFO - DAG(s) 'example_params_trigger_ui' retrieved from /home/abayturar/airflow-project/venv/lib/python3.12/site-packages/airflow/example_dags/example_params_trigger_ui.py
[2026-03-29T12:29:19.279+0500] {logging_mixin.py:188} INFO - [2026-03-29T12:29:19.278+0500] {dag.py:3089} INFO - Sync 1 DAGs
[2026-03-29T12:29:19.289+0500] {logging_mixin.py:188} INFO - [2026-03-29T12:29:19.289+0500] {dag.py:3947} INFO - Setting next_dagrun for example_params_trigger_ui to None, run_after=None
[2026-03-29T12:29:19.308+0500] {processor.py:183} INFO - Processing /home/abayturar/airflow-project/venv/lib/python3.12/site-packages/airflow/example_dags/example_params_trigger_ui.py took 0.087 seconds
[2026-03-29T12:30:08.730+0500] {processor.py:161} INFO - Started process (PID=4954) to work on /home/abayturar/airflow-project/venv/lib/python3.12/site-packages/airflow/example_dags/example_params_trigger_ui.py
[2026-03-29T12:30:08.731+0500] {processor.py:830} INFO - Processing file /home/abayturar/airflow-project/venv/lib/python3.12/site-packages/airflow/example_dags/example_params_trigger_ui.py for tasks to queue
[2026-03-29T12:30:08.733+0500] {logging_mixin.py:188} INFO - [2026-03-29T12:30:08.733+0500] {dagbag.py:545} INFO - Filling up the DagBag from /home/abayturar/airflow-project/venv/lib/python3.12/site-packages/airflow/example_dags/example_params_trigger_ui.py
[2026-03-29T12:30:08.742+0500] {processor.py:840} INFO - DAG(s) 'example_params_trigger_ui' retrieved from /home/abayturar/airflow-project/venv/lib/python3.12/site-packages/airflow/example_dags/example_params_trigger_ui.py
[2026-03-29T12:30:08.772+0500] {logging_mixin.py:188} INFO - [2026-03-29T12:30:08.772+0500] {dag.py:3089} INFO - Sync 1 DAGs
[2026-03-29T12:30:08.782+0500] {logging_mixin.py:188} INFO - [2026-03-29T12:30:08.781+0500] {dag.py:3947} INFO - Setting next_dagrun for example_params_trigger_ui to None, run_after=None
[2026-03-29T12:30:08.798+0500] {processor.py:183} INFO - Processing /home/abayturar/airflow-project/venv/lib/python3.12/site-packages/airflow/example_dags/example_params_trigger_ui.py took 0.074 seconds
[2026-03-29T12:30:59.899+0500] {processor.py:161} INFO - Started process (PID=5175) to work on /home/abayturar/airflow-project/venv/lib/python3.12/site-packages/airflow/example_dags/example_params_trigger_ui.py
[2026-03-29T12:30:59.900+0500] {processor.py:830} INFO - Processing file /home/abayturar/airflow-project/venv/lib/python3.12/site-packages/airflow/example_dags/example_params_trigger_ui.py for tasks to queue
[2026-03-29T12:30:59.902+0500] {logging_mixin.py:188} INFO - [2026-03-29T12:30:59.901+0500] {dagbag.py:545} INFO - Filling up the DagBag from /home/abayturar/airflow-project/venv/lib/python3.12/site-packages/airflow/example_dags/example_params_trigger_ui.py
[2026-03-29T12:30:59.910+0500] {processor.py:840} INFO - DAG(s) 'example_params_trigger_ui' retrieved from /home/abayturar/airflow-project/venv/lib/python3.12/site-packages/airflow/example_dags/example_params_trigger_ui.py
[2026-03-29T12:30:59.937+0500] {logging_mixin.py:188} INFO - [2026-03-29T12:30:59.937+0500] {dag.py:3089} INFO - Sync 1 DAGs
[2026-03-29T12:30:59.945+0500] {logging_mixin.py:188} INFO - [2026-03-29T12:30:59.945+0500] {dag.py:3947} INFO - Setting next_dagrun for example_params_trigger_ui to None, run_after=None
[2026-03-29T12:31:00.000+0500] {processor.py:183} INFO - Processing /home/abayturar/airflow-project/venv/lib/python3.12/site-packages/airflow/example_dags/example_params_trigger_ui.py took 0.107 seconds
[2026-03-29T12:31:46.921+0500] {processor.py:161} INFO - Started process (PID=5474) to work on /home/abayturar/airflow-project/venv/lib/python3.12/site-packages/airflow/example_dags/example_params_trigger_ui.py
[2026-03-29T12:31:46.922+0500] {processor.py:830} INFO - Processing file /home/abayturar/airflow-project/venv/lib/python3.12/site-packages/airflow/example_dags/example_params_trigger_ui.py for tasks to queue
[2026-03-29T12:31:46.924+0500] {logging_mixin.py:188} INFO - [2026-03-29T12:31:46.923+0500] {dagbag.py:545} INFO - Filling up the DagBag from /home/abayturar/airflow-project/venv/lib/python3.12/site-packages/airflow/example_dags/example_params_trigger_ui.py
[2026-03-29T12:31:46.933+0500] {processor.py:840} INFO - DAG(s) 'example_params_trigger_ui' retrieved from /home/abayturar/airflow-project/venv/lib/python3.12/site-packages/airflow/example_dags/example_params_trigger_ui.py
[2026-03-29T12:31:46.964+0500] {logging_mixin.py:188} INFO - [2026-03-29T12:31:46.963+0500] {dag.py:3089} INFO - Sync 1 DAGs
[2026-03-29T12:31:46.973+0500] {logging_mixin.py:188} INFO - [2026-03-29T12:31:46.973+0500] {dag.py:3947} INFO - Setting next_dagrun for example_params_trigger_ui to None, run_after=None
[2026-03-29T12:31:46.989+0500] {processor.py:183} INFO - Processing /home/abayturar/airflow-project/venv/lib/python3.12/site-packages/airflow/example_dags/example_params_trigger_ui.py took 0.075 seconds
[2026-03-29T12:32:34.750+0500] {processor.py:161} INFO - Started process (PID=6028) to work on /home/abayturar/airflow-project/venv/lib/python3.12/site-packages/airflow/example_dags/example_params_trigger_ui.py
[2026-03-29T12:32:34.751+0500] {processor.py:830} INFO - Processing file /home/abayturar/airflow-project/venv/lib/python3.12/site-packages/airflow/example_dags/example_params_trigger_ui.py for tasks to queue
[2026-03-29T12:32:34.753+0500] {logging_mixin.py:188} INFO - [2026-03-29T12:32:34.752+0500] {dagbag.py:545} INFO - Filling up the DagBag from /home/abayturar/airflow-project/venv/lib/python3.12/site-packages/airflow/example_dags/example_params_trigger_ui.py
[2026-03-29T12:32:34.763+0500] {processor.py:840} INFO - DAG(s) 'example_params_trigger_ui' retrieved from /home/abayturar/airflow-project/venv/lib/python3.12/site-packages/airflow/example_dags/example_params_trigger_ui.py
[2026-03-29T12:32:34.798+0500] {logging_mixin.py:188} INFO - [2026-03-29T12:32:34.798+0500] {dag.py:3089} INFO - Sync 1 DAGs
[2026-03-29T12:32:34.812+0500] {logging_mixin.py:188} INFO - [2026-03-29T12:32:34.812+0500] {dag.py:3947} INFO - Setting next_dagrun for example_params_trigger_ui to None, run_after=None
[2026-03-29T12:32:34.832+0500] {processor.py:183} INFO - Processing /home/abayturar/airflow-project/venv/lib/python3.12/site-packages/airflow/example_dags/example_params_trigger_ui.py took 0.090 seconds
[2026-03-29T12:33:24.269+0500] {processor.py:161} INFO - Started process (PID=6158) to work on /home/abayturar/airflow-project/venv/lib/python3.12/site-packages/airflow/example_dags/example_params_trigger_ui.py
[2026-03-29T12:33:24.270+0500] {processor.py:830} INFO - Processing file /home/abayturar/airflow-project/venv/lib/python3.12/site-packages/airflow/example_dags/example_params_trigger_ui.py for tasks to queue
[2026-03-29T12:33:24.271+0500] {logging_mixin.py:188} INFO - [2026-03-29T12:33:24.271+0500] {dagbag.py:545} INFO - Filling up the DagBag from /home/abayturar/airflow-project/venv/lib/python3.12/site-packages/airflow/example_dags/example_params_trigger_ui.py
[2026-03-29T12:33:24.282+0500] {processor.py:840} INFO - DAG(s) 'example_params_trigger_ui' retrieved from /home/abayturar/airflow-project/venv/lib/python3.12/site-packages/airflow/example_dags/example_params_trigger_ui.py
[2026-03-29T12:33:24.315+0500] {logging_mixin.py:188} INFO - [2026-03-29T12:33:24.315+0500] {dag.py:3089} INFO - Sync 1 DAGs
[2026-03-29T12:33:24.325+0500] {logging_mixin.py:188} INFO - [2026-03-29T12:33:24.325+0500] {dag.py:3947} INFO - Setting next_dagrun for example_params_trigger_ui to None, run_after=None
[2026-03-29T12:33:24.387+0500] {processor.py:183} INFO - Processing /home/abayturar/airflow-project/venv/lib/python3.12/site-packages/airflow/example_dags/example_params_trigger_ui.py took 0.125 seconds
[2026-03-29T12:34:12.268+0500] {processor.py:161} INFO - Started process (PID=6297) to work on /home/abayturar/airflow-project/venv/lib/python3.12/site-packages/airflow/example_dags/example_params_trigger_ui.py
[2026-03-29T12:34:12.269+0500] {processor.py:830} INFO - Processing file /home/abayturar/airflow-project/venv/lib/python3.12/site-packages/airflow/example_dags/example_params_trigger_ui.py for tasks to queue
[2026-03-29T12:34:12.271+0500] {logging_mixin.py:188} INFO - [2026-03-29T12:34:12.271+0500] {dagbag.py:545} INFO - Filling up the DagBag from /home/abayturar/airflow-project/venv/lib/python3.12/site-packages/airflow/example_dags/example_params_trigger_ui.py
[2026-03-29T12:34:12.281+0500] {processor.py:840} INFO - DAG(s) 'example_params_trigger_ui' retrieved from /home/abayturar/airflow-project/venv/lib/python3.12/site-packages/airflow/example_dags/example_params_trigger_ui.py
[2026-03-29T12:34:12.309+0500] {logging_mixin.py:188} INFO - [2026-03-29T12:34:12.309+0500] {dag.py:3089} INFO - Sync 1 DAGs
[2026-03-29T12:34:12.320+0500] {logging_mixin.py:188} INFO - [2026-03-29T12:34:12.319+0500] {dag.py:3947} INFO - Setting next_dagrun for example_params_trigger_ui to None, run_after=None
[2026-03-29T12:34:12.337+0500] {processor.py:183} INFO - Processing /home/abayturar/airflow-project/venv/lib/python3.12/site-packages/airflow/example_dags/example_params_trigger_ui.py took 0.076 seconds
[2026-03-29T12:35:00.995+0500] {processor.py:161} INFO - Started process (PID=6426) to work on /home/abayturar/airflow-project/venv/lib/python3.12/site-packages/airflow/example_dags/example_params_trigger_ui.py
[2026-03-29T12:35:00.996+0500] {processor.py:830} INFO - Processing file /home/abayturar/airflow-project/venv/lib/python3.12/site-packages/airflow/example_dags/example_params_trigger_ui.py for tasks to queue
[2026-03-29T12:35:00.998+0500] {logging_mixin.py:188} INFO - [2026-03-29T12:35:00.997+0500] {dagbag.py:545} INFO - Filling up the DagBag from /home/abayturar/airflow-project/venv/lib/python3.12/site-packages/airflow/example_dags/example_params_trigger_ui.py
[2026-03-29T12:35:01.008+0500] {processor.py:840} INFO - DAG(s) 'example_params_trigger_ui' retrieved from /home/abayturar/airflow-project/venv/lib/python3.12/site-packages/airflow/example_dags/example_params_trigger_ui.py
[2026-03-29T12:35:01.034+0500] {logging_mixin.py:188} INFO - [2026-03-29T12:35:01.034+0500] {dag.py:3089} INFO - Sync 1 DAGs
[2026-03-29T12:35:01.043+0500] {logging_mixin.py:188} INFO - [2026-03-29T12:35:01.043+0500] {dag.py:3947} INFO - Setting next_dagrun for example_params_trigger_ui to None, run_after=None
[2026-03-29T12:35:01.096+0500] {processor.py:183} INFO - Processing /home/abayturar/airflow-project/venv/lib/python3.12/site-packages/airflow/example_dags/example_params_trigger_ui.py took 0.107 seconds
[2026-03-29T12:35:49.582+0500] {processor.py:161} INFO - Started process (PID=6557) to work on /home/abayturar/airflow-project/venv/lib/python3.12/site-packages/airflow/example_dags/example_params_trigger_ui.py
[2026-03-29T12:35:49.583+0500] {processor.py:830} INFO - Processing file /home/abayturar/airflow-project/venv/lib/python3.12/site-packages/airflow/example_dags/example_params_trigger_ui.py for tasks to queue
[2026-03-29T12:35:49.585+0500] {logging_mixin.py:188} INFO - [2026-03-29T12:35:49.585+0500] {dagbag.py:545} INFO - Filling up the DagBag from /home/abayturar/airflow-project/venv/lib/python3.12/site-packages/airflow/example_dags/example_params_trigger_ui.py
[2026-03-29T12:35:49.593+0500] {processor.py:840} INFO - DAG(s) 'example_params_trigger_ui' retrieved from /home/abayturar/airflow-project/venv/lib/python3.12/site-packages/airflow/example_dags/example_params_trigger_ui.py
[2026-03-29T12:35:49.620+0500] {logging_mixin.py:188} INFO - [2026-03-29T12:35:49.620+0500] {dag.py:3089} INFO - Sync 1 DAGs
[2026-03-29T12:35:49.628+0500] {logging_mixin.py:188} INFO - [2026-03-29T12:35:49.628+0500] {dag.py:3947} INFO - Setting next_dagrun for example_params_trigger_ui to None, run_after=None
[2026-03-29T12:35:49.684+0500] {processor.py:183} INFO - Processing /home/abayturar/airflow-project/venv/lib/python3.12/site-packages/airflow/example_dags/example_params_trigger_ui.py took 0.108 seconds
[2026-03-29T12:36:39.846+0500] {processor.py:161} INFO - Started process (PID=6686) to work on /home/abayturar/airflow-project/venv/lib/python3.12/site-packages/airflow/example_dags/example_params_trigger_ui.py
[2026-03-29T12:36:39.847+0500] {processor.py:830} INFO - Processing file /home/abayturar/airflow-project/venv/lib/python3.12/site-packages/airflow/example_dags/example_params_trigger_ui.py for tasks to queue
[2026-03-29T12:36:39.848+0500] {logging_mixin.py:188} INFO - [2026-03-29T12:36:39.848+0500] {dagbag.py:545} INFO - Filling up the DagBag from /home/abayturar/airflow-project/venv/lib/python3.12/site-packages/airflow/example_dags/example_params_trigger_ui.py
[2026-03-29T12:36:39.858+0500] {processor.py:840} INFO - DAG(s) 'example_params_trigger_ui' retrieved from /home/abayturar/airflow-project/venv/lib/python3.12/site-packages/airflow/example_dags/example_params_trigger_ui.py
[2026-03-29T12:36:39.889+0500] {logging_mixin.py:188} INFO - [2026-03-29T12:36:39.888+0500] {dag.py:3089} INFO - Sync 1 DAGs
[2026-03-29T12:36:39.898+0500] {logging_mixin.py:188} INFO - [2026-03-29T12:36:39.898+0500] {dag.py:3947} INFO - Setting next_dagrun for example_params_trigger_ui to None, run_after=None
[2026-03-29T12:36:39.917+0500] {processor.py:183} INFO - Processing /home/abayturar/airflow-project/venv/lib/python3.12/site-packages/airflow/example_dags/example_params_trigger_ui.py took 0.078 seconds
[2026-03-29T12:37:29.569+0500] {processor.py:161} INFO - Started process (PID=6818) to work on /home/abayturar/airflow-project/venv/lib/python3.12/site-packages/airflow/example_dags/example_params_trigger_ui.py
[2026-03-29T12:37:29.569+0500] {processor.py:830} INFO - Processing file /home/abayturar/airflow-project/venv/lib/python3.12/site-packages/airflow/example_dags/example_params_trigger_ui.py for tasks to queue
[2026-03-29T12:37:29.571+0500] {logging_mixin.py:188} INFO - [2026-03-29T12:37:29.571+0500] {dagbag.py:545} INFO - Filling up the DagBag from /home/abayturar/airflow-project/venv/lib/python3.12/site-packages/airflow/example_dags/example_params_trigger_ui.py
[2026-03-29T12:37:29.580+0500] {processor.py:840} INFO - DAG(s) 'example_params_trigger_ui' retrieved from /home/abayturar/airflow-project/venv/lib/python3.12/site-packages/airflow/example_dags/example_params_trigger_ui.py
[2026-03-29T12:37:29.610+0500] {logging_mixin.py:188} INFO - [2026-03-29T12:37:29.610+0500] {dag.py:3089} INFO - Sync 1 DAGs
[2026-03-29T12:37:29.619+0500] {logging_mixin.py:188} INFO - [2026-03-29T12:37:29.619+0500] {dag.py:3947} INFO - Setting next_dagrun for example_params_trigger_ui to None, run_after=None
[2026-03-29T12:37:29.673+0500] {processor.py:183} INFO - Processing /home/abayturar/airflow-project/venv/lib/python3.12/site-packages/airflow/example_dags/example_params_trigger_ui.py took 0.111 seconds
[2026-03-29T12:38:19.692+0500] {processor.py:161} INFO - Started process (PID=6949) to work on /home/abayturar/airflow-project/venv/lib/python3.12/site-packages/airflow/example_dags/example_params_trigger_ui.py
[2026-03-29T12:38:19.693+0500] {processor.py:830} INFO - Processing file /home/abayturar/airflow-project/venv/lib/python3.12/site-packages/airflow/example_dags/example_params_trigger_ui.py for tasks to queue
[2026-03-29T12:38:19.694+0500] {logging_mixin.py:188} INFO - [2026-03-29T12:38:19.694+0500] {dagbag.py:545} INFO - Filling up the DagBag from /home/abayturar/airflow-project/venv/lib/python3.12/site-packages/airflow/example_dags/example_params_trigger_ui.py
[2026-03-29T12:38:19.703+0500] {processor.py:840} INFO - DAG(s) 'example_params_trigger_ui' retrieved from /home/abayturar/airflow-project/venv/lib/python3.12/site-packages/airflow/example_dags/example_params_trigger_ui.py
[2026-03-29T12:38:19.731+0500] {logging_mixin.py:188} INFO - [2026-03-29T12:38:19.731+0500] {dag.py:3089} INFO - Sync 1 DAGs
[2026-03-29T12:38:19.741+0500] {logging_mixin.py:188} INFO - [2026-03-29T12:38:19.741+0500] {dag.py:3947} INFO - Setting next_dagrun for example_params_trigger_ui to None, run_after=None
[2026-03-29T12:38:19.796+0500] {processor.py:183} INFO - Processing /home/abayturar/airflow-project/venv/lib/python3.12/site-packages/airflow/example_dags/example_params_trigger_ui.py took 0.111 seconds
[2026-03-29T12:39:11.694+0500] {processor.py:161} INFO - Started process (PID=7086) to work on /home/abayturar/airflow-project/venv/lib/python3.12/site-packages/airflow/example_dags/example_params_trigger_ui.py
[2026-03-29T12:39:11.695+0500] {processor.py:830} INFO - Processing file /home/abayturar/airflow-project/venv/lib/python3.12/site-packages/airflow/example_dags/example_params_trigger_ui.py for tasks to queue
[2026-03-29T12:39:11.696+0500] {logging_mixin.py:188} INFO - [2026-03-29T12:39:11.696+0500] {dagbag.py:545} INFO - Filling up the DagBag from /home/abayturar/airflow-project/venv/lib/python3.12/site-packages/airflow/example_dags/example_params_trigger_ui.py
[2026-03-29T12:39:11.705+0500] {processor.py:840} INFO - DAG(s) 'example_params_trigger_ui' retrieved from /home/abayturar/airflow-project/venv/lib/python3.12/site-packages/airflow/example_dags/example_params_trigger_ui.py
[2026-03-29T12:39:11.734+0500] {logging_mixin.py:188} INFO - [2026-03-29T12:39:11.734+0500] {dag.py:3089} INFO - Sync 1 DAGs
[2026-03-29T12:39:11.743+0500] {logging_mixin.py:188} INFO - [2026-03-29T12:39:11.742+0500] {dag.py:3947} INFO - Setting next_dagrun for example_params_trigger_ui to None, run_after=None
[2026-03-29T12:39:11.797+0500] {processor.py:183} INFO - Processing /home/abayturar/airflow-project/venv/lib/python3.12/site-packages/airflow/example_dags/example_params_trigger_ui.py took 0.109 seconds
[2026-03-29T12:40:03.604+0500] {processor.py:161} INFO - Started process (PID=7249) to work on /home/abayturar/airflow-project/venv/lib/python3.12/site-packages/airflow/example_dags/example_params_trigger_ui.py
[2026-03-29T12:40:03.605+0500] {processor.py:830} INFO - Processing file /home/abayturar/airflow-project/venv/lib/python3.12/site-packages/airflow/example_dags/example_params_trigger_ui.py for tasks to queue
[2026-03-29T12:40:03.606+0500] {logging_mixin.py:188} INFO - [2026-03-29T12:40:03.606+0500] {dagbag.py:545} INFO - Filling up the DagBag from /home/abayturar/airflow-project/venv/lib/python3.12/site-packages/airflow/example_dags/example_params_trigger_ui.py
[2026-03-29T12:40:03.615+0500] {processor.py:840} INFO - DAG(s) 'example_params_trigger_ui' retrieved from /home/abayturar/airflow-project/venv/lib/python3.12/site-packages/airflow/example_dags/example_params_trigger_ui.py
[2026-03-29T12:40:03.645+0500] {logging_mixin.py:188} INFO - [2026-03-29T12:40:03.645+0500] {dag.py:3089} INFO - Sync 1 DAGs
[2026-03-29T12:40:03.654+0500] {logging_mixin.py:188} INFO - [2026-03-29T12:40:03.654+0500] {dag.py:3947} INFO - Setting next_dagrun for example_params_trigger_ui to None, run_after=None
[2026-03-29T12:40:03.708+0500] {processor.py:183} INFO - Processing /home/abayturar/airflow-project/venv/lib/python3.12/site-packages/airflow/example_dags/example_params_trigger_ui.py took 0.110 seconds
[2026-03-29T12:40:53.132+0500] {processor.py:161} INFO - Started process (PID=7380) to work on /home/abayturar/airflow-project/venv/lib/python3.12/site-packages/airflow/example_dags/example_params_trigger_ui.py
[2026-03-29T12:40:53.133+0500] {processor.py:830} INFO - Processing file /home/abayturar/airflow-project/venv/lib/python3.12/site-packages/airflow/example_dags/example_params_trigger_ui.py for tasks to queue
[2026-03-29T12:40:53.134+0500] {logging_mixin.py:188} INFO - [2026-03-29T12:40:53.134+0500] {dagbag.py:545} INFO - Filling up the DagBag from /home/abayturar/airflow-project/venv/lib/python3.12/site-packages/airflow/example_dags/example_params_trigger_ui.py
[2026-03-29T12:40:53.144+0500] {processor.py:840} INFO - DAG(s) 'example_params_trigger_ui' retrieved from /home/abayturar/airflow-project/venv/lib/python3.12/site-packages/airflow/example_dags/example_params_trigger_ui.py
[2026-03-29T12:40:53.173+0500] {logging_mixin.py:188} INFO - [2026-03-29T12:40:53.172+0500] {dag.py:3089} INFO - Sync 1 DAGs
[2026-03-29T12:40:53.181+0500] {logging_mixin.py:188} INFO - [2026-03-29T12:40:53.181+0500] {dag.py:3947} INFO - Setting next_dagrun for example_params_trigger_ui to None, run_after=None
[2026-03-29T12:40:53.234+0500] {processor.py:183} INFO - Processing /home/abayturar/airflow-project/venv/lib/python3.12/site-packages/airflow/example_dags/example_params_trigger_ui.py took 0.109 seconds
[2026-03-29T12:41:45.158+0500] {processor.py:161} INFO - Started process (PID=7539) to work on /home/abayturar/airflow-project/venv/lib/python3.12/site-packages/airflow/example_dags/example_params_trigger_ui.py
[2026-03-29T12:41:45.159+0500] {processor.py:830} INFO - Processing file /home/abayturar/airflow-project/venv/lib/python3.12/site-packages/airflow/example_dags/example_params_trigger_ui.py for tasks to queue
[2026-03-29T12:41:45.161+0500] {logging_mixin.py:188} INFO - [2026-03-29T12:41:45.161+0500] {dagbag.py:545} INFO - Filling up the DagBag from /home/abayturar/airflow-project/venv/lib/python3.12/site-packages/airflow/example_dags/example_params_trigger_ui.py
[2026-03-29T12:41:45.169+0500] {processor.py:840} INFO - DAG(s) 'example_params_trigger_ui' retrieved from /home/abayturar/airflow-project/venv/lib/python3.12/site-packages/airflow/example_dags/example_params_trigger_ui.py
[2026-03-29T12:41:45.202+0500] {logging_mixin.py:188} INFO - [2026-03-29T12:41:45.202+0500] {dag.py:3089} INFO - Sync 1 DAGs
[2026-03-29T12:41:45.213+0500] {logging_mixin.py:188} INFO - [2026-03-29T12:41:45.213+0500] {dag.py:3947} INFO - Setting next_dagrun for example_params_trigger_ui to None, run_after=None
[2026-03-29T12:41:45.236+0500] {processor.py:183} INFO - Processing /home/abayturar/airflow-project/venv/lib/python3.12/site-packages/airflow/example_dags/example_params_trigger_ui.py took 0.084 seconds
[2026-03-29T12:42:36.709+0500] {processor.py:161} INFO - Started process (PID=7674) to work on /home/abayturar/airflow-project/venv/lib/python3.12/site-packages/airflow/example_dags/example_params_trigger_ui.py
[2026-03-29T12:42:36.710+0500] {processor.py:830} INFO - Processing file /home/abayturar/airflow-project/venv/lib/python3.12/site-packages/airflow/example_dags/example_params_trigger_ui.py for tasks to queue
[2026-03-29T12:42:36.712+0500] {logging_mixin.py:188} INFO - [2026-03-29T12:42:36.711+0500] {dagbag.py:545} INFO - Filling up the DagBag from /home/abayturar/airflow-project/venv/lib/python3.12/site-packages/airflow/example_dags/example_params_trigger_ui.py
[2026-03-29T12:42:36.721+0500] {processor.py:840} INFO - DAG(s) 'example_params_trigger_ui' retrieved from /home/abayturar/airflow-project/venv/lib/python3.12/site-packages/airflow/example_dags/example_params_trigger_ui.py
[2026-03-29T12:42:36.751+0500] {logging_mixin.py:188} INFO - [2026-03-29T12:42:36.751+0500] {dag.py:3089} INFO - Sync 1 DAGs
[2026-03-29T12:42:36.763+0500] {logging_mixin.py:188} INFO - [2026-03-29T12:42:36.763+0500] {dag.py:3947} INFO - Setting next_dagrun for example_params_trigger_ui to None, run_after=None
[2026-03-29T12:42:36.820+0500] {processor.py:183} INFO - Processing /home/abayturar/airflow-project/venv/lib/python3.12/site-packages/airflow/example_dags/example_params_trigger_ui.py took 0.118 seconds
[2026-03-29T12:43:30.115+0500] {processor.py:161} INFO - Started process (PID=7812) to work on /home/abayturar/airflow-project/venv/lib/python3.12/site-packages/airflow/example_dags/example_params_trigger_ui.py
[2026-03-29T12:43:30.116+0500] {processor.py:830} INFO - Processing file /home/abayturar/airflow-project/venv/lib/python3.12/site-packages/airflow/example_dags/example_params_trigger_ui.py for tasks to queue
[2026-03-29T12:43:30.117+0500] {logging_mixin.py:188} INFO - [2026-03-29T12:43:30.117+0500] {dagbag.py:545} INFO - Filling up the DagBag from /home/abayturar/airflow-project/venv/lib/python3.12/site-packages/airflow/example_dags/example_params_trigger_ui.py
[2026-03-29T12:43:30.127+0500] {processor.py:840} INFO - DAG(s) 'example_params_trigger_ui' retrieved from /home/abayturar/airflow-project/venv/lib/python3.12/site-packages/airflow/example_dags/example_params_trigger_ui.py
[2026-03-29T12:43:30.158+0500] {logging_mixin.py:188} INFO - [2026-03-29T12:43:30.158+0500] {dag.py:3089} INFO - Sync 1 DAGs
[2026-03-29T12:43:30.169+0500] {logging_mixin.py:188} INFO - [2026-03-29T12:43:30.169+0500] {dag.py:3947} INFO - Setting next_dagrun for example_params_trigger_ui to None, run_after=None
[2026-03-29T12:43:30.186+0500] {processor.py:183} INFO - Processing /home/abayturar/airflow-project/venv/lib/python3.12/site-packages/airflow/example_dags/example_params_trigger_ui.py took 0.078 seconds
[2026-03-29T12:44:22.378+0500] {processor.py:161} INFO - Started process (PID=8082) to work on /home/abayturar/airflow-project/venv/lib/python3.12/site-packages/airflow/example_dags/example_params_trigger_ui.py
[2026-03-29T12:44:22.379+0500] {processor.py:830} INFO - Processing file /home/abayturar/airflow-project/venv/lib/python3.12/site-packages/airflow/example_dags/example_params_trigger_ui.py for tasks to queue
[2026-03-29T12:44:22.381+0500] {logging_mixin.py:188} INFO - [2026-03-29T12:44:22.381+0500] {dagbag.py:545} INFO - Filling up the DagBag from /home/abayturar/airflow-project/venv/lib/python3.12/site-packages/airflow/example_dags/example_params_trigger_ui.py
[2026-03-29T12:44:22.390+0500] {processor.py:840} INFO - DAG(s) 'example_params_trigger_ui' retrieved from /home/abayturar/airflow-project/venv/lib/python3.12/site-packages/airflow/example_dags/example_params_trigger_ui.py
[2026-03-29T12:44:22.418+0500] {logging_mixin.py:188} INFO - [2026-03-29T12:44:22.417+0500] {dag.py:3089} INFO - Sync 1 DAGs
[2026-03-29T12:44:22.427+0500] {logging_mixin.py:188} INFO - [2026-03-29T12:44:22.427+0500] {dag.py:3947} INFO - Setting next_dagrun for example_params_trigger_ui to None, run_after=None
[2026-03-29T12:44:22.484+0500] {processor.py:183} INFO - Processing /home/abayturar/airflow-project/venv/lib/python3.12/site-packages/airflow/example_dags/example_params_trigger_ui.py took 0.112 seconds
[2026-03-29T12:45:15.733+0500] {processor.py:161} INFO - Started process (PID=8467) to work on /home/abayturar/airflow-project/venv/lib/python3.12/site-packages/airflow/example_dags/example_params_trigger_ui.py
[2026-03-29T12:45:15.734+0500] {processor.py:830} INFO - Processing file /home/abayturar/airflow-project/venv/lib/python3.12/site-packages/airflow/example_dags/example_params_trigger_ui.py for tasks to queue
[2026-03-29T12:45:15.736+0500] {logging_mixin.py:188} INFO - [2026-03-29T12:45:15.735+0500] {dagbag.py:545} INFO - Filling up the DagBag from /home/abayturar/airflow-project/venv/lib/python3.12/site-packages/airflow/example_dags/example_params_trigger_ui.py
[2026-03-29T12:45:15.744+0500] {processor.py:840} INFO - DAG(s) 'example_params_trigger_ui' retrieved from /home/abayturar/airflow-project/venv/lib/python3.12/site-packages/airflow/example_dags/example_params_trigger_ui.py
[2026-03-29T12:45:15.773+0500] {logging_mixin.py:188} INFO - [2026-03-29T12:45:15.773+0500] {dag.py:3089} INFO - Sync 1 DAGs
[2026-03-29T12:45:15.782+0500] {logging_mixin.py:188} INFO - [2026-03-29T12:45:15.782+0500] {dag.py:3947} INFO - Setting next_dagrun for example_params_trigger_ui to None, run_after=None
[2026-03-29T12:45:15.836+0500] {processor.py:183} INFO - Processing /home/abayturar/airflow-project/venv/lib/python3.12/site-packages/airflow/example_dags/example_params_trigger_ui.py took 0.110 seconds
[2026-03-29T12:46:08.825+0500] {processor.py:161} INFO - Started process (PID=8747) to work on /home/abayturar/airflow-project/venv/lib/python3.12/site-packages/airflow/example_dags/example_params_trigger_ui.py
[2026-03-29T12:46:08.826+0500] {processor.py:830} INFO - Processing file /home/abayturar/airflow-project/venv/lib/python3.12/site-packages/airflow/example_dags/example_params_trigger_ui.py for tasks to queue
[2026-03-29T12:46:08.828+0500] {logging_mixin.py:188} INFO - [2026-03-29T12:46:08.828+0500] {dagbag.py:545} INFO - Filling up the DagBag from /home/abayturar/airflow-project/venv/lib/python3.12/site-packages/airflow/example_dags/example_params_trigger_ui.py
[2026-03-29T12:46:08.837+0500] {processor.py:840} INFO - DAG(s) 'example_params_trigger_ui' retrieved from /home/abayturar/airflow-project/venv/lib/python3.12/site-packages/airflow/example_dags/example_params_trigger_ui.py
[2026-03-29T12:46:08.867+0500] {logging_mixin.py:188} INFO - [2026-03-29T12:46:08.867+0500] {dag.py:3089} INFO - Sync 1 DAGs
[2026-03-29T12:46:08.876+0500] {logging_mixin.py:188} INFO - [2026-03-29T12:46:08.876+0500] {dag.py:3947} INFO - Setting next_dagrun for example_params_trigger_ui to None, run_after=None
[2026-03-29T12:46:08.932+0500] {processor.py:183} INFO - Processing /home/abayturar/airflow-project/venv/lib/python3.12/site-packages/airflow/example_dags/example_params_trigger_ui.py took 0.113 seconds
[2026-03-29T12:47:00.598+0500] {processor.py:161} INFO - Started process (PID=9034) to work on /home/abayturar/airflow-project/venv/lib/python3.12/site-packages/airflow/example_dags/example_params_trigger_ui.py
[2026-03-29T12:47:00.599+0500] {processor.py:830} INFO - Processing file /home/abayturar/airflow-project/venv/lib/python3.12/site-packages/airflow/example_dags/example_params_trigger_ui.py for tasks to queue
[2026-03-29T12:47:00.601+0500] {logging_mixin.py:188} INFO - [2026-03-29T12:47:00.600+0500] {dagbag.py:545} INFO - Filling up the DagBag from /home/abayturar/airflow-project/venv/lib/python3.12/site-packages/airflow/example_dags/example_params_trigger_ui.py
[2026-03-29T12:47:00.610+0500] {processor.py:840} INFO - DAG(s) 'example_params_trigger_ui' retrieved from /home/abayturar/airflow-project/venv/lib/python3.12/site-packages/airflow/example_dags/example_params_trigger_ui.py
[2026-03-29T12:47:00.641+0500] {logging_mixin.py:188} INFO - [2026-03-29T12:47:00.641+0500] {dag.py:3089} INFO - Sync 1 DAGs
[2026-03-29T12:47:00.650+0500] {logging_mixin.py:188} INFO - [2026-03-29T12:47:00.650+0500] {dag.py:3947} INFO - Setting next_dagrun for example_params_trigger_ui to None, run_after=None
[2026-03-29T12:47:00.705+0500] {processor.py:183} INFO - Processing /home/abayturar/airflow-project/venv/lib/python3.12/site-packages/airflow/example_dags/example_params_trigger_ui.py took 0.114 seconds
