[2026-03-29T12:01:18.422+0500] {processor.py:161} INFO - Started process (PID=32224) to work on /home/abayturar/airflow-project/venv/lib/python3.12/site-packages/airflow/example_dags/example_task_group.py
[2026-03-29T12:01:18.423+0500] {processor.py:830} INFO - Processing file /home/abayturar/airflow-project/venv/lib/python3.12/site-packages/airflow/example_dags/example_task_group.py for tasks to queue
[2026-03-29T12:01:18.427+0500] {logging_mixin.py:188} INFO - [2026-03-29T12:01:18.426+0500] {dagbag.py:545} INFO - Filling up the DagBag from /home/abayturar/airflow-project/venv/lib/python3.12/site-packages/airflow/example_dags/example_task_group.py
[2026-03-29T12:01:18.445+0500] {processor.py:840} INFO - DAG(s) 'example_task_group' retrieved from /home/abayturar/airflow-project/venv/lib/python3.12/site-packages/airflow/example_dags/example_task_group.py
[2026-03-29T12:01:18.486+0500] {logging_mixin.py:188} INFO - [2026-03-29T12:01:18.486+0500] {dag.py:3089} INFO - Sync 1 DAGs
[2026-03-29T12:01:18.534+0500] {logging_mixin.py:188} INFO - [2026-03-29T12:01:18.533+0500] {dag.py:3947} INFO - Setting next_dagrun for example_task_group to 2026-03-28 00:00:00+00:00, run_after=2026-03-29 00:00:00+00:00
[2026-03-29T12:01:18.568+0500] {processor.py:183} INFO - Processing /home/abayturar/airflow-project/venv/lib/python3.12/site-packages/airflow/example_dags/example_task_group.py took 0.159 seconds
[2026-03-29T12:02:17.234+0500] {processor.py:161} INFO - Started process (PID=32513) to work on /home/abayturar/airflow-project/venv/lib/python3.12/site-packages/airflow/example_dags/example_task_group.py
[2026-03-29T12:02:17.235+0500] {processor.py:830} INFO - Processing file /home/abayturar/airflow-project/venv/lib/python3.12/site-packages/airflow/example_dags/example_task_group.py for tasks to queue
[2026-03-29T12:02:17.236+0500] {logging_mixin.py:188} INFO - [2026-03-29T12:02:17.236+0500] {dagbag.py:545} INFO - Filling up the DagBag from /home/abayturar/airflow-project/venv/lib/python3.12/site-packages/airflow/example_dags/example_task_group.py
[2026-03-29T12:02:17.243+0500] {processor.py:840} INFO - DAG(s) 'example_task_group' retrieved from /home/abayturar/airflow-project/venv/lib/python3.12/site-packages/airflow/example_dags/example_task_group.py
[2026-03-29T12:02:17.259+0500] {logging_mixin.py:188} INFO - [2026-03-29T12:02:17.259+0500] {dag.py:3089} INFO - Sync 1 DAGs
[2026-03-29T12:02:17.273+0500] {logging_mixin.py:188} INFO - [2026-03-29T12:02:17.273+0500] {dag.py:3947} INFO - Setting next_dagrun for example_task_group to 2026-03-28 00:00:00+00:00, run_after=2026-03-29 00:00:00+00:00
[2026-03-29T12:02:17.288+0500] {processor.py:183} INFO - Processing /home/abayturar/airflow-project/venv/lib/python3.12/site-packages/airflow/example_dags/example_task_group.py took 0.060 seconds
[2026-03-29T12:05:46.336+0500] {processor.py:161} INFO - Started process (PID=32736) to work on /home/abayturar/airflow-project/venv/lib/python3.12/site-packages/airflow/example_dags/example_task_group.py
[2026-03-29T12:05:46.338+0500] {processor.py:830} INFO - Processing file /home/abayturar/airflow-project/venv/lib/python3.12/site-packages/airflow/example_dags/example_task_group.py for tasks to queue
[2026-03-29T12:05:46.340+0500] {logging_mixin.py:188} INFO - [2026-03-29T12:05:46.339+0500] {dagbag.py:545} INFO - Filling up the DagBag from /home/abayturar/airflow-project/venv/lib/python3.12/site-packages/airflow/example_dags/example_task_group.py
[2026-03-29T12:05:46.349+0500] {processor.py:840} INFO - DAG(s) 'example_task_group' retrieved from /home/abayturar/airflow-project/venv/lib/python3.12/site-packages/airflow/example_dags/example_task_group.py
[2026-03-29T12:05:46.379+0500] {logging_mixin.py:188} INFO - [2026-03-29T12:05:46.378+0500] {dag.py:3089} INFO - Sync 1 DAGs
[2026-03-29T12:05:46.402+0500] {logging_mixin.py:188} INFO - [2026-03-29T12:05:46.402+0500] {dag.py:3947} INFO - Setting next_dagrun for example_task_group to 2026-03-28 00:00:00+00:00, run_after=2026-03-29 00:00:00+00:00
[2026-03-29T12:05:46.426+0500] {processor.py:183} INFO - Processing /home/abayturar/airflow-project/venv/lib/python3.12/site-packages/airflow/example_dags/example_task_group.py took 0.098 seconds
[2026-03-29T12:06:41.291+0500] {processor.py:161} INFO - Started process (PID=207) to work on /home/abayturar/airflow-project/venv/lib/python3.12/site-packages/airflow/example_dags/example_task_group.py
[2026-03-29T12:06:41.292+0500] {processor.py:830} INFO - Processing file /home/abayturar/airflow-project/venv/lib/python3.12/site-packages/airflow/example_dags/example_task_group.py for tasks to queue
[2026-03-29T12:06:41.294+0500] {logging_mixin.py:188} INFO - [2026-03-29T12:06:41.293+0500] {dagbag.py:545} INFO - Filling up the DagBag from /home/abayturar/airflow-project/venv/lib/python3.12/site-packages/airflow/example_dags/example_task_group.py
[2026-03-29T12:06:41.301+0500] {processor.py:840} INFO - DAG(s) 'example_task_group' retrieved from /home/abayturar/airflow-project/venv/lib/python3.12/site-packages/airflow/example_dags/example_task_group.py
[2026-03-29T12:06:41.321+0500] {logging_mixin.py:188} INFO - [2026-03-29T12:06:41.321+0500] {dag.py:3089} INFO - Sync 1 DAGs
[2026-03-29T12:06:41.338+0500] {logging_mixin.py:188} INFO - [2026-03-29T12:06:41.338+0500] {dag.py:3947} INFO - Setting next_dagrun for example_task_group to 2026-03-28 00:00:00+00:00, run_after=2026-03-29 00:00:00+00:00
[2026-03-29T12:06:41.358+0500] {processor.py:183} INFO - Processing /home/abayturar/airflow-project/venv/lib/python3.12/site-packages/airflow/example_dags/example_task_group.py took 0.074 seconds
[2026-03-29T12:07:26.535+0500] {processor.py:161} INFO - Started process (PID=389) to work on /home/abayturar/airflow-project/venv/lib/python3.12/site-packages/airflow/example_dags/example_task_group.py
[2026-03-29T12:07:26.536+0500] {processor.py:830} INFO - Processing file /home/abayturar/airflow-project/venv/lib/python3.12/site-packages/airflow/example_dags/example_task_group.py for tasks to queue
[2026-03-29T12:07:26.538+0500] {logging_mixin.py:188} INFO - [2026-03-29T12:07:26.537+0500] {dagbag.py:545} INFO - Filling up the DagBag from /home/abayturar/airflow-project/venv/lib/python3.12/site-packages/airflow/example_dags/example_task_group.py
[2026-03-29T12:07:26.546+0500] {processor.py:840} INFO - DAG(s) 'example_task_group' retrieved from /home/abayturar/airflow-project/venv/lib/python3.12/site-packages/airflow/example_dags/example_task_group.py
[2026-03-29T12:07:26.565+0500] {logging_mixin.py:188} INFO - [2026-03-29T12:07:26.565+0500] {dag.py:3089} INFO - Sync 1 DAGs
[2026-03-29T12:07:26.584+0500] {logging_mixin.py:188} INFO - [2026-03-29T12:07:26.584+0500] {dag.py:3947} INFO - Setting next_dagrun for example_task_group to 2026-03-28 00:00:00+00:00, run_after=2026-03-29 00:00:00+00:00
[2026-03-29T12:07:26.633+0500] {processor.py:183} INFO - Processing /home/abayturar/airflow-project/venv/lib/python3.12/site-packages/airflow/example_dags/example_task_group.py took 0.104 seconds
[2026-03-29T12:08:14.811+0500] {processor.py:161} INFO - Started process (PID=591) to work on /home/abayturar/airflow-project/venv/lib/python3.12/site-packages/airflow/example_dags/example_task_group.py
[2026-03-29T12:08:14.812+0500] {processor.py:830} INFO - Processing file /home/abayturar/airflow-project/venv/lib/python3.12/site-packages/airflow/example_dags/example_task_group.py for tasks to queue
[2026-03-29T12:08:14.814+0500] {logging_mixin.py:188} INFO - [2026-03-29T12:08:14.814+0500] {dagbag.py:545} INFO - Filling up the DagBag from /home/abayturar/airflow-project/venv/lib/python3.12/site-packages/airflow/example_dags/example_task_group.py
[2026-03-29T12:08:14.822+0500] {processor.py:840} INFO - DAG(s) 'example_task_group' retrieved from /home/abayturar/airflow-project/venv/lib/python3.12/site-packages/airflow/example_dags/example_task_group.py
[2026-03-29T12:08:14.840+0500] {logging_mixin.py:188} INFO - [2026-03-29T12:08:14.840+0500] {dag.py:3089} INFO - Sync 1 DAGs
[2026-03-29T12:08:14.857+0500] {logging_mixin.py:188} INFO - [2026-03-29T12:08:14.857+0500] {dag.py:3947} INFO - Setting next_dagrun for example_task_group to 2026-03-28 00:00:00+00:00, run_after=2026-03-29 00:00:00+00:00
[2026-03-29T12:08:14.912+0500] {processor.py:183} INFO - Processing /home/abayturar/airflow-project/venv/lib/python3.12/site-packages/airflow/example_dags/example_task_group.py took 0.108 seconds
[2026-03-29T12:09:06.654+0500] {processor.py:161} INFO - Started process (PID=807) to work on /home/abayturar/airflow-project/venv/lib/python3.12/site-packages/airflow/example_dags/example_task_group.py
[2026-03-29T12:09:06.655+0500] {processor.py:830} INFO - Processing file /home/abayturar/airflow-project/venv/lib/python3.12/site-packages/airflow/example_dags/example_task_group.py for tasks to queue
[2026-03-29T12:09:06.656+0500] {logging_mixin.py:188} INFO - [2026-03-29T12:09:06.656+0500] {dagbag.py:545} INFO - Filling up the DagBag from /home/abayturar/airflow-project/venv/lib/python3.12/site-packages/airflow/example_dags/example_task_group.py
[2026-03-29T12:09:06.663+0500] {processor.py:840} INFO - DAG(s) 'example_task_group' retrieved from /home/abayturar/airflow-project/venv/lib/python3.12/site-packages/airflow/example_dags/example_task_group.py
[2026-03-29T12:09:06.679+0500] {logging_mixin.py:188} INFO - [2026-03-29T12:09:06.679+0500] {dag.py:3089} INFO - Sync 1 DAGs
[2026-03-29T12:09:06.693+0500] {logging_mixin.py:188} INFO - [2026-03-29T12:09:06.693+0500] {dag.py:3947} INFO - Setting next_dagrun for example_task_group to 2026-03-28 00:00:00+00:00, run_after=2026-03-29 00:00:00+00:00
[2026-03-29T12:09:06.746+0500] {processor.py:183} INFO - Processing /home/abayturar/airflow-project/venv/lib/python3.12/site-packages/airflow/example_dags/example_task_group.py took 0.098 seconds
[2026-03-29T12:09:58.144+0500] {processor.py:161} INFO - Started process (PID=966) to work on /home/abayturar/airflow-project/venv/lib/python3.12/site-packages/airflow/example_dags/example_task_group.py
[2026-03-29T12:09:58.145+0500] {processor.py:830} INFO - Processing file /home/abayturar/airflow-project/venv/lib/python3.12/site-packages/airflow/example_dags/example_task_group.py for tasks to queue
[2026-03-29T12:09:58.147+0500] {logging_mixin.py:188} INFO - [2026-03-29T12:09:58.146+0500] {dagbag.py:545} INFO - Filling up the DagBag from /home/abayturar/airflow-project/venv/lib/python3.12/site-packages/airflow/example_dags/example_task_group.py
[2026-03-29T12:09:58.153+0500] {processor.py:840} INFO - DAG(s) 'example_task_group' retrieved from /home/abayturar/airflow-project/venv/lib/python3.12/site-packages/airflow/example_dags/example_task_group.py
[2026-03-29T12:09:58.169+0500] {logging_mixin.py:188} INFO - [2026-03-29T12:09:58.168+0500] {dag.py:3089} INFO - Sync 1 DAGs
[2026-03-29T12:09:58.182+0500] {logging_mixin.py:188} INFO - [2026-03-29T12:09:58.181+0500] {dag.py:3947} INFO - Setting next_dagrun for example_task_group to 2026-03-28 00:00:00+00:00, run_after=2026-03-29 00:00:00+00:00
[2026-03-29T12:09:58.236+0500] {processor.py:183} INFO - Processing /home/abayturar/airflow-project/venv/lib/python3.12/site-packages/airflow/example_dags/example_task_group.py took 0.097 seconds
[2026-03-29T12:10:46.060+0500] {processor.py:161} INFO - Started process (PID=1092) to work on /home/abayturar/airflow-project/venv/lib/python3.12/site-packages/airflow/example_dags/example_task_group.py
[2026-03-29T12:10:46.061+0500] {processor.py:830} INFO - Processing file /home/abayturar/airflow-project/venv/lib/python3.12/site-packages/airflow/example_dags/example_task_group.py for tasks to queue
[2026-03-29T12:10:46.064+0500] {logging_mixin.py:188} INFO - [2026-03-29T12:10:46.063+0500] {dagbag.py:545} INFO - Filling up the DagBag from /home/abayturar/airflow-project/venv/lib/python3.12/site-packages/airflow/example_dags/example_task_group.py
[2026-03-29T12:10:46.073+0500] {processor.py:840} INFO - DAG(s) 'example_task_group' retrieved from /home/abayturar/airflow-project/venv/lib/python3.12/site-packages/airflow/example_dags/example_task_group.py
[2026-03-29T12:10:46.096+0500] {logging_mixin.py:188} INFO - [2026-03-29T12:10:46.096+0500] {dag.py:3089} INFO - Sync 1 DAGs
[2026-03-29T12:10:46.117+0500] {logging_mixin.py:188} INFO - [2026-03-29T12:10:46.116+0500] {dag.py:3947} INFO - Setting next_dagrun for example_task_group to 2026-03-28 00:00:00+00:00, run_after=2026-03-29 00:00:00+00:00
[2026-03-29T12:10:46.134+0500] {processor.py:183} INFO - Processing /home/abayturar/airflow-project/venv/lib/python3.12/site-packages/airflow/example_dags/example_task_group.py took 0.084 seconds
[2026-03-29T12:11:35.617+0500] {processor.py:161} INFO - Started process (PID=1227) to work on /home/abayturar/airflow-project/venv/lib/python3.12/site-packages/airflow/example_dags/example_task_group.py
[2026-03-29T12:11:35.618+0500] {processor.py:830} INFO - Processing file /home/abayturar/airflow-project/venv/lib/python3.12/site-packages/airflow/example_dags/example_task_group.py for tasks to queue
[2026-03-29T12:11:35.619+0500] {logging_mixin.py:188} INFO - [2026-03-29T12:11:35.619+0500] {dagbag.py:545} INFO - Filling up the DagBag from /home/abayturar/airflow-project/venv/lib/python3.12/site-packages/airflow/example_dags/example_task_group.py
[2026-03-29T12:11:35.627+0500] {processor.py:840} INFO - DAG(s) 'example_task_group' retrieved from /home/abayturar/airflow-project/venv/lib/python3.12/site-packages/airflow/example_dags/example_task_group.py
[2026-03-29T12:11:35.643+0500] {logging_mixin.py:188} INFO - [2026-03-29T12:11:35.643+0500] {dag.py:3089} INFO - Sync 1 DAGs
[2026-03-29T12:11:35.657+0500] {logging_mixin.py:188} INFO - [2026-03-29T12:11:35.657+0500] {dag.py:3947} INFO - Setting next_dagrun for example_task_group to 2026-03-28 00:00:00+00:00, run_after=2026-03-29 00:00:00+00:00
[2026-03-29T12:11:35.710+0500] {processor.py:183} INFO - Processing /home/abayturar/airflow-project/venv/lib/python3.12/site-packages/airflow/example_dags/example_task_group.py took 0.099 seconds
[2026-03-29T12:12:26.013+0500] {processor.py:161} INFO - Started process (PID=1357) to work on /home/abayturar/airflow-project/venv/lib/python3.12/site-packages/airflow/example_dags/example_task_group.py
[2026-03-29T12:12:26.014+0500] {processor.py:830} INFO - Processing file /home/abayturar/airflow-project/venv/lib/python3.12/site-packages/airflow/example_dags/example_task_group.py for tasks to queue
[2026-03-29T12:12:26.015+0500] {logging_mixin.py:188} INFO - [2026-03-29T12:12:26.015+0500] {dagbag.py:545} INFO - Filling up the DagBag from /home/abayturar/airflow-project/venv/lib/python3.12/site-packages/airflow/example_dags/example_task_group.py
[2026-03-29T12:12:26.022+0500] {processor.py:840} INFO - DAG(s) 'example_task_group' retrieved from /home/abayturar/airflow-project/venv/lib/python3.12/site-packages/airflow/example_dags/example_task_group.py
[2026-03-29T12:12:26.038+0500] {logging_mixin.py:188} INFO - [2026-03-29T12:12:26.038+0500] {dag.py:3089} INFO - Sync 1 DAGs
[2026-03-29T12:12:26.051+0500] {logging_mixin.py:188} INFO - [2026-03-29T12:12:26.051+0500] {dag.py:3947} INFO - Setting next_dagrun for example_task_group to 2026-03-28 00:00:00+00:00, run_after=2026-03-29 00:00:00+00:00
[2026-03-29T12:12:26.103+0500] {processor.py:183} INFO - Processing /home/abayturar/airflow-project/venv/lib/python3.12/site-packages/airflow/example_dags/example_task_group.py took 0.096 seconds
[2026-03-29T12:13:16.787+0500] {processor.py:161} INFO - Started process (PID=1493) to work on /home/abayturar/airflow-project/venv/lib/python3.12/site-packages/airflow/example_dags/example_task_group.py
[2026-03-29T12:13:16.787+0500] {processor.py:830} INFO - Processing file /home/abayturar/airflow-project/venv/lib/python3.12/site-packages/airflow/example_dags/example_task_group.py for tasks to queue
[2026-03-29T12:13:16.789+0500] {logging_mixin.py:188} INFO - [2026-03-29T12:13:16.789+0500] {dagbag.py:545} INFO - Filling up the DagBag from /home/abayturar/airflow-project/venv/lib/python3.12/site-packages/airflow/example_dags/example_task_group.py
[2026-03-29T12:13:16.796+0500] {processor.py:840} INFO - DAG(s) 'example_task_group' retrieved from /home/abayturar/airflow-project/venv/lib/python3.12/site-packages/airflow/example_dags/example_task_group.py
[2026-03-29T12:13:16.811+0500] {logging_mixin.py:188} INFO - [2026-03-29T12:13:16.811+0500] {dag.py:3089} INFO - Sync 1 DAGs
[2026-03-29T12:13:16.825+0500] {logging_mixin.py:188} INFO - [2026-03-29T12:13:16.825+0500] {dag.py:3947} INFO - Setting next_dagrun for example_task_group to 2026-03-28 00:00:00+00:00, run_after=2026-03-29 00:00:00+00:00
[2026-03-29T12:13:16.963+0500] {processor.py:183} INFO - Processing /home/abayturar/airflow-project/venv/lib/python3.12/site-packages/airflow/example_dags/example_task_group.py took 0.182 seconds
[2026-03-29T12:14:07.230+0500] {processor.py:161} INFO - Started process (PID=1623) to work on /home/abayturar/airflow-project/venv/lib/python3.12/site-packages/airflow/example_dags/example_task_group.py
[2026-03-29T12:14:07.231+0500] {processor.py:830} INFO - Processing file /home/abayturar/airflow-project/venv/lib/python3.12/site-packages/airflow/example_dags/example_task_group.py for tasks to queue
[2026-03-29T12:14:07.233+0500] {logging_mixin.py:188} INFO - [2026-03-29T12:14:07.232+0500] {dagbag.py:545} INFO - Filling up the DagBag from /home/abayturar/airflow-project/venv/lib/python3.12/site-packages/airflow/example_dags/example_task_group.py
[2026-03-29T12:14:07.239+0500] {processor.py:840} INFO - DAG(s) 'example_task_group' retrieved from /home/abayturar/airflow-project/venv/lib/python3.12/site-packages/airflow/example_dags/example_task_group.py
[2026-03-29T12:14:07.255+0500] {logging_mixin.py:188} INFO - [2026-03-29T12:14:07.255+0500] {dag.py:3089} INFO - Sync 1 DAGs
[2026-03-29T12:14:07.268+0500] {logging_mixin.py:188} INFO - [2026-03-29T12:14:07.268+0500] {dag.py:3947} INFO - Setting next_dagrun for example_task_group to 2026-03-28 00:00:00+00:00, run_after=2026-03-29 00:00:00+00:00
[2026-03-29T12:14:07.321+0500] {processor.py:183} INFO - Processing /home/abayturar/airflow-project/venv/lib/python3.12/site-packages/airflow/example_dags/example_task_group.py took 0.097 seconds
[2026-03-29T12:15:00.625+0500] {processor.py:161} INFO - Started process (PID=1762) to work on /home/abayturar/airflow-project/venv/lib/python3.12/site-packages/airflow/example_dags/example_task_group.py
[2026-03-29T12:15:00.625+0500] {processor.py:830} INFO - Processing file /home/abayturar/airflow-project/venv/lib/python3.12/site-packages/airflow/example_dags/example_task_group.py for tasks to queue
[2026-03-29T12:15:00.627+0500] {logging_mixin.py:188} INFO - [2026-03-29T12:15:00.627+0500] {dagbag.py:545} INFO - Filling up the DagBag from /home/abayturar/airflow-project/venv/lib/python3.12/site-packages/airflow/example_dags/example_task_group.py
[2026-03-29T12:15:00.634+0500] {processor.py:840} INFO - DAG(s) 'example_task_group' retrieved from /home/abayturar/airflow-project/venv/lib/python3.12/site-packages/airflow/example_dags/example_task_group.py
[2026-03-29T12:15:00.650+0500] {logging_mixin.py:188} INFO - [2026-03-29T12:15:00.650+0500] {dag.py:3089} INFO - Sync 1 DAGs
[2026-03-29T12:15:00.663+0500] {logging_mixin.py:188} INFO - [2026-03-29T12:15:00.663+0500] {dag.py:3947} INFO - Setting next_dagrun for example_task_group to 2026-03-28 00:00:00+00:00, run_after=2026-03-29 00:00:00+00:00
[2026-03-29T12:15:00.679+0500] {processor.py:183} INFO - Processing /home/abayturar/airflow-project/venv/lib/python3.12/site-packages/airflow/example_dags/example_task_group.py took 0.060 seconds
[2026-03-29T12:15:53.832+0500] {processor.py:161} INFO - Started process (PID=1901) to work on /home/abayturar/airflow-project/venv/lib/python3.12/site-packages/airflow/example_dags/example_task_group.py
[2026-03-29T12:15:53.833+0500] {processor.py:830} INFO - Processing file /home/abayturar/airflow-project/venv/lib/python3.12/site-packages/airflow/example_dags/example_task_group.py for tasks to queue
[2026-03-29T12:15:53.835+0500] {logging_mixin.py:188} INFO - [2026-03-29T12:15:53.834+0500] {dagbag.py:545} INFO - Filling up the DagBag from /home/abayturar/airflow-project/venv/lib/python3.12/site-packages/airflow/example_dags/example_task_group.py
[2026-03-29T12:15:53.842+0500] {processor.py:840} INFO - DAG(s) 'example_task_group' retrieved from /home/abayturar/airflow-project/venv/lib/python3.12/site-packages/airflow/example_dags/example_task_group.py
[2026-03-29T12:15:53.858+0500] {logging_mixin.py:188} INFO - [2026-03-29T12:15:53.858+0500] {dag.py:3089} INFO - Sync 1 DAGs
[2026-03-29T12:15:53.955+0500] {logging_mixin.py:188} INFO - [2026-03-29T12:15:53.955+0500] {dag.py:3947} INFO - Setting next_dagrun for example_task_group to 2026-03-28 00:00:00+00:00, run_after=2026-03-29 00:00:00+00:00
[2026-03-29T12:15:54.007+0500] {processor.py:183} INFO - Processing /home/abayturar/airflow-project/venv/lib/python3.12/site-packages/airflow/example_dags/example_task_group.py took 0.180 seconds
[2026-03-29T12:16:47.088+0500] {processor.py:161} INFO - Started process (PID=2040) to work on /home/abayturar/airflow-project/venv/lib/python3.12/site-packages/airflow/example_dags/example_task_group.py
[2026-03-29T12:16:47.089+0500] {processor.py:830} INFO - Processing file /home/abayturar/airflow-project/venv/lib/python3.12/site-packages/airflow/example_dags/example_task_group.py for tasks to queue
[2026-03-29T12:16:47.091+0500] {logging_mixin.py:188} INFO - [2026-03-29T12:16:47.091+0500] {dagbag.py:545} INFO - Filling up the DagBag from /home/abayturar/airflow-project/venv/lib/python3.12/site-packages/airflow/example_dags/example_task_group.py
[2026-03-29T12:16:47.099+0500] {processor.py:840} INFO - DAG(s) 'example_task_group' retrieved from /home/abayturar/airflow-project/venv/lib/python3.12/site-packages/airflow/example_dags/example_task_group.py
[2026-03-29T12:16:47.115+0500] {logging_mixin.py:188} INFO - [2026-03-29T12:16:47.115+0500] {dag.py:3089} INFO - Sync 1 DAGs
[2026-03-29T12:16:47.216+0500] {logging_mixin.py:188} INFO - [2026-03-29T12:16:47.216+0500] {dag.py:3947} INFO - Setting next_dagrun for example_task_group to 2026-03-28 00:00:00+00:00, run_after=2026-03-29 00:00:00+00:00
[2026-03-29T12:16:47.267+0500] {processor.py:183} INFO - Processing /home/abayturar/airflow-project/venv/lib/python3.12/site-packages/airflow/example_dags/example_task_group.py took 0.184 seconds
[2026-03-29T12:17:39.456+0500] {processor.py:161} INFO - Started process (PID=2178) to work on /home/abayturar/airflow-project/venv/lib/python3.12/site-packages/airflow/example_dags/example_task_group.py
[2026-03-29T12:17:39.457+0500] {processor.py:830} INFO - Processing file /home/abayturar/airflow-project/venv/lib/python3.12/site-packages/airflow/example_dags/example_task_group.py for tasks to queue
[2026-03-29T12:17:39.458+0500] {logging_mixin.py:188} INFO - [2026-03-29T12:17:39.458+0500] {dagbag.py:545} INFO - Filling up the DagBag from /home/abayturar/airflow-project/venv/lib/python3.12/site-packages/airflow/example_dags/example_task_group.py
[2026-03-29T12:17:39.465+0500] {processor.py:840} INFO - DAG(s) 'example_task_group' retrieved from /home/abayturar/airflow-project/venv/lib/python3.12/site-packages/airflow/example_dags/example_task_group.py
[2026-03-29T12:17:39.481+0500] {logging_mixin.py:188} INFO - [2026-03-29T12:17:39.480+0500] {dag.py:3089} INFO - Sync 1 DAGs
[2026-03-29T12:17:39.494+0500] {logging_mixin.py:188} INFO - [2026-03-29T12:17:39.494+0500] {dag.py:3947} INFO - Setting next_dagrun for example_task_group to 2026-03-28 00:00:00+00:00, run_after=2026-03-29 00:00:00+00:00
[2026-03-29T12:17:39.509+0500] {processor.py:183} INFO - Processing /home/abayturar/airflow-project/venv/lib/python3.12/site-packages/airflow/example_dags/example_task_group.py took 0.059 seconds
[2026-03-29T12:18:31.331+0500] {processor.py:161} INFO - Started process (PID=2313) to work on /home/abayturar/airflow-project/venv/lib/python3.12/site-packages/airflow/example_dags/example_task_group.py
[2026-03-29T12:18:31.332+0500] {processor.py:830} INFO - Processing file /home/abayturar/airflow-project/venv/lib/python3.12/site-packages/airflow/example_dags/example_task_group.py for tasks to queue
[2026-03-29T12:18:31.333+0500] {logging_mixin.py:188} INFO - [2026-03-29T12:18:31.333+0500] {dagbag.py:545} INFO - Filling up the DagBag from /home/abayturar/airflow-project/venv/lib/python3.12/site-packages/airflow/example_dags/example_task_group.py
[2026-03-29T12:18:31.341+0500] {processor.py:840} INFO - DAG(s) 'example_task_group' retrieved from /home/abayturar/airflow-project/venv/lib/python3.12/site-packages/airflow/example_dags/example_task_group.py
[2026-03-29T12:18:31.357+0500] {logging_mixin.py:188} INFO - [2026-03-29T12:18:31.357+0500] {dag.py:3089} INFO - Sync 1 DAGs
[2026-03-29T12:18:31.372+0500] {logging_mixin.py:188} INFO - [2026-03-29T12:18:31.371+0500] {dag.py:3947} INFO - Setting next_dagrun for example_task_group to 2026-03-28 00:00:00+00:00, run_after=2026-03-29 00:00:00+00:00
[2026-03-29T12:18:31.426+0500] {processor.py:183} INFO - Processing /home/abayturar/airflow-project/venv/lib/python3.12/site-packages/airflow/example_dags/example_task_group.py took 0.102 seconds
[2026-03-29T12:19:22.376+0500] {processor.py:161} INFO - Started process (PID=2448) to work on /home/abayturar/airflow-project/venv/lib/python3.12/site-packages/airflow/example_dags/example_task_group.py
[2026-03-29T12:19:22.377+0500] {processor.py:830} INFO - Processing file /home/abayturar/airflow-project/venv/lib/python3.12/site-packages/airflow/example_dags/example_task_group.py for tasks to queue
[2026-03-29T12:19:22.378+0500] {logging_mixin.py:188} INFO - [2026-03-29T12:19:22.378+0500] {dagbag.py:545} INFO - Filling up the DagBag from /home/abayturar/airflow-project/venv/lib/python3.12/site-packages/airflow/example_dags/example_task_group.py
[2026-03-29T12:19:22.385+0500] {processor.py:840} INFO - DAG(s) 'example_task_group' retrieved from /home/abayturar/airflow-project/venv/lib/python3.12/site-packages/airflow/example_dags/example_task_group.py
[2026-03-29T12:19:22.401+0500] {logging_mixin.py:188} INFO - [2026-03-29T12:19:22.401+0500] {dag.py:3089} INFO - Sync 1 DAGs
[2026-03-29T12:19:22.417+0500] {logging_mixin.py:188} INFO - [2026-03-29T12:19:22.417+0500] {dag.py:3947} INFO - Setting next_dagrun for example_task_group to 2026-03-28 00:00:00+00:00, run_after=2026-03-29 00:00:00+00:00
[2026-03-29T12:19:22.435+0500] {processor.py:183} INFO - Processing /home/abayturar/airflow-project/venv/lib/python3.12/site-packages/airflow/example_dags/example_task_group.py took 0.066 seconds
[2026-03-29T12:20:13.845+0500] {processor.py:161} INFO - Started process (PID=2582) to work on /home/abayturar/airflow-project/venv/lib/python3.12/site-packages/airflow/example_dags/example_task_group.py
[2026-03-29T12:20:13.846+0500] {processor.py:830} INFO - Processing file /home/abayturar/airflow-project/venv/lib/python3.12/site-packages/airflow/example_dags/example_task_group.py for tasks to queue
[2026-03-29T12:20:13.848+0500] {logging_mixin.py:188} INFO - [2026-03-29T12:20:13.847+0500] {dagbag.py:545} INFO - Filling up the DagBag from /home/abayturar/airflow-project/venv/lib/python3.12/site-packages/airflow/example_dags/example_task_group.py
[2026-03-29T12:20:13.855+0500] {processor.py:840} INFO - DAG(s) 'example_task_group' retrieved from /home/abayturar/airflow-project/venv/lib/python3.12/site-packages/airflow/example_dags/example_task_group.py
[2026-03-29T12:20:13.871+0500] {logging_mixin.py:188} INFO - [2026-03-29T12:20:13.871+0500] {dag.py:3089} INFO - Sync 1 DAGs
[2026-03-29T12:20:13.886+0500] {logging_mixin.py:188} INFO - [2026-03-29T12:20:13.886+0500] {dag.py:3947} INFO - Setting next_dagrun for example_task_group to 2026-03-28 00:00:00+00:00, run_after=2026-03-29 00:00:00+00:00
[2026-03-29T12:20:13.940+0500] {processor.py:183} INFO - Processing /home/abayturar/airflow-project/venv/lib/python3.12/site-packages/airflow/example_dags/example_task_group.py took 0.101 seconds
[2026-03-29T12:21:08.426+0500] {processor.py:161} INFO - Started process (PID=2722) to work on /home/abayturar/airflow-project/venv/lib/python3.12/site-packages/airflow/example_dags/example_task_group.py
[2026-03-29T12:21:08.427+0500] {processor.py:830} INFO - Processing file /home/abayturar/airflow-project/venv/lib/python3.12/site-packages/airflow/example_dags/example_task_group.py for tasks to queue
[2026-03-29T12:21:08.429+0500] {logging_mixin.py:188} INFO - [2026-03-29T12:21:08.428+0500] {dagbag.py:545} INFO - Filling up the DagBag from /home/abayturar/airflow-project/venv/lib/python3.12/site-packages/airflow/example_dags/example_task_group.py
[2026-03-29T12:21:08.436+0500] {processor.py:840} INFO - DAG(s) 'example_task_group' retrieved from /home/abayturar/airflow-project/venv/lib/python3.12/site-packages/airflow/example_dags/example_task_group.py
[2026-03-29T12:21:08.452+0500] {logging_mixin.py:188} INFO - [2026-03-29T12:21:08.452+0500] {dag.py:3089} INFO - Sync 1 DAGs
[2026-03-29T12:21:08.467+0500] {logging_mixin.py:188} INFO - [2026-03-29T12:21:08.467+0500] {dag.py:3947} INFO - Setting next_dagrun for example_task_group to 2026-03-28 00:00:00+00:00, run_after=2026-03-29 00:00:00+00:00
[2026-03-29T12:21:08.523+0500] {processor.py:183} INFO - Processing /home/abayturar/airflow-project/venv/lib/python3.12/site-packages/airflow/example_dags/example_task_group.py took 0.104 seconds
[2026-03-29T12:21:58.837+0500] {processor.py:161} INFO - Started process (PID=2888) to work on /home/abayturar/airflow-project/venv/lib/python3.12/site-packages/airflow/example_dags/example_task_group.py
[2026-03-29T12:21:58.838+0500] {processor.py:830} INFO - Processing file /home/abayturar/airflow-project/venv/lib/python3.12/site-packages/airflow/example_dags/example_task_group.py for tasks to queue
[2026-03-29T12:21:58.840+0500] {logging_mixin.py:188} INFO - [2026-03-29T12:21:58.839+0500] {dagbag.py:545} INFO - Filling up the DagBag from /home/abayturar/airflow-project/venv/lib/python3.12/site-packages/airflow/example_dags/example_task_group.py
[2026-03-29T12:21:58.847+0500] {processor.py:840} INFO - DAG(s) 'example_task_group' retrieved from /home/abayturar/airflow-project/venv/lib/python3.12/site-packages/airflow/example_dags/example_task_group.py
[2026-03-29T12:21:58.862+0500] {logging_mixin.py:188} INFO - [2026-03-29T12:21:58.862+0500] {dag.py:3089} INFO - Sync 1 DAGs
[2026-03-29T12:21:58.876+0500] {logging_mixin.py:188} INFO - [2026-03-29T12:21:58.876+0500] {dag.py:3947} INFO - Setting next_dagrun for example_task_group to 2026-03-28 00:00:00+00:00, run_after=2026-03-29 00:00:00+00:00
[2026-03-29T12:21:58.891+0500] {processor.py:183} INFO - Processing /home/abayturar/airflow-project/venv/lib/python3.12/site-packages/airflow/example_dags/example_task_group.py took 0.060 seconds
[2026-03-29T12:22:50.636+0500] {processor.py:161} INFO - Started process (PID=3180) to work on /home/abayturar/airflow-project/venv/lib/python3.12/site-packages/airflow/example_dags/example_task_group.py
[2026-03-29T12:22:50.636+0500] {processor.py:830} INFO - Processing file /home/abayturar/airflow-project/venv/lib/python3.12/site-packages/airflow/example_dags/example_task_group.py for tasks to queue
[2026-03-29T12:22:50.638+0500] {logging_mixin.py:188} INFO - [2026-03-29T12:22:50.638+0500] {dagbag.py:545} INFO - Filling up the DagBag from /home/abayturar/airflow-project/venv/lib/python3.12/site-packages/airflow/example_dags/example_task_group.py
[2026-03-29T12:22:50.645+0500] {processor.py:840} INFO - DAG(s) 'example_task_group' retrieved from /home/abayturar/airflow-project/venv/lib/python3.12/site-packages/airflow/example_dags/example_task_group.py
[2026-03-29T12:22:50.661+0500] {logging_mixin.py:188} INFO - [2026-03-29T12:22:50.661+0500] {dag.py:3089} INFO - Sync 1 DAGs
[2026-03-29T12:22:50.676+0500] {logging_mixin.py:188} INFO - [2026-03-29T12:22:50.675+0500] {dag.py:3947} INFO - Setting next_dagrun for example_task_group to 2026-03-28 00:00:00+00:00, run_after=2026-03-29 00:00:00+00:00
[2026-03-29T12:22:50.734+0500] {processor.py:183} INFO - Processing /home/abayturar/airflow-project/venv/lib/python3.12/site-packages/airflow/example_dags/example_task_group.py took 0.105 seconds
[2026-03-29T12:23:43.522+0500] {processor.py:161} INFO - Started process (PID=3353) to work on /home/abayturar/airflow-project/venv/lib/python3.12/site-packages/airflow/example_dags/example_task_group.py
[2026-03-29T12:23:43.523+0500] {processor.py:830} INFO - Processing file /home/abayturar/airflow-project/venv/lib/python3.12/site-packages/airflow/example_dags/example_task_group.py for tasks to queue
[2026-03-29T12:23:43.524+0500] {logging_mixin.py:188} INFO - [2026-03-29T12:23:43.524+0500] {dagbag.py:545} INFO - Filling up the DagBag from /home/abayturar/airflow-project/venv/lib/python3.12/site-packages/airflow/example_dags/example_task_group.py
[2026-03-29T12:23:43.532+0500] {processor.py:840} INFO - DAG(s) 'example_task_group' retrieved from /home/abayturar/airflow-project/venv/lib/python3.12/site-packages/airflow/example_dags/example_task_group.py
[2026-03-29T12:23:43.547+0500] {logging_mixin.py:188} INFO - [2026-03-29T12:23:43.547+0500] {dag.py:3089} INFO - Sync 1 DAGs
[2026-03-29T12:23:43.560+0500] {logging_mixin.py:188} INFO - [2026-03-29T12:23:43.560+0500] {dag.py:3947} INFO - Setting next_dagrun for example_task_group to 2026-03-28 00:00:00+00:00, run_after=2026-03-29 00:00:00+00:00
[2026-03-29T12:23:43.615+0500] {processor.py:183} INFO - Processing /home/abayturar/airflow-project/venv/lib/python3.12/site-packages/airflow/example_dags/example_task_group.py took 0.099 seconds
[2026-03-29T12:24:37.225+0500] {processor.py:161} INFO - Started process (PID=3543) to work on /home/abayturar/airflow-project/venv/lib/python3.12/site-packages/airflow/example_dags/example_task_group.py
[2026-03-29T12:24:37.226+0500] {processor.py:830} INFO - Processing file /home/abayturar/airflow-project/venv/lib/python3.12/site-packages/airflow/example_dags/example_task_group.py for tasks to queue
[2026-03-29T12:24:37.228+0500] {logging_mixin.py:188} INFO - [2026-03-29T12:24:37.227+0500] {dagbag.py:545} INFO - Filling up the DagBag from /home/abayturar/airflow-project/venv/lib/python3.12/site-packages/airflow/example_dags/example_task_group.py
[2026-03-29T12:24:37.235+0500] {processor.py:840} INFO - DAG(s) 'example_task_group' retrieved from /home/abayturar/airflow-project/venv/lib/python3.12/site-packages/airflow/example_dags/example_task_group.py
[2026-03-29T12:24:37.251+0500] {logging_mixin.py:188} INFO - [2026-03-29T12:24:37.250+0500] {dag.py:3089} INFO - Sync 1 DAGs
[2026-03-29T12:24:37.265+0500] {logging_mixin.py:188} INFO - [2026-03-29T12:24:37.265+0500] {dag.py:3947} INFO - Setting next_dagrun for example_task_group to 2026-03-28 00:00:00+00:00, run_after=2026-03-29 00:00:00+00:00
[2026-03-29T12:24:37.279+0500] {processor.py:183} INFO - Processing /home/abayturar/airflow-project/venv/lib/python3.12/site-packages/airflow/example_dags/example_task_group.py took 0.060 seconds
[2026-03-29T12:25:30.401+0500] {processor.py:161} INFO - Started process (PID=3679) to work on /home/abayturar/airflow-project/venv/lib/python3.12/site-packages/airflow/example_dags/example_task_group.py
[2026-03-29T12:25:30.402+0500] {processor.py:830} INFO - Processing file /home/abayturar/airflow-project/venv/lib/python3.12/site-packages/airflow/example_dags/example_task_group.py for tasks to queue
[2026-03-29T12:25:30.403+0500] {logging_mixin.py:188} INFO - [2026-03-29T12:25:30.403+0500] {dagbag.py:545} INFO - Filling up the DagBag from /home/abayturar/airflow-project/venv/lib/python3.12/site-packages/airflow/example_dags/example_task_group.py
[2026-03-29T12:25:30.410+0500] {processor.py:840} INFO - DAG(s) 'example_task_group' retrieved from /home/abayturar/airflow-project/venv/lib/python3.12/site-packages/airflow/example_dags/example_task_group.py
[2026-03-29T12:25:30.427+0500] {logging_mixin.py:188} INFO - [2026-03-29T12:25:30.427+0500] {dag.py:3089} INFO - Sync 1 DAGs
[2026-03-29T12:25:30.441+0500] {logging_mixin.py:188} INFO - [2026-03-29T12:25:30.441+0500] {dag.py:3947} INFO - Setting next_dagrun for example_task_group to 2026-03-28 00:00:00+00:00, run_after=2026-03-29 00:00:00+00:00
[2026-03-29T12:25:30.457+0500] {processor.py:183} INFO - Processing /home/abayturar/airflow-project/venv/lib/python3.12/site-packages/airflow/example_dags/example_task_group.py took 0.064 seconds
[2026-03-29T12:26:20.812+0500] {processor.py:161} INFO - Started process (PID=3988) to work on /home/abayturar/airflow-project/venv/lib/python3.12/site-packages/airflow/example_dags/example_task_group.py
[2026-03-29T12:26:20.813+0500] {processor.py:830} INFO - Processing file /home/abayturar/airflow-project/venv/lib/python3.12/site-packages/airflow/example_dags/example_task_group.py for tasks to queue
[2026-03-29T12:26:20.815+0500] {logging_mixin.py:188} INFO - [2026-03-29T12:26:20.814+0500] {dagbag.py:545} INFO - Filling up the DagBag from /home/abayturar/airflow-project/venv/lib/python3.12/site-packages/airflow/example_dags/example_task_group.py
[2026-03-29T12:26:20.824+0500] {processor.py:840} INFO - DAG(s) 'example_task_group' retrieved from /home/abayturar/airflow-project/venv/lib/python3.12/site-packages/airflow/example_dags/example_task_group.py
[2026-03-29T12:26:20.844+0500] {logging_mixin.py:188} INFO - [2026-03-29T12:26:20.844+0500] {dag.py:3089} INFO - Sync 1 DAGs
[2026-03-29T12:26:20.859+0500] {logging_mixin.py:188} INFO - [2026-03-29T12:26:20.859+0500] {dag.py:3947} INFO - Setting next_dagrun for example_task_group to 2026-03-28 00:00:00+00:00, run_after=2026-03-29 00:00:00+00:00
[2026-03-29T12:26:20.888+0500] {processor.py:183} INFO - Processing /home/abayturar/airflow-project/venv/lib/python3.12/site-packages/airflow/example_dags/example_task_group.py took 0.084 seconds
[2026-03-29T12:27:08.903+0500] {processor.py:161} INFO - Started process (PID=4191) to work on /home/abayturar/airflow-project/venv/lib/python3.12/site-packages/airflow/example_dags/example_task_group.py
[2026-03-29T12:27:08.905+0500] {processor.py:830} INFO - Processing file /home/abayturar/airflow-project/venv/lib/python3.12/site-packages/airflow/example_dags/example_task_group.py for tasks to queue
[2026-03-29T12:27:08.908+0500] {logging_mixin.py:188} INFO - [2026-03-29T12:27:08.907+0500] {dagbag.py:545} INFO - Filling up the DagBag from /home/abayturar/airflow-project/venv/lib/python3.12/site-packages/airflow/example_dags/example_task_group.py
[2026-03-29T12:27:08.915+0500] {processor.py:840} INFO - DAG(s) 'example_task_group' retrieved from /home/abayturar/airflow-project/venv/lib/python3.12/site-packages/airflow/example_dags/example_task_group.py
[2026-03-29T12:27:08.933+0500] {logging_mixin.py:188} INFO - [2026-03-29T12:27:08.933+0500] {dag.py:3089} INFO - Sync 1 DAGs
[2026-03-29T12:27:08.950+0500] {logging_mixin.py:188} INFO - [2026-03-29T12:27:08.950+0500] {dag.py:3947} INFO - Setting next_dagrun for example_task_group to 2026-03-28 00:00:00+00:00, run_after=2026-03-29 00:00:00+00:00
[2026-03-29T12:27:09.015+0500] {processor.py:183} INFO - Processing /home/abayturar/airflow-project/venv/lib/python3.12/site-packages/airflow/example_dags/example_task_group.py took 0.119 seconds
[2026-03-29T12:27:58.890+0500] {processor.py:161} INFO - Started process (PID=4456) to work on /home/abayturar/airflow-project/venv/lib/python3.12/site-packages/airflow/example_dags/example_task_group.py
[2026-03-29T12:27:58.891+0500] {processor.py:830} INFO - Processing file /home/abayturar/airflow-project/venv/lib/python3.12/site-packages/airflow/example_dags/example_task_group.py for tasks to queue
[2026-03-29T12:27:58.893+0500] {logging_mixin.py:188} INFO - [2026-03-29T12:27:58.893+0500] {dagbag.py:545} INFO - Filling up the DagBag from /home/abayturar/airflow-project/venv/lib/python3.12/site-packages/airflow/example_dags/example_task_group.py
[2026-03-29T12:27:58.901+0500] {processor.py:840} INFO - DAG(s) 'example_task_group' retrieved from /home/abayturar/airflow-project/venv/lib/python3.12/site-packages/airflow/example_dags/example_task_group.py
[2026-03-29T12:27:58.919+0500] {logging_mixin.py:188} INFO - [2026-03-29T12:27:58.918+0500] {dag.py:3089} INFO - Sync 1 DAGs
[2026-03-29T12:27:58.935+0500] {logging_mixin.py:188} INFO - [2026-03-29T12:27:58.935+0500] {dag.py:3947} INFO - Setting next_dagrun for example_task_group to 2026-03-28 00:00:00+00:00, run_after=2026-03-29 00:00:00+00:00
[2026-03-29T12:27:58.951+0500] {processor.py:183} INFO - Processing /home/abayturar/airflow-project/venv/lib/python3.12/site-packages/airflow/example_dags/example_task_group.py took 0.068 seconds
[2026-03-29T12:28:45.129+0500] {processor.py:161} INFO - Started process (PID=4578) to work on /home/abayturar/airflow-project/venv/lib/python3.12/site-packages/airflow/example_dags/example_task_group.py
[2026-03-29T12:28:45.130+0500] {processor.py:830} INFO - Processing file /home/abayturar/airflow-project/venv/lib/python3.12/site-packages/airflow/example_dags/example_task_group.py for tasks to queue
[2026-03-29T12:28:45.132+0500] {logging_mixin.py:188} INFO - [2026-03-29T12:28:45.131+0500] {dagbag.py:545} INFO - Filling up the DagBag from /home/abayturar/airflow-project/venv/lib/python3.12/site-packages/airflow/example_dags/example_task_group.py
[2026-03-29T12:28:45.140+0500] {processor.py:840} INFO - DAG(s) 'example_task_group' retrieved from /home/abayturar/airflow-project/venv/lib/python3.12/site-packages/airflow/example_dags/example_task_group.py
[2026-03-29T12:28:45.156+0500] {logging_mixin.py:188} INFO - [2026-03-29T12:28:45.156+0500] {dag.py:3089} INFO - Sync 1 DAGs
[2026-03-29T12:28:45.171+0500] {logging_mixin.py:188} INFO - [2026-03-29T12:28:45.171+0500] {dag.py:3947} INFO - Setting next_dagrun for example_task_group to 2026-03-28 00:00:00+00:00, run_after=2026-03-29 00:00:00+00:00
[2026-03-29T12:28:45.188+0500] {processor.py:183} INFO - Processing /home/abayturar/airflow-project/venv/lib/python3.12/site-packages/airflow/example_dags/example_task_group.py took 0.066 seconds
[2026-03-29T12:29:34.681+0500] {processor.py:161} INFO - Started process (PID=4709) to work on /home/abayturar/airflow-project/venv/lib/python3.12/site-packages/airflow/example_dags/example_task_group.py
[2026-03-29T12:29:34.683+0500] {processor.py:830} INFO - Processing file /home/abayturar/airflow-project/venv/lib/python3.12/site-packages/airflow/example_dags/example_task_group.py for tasks to queue
[2026-03-29T12:29:34.684+0500] {logging_mixin.py:188} INFO - [2026-03-29T12:29:34.684+0500] {dagbag.py:545} INFO - Filling up the DagBag from /home/abayturar/airflow-project/venv/lib/python3.12/site-packages/airflow/example_dags/example_task_group.py
[2026-03-29T12:29:34.693+0500] {processor.py:840} INFO - DAG(s) 'example_task_group' retrieved from /home/abayturar/airflow-project/venv/lib/python3.12/site-packages/airflow/example_dags/example_task_group.py
[2026-03-29T12:29:34.712+0500] {logging_mixin.py:188} INFO - [2026-03-29T12:29:34.712+0500] {dag.py:3089} INFO - Sync 1 DAGs
[2026-03-29T12:29:34.727+0500] {logging_mixin.py:188} INFO - [2026-03-29T12:29:34.726+0500] {dag.py:3947} INFO - Setting next_dagrun for example_task_group to 2026-03-28 00:00:00+00:00, run_after=2026-03-29 00:00:00+00:00
[2026-03-29T12:29:34.745+0500] {processor.py:183} INFO - Processing /home/abayturar/airflow-project/venv/lib/python3.12/site-packages/airflow/example_dags/example_task_group.py took 0.070 seconds
[2026-03-29T12:30:25.234+0500] {processor.py:161} INFO - Started process (PID=5000) to work on /home/abayturar/airflow-project/venv/lib/python3.12/site-packages/airflow/example_dags/example_task_group.py
[2026-03-29T12:30:25.235+0500] {processor.py:830} INFO - Processing file /home/abayturar/airflow-project/venv/lib/python3.12/site-packages/airflow/example_dags/example_task_group.py for tasks to queue
[2026-03-29T12:30:25.237+0500] {logging_mixin.py:188} INFO - [2026-03-29T12:30:25.237+0500] {dagbag.py:545} INFO - Filling up the DagBag from /home/abayturar/airflow-project/venv/lib/python3.12/site-packages/airflow/example_dags/example_task_group.py
[2026-03-29T12:30:25.244+0500] {processor.py:840} INFO - DAG(s) 'example_task_group' retrieved from /home/abayturar/airflow-project/venv/lib/python3.12/site-packages/airflow/example_dags/example_task_group.py
[2026-03-29T12:30:25.262+0500] {logging_mixin.py:188} INFO - [2026-03-29T12:30:25.262+0500] {dag.py:3089} INFO - Sync 1 DAGs
[2026-03-29T12:30:25.278+0500] {logging_mixin.py:188} INFO - [2026-03-29T12:30:25.278+0500] {dag.py:3947} INFO - Setting next_dagrun for example_task_group to 2026-03-28 00:00:00+00:00, run_after=2026-03-29 00:00:00+00:00
[2026-03-29T12:30:25.338+0500] {processor.py:183} INFO - Processing /home/abayturar/airflow-project/venv/lib/python3.12/site-packages/airflow/example_dags/example_task_group.py took 0.110 seconds
[2026-03-29T12:31:15.019+0500] {processor.py:161} INFO - Started process (PID=5249) to work on /home/abayturar/airflow-project/venv/lib/python3.12/site-packages/airflow/example_dags/example_task_group.py
[2026-03-29T12:31:15.020+0500] {processor.py:830} INFO - Processing file /home/abayturar/airflow-project/venv/lib/python3.12/site-packages/airflow/example_dags/example_task_group.py for tasks to queue
[2026-03-29T12:31:15.022+0500] {logging_mixin.py:188} INFO - [2026-03-29T12:31:15.021+0500] {dagbag.py:545} INFO - Filling up the DagBag from /home/abayturar/airflow-project/venv/lib/python3.12/site-packages/airflow/example_dags/example_task_group.py
[2026-03-29T12:31:15.029+0500] {processor.py:840} INFO - DAG(s) 'example_task_group' retrieved from /home/abayturar/airflow-project/venv/lib/python3.12/site-packages/airflow/example_dags/example_task_group.py
[2026-03-29T12:31:15.045+0500] {logging_mixin.py:188} INFO - [2026-03-29T12:31:15.045+0500] {dag.py:3089} INFO - Sync 1 DAGs
[2026-03-29T12:31:15.059+0500] {logging_mixin.py:188} INFO - [2026-03-29T12:31:15.059+0500] {dag.py:3947} INFO - Setting next_dagrun for example_task_group to 2026-03-28 00:00:00+00:00, run_after=2026-03-29 00:00:00+00:00
[2026-03-29T12:31:15.113+0500] {processor.py:183} INFO - Processing /home/abayturar/airflow-project/venv/lib/python3.12/site-packages/airflow/example_dags/example_task_group.py took 0.100 seconds
[2026-03-29T12:32:02.195+0500] {processor.py:161} INFO - Started process (PID=5626) to work on /home/abayturar/airflow-project/venv/lib/python3.12/site-packages/airflow/example_dags/example_task_group.py
[2026-03-29T12:32:02.196+0500] {processor.py:830} INFO - Processing file /home/abayturar/airflow-project/venv/lib/python3.12/site-packages/airflow/example_dags/example_task_group.py for tasks to queue
[2026-03-29T12:32:02.198+0500] {logging_mixin.py:188} INFO - [2026-03-29T12:32:02.198+0500] {dagbag.py:545} INFO - Filling up the DagBag from /home/abayturar/airflow-project/venv/lib/python3.12/site-packages/airflow/example_dags/example_task_group.py
[2026-03-29T12:32:02.208+0500] {processor.py:840} INFO - DAG(s) 'example_task_group' retrieved from /home/abayturar/airflow-project/venv/lib/python3.12/site-packages/airflow/example_dags/example_task_group.py
[2026-03-29T12:32:02.227+0500] {logging_mixin.py:188} INFO - [2026-03-29T12:32:02.227+0500] {dag.py:3089} INFO - Sync 1 DAGs
[2026-03-29T12:32:02.246+0500] {logging_mixin.py:188} INFO - [2026-03-29T12:32:02.246+0500] {dag.py:3947} INFO - Setting next_dagrun for example_task_group to 2026-03-28 00:00:00+00:00, run_after=2026-03-29 00:00:00+00:00
[2026-03-29T12:32:02.305+0500] {processor.py:183} INFO - Processing /home/abayturar/airflow-project/venv/lib/python3.12/site-packages/airflow/example_dags/example_task_group.py took 0.117 seconds
[2026-03-29T12:32:50.341+0500] {processor.py:161} INFO - Started process (PID=6075) to work on /home/abayturar/airflow-project/venv/lib/python3.12/site-packages/airflow/example_dags/example_task_group.py
[2026-03-29T12:32:50.342+0500] {processor.py:830} INFO - Processing file /home/abayturar/airflow-project/venv/lib/python3.12/site-packages/airflow/example_dags/example_task_group.py for tasks to queue
[2026-03-29T12:32:50.344+0500] {logging_mixin.py:188} INFO - [2026-03-29T12:32:50.344+0500] {dagbag.py:545} INFO - Filling up the DagBag from /home/abayturar/airflow-project/venv/lib/python3.12/site-packages/airflow/example_dags/example_task_group.py
[2026-03-29T12:32:50.353+0500] {processor.py:840} INFO - DAG(s) 'example_task_group' retrieved from /home/abayturar/airflow-project/venv/lib/python3.12/site-packages/airflow/example_dags/example_task_group.py
[2026-03-29T12:32:50.371+0500] {logging_mixin.py:188} INFO - [2026-03-29T12:32:50.371+0500] {dag.py:3089} INFO - Sync 1 DAGs
[2026-03-29T12:32:50.388+0500] {logging_mixin.py:188} INFO - [2026-03-29T12:32:50.388+0500] {dag.py:3947} INFO - Setting next_dagrun for example_task_group to 2026-03-28 00:00:00+00:00, run_after=2026-03-29 00:00:00+00:00
[2026-03-29T12:32:50.405+0500] {processor.py:183} INFO - Processing /home/abayturar/airflow-project/venv/lib/python3.12/site-packages/airflow/example_dags/example_task_group.py took 0.071 seconds
[2026-03-29T12:33:37.431+0500] {processor.py:161} INFO - Started process (PID=6201) to work on /home/abayturar/airflow-project/venv/lib/python3.12/site-packages/airflow/example_dags/example_task_group.py
[2026-03-29T12:33:37.431+0500] {processor.py:830} INFO - Processing file /home/abayturar/airflow-project/venv/lib/python3.12/site-packages/airflow/example_dags/example_task_group.py for tasks to queue
[2026-03-29T12:33:37.433+0500] {logging_mixin.py:188} INFO - [2026-03-29T12:33:37.433+0500] {dagbag.py:545} INFO - Filling up the DagBag from /home/abayturar/airflow-project/venv/lib/python3.12/site-packages/airflow/example_dags/example_task_group.py
[2026-03-29T12:33:37.441+0500] {processor.py:840} INFO - DAG(s) 'example_task_group' retrieved from /home/abayturar/airflow-project/venv/lib/python3.12/site-packages/airflow/example_dags/example_task_group.py
[2026-03-29T12:33:37.459+0500] {logging_mixin.py:188} INFO - [2026-03-29T12:33:37.459+0500] {dag.py:3089} INFO - Sync 1 DAGs
[2026-03-29T12:33:37.473+0500] {logging_mixin.py:188} INFO - [2026-03-29T12:33:37.473+0500] {dag.py:3947} INFO - Setting next_dagrun for example_task_group to 2026-03-28 00:00:00+00:00, run_after=2026-03-29 00:00:00+00:00
[2026-03-29T12:33:37.524+0500] {processor.py:183} INFO - Processing /home/abayturar/airflow-project/venv/lib/python3.12/site-packages/airflow/example_dags/example_task_group.py took 0.100 seconds
[2026-03-29T12:34:26.916+0500] {processor.py:161} INFO - Started process (PID=6342) to work on /home/abayturar/airflow-project/venv/lib/python3.12/site-packages/airflow/example_dags/example_task_group.py
[2026-03-29T12:34:26.917+0500] {processor.py:830} INFO - Processing file /home/abayturar/airflow-project/venv/lib/python3.12/site-packages/airflow/example_dags/example_task_group.py for tasks to queue
[2026-03-29T12:34:26.919+0500] {logging_mixin.py:188} INFO - [2026-03-29T12:34:26.918+0500] {dagbag.py:545} INFO - Filling up the DagBag from /home/abayturar/airflow-project/venv/lib/python3.12/site-packages/airflow/example_dags/example_task_group.py
[2026-03-29T12:34:26.927+0500] {processor.py:840} INFO - DAG(s) 'example_task_group' retrieved from /home/abayturar/airflow-project/venv/lib/python3.12/site-packages/airflow/example_dags/example_task_group.py
[2026-03-29T12:34:26.945+0500] {logging_mixin.py:188} INFO - [2026-03-29T12:34:26.944+0500] {dag.py:3089} INFO - Sync 1 DAGs
[2026-03-29T12:34:26.959+0500] {logging_mixin.py:188} INFO - [2026-03-29T12:34:26.959+0500] {dag.py:3947} INFO - Setting next_dagrun for example_task_group to 2026-03-28 00:00:00+00:00, run_after=2026-03-29 00:00:00+00:00
[2026-03-29T12:34:27.014+0500] {processor.py:183} INFO - Processing /home/abayturar/airflow-project/venv/lib/python3.12/site-packages/airflow/example_dags/example_task_group.py took 0.106 seconds
[2026-03-29T12:35:16.586+0500] {processor.py:161} INFO - Started process (PID=6473) to work on /home/abayturar/airflow-project/venv/lib/python3.12/site-packages/airflow/example_dags/example_task_group.py
[2026-03-29T12:35:16.588+0500] {processor.py:830} INFO - Processing file /home/abayturar/airflow-project/venv/lib/python3.12/site-packages/airflow/example_dags/example_task_group.py for tasks to queue
[2026-03-29T12:35:16.590+0500] {logging_mixin.py:188} INFO - [2026-03-29T12:35:16.589+0500] {dagbag.py:545} INFO - Filling up the DagBag from /home/abayturar/airflow-project/venv/lib/python3.12/site-packages/airflow/example_dags/example_task_group.py
[2026-03-29T12:35:16.598+0500] {processor.py:840} INFO - DAG(s) 'example_task_group' retrieved from /home/abayturar/airflow-project/venv/lib/python3.12/site-packages/airflow/example_dags/example_task_group.py
[2026-03-29T12:35:16.616+0500] {logging_mixin.py:188} INFO - [2026-03-29T12:35:16.616+0500] {dag.py:3089} INFO - Sync 1 DAGs
[2026-03-29T12:35:16.633+0500] {logging_mixin.py:188} INFO - [2026-03-29T12:35:16.633+0500] {dag.py:3947} INFO - Setting next_dagrun for example_task_group to 2026-03-28 00:00:00+00:00, run_after=2026-03-29 00:00:00+00:00
[2026-03-29T12:35:16.651+0500] {processor.py:183} INFO - Processing /home/abayturar/airflow-project/venv/lib/python3.12/site-packages/airflow/example_dags/example_task_group.py took 0.072 seconds
[2026-03-29T12:36:05.321+0500] {processor.py:161} INFO - Started process (PID=6600) to work on /home/abayturar/airflow-project/venv/lib/python3.12/site-packages/airflow/example_dags/example_task_group.py
[2026-03-29T12:36:05.322+0500] {processor.py:830} INFO - Processing file /home/abayturar/airflow-project/venv/lib/python3.12/site-packages/airflow/example_dags/example_task_group.py for tasks to queue
[2026-03-29T12:36:05.324+0500] {logging_mixin.py:188} INFO - [2026-03-29T12:36:05.323+0500] {dagbag.py:545} INFO - Filling up the DagBag from /home/abayturar/airflow-project/venv/lib/python3.12/site-packages/airflow/example_dags/example_task_group.py
[2026-03-29T12:36:05.331+0500] {processor.py:840} INFO - DAG(s) 'example_task_group' retrieved from /home/abayturar/airflow-project/venv/lib/python3.12/site-packages/airflow/example_dags/example_task_group.py
[2026-03-29T12:36:05.347+0500] {logging_mixin.py:188} INFO - [2026-03-29T12:36:05.347+0500] {dag.py:3089} INFO - Sync 1 DAGs
[2026-03-29T12:36:05.361+0500] {logging_mixin.py:188} INFO - [2026-03-29T12:36:05.361+0500] {dag.py:3947} INFO - Setting next_dagrun for example_task_group to 2026-03-28 00:00:00+00:00, run_after=2026-03-29 00:00:00+00:00
[2026-03-29T12:36:05.415+0500] {processor.py:183} INFO - Processing /home/abayturar/airflow-project/venv/lib/python3.12/site-packages/airflow/example_dags/example_task_group.py took 0.101 seconds
[2026-03-29T12:36:54.966+0500] {processor.py:161} INFO - Started process (PID=6731) to work on /home/abayturar/airflow-project/venv/lib/python3.12/site-packages/airflow/example_dags/example_task_group.py
[2026-03-29T12:36:54.967+0500] {processor.py:830} INFO - Processing file /home/abayturar/airflow-project/venv/lib/python3.12/site-packages/airflow/example_dags/example_task_group.py for tasks to queue
[2026-03-29T12:36:54.969+0500] {logging_mixin.py:188} INFO - [2026-03-29T12:36:54.968+0500] {dagbag.py:545} INFO - Filling up the DagBag from /home/abayturar/airflow-project/venv/lib/python3.12/site-packages/airflow/example_dags/example_task_group.py
[2026-03-29T12:36:54.977+0500] {processor.py:840} INFO - DAG(s) 'example_task_group' retrieved from /home/abayturar/airflow-project/venv/lib/python3.12/site-packages/airflow/example_dags/example_task_group.py
[2026-03-29T12:36:54.996+0500] {logging_mixin.py:188} INFO - [2026-03-29T12:36:54.995+0500] {dag.py:3089} INFO - Sync 1 DAGs
[2026-03-29T12:36:55.013+0500] {logging_mixin.py:188} INFO - [2026-03-29T12:36:55.013+0500] {dag.py:3947} INFO - Setting next_dagrun for example_task_group to 2026-03-28 00:00:00+00:00, run_after=2026-03-29 00:00:00+00:00
[2026-03-29T12:36:55.033+0500] {processor.py:183} INFO - Processing /home/abayturar/airflow-project/venv/lib/python3.12/site-packages/airflow/example_dags/example_task_group.py took 0.075 seconds
[2026-03-29T12:37:44.780+0500] {processor.py:161} INFO - Started process (PID=6864) to work on /home/abayturar/airflow-project/venv/lib/python3.12/site-packages/airflow/example_dags/example_task_group.py
[2026-03-29T12:37:44.781+0500] {processor.py:830} INFO - Processing file /home/abayturar/airflow-project/venv/lib/python3.12/site-packages/airflow/example_dags/example_task_group.py for tasks to queue
[2026-03-29T12:37:44.783+0500] {logging_mixin.py:188} INFO - [2026-03-29T12:37:44.782+0500] {dagbag.py:545} INFO - Filling up the DagBag from /home/abayturar/airflow-project/venv/lib/python3.12/site-packages/airflow/example_dags/example_task_group.py
[2026-03-29T12:37:44.790+0500] {processor.py:840} INFO - DAG(s) 'example_task_group' retrieved from /home/abayturar/airflow-project/venv/lib/python3.12/site-packages/airflow/example_dags/example_task_group.py
[2026-03-29T12:37:44.807+0500] {logging_mixin.py:188} INFO - [2026-03-29T12:37:44.807+0500] {dag.py:3089} INFO - Sync 1 DAGs
[2026-03-29T12:37:44.821+0500] {logging_mixin.py:188} INFO - [2026-03-29T12:37:44.821+0500] {dag.py:3947} INFO - Setting next_dagrun for example_task_group to 2026-03-28 00:00:00+00:00, run_after=2026-03-29 00:00:00+00:00
[2026-03-29T12:37:44.875+0500] {processor.py:183} INFO - Processing /home/abayturar/airflow-project/venv/lib/python3.12/site-packages/airflow/example_dags/example_task_group.py took 0.103 seconds
[2026-03-29T12:38:35.373+0500] {processor.py:161} INFO - Started process (PID=6996) to work on /home/abayturar/airflow-project/venv/lib/python3.12/site-packages/airflow/example_dags/example_task_group.py
[2026-03-29T12:38:35.374+0500] {processor.py:830} INFO - Processing file /home/abayturar/airflow-project/venv/lib/python3.12/site-packages/airflow/example_dags/example_task_group.py for tasks to queue
[2026-03-29T12:38:35.375+0500] {logging_mixin.py:188} INFO - [2026-03-29T12:38:35.375+0500] {dagbag.py:545} INFO - Filling up the DagBag from /home/abayturar/airflow-project/venv/lib/python3.12/site-packages/airflow/example_dags/example_task_group.py
[2026-03-29T12:38:35.382+0500] {processor.py:840} INFO - DAG(s) 'example_task_group' retrieved from /home/abayturar/airflow-project/venv/lib/python3.12/site-packages/airflow/example_dags/example_task_group.py
[2026-03-29T12:38:35.397+0500] {logging_mixin.py:188} INFO - [2026-03-29T12:38:35.397+0500] {dag.py:3089} INFO - Sync 1 DAGs
[2026-03-29T12:38:35.411+0500] {logging_mixin.py:188} INFO - [2026-03-29T12:38:35.411+0500] {dag.py:3947} INFO - Setting next_dagrun for example_task_group to 2026-03-28 00:00:00+00:00, run_after=2026-03-29 00:00:00+00:00
[2026-03-29T12:38:35.464+0500] {processor.py:183} INFO - Processing /home/abayturar/airflow-project/venv/lib/python3.12/site-packages/airflow/example_dags/example_task_group.py took 0.097 seconds
[2026-03-29T12:39:27.994+0500] {processor.py:161} INFO - Started process (PID=7133) to work on /home/abayturar/airflow-project/venv/lib/python3.12/site-packages/airflow/example_dags/example_task_group.py
[2026-03-29T12:39:27.994+0500] {processor.py:830} INFO - Processing file /home/abayturar/airflow-project/venv/lib/python3.12/site-packages/airflow/example_dags/example_task_group.py for tasks to queue
[2026-03-29T12:39:27.996+0500] {logging_mixin.py:188} INFO - [2026-03-29T12:39:27.996+0500] {dagbag.py:545} INFO - Filling up the DagBag from /home/abayturar/airflow-project/venv/lib/python3.12/site-packages/airflow/example_dags/example_task_group.py
[2026-03-29T12:39:28.003+0500] {processor.py:840} INFO - DAG(s) 'example_task_group' retrieved from /home/abayturar/airflow-project/venv/lib/python3.12/site-packages/airflow/example_dags/example_task_group.py
[2026-03-29T12:39:28.018+0500] {logging_mixin.py:188} INFO - [2026-03-29T12:39:28.018+0500] {dag.py:3089} INFO - Sync 1 DAGs
[2026-03-29T12:39:28.031+0500] {logging_mixin.py:188} INFO - [2026-03-29T12:39:28.031+0500] {dag.py:3947} INFO - Setting next_dagrun for example_task_group to 2026-03-28 00:00:00+00:00, run_after=2026-03-29 00:00:00+00:00
[2026-03-29T12:39:28.086+0500] {processor.py:183} INFO - Processing /home/abayturar/airflow-project/venv/lib/python3.12/site-packages/airflow/example_dags/example_task_group.py took 0.098 seconds
[2026-03-29T12:40:18.746+0500] {processor.py:161} INFO - Started process (PID=7293) to work on /home/abayturar/airflow-project/venv/lib/python3.12/site-packages/airflow/example_dags/example_task_group.py
[2026-03-29T12:40:18.747+0500] {processor.py:830} INFO - Processing file /home/abayturar/airflow-project/venv/lib/python3.12/site-packages/airflow/example_dags/example_task_group.py for tasks to queue
[2026-03-29T12:40:18.749+0500] {logging_mixin.py:188} INFO - [2026-03-29T12:40:18.748+0500] {dagbag.py:545} INFO - Filling up the DagBag from /home/abayturar/airflow-project/venv/lib/python3.12/site-packages/airflow/example_dags/example_task_group.py
[2026-03-29T12:40:18.756+0500] {processor.py:840} INFO - DAG(s) 'example_task_group' retrieved from /home/abayturar/airflow-project/venv/lib/python3.12/site-packages/airflow/example_dags/example_task_group.py
[2026-03-29T12:40:18.771+0500] {logging_mixin.py:188} INFO - [2026-03-29T12:40:18.771+0500] {dag.py:3089} INFO - Sync 1 DAGs
[2026-03-29T12:40:18.784+0500] {logging_mixin.py:188} INFO - [2026-03-29T12:40:18.784+0500] {dag.py:3947} INFO - Setting next_dagrun for example_task_group to 2026-03-28 00:00:00+00:00, run_after=2026-03-29 00:00:00+00:00
[2026-03-29T12:40:18.837+0500] {processor.py:183} INFO - Processing /home/abayturar/airflow-project/venv/lib/python3.12/site-packages/airflow/example_dags/example_task_group.py took 0.097 seconds
[2026-03-29T12:41:09.421+0500] {processor.py:161} INFO - Started process (PID=7427) to work on /home/abayturar/airflow-project/venv/lib/python3.12/site-packages/airflow/example_dags/example_task_group.py
[2026-03-29T12:41:09.421+0500] {processor.py:830} INFO - Processing file /home/abayturar/airflow-project/venv/lib/python3.12/site-packages/airflow/example_dags/example_task_group.py for tasks to queue
[2026-03-29T12:41:09.423+0500] {logging_mixin.py:188} INFO - [2026-03-29T12:41:09.423+0500] {dagbag.py:545} INFO - Filling up the DagBag from /home/abayturar/airflow-project/venv/lib/python3.12/site-packages/airflow/example_dags/example_task_group.py
[2026-03-29T12:41:09.430+0500] {processor.py:840} INFO - DAG(s) 'example_task_group' retrieved from /home/abayturar/airflow-project/venv/lib/python3.12/site-packages/airflow/example_dags/example_task_group.py
[2026-03-29T12:41:09.446+0500] {logging_mixin.py:188} INFO - [2026-03-29T12:41:09.446+0500] {dag.py:3089} INFO - Sync 1 DAGs
[2026-03-29T12:41:09.460+0500] {logging_mixin.py:188} INFO - [2026-03-29T12:41:09.460+0500] {dag.py:3947} INFO - Setting next_dagrun for example_task_group to 2026-03-28 00:00:00+00:00, run_after=2026-03-29 00:00:00+00:00
[2026-03-29T12:41:09.514+0500] {processor.py:183} INFO - Processing /home/abayturar/airflow-project/venv/lib/python3.12/site-packages/airflow/example_dags/example_task_group.py took 0.100 seconds
[2026-03-29T12:42:01.576+0500] {processor.py:161} INFO - Started process (PID=7586) to work on /home/abayturar/airflow-project/venv/lib/python3.12/site-packages/airflow/example_dags/example_task_group.py
[2026-03-29T12:42:01.577+0500] {processor.py:830} INFO - Processing file /home/abayturar/airflow-project/venv/lib/python3.12/site-packages/airflow/example_dags/example_task_group.py for tasks to queue
[2026-03-29T12:42:01.578+0500] {logging_mixin.py:188} INFO - [2026-03-29T12:42:01.578+0500] {dagbag.py:545} INFO - Filling up the DagBag from /home/abayturar/airflow-project/venv/lib/python3.12/site-packages/airflow/example_dags/example_task_group.py
[2026-03-29T12:42:01.586+0500] {processor.py:840} INFO - DAG(s) 'example_task_group' retrieved from /home/abayturar/airflow-project/venv/lib/python3.12/site-packages/airflow/example_dags/example_task_group.py
[2026-03-29T12:42:01.602+0500] {logging_mixin.py:188} INFO - [2026-03-29T12:42:01.602+0500] {dag.py:3089} INFO - Sync 1 DAGs
[2026-03-29T12:42:01.619+0500] {logging_mixin.py:188} INFO - [2026-03-29T12:42:01.618+0500] {dag.py:3947} INFO - Setting next_dagrun for example_task_group to 2026-03-28 00:00:00+00:00, run_after=2026-03-29 00:00:00+00:00
[2026-03-29T12:42:01.633+0500] {processor.py:183} INFO - Processing /home/abayturar/airflow-project/venv/lib/python3.12/site-packages/airflow/example_dags/example_task_group.py took 0.064 seconds
[2026-03-29T12:42:53.857+0500] {processor.py:161} INFO - Started process (PID=7725) to work on /home/abayturar/airflow-project/venv/lib/python3.12/site-packages/airflow/example_dags/example_task_group.py
[2026-03-29T12:42:53.858+0500] {processor.py:830} INFO - Processing file /home/abayturar/airflow-project/venv/lib/python3.12/site-packages/airflow/example_dags/example_task_group.py for tasks to queue
[2026-03-29T12:42:53.860+0500] {logging_mixin.py:188} INFO - [2026-03-29T12:42:53.859+0500] {dagbag.py:545} INFO - Filling up the DagBag from /home/abayturar/airflow-project/venv/lib/python3.12/site-packages/airflow/example_dags/example_task_group.py
[2026-03-29T12:42:53.869+0500] {processor.py:840} INFO - DAG(s) 'example_task_group' retrieved from /home/abayturar/airflow-project/venv/lib/python3.12/site-packages/airflow/example_dags/example_task_group.py
[2026-03-29T12:42:53.887+0500] {logging_mixin.py:188} INFO - [2026-03-29T12:42:53.887+0500] {dag.py:3089} INFO - Sync 1 DAGs
[2026-03-29T12:42:53.900+0500] {logging_mixin.py:188} INFO - [2026-03-29T12:42:53.900+0500] {dag.py:3947} INFO - Setting next_dagrun for example_task_group to 2026-03-28 00:00:00+00:00, run_after=2026-03-29 00:00:00+00:00
[2026-03-29T12:42:53.956+0500] {processor.py:183} INFO - Processing /home/abayturar/airflow-project/venv/lib/python3.12/site-packages/airflow/example_dags/example_task_group.py took 0.109 seconds
[2026-03-29T12:43:46.867+0500] {processor.py:161} INFO - Started process (PID=7955) to work on /home/abayturar/airflow-project/venv/lib/python3.12/site-packages/airflow/example_dags/example_task_group.py
[2026-03-29T12:43:46.868+0500] {processor.py:830} INFO - Processing file /home/abayturar/airflow-project/venv/lib/python3.12/site-packages/airflow/example_dags/example_task_group.py for tasks to queue
[2026-03-29T12:43:46.870+0500] {logging_mixin.py:188} INFO - [2026-03-29T12:43:46.869+0500] {dagbag.py:545} INFO - Filling up the DagBag from /home/abayturar/airflow-project/venv/lib/python3.12/site-packages/airflow/example_dags/example_task_group.py
[2026-03-29T12:43:46.877+0500] {processor.py:840} INFO - DAG(s) 'example_task_group' retrieved from /home/abayturar/airflow-project/venv/lib/python3.12/site-packages/airflow/example_dags/example_task_group.py
[2026-03-29T12:43:46.893+0500] {logging_mixin.py:188} INFO - [2026-03-29T12:43:46.893+0500] {dag.py:3089} INFO - Sync 1 DAGs
[2026-03-29T12:43:46.907+0500] {logging_mixin.py:188} INFO - [2026-03-29T12:43:46.907+0500] {dag.py:3947} INFO - Setting next_dagrun for example_task_group to 2026-03-28 00:00:00+00:00, run_after=2026-03-29 00:00:00+00:00
[2026-03-29T12:43:46.961+0500] {processor.py:183} INFO - Processing /home/abayturar/airflow-project/venv/lib/python3.12/site-packages/airflow/example_dags/example_task_group.py took 0.099 seconds
[2026-03-29T12:44:39.249+0500] {processor.py:161} INFO - Started process (PID=8165) to work on /home/abayturar/airflow-project/venv/lib/python3.12/site-packages/airflow/example_dags/example_task_group.py
[2026-03-29T12:44:39.249+0500] {processor.py:830} INFO - Processing file /home/abayturar/airflow-project/venv/lib/python3.12/site-packages/airflow/example_dags/example_task_group.py for tasks to queue
[2026-03-29T12:44:39.251+0500] {logging_mixin.py:188} INFO - [2026-03-29T12:44:39.251+0500] {dagbag.py:545} INFO - Filling up the DagBag from /home/abayturar/airflow-project/venv/lib/python3.12/site-packages/airflow/example_dags/example_task_group.py
[2026-03-29T12:44:39.258+0500] {processor.py:840} INFO - DAG(s) 'example_task_group' retrieved from /home/abayturar/airflow-project/venv/lib/python3.12/site-packages/airflow/example_dags/example_task_group.py
[2026-03-29T12:44:39.274+0500] {logging_mixin.py:188} INFO - [2026-03-29T12:44:39.274+0500] {dag.py:3089} INFO - Sync 1 DAGs
[2026-03-29T12:44:39.288+0500] {logging_mixin.py:188} INFO - [2026-03-29T12:44:39.288+0500] {dag.py:3947} INFO - Setting next_dagrun for example_task_group to 2026-03-28 00:00:00+00:00, run_after=2026-03-29 00:00:00+00:00
[2026-03-29T12:44:39.342+0500] {processor.py:183} INFO - Processing /home/abayturar/airflow-project/venv/lib/python3.12/site-packages/airflow/example_dags/example_task_group.py took 0.099 seconds
[2026-03-29T12:45:32.651+0500] {processor.py:161} INFO - Started process (PID=8636) to work on /home/abayturar/airflow-project/venv/lib/python3.12/site-packages/airflow/example_dags/example_task_group.py
[2026-03-29T12:45:32.651+0500] {processor.py:830} INFO - Processing file /home/abayturar/airflow-project/venv/lib/python3.12/site-packages/airflow/example_dags/example_task_group.py for tasks to queue
[2026-03-29T12:45:32.653+0500] {logging_mixin.py:188} INFO - [2026-03-29T12:45:32.653+0500] {dagbag.py:545} INFO - Filling up the DagBag from /home/abayturar/airflow-project/venv/lib/python3.12/site-packages/airflow/example_dags/example_task_group.py
[2026-03-29T12:45:32.661+0500] {processor.py:840} INFO - DAG(s) 'example_task_group' retrieved from /home/abayturar/airflow-project/venv/lib/python3.12/site-packages/airflow/example_dags/example_task_group.py
[2026-03-29T12:45:32.680+0500] {logging_mixin.py:188} INFO - [2026-03-29T12:45:32.680+0500] {dag.py:3089} INFO - Sync 1 DAGs
[2026-03-29T12:45:32.696+0500] {logging_mixin.py:188} INFO - [2026-03-29T12:45:32.696+0500] {dag.py:3947} INFO - Setting next_dagrun for example_task_group to 2026-03-28 00:00:00+00:00, run_after=2026-03-29 00:00:00+00:00
[2026-03-29T12:45:32.753+0500] {processor.py:183} INFO - Processing /home/abayturar/airflow-project/venv/lib/python3.12/site-packages/airflow/example_dags/example_task_group.py took 0.110 seconds
[2026-03-29T12:46:25.217+0500] {processor.py:161} INFO - Started process (PID=8889) to work on /home/abayturar/airflow-project/venv/lib/python3.12/site-packages/airflow/example_dags/example_task_group.py
[2026-03-29T12:46:25.218+0500] {processor.py:830} INFO - Processing file /home/abayturar/airflow-project/venv/lib/python3.12/site-packages/airflow/example_dags/example_task_group.py for tasks to queue
[2026-03-29T12:46:25.220+0500] {logging_mixin.py:188} INFO - [2026-03-29T12:46:25.219+0500] {dagbag.py:545} INFO - Filling up the DagBag from /home/abayturar/airflow-project/venv/lib/python3.12/site-packages/airflow/example_dags/example_task_group.py
[2026-03-29T12:46:25.228+0500] {processor.py:840} INFO - DAG(s) 'example_task_group' retrieved from /home/abayturar/airflow-project/venv/lib/python3.12/site-packages/airflow/example_dags/example_task_group.py
[2026-03-29T12:46:25.245+0500] {logging_mixin.py:188} INFO - [2026-03-29T12:46:25.245+0500] {dag.py:3089} INFO - Sync 1 DAGs
[2026-03-29T12:46:25.259+0500] {logging_mixin.py:188} INFO - [2026-03-29T12:46:25.259+0500] {dag.py:3947} INFO - Setting next_dagrun for example_task_group to 2026-03-28 00:00:00+00:00, run_after=2026-03-29 00:00:00+00:00
[2026-03-29T12:46:25.313+0500] {processor.py:183} INFO - Processing /home/abayturar/airflow-project/venv/lib/python3.12/site-packages/airflow/example_dags/example_task_group.py took 0.104 seconds
