[2026-03-29T12:01:48.879+0500] {processor.py:161} INFO - Started process (PID=32380) to work on /home/abayturar/airflow-project/venv/lib/python3.12/site-packages/airflow/example_dags/tutorial_dag.py
[2026-03-29T12:01:48.880+0500] {processor.py:830} INFO - Processing file /home/abayturar/airflow-project/venv/lib/python3.12/site-packages/airflow/example_dags/tutorial_dag.py for tasks to queue
[2026-03-29T12:01:48.882+0500] {logging_mixin.py:188} INFO - [2026-03-29T12:01:48.881+0500] {dagbag.py:545} INFO - Filling up the DagBag from /home/abayturar/airflow-project/venv/lib/python3.12/site-packages/airflow/example_dags/tutorial_dag.py
[2026-03-29T12:01:48.890+0500] {processor.py:840} INFO - DAG(s) 'tutorial_dag' retrieved from /home/abayturar/airflow-project/venv/lib/python3.12/site-packages/airflow/example_dags/tutorial_dag.py
[2026-03-29T12:01:48.920+0500] {logging_mixin.py:188} INFO - [2026-03-29T12:01:48.919+0500] {dag.py:3089} INFO - Sync 1 DAGs
[2026-03-29T12:01:48.951+0500] {logging_mixin.py:188} INFO - [2026-03-29T12:01:48.951+0500] {dag.py:3947} INFO - Setting next_dagrun for tutorial_dag to None, run_after=None
[2026-03-29T12:01:48.976+0500] {processor.py:183} INFO - Processing /home/abayturar/airflow-project/venv/lib/python3.12/site-packages/airflow/example_dags/tutorial_dag.py took 0.108 seconds
[2026-03-29T12:02:43.110+0500] {processor.py:161} INFO - Started process (PID=32615) to work on /home/abayturar/airflow-project/venv/lib/python3.12/site-packages/airflow/example_dags/tutorial_dag.py
[2026-03-29T12:02:43.111+0500] {processor.py:830} INFO - Processing file /home/abayturar/airflow-project/venv/lib/python3.12/site-packages/airflow/example_dags/tutorial_dag.py for tasks to queue
[2026-03-29T12:02:43.113+0500] {logging_mixin.py:188} INFO - [2026-03-29T12:02:43.112+0500] {dagbag.py:545} INFO - Filling up the DagBag from /home/abayturar/airflow-project/venv/lib/python3.12/site-packages/airflow/example_dags/tutorial_dag.py
[2026-03-29T12:02:43.118+0500] {processor.py:840} INFO - DAG(s) 'tutorial_dag' retrieved from /home/abayturar/airflow-project/venv/lib/python3.12/site-packages/airflow/example_dags/tutorial_dag.py
[2026-03-29T12:02:43.134+0500] {logging_mixin.py:188} INFO - [2026-03-29T12:02:43.133+0500] {dag.py:3089} INFO - Sync 1 DAGs
[2026-03-29T12:02:43.142+0500] {logging_mixin.py:188} INFO - [2026-03-29T12:02:43.142+0500] {dag.py:3947} INFO - Setting next_dagrun for tutorial_dag to None, run_after=None
[2026-03-29T12:02:43.197+0500] {processor.py:183} INFO - Processing /home/abayturar/airflow-project/venv/lib/python3.12/site-packages/airflow/example_dags/tutorial_dag.py took 0.093 seconds
[2026-03-29T12:06:11.351+0500] {processor.py:161} INFO - Started process (PID=79) to work on /home/abayturar/airflow-project/venv/lib/python3.12/site-packages/airflow/example_dags/tutorial_dag.py
[2026-03-29T12:06:11.352+0500] {processor.py:830} INFO - Processing file /home/abayturar/airflow-project/venv/lib/python3.12/site-packages/airflow/example_dags/tutorial_dag.py for tasks to queue
[2026-03-29T12:06:11.354+0500] {logging_mixin.py:188} INFO - [2026-03-29T12:06:11.354+0500] {dagbag.py:545} INFO - Filling up the DagBag from /home/abayturar/airflow-project/venv/lib/python3.12/site-packages/airflow/example_dags/tutorial_dag.py
[2026-03-29T12:06:11.361+0500] {processor.py:840} INFO - DAG(s) 'tutorial_dag' retrieved from /home/abayturar/airflow-project/venv/lib/python3.12/site-packages/airflow/example_dags/tutorial_dag.py
[2026-03-29T12:06:11.377+0500] {logging_mixin.py:188} INFO - [2026-03-29T12:06:11.377+0500] {dag.py:3089} INFO - Sync 1 DAGs
[2026-03-29T12:06:11.386+0500] {logging_mixin.py:188} INFO - [2026-03-29T12:06:11.386+0500] {dag.py:3947} INFO - Setting next_dagrun for tutorial_dag to None, run_after=None
[2026-03-29T12:06:11.401+0500] {processor.py:183} INFO - Processing /home/abayturar/airflow-project/venv/lib/python3.12/site-packages/airflow/example_dags/tutorial_dag.py took 0.056 seconds
[2026-03-29T12:07:03.366+0500] {processor.py:161} INFO - Started process (PID=292) to work on /home/abayturar/airflow-project/venv/lib/python3.12/site-packages/airflow/example_dags/tutorial_dag.py
[2026-03-29T12:07:03.367+0500] {processor.py:830} INFO - Processing file /home/abayturar/airflow-project/venv/lib/python3.12/site-packages/airflow/example_dags/tutorial_dag.py for tasks to queue
[2026-03-29T12:07:03.369+0500] {logging_mixin.py:188} INFO - [2026-03-29T12:07:03.368+0500] {dagbag.py:545} INFO - Filling up the DagBag from /home/abayturar/airflow-project/venv/lib/python3.12/site-packages/airflow/example_dags/tutorial_dag.py
[2026-03-29T12:07:03.375+0500] {processor.py:840} INFO - DAG(s) 'tutorial_dag' retrieved from /home/abayturar/airflow-project/venv/lib/python3.12/site-packages/airflow/example_dags/tutorial_dag.py
[2026-03-29T12:07:03.392+0500] {logging_mixin.py:188} INFO - [2026-03-29T12:07:03.392+0500] {dag.py:3089} INFO - Sync 1 DAGs
[2026-03-29T12:07:03.405+0500] {logging_mixin.py:188} INFO - [2026-03-29T12:07:03.405+0500] {dag.py:3947} INFO - Setting next_dagrun for tutorial_dag to None, run_after=None
[2026-03-29T12:07:03.424+0500] {processor.py:183} INFO - Processing /home/abayturar/airflow-project/venv/lib/python3.12/site-packages/airflow/example_dags/tutorial_dag.py took 0.065 seconds
[2026-03-29T12:07:49.676+0500] {processor.py:161} INFO - Started process (PID=486) to work on /home/abayturar/airflow-project/venv/lib/python3.12/site-packages/airflow/example_dags/tutorial_dag.py
[2026-03-29T12:07:49.677+0500] {processor.py:830} INFO - Processing file /home/abayturar/airflow-project/venv/lib/python3.12/site-packages/airflow/example_dags/tutorial_dag.py for tasks to queue
[2026-03-29T12:07:49.679+0500] {logging_mixin.py:188} INFO - [2026-03-29T12:07:49.679+0500] {dagbag.py:545} INFO - Filling up the DagBag from /home/abayturar/airflow-project/venv/lib/python3.12/site-packages/airflow/example_dags/tutorial_dag.py
[2026-03-29T12:07:49.685+0500] {processor.py:840} INFO - DAG(s) 'tutorial_dag' retrieved from /home/abayturar/airflow-project/venv/lib/python3.12/site-packages/airflow/example_dags/tutorial_dag.py
[2026-03-29T12:07:49.700+0500] {logging_mixin.py:188} INFO - [2026-03-29T12:07:49.700+0500] {dag.py:3089} INFO - Sync 1 DAGs
[2026-03-29T12:07:49.709+0500] {logging_mixin.py:188} INFO - [2026-03-29T12:07:49.709+0500] {dag.py:3947} INFO - Setting next_dagrun for tutorial_dag to None, run_after=None
[2026-03-29T12:07:49.765+0500] {processor.py:183} INFO - Processing /home/abayturar/airflow-project/venv/lib/python3.12/site-packages/airflow/example_dags/tutorial_dag.py took 0.094 seconds
[2026-03-29T12:08:40.278+0500] {processor.py:161} INFO - Started process (PID=695) to work on /home/abayturar/airflow-project/venv/lib/python3.12/site-packages/airflow/example_dags/tutorial_dag.py
[2026-03-29T12:08:40.278+0500] {processor.py:830} INFO - Processing file /home/abayturar/airflow-project/venv/lib/python3.12/site-packages/airflow/example_dags/tutorial_dag.py for tasks to queue
[2026-03-29T12:08:40.280+0500] {logging_mixin.py:188} INFO - [2026-03-29T12:08:40.280+0500] {dagbag.py:545} INFO - Filling up the DagBag from /home/abayturar/airflow-project/venv/lib/python3.12/site-packages/airflow/example_dags/tutorial_dag.py
[2026-03-29T12:08:40.287+0500] {processor.py:840} INFO - DAG(s) 'tutorial_dag' retrieved from /home/abayturar/airflow-project/venv/lib/python3.12/site-packages/airflow/example_dags/tutorial_dag.py
[2026-03-29T12:08:40.303+0500] {logging_mixin.py:188} INFO - [2026-03-29T12:08:40.302+0500] {dag.py:3089} INFO - Sync 1 DAGs
[2026-03-29T12:08:40.312+0500] {logging_mixin.py:188} INFO - [2026-03-29T12:08:40.312+0500] {dag.py:3947} INFO - Setting next_dagrun for tutorial_dag to None, run_after=None
[2026-03-29T12:08:40.329+0500] {processor.py:183} INFO - Processing /home/abayturar/airflow-project/venv/lib/python3.12/site-packages/airflow/example_dags/tutorial_dag.py took 0.058 seconds
[2026-03-29T12:09:32.234+0500] {processor.py:161} INFO - Started process (PID=894) to work on /home/abayturar/airflow-project/venv/lib/python3.12/site-packages/airflow/example_dags/tutorial_dag.py
[2026-03-29T12:09:32.236+0500] {processor.py:830} INFO - Processing file /home/abayturar/airflow-project/venv/lib/python3.12/site-packages/airflow/example_dags/tutorial_dag.py for tasks to queue
[2026-03-29T12:09:32.238+0500] {logging_mixin.py:188} INFO - [2026-03-29T12:09:32.237+0500] {dagbag.py:545} INFO - Filling up the DagBag from /home/abayturar/airflow-project/venv/lib/python3.12/site-packages/airflow/example_dags/tutorial_dag.py
[2026-03-29T12:09:32.245+0500] {processor.py:840} INFO - DAG(s) 'tutorial_dag' retrieved from /home/abayturar/airflow-project/venv/lib/python3.12/site-packages/airflow/example_dags/tutorial_dag.py
[2026-03-29T12:09:32.262+0500] {logging_mixin.py:188} INFO - [2026-03-29T12:09:32.262+0500] {dag.py:3089} INFO - Sync 1 DAGs
[2026-03-29T12:09:32.271+0500] {logging_mixin.py:188} INFO - [2026-03-29T12:09:32.271+0500] {dag.py:3947} INFO - Setting next_dagrun for tutorial_dag to None, run_after=None
[2026-03-29T12:09:32.327+0500] {processor.py:183} INFO - Processing /home/abayturar/airflow-project/venv/lib/python3.12/site-packages/airflow/example_dags/tutorial_dag.py took 0.099 seconds
[2026-03-29T12:10:21.623+0500] {processor.py:161} INFO - Started process (PID=1028) to work on /home/abayturar/airflow-project/venv/lib/python3.12/site-packages/airflow/example_dags/tutorial_dag.py
[2026-03-29T12:10:21.624+0500] {processor.py:830} INFO - Processing file /home/abayturar/airflow-project/venv/lib/python3.12/site-packages/airflow/example_dags/tutorial_dag.py for tasks to queue
[2026-03-29T12:10:21.626+0500] {logging_mixin.py:188} INFO - [2026-03-29T12:10:21.625+0500] {dagbag.py:545} INFO - Filling up the DagBag from /home/abayturar/airflow-project/venv/lib/python3.12/site-packages/airflow/example_dags/tutorial_dag.py
[2026-03-29T12:10:21.632+0500] {processor.py:840} INFO - DAG(s) 'tutorial_dag' retrieved from /home/abayturar/airflow-project/venv/lib/python3.12/site-packages/airflow/example_dags/tutorial_dag.py
[2026-03-29T12:10:21.647+0500] {logging_mixin.py:188} INFO - [2026-03-29T12:10:21.646+0500] {dag.py:3089} INFO - Sync 1 DAGs
[2026-03-29T12:10:21.655+0500] {logging_mixin.py:188} INFO - [2026-03-29T12:10:21.655+0500] {dag.py:3947} INFO - Setting next_dagrun for tutorial_dag to None, run_after=None
[2026-03-29T12:10:21.710+0500] {processor.py:183} INFO - Processing /home/abayturar/airflow-project/venv/lib/python3.12/site-packages/airflow/example_dags/tutorial_dag.py took 0.092 seconds
[2026-03-29T12:11:09.470+0500] {processor.py:161} INFO - Started process (PID=1154) to work on /home/abayturar/airflow-project/venv/lib/python3.12/site-packages/airflow/example_dags/tutorial_dag.py
[2026-03-29T12:11:09.471+0500] {processor.py:830} INFO - Processing file /home/abayturar/airflow-project/venv/lib/python3.12/site-packages/airflow/example_dags/tutorial_dag.py for tasks to queue
[2026-03-29T12:11:09.472+0500] {logging_mixin.py:188} INFO - [2026-03-29T12:11:09.472+0500] {dagbag.py:545} INFO - Filling up the DagBag from /home/abayturar/airflow-project/venv/lib/python3.12/site-packages/airflow/example_dags/tutorial_dag.py
[2026-03-29T12:11:09.478+0500] {processor.py:840} INFO - DAG(s) 'tutorial_dag' retrieved from /home/abayturar/airflow-project/venv/lib/python3.12/site-packages/airflow/example_dags/tutorial_dag.py
[2026-03-29T12:11:09.493+0500] {logging_mixin.py:188} INFO - [2026-03-29T12:11:09.492+0500] {dag.py:3089} INFO - Sync 1 DAGs
[2026-03-29T12:11:09.501+0500] {logging_mixin.py:188} INFO - [2026-03-29T12:11:09.501+0500] {dag.py:3947} INFO - Setting next_dagrun for tutorial_dag to None, run_after=None
[2026-03-29T12:11:09.556+0500] {processor.py:183} INFO - Processing /home/abayturar/airflow-project/venv/lib/python3.12/site-packages/airflow/example_dags/tutorial_dag.py took 0.092 seconds
[2026-03-29T12:11:59.255+0500] {processor.py:161} INFO - Started process (PID=1285) to work on /home/abayturar/airflow-project/venv/lib/python3.12/site-packages/airflow/example_dags/tutorial_dag.py
[2026-03-29T12:11:59.256+0500] {processor.py:830} INFO - Processing file /home/abayturar/airflow-project/venv/lib/python3.12/site-packages/airflow/example_dags/tutorial_dag.py for tasks to queue
[2026-03-29T12:11:59.258+0500] {logging_mixin.py:188} INFO - [2026-03-29T12:11:59.257+0500] {dagbag.py:545} INFO - Filling up the DagBag from /home/abayturar/airflow-project/venv/lib/python3.12/site-packages/airflow/example_dags/tutorial_dag.py
[2026-03-29T12:11:59.265+0500] {processor.py:840} INFO - DAG(s) 'tutorial_dag' retrieved from /home/abayturar/airflow-project/venv/lib/python3.12/site-packages/airflow/example_dags/tutorial_dag.py
[2026-03-29T12:11:59.282+0500] {logging_mixin.py:188} INFO - [2026-03-29T12:11:59.281+0500] {dag.py:3089} INFO - Sync 1 DAGs
[2026-03-29T12:11:59.291+0500] {logging_mixin.py:188} INFO - [2026-03-29T12:11:59.291+0500] {dag.py:3947} INFO - Setting next_dagrun for tutorial_dag to None, run_after=None
[2026-03-29T12:11:59.306+0500] {processor.py:183} INFO - Processing /home/abayturar/airflow-project/venv/lib/python3.12/site-packages/airflow/example_dags/tutorial_dag.py took 0.058 seconds
[2026-03-29T12:12:51.873+0500] {processor.py:161} INFO - Started process (PID=1424) to work on /home/abayturar/airflow-project/venv/lib/python3.12/site-packages/airflow/example_dags/tutorial_dag.py
[2026-03-29T12:12:51.874+0500] {processor.py:830} INFO - Processing file /home/abayturar/airflow-project/venv/lib/python3.12/site-packages/airflow/example_dags/tutorial_dag.py for tasks to queue
[2026-03-29T12:12:51.876+0500] {logging_mixin.py:188} INFO - [2026-03-29T12:12:51.875+0500] {dagbag.py:545} INFO - Filling up the DagBag from /home/abayturar/airflow-project/venv/lib/python3.12/site-packages/airflow/example_dags/tutorial_dag.py
[2026-03-29T12:12:51.881+0500] {processor.py:840} INFO - DAG(s) 'tutorial_dag' retrieved from /home/abayturar/airflow-project/venv/lib/python3.12/site-packages/airflow/example_dags/tutorial_dag.py
[2026-03-29T12:12:51.896+0500] {logging_mixin.py:188} INFO - [2026-03-29T12:12:51.896+0500] {dag.py:3089} INFO - Sync 1 DAGs
[2026-03-29T12:12:51.906+0500] {logging_mixin.py:188} INFO - [2026-03-29T12:12:51.905+0500] {dag.py:3947} INFO - Setting next_dagrun for tutorial_dag to None, run_after=None
[2026-03-29T12:12:51.961+0500] {processor.py:183} INFO - Processing /home/abayturar/airflow-project/venv/lib/python3.12/site-packages/airflow/example_dags/tutorial_dag.py took 0.093 seconds
[2026-03-29T12:13:40.853+0500] {processor.py:161} INFO - Started process (PID=1553) to work on /home/abayturar/airflow-project/venv/lib/python3.12/site-packages/airflow/example_dags/tutorial_dag.py
[2026-03-29T12:13:40.854+0500] {processor.py:830} INFO - Processing file /home/abayturar/airflow-project/venv/lib/python3.12/site-packages/airflow/example_dags/tutorial_dag.py for tasks to queue
[2026-03-29T12:13:40.855+0500] {logging_mixin.py:188} INFO - [2026-03-29T12:13:40.855+0500] {dagbag.py:545} INFO - Filling up the DagBag from /home/abayturar/airflow-project/venv/lib/python3.12/site-packages/airflow/example_dags/tutorial_dag.py
[2026-03-29T12:13:40.861+0500] {processor.py:840} INFO - DAG(s) 'tutorial_dag' retrieved from /home/abayturar/airflow-project/venv/lib/python3.12/site-packages/airflow/example_dags/tutorial_dag.py
[2026-03-29T12:13:40.876+0500] {logging_mixin.py:188} INFO - [2026-03-29T12:13:40.876+0500] {dag.py:3089} INFO - Sync 1 DAGs
[2026-03-29T12:13:40.884+0500] {logging_mixin.py:188} INFO - [2026-03-29T12:13:40.884+0500] {dag.py:3947} INFO - Setting next_dagrun for tutorial_dag to None, run_after=None
[2026-03-29T12:13:40.938+0500] {processor.py:183} INFO - Processing /home/abayturar/airflow-project/venv/lib/python3.12/site-packages/airflow/example_dags/tutorial_dag.py took 0.090 seconds
[2026-03-29T12:14:32.611+0500] {processor.py:161} INFO - Started process (PID=1688) to work on /home/abayturar/airflow-project/venv/lib/python3.12/site-packages/airflow/example_dags/tutorial_dag.py
[2026-03-29T12:14:32.612+0500] {processor.py:830} INFO - Processing file /home/abayturar/airflow-project/venv/lib/python3.12/site-packages/airflow/example_dags/tutorial_dag.py for tasks to queue
[2026-03-29T12:14:32.614+0500] {logging_mixin.py:188} INFO - [2026-03-29T12:14:32.613+0500] {dagbag.py:545} INFO - Filling up the DagBag from /home/abayturar/airflow-project/venv/lib/python3.12/site-packages/airflow/example_dags/tutorial_dag.py
[2026-03-29T12:14:32.620+0500] {processor.py:840} INFO - DAG(s) 'tutorial_dag' retrieved from /home/abayturar/airflow-project/venv/lib/python3.12/site-packages/airflow/example_dags/tutorial_dag.py
[2026-03-29T12:14:32.635+0500] {logging_mixin.py:188} INFO - [2026-03-29T12:14:32.635+0500] {dag.py:3089} INFO - Sync 1 DAGs
[2026-03-29T12:14:32.644+0500] {logging_mixin.py:188} INFO - [2026-03-29T12:14:32.644+0500] {dag.py:3947} INFO - Setting next_dagrun for tutorial_dag to None, run_after=None
[2026-03-29T12:14:32.784+0500] {processor.py:183} INFO - Processing /home/abayturar/airflow-project/venv/lib/python3.12/site-packages/airflow/example_dags/tutorial_dag.py took 0.178 seconds
[2026-03-29T12:15:27.156+0500] {processor.py:161} INFO - Started process (PID=1827) to work on /home/abayturar/airflow-project/venv/lib/python3.12/site-packages/airflow/example_dags/tutorial_dag.py
[2026-03-29T12:15:27.156+0500] {processor.py:830} INFO - Processing file /home/abayturar/airflow-project/venv/lib/python3.12/site-packages/airflow/example_dags/tutorial_dag.py for tasks to queue
[2026-03-29T12:15:27.158+0500] {logging_mixin.py:188} INFO - [2026-03-29T12:15:27.158+0500] {dagbag.py:545} INFO - Filling up the DagBag from /home/abayturar/airflow-project/venv/lib/python3.12/site-packages/airflow/example_dags/tutorial_dag.py
[2026-03-29T12:15:27.164+0500] {processor.py:840} INFO - DAG(s) 'tutorial_dag' retrieved from /home/abayturar/airflow-project/venv/lib/python3.12/site-packages/airflow/example_dags/tutorial_dag.py
[2026-03-29T12:15:27.179+0500] {logging_mixin.py:188} INFO - [2026-03-29T12:15:27.179+0500] {dag.py:3089} INFO - Sync 1 DAGs
[2026-03-29T12:15:27.189+0500] {logging_mixin.py:188} INFO - [2026-03-29T12:15:27.188+0500] {dag.py:3947} INFO - Setting next_dagrun for tutorial_dag to None, run_after=None
[2026-03-29T12:15:27.204+0500] {processor.py:183} INFO - Processing /home/abayturar/airflow-project/venv/lib/python3.12/site-packages/airflow/example_dags/tutorial_dag.py took 0.055 seconds
[2026-03-29T12:16:20.057+0500] {processor.py:161} INFO - Started process (PID=1967) to work on /home/abayturar/airflow-project/venv/lib/python3.12/site-packages/airflow/example_dags/tutorial_dag.py
[2026-03-29T12:16:20.058+0500] {processor.py:830} INFO - Processing file /home/abayturar/airflow-project/venv/lib/python3.12/site-packages/airflow/example_dags/tutorial_dag.py for tasks to queue
[2026-03-29T12:16:20.060+0500] {logging_mixin.py:188} INFO - [2026-03-29T12:16:20.060+0500] {dagbag.py:545} INFO - Filling up the DagBag from /home/abayturar/airflow-project/venv/lib/python3.12/site-packages/airflow/example_dags/tutorial_dag.py
[2026-03-29T12:16:20.066+0500] {processor.py:840} INFO - DAG(s) 'tutorial_dag' retrieved from /home/abayturar/airflow-project/venv/lib/python3.12/site-packages/airflow/example_dags/tutorial_dag.py
[2026-03-29T12:16:20.080+0500] {logging_mixin.py:188} INFO - [2026-03-29T12:16:20.080+0500] {dag.py:3089} INFO - Sync 1 DAGs
[2026-03-29T12:16:20.088+0500] {logging_mixin.py:188} INFO - [2026-03-29T12:16:20.088+0500] {dag.py:3947} INFO - Setting next_dagrun for tutorial_dag to None, run_after=None
[2026-03-29T12:16:20.142+0500] {processor.py:183} INFO - Processing /home/abayturar/airflow-project/venv/lib/python3.12/site-packages/airflow/example_dags/tutorial_dag.py took 0.090 seconds
[2026-03-29T12:17:12.008+0500] {processor.py:161} INFO - Started process (PID=2102) to work on /home/abayturar/airflow-project/venv/lib/python3.12/site-packages/airflow/example_dags/tutorial_dag.py
[2026-03-29T12:17:12.009+0500] {processor.py:830} INFO - Processing file /home/abayturar/airflow-project/venv/lib/python3.12/site-packages/airflow/example_dags/tutorial_dag.py for tasks to queue
[2026-03-29T12:17:12.011+0500] {logging_mixin.py:188} INFO - [2026-03-29T12:17:12.010+0500] {dagbag.py:545} INFO - Filling up the DagBag from /home/abayturar/airflow-project/venv/lib/python3.12/site-packages/airflow/example_dags/tutorial_dag.py
[2026-03-29T12:17:12.109+0500] {processor.py:840} INFO - DAG(s) 'tutorial_dag' retrieved from /home/abayturar/airflow-project/venv/lib/python3.12/site-packages/airflow/example_dags/tutorial_dag.py
[2026-03-29T12:17:12.117+0500] {logging_mixin.py:188} INFO - [2026-03-29T12:17:12.117+0500] {dag.py:3089} INFO - Sync 1 DAGs
[2026-03-29T12:17:12.123+0500] {logging_mixin.py:188} INFO - [2026-03-29T12:17:12.123+0500] {dag.py:3947} INFO - Setting next_dagrun for tutorial_dag to None, run_after=None
[2026-03-29T12:17:12.174+0500] {processor.py:183} INFO - Processing /home/abayturar/airflow-project/venv/lib/python3.12/site-packages/airflow/example_dags/tutorial_dag.py took 0.171 seconds
[2026-03-29T12:18:06.522+0500] {processor.py:161} INFO - Started process (PID=2244) to work on /home/abayturar/airflow-project/venv/lib/python3.12/site-packages/airflow/example_dags/tutorial_dag.py
[2026-03-29T12:18:06.523+0500] {processor.py:830} INFO - Processing file /home/abayturar/airflow-project/venv/lib/python3.12/site-packages/airflow/example_dags/tutorial_dag.py for tasks to queue
[2026-03-29T12:18:06.525+0500] {logging_mixin.py:188} INFO - [2026-03-29T12:18:06.525+0500] {dagbag.py:545} INFO - Filling up the DagBag from /home/abayturar/airflow-project/venv/lib/python3.12/site-packages/airflow/example_dags/tutorial_dag.py
[2026-03-29T12:18:06.531+0500] {processor.py:840} INFO - DAG(s) 'tutorial_dag' retrieved from /home/abayturar/airflow-project/venv/lib/python3.12/site-packages/airflow/example_dags/tutorial_dag.py
[2026-03-29T12:18:06.546+0500] {logging_mixin.py:188} INFO - [2026-03-29T12:18:06.545+0500] {dag.py:3089} INFO - Sync 1 DAGs
[2026-03-29T12:18:06.554+0500] {logging_mixin.py:188} INFO - [2026-03-29T12:18:06.554+0500] {dag.py:3947} INFO - Setting next_dagrun for tutorial_dag to None, run_after=None
[2026-03-29T12:18:06.609+0500] {processor.py:183} INFO - Processing /home/abayturar/airflow-project/venv/lib/python3.12/site-packages/airflow/example_dags/tutorial_dag.py took 0.092 seconds
[2026-03-29T12:18:56.399+0500] {processor.py:161} INFO - Started process (PID=2375) to work on /home/abayturar/airflow-project/venv/lib/python3.12/site-packages/airflow/example_dags/tutorial_dag.py
[2026-03-29T12:18:56.400+0500] {processor.py:830} INFO - Processing file /home/abayturar/airflow-project/venv/lib/python3.12/site-packages/airflow/example_dags/tutorial_dag.py for tasks to queue
[2026-03-29T12:18:56.402+0500] {logging_mixin.py:188} INFO - [2026-03-29T12:18:56.401+0500] {dagbag.py:545} INFO - Filling up the DagBag from /home/abayturar/airflow-project/venv/lib/python3.12/site-packages/airflow/example_dags/tutorial_dag.py
[2026-03-29T12:18:56.409+0500] {processor.py:840} INFO - DAG(s) 'tutorial_dag' retrieved from /home/abayturar/airflow-project/venv/lib/python3.12/site-packages/airflow/example_dags/tutorial_dag.py
[2026-03-29T12:18:56.426+0500] {logging_mixin.py:188} INFO - [2026-03-29T12:18:56.426+0500] {dag.py:3089} INFO - Sync 1 DAGs
[2026-03-29T12:18:56.436+0500] {logging_mixin.py:188} INFO - [2026-03-29T12:18:56.436+0500] {dag.py:3947} INFO - Setting next_dagrun for tutorial_dag to None, run_after=None
[2026-03-29T12:18:56.452+0500] {processor.py:183} INFO - Processing /home/abayturar/airflow-project/venv/lib/python3.12/site-packages/airflow/example_dags/tutorial_dag.py took 0.059 seconds
[2026-03-29T12:19:46.894+0500] {processor.py:161} INFO - Started process (PID=2508) to work on /home/abayturar/airflow-project/venv/lib/python3.12/site-packages/airflow/example_dags/tutorial_dag.py
[2026-03-29T12:19:46.895+0500] {processor.py:830} INFO - Processing file /home/abayturar/airflow-project/venv/lib/python3.12/site-packages/airflow/example_dags/tutorial_dag.py for tasks to queue
[2026-03-29T12:19:46.896+0500] {logging_mixin.py:188} INFO - [2026-03-29T12:19:46.896+0500] {dagbag.py:545} INFO - Filling up the DagBag from /home/abayturar/airflow-project/venv/lib/python3.12/site-packages/airflow/example_dags/tutorial_dag.py
[2026-03-29T12:19:46.903+0500] {processor.py:840} INFO - DAG(s) 'tutorial_dag' retrieved from /home/abayturar/airflow-project/venv/lib/python3.12/site-packages/airflow/example_dags/tutorial_dag.py
[2026-03-29T12:19:46.919+0500] {logging_mixin.py:188} INFO - [2026-03-29T12:19:46.918+0500] {dag.py:3089} INFO - Sync 1 DAGs
[2026-03-29T12:19:46.928+0500] {logging_mixin.py:188} INFO - [2026-03-29T12:19:46.928+0500] {dag.py:3947} INFO - Setting next_dagrun for tutorial_dag to None, run_after=None
[2026-03-29T12:19:46.946+0500] {processor.py:183} INFO - Processing /home/abayturar/airflow-project/venv/lib/python3.12/site-packages/airflow/example_dags/tutorial_dag.py took 0.058 seconds
[2026-03-29T12:20:40.608+0500] {processor.py:161} INFO - Started process (PID=2647) to work on /home/abayturar/airflow-project/venv/lib/python3.12/site-packages/airflow/example_dags/tutorial_dag.py
[2026-03-29T12:20:40.609+0500] {processor.py:830} INFO - Processing file /home/abayturar/airflow-project/venv/lib/python3.12/site-packages/airflow/example_dags/tutorial_dag.py for tasks to queue
[2026-03-29T12:20:40.610+0500] {logging_mixin.py:188} INFO - [2026-03-29T12:20:40.610+0500] {dagbag.py:545} INFO - Filling up the DagBag from /home/abayturar/airflow-project/venv/lib/python3.12/site-packages/airflow/example_dags/tutorial_dag.py
[2026-03-29T12:20:40.617+0500] {processor.py:840} INFO - DAG(s) 'tutorial_dag' retrieved from /home/abayturar/airflow-project/venv/lib/python3.12/site-packages/airflow/example_dags/tutorial_dag.py
[2026-03-29T12:20:40.632+0500] {logging_mixin.py:188} INFO - [2026-03-29T12:20:40.632+0500] {dag.py:3089} INFO - Sync 1 DAGs
[2026-03-29T12:20:40.642+0500] {logging_mixin.py:188} INFO - [2026-03-29T12:20:40.641+0500] {dag.py:3947} INFO - Setting next_dagrun for tutorial_dag to None, run_after=None
[2026-03-29T12:20:40.697+0500] {processor.py:183} INFO - Processing /home/abayturar/airflow-project/venv/lib/python3.12/site-packages/airflow/example_dags/tutorial_dag.py took 0.096 seconds
[2026-03-29T12:21:34.083+0500] {processor.py:161} INFO - Started process (PID=2787) to work on /home/abayturar/airflow-project/venv/lib/python3.12/site-packages/airflow/example_dags/tutorial_dag.py
[2026-03-29T12:21:34.084+0500] {processor.py:830} INFO - Processing file /home/abayturar/airflow-project/venv/lib/python3.12/site-packages/airflow/example_dags/tutorial_dag.py for tasks to queue
[2026-03-29T12:21:34.087+0500] {logging_mixin.py:188} INFO - [2026-03-29T12:21:34.086+0500] {dagbag.py:545} INFO - Filling up the DagBag from /home/abayturar/airflow-project/venv/lib/python3.12/site-packages/airflow/example_dags/tutorial_dag.py
[2026-03-29T12:21:34.094+0500] {processor.py:840} INFO - DAG(s) 'tutorial_dag' retrieved from /home/abayturar/airflow-project/venv/lib/python3.12/site-packages/airflow/example_dags/tutorial_dag.py
[2026-03-29T12:21:34.119+0500] {logging_mixin.py:188} INFO - [2026-03-29T12:21:34.119+0500] {dag.py:3089} INFO - Sync 1 DAGs
[2026-03-29T12:21:34.130+0500] {logging_mixin.py:188} INFO - [2026-03-29T12:21:34.129+0500] {dag.py:3947} INFO - Setting next_dagrun for tutorial_dag to None, run_after=None
[2026-03-29T12:21:34.188+0500] {processor.py:183} INFO - Processing /home/abayturar/airflow-project/venv/lib/python3.12/site-packages/airflow/example_dags/tutorial_dag.py took 0.112 seconds
[2026-03-29T12:22:23.740+0500] {processor.py:161} INFO - Started process (PID=3040) to work on /home/abayturar/airflow-project/venv/lib/python3.12/site-packages/airflow/example_dags/tutorial_dag.py
[2026-03-29T12:22:23.741+0500] {processor.py:830} INFO - Processing file /home/abayturar/airflow-project/venv/lib/python3.12/site-packages/airflow/example_dags/tutorial_dag.py for tasks to queue
[2026-03-29T12:22:23.744+0500] {logging_mixin.py:188} INFO - [2026-03-29T12:22:23.743+0500] {dagbag.py:545} INFO - Filling up the DagBag from /home/abayturar/airflow-project/venv/lib/python3.12/site-packages/airflow/example_dags/tutorial_dag.py
[2026-03-29T12:22:23.751+0500] {processor.py:840} INFO - DAG(s) 'tutorial_dag' retrieved from /home/abayturar/airflow-project/venv/lib/python3.12/site-packages/airflow/example_dags/tutorial_dag.py
[2026-03-29T12:22:23.768+0500] {logging_mixin.py:188} INFO - [2026-03-29T12:22:23.768+0500] {dag.py:3089} INFO - Sync 1 DAGs
[2026-03-29T12:22:23.780+0500] {logging_mixin.py:188} INFO - [2026-03-29T12:22:23.780+0500] {dag.py:3947} INFO - Setting next_dagrun for tutorial_dag to None, run_after=None
[2026-03-29T12:22:23.837+0500] {processor.py:183} INFO - Processing /home/abayturar/airflow-project/venv/lib/python3.12/site-packages/airflow/example_dags/tutorial_dag.py took 0.104 seconds
[2026-03-29T12:23:17.683+0500] {processor.py:161} INFO - Started process (PID=3245) to work on /home/abayturar/airflow-project/venv/lib/python3.12/site-packages/airflow/example_dags/tutorial_dag.py
[2026-03-29T12:23:17.684+0500] {processor.py:830} INFO - Processing file /home/abayturar/airflow-project/venv/lib/python3.12/site-packages/airflow/example_dags/tutorial_dag.py for tasks to queue
[2026-03-29T12:23:17.685+0500] {logging_mixin.py:188} INFO - [2026-03-29T12:23:17.685+0500] {dagbag.py:545} INFO - Filling up the DagBag from /home/abayturar/airflow-project/venv/lib/python3.12/site-packages/airflow/example_dags/tutorial_dag.py
[2026-03-29T12:23:17.692+0500] {processor.py:840} INFO - DAG(s) 'tutorial_dag' retrieved from /home/abayturar/airflow-project/venv/lib/python3.12/site-packages/airflow/example_dags/tutorial_dag.py
[2026-03-29T12:23:17.707+0500] {logging_mixin.py:188} INFO - [2026-03-29T12:23:17.707+0500] {dag.py:3089} INFO - Sync 1 DAGs
[2026-03-29T12:23:17.716+0500] {logging_mixin.py:188} INFO - [2026-03-29T12:23:17.716+0500] {dag.py:3947} INFO - Setting next_dagrun for tutorial_dag to None, run_after=None
[2026-03-29T12:23:17.771+0500] {processor.py:183} INFO - Processing /home/abayturar/airflow-project/venv/lib/python3.12/site-packages/airflow/example_dags/tutorial_dag.py took 0.094 seconds
[2026-03-29T12:24:09.762+0500] {processor.py:161} INFO - Started process (PID=3467) to work on /home/abayturar/airflow-project/venv/lib/python3.12/site-packages/airflow/example_dags/tutorial_dag.py
[2026-03-29T12:24:09.763+0500] {processor.py:830} INFO - Processing file /home/abayturar/airflow-project/venv/lib/python3.12/site-packages/airflow/example_dags/tutorial_dag.py for tasks to queue
[2026-03-29T12:24:09.765+0500] {logging_mixin.py:188} INFO - [2026-03-29T12:24:09.764+0500] {dagbag.py:545} INFO - Filling up the DagBag from /home/abayturar/airflow-project/venv/lib/python3.12/site-packages/airflow/example_dags/tutorial_dag.py
[2026-03-29T12:24:09.771+0500] {processor.py:840} INFO - DAG(s) 'tutorial_dag' retrieved from /home/abayturar/airflow-project/venv/lib/python3.12/site-packages/airflow/example_dags/tutorial_dag.py
[2026-03-29T12:24:09.789+0500] {logging_mixin.py:188} INFO - [2026-03-29T12:24:09.789+0500] {dag.py:3089} INFO - Sync 1 DAGs
[2026-03-29T12:24:09.799+0500] {logging_mixin.py:188} INFO - [2026-03-29T12:24:09.799+0500] {dag.py:3947} INFO - Setting next_dagrun for tutorial_dag to None, run_after=None
[2026-03-29T12:24:09.855+0500] {processor.py:183} INFO - Processing /home/abayturar/airflow-project/venv/lib/python3.12/site-packages/airflow/example_dags/tutorial_dag.py took 0.100 seconds
[2026-03-29T12:25:03.814+0500] {processor.py:161} INFO - Started process (PID=3606) to work on /home/abayturar/airflow-project/venv/lib/python3.12/site-packages/airflow/example_dags/tutorial_dag.py
[2026-03-29T12:25:03.815+0500] {processor.py:830} INFO - Processing file /home/abayturar/airflow-project/venv/lib/python3.12/site-packages/airflow/example_dags/tutorial_dag.py for tasks to queue
[2026-03-29T12:25:03.816+0500] {logging_mixin.py:188} INFO - [2026-03-29T12:25:03.816+0500] {dagbag.py:545} INFO - Filling up the DagBag from /home/abayturar/airflow-project/venv/lib/python3.12/site-packages/airflow/example_dags/tutorial_dag.py
[2026-03-29T12:25:03.824+0500] {processor.py:840} INFO - DAG(s) 'tutorial_dag' retrieved from /home/abayturar/airflow-project/venv/lib/python3.12/site-packages/airflow/example_dags/tutorial_dag.py
[2026-03-29T12:25:03.843+0500] {logging_mixin.py:188} INFO - [2026-03-29T12:25:03.843+0500] {dag.py:3089} INFO - Sync 1 DAGs
[2026-03-29T12:25:03.852+0500] {logging_mixin.py:188} INFO - [2026-03-29T12:25:03.852+0500] {dag.py:3947} INFO - Setting next_dagrun for tutorial_dag to None, run_after=None
[2026-03-29T12:25:03.907+0500] {processor.py:183} INFO - Processing /home/abayturar/airflow-project/venv/lib/python3.12/site-packages/airflow/example_dags/tutorial_dag.py took 0.100 seconds
[2026-03-29T12:25:55.874+0500] {processor.py:161} INFO - Started process (PID=3804) to work on /home/abayturar/airflow-project/venv/lib/python3.12/site-packages/airflow/example_dags/tutorial_dag.py
[2026-03-29T12:25:55.875+0500] {processor.py:830} INFO - Processing file /home/abayturar/airflow-project/venv/lib/python3.12/site-packages/airflow/example_dags/tutorial_dag.py for tasks to queue
[2026-03-29T12:25:55.876+0500] {logging_mixin.py:188} INFO - [2026-03-29T12:25:55.876+0500] {dagbag.py:545} INFO - Filling up the DagBag from /home/abayturar/airflow-project/venv/lib/python3.12/site-packages/airflow/example_dags/tutorial_dag.py
[2026-03-29T12:25:55.882+0500] {processor.py:840} INFO - DAG(s) 'tutorial_dag' retrieved from /home/abayturar/airflow-project/venv/lib/python3.12/site-packages/airflow/example_dags/tutorial_dag.py
[2026-03-29T12:25:55.897+0500] {logging_mixin.py:188} INFO - [2026-03-29T12:25:55.897+0500] {dag.py:3089} INFO - Sync 1 DAGs
[2026-03-29T12:25:55.906+0500] {logging_mixin.py:188} INFO - [2026-03-29T12:25:55.906+0500] {dag.py:3947} INFO - Setting next_dagrun for tutorial_dag to None, run_after=None
[2026-03-29T12:25:55.960+0500] {processor.py:183} INFO - Processing /home/abayturar/airflow-project/venv/lib/python3.12/site-packages/airflow/example_dags/tutorial_dag.py took 0.092 seconds
[2026-03-29T12:26:44.513+0500] {processor.py:161} INFO - Started process (PID=4071) to work on /home/abayturar/airflow-project/venv/lib/python3.12/site-packages/airflow/example_dags/tutorial_dag.py
[2026-03-29T12:26:44.514+0500] {processor.py:830} INFO - Processing file /home/abayturar/airflow-project/venv/lib/python3.12/site-packages/airflow/example_dags/tutorial_dag.py for tasks to queue
[2026-03-29T12:26:44.515+0500] {logging_mixin.py:188} INFO - [2026-03-29T12:26:44.515+0500] {dagbag.py:545} INFO - Filling up the DagBag from /home/abayturar/airflow-project/venv/lib/python3.12/site-packages/airflow/example_dags/tutorial_dag.py
[2026-03-29T12:26:44.522+0500] {processor.py:840} INFO - DAG(s) 'tutorial_dag' retrieved from /home/abayturar/airflow-project/venv/lib/python3.12/site-packages/airflow/example_dags/tutorial_dag.py
[2026-03-29T12:26:44.537+0500] {logging_mixin.py:188} INFO - [2026-03-29T12:26:44.537+0500] {dag.py:3089} INFO - Sync 1 DAGs
[2026-03-29T12:26:44.547+0500] {logging_mixin.py:188} INFO - [2026-03-29T12:26:44.546+0500] {dag.py:3947} INFO - Setting next_dagrun for tutorial_dag to None, run_after=None
[2026-03-29T12:26:44.604+0500] {processor.py:183} INFO - Processing /home/abayturar/airflow-project/venv/lib/python3.12/site-packages/airflow/example_dags/tutorial_dag.py took 0.098 seconds
[2026-03-29T12:27:34.474+0500] {processor.py:161} INFO - Started process (PID=4311) to work on /home/abayturar/airflow-project/venv/lib/python3.12/site-packages/airflow/example_dags/tutorial_dag.py
[2026-03-29T12:27:34.476+0500] {processor.py:830} INFO - Processing file /home/abayturar/airflow-project/venv/lib/python3.12/site-packages/airflow/example_dags/tutorial_dag.py for tasks to queue
[2026-03-29T12:27:34.481+0500] {logging_mixin.py:188} INFO - [2026-03-29T12:27:34.480+0500] {dagbag.py:545} INFO - Filling up the DagBag from /home/abayturar/airflow-project/venv/lib/python3.12/site-packages/airflow/example_dags/tutorial_dag.py
[2026-03-29T12:27:34.495+0500] {processor.py:840} INFO - DAG(s) 'tutorial_dag' retrieved from /home/abayturar/airflow-project/venv/lib/python3.12/site-packages/airflow/example_dags/tutorial_dag.py
[2026-03-29T12:27:34.528+0500] {logging_mixin.py:188} INFO - [2026-03-29T12:27:34.528+0500] {dag.py:3089} INFO - Sync 1 DAGs
[2026-03-29T12:27:34.539+0500] {logging_mixin.py:188} INFO - [2026-03-29T12:27:34.539+0500] {dag.py:3947} INFO - Setting next_dagrun for tutorial_dag to None, run_after=None
[2026-03-29T12:27:34.558+0500] {processor.py:183} INFO - Processing /home/abayturar/airflow-project/venv/lib/python3.12/site-packages/airflow/example_dags/tutorial_dag.py took 0.095 seconds
[2026-03-29T12:28:22.545+0500] {processor.py:161} INFO - Started process (PID=4515) to work on /home/abayturar/airflow-project/venv/lib/python3.12/site-packages/airflow/example_dags/tutorial_dag.py
[2026-03-29T12:28:22.546+0500] {processor.py:830} INFO - Processing file /home/abayturar/airflow-project/venv/lib/python3.12/site-packages/airflow/example_dags/tutorial_dag.py for tasks to queue
[2026-03-29T12:28:22.548+0500] {logging_mixin.py:188} INFO - [2026-03-29T12:28:22.547+0500] {dagbag.py:545} INFO - Filling up the DagBag from /home/abayturar/airflow-project/venv/lib/python3.12/site-packages/airflow/example_dags/tutorial_dag.py
[2026-03-29T12:28:22.554+0500] {processor.py:840} INFO - DAG(s) 'tutorial_dag' retrieved from /home/abayturar/airflow-project/venv/lib/python3.12/site-packages/airflow/example_dags/tutorial_dag.py
[2026-03-29T12:28:22.573+0500] {logging_mixin.py:188} INFO - [2026-03-29T12:28:22.573+0500] {dag.py:3089} INFO - Sync 1 DAGs
[2026-03-29T12:28:22.584+0500] {logging_mixin.py:188} INFO - [2026-03-29T12:28:22.584+0500] {dag.py:3947} INFO - Setting next_dagrun for tutorial_dag to None, run_after=None
[2026-03-29T12:28:22.602+0500] {processor.py:183} INFO - Processing /home/abayturar/airflow-project/venv/lib/python3.12/site-packages/airflow/example_dags/tutorial_dag.py took 0.064 seconds
[2026-03-29T12:29:09.959+0500] {processor.py:161} INFO - Started process (PID=4640) to work on /home/abayturar/airflow-project/venv/lib/python3.12/site-packages/airflow/example_dags/tutorial_dag.py
[2026-03-29T12:29:09.960+0500] {processor.py:830} INFO - Processing file /home/abayturar/airflow-project/venv/lib/python3.12/site-packages/airflow/example_dags/tutorial_dag.py for tasks to queue
[2026-03-29T12:29:09.962+0500] {logging_mixin.py:188} INFO - [2026-03-29T12:29:09.962+0500] {dagbag.py:545} INFO - Filling up the DagBag from /home/abayturar/airflow-project/venv/lib/python3.12/site-packages/airflow/example_dags/tutorial_dag.py
[2026-03-29T12:29:09.969+0500] {processor.py:840} INFO - DAG(s) 'tutorial_dag' retrieved from /home/abayturar/airflow-project/venv/lib/python3.12/site-packages/airflow/example_dags/tutorial_dag.py
[2026-03-29T12:29:09.986+0500] {logging_mixin.py:188} INFO - [2026-03-29T12:29:09.986+0500] {dag.py:3089} INFO - Sync 1 DAGs
[2026-03-29T12:29:09.996+0500] {logging_mixin.py:188} INFO - [2026-03-29T12:29:09.996+0500] {dag.py:3947} INFO - Setting next_dagrun for tutorial_dag to None, run_after=None
[2026-03-29T12:29:10.015+0500] {processor.py:183} INFO - Processing /home/abayturar/airflow-project/venv/lib/python3.12/site-packages/airflow/example_dags/tutorial_dag.py took 0.063 seconds
[2026-03-29T12:29:58.495+0500] {processor.py:161} INFO - Started process (PID=4928) to work on /home/abayturar/airflow-project/venv/lib/python3.12/site-packages/airflow/example_dags/tutorial_dag.py
[2026-03-29T12:29:58.496+0500] {processor.py:830} INFO - Processing file /home/abayturar/airflow-project/venv/lib/python3.12/site-packages/airflow/example_dags/tutorial_dag.py for tasks to queue
[2026-03-29T12:29:58.499+0500] {logging_mixin.py:188} INFO - [2026-03-29T12:29:58.498+0500] {dagbag.py:545} INFO - Filling up the DagBag from /home/abayturar/airflow-project/venv/lib/python3.12/site-packages/airflow/example_dags/tutorial_dag.py
[2026-03-29T12:29:58.508+0500] {processor.py:840} INFO - DAG(s) 'tutorial_dag' retrieved from /home/abayturar/airflow-project/venv/lib/python3.12/site-packages/airflow/example_dags/tutorial_dag.py
[2026-03-29T12:29:58.526+0500] {logging_mixin.py:188} INFO - [2026-03-29T12:29:58.526+0500] {dag.py:3089} INFO - Sync 1 DAGs
[2026-03-29T12:29:58.540+0500] {logging_mixin.py:188} INFO - [2026-03-29T12:29:58.540+0500] {dag.py:3947} INFO - Setting next_dagrun for tutorial_dag to None, run_after=None
[2026-03-29T12:29:58.600+0500] {processor.py:183} INFO - Processing /home/abayturar/airflow-project/venv/lib/python3.12/site-packages/airflow/example_dags/tutorial_dag.py took 0.113 seconds
[2026-03-29T12:30:49.660+0500] {processor.py:161} INFO - Started process (PID=5126) to work on /home/abayturar/airflow-project/venv/lib/python3.12/site-packages/airflow/example_dags/tutorial_dag.py
[2026-03-29T12:30:49.661+0500] {processor.py:830} INFO - Processing file /home/abayturar/airflow-project/venv/lib/python3.12/site-packages/airflow/example_dags/tutorial_dag.py for tasks to queue
[2026-03-29T12:30:49.663+0500] {logging_mixin.py:188} INFO - [2026-03-29T12:30:49.663+0500] {dagbag.py:545} INFO - Filling up the DagBag from /home/abayturar/airflow-project/venv/lib/python3.12/site-packages/airflow/example_dags/tutorial_dag.py
[2026-03-29T12:30:49.669+0500] {processor.py:840} INFO - DAG(s) 'tutorial_dag' retrieved from /home/abayturar/airflow-project/venv/lib/python3.12/site-packages/airflow/example_dags/tutorial_dag.py
[2026-03-29T12:30:49.685+0500] {logging_mixin.py:188} INFO - [2026-03-29T12:30:49.684+0500] {dag.py:3089} INFO - Sync 1 DAGs
[2026-03-29T12:30:49.694+0500] {logging_mixin.py:188} INFO - [2026-03-29T12:30:49.694+0500] {dag.py:3947} INFO - Setting next_dagrun for tutorial_dag to None, run_after=None
[2026-03-29T12:30:49.748+0500] {processor.py:183} INFO - Processing /home/abayturar/airflow-project/venv/lib/python3.12/site-packages/airflow/example_dags/tutorial_dag.py took 0.094 seconds
[2026-03-29T12:31:37.826+0500] {processor.py:161} INFO - Started process (PID=5410) to work on /home/abayturar/airflow-project/venv/lib/python3.12/site-packages/airflow/example_dags/tutorial_dag.py
[2026-03-29T12:31:37.827+0500] {processor.py:830} INFO - Processing file /home/abayturar/airflow-project/venv/lib/python3.12/site-packages/airflow/example_dags/tutorial_dag.py for tasks to queue
[2026-03-29T12:31:37.828+0500] {logging_mixin.py:188} INFO - [2026-03-29T12:31:37.828+0500] {dagbag.py:545} INFO - Filling up the DagBag from /home/abayturar/airflow-project/venv/lib/python3.12/site-packages/airflow/example_dags/tutorial_dag.py
[2026-03-29T12:31:37.835+0500] {processor.py:840} INFO - DAG(s) 'tutorial_dag' retrieved from /home/abayturar/airflow-project/venv/lib/python3.12/site-packages/airflow/example_dags/tutorial_dag.py
[2026-03-29T12:31:37.850+0500] {logging_mixin.py:188} INFO - [2026-03-29T12:31:37.850+0500] {dag.py:3089} INFO - Sync 1 DAGs
[2026-03-29T12:31:37.861+0500] {logging_mixin.py:188} INFO - [2026-03-29T12:31:37.861+0500] {dag.py:3947} INFO - Setting next_dagrun for tutorial_dag to None, run_after=None
[2026-03-29T12:31:37.877+0500] {processor.py:183} INFO - Processing /home/abayturar/airflow-project/venv/lib/python3.12/site-packages/airflow/example_dags/tutorial_dag.py took 0.059 seconds
[2026-03-29T12:32:25.102+0500] {processor.py:161} INFO - Started process (PID=5957) to work on /home/abayturar/airflow-project/venv/lib/python3.12/site-packages/airflow/example_dags/tutorial_dag.py
[2026-03-29T12:32:25.104+0500] {processor.py:830} INFO - Processing file /home/abayturar/airflow-project/venv/lib/python3.12/site-packages/airflow/example_dags/tutorial_dag.py for tasks to queue
[2026-03-29T12:32:25.106+0500] {logging_mixin.py:188} INFO - [2026-03-29T12:32:25.106+0500] {dagbag.py:545} INFO - Filling up the DagBag from /home/abayturar/airflow-project/venv/lib/python3.12/site-packages/airflow/example_dags/tutorial_dag.py
[2026-03-29T12:32:25.114+0500] {processor.py:840} INFO - DAG(s) 'tutorial_dag' retrieved from /home/abayturar/airflow-project/venv/lib/python3.12/site-packages/airflow/example_dags/tutorial_dag.py
[2026-03-29T12:32:25.134+0500] {logging_mixin.py:188} INFO - [2026-03-29T12:32:25.134+0500] {dag.py:3089} INFO - Sync 1 DAGs
[2026-03-29T12:32:25.147+0500] {logging_mixin.py:188} INFO - [2026-03-29T12:32:25.147+0500] {dag.py:3947} INFO - Setting next_dagrun for tutorial_dag to None, run_after=None
[2026-03-29T12:32:25.166+0500] {processor.py:183} INFO - Processing /home/abayturar/airflow-project/venv/lib/python3.12/site-packages/airflow/example_dags/tutorial_dag.py took 0.073 seconds
[2026-03-29T12:33:13.945+0500] {processor.py:161} INFO - Started process (PID=6133) to work on /home/abayturar/airflow-project/venv/lib/python3.12/site-packages/airflow/example_dags/tutorial_dag.py
[2026-03-29T12:33:13.946+0500] {processor.py:830} INFO - Processing file /home/abayturar/airflow-project/venv/lib/python3.12/site-packages/airflow/example_dags/tutorial_dag.py for tasks to queue
[2026-03-29T12:33:13.948+0500] {logging_mixin.py:188} INFO - [2026-03-29T12:33:13.948+0500] {dagbag.py:545} INFO - Filling up the DagBag from /home/abayturar/airflow-project/venv/lib/python3.12/site-packages/airflow/example_dags/tutorial_dag.py
[2026-03-29T12:33:13.954+0500] {processor.py:840} INFO - DAG(s) 'tutorial_dag' retrieved from /home/abayturar/airflow-project/venv/lib/python3.12/site-packages/airflow/example_dags/tutorial_dag.py
[2026-03-29T12:33:13.970+0500] {logging_mixin.py:188} INFO - [2026-03-29T12:33:13.970+0500] {dag.py:3089} INFO - Sync 1 DAGs
[2026-03-29T12:33:13.980+0500] {logging_mixin.py:188} INFO - [2026-03-29T12:33:13.980+0500] {dag.py:3947} INFO - Setting next_dagrun for tutorial_dag to None, run_after=None
[2026-03-29T12:33:13.997+0500] {processor.py:183} INFO - Processing /home/abayturar/airflow-project/venv/lib/python3.12/site-packages/airflow/example_dags/tutorial_dag.py took 0.058 seconds
[2026-03-29T12:34:02.020+0500] {processor.py:161} INFO - Started process (PID=6268) to work on /home/abayturar/airflow-project/venv/lib/python3.12/site-packages/airflow/example_dags/tutorial_dag.py
[2026-03-29T12:34:02.021+0500] {processor.py:830} INFO - Processing file /home/abayturar/airflow-project/venv/lib/python3.12/site-packages/airflow/example_dags/tutorial_dag.py for tasks to queue
[2026-03-29T12:34:02.022+0500] {logging_mixin.py:188} INFO - [2026-03-29T12:34:02.022+0500] {dagbag.py:545} INFO - Filling up the DagBag from /home/abayturar/airflow-project/venv/lib/python3.12/site-packages/airflow/example_dags/tutorial_dag.py
[2026-03-29T12:34:02.028+0500] {processor.py:840} INFO - DAG(s) 'tutorial_dag' retrieved from /home/abayturar/airflow-project/venv/lib/python3.12/site-packages/airflow/example_dags/tutorial_dag.py
[2026-03-29T12:34:02.044+0500] {logging_mixin.py:188} INFO - [2026-03-29T12:34:02.044+0500] {dag.py:3089} INFO - Sync 1 DAGs
[2026-03-29T12:34:02.053+0500] {logging_mixin.py:188} INFO - [2026-03-29T12:34:02.053+0500] {dag.py:3947} INFO - Setting next_dagrun for tutorial_dag to None, run_after=None
[2026-03-29T12:34:02.110+0500] {processor.py:183} INFO - Processing /home/abayturar/airflow-project/venv/lib/python3.12/site-packages/airflow/example_dags/tutorial_dag.py took 0.097 seconds
[2026-03-29T12:34:50.505+0500] {processor.py:161} INFO - Started process (PID=6401) to work on /home/abayturar/airflow-project/venv/lib/python3.12/site-packages/airflow/example_dags/tutorial_dag.py
[2026-03-29T12:34:50.506+0500] {processor.py:830} INFO - Processing file /home/abayturar/airflow-project/venv/lib/python3.12/site-packages/airflow/example_dags/tutorial_dag.py for tasks to queue
[2026-03-29T12:34:50.507+0500] {logging_mixin.py:188} INFO - [2026-03-29T12:34:50.507+0500] {dagbag.py:545} INFO - Filling up the DagBag from /home/abayturar/airflow-project/venv/lib/python3.12/site-packages/airflow/example_dags/tutorial_dag.py
[2026-03-29T12:34:50.514+0500] {processor.py:840} INFO - DAG(s) 'tutorial_dag' retrieved from /home/abayturar/airflow-project/venv/lib/python3.12/site-packages/airflow/example_dags/tutorial_dag.py
[2026-03-29T12:34:50.531+0500] {logging_mixin.py:188} INFO - [2026-03-29T12:34:50.531+0500] {dag.py:3089} INFO - Sync 1 DAGs
[2026-03-29T12:34:50.541+0500] {logging_mixin.py:188} INFO - [2026-03-29T12:34:50.541+0500] {dag.py:3947} INFO - Setting next_dagrun for tutorial_dag to None, run_after=None
[2026-03-29T12:34:50.597+0500] {processor.py:183} INFO - Processing /home/abayturar/airflow-project/venv/lib/python3.12/site-packages/airflow/example_dags/tutorial_dag.py took 0.100 seconds
[2026-03-29T12:35:40.786+0500] {processor.py:161} INFO - Started process (PID=6531) to work on /home/abayturar/airflow-project/venv/lib/python3.12/site-packages/airflow/example_dags/tutorial_dag.py
[2026-03-29T12:35:40.786+0500] {processor.py:830} INFO - Processing file /home/abayturar/airflow-project/venv/lib/python3.12/site-packages/airflow/example_dags/tutorial_dag.py for tasks to queue
[2026-03-29T12:35:40.788+0500] {logging_mixin.py:188} INFO - [2026-03-29T12:35:40.788+0500] {dagbag.py:545} INFO - Filling up the DagBag from /home/abayturar/airflow-project/venv/lib/python3.12/site-packages/airflow/example_dags/tutorial_dag.py
[2026-03-29T12:35:40.794+0500] {processor.py:840} INFO - DAG(s) 'tutorial_dag' retrieved from /home/abayturar/airflow-project/venv/lib/python3.12/site-packages/airflow/example_dags/tutorial_dag.py
[2026-03-29T12:35:40.808+0500] {logging_mixin.py:188} INFO - [2026-03-29T12:35:40.808+0500] {dag.py:3089} INFO - Sync 1 DAGs
[2026-03-29T12:35:40.817+0500] {logging_mixin.py:188} INFO - [2026-03-29T12:35:40.817+0500] {dag.py:3947} INFO - Setting next_dagrun for tutorial_dag to None, run_after=None
[2026-03-29T12:35:40.872+0500] {processor.py:183} INFO - Processing /home/abayturar/airflow-project/venv/lib/python3.12/site-packages/airflow/example_dags/tutorial_dag.py took 0.092 seconds
[2026-03-29T12:36:29.575+0500] {processor.py:161} INFO - Started process (PID=6661) to work on /home/abayturar/airflow-project/venv/lib/python3.12/site-packages/airflow/example_dags/tutorial_dag.py
[2026-03-29T12:36:29.576+0500] {processor.py:830} INFO - Processing file /home/abayturar/airflow-project/venv/lib/python3.12/site-packages/airflow/example_dags/tutorial_dag.py for tasks to queue
[2026-03-29T12:36:29.578+0500] {logging_mixin.py:188} INFO - [2026-03-29T12:36:29.578+0500] {dagbag.py:545} INFO - Filling up the DagBag from /home/abayturar/airflow-project/venv/lib/python3.12/site-packages/airflow/example_dags/tutorial_dag.py
[2026-03-29T12:36:29.585+0500] {processor.py:840} INFO - DAG(s) 'tutorial_dag' retrieved from /home/abayturar/airflow-project/venv/lib/python3.12/site-packages/airflow/example_dags/tutorial_dag.py
[2026-03-29T12:36:29.603+0500] {logging_mixin.py:188} INFO - [2026-03-29T12:36:29.602+0500] {dag.py:3089} INFO - Sync 1 DAGs
[2026-03-29T12:36:29.613+0500] {logging_mixin.py:188} INFO - [2026-03-29T12:36:29.613+0500] {dag.py:3947} INFO - Setting next_dagrun for tutorial_dag to None, run_after=None
[2026-03-29T12:36:29.668+0500] {processor.py:183} INFO - Processing /home/abayturar/airflow-project/venv/lib/python3.12/site-packages/airflow/example_dags/tutorial_dag.py took 0.100 seconds
[2026-03-29T12:37:19.033+0500] {processor.py:161} INFO - Started process (PID=6792) to work on /home/abayturar/airflow-project/venv/lib/python3.12/site-packages/airflow/example_dags/tutorial_dag.py
[2026-03-29T12:37:19.034+0500] {processor.py:830} INFO - Processing file /home/abayturar/airflow-project/venv/lib/python3.12/site-packages/airflow/example_dags/tutorial_dag.py for tasks to queue
[2026-03-29T12:37:19.036+0500] {logging_mixin.py:188} INFO - [2026-03-29T12:37:19.035+0500] {dagbag.py:545} INFO - Filling up the DagBag from /home/abayturar/airflow-project/venv/lib/python3.12/site-packages/airflow/example_dags/tutorial_dag.py
[2026-03-29T12:37:19.043+0500] {processor.py:840} INFO - DAG(s) 'tutorial_dag' retrieved from /home/abayturar/airflow-project/venv/lib/python3.12/site-packages/airflow/example_dags/tutorial_dag.py
[2026-03-29T12:37:19.061+0500] {logging_mixin.py:188} INFO - [2026-03-29T12:37:19.061+0500] {dag.py:3089} INFO - Sync 1 DAGs
[2026-03-29T12:37:19.071+0500] {logging_mixin.py:188} INFO - [2026-03-29T12:37:19.071+0500] {dag.py:3947} INFO - Setting next_dagrun for tutorial_dag to None, run_after=None
[2026-03-29T12:37:19.126+0500] {processor.py:183} INFO - Processing /home/abayturar/airflow-project/venv/lib/python3.12/site-packages/airflow/example_dags/tutorial_dag.py took 0.100 seconds
[2026-03-29T12:38:09.392+0500] {processor.py:161} INFO - Started process (PID=6924) to work on /home/abayturar/airflow-project/venv/lib/python3.12/site-packages/airflow/example_dags/tutorial_dag.py
[2026-03-29T12:38:09.393+0500] {processor.py:830} INFO - Processing file /home/abayturar/airflow-project/venv/lib/python3.12/site-packages/airflow/example_dags/tutorial_dag.py for tasks to queue
[2026-03-29T12:38:09.395+0500] {logging_mixin.py:188} INFO - [2026-03-29T12:38:09.395+0500] {dagbag.py:545} INFO - Filling up the DagBag from /home/abayturar/airflow-project/venv/lib/python3.12/site-packages/airflow/example_dags/tutorial_dag.py
[2026-03-29T12:38:09.401+0500] {processor.py:840} INFO - DAG(s) 'tutorial_dag' retrieved from /home/abayturar/airflow-project/venv/lib/python3.12/site-packages/airflow/example_dags/tutorial_dag.py
[2026-03-29T12:38:09.416+0500] {logging_mixin.py:188} INFO - [2026-03-29T12:38:09.416+0500] {dag.py:3089} INFO - Sync 1 DAGs
[2026-03-29T12:38:09.425+0500] {logging_mixin.py:188} INFO - [2026-03-29T12:38:09.425+0500] {dag.py:3947} INFO - Setting next_dagrun for tutorial_dag to None, run_after=None
[2026-03-29T12:38:09.482+0500] {processor.py:183} INFO - Processing /home/abayturar/airflow-project/venv/lib/python3.12/site-packages/airflow/example_dags/tutorial_dag.py took 0.095 seconds
[2026-03-29T12:39:01.295+0500] {processor.py:161} INFO - Started process (PID=7060) to work on /home/abayturar/airflow-project/venv/lib/python3.12/site-packages/airflow/example_dags/tutorial_dag.py
[2026-03-29T12:39:01.295+0500] {processor.py:830} INFO - Processing file /home/abayturar/airflow-project/venv/lib/python3.12/site-packages/airflow/example_dags/tutorial_dag.py for tasks to queue
[2026-03-29T12:39:01.297+0500] {logging_mixin.py:188} INFO - [2026-03-29T12:39:01.297+0500] {dagbag.py:545} INFO - Filling up the DagBag from /home/abayturar/airflow-project/venv/lib/python3.12/site-packages/airflow/example_dags/tutorial_dag.py
[2026-03-29T12:39:01.304+0500] {processor.py:840} INFO - DAG(s) 'tutorial_dag' retrieved from /home/abayturar/airflow-project/venv/lib/python3.12/site-packages/airflow/example_dags/tutorial_dag.py
[2026-03-29T12:39:01.319+0500] {logging_mixin.py:188} INFO - [2026-03-29T12:39:01.319+0500] {dag.py:3089} INFO - Sync 1 DAGs
[2026-03-29T12:39:01.328+0500] {logging_mixin.py:188} INFO - [2026-03-29T12:39:01.328+0500] {dag.py:3947} INFO - Setting next_dagrun for tutorial_dag to None, run_after=None
[2026-03-29T12:39:01.384+0500] {processor.py:183} INFO - Processing /home/abayturar/airflow-project/venv/lib/python3.12/site-packages/airflow/example_dags/tutorial_dag.py took 0.096 seconds
[2026-03-29T12:39:53.199+0500] {processor.py:161} INFO - Started process (PID=7224) to work on /home/abayturar/airflow-project/venv/lib/python3.12/site-packages/airflow/example_dags/tutorial_dag.py
[2026-03-29T12:39:53.201+0500] {processor.py:830} INFO - Processing file /home/abayturar/airflow-project/venv/lib/python3.12/site-packages/airflow/example_dags/tutorial_dag.py for tasks to queue
[2026-03-29T12:39:53.202+0500] {logging_mixin.py:188} INFO - [2026-03-29T12:39:53.202+0500] {dagbag.py:545} INFO - Filling up the DagBag from /home/abayturar/airflow-project/venv/lib/python3.12/site-packages/airflow/example_dags/tutorial_dag.py
[2026-03-29T12:39:53.209+0500] {processor.py:840} INFO - DAG(s) 'tutorial_dag' retrieved from /home/abayturar/airflow-project/venv/lib/python3.12/site-packages/airflow/example_dags/tutorial_dag.py
[2026-03-29T12:39:53.227+0500] {logging_mixin.py:188} INFO - [2026-03-29T12:39:53.226+0500] {dag.py:3089} INFO - Sync 1 DAGs
[2026-03-29T12:39:53.236+0500] {logging_mixin.py:188} INFO - [2026-03-29T12:39:53.236+0500] {dag.py:3947} INFO - Setting next_dagrun for tutorial_dag to None, run_after=None
[2026-03-29T12:39:53.292+0500] {processor.py:183} INFO - Processing /home/abayturar/airflow-project/venv/lib/python3.12/site-packages/airflow/example_dags/tutorial_dag.py took 0.099 seconds
[2026-03-29T12:40:43.628+0500] {processor.py:161} INFO - Started process (PID=7354) to work on /home/abayturar/airflow-project/venv/lib/python3.12/site-packages/airflow/example_dags/tutorial_dag.py
[2026-03-29T12:40:43.629+0500] {processor.py:830} INFO - Processing file /home/abayturar/airflow-project/venv/lib/python3.12/site-packages/airflow/example_dags/tutorial_dag.py for tasks to queue
[2026-03-29T12:40:43.630+0500] {logging_mixin.py:188} INFO - [2026-03-29T12:40:43.630+0500] {dagbag.py:545} INFO - Filling up the DagBag from /home/abayturar/airflow-project/venv/lib/python3.12/site-packages/airflow/example_dags/tutorial_dag.py
[2026-03-29T12:40:43.636+0500] {processor.py:840} INFO - DAG(s) 'tutorial_dag' retrieved from /home/abayturar/airflow-project/venv/lib/python3.12/site-packages/airflow/example_dags/tutorial_dag.py
[2026-03-29T12:40:43.651+0500] {logging_mixin.py:188} INFO - [2026-03-29T12:40:43.651+0500] {dag.py:3089} INFO - Sync 1 DAGs
[2026-03-29T12:40:43.661+0500] {logging_mixin.py:188} INFO - [2026-03-29T12:40:43.661+0500] {dag.py:3947} INFO - Setting next_dagrun for tutorial_dag to None, run_after=None
[2026-03-29T12:40:43.716+0500] {processor.py:183} INFO - Processing /home/abayturar/airflow-project/venv/lib/python3.12/site-packages/airflow/example_dags/tutorial_dag.py took 0.094 seconds
[2026-03-29T12:41:35.601+0500] {processor.py:161} INFO - Started process (PID=7492) to work on /home/abayturar/airflow-project/venv/lib/python3.12/site-packages/airflow/example_dags/tutorial_dag.py
[2026-03-29T12:41:35.602+0500] {processor.py:830} INFO - Processing file /home/abayturar/airflow-project/venv/lib/python3.12/site-packages/airflow/example_dags/tutorial_dag.py for tasks to queue
[2026-03-29T12:41:35.605+0500] {logging_mixin.py:188} INFO - [2026-03-29T12:41:35.604+0500] {dagbag.py:545} INFO - Filling up the DagBag from /home/abayturar/airflow-project/venv/lib/python3.12/site-packages/airflow/example_dags/tutorial_dag.py
[2026-03-29T12:41:35.612+0500] {processor.py:840} INFO - DAG(s) 'tutorial_dag' retrieved from /home/abayturar/airflow-project/venv/lib/python3.12/site-packages/airflow/example_dags/tutorial_dag.py
[2026-03-29T12:41:35.629+0500] {logging_mixin.py:188} INFO - [2026-03-29T12:41:35.629+0500] {dag.py:3089} INFO - Sync 1 DAGs
[2026-03-29T12:41:35.640+0500] {logging_mixin.py:188} INFO - [2026-03-29T12:41:35.640+0500] {dag.py:3947} INFO - Setting next_dagrun for tutorial_dag to None, run_after=None
[2026-03-29T12:41:35.658+0500] {processor.py:183} INFO - Processing /home/abayturar/airflow-project/venv/lib/python3.12/site-packages/airflow/example_dags/tutorial_dag.py took 0.063 seconds
[2026-03-29T12:42:26.265+0500] {processor.py:161} INFO - Started process (PID=7648) to work on /home/abayturar/airflow-project/venv/lib/python3.12/site-packages/airflow/example_dags/tutorial_dag.py
[2026-03-29T12:42:26.266+0500] {processor.py:830} INFO - Processing file /home/abayturar/airflow-project/venv/lib/python3.12/site-packages/airflow/example_dags/tutorial_dag.py for tasks to queue
[2026-03-29T12:42:26.267+0500] {logging_mixin.py:188} INFO - [2026-03-29T12:42:26.267+0500] {dagbag.py:545} INFO - Filling up the DagBag from /home/abayturar/airflow-project/venv/lib/python3.12/site-packages/airflow/example_dags/tutorial_dag.py
[2026-03-29T12:42:26.273+0500] {processor.py:840} INFO - DAG(s) 'tutorial_dag' retrieved from /home/abayturar/airflow-project/venv/lib/python3.12/site-packages/airflow/example_dags/tutorial_dag.py
[2026-03-29T12:42:26.288+0500] {logging_mixin.py:188} INFO - [2026-03-29T12:42:26.288+0500] {dag.py:3089} INFO - Sync 1 DAGs
[2026-03-29T12:42:26.296+0500] {logging_mixin.py:188} INFO - [2026-03-29T12:42:26.296+0500] {dag.py:3947} INFO - Setting next_dagrun for tutorial_dag to None, run_after=None
[2026-03-29T12:42:26.352+0500] {processor.py:183} INFO - Processing /home/abayturar/airflow-project/venv/lib/python3.12/site-packages/airflow/example_dags/tutorial_dag.py took 0.093 seconds
[2026-03-29T12:43:19.565+0500] {processor.py:161} INFO - Started process (PID=7786) to work on /home/abayturar/airflow-project/venv/lib/python3.12/site-packages/airflow/example_dags/tutorial_dag.py
[2026-03-29T12:43:19.566+0500] {processor.py:830} INFO - Processing file /home/abayturar/airflow-project/venv/lib/python3.12/site-packages/airflow/example_dags/tutorial_dag.py for tasks to queue
[2026-03-29T12:43:19.568+0500] {logging_mixin.py:188} INFO - [2026-03-29T12:43:19.568+0500] {dagbag.py:545} INFO - Filling up the DagBag from /home/abayturar/airflow-project/venv/lib/python3.12/site-packages/airflow/example_dags/tutorial_dag.py
[2026-03-29T12:43:19.575+0500] {processor.py:840} INFO - DAG(s) 'tutorial_dag' retrieved from /home/abayturar/airflow-project/venv/lib/python3.12/site-packages/airflow/example_dags/tutorial_dag.py
[2026-03-29T12:43:19.591+0500] {logging_mixin.py:188} INFO - [2026-03-29T12:43:19.591+0500] {dag.py:3089} INFO - Sync 1 DAGs
[2026-03-29T12:43:19.601+0500] {logging_mixin.py:188} INFO - [2026-03-29T12:43:19.601+0500] {dag.py:3947} INFO - Setting next_dagrun for tutorial_dag to None, run_after=None
[2026-03-29T12:43:19.663+0500] {processor.py:183} INFO - Processing /home/abayturar/airflow-project/venv/lib/python3.12/site-packages/airflow/example_dags/tutorial_dag.py took 0.104 seconds
[2026-03-29T12:44:12.487+0500] {processor.py:161} INFO - Started process (PID=8057) to work on /home/abayturar/airflow-project/venv/lib/python3.12/site-packages/airflow/example_dags/tutorial_dag.py
[2026-03-29T12:44:12.488+0500] {processor.py:830} INFO - Processing file /home/abayturar/airflow-project/venv/lib/python3.12/site-packages/airflow/example_dags/tutorial_dag.py for tasks to queue
[2026-03-29T12:44:12.491+0500] {logging_mixin.py:188} INFO - [2026-03-29T12:44:12.490+0500] {dagbag.py:545} INFO - Filling up the DagBag from /home/abayturar/airflow-project/venv/lib/python3.12/site-packages/airflow/example_dags/tutorial_dag.py
[2026-03-29T12:44:12.499+0500] {processor.py:840} INFO - DAG(s) 'tutorial_dag' retrieved from /home/abayturar/airflow-project/venv/lib/python3.12/site-packages/airflow/example_dags/tutorial_dag.py
[2026-03-29T12:44:12.517+0500] {logging_mixin.py:188} INFO - [2026-03-29T12:44:12.516+0500] {dag.py:3089} INFO - Sync 1 DAGs
[2026-03-29T12:44:12.526+0500] {logging_mixin.py:188} INFO - [2026-03-29T12:44:12.526+0500] {dag.py:3947} INFO - Setting next_dagrun for tutorial_dag to None, run_after=None
[2026-03-29T12:44:12.545+0500] {processor.py:183} INFO - Processing /home/abayturar/airflow-project/venv/lib/python3.12/site-packages/airflow/example_dags/tutorial_dag.py took 0.065 seconds
[2026-03-29T12:45:05.463+0500] {processor.py:161} INFO - Started process (PID=8417) to work on /home/abayturar/airflow-project/venv/lib/python3.12/site-packages/airflow/example_dags/tutorial_dag.py
[2026-03-29T12:45:05.464+0500] {processor.py:830} INFO - Processing file /home/abayturar/airflow-project/venv/lib/python3.12/site-packages/airflow/example_dags/tutorial_dag.py for tasks to queue
[2026-03-29T12:45:05.466+0500] {logging_mixin.py:188} INFO - [2026-03-29T12:45:05.465+0500] {dagbag.py:545} INFO - Filling up the DagBag from /home/abayturar/airflow-project/venv/lib/python3.12/site-packages/airflow/example_dags/tutorial_dag.py
[2026-03-29T12:45:05.472+0500] {processor.py:840} INFO - DAG(s) 'tutorial_dag' retrieved from /home/abayturar/airflow-project/venv/lib/python3.12/site-packages/airflow/example_dags/tutorial_dag.py
[2026-03-29T12:45:05.490+0500] {logging_mixin.py:188} INFO - [2026-03-29T12:45:05.490+0500] {dag.py:3089} INFO - Sync 1 DAGs
[2026-03-29T12:45:05.502+0500] {logging_mixin.py:188} INFO - [2026-03-29T12:45:05.502+0500] {dag.py:3947} INFO - Setting next_dagrun for tutorial_dag to None, run_after=None
[2026-03-29T12:45:05.522+0500] {processor.py:183} INFO - Processing /home/abayturar/airflow-project/venv/lib/python3.12/site-packages/airflow/example_dags/tutorial_dag.py took 0.065 seconds
[2026-03-29T12:45:58.427+0500] {processor.py:161} INFO - Started process (PID=8722) to work on /home/abayturar/airflow-project/venv/lib/python3.12/site-packages/airflow/example_dags/tutorial_dag.py
[2026-03-29T12:45:58.428+0500] {processor.py:830} INFO - Processing file /home/abayturar/airflow-project/venv/lib/python3.12/site-packages/airflow/example_dags/tutorial_dag.py for tasks to queue
[2026-03-29T12:45:58.430+0500] {logging_mixin.py:188} INFO - [2026-03-29T12:45:58.430+0500] {dagbag.py:545} INFO - Filling up the DagBag from /home/abayturar/airflow-project/venv/lib/python3.12/site-packages/airflow/example_dags/tutorial_dag.py
[2026-03-29T12:45:58.437+0500] {processor.py:840} INFO - DAG(s) 'tutorial_dag' retrieved from /home/abayturar/airflow-project/venv/lib/python3.12/site-packages/airflow/example_dags/tutorial_dag.py
[2026-03-29T12:45:58.454+0500] {logging_mixin.py:188} INFO - [2026-03-29T12:45:58.454+0500] {dag.py:3089} INFO - Sync 1 DAGs
[2026-03-29T12:45:58.464+0500] {logging_mixin.py:188} INFO - [2026-03-29T12:45:58.464+0500] {dag.py:3947} INFO - Setting next_dagrun for tutorial_dag to None, run_after=None
[2026-03-29T12:45:58.521+0500] {processor.py:183} INFO - Processing /home/abayturar/airflow-project/venv/lib/python3.12/site-packages/airflow/example_dags/tutorial_dag.py took 0.101 seconds
[2026-03-29T12:46:50.288+0500] {processor.py:161} INFO - Started process (PID=8964) to work on /home/abayturar/airflow-project/venv/lib/python3.12/site-packages/airflow/example_dags/tutorial_dag.py
[2026-03-29T12:46:50.288+0500] {processor.py:830} INFO - Processing file /home/abayturar/airflow-project/venv/lib/python3.12/site-packages/airflow/example_dags/tutorial_dag.py for tasks to queue
[2026-03-29T12:46:50.290+0500] {logging_mixin.py:188} INFO - [2026-03-29T12:46:50.290+0500] {dagbag.py:545} INFO - Filling up the DagBag from /home/abayturar/airflow-project/venv/lib/python3.12/site-packages/airflow/example_dags/tutorial_dag.py
[2026-03-29T12:46:50.297+0500] {processor.py:840} INFO - DAG(s) 'tutorial_dag' retrieved from /home/abayturar/airflow-project/venv/lib/python3.12/site-packages/airflow/example_dags/tutorial_dag.py
[2026-03-29T12:46:50.314+0500] {logging_mixin.py:188} INFO - [2026-03-29T12:46:50.314+0500] {dag.py:3089} INFO - Sync 1 DAGs
[2026-03-29T12:46:50.324+0500] {logging_mixin.py:188} INFO - [2026-03-29T12:46:50.324+0500] {dag.py:3947} INFO - Setting next_dagrun for tutorial_dag to None, run_after=None
[2026-03-29T12:46:50.380+0500] {processor.py:183} INFO - Processing /home/abayturar/airflow-project/venv/lib/python3.12/site-packages/airflow/example_dags/tutorial_dag.py took 0.099 seconds
