[2026-03-29T12:01:46.841+0500] {processor.py:161} INFO - Started process (PID=32349) to work on /home/abayturar/airflow-project/venv/lib/python3.12/site-packages/airflow/example_dags/tutorial_taskflow_api.py
[2026-03-29T12:01:46.843+0500] {processor.py:830} INFO - Processing file /home/abayturar/airflow-project/venv/lib/python3.12/site-packages/airflow/example_dags/tutorial_taskflow_api.py for tasks to queue
[2026-03-29T12:01:46.845+0500] {logging_mixin.py:188} INFO - [2026-03-29T12:01:46.845+0500] {dagbag.py:545} INFO - Filling up the DagBag from /home/abayturar/airflow-project/venv/lib/python3.12/site-packages/airflow/example_dags/tutorial_taskflow_api.py
[2026-03-29T12:01:46.857+0500] {processor.py:840} INFO - DAG(s) 'tutorial_taskflow_api' retrieved from /home/abayturar/airflow-project/venv/lib/python3.12/site-packages/airflow/example_dags/tutorial_taskflow_api.py
[2026-03-29T12:01:46.893+0500] {logging_mixin.py:188} INFO - [2026-03-29T12:01:46.893+0500] {dag.py:3089} INFO - Sync 1 DAGs
[2026-03-29T12:01:46.911+0500] {logging_mixin.py:188} INFO - [2026-03-29T12:01:46.911+0500] {dag.py:3947} INFO - Setting next_dagrun for tutorial_taskflow_api to None, run_after=None
[2026-03-29T12:01:46.937+0500] {processor.py:183} INFO - Processing /home/abayturar/airflow-project/venv/lib/python3.12/site-packages/airflow/example_dags/tutorial_taskflow_api.py took 0.105 seconds
[2026-03-29T12:02:40.834+0500] {processor.py:161} INFO - Started process (PID=32607) to work on /home/abayturar/airflow-project/venv/lib/python3.12/site-packages/airflow/example_dags/tutorial_taskflow_api.py
[2026-03-29T12:02:40.835+0500] {processor.py:830} INFO - Processing file /home/abayturar/airflow-project/venv/lib/python3.12/site-packages/airflow/example_dags/tutorial_taskflow_api.py for tasks to queue
[2026-03-29T12:02:40.837+0500] {logging_mixin.py:188} INFO - [2026-03-29T12:02:40.836+0500] {dagbag.py:545} INFO - Filling up the DagBag from /home/abayturar/airflow-project/venv/lib/python3.12/site-packages/airflow/example_dags/tutorial_taskflow_api.py
[2026-03-29T12:02:40.843+0500] {processor.py:840} INFO - DAG(s) 'tutorial_taskflow_api' retrieved from /home/abayturar/airflow-project/venv/lib/python3.12/site-packages/airflow/example_dags/tutorial_taskflow_api.py
[2026-03-29T12:02:40.858+0500] {logging_mixin.py:188} INFO - [2026-03-29T12:02:40.858+0500] {dag.py:3089} INFO - Sync 1 DAGs
[2026-03-29T12:02:40.867+0500] {logging_mixin.py:188} INFO - [2026-03-29T12:02:40.867+0500] {dag.py:3947} INFO - Setting next_dagrun for tutorial_taskflow_api to None, run_after=None
[2026-03-29T12:02:40.924+0500] {processor.py:183} INFO - Processing /home/abayturar/airflow-project/venv/lib/python3.12/site-packages/airflow/example_dags/tutorial_taskflow_api.py took 0.095 seconds
[2026-03-29T12:06:09.407+0500] {processor.py:161} INFO - Started process (PID=71) to work on /home/abayturar/airflow-project/venv/lib/python3.12/site-packages/airflow/example_dags/tutorial_taskflow_api.py
[2026-03-29T12:06:09.408+0500] {processor.py:830} INFO - Processing file /home/abayturar/airflow-project/venv/lib/python3.12/site-packages/airflow/example_dags/tutorial_taskflow_api.py for tasks to queue
[2026-03-29T12:06:09.410+0500] {logging_mixin.py:188} INFO - [2026-03-29T12:06:09.410+0500] {dagbag.py:545} INFO - Filling up the DagBag from /home/abayturar/airflow-project/venv/lib/python3.12/site-packages/airflow/example_dags/tutorial_taskflow_api.py
[2026-03-29T12:06:09.417+0500] {processor.py:840} INFO - DAG(s) 'tutorial_taskflow_api' retrieved from /home/abayturar/airflow-project/venv/lib/python3.12/site-packages/airflow/example_dags/tutorial_taskflow_api.py
[2026-03-29T12:06:09.432+0500] {logging_mixin.py:188} INFO - [2026-03-29T12:06:09.432+0500] {dag.py:3089} INFO - Sync 1 DAGs
[2026-03-29T12:06:09.441+0500] {logging_mixin.py:188} INFO - [2026-03-29T12:06:09.441+0500] {dag.py:3947} INFO - Setting next_dagrun for tutorial_taskflow_api to None, run_after=None
[2026-03-29T12:06:09.456+0500] {processor.py:183} INFO - Processing /home/abayturar/airflow-project/venv/lib/python3.12/site-packages/airflow/example_dags/tutorial_taskflow_api.py took 0.055 seconds
[2026-03-29T12:07:02.008+0500] {processor.py:161} INFO - Started process (PID=290) to work on /home/abayturar/airflow-project/venv/lib/python3.12/site-packages/airflow/example_dags/tutorial_taskflow_api.py
[2026-03-29T12:07:02.009+0500] {processor.py:830} INFO - Processing file /home/abayturar/airflow-project/venv/lib/python3.12/site-packages/airflow/example_dags/tutorial_taskflow_api.py for tasks to queue
[2026-03-29T12:07:02.011+0500] {logging_mixin.py:188} INFO - [2026-03-29T12:07:02.010+0500] {dagbag.py:545} INFO - Filling up the DagBag from /home/abayturar/airflow-project/venv/lib/python3.12/site-packages/airflow/example_dags/tutorial_taskflow_api.py
[2026-03-29T12:07:02.017+0500] {processor.py:840} INFO - DAG(s) 'tutorial_taskflow_api' retrieved from /home/abayturar/airflow-project/venv/lib/python3.12/site-packages/airflow/example_dags/tutorial_taskflow_api.py
[2026-03-29T12:07:02.032+0500] {logging_mixin.py:188} INFO - [2026-03-29T12:07:02.032+0500] {dag.py:3089} INFO - Sync 1 DAGs
[2026-03-29T12:07:02.042+0500] {logging_mixin.py:188} INFO - [2026-03-29T12:07:02.041+0500] {dag.py:3947} INFO - Setting next_dagrun for tutorial_taskflow_api to None, run_after=None
[2026-03-29T12:07:02.057+0500] {processor.py:183} INFO - Processing /home/abayturar/airflow-project/venv/lib/python3.12/site-packages/airflow/example_dags/tutorial_taskflow_api.py took 0.055 seconds
[2026-03-29T12:07:47.400+0500] {processor.py:161} INFO - Started process (PID=478) to work on /home/abayturar/airflow-project/venv/lib/python3.12/site-packages/airflow/example_dags/tutorial_taskflow_api.py
[2026-03-29T12:07:47.401+0500] {processor.py:830} INFO - Processing file /home/abayturar/airflow-project/venv/lib/python3.12/site-packages/airflow/example_dags/tutorial_taskflow_api.py for tasks to queue
[2026-03-29T12:07:47.402+0500] {logging_mixin.py:188} INFO - [2026-03-29T12:07:47.402+0500] {dagbag.py:545} INFO - Filling up the DagBag from /home/abayturar/airflow-project/venv/lib/python3.12/site-packages/airflow/example_dags/tutorial_taskflow_api.py
[2026-03-29T12:07:47.409+0500] {processor.py:840} INFO - DAG(s) 'tutorial_taskflow_api' retrieved from /home/abayturar/airflow-project/venv/lib/python3.12/site-packages/airflow/example_dags/tutorial_taskflow_api.py
[2026-03-29T12:07:47.424+0500] {logging_mixin.py:188} INFO - [2026-03-29T12:07:47.423+0500] {dag.py:3089} INFO - Sync 1 DAGs
[2026-03-29T12:07:47.432+0500] {logging_mixin.py:188} INFO - [2026-03-29T12:07:47.432+0500] {dag.py:3947} INFO - Setting next_dagrun for tutorial_taskflow_api to None, run_after=None
[2026-03-29T12:07:47.488+0500] {processor.py:183} INFO - Processing /home/abayturar/airflow-project/venv/lib/python3.12/site-packages/airflow/example_dags/tutorial_taskflow_api.py took 0.094 seconds
[2026-03-29T12:08:37.989+0500] {processor.py:161} INFO - Started process (PID=687) to work on /home/abayturar/airflow-project/venv/lib/python3.12/site-packages/airflow/example_dags/tutorial_taskflow_api.py
[2026-03-29T12:08:37.990+0500] {processor.py:830} INFO - Processing file /home/abayturar/airflow-project/venv/lib/python3.12/site-packages/airflow/example_dags/tutorial_taskflow_api.py for tasks to queue
[2026-03-29T12:08:37.992+0500] {logging_mixin.py:188} INFO - [2026-03-29T12:08:37.992+0500] {dagbag.py:545} INFO - Filling up the DagBag from /home/abayturar/airflow-project/venv/lib/python3.12/site-packages/airflow/example_dags/tutorial_taskflow_api.py
[2026-03-29T12:08:38.001+0500] {processor.py:840} INFO - DAG(s) 'tutorial_taskflow_api' retrieved from /home/abayturar/airflow-project/venv/lib/python3.12/site-packages/airflow/example_dags/tutorial_taskflow_api.py
[2026-03-29T12:08:38.024+0500] {logging_mixin.py:188} INFO - [2026-03-29T12:08:38.024+0500] {dag.py:3089} INFO - Sync 1 DAGs
[2026-03-29T12:08:38.037+0500] {logging_mixin.py:188} INFO - [2026-03-29T12:08:38.037+0500] {dag.py:3947} INFO - Setting next_dagrun for tutorial_taskflow_api to None, run_after=None
[2026-03-29T12:08:38.072+0500] {processor.py:183} INFO - Processing /home/abayturar/airflow-project/venv/lib/python3.12/site-packages/airflow/example_dags/tutorial_taskflow_api.py took 0.090 seconds
[2026-03-29T12:09:29.949+0500] {processor.py:161} INFO - Started process (PID=889) to work on /home/abayturar/airflow-project/venv/lib/python3.12/site-packages/airflow/example_dags/tutorial_taskflow_api.py
[2026-03-29T12:09:29.950+0500] {processor.py:830} INFO - Processing file /home/abayturar/airflow-project/venv/lib/python3.12/site-packages/airflow/example_dags/tutorial_taskflow_api.py for tasks to queue
[2026-03-29T12:09:29.952+0500] {logging_mixin.py:188} INFO - [2026-03-29T12:09:29.951+0500] {dagbag.py:545} INFO - Filling up the DagBag from /home/abayturar/airflow-project/venv/lib/python3.12/site-packages/airflow/example_dags/tutorial_taskflow_api.py
[2026-03-29T12:09:29.958+0500] {processor.py:840} INFO - DAG(s) 'tutorial_taskflow_api' retrieved from /home/abayturar/airflow-project/venv/lib/python3.12/site-packages/airflow/example_dags/tutorial_taskflow_api.py
[2026-03-29T12:09:29.973+0500] {logging_mixin.py:188} INFO - [2026-03-29T12:09:29.973+0500] {dag.py:3089} INFO - Sync 1 DAGs
[2026-03-29T12:09:29.982+0500] {logging_mixin.py:188} INFO - [2026-03-29T12:09:29.981+0500] {dag.py:3947} INFO - Setting next_dagrun for tutorial_taskflow_api to None, run_after=None
[2026-03-29T12:09:30.025+0500] {processor.py:183} INFO - Processing /home/abayturar/airflow-project/venv/lib/python3.12/site-packages/airflow/example_dags/tutorial_taskflow_api.py took 0.081 seconds
[2026-03-29T12:10:19.895+0500] {processor.py:161} INFO - Started process (PID=1023) to work on /home/abayturar/airflow-project/venv/lib/python3.12/site-packages/airflow/example_dags/tutorial_taskflow_api.py
[2026-03-29T12:10:19.896+0500] {processor.py:830} INFO - Processing file /home/abayturar/airflow-project/venv/lib/python3.12/site-packages/airflow/example_dags/tutorial_taskflow_api.py for tasks to queue
[2026-03-29T12:10:19.898+0500] {logging_mixin.py:188} INFO - [2026-03-29T12:10:19.898+0500] {dagbag.py:545} INFO - Filling up the DagBag from /home/abayturar/airflow-project/venv/lib/python3.12/site-packages/airflow/example_dags/tutorial_taskflow_api.py
[2026-03-29T12:10:19.905+0500] {processor.py:840} INFO - DAG(s) 'tutorial_taskflow_api' retrieved from /home/abayturar/airflow-project/venv/lib/python3.12/site-packages/airflow/example_dags/tutorial_taskflow_api.py
[2026-03-29T12:10:19.919+0500] {logging_mixin.py:188} INFO - [2026-03-29T12:10:19.919+0500] {dag.py:3089} INFO - Sync 1 DAGs
[2026-03-29T12:10:19.928+0500] {logging_mixin.py:188} INFO - [2026-03-29T12:10:19.928+0500] {dag.py:3947} INFO - Setting next_dagrun for tutorial_taskflow_api to None, run_after=None
[2026-03-29T12:10:19.982+0500] {processor.py:183} INFO - Processing /home/abayturar/airflow-project/venv/lib/python3.12/site-packages/airflow/example_dags/tutorial_taskflow_api.py took 0.092 seconds
[2026-03-29T12:11:08.095+0500] {processor.py:161} INFO - Started process (PID=1149) to work on /home/abayturar/airflow-project/venv/lib/python3.12/site-packages/airflow/example_dags/tutorial_taskflow_api.py
[2026-03-29T12:11:08.096+0500] {processor.py:830} INFO - Processing file /home/abayturar/airflow-project/venv/lib/python3.12/site-packages/airflow/example_dags/tutorial_taskflow_api.py for tasks to queue
[2026-03-29T12:11:08.098+0500] {logging_mixin.py:188} INFO - [2026-03-29T12:11:08.097+0500] {dagbag.py:545} INFO - Filling up the DagBag from /home/abayturar/airflow-project/venv/lib/python3.12/site-packages/airflow/example_dags/tutorial_taskflow_api.py
[2026-03-29T12:11:08.104+0500] {processor.py:840} INFO - DAG(s) 'tutorial_taskflow_api' retrieved from /home/abayturar/airflow-project/venv/lib/python3.12/site-packages/airflow/example_dags/tutorial_taskflow_api.py
[2026-03-29T12:11:08.119+0500] {logging_mixin.py:188} INFO - [2026-03-29T12:11:08.118+0500] {dag.py:3089} INFO - Sync 1 DAGs
[2026-03-29T12:11:08.127+0500] {logging_mixin.py:188} INFO - [2026-03-29T12:11:08.127+0500] {dag.py:3947} INFO - Setting next_dagrun for tutorial_taskflow_api to None, run_after=None
[2026-03-29T12:11:08.182+0500] {processor.py:183} INFO - Processing /home/abayturar/airflow-project/venv/lib/python3.12/site-packages/airflow/example_dags/tutorial_taskflow_api.py took 0.092 seconds
[2026-03-29T12:11:57.329+0500] {processor.py:161} INFO - Started process (PID=1280) to work on /home/abayturar/airflow-project/venv/lib/python3.12/site-packages/airflow/example_dags/tutorial_taskflow_api.py
[2026-03-29T12:11:57.330+0500] {processor.py:830} INFO - Processing file /home/abayturar/airflow-project/venv/lib/python3.12/site-packages/airflow/example_dags/tutorial_taskflow_api.py for tasks to queue
[2026-03-29T12:11:57.332+0500] {logging_mixin.py:188} INFO - [2026-03-29T12:11:57.332+0500] {dagbag.py:545} INFO - Filling up the DagBag from /home/abayturar/airflow-project/venv/lib/python3.12/site-packages/airflow/example_dags/tutorial_taskflow_api.py
[2026-03-29T12:11:57.339+0500] {processor.py:840} INFO - DAG(s) 'tutorial_taskflow_api' retrieved from /home/abayturar/airflow-project/venv/lib/python3.12/site-packages/airflow/example_dags/tutorial_taskflow_api.py
[2026-03-29T12:11:57.354+0500] {logging_mixin.py:188} INFO - [2026-03-29T12:11:57.354+0500] {dag.py:3089} INFO - Sync 1 DAGs
[2026-03-29T12:11:57.364+0500] {logging_mixin.py:188} INFO - [2026-03-29T12:11:57.364+0500] {dag.py:3947} INFO - Setting next_dagrun for tutorial_taskflow_api to None, run_after=None
[2026-03-29T12:11:57.379+0500] {processor.py:183} INFO - Processing /home/abayturar/airflow-project/venv/lib/python3.12/site-packages/airflow/example_dags/tutorial_taskflow_api.py took 0.057 seconds
[2026-03-29T12:12:49.912+0500] {processor.py:161} INFO - Started process (PID=1419) to work on /home/abayturar/airflow-project/venv/lib/python3.12/site-packages/airflow/example_dags/tutorial_taskflow_api.py
[2026-03-29T12:12:49.913+0500] {processor.py:830} INFO - Processing file /home/abayturar/airflow-project/venv/lib/python3.12/site-packages/airflow/example_dags/tutorial_taskflow_api.py for tasks to queue
[2026-03-29T12:12:49.915+0500] {logging_mixin.py:188} INFO - [2026-03-29T12:12:49.914+0500] {dagbag.py:545} INFO - Filling up the DagBag from /home/abayturar/airflow-project/venv/lib/python3.12/site-packages/airflow/example_dags/tutorial_taskflow_api.py
[2026-03-29T12:12:49.921+0500] {processor.py:840} INFO - DAG(s) 'tutorial_taskflow_api' retrieved from /home/abayturar/airflow-project/venv/lib/python3.12/site-packages/airflow/example_dags/tutorial_taskflow_api.py
[2026-03-29T12:12:49.935+0500] {logging_mixin.py:188} INFO - [2026-03-29T12:12:49.935+0500] {dag.py:3089} INFO - Sync 1 DAGs
[2026-03-29T12:12:49.943+0500] {logging_mixin.py:188} INFO - [2026-03-29T12:12:49.943+0500] {dag.py:3947} INFO - Setting next_dagrun for tutorial_taskflow_api to None, run_after=None
[2026-03-29T12:12:49.998+0500] {processor.py:183} INFO - Processing /home/abayturar/airflow-project/venv/lib/python3.12/site-packages/airflow/example_dags/tutorial_taskflow_api.py took 0.091 seconds
[2026-03-29T12:13:38.762+0500] {processor.py:161} INFO - Started process (PID=1548) to work on /home/abayturar/airflow-project/venv/lib/python3.12/site-packages/airflow/example_dags/tutorial_taskflow_api.py
[2026-03-29T12:13:38.763+0500] {processor.py:830} INFO - Processing file /home/abayturar/airflow-project/venv/lib/python3.12/site-packages/airflow/example_dags/tutorial_taskflow_api.py for tasks to queue
[2026-03-29T12:13:38.765+0500] {logging_mixin.py:188} INFO - [2026-03-29T12:13:38.765+0500] {dagbag.py:545} INFO - Filling up the DagBag from /home/abayturar/airflow-project/venv/lib/python3.12/site-packages/airflow/example_dags/tutorial_taskflow_api.py
[2026-03-29T12:13:38.772+0500] {processor.py:840} INFO - DAG(s) 'tutorial_taskflow_api' retrieved from /home/abayturar/airflow-project/venv/lib/python3.12/site-packages/airflow/example_dags/tutorial_taskflow_api.py
[2026-03-29T12:13:38.787+0500] {logging_mixin.py:188} INFO - [2026-03-29T12:13:38.787+0500] {dag.py:3089} INFO - Sync 1 DAGs
[2026-03-29T12:13:38.795+0500] {logging_mixin.py:188} INFO - [2026-03-29T12:13:38.795+0500] {dag.py:3947} INFO - Setting next_dagrun for tutorial_taskflow_api to None, run_after=None
[2026-03-29T12:13:38.810+0500] {processor.py:183} INFO - Processing /home/abayturar/airflow-project/venv/lib/python3.12/site-packages/airflow/example_dags/tutorial_taskflow_api.py took 0.054 seconds
[2026-03-29T12:14:30.493+0500] {processor.py:161} INFO - Started process (PID=1683) to work on /home/abayturar/airflow-project/venv/lib/python3.12/site-packages/airflow/example_dags/tutorial_taskflow_api.py
[2026-03-29T12:14:30.494+0500] {processor.py:830} INFO - Processing file /home/abayturar/airflow-project/venv/lib/python3.12/site-packages/airflow/example_dags/tutorial_taskflow_api.py for tasks to queue
[2026-03-29T12:14:30.496+0500] {logging_mixin.py:188} INFO - [2026-03-29T12:14:30.495+0500] {dagbag.py:545} INFO - Filling up the DagBag from /home/abayturar/airflow-project/venv/lib/python3.12/site-packages/airflow/example_dags/tutorial_taskflow_api.py
[2026-03-29T12:14:30.502+0500] {processor.py:840} INFO - DAG(s) 'tutorial_taskflow_api' retrieved from /home/abayturar/airflow-project/venv/lib/python3.12/site-packages/airflow/example_dags/tutorial_taskflow_api.py
[2026-03-29T12:14:30.518+0500] {logging_mixin.py:188} INFO - [2026-03-29T12:14:30.517+0500] {dag.py:3089} INFO - Sync 1 DAGs
[2026-03-29T12:14:30.526+0500] {logging_mixin.py:188} INFO - [2026-03-29T12:14:30.526+0500] {dag.py:3947} INFO - Setting next_dagrun for tutorial_taskflow_api to None, run_after=None
[2026-03-29T12:14:30.695+0500] {processor.py:183} INFO - Processing /home/abayturar/airflow-project/venv/lib/python3.12/site-packages/airflow/example_dags/tutorial_taskflow_api.py took 0.207 seconds
[2026-03-29T12:15:24.873+0500] {processor.py:161} INFO - Started process (PID=1822) to work on /home/abayturar/airflow-project/venv/lib/python3.12/site-packages/airflow/example_dags/tutorial_taskflow_api.py
[2026-03-29T12:15:24.874+0500] {processor.py:830} INFO - Processing file /home/abayturar/airflow-project/venv/lib/python3.12/site-packages/airflow/example_dags/tutorial_taskflow_api.py for tasks to queue
[2026-03-29T12:15:24.876+0500] {logging_mixin.py:188} INFO - [2026-03-29T12:15:24.875+0500] {dagbag.py:545} INFO - Filling up the DagBag from /home/abayturar/airflow-project/venv/lib/python3.12/site-packages/airflow/example_dags/tutorial_taskflow_api.py
[2026-03-29T12:15:24.882+0500] {processor.py:840} INFO - DAG(s) 'tutorial_taskflow_api' retrieved from /home/abayturar/airflow-project/venv/lib/python3.12/site-packages/airflow/example_dags/tutorial_taskflow_api.py
[2026-03-29T12:15:24.898+0500] {logging_mixin.py:188} INFO - [2026-03-29T12:15:24.898+0500] {dag.py:3089} INFO - Sync 1 DAGs
[2026-03-29T12:15:24.907+0500] {logging_mixin.py:188} INFO - [2026-03-29T12:15:24.907+0500] {dag.py:3947} INFO - Setting next_dagrun for tutorial_taskflow_api to None, run_after=None
[2026-03-29T12:15:24.923+0500] {processor.py:183} INFO - Processing /home/abayturar/airflow-project/venv/lib/python3.12/site-packages/airflow/example_dags/tutorial_taskflow_api.py took 0.055 seconds
[2026-03-29T12:16:18.906+0500] {processor.py:161} INFO - Started process (PID=1965) to work on /home/abayturar/airflow-project/venv/lib/python3.12/site-packages/airflow/example_dags/tutorial_taskflow_api.py
[2026-03-29T12:16:18.906+0500] {processor.py:830} INFO - Processing file /home/abayturar/airflow-project/venv/lib/python3.12/site-packages/airflow/example_dags/tutorial_taskflow_api.py for tasks to queue
[2026-03-29T12:16:18.908+0500] {logging_mixin.py:188} INFO - [2026-03-29T12:16:18.908+0500] {dagbag.py:545} INFO - Filling up the DagBag from /home/abayturar/airflow-project/venv/lib/python3.12/site-packages/airflow/example_dags/tutorial_taskflow_api.py
[2026-03-29T12:16:18.914+0500] {processor.py:840} INFO - DAG(s) 'tutorial_taskflow_api' retrieved from /home/abayturar/airflow-project/venv/lib/python3.12/site-packages/airflow/example_dags/tutorial_taskflow_api.py
[2026-03-29T12:16:18.929+0500] {logging_mixin.py:188} INFO - [2026-03-29T12:16:18.929+0500] {dag.py:3089} INFO - Sync 1 DAGs
[2026-03-29T12:16:18.937+0500] {logging_mixin.py:188} INFO - [2026-03-29T12:16:18.937+0500] {dag.py:3947} INFO - Setting next_dagrun for tutorial_taskflow_api to None, run_after=None
[2026-03-29T12:16:18.991+0500] {processor.py:183} INFO - Processing /home/abayturar/airflow-project/venv/lib/python3.12/site-packages/airflow/example_dags/tutorial_taskflow_api.py took 0.091 seconds
[2026-03-29T12:17:10.282+0500] {processor.py:161} INFO - Started process (PID=2100) to work on /home/abayturar/airflow-project/venv/lib/python3.12/site-packages/airflow/example_dags/tutorial_taskflow_api.py
[2026-03-29T12:17:10.283+0500] {processor.py:830} INFO - Processing file /home/abayturar/airflow-project/venv/lib/python3.12/site-packages/airflow/example_dags/tutorial_taskflow_api.py for tasks to queue
[2026-03-29T12:17:10.284+0500] {logging_mixin.py:188} INFO - [2026-03-29T12:17:10.284+0500] {dagbag.py:545} INFO - Filling up the DagBag from /home/abayturar/airflow-project/venv/lib/python3.12/site-packages/airflow/example_dags/tutorial_taskflow_api.py
[2026-03-29T12:17:10.385+0500] {processor.py:840} INFO - DAG(s) 'tutorial_taskflow_api' retrieved from /home/abayturar/airflow-project/venv/lib/python3.12/site-packages/airflow/example_dags/tutorial_taskflow_api.py
[2026-03-29T12:17:10.393+0500] {logging_mixin.py:188} INFO - [2026-03-29T12:17:10.393+0500] {dag.py:3089} INFO - Sync 1 DAGs
[2026-03-29T12:17:10.399+0500] {logging_mixin.py:188} INFO - [2026-03-29T12:17:10.399+0500] {dag.py:3947} INFO - Setting next_dagrun for tutorial_taskflow_api to None, run_after=None
[2026-03-29T12:17:10.451+0500] {processor.py:183} INFO - Processing /home/abayturar/airflow-project/venv/lib/python3.12/site-packages/airflow/example_dags/tutorial_taskflow_api.py took 0.174 seconds
[2026-03-29T12:18:04.255+0500] {processor.py:161} INFO - Started process (PID=2239) to work on /home/abayturar/airflow-project/venv/lib/python3.12/site-packages/airflow/example_dags/tutorial_taskflow_api.py
[2026-03-29T12:18:04.256+0500] {processor.py:830} INFO - Processing file /home/abayturar/airflow-project/venv/lib/python3.12/site-packages/airflow/example_dags/tutorial_taskflow_api.py for tasks to queue
[2026-03-29T12:18:04.258+0500] {logging_mixin.py:188} INFO - [2026-03-29T12:18:04.257+0500] {dagbag.py:545} INFO - Filling up the DagBag from /home/abayturar/airflow-project/venv/lib/python3.12/site-packages/airflow/example_dags/tutorial_taskflow_api.py
[2026-03-29T12:18:04.265+0500] {processor.py:840} INFO - DAG(s) 'tutorial_taskflow_api' retrieved from /home/abayturar/airflow-project/venv/lib/python3.12/site-packages/airflow/example_dags/tutorial_taskflow_api.py
[2026-03-29T12:18:04.282+0500] {logging_mixin.py:188} INFO - [2026-03-29T12:18:04.282+0500] {dag.py:3089} INFO - Sync 1 DAGs
[2026-03-29T12:18:04.293+0500] {logging_mixin.py:188} INFO - [2026-03-29T12:18:04.292+0500] {dag.py:3947} INFO - Setting next_dagrun for tutorial_taskflow_api to None, run_after=None
[2026-03-29T12:18:04.349+0500] {processor.py:183} INFO - Processing /home/abayturar/airflow-project/venv/lib/python3.12/site-packages/airflow/example_dags/tutorial_taskflow_api.py took 0.100 seconds
[2026-03-29T12:18:55.828+0500] {processor.py:161} INFO - Started process (PID=2373) to work on /home/abayturar/airflow-project/venv/lib/python3.12/site-packages/airflow/example_dags/tutorial_taskflow_api.py
[2026-03-29T12:18:55.829+0500] {processor.py:830} INFO - Processing file /home/abayturar/airflow-project/venv/lib/python3.12/site-packages/airflow/example_dags/tutorial_taskflow_api.py for tasks to queue
[2026-03-29T12:18:55.831+0500] {logging_mixin.py:188} INFO - [2026-03-29T12:18:55.831+0500] {dagbag.py:545} INFO - Filling up the DagBag from /home/abayturar/airflow-project/venv/lib/python3.12/site-packages/airflow/example_dags/tutorial_taskflow_api.py
[2026-03-29T12:18:55.838+0500] {processor.py:840} INFO - DAG(s) 'tutorial_taskflow_api' retrieved from /home/abayturar/airflow-project/venv/lib/python3.12/site-packages/airflow/example_dags/tutorial_taskflow_api.py
[2026-03-29T12:18:55.855+0500] {logging_mixin.py:188} INFO - [2026-03-29T12:18:55.855+0500] {dag.py:3089} INFO - Sync 1 DAGs
[2026-03-29T12:18:55.865+0500] {logging_mixin.py:188} INFO - [2026-03-29T12:18:55.864+0500] {dag.py:3947} INFO - Setting next_dagrun for tutorial_taskflow_api to None, run_after=None
[2026-03-29T12:18:55.920+0500] {processor.py:183} INFO - Processing /home/abayturar/airflow-project/venv/lib/python3.12/site-packages/airflow/example_dags/tutorial_taskflow_api.py took 0.098 seconds
[2026-03-29T12:19:44.411+0500] {processor.py:161} INFO - Started process (PID=2500) to work on /home/abayturar/airflow-project/venv/lib/python3.12/site-packages/airflow/example_dags/tutorial_taskflow_api.py
[2026-03-29T12:19:44.412+0500] {processor.py:830} INFO - Processing file /home/abayturar/airflow-project/venv/lib/python3.12/site-packages/airflow/example_dags/tutorial_taskflow_api.py for tasks to queue
[2026-03-29T12:19:44.414+0500] {logging_mixin.py:188} INFO - [2026-03-29T12:19:44.414+0500] {dagbag.py:545} INFO - Filling up the DagBag from /home/abayturar/airflow-project/venv/lib/python3.12/site-packages/airflow/example_dags/tutorial_taskflow_api.py
[2026-03-29T12:19:44.421+0500] {processor.py:840} INFO - DAG(s) 'tutorial_taskflow_api' retrieved from /home/abayturar/airflow-project/venv/lib/python3.12/site-packages/airflow/example_dags/tutorial_taskflow_api.py
[2026-03-29T12:19:44.437+0500] {logging_mixin.py:188} INFO - [2026-03-29T12:19:44.437+0500] {dag.py:3089} INFO - Sync 1 DAGs
[2026-03-29T12:19:44.446+0500] {logging_mixin.py:188} INFO - [2026-03-29T12:19:44.446+0500] {dag.py:3947} INFO - Setting next_dagrun for tutorial_taskflow_api to None, run_after=None
[2026-03-29T12:19:44.501+0500] {processor.py:183} INFO - Processing /home/abayturar/airflow-project/venv/lib/python3.12/site-packages/airflow/example_dags/tutorial_taskflow_api.py took 0.097 seconds
[2026-03-29T12:20:38.115+0500] {processor.py:161} INFO - Started process (PID=2642) to work on /home/abayturar/airflow-project/venv/lib/python3.12/site-packages/airflow/example_dags/tutorial_taskflow_api.py
[2026-03-29T12:20:38.116+0500] {processor.py:830} INFO - Processing file /home/abayturar/airflow-project/venv/lib/python3.12/site-packages/airflow/example_dags/tutorial_taskflow_api.py for tasks to queue
[2026-03-29T12:20:38.117+0500] {logging_mixin.py:188} INFO - [2026-03-29T12:20:38.117+0500] {dagbag.py:545} INFO - Filling up the DagBag from /home/abayturar/airflow-project/venv/lib/python3.12/site-packages/airflow/example_dags/tutorial_taskflow_api.py
[2026-03-29T12:20:38.124+0500] {processor.py:840} INFO - DAG(s) 'tutorial_taskflow_api' retrieved from /home/abayturar/airflow-project/venv/lib/python3.12/site-packages/airflow/example_dags/tutorial_taskflow_api.py
[2026-03-29T12:20:38.140+0500] {logging_mixin.py:188} INFO - [2026-03-29T12:20:38.140+0500] {dag.py:3089} INFO - Sync 1 DAGs
[2026-03-29T12:20:38.150+0500] {logging_mixin.py:188} INFO - [2026-03-29T12:20:38.150+0500] {dag.py:3947} INFO - Setting next_dagrun for tutorial_taskflow_api to None, run_after=None
[2026-03-29T12:20:38.205+0500] {processor.py:183} INFO - Processing /home/abayturar/airflow-project/venv/lib/python3.12/site-packages/airflow/example_dags/tutorial_taskflow_api.py took 0.097 seconds
[2026-03-29T12:21:31.687+0500] {processor.py:161} INFO - Started process (PID=2782) to work on /home/abayturar/airflow-project/venv/lib/python3.12/site-packages/airflow/example_dags/tutorial_taskflow_api.py
[2026-03-29T12:21:31.688+0500] {processor.py:830} INFO - Processing file /home/abayturar/airflow-project/venv/lib/python3.12/site-packages/airflow/example_dags/tutorial_taskflow_api.py for tasks to queue
[2026-03-29T12:21:31.691+0500] {logging_mixin.py:188} INFO - [2026-03-29T12:21:31.690+0500] {dagbag.py:545} INFO - Filling up the DagBag from /home/abayturar/airflow-project/venv/lib/python3.12/site-packages/airflow/example_dags/tutorial_taskflow_api.py
[2026-03-29T12:21:31.702+0500] {processor.py:840} INFO - DAG(s) 'tutorial_taskflow_api' retrieved from /home/abayturar/airflow-project/venv/lib/python3.12/site-packages/airflow/example_dags/tutorial_taskflow_api.py
[2026-03-29T12:21:31.727+0500] {logging_mixin.py:188} INFO - [2026-03-29T12:21:31.727+0500] {dag.py:3089} INFO - Sync 1 DAGs
[2026-03-29T12:21:31.742+0500] {logging_mixin.py:188} INFO - [2026-03-29T12:21:31.742+0500] {dag.py:3947} INFO - Setting next_dagrun for tutorial_taskflow_api to None, run_after=None
[2026-03-29T12:21:31.807+0500] {processor.py:183} INFO - Processing /home/abayturar/airflow-project/venv/lib/python3.12/site-packages/airflow/example_dags/tutorial_taskflow_api.py took 0.129 seconds
[2026-03-29T12:22:22.481+0500] {processor.py:161} INFO - Started process (PID=3035) to work on /home/abayturar/airflow-project/venv/lib/python3.12/site-packages/airflow/example_dags/tutorial_taskflow_api.py
[2026-03-29T12:22:22.482+0500] {processor.py:830} INFO - Processing file /home/abayturar/airflow-project/venv/lib/python3.12/site-packages/airflow/example_dags/tutorial_taskflow_api.py for tasks to queue
[2026-03-29T12:22:22.483+0500] {logging_mixin.py:188} INFO - [2026-03-29T12:22:22.483+0500] {dagbag.py:545} INFO - Filling up the DagBag from /home/abayturar/airflow-project/venv/lib/python3.12/site-packages/airflow/example_dags/tutorial_taskflow_api.py
[2026-03-29T12:22:22.490+0500] {processor.py:840} INFO - DAG(s) 'tutorial_taskflow_api' retrieved from /home/abayturar/airflow-project/venv/lib/python3.12/site-packages/airflow/example_dags/tutorial_taskflow_api.py
[2026-03-29T12:22:22.506+0500] {logging_mixin.py:188} INFO - [2026-03-29T12:22:22.506+0500] {dag.py:3089} INFO - Sync 1 DAGs
[2026-03-29T12:22:22.515+0500] {logging_mixin.py:188} INFO - [2026-03-29T12:22:22.515+0500] {dag.py:3947} INFO - Setting next_dagrun for tutorial_taskflow_api to None, run_after=None
[2026-03-29T12:22:22.571+0500] {processor.py:183} INFO - Processing /home/abayturar/airflow-project/venv/lib/python3.12/site-packages/airflow/example_dags/tutorial_taskflow_api.py took 0.096 seconds
[2026-03-29T12:23:15.396+0500] {processor.py:161} INFO - Started process (PID=3240) to work on /home/abayturar/airflow-project/venv/lib/python3.12/site-packages/airflow/example_dags/tutorial_taskflow_api.py
[2026-03-29T12:23:15.397+0500] {processor.py:830} INFO - Processing file /home/abayturar/airflow-project/venv/lib/python3.12/site-packages/airflow/example_dags/tutorial_taskflow_api.py for tasks to queue
[2026-03-29T12:23:15.398+0500] {logging_mixin.py:188} INFO - [2026-03-29T12:23:15.398+0500] {dagbag.py:545} INFO - Filling up the DagBag from /home/abayturar/airflow-project/venv/lib/python3.12/site-packages/airflow/example_dags/tutorial_taskflow_api.py
[2026-03-29T12:23:15.405+0500] {processor.py:840} INFO - DAG(s) 'tutorial_taskflow_api' retrieved from /home/abayturar/airflow-project/venv/lib/python3.12/site-packages/airflow/example_dags/tutorial_taskflow_api.py
[2026-03-29T12:23:15.422+0500] {logging_mixin.py:188} INFO - [2026-03-29T12:23:15.421+0500] {dag.py:3089} INFO - Sync 1 DAGs
[2026-03-29T12:23:15.431+0500] {logging_mixin.py:188} INFO - [2026-03-29T12:23:15.431+0500] {dag.py:3947} INFO - Setting next_dagrun for tutorial_taskflow_api to None, run_after=None
[2026-03-29T12:23:15.447+0500] {processor.py:183} INFO - Processing /home/abayturar/airflow-project/venv/lib/python3.12/site-packages/airflow/example_dags/tutorial_taskflow_api.py took 0.057 seconds
[2026-03-29T12:24:07.475+0500] {processor.py:161} INFO - Started process (PID=3461) to work on /home/abayturar/airflow-project/venv/lib/python3.12/site-packages/airflow/example_dags/tutorial_taskflow_api.py
[2026-03-29T12:24:07.476+0500] {processor.py:830} INFO - Processing file /home/abayturar/airflow-project/venv/lib/python3.12/site-packages/airflow/example_dags/tutorial_taskflow_api.py for tasks to queue
[2026-03-29T12:24:07.479+0500] {logging_mixin.py:188} INFO - [2026-03-29T12:24:07.479+0500] {dagbag.py:545} INFO - Filling up the DagBag from /home/abayturar/airflow-project/venv/lib/python3.12/site-packages/airflow/example_dags/tutorial_taskflow_api.py
[2026-03-29T12:24:07.488+0500] {processor.py:840} INFO - DAG(s) 'tutorial_taskflow_api' retrieved from /home/abayturar/airflow-project/venv/lib/python3.12/site-packages/airflow/example_dags/tutorial_taskflow_api.py
[2026-03-29T12:24:07.504+0500] {logging_mixin.py:188} INFO - [2026-03-29T12:24:07.504+0500] {dag.py:3089} INFO - Sync 1 DAGs
[2026-03-29T12:24:07.514+0500] {logging_mixin.py:188} INFO - [2026-03-29T12:24:07.513+0500] {dag.py:3947} INFO - Setting next_dagrun for tutorial_taskflow_api to None, run_after=None
[2026-03-29T12:24:07.529+0500] {processor.py:183} INFO - Processing /home/abayturar/airflow-project/venv/lib/python3.12/site-packages/airflow/example_dags/tutorial_taskflow_api.py took 0.061 seconds
[2026-03-29T12:25:01.530+0500] {processor.py:161} INFO - Started process (PID=3601) to work on /home/abayturar/airflow-project/venv/lib/python3.12/site-packages/airflow/example_dags/tutorial_taskflow_api.py
[2026-03-29T12:25:01.531+0500] {processor.py:830} INFO - Processing file /home/abayturar/airflow-project/venv/lib/python3.12/site-packages/airflow/example_dags/tutorial_taskflow_api.py for tasks to queue
[2026-03-29T12:25:01.533+0500] {logging_mixin.py:188} INFO - [2026-03-29T12:25:01.532+0500] {dagbag.py:545} INFO - Filling up the DagBag from /home/abayturar/airflow-project/venv/lib/python3.12/site-packages/airflow/example_dags/tutorial_taskflow_api.py
[2026-03-29T12:25:01.540+0500] {processor.py:840} INFO - DAG(s) 'tutorial_taskflow_api' retrieved from /home/abayturar/airflow-project/venv/lib/python3.12/site-packages/airflow/example_dags/tutorial_taskflow_api.py
[2026-03-29T12:25:01.554+0500] {logging_mixin.py:188} INFO - [2026-03-29T12:25:01.554+0500] {dag.py:3089} INFO - Sync 1 DAGs
[2026-03-29T12:25:01.563+0500] {logging_mixin.py:188} INFO - [2026-03-29T12:25:01.563+0500] {dag.py:3947} INFO - Setting next_dagrun for tutorial_taskflow_api to None, run_after=None
[2026-03-29T12:25:01.617+0500] {processor.py:183} INFO - Processing /home/abayturar/airflow-project/venv/lib/python3.12/site-packages/airflow/example_dags/tutorial_taskflow_api.py took 0.093 seconds
[2026-03-29T12:25:53.596+0500] {processor.py:161} INFO - Started process (PID=3793) to work on /home/abayturar/airflow-project/venv/lib/python3.12/site-packages/airflow/example_dags/tutorial_taskflow_api.py
[2026-03-29T12:25:53.597+0500] {processor.py:830} INFO - Processing file /home/abayturar/airflow-project/venv/lib/python3.12/site-packages/airflow/example_dags/tutorial_taskflow_api.py for tasks to queue
[2026-03-29T12:25:53.599+0500] {logging_mixin.py:188} INFO - [2026-03-29T12:25:53.598+0500] {dagbag.py:545} INFO - Filling up the DagBag from /home/abayturar/airflow-project/venv/lib/python3.12/site-packages/airflow/example_dags/tutorial_taskflow_api.py
[2026-03-29T12:25:53.606+0500] {processor.py:840} INFO - DAG(s) 'tutorial_taskflow_api' retrieved from /home/abayturar/airflow-project/venv/lib/python3.12/site-packages/airflow/example_dags/tutorial_taskflow_api.py
[2026-03-29T12:25:53.622+0500] {logging_mixin.py:188} INFO - [2026-03-29T12:25:53.621+0500] {dag.py:3089} INFO - Sync 1 DAGs
[2026-03-29T12:25:53.631+0500] {logging_mixin.py:188} INFO - [2026-03-29T12:25:53.631+0500] {dag.py:3947} INFO - Setting next_dagrun for tutorial_taskflow_api to None, run_after=None
[2026-03-29T12:25:53.646+0500] {processor.py:183} INFO - Processing /home/abayturar/airflow-project/venv/lib/python3.12/site-packages/airflow/example_dags/tutorial_taskflow_api.py took 0.058 seconds
[2026-03-29T12:26:43.048+0500] {processor.py:161} INFO - Started process (PID=4069) to work on /home/abayturar/airflow-project/venv/lib/python3.12/site-packages/airflow/example_dags/tutorial_taskflow_api.py
[2026-03-29T12:26:43.048+0500] {processor.py:830} INFO - Processing file /home/abayturar/airflow-project/venv/lib/python3.12/site-packages/airflow/example_dags/tutorial_taskflow_api.py for tasks to queue
[2026-03-29T12:26:43.050+0500] {logging_mixin.py:188} INFO - [2026-03-29T12:26:43.050+0500] {dagbag.py:545} INFO - Filling up the DagBag from /home/abayturar/airflow-project/venv/lib/python3.12/site-packages/airflow/example_dags/tutorial_taskflow_api.py
[2026-03-29T12:26:43.057+0500] {processor.py:840} INFO - DAG(s) 'tutorial_taskflow_api' retrieved from /home/abayturar/airflow-project/venv/lib/python3.12/site-packages/airflow/example_dags/tutorial_taskflow_api.py
[2026-03-29T12:26:43.073+0500] {logging_mixin.py:188} INFO - [2026-03-29T12:26:43.073+0500] {dag.py:3089} INFO - Sync 1 DAGs
[2026-03-29T12:26:43.083+0500] {logging_mixin.py:188} INFO - [2026-03-29T12:26:43.083+0500] {dag.py:3947} INFO - Setting next_dagrun for tutorial_taskflow_api to None, run_after=None
[2026-03-29T12:26:43.104+0500] {processor.py:183} INFO - Processing /home/abayturar/airflow-project/venv/lib/python3.12/site-packages/airflow/example_dags/tutorial_taskflow_api.py took 0.063 seconds
[2026-03-29T12:27:32.070+0500] {processor.py:161} INFO - Started process (PID=4306) to work on /home/abayturar/airflow-project/venv/lib/python3.12/site-packages/airflow/example_dags/tutorial_taskflow_api.py
[2026-03-29T12:27:32.071+0500] {processor.py:830} INFO - Processing file /home/abayturar/airflow-project/venv/lib/python3.12/site-packages/airflow/example_dags/tutorial_taskflow_api.py for tasks to queue
[2026-03-29T12:27:32.073+0500] {logging_mixin.py:188} INFO - [2026-03-29T12:27:32.073+0500] {dagbag.py:545} INFO - Filling up the DagBag from /home/abayturar/airflow-project/venv/lib/python3.12/site-packages/airflow/example_dags/tutorial_taskflow_api.py
[2026-03-29T12:27:32.082+0500] {processor.py:840} INFO - DAG(s) 'tutorial_taskflow_api' retrieved from /home/abayturar/airflow-project/venv/lib/python3.12/site-packages/airflow/example_dags/tutorial_taskflow_api.py
[2026-03-29T12:27:32.099+0500] {logging_mixin.py:188} INFO - [2026-03-29T12:27:32.099+0500] {dag.py:3089} INFO - Sync 1 DAGs
[2026-03-29T12:27:32.108+0500] {logging_mixin.py:188} INFO - [2026-03-29T12:27:32.107+0500] {dag.py:3947} INFO - Setting next_dagrun for tutorial_taskflow_api to None, run_after=None
[2026-03-29T12:27:32.163+0500] {processor.py:183} INFO - Processing /home/abayturar/airflow-project/venv/lib/python3.12/site-packages/airflow/example_dags/tutorial_taskflow_api.py took 0.099 seconds
[2026-03-29T12:28:20.820+0500] {processor.py:161} INFO - Started process (PID=4510) to work on /home/abayturar/airflow-project/venv/lib/python3.12/site-packages/airflow/example_dags/tutorial_taskflow_api.py
[2026-03-29T12:28:20.821+0500] {processor.py:830} INFO - Processing file /home/abayturar/airflow-project/venv/lib/python3.12/site-packages/airflow/example_dags/tutorial_taskflow_api.py for tasks to queue
[2026-03-29T12:28:20.823+0500] {logging_mixin.py:188} INFO - [2026-03-29T12:28:20.822+0500] {dagbag.py:545} INFO - Filling up the DagBag from /home/abayturar/airflow-project/venv/lib/python3.12/site-packages/airflow/example_dags/tutorial_taskflow_api.py
[2026-03-29T12:28:20.830+0500] {processor.py:840} INFO - DAG(s) 'tutorial_taskflow_api' retrieved from /home/abayturar/airflow-project/venv/lib/python3.12/site-packages/airflow/example_dags/tutorial_taskflow_api.py
[2026-03-29T12:28:20.848+0500] {logging_mixin.py:188} INFO - [2026-03-29T12:28:20.848+0500] {dag.py:3089} INFO - Sync 1 DAGs
[2026-03-29T12:28:20.858+0500] {logging_mixin.py:188} INFO - [2026-03-29T12:28:20.858+0500] {dag.py:3947} INFO - Setting next_dagrun for tutorial_taskflow_api to None, run_after=None
[2026-03-29T12:28:20.874+0500] {processor.py:183} INFO - Processing /home/abayturar/airflow-project/venv/lib/python3.12/site-packages/airflow/example_dags/tutorial_taskflow_api.py took 0.061 seconds
[2026-03-29T12:29:07.666+0500] {processor.py:161} INFO - Started process (PID=4634) to work on /home/abayturar/airflow-project/venv/lib/python3.12/site-packages/airflow/example_dags/tutorial_taskflow_api.py
[2026-03-29T12:29:07.668+0500] {processor.py:830} INFO - Processing file /home/abayturar/airflow-project/venv/lib/python3.12/site-packages/airflow/example_dags/tutorial_taskflow_api.py for tasks to queue
[2026-03-29T12:29:07.671+0500] {logging_mixin.py:188} INFO - [2026-03-29T12:29:07.670+0500] {dagbag.py:545} INFO - Filling up the DagBag from /home/abayturar/airflow-project/venv/lib/python3.12/site-packages/airflow/example_dags/tutorial_taskflow_api.py
[2026-03-29T12:29:07.680+0500] {processor.py:840} INFO - DAG(s) 'tutorial_taskflow_api' retrieved from /home/abayturar/airflow-project/venv/lib/python3.12/site-packages/airflow/example_dags/tutorial_taskflow_api.py
[2026-03-29T12:29:07.698+0500] {logging_mixin.py:188} INFO - [2026-03-29T12:29:07.698+0500] {dag.py:3089} INFO - Sync 1 DAGs
[2026-03-29T12:29:07.711+0500] {logging_mixin.py:188} INFO - [2026-03-29T12:29:07.711+0500] {dag.py:3947} INFO - Setting next_dagrun for tutorial_taskflow_api to None, run_after=None
[2026-03-29T12:29:07.734+0500] {processor.py:183} INFO - Processing /home/abayturar/airflow-project/venv/lib/python3.12/site-packages/airflow/example_dags/tutorial_taskflow_api.py took 0.077 seconds
[2026-03-29T12:29:56.639+0500] {processor.py:161} INFO - Started process (PID=4926) to work on /home/abayturar/airflow-project/venv/lib/python3.12/site-packages/airflow/example_dags/tutorial_taskflow_api.py
[2026-03-29T12:29:56.640+0500] {processor.py:830} INFO - Processing file /home/abayturar/airflow-project/venv/lib/python3.12/site-packages/airflow/example_dags/tutorial_taskflow_api.py for tasks to queue
[2026-03-29T12:29:56.642+0500] {logging_mixin.py:188} INFO - [2026-03-29T12:29:56.641+0500] {dagbag.py:545} INFO - Filling up the DagBag from /home/abayturar/airflow-project/venv/lib/python3.12/site-packages/airflow/example_dags/tutorial_taskflow_api.py
[2026-03-29T12:29:56.649+0500] {processor.py:840} INFO - DAG(s) 'tutorial_taskflow_api' retrieved from /home/abayturar/airflow-project/venv/lib/python3.12/site-packages/airflow/example_dags/tutorial_taskflow_api.py
[2026-03-29T12:29:56.664+0500] {logging_mixin.py:188} INFO - [2026-03-29T12:29:56.664+0500] {dag.py:3089} INFO - Sync 1 DAGs
[2026-03-29T12:29:56.673+0500] {logging_mixin.py:188} INFO - [2026-03-29T12:29:56.673+0500] {dag.py:3947} INFO - Setting next_dagrun for tutorial_taskflow_api to None, run_after=None
[2026-03-29T12:29:56.728+0500] {processor.py:183} INFO - Processing /home/abayturar/airflow-project/venv/lib/python3.12/site-packages/airflow/example_dags/tutorial_taskflow_api.py took 0.095 seconds
[2026-03-29T12:30:47.360+0500] {processor.py:161} INFO - Started process (PID=5113) to work on /home/abayturar/airflow-project/venv/lib/python3.12/site-packages/airflow/example_dags/tutorial_taskflow_api.py
[2026-03-29T12:30:47.361+0500] {processor.py:830} INFO - Processing file /home/abayturar/airflow-project/venv/lib/python3.12/site-packages/airflow/example_dags/tutorial_taskflow_api.py for tasks to queue
[2026-03-29T12:30:47.363+0500] {logging_mixin.py:188} INFO - [2026-03-29T12:30:47.363+0500] {dagbag.py:545} INFO - Filling up the DagBag from /home/abayturar/airflow-project/venv/lib/python3.12/site-packages/airflow/example_dags/tutorial_taskflow_api.py
[2026-03-29T12:30:47.373+0500] {processor.py:840} INFO - DAG(s) 'tutorial_taskflow_api' retrieved from /home/abayturar/airflow-project/venv/lib/python3.12/site-packages/airflow/example_dags/tutorial_taskflow_api.py
[2026-03-29T12:30:47.389+0500] {logging_mixin.py:188} INFO - [2026-03-29T12:30:47.389+0500] {dag.py:3089} INFO - Sync 1 DAGs
[2026-03-29T12:30:47.398+0500] {logging_mixin.py:188} INFO - [2026-03-29T12:30:47.398+0500] {dag.py:3947} INFO - Setting next_dagrun for tutorial_taskflow_api to None, run_after=None
[2026-03-29T12:30:47.452+0500] {processor.py:183} INFO - Processing /home/abayturar/airflow-project/venv/lib/python3.12/site-packages/airflow/example_dags/tutorial_taskflow_api.py took 0.099 seconds
[2026-03-29T12:31:35.540+0500] {processor.py:161} INFO - Started process (PID=5405) to work on /home/abayturar/airflow-project/venv/lib/python3.12/site-packages/airflow/example_dags/tutorial_taskflow_api.py
[2026-03-29T12:31:35.541+0500] {processor.py:830} INFO - Processing file /home/abayturar/airflow-project/venv/lib/python3.12/site-packages/airflow/example_dags/tutorial_taskflow_api.py for tasks to queue
[2026-03-29T12:31:35.542+0500] {logging_mixin.py:188} INFO - [2026-03-29T12:31:35.542+0500] {dagbag.py:545} INFO - Filling up the DagBag from /home/abayturar/airflow-project/venv/lib/python3.12/site-packages/airflow/example_dags/tutorial_taskflow_api.py
[2026-03-29T12:31:35.550+0500] {processor.py:840} INFO - DAG(s) 'tutorial_taskflow_api' retrieved from /home/abayturar/airflow-project/venv/lib/python3.12/site-packages/airflow/example_dags/tutorial_taskflow_api.py
[2026-03-29T12:31:35.566+0500] {logging_mixin.py:188} INFO - [2026-03-29T12:31:35.566+0500] {dag.py:3089} INFO - Sync 1 DAGs
[2026-03-29T12:31:35.575+0500] {logging_mixin.py:188} INFO - [2026-03-29T12:31:35.575+0500] {dag.py:3947} INFO - Setting next_dagrun for tutorial_taskflow_api to None, run_after=None
[2026-03-29T12:31:35.592+0500] {processor.py:183} INFO - Processing /home/abayturar/airflow-project/venv/lib/python3.12/site-packages/airflow/example_dags/tutorial_taskflow_api.py took 0.059 seconds
[2026-03-29T12:32:23.814+0500] {processor.py:161} INFO - Started process (PID=5952) to work on /home/abayturar/airflow-project/venv/lib/python3.12/site-packages/airflow/example_dags/tutorial_taskflow_api.py
[2026-03-29T12:32:23.815+0500] {processor.py:830} INFO - Processing file /home/abayturar/airflow-project/venv/lib/python3.12/site-packages/airflow/example_dags/tutorial_taskflow_api.py for tasks to queue
[2026-03-29T12:32:23.816+0500] {logging_mixin.py:188} INFO - [2026-03-29T12:32:23.816+0500] {dagbag.py:545} INFO - Filling up the DagBag from /home/abayturar/airflow-project/venv/lib/python3.12/site-packages/airflow/example_dags/tutorial_taskflow_api.py
[2026-03-29T12:32:23.824+0500] {processor.py:840} INFO - DAG(s) 'tutorial_taskflow_api' retrieved from /home/abayturar/airflow-project/venv/lib/python3.12/site-packages/airflow/example_dags/tutorial_taskflow_api.py
[2026-03-29T12:32:23.841+0500] {logging_mixin.py:188} INFO - [2026-03-29T12:32:23.840+0500] {dag.py:3089} INFO - Sync 1 DAGs
[2026-03-29T12:32:23.851+0500] {logging_mixin.py:188} INFO - [2026-03-29T12:32:23.851+0500] {dag.py:3947} INFO - Setting next_dagrun for tutorial_taskflow_api to None, run_after=None
[2026-03-29T12:32:23.868+0500] {processor.py:183} INFO - Processing /home/abayturar/airflow-project/venv/lib/python3.12/site-packages/airflow/example_dags/tutorial_taskflow_api.py took 0.062 seconds
[2026-03-29T12:33:11.547+0500] {processor.py:161} INFO - Started process (PID=6128) to work on /home/abayturar/airflow-project/venv/lib/python3.12/site-packages/airflow/example_dags/tutorial_taskflow_api.py
[2026-03-29T12:33:11.548+0500] {processor.py:830} INFO - Processing file /home/abayturar/airflow-project/venv/lib/python3.12/site-packages/airflow/example_dags/tutorial_taskflow_api.py for tasks to queue
[2026-03-29T12:33:11.550+0500] {logging_mixin.py:188} INFO - [2026-03-29T12:33:11.549+0500] {dagbag.py:545} INFO - Filling up the DagBag from /home/abayturar/airflow-project/venv/lib/python3.12/site-packages/airflow/example_dags/tutorial_taskflow_api.py
[2026-03-29T12:33:11.557+0500] {processor.py:840} INFO - DAG(s) 'tutorial_taskflow_api' retrieved from /home/abayturar/airflow-project/venv/lib/python3.12/site-packages/airflow/example_dags/tutorial_taskflow_api.py
[2026-03-29T12:33:11.573+0500] {logging_mixin.py:188} INFO - [2026-03-29T12:33:11.573+0500] {dag.py:3089} INFO - Sync 1 DAGs
[2026-03-29T12:33:11.582+0500] {logging_mixin.py:188} INFO - [2026-03-29T12:33:11.582+0500] {dag.py:3947} INFO - Setting next_dagrun for tutorial_taskflow_api to None, run_after=None
[2026-03-29T12:33:11.626+0500] {processor.py:183} INFO - Processing /home/abayturar/airflow-project/venv/lib/python3.12/site-packages/airflow/example_dags/tutorial_taskflow_api.py took 0.085 seconds
[2026-03-29T12:34:00.618+0500] {processor.py:161} INFO - Started process (PID=6266) to work on /home/abayturar/airflow-project/venv/lib/python3.12/site-packages/airflow/example_dags/tutorial_taskflow_api.py
[2026-03-29T12:34:00.619+0500] {processor.py:830} INFO - Processing file /home/abayturar/airflow-project/venv/lib/python3.12/site-packages/airflow/example_dags/tutorial_taskflow_api.py for tasks to queue
[2026-03-29T12:34:00.621+0500] {logging_mixin.py:188} INFO - [2026-03-29T12:34:00.621+0500] {dagbag.py:545} INFO - Filling up the DagBag from /home/abayturar/airflow-project/venv/lib/python3.12/site-packages/airflow/example_dags/tutorial_taskflow_api.py
[2026-03-29T12:34:00.654+0500] {processor.py:840} INFO - DAG(s) 'tutorial_taskflow_api' retrieved from /home/abayturar/airflow-project/venv/lib/python3.12/site-packages/airflow/example_dags/tutorial_taskflow_api.py
[2026-03-29T12:34:00.673+0500] {logging_mixin.py:188} INFO - [2026-03-29T12:34:00.673+0500] {dag.py:3089} INFO - Sync 1 DAGs
[2026-03-29T12:34:00.686+0500] {logging_mixin.py:188} INFO - [2026-03-29T12:34:00.686+0500] {dag.py:3947} INFO - Setting next_dagrun for tutorial_taskflow_api to None, run_after=None
[2026-03-29T12:34:00.706+0500] {processor.py:183} INFO - Processing /home/abayturar/airflow-project/venv/lib/python3.12/site-packages/airflow/example_dags/tutorial_taskflow_api.py took 0.094 seconds
[2026-03-29T12:34:48.813+0500] {processor.py:161} INFO - Started process (PID=6396) to work on /home/abayturar/airflow-project/venv/lib/python3.12/site-packages/airflow/example_dags/tutorial_taskflow_api.py
[2026-03-29T12:34:48.814+0500] {processor.py:830} INFO - Processing file /home/abayturar/airflow-project/venv/lib/python3.12/site-packages/airflow/example_dags/tutorial_taskflow_api.py for tasks to queue
[2026-03-29T12:34:48.817+0500] {logging_mixin.py:188} INFO - [2026-03-29T12:34:48.816+0500] {dagbag.py:545} INFO - Filling up the DagBag from /home/abayturar/airflow-project/venv/lib/python3.12/site-packages/airflow/example_dags/tutorial_taskflow_api.py
[2026-03-29T12:34:48.825+0500] {processor.py:840} INFO - DAG(s) 'tutorial_taskflow_api' retrieved from /home/abayturar/airflow-project/venv/lib/python3.12/site-packages/airflow/example_dags/tutorial_taskflow_api.py
[2026-03-29T12:34:48.843+0500] {logging_mixin.py:188} INFO - [2026-03-29T12:34:48.843+0500] {dag.py:3089} INFO - Sync 1 DAGs
[2026-03-29T12:34:48.853+0500] {logging_mixin.py:188} INFO - [2026-03-29T12:34:48.853+0500] {dag.py:3947} INFO - Setting next_dagrun for tutorial_taskflow_api to None, run_after=None
[2026-03-29T12:34:48.871+0500] {processor.py:183} INFO - Processing /home/abayturar/airflow-project/venv/lib/python3.12/site-packages/airflow/example_dags/tutorial_taskflow_api.py took 0.066 seconds
[2026-03-29T12:35:38.404+0500] {processor.py:161} INFO - Started process (PID=6526) to work on /home/abayturar/airflow-project/venv/lib/python3.12/site-packages/airflow/example_dags/tutorial_taskflow_api.py
[2026-03-29T12:35:38.405+0500] {processor.py:830} INFO - Processing file /home/abayturar/airflow-project/venv/lib/python3.12/site-packages/airflow/example_dags/tutorial_taskflow_api.py for tasks to queue
[2026-03-29T12:35:38.407+0500] {logging_mixin.py:188} INFO - [2026-03-29T12:35:38.406+0500] {dagbag.py:545} INFO - Filling up the DagBag from /home/abayturar/airflow-project/venv/lib/python3.12/site-packages/airflow/example_dags/tutorial_taskflow_api.py
[2026-03-29T12:35:38.414+0500] {processor.py:840} INFO - DAG(s) 'tutorial_taskflow_api' retrieved from /home/abayturar/airflow-project/venv/lib/python3.12/site-packages/airflow/example_dags/tutorial_taskflow_api.py
[2026-03-29T12:35:38.430+0500] {logging_mixin.py:188} INFO - [2026-03-29T12:35:38.430+0500] {dag.py:3089} INFO - Sync 1 DAGs
[2026-03-29T12:35:38.440+0500] {logging_mixin.py:188} INFO - [2026-03-29T12:35:38.439+0500] {dag.py:3947} INFO - Setting next_dagrun for tutorial_taskflow_api to None, run_after=None
[2026-03-29T12:35:38.460+0500] {processor.py:183} INFO - Processing /home/abayturar/airflow-project/venv/lib/python3.12/site-packages/airflow/example_dags/tutorial_taskflow_api.py took 0.062 seconds
[2026-03-29T12:36:27.857+0500] {processor.py:161} INFO - Started process (PID=6655) to work on /home/abayturar/airflow-project/venv/lib/python3.12/site-packages/airflow/example_dags/tutorial_taskflow_api.py
[2026-03-29T12:36:27.858+0500] {processor.py:830} INFO - Processing file /home/abayturar/airflow-project/venv/lib/python3.12/site-packages/airflow/example_dags/tutorial_taskflow_api.py for tasks to queue
[2026-03-29T12:36:27.859+0500] {logging_mixin.py:188} INFO - [2026-03-29T12:36:27.859+0500] {dagbag.py:545} INFO - Filling up the DagBag from /home/abayturar/airflow-project/venv/lib/python3.12/site-packages/airflow/example_dags/tutorial_taskflow_api.py
[2026-03-29T12:36:27.867+0500] {processor.py:840} INFO - DAG(s) 'tutorial_taskflow_api' retrieved from /home/abayturar/airflow-project/venv/lib/python3.12/site-packages/airflow/example_dags/tutorial_taskflow_api.py
[2026-03-29T12:36:27.884+0500] {logging_mixin.py:188} INFO - [2026-03-29T12:36:27.884+0500] {dag.py:3089} INFO - Sync 1 DAGs
[2026-03-29T12:36:27.894+0500] {logging_mixin.py:188} INFO - [2026-03-29T12:36:27.893+0500] {dag.py:3947} INFO - Setting next_dagrun for tutorial_taskflow_api to None, run_after=None
[2026-03-29T12:36:27.950+0500] {processor.py:183} INFO - Processing /home/abayturar/airflow-project/venv/lib/python3.12/site-packages/airflow/example_dags/tutorial_taskflow_api.py took 0.100 seconds
[2026-03-29T12:37:16.738+0500] {processor.py:161} INFO - Started process (PID=6787) to work on /home/abayturar/airflow-project/venv/lib/python3.12/site-packages/airflow/example_dags/tutorial_taskflow_api.py
[2026-03-29T12:37:16.739+0500] {processor.py:830} INFO - Processing file /home/abayturar/airflow-project/venv/lib/python3.12/site-packages/airflow/example_dags/tutorial_taskflow_api.py for tasks to queue
[2026-03-29T12:37:16.740+0500] {logging_mixin.py:188} INFO - [2026-03-29T12:37:16.740+0500] {dagbag.py:545} INFO - Filling up the DagBag from /home/abayturar/airflow-project/venv/lib/python3.12/site-packages/airflow/example_dags/tutorial_taskflow_api.py
[2026-03-29T12:37:16.747+0500] {processor.py:840} INFO - DAG(s) 'tutorial_taskflow_api' retrieved from /home/abayturar/airflow-project/venv/lib/python3.12/site-packages/airflow/example_dags/tutorial_taskflow_api.py
[2026-03-29T12:37:16.762+0500] {logging_mixin.py:188} INFO - [2026-03-29T12:37:16.762+0500] {dag.py:3089} INFO - Sync 1 DAGs
[2026-03-29T12:37:16.771+0500] {logging_mixin.py:188} INFO - [2026-03-29T12:37:16.771+0500] {dag.py:3947} INFO - Setting next_dagrun for tutorial_taskflow_api to None, run_after=None
[2026-03-29T12:37:16.827+0500] {processor.py:183} INFO - Processing /home/abayturar/airflow-project/venv/lib/python3.12/site-packages/airflow/example_dags/tutorial_taskflow_api.py took 0.095 seconds
[2026-03-29T12:38:07.424+0500] {processor.py:161} INFO - Started process (PID=6918) to work on /home/abayturar/airflow-project/venv/lib/python3.12/site-packages/airflow/example_dags/tutorial_taskflow_api.py
[2026-03-29T12:38:07.426+0500] {processor.py:830} INFO - Processing file /home/abayturar/airflow-project/venv/lib/python3.12/site-packages/airflow/example_dags/tutorial_taskflow_api.py for tasks to queue
[2026-03-29T12:38:07.428+0500] {logging_mixin.py:188} INFO - [2026-03-29T12:38:07.428+0500] {dagbag.py:545} INFO - Filling up the DagBag from /home/abayturar/airflow-project/venv/lib/python3.12/site-packages/airflow/example_dags/tutorial_taskflow_api.py
[2026-03-29T12:38:07.436+0500] {processor.py:840} INFO - DAG(s) 'tutorial_taskflow_api' retrieved from /home/abayturar/airflow-project/venv/lib/python3.12/site-packages/airflow/example_dags/tutorial_taskflow_api.py
[2026-03-29T12:38:07.454+0500] {logging_mixin.py:188} INFO - [2026-03-29T12:38:07.454+0500] {dag.py:3089} INFO - Sync 1 DAGs
[2026-03-29T12:38:07.464+0500] {logging_mixin.py:188} INFO - [2026-03-29T12:38:07.464+0500] {dag.py:3947} INFO - Setting next_dagrun for tutorial_taskflow_api to None, run_after=None
[2026-03-29T12:38:07.522+0500] {processor.py:183} INFO - Processing /home/abayturar/airflow-project/venv/lib/python3.12/site-packages/airflow/example_dags/tutorial_taskflow_api.py took 0.107 seconds
[2026-03-29T12:38:59.379+0500] {processor.py:161} INFO - Started process (PID=7055) to work on /home/abayturar/airflow-project/venv/lib/python3.12/site-packages/airflow/example_dags/tutorial_taskflow_api.py
[2026-03-29T12:38:59.380+0500] {processor.py:830} INFO - Processing file /home/abayturar/airflow-project/venv/lib/python3.12/site-packages/airflow/example_dags/tutorial_taskflow_api.py for tasks to queue
[2026-03-29T12:38:59.382+0500] {logging_mixin.py:188} INFO - [2026-03-29T12:38:59.381+0500] {dagbag.py:545} INFO - Filling up the DagBag from /home/abayturar/airflow-project/venv/lib/python3.12/site-packages/airflow/example_dags/tutorial_taskflow_api.py
[2026-03-29T12:38:59.389+0500] {processor.py:840} INFO - DAG(s) 'tutorial_taskflow_api' retrieved from /home/abayturar/airflow-project/venv/lib/python3.12/site-packages/airflow/example_dags/tutorial_taskflow_api.py
[2026-03-29T12:38:59.405+0500] {logging_mixin.py:188} INFO - [2026-03-29T12:38:59.405+0500] {dag.py:3089} INFO - Sync 1 DAGs
[2026-03-29T12:38:59.414+0500] {logging_mixin.py:188} INFO - [2026-03-29T12:38:59.414+0500] {dag.py:3947} INFO - Setting next_dagrun for tutorial_taskflow_api to None, run_after=None
[2026-03-29T12:38:59.470+0500] {processor.py:183} INFO - Processing /home/abayturar/airflow-project/venv/lib/python3.12/site-packages/airflow/example_dags/tutorial_taskflow_api.py took 0.098 seconds
[2026-03-29T12:39:51.227+0500] {processor.py:161} INFO - Started process (PID=7219) to work on /home/abayturar/airflow-project/venv/lib/python3.12/site-packages/airflow/example_dags/tutorial_taskflow_api.py
[2026-03-29T12:39:51.228+0500] {processor.py:830} INFO - Processing file /home/abayturar/airflow-project/venv/lib/python3.12/site-packages/airflow/example_dags/tutorial_taskflow_api.py for tasks to queue
[2026-03-29T12:39:51.230+0500] {logging_mixin.py:188} INFO - [2026-03-29T12:39:51.229+0500] {dagbag.py:545} INFO - Filling up the DagBag from /home/abayturar/airflow-project/venv/lib/python3.12/site-packages/airflow/example_dags/tutorial_taskflow_api.py
[2026-03-29T12:39:51.237+0500] {processor.py:840} INFO - DAG(s) 'tutorial_taskflow_api' retrieved from /home/abayturar/airflow-project/venv/lib/python3.12/site-packages/airflow/example_dags/tutorial_taskflow_api.py
[2026-03-29T12:39:51.254+0500] {logging_mixin.py:188} INFO - [2026-03-29T12:39:51.254+0500] {dag.py:3089} INFO - Sync 1 DAGs
[2026-03-29T12:39:51.263+0500] {logging_mixin.py:188} INFO - [2026-03-29T12:39:51.263+0500] {dag.py:3947} INFO - Setting next_dagrun for tutorial_taskflow_api to None, run_after=None
[2026-03-29T12:39:51.319+0500] {processor.py:183} INFO - Processing /home/abayturar/airflow-project/venv/lib/python3.12/site-packages/airflow/example_dags/tutorial_taskflow_api.py took 0.099 seconds
[2026-03-29T12:40:41.351+0500] {processor.py:161} INFO - Started process (PID=7349) to work on /home/abayturar/airflow-project/venv/lib/python3.12/site-packages/airflow/example_dags/tutorial_taskflow_api.py
[2026-03-29T12:40:41.352+0500] {processor.py:830} INFO - Processing file /home/abayturar/airflow-project/venv/lib/python3.12/site-packages/airflow/example_dags/tutorial_taskflow_api.py for tasks to queue
[2026-03-29T12:40:41.354+0500] {logging_mixin.py:188} INFO - [2026-03-29T12:40:41.353+0500] {dagbag.py:545} INFO - Filling up the DagBag from /home/abayturar/airflow-project/venv/lib/python3.12/site-packages/airflow/example_dags/tutorial_taskflow_api.py
[2026-03-29T12:40:41.360+0500] {processor.py:840} INFO - DAG(s) 'tutorial_taskflow_api' retrieved from /home/abayturar/airflow-project/venv/lib/python3.12/site-packages/airflow/example_dags/tutorial_taskflow_api.py
[2026-03-29T12:40:41.375+0500] {logging_mixin.py:188} INFO - [2026-03-29T12:40:41.375+0500] {dag.py:3089} INFO - Sync 1 DAGs
[2026-03-29T12:40:41.384+0500] {logging_mixin.py:188} INFO - [2026-03-29T12:40:41.384+0500] {dag.py:3947} INFO - Setting next_dagrun for tutorial_taskflow_api to None, run_after=None
[2026-03-29T12:40:41.439+0500] {processor.py:183} INFO - Processing /home/abayturar/airflow-project/venv/lib/python3.12/site-packages/airflow/example_dags/tutorial_taskflow_api.py took 0.093 seconds
[2026-03-29T12:41:33.219+0500] {processor.py:161} INFO - Started process (PID=7487) to work on /home/abayturar/airflow-project/venv/lib/python3.12/site-packages/airflow/example_dags/tutorial_taskflow_api.py
[2026-03-29T12:41:33.220+0500] {processor.py:830} INFO - Processing file /home/abayturar/airflow-project/venv/lib/python3.12/site-packages/airflow/example_dags/tutorial_taskflow_api.py for tasks to queue
[2026-03-29T12:41:33.223+0500] {logging_mixin.py:188} INFO - [2026-03-29T12:41:33.222+0500] {dagbag.py:545} INFO - Filling up the DagBag from /home/abayturar/airflow-project/venv/lib/python3.12/site-packages/airflow/example_dags/tutorial_taskflow_api.py
[2026-03-29T12:41:33.231+0500] {processor.py:840} INFO - DAG(s) 'tutorial_taskflow_api' retrieved from /home/abayturar/airflow-project/venv/lib/python3.12/site-packages/airflow/example_dags/tutorial_taskflow_api.py
[2026-03-29T12:41:33.246+0500] {logging_mixin.py:188} INFO - [2026-03-29T12:41:33.246+0500] {dag.py:3089} INFO - Sync 1 DAGs
[2026-03-29T12:41:33.256+0500] {logging_mixin.py:188} INFO - [2026-03-29T12:41:33.255+0500] {dag.py:3947} INFO - Setting next_dagrun for tutorial_taskflow_api to None, run_after=None
[2026-03-29T12:41:33.310+0500] {processor.py:183} INFO - Processing /home/abayturar/airflow-project/venv/lib/python3.12/site-packages/airflow/example_dags/tutorial_taskflow_api.py took 0.098 seconds
[2026-03-29T12:42:23.732+0500] {processor.py:161} INFO - Started process (PID=7643) to work on /home/abayturar/airflow-project/venv/lib/python3.12/site-packages/airflow/example_dags/tutorial_taskflow_api.py
[2026-03-29T12:42:23.733+0500] {processor.py:830} INFO - Processing file /home/abayturar/airflow-project/venv/lib/python3.12/site-packages/airflow/example_dags/tutorial_taskflow_api.py for tasks to queue
[2026-03-29T12:42:23.735+0500] {logging_mixin.py:188} INFO - [2026-03-29T12:42:23.734+0500] {dagbag.py:545} INFO - Filling up the DagBag from /home/abayturar/airflow-project/venv/lib/python3.12/site-packages/airflow/example_dags/tutorial_taskflow_api.py
[2026-03-29T12:42:23.742+0500] {processor.py:840} INFO - DAG(s) 'tutorial_taskflow_api' retrieved from /home/abayturar/airflow-project/venv/lib/python3.12/site-packages/airflow/example_dags/tutorial_taskflow_api.py
[2026-03-29T12:42:23.757+0500] {logging_mixin.py:188} INFO - [2026-03-29T12:42:23.757+0500] {dag.py:3089} INFO - Sync 1 DAGs
[2026-03-29T12:42:23.766+0500] {logging_mixin.py:188} INFO - [2026-03-29T12:42:23.766+0500] {dag.py:3947} INFO - Setting next_dagrun for tutorial_taskflow_api to None, run_after=None
[2026-03-29T12:42:23.824+0500] {processor.py:183} INFO - Processing /home/abayturar/airflow-project/venv/lib/python3.12/site-packages/airflow/example_dags/tutorial_taskflow_api.py took 0.099 seconds
[2026-03-29T12:43:17.180+0500] {processor.py:161} INFO - Started process (PID=7781) to work on /home/abayturar/airflow-project/venv/lib/python3.12/site-packages/airflow/example_dags/tutorial_taskflow_api.py
[2026-03-29T12:43:17.180+0500] {processor.py:830} INFO - Processing file /home/abayturar/airflow-project/venv/lib/python3.12/site-packages/airflow/example_dags/tutorial_taskflow_api.py for tasks to queue
[2026-03-29T12:43:17.182+0500] {logging_mixin.py:188} INFO - [2026-03-29T12:43:17.182+0500] {dagbag.py:545} INFO - Filling up the DagBag from /home/abayturar/airflow-project/venv/lib/python3.12/site-packages/airflow/example_dags/tutorial_taskflow_api.py
[2026-03-29T12:43:17.189+0500] {processor.py:840} INFO - DAG(s) 'tutorial_taskflow_api' retrieved from /home/abayturar/airflow-project/venv/lib/python3.12/site-packages/airflow/example_dags/tutorial_taskflow_api.py
[2026-03-29T12:43:17.204+0500] {logging_mixin.py:188} INFO - [2026-03-29T12:43:17.204+0500] {dag.py:3089} INFO - Sync 1 DAGs
[2026-03-29T12:43:17.213+0500] {logging_mixin.py:188} INFO - [2026-03-29T12:43:17.213+0500] {dag.py:3947} INFO - Setting next_dagrun for tutorial_taskflow_api to None, run_after=None
[2026-03-29T12:43:17.267+0500] {processor.py:183} INFO - Processing /home/abayturar/airflow-project/venv/lib/python3.12/site-packages/airflow/example_dags/tutorial_taskflow_api.py took 0.093 seconds
[2026-03-29T12:44:09.992+0500] {processor.py:161} INFO - Started process (PID=8052) to work on /home/abayturar/airflow-project/venv/lib/python3.12/site-packages/airflow/example_dags/tutorial_taskflow_api.py
[2026-03-29T12:44:09.994+0500] {processor.py:830} INFO - Processing file /home/abayturar/airflow-project/venv/lib/python3.12/site-packages/airflow/example_dags/tutorial_taskflow_api.py for tasks to queue
[2026-03-29T12:44:09.995+0500] {logging_mixin.py:188} INFO - [2026-03-29T12:44:09.995+0500] {dagbag.py:545} INFO - Filling up the DagBag from /home/abayturar/airflow-project/venv/lib/python3.12/site-packages/airflow/example_dags/tutorial_taskflow_api.py
[2026-03-29T12:44:10.003+0500] {processor.py:840} INFO - DAG(s) 'tutorial_taskflow_api' retrieved from /home/abayturar/airflow-project/venv/lib/python3.12/site-packages/airflow/example_dags/tutorial_taskflow_api.py
[2026-03-29T12:44:10.021+0500] {logging_mixin.py:188} INFO - [2026-03-29T12:44:10.020+0500] {dag.py:3089} INFO - Sync 1 DAGs
[2026-03-29T12:44:10.030+0500] {logging_mixin.py:188} INFO - [2026-03-29T12:44:10.030+0500] {dag.py:3947} INFO - Setting next_dagrun for tutorial_taskflow_api to None, run_after=None
[2026-03-29T12:44:10.085+0500] {processor.py:183} INFO - Processing /home/abayturar/airflow-project/venv/lib/python3.12/site-packages/airflow/example_dags/tutorial_taskflow_api.py took 0.099 seconds
[2026-03-29T12:45:04.010+0500] {processor.py:161} INFO - Started process (PID=8412) to work on /home/abayturar/airflow-project/venv/lib/python3.12/site-packages/airflow/example_dags/tutorial_taskflow_api.py
[2026-03-29T12:45:04.011+0500] {processor.py:830} INFO - Processing file /home/abayturar/airflow-project/venv/lib/python3.12/site-packages/airflow/example_dags/tutorial_taskflow_api.py for tasks to queue
[2026-03-29T12:45:04.013+0500] {logging_mixin.py:188} INFO - [2026-03-29T12:45:04.013+0500] {dagbag.py:545} INFO - Filling up the DagBag from /home/abayturar/airflow-project/venv/lib/python3.12/site-packages/airflow/example_dags/tutorial_taskflow_api.py
[2026-03-29T12:45:04.021+0500] {processor.py:840} INFO - DAG(s) 'tutorial_taskflow_api' retrieved from /home/abayturar/airflow-project/venv/lib/python3.12/site-packages/airflow/example_dags/tutorial_taskflow_api.py
[2026-03-29T12:45:04.036+0500] {logging_mixin.py:188} INFO - [2026-03-29T12:45:04.036+0500] {dag.py:3089} INFO - Sync 1 DAGs
[2026-03-29T12:45:04.046+0500] {logging_mixin.py:188} INFO - [2026-03-29T12:45:04.046+0500] {dag.py:3947} INFO - Setting next_dagrun for tutorial_taskflow_api to None, run_after=None
[2026-03-29T12:45:04.102+0500] {processor.py:183} INFO - Processing /home/abayturar/airflow-project/venv/lib/python3.12/site-packages/airflow/example_dags/tutorial_taskflow_api.py took 0.100 seconds
[2026-03-29T12:45:55.929+0500] {processor.py:161} INFO - Started process (PID=8717) to work on /home/abayturar/airflow-project/venv/lib/python3.12/site-packages/airflow/example_dags/tutorial_taskflow_api.py
[2026-03-29T12:45:55.930+0500] {processor.py:830} INFO - Processing file /home/abayturar/airflow-project/venv/lib/python3.12/site-packages/airflow/example_dags/tutorial_taskflow_api.py for tasks to queue
[2026-03-29T12:45:55.934+0500] {logging_mixin.py:188} INFO - [2026-03-29T12:45:55.933+0500] {dagbag.py:545} INFO - Filling up the DagBag from /home/abayturar/airflow-project/venv/lib/python3.12/site-packages/airflow/example_dags/tutorial_taskflow_api.py
[2026-03-29T12:45:55.971+0500] {processor.py:840} INFO - DAG(s) 'tutorial_taskflow_api' retrieved from /home/abayturar/airflow-project/venv/lib/python3.12/site-packages/airflow/example_dags/tutorial_taskflow_api.py
[2026-03-29T12:45:55.998+0500] {logging_mixin.py:188} INFO - [2026-03-29T12:45:55.997+0500] {dag.py:3089} INFO - Sync 1 DAGs
[2026-03-29T12:45:56.026+0500] {logging_mixin.py:188} INFO - [2026-03-29T12:45:56.025+0500] {dag.py:3947} INFO - Setting next_dagrun for tutorial_taskflow_api to None, run_after=None
[2026-03-29T12:45:56.095+0500] {processor.py:183} INFO - Processing /home/abayturar/airflow-project/venv/lib/python3.12/site-packages/airflow/example_dags/tutorial_taskflow_api.py took 0.177 seconds
[2026-03-29T12:46:48.488+0500] {processor.py:161} INFO - Started process (PID=8958) to work on /home/abayturar/airflow-project/venv/lib/python3.12/site-packages/airflow/example_dags/tutorial_taskflow_api.py
[2026-03-29T12:46:48.489+0500] {processor.py:830} INFO - Processing file /home/abayturar/airflow-project/venv/lib/python3.12/site-packages/airflow/example_dags/tutorial_taskflow_api.py for tasks to queue
[2026-03-29T12:46:48.491+0500] {logging_mixin.py:188} INFO - [2026-03-29T12:46:48.490+0500] {dagbag.py:545} INFO - Filling up the DagBag from /home/abayturar/airflow-project/venv/lib/python3.12/site-packages/airflow/example_dags/tutorial_taskflow_api.py
[2026-03-29T12:46:48.499+0500] {processor.py:840} INFO - DAG(s) 'tutorial_taskflow_api' retrieved from /home/abayturar/airflow-project/venv/lib/python3.12/site-packages/airflow/example_dags/tutorial_taskflow_api.py
[2026-03-29T12:46:48.519+0500] {logging_mixin.py:188} INFO - [2026-03-29T12:46:48.519+0500] {dag.py:3089} INFO - Sync 1 DAGs
[2026-03-29T12:46:48.533+0500] {logging_mixin.py:188} INFO - [2026-03-29T12:46:48.532+0500] {dag.py:3947} INFO - Setting next_dagrun for tutorial_taskflow_api to None, run_after=None
[2026-03-29T12:46:48.590+0500] {processor.py:183} INFO - Processing /home/abayturar/airflow-project/venv/lib/python3.12/site-packages/airflow/example_dags/tutorial_taskflow_api.py took 0.110 seconds
