[2026-03-28T18:22:36.476+0500] {local_task_job_runner.py:120} INFO - ::group::Pre task execution logs
[2026-03-28T18:22:36.489+0500] {taskinstance.py:2076} INFO - Dependencies all met for dep_context=non-requeueable deps ti=<TaskInstance: sales_dwh_pipeline.load_staging manual__2026-03-28T13:22:33.986723+00:00 [queued]>
[2026-03-28T18:22:36.492+0500] {taskinstance.py:2076} INFO - Dependencies all met for dep_context=requeueable deps ti=<TaskInstance: sales_dwh_pipeline.load_staging manual__2026-03-28T13:22:33.986723+00:00 [queued]>
[2026-03-28T18:22:36.492+0500] {taskinstance.py:2306} INFO - Starting attempt 1 of 2
[2026-03-28T18:22:36.501+0500] {taskinstance.py:2330} INFO - Executing <Task(PostgresOperator): load_staging> on 2026-03-28 13:22:33.986723+00:00
[2026-03-28T18:22:36.519+0500] {standard_task_runner.py:64} INFO - Started process 18635 to run task
[2026-03-28T18:22:36.523+0500] {standard_task_runner.py:90} INFO - Running: ['airflow', 'tasks', 'run', 'sales_dwh_pipeline', 'load_staging', 'manual__2026-03-28T13:22:33.986723+00:00', '--job-id', '10', '--raw', '--subdir', 'DAGS_FOLDER/sales_dwh_pipeline.py', '--cfg-path', '/tmp/tmpw4a_6auz']
[2026-03-28T18:22:36.526+0500] {standard_task_runner.py:91} INFO - Job 10: Subtask load_staging
[2026-03-28T18:22:36.559+0500] {task_command.py:426} INFO - Running <TaskInstance: sales_dwh_pipeline.load_staging manual__2026-03-28T13:22:33.986723+00:00 [running]> on host DESKTOP-I2ADLC6.localdomain
[2026-03-28T18:22:36.581+0500] {abstractoperator.py:725} ERROR - Exception rendering Jinja template for task 'load_staging', field 'sql'. Template: '/home/abayturar/airflow-project/sql/pipeline/load_staging.sql'
Traceback (most recent call last):
  File "/home/abayturar/airflow-project/venv/lib/python3.12/site-packages/airflow/models/abstractoperator.py", line 717, in _do_render_template_fields
    rendered_content = self.render_template(
                       ^^^^^^^^^^^^^^^^^^^^^
  File "/home/abayturar/airflow-project/venv/lib/python3.12/site-packages/airflow/template/templater.py", line 166, in render_template
    template = jinja_env.get_template(value)
               ^^^^^^^^^^^^^^^^^^^^^^^^^^^^^
  File "/home/abayturar/airflow-project/venv/lib/python3.12/site-packages/jinja2/environment.py", line 1013, in get_template
    return self._load_template(name, globals)
           ^^^^^^^^^^^^^^^^^^^^^^^^^^^^^^^^^^
  File "/home/abayturar/airflow-project/venv/lib/python3.12/site-packages/jinja2/environment.py", line 972, in _load_template
    template = self.loader.load(self, name, self.make_globals(globals))
               ^^^^^^^^^^^^^^^^^^^^^^^^^^^^^^^^^^^^^^^^^^^^^^^^^^^^^^^^
  File "/home/abayturar/airflow-project/venv/lib/python3.12/site-packages/jinja2/loaders.py", line 126, in load
    source, filename, uptodate = self.get_source(environment, name)
                                 ^^^^^^^^^^^^^^^^^^^^^^^^^^^^^^^^^^
  File "/home/abayturar/airflow-project/venv/lib/python3.12/site-packages/jinja2/loaders.py", line 207, in get_source
    raise TemplateNotFound(template)
jinja2.exceptions.TemplateNotFound: /home/abayturar/airflow-project/sql/pipeline/load_staging.sql
[2026-03-28T18:22:36.584+0500] {taskinstance.py:2905} ERROR - Task failed with exception
Traceback (most recent call last):
  File "/home/abayturar/airflow-project/venv/lib/python3.12/site-packages/airflow/models/taskinstance.py", line 2479, in _run_raw_task
    self._execute_task_with_callbacks(context, test_mode, session=session)
  File "/home/abayturar/airflow-project/venv/lib/python3.12/site-packages/airflow/models/taskinstance.py", line 2633, in _execute_task_with_callbacks
    task_orig = self.render_templates(context=context, jinja_env=jinja_env)
                ^^^^^^^^^^^^^^^^^^^^^^^^^^^^^^^^^^^^^^^^^^^^^^^^^^^^^^^^^^^
  File "/home/abayturar/airflow-project/venv/lib/python3.12/site-packages/airflow/models/taskinstance.py", line 3094, in render_templates
    original_task.render_template_fields(context, jinja_env)
  File "/home/abayturar/airflow-project/venv/lib/python3.12/site-packages/airflow/models/baseoperator.py", line 1337, in render_template_fields
    self._do_render_template_fields(self, self.template_fields, context, jinja_env, set())
  File "/home/abayturar/airflow-project/venv/lib/python3.12/site-packages/airflow/models/abstractoperator.py", line 717, in _do_render_template_fields
    rendered_content = self.render_template(
                       ^^^^^^^^^^^^^^^^^^^^^
  File "/home/abayturar/airflow-project/venv/lib/python3.12/site-packages/airflow/template/templater.py", line 166, in render_template
    template = jinja_env.get_template(value)
               ^^^^^^^^^^^^^^^^^^^^^^^^^^^^^
  File "/home/abayturar/airflow-project/venv/lib/python3.12/site-packages/jinja2/environment.py", line 1013, in get_template
    return self._load_template(name, globals)
           ^^^^^^^^^^^^^^^^^^^^^^^^^^^^^^^^^^
  File "/home/abayturar/airflow-project/venv/lib/python3.12/site-packages/jinja2/environment.py", line 972, in _load_template
    template = self.loader.load(self, name, self.make_globals(globals))
               ^^^^^^^^^^^^^^^^^^^^^^^^^^^^^^^^^^^^^^^^^^^^^^^^^^^^^^^^
  File "/home/abayturar/airflow-project/venv/lib/python3.12/site-packages/jinja2/loaders.py", line 126, in load
    source, filename, uptodate = self.get_source(environment, name)
                                 ^^^^^^^^^^^^^^^^^^^^^^^^^^^^^^^^^^
  File "/home/abayturar/airflow-project/venv/lib/python3.12/site-packages/jinja2/loaders.py", line 207, in get_source
    raise TemplateNotFound(template)
jinja2.exceptions.TemplateNotFound: /home/abayturar/airflow-project/sql/pipeline/load_staging.sql
[2026-03-28T18:22:36.588+0500] {taskinstance.py:1206} INFO - Marking task as UP_FOR_RETRY. dag_id=sales_dwh_pipeline, task_id=load_staging, run_id=manual__2026-03-28T13:22:33.986723+00:00, execution_date=20260328T132233, start_date=20260328T132236, end_date=20260328T132236
[2026-03-28T18:22:36.595+0500] {standard_task_runner.py:110} ERROR - Failed to execute job 10 for task load_staging (/home/abayturar/airflow-project/sql/pipeline/load_staging.sql; 18635)
[2026-03-28T18:22:36.617+0500] {local_task_job_runner.py:243} INFO - Task exited with return code 1
[2026-03-28T18:22:36.633+0500] {logging_mixin.py:188} WARNING - /home/abayturar/airflow-project/venv/lib/python3.12/site-packages/airflow/models/baseoperator.py:1297 AirflowProviderDeprecationWarning: Call to deprecated class PostgresOperator. (Please use `airflow.providers.common.sql.operators.sql.SQLExecuteQueryOperator`.Also, you can provide `hook_params={'schema': <database>}`.)
[2026-03-28T18:22:36.647+0500] {taskinstance.py:3503} INFO - 0 downstream tasks scheduled from follow-on schedule check
[2026-03-28T18:22:36.647+0500] {local_task_job_runner.py:222} INFO - ::endgroup::
