[2026-03-29T12:01:43.603+0500] {processor.py:161} INFO - Started process (PID=32293) to work on /home/abayturar/airflow-project/venv/lib/python3.12/site-packages/airflow/example_dags/plugins/event_listener.py
[2026-03-29T12:01:43.604+0500] {processor.py:830} INFO - Processing file /home/abayturar/airflow-project/venv/lib/python3.12/site-packages/airflow/example_dags/plugins/event_listener.py for tasks to queue
[2026-03-29T12:01:43.606+0500] {logging_mixin.py:188} INFO - [2026-03-29T12:01:43.606+0500] {dagbag.py:545} INFO - Filling up the DagBag from /home/abayturar/airflow-project/venv/lib/python3.12/site-packages/airflow/example_dags/plugins/event_listener.py
[2026-03-29T12:01:43.610+0500] {processor.py:842} WARNING - No viable dags retrieved from /home/abayturar/airflow-project/venv/lib/python3.12/site-packages/airflow/example_dags/plugins/event_listener.py
[2026-03-29T12:01:43.626+0500] {processor.py:183} INFO - Processing /home/abayturar/airflow-project/venv/lib/python3.12/site-packages/airflow/example_dags/plugins/event_listener.py took 0.030 seconds
[2026-03-29T12:02:37.958+0500] {processor.py:161} INFO - Started process (PID=32595) to work on /home/abayturar/airflow-project/venv/lib/python3.12/site-packages/airflow/example_dags/plugins/event_listener.py
[2026-03-29T12:02:37.959+0500] {processor.py:830} INFO - Processing file /home/abayturar/airflow-project/venv/lib/python3.12/site-packages/airflow/example_dags/plugins/event_listener.py for tasks to queue
[2026-03-29T12:02:37.961+0500] {logging_mixin.py:188} INFO - [2026-03-29T12:02:37.961+0500] {dagbag.py:545} INFO - Filling up the DagBag from /home/abayturar/airflow-project/venv/lib/python3.12/site-packages/airflow/example_dags/plugins/event_listener.py
[2026-03-29T12:02:37.964+0500] {processor.py:842} WARNING - No viable dags retrieved from /home/abayturar/airflow-project/venv/lib/python3.12/site-packages/airflow/example_dags/plugins/event_listener.py
[2026-03-29T12:02:37.975+0500] {processor.py:183} INFO - Processing /home/abayturar/airflow-project/venv/lib/python3.12/site-packages/airflow/example_dags/plugins/event_listener.py took 0.022 seconds
[2026-03-29T12:06:06.528+0500] {processor.py:161} INFO - Started process (PID=61) to work on /home/abayturar/airflow-project/venv/lib/python3.12/site-packages/airflow/example_dags/plugins/event_listener.py
[2026-03-29T12:06:06.530+0500] {processor.py:830} INFO - Processing file /home/abayturar/airflow-project/venv/lib/python3.12/site-packages/airflow/example_dags/plugins/event_listener.py for tasks to queue
[2026-03-29T12:06:06.532+0500] {logging_mixin.py:188} INFO - [2026-03-29T12:06:06.532+0500] {dagbag.py:545} INFO - Filling up the DagBag from /home/abayturar/airflow-project/venv/lib/python3.12/site-packages/airflow/example_dags/plugins/event_listener.py
[2026-03-29T12:06:06.535+0500] {processor.py:842} WARNING - No viable dags retrieved from /home/abayturar/airflow-project/venv/lib/python3.12/site-packages/airflow/example_dags/plugins/event_listener.py
[2026-03-29T12:06:06.548+0500] {processor.py:183} INFO - Processing /home/abayturar/airflow-project/venv/lib/python3.12/site-packages/airflow/example_dags/plugins/event_listener.py took 0.029 seconds
[2026-03-29T12:06:59.075+0500] {processor.py:161} INFO - Started process (PID=275) to work on /home/abayturar/airflow-project/venv/lib/python3.12/site-packages/airflow/example_dags/plugins/event_listener.py
[2026-03-29T12:06:59.076+0500] {processor.py:830} INFO - Processing file /home/abayturar/airflow-project/venv/lib/python3.12/site-packages/airflow/example_dags/plugins/event_listener.py for tasks to queue
[2026-03-29T12:06:59.078+0500] {logging_mixin.py:188} INFO - [2026-03-29T12:06:59.077+0500] {dagbag.py:545} INFO - Filling up the DagBag from /home/abayturar/airflow-project/venv/lib/python3.12/site-packages/airflow/example_dags/plugins/event_listener.py
[2026-03-29T12:06:59.082+0500] {processor.py:842} WARNING - No viable dags retrieved from /home/abayturar/airflow-project/venv/lib/python3.12/site-packages/airflow/example_dags/plugins/event_listener.py
[2026-03-29T12:06:59.096+0500] {processor.py:183} INFO - Processing /home/abayturar/airflow-project/venv/lib/python3.12/site-packages/airflow/example_dags/plugins/event_listener.py took 0.030 seconds
[2026-03-29T12:07:44.186+0500] {processor.py:161} INFO - Started process (PID=462) to work on /home/abayturar/airflow-project/venv/lib/python3.12/site-packages/airflow/example_dags/plugins/event_listener.py
[2026-03-29T12:07:44.187+0500] {processor.py:830} INFO - Processing file /home/abayturar/airflow-project/venv/lib/python3.12/site-packages/airflow/example_dags/plugins/event_listener.py for tasks to queue
[2026-03-29T12:07:44.189+0500] {logging_mixin.py:188} INFO - [2026-03-29T12:07:44.188+0500] {dagbag.py:545} INFO - Filling up the DagBag from /home/abayturar/airflow-project/venv/lib/python3.12/site-packages/airflow/example_dags/plugins/event_listener.py
[2026-03-29T12:07:44.191+0500] {processor.py:842} WARNING - No viable dags retrieved from /home/abayturar/airflow-project/venv/lib/python3.12/site-packages/airflow/example_dags/plugins/event_listener.py
[2026-03-29T12:07:44.202+0500] {processor.py:183} INFO - Processing /home/abayturar/airflow-project/venv/lib/python3.12/site-packages/airflow/example_dags/plugins/event_listener.py took 0.021 seconds
[2026-03-29T12:08:35.133+0500] {processor.py:161} INFO - Started process (PID=675) to work on /home/abayturar/airflow-project/venv/lib/python3.12/site-packages/airflow/example_dags/plugins/event_listener.py
[2026-03-29T12:08:35.134+0500] {processor.py:830} INFO - Processing file /home/abayturar/airflow-project/venv/lib/python3.12/site-packages/airflow/example_dags/plugins/event_listener.py for tasks to queue
[2026-03-29T12:08:35.139+0500] {logging_mixin.py:188} INFO - [2026-03-29T12:08:35.138+0500] {dagbag.py:545} INFO - Filling up the DagBag from /home/abayturar/airflow-project/venv/lib/python3.12/site-packages/airflow/example_dags/plugins/event_listener.py
[2026-03-29T12:08:35.142+0500] {processor.py:842} WARNING - No viable dags retrieved from /home/abayturar/airflow-project/venv/lib/python3.12/site-packages/airflow/example_dags/plugins/event_listener.py
[2026-03-29T12:08:35.174+0500] {processor.py:183} INFO - Processing /home/abayturar/airflow-project/venv/lib/python3.12/site-packages/airflow/example_dags/plugins/event_listener.py took 0.051 seconds
[2026-03-29T12:09:27.088+0500] {processor.py:161} INFO - Started process (PID=882) to work on /home/abayturar/airflow-project/venv/lib/python3.12/site-packages/airflow/example_dags/plugins/event_listener.py
[2026-03-29T12:09:27.089+0500] {processor.py:830} INFO - Processing file /home/abayturar/airflow-project/venv/lib/python3.12/site-packages/airflow/example_dags/plugins/event_listener.py for tasks to queue
[2026-03-29T12:09:27.090+0500] {logging_mixin.py:188} INFO - [2026-03-29T12:09:27.090+0500] {dagbag.py:545} INFO - Filling up the DagBag from /home/abayturar/airflow-project/venv/lib/python3.12/site-packages/airflow/example_dags/plugins/event_listener.py
[2026-03-29T12:09:27.093+0500] {processor.py:842} WARNING - No viable dags retrieved from /home/abayturar/airflow-project/venv/lib/python3.12/site-packages/airflow/example_dags/plugins/event_listener.py
[2026-03-29T12:09:27.104+0500] {processor.py:183} INFO - Processing /home/abayturar/airflow-project/venv/lib/python3.12/site-packages/airflow/example_dags/plugins/event_listener.py took 0.022 seconds
[2026-03-29T12:10:16.441+0500] {processor.py:161} INFO - Started process (PID=1014) to work on /home/abayturar/airflow-project/venv/lib/python3.12/site-packages/airflow/example_dags/plugins/event_listener.py
[2026-03-29T12:10:16.442+0500] {processor.py:830} INFO - Processing file /home/abayturar/airflow-project/venv/lib/python3.12/site-packages/airflow/example_dags/plugins/event_listener.py for tasks to queue
[2026-03-29T12:10:16.443+0500] {logging_mixin.py:188} INFO - [2026-03-29T12:10:16.443+0500] {dagbag.py:545} INFO - Filling up the DagBag from /home/abayturar/airflow-project/venv/lib/python3.12/site-packages/airflow/example_dags/plugins/event_listener.py
[2026-03-29T12:10:16.445+0500] {processor.py:842} WARNING - No viable dags retrieved from /home/abayturar/airflow-project/venv/lib/python3.12/site-packages/airflow/example_dags/plugins/event_listener.py
[2026-03-29T12:10:16.457+0500] {processor.py:183} INFO - Processing /home/abayturar/airflow-project/venv/lib/python3.12/site-packages/airflow/example_dags/plugins/event_listener.py took 0.022 seconds
[2026-03-29T12:11:05.564+0500] {processor.py:161} INFO - Started process (PID=1142) to work on /home/abayturar/airflow-project/venv/lib/python3.12/site-packages/airflow/example_dags/plugins/event_listener.py
[2026-03-29T12:11:05.565+0500] {processor.py:830} INFO - Processing file /home/abayturar/airflow-project/venv/lib/python3.12/site-packages/airflow/example_dags/plugins/event_listener.py for tasks to queue
[2026-03-29T12:11:05.567+0500] {logging_mixin.py:188} INFO - [2026-03-29T12:11:05.566+0500] {dagbag.py:545} INFO - Filling up the DagBag from /home/abayturar/airflow-project/venv/lib/python3.12/site-packages/airflow/example_dags/plugins/event_listener.py
[2026-03-29T12:11:05.569+0500] {processor.py:842} WARNING - No viable dags retrieved from /home/abayturar/airflow-project/venv/lib/python3.12/site-packages/airflow/example_dags/plugins/event_listener.py
[2026-03-29T12:11:05.580+0500] {processor.py:183} INFO - Processing /home/abayturar/airflow-project/venv/lib/python3.12/site-packages/airflow/example_dags/plugins/event_listener.py took 0.021 seconds
[2026-03-29T12:11:54.566+0500] {processor.py:161} INFO - Started process (PID=1274) to work on /home/abayturar/airflow-project/venv/lib/python3.12/site-packages/airflow/example_dags/plugins/event_listener.py
[2026-03-29T12:11:54.567+0500] {processor.py:830} INFO - Processing file /home/abayturar/airflow-project/venv/lib/python3.12/site-packages/airflow/example_dags/plugins/event_listener.py for tasks to queue
[2026-03-29T12:11:54.568+0500] {logging_mixin.py:188} INFO - [2026-03-29T12:11:54.568+0500] {dagbag.py:545} INFO - Filling up the DagBag from /home/abayturar/airflow-project/venv/lib/python3.12/site-packages/airflow/example_dags/plugins/event_listener.py
[2026-03-29T12:11:54.571+0500] {processor.py:842} WARNING - No viable dags retrieved from /home/abayturar/airflow-project/venv/lib/python3.12/site-packages/airflow/example_dags/plugins/event_listener.py
[2026-03-29T12:11:54.582+0500] {processor.py:183} INFO - Processing /home/abayturar/airflow-project/venv/lib/python3.12/site-packages/airflow/example_dags/plugins/event_listener.py took 0.022 seconds
[2026-03-29T12:12:46.690+0500] {processor.py:161} INFO - Started process (PID=1409) to work on /home/abayturar/airflow-project/venv/lib/python3.12/site-packages/airflow/example_dags/plugins/event_listener.py
[2026-03-29T12:12:46.691+0500] {processor.py:830} INFO - Processing file /home/abayturar/airflow-project/venv/lib/python3.12/site-packages/airflow/example_dags/plugins/event_listener.py for tasks to queue
[2026-03-29T12:12:46.693+0500] {logging_mixin.py:188} INFO - [2026-03-29T12:12:46.693+0500] {dagbag.py:545} INFO - Filling up the DagBag from /home/abayturar/airflow-project/venv/lib/python3.12/site-packages/airflow/example_dags/plugins/event_listener.py
[2026-03-29T12:12:46.695+0500] {processor.py:842} WARNING - No viable dags retrieved from /home/abayturar/airflow-project/venv/lib/python3.12/site-packages/airflow/example_dags/plugins/event_listener.py
[2026-03-29T12:12:46.706+0500] {processor.py:183} INFO - Processing /home/abayturar/airflow-project/venv/lib/python3.12/site-packages/airflow/example_dags/plugins/event_listener.py took 0.021 seconds
[2026-03-29T12:13:35.996+0500] {processor.py:161} INFO - Started process (PID=1539) to work on /home/abayturar/airflow-project/venv/lib/python3.12/site-packages/airflow/example_dags/plugins/event_listener.py
[2026-03-29T12:13:35.996+0500] {processor.py:830} INFO - Processing file /home/abayturar/airflow-project/venv/lib/python3.12/site-packages/airflow/example_dags/plugins/event_listener.py for tasks to queue
[2026-03-29T12:13:35.998+0500] {logging_mixin.py:188} INFO - [2026-03-29T12:13:35.998+0500] {dagbag.py:545} INFO - Filling up the DagBag from /home/abayturar/airflow-project/venv/lib/python3.12/site-packages/airflow/example_dags/plugins/event_listener.py
[2026-03-29T12:13:36.001+0500] {processor.py:842} WARNING - No viable dags retrieved from /home/abayturar/airflow-project/venv/lib/python3.12/site-packages/airflow/example_dags/plugins/event_listener.py
[2026-03-29T12:13:36.012+0500] {processor.py:183} INFO - Processing /home/abayturar/airflow-project/venv/lib/python3.12/site-packages/airflow/example_dags/plugins/event_listener.py took 0.022 seconds
[2026-03-29T12:14:28.026+0500] {processor.py:161} INFO - Started process (PID=1677) to work on /home/abayturar/airflow-project/venv/lib/python3.12/site-packages/airflow/example_dags/plugins/event_listener.py
[2026-03-29T12:14:28.027+0500] {processor.py:830} INFO - Processing file /home/abayturar/airflow-project/venv/lib/python3.12/site-packages/airflow/example_dags/plugins/event_listener.py for tasks to queue
[2026-03-29T12:14:28.029+0500] {logging_mixin.py:188} INFO - [2026-03-29T12:14:28.028+0500] {dagbag.py:545} INFO - Filling up the DagBag from /home/abayturar/airflow-project/venv/lib/python3.12/site-packages/airflow/example_dags/plugins/event_listener.py
[2026-03-29T12:14:28.031+0500] {processor.py:842} WARNING - No viable dags retrieved from /home/abayturar/airflow-project/venv/lib/python3.12/site-packages/airflow/example_dags/plugins/event_listener.py
[2026-03-29T12:14:28.043+0500] {processor.py:183} INFO - Processing /home/abayturar/airflow-project/venv/lib/python3.12/site-packages/airflow/example_dags/plugins/event_listener.py took 0.023 seconds
[2026-03-29T12:15:21.597+0500] {processor.py:161} INFO - Started process (PID=1816) to work on /home/abayturar/airflow-project/venv/lib/python3.12/site-packages/airflow/example_dags/plugins/event_listener.py
[2026-03-29T12:15:21.598+0500] {processor.py:830} INFO - Processing file /home/abayturar/airflow-project/venv/lib/python3.12/site-packages/airflow/example_dags/plugins/event_listener.py for tasks to queue
[2026-03-29T12:15:21.599+0500] {logging_mixin.py:188} INFO - [2026-03-29T12:15:21.599+0500] {dagbag.py:545} INFO - Filling up the DagBag from /home/abayturar/airflow-project/venv/lib/python3.12/site-packages/airflow/example_dags/plugins/event_listener.py
[2026-03-29T12:15:21.602+0500] {processor.py:842} WARNING - No viable dags retrieved from /home/abayturar/airflow-project/venv/lib/python3.12/site-packages/airflow/example_dags/plugins/event_listener.py
[2026-03-29T12:15:21.613+0500] {processor.py:183} INFO - Processing /home/abayturar/airflow-project/venv/lib/python3.12/site-packages/airflow/example_dags/plugins/event_listener.py took 0.022 seconds
[2026-03-29T12:16:16.059+0500] {processor.py:161} INFO - Started process (PID=1956) to work on /home/abayturar/airflow-project/venv/lib/python3.12/site-packages/airflow/example_dags/plugins/event_listener.py
[2026-03-29T12:16:16.060+0500] {processor.py:830} INFO - Processing file /home/abayturar/airflow-project/venv/lib/python3.12/site-packages/airflow/example_dags/plugins/event_listener.py for tasks to queue
[2026-03-29T12:16:16.062+0500] {logging_mixin.py:188} INFO - [2026-03-29T12:16:16.062+0500] {dagbag.py:545} INFO - Filling up the DagBag from /home/abayturar/airflow-project/venv/lib/python3.12/site-packages/airflow/example_dags/plugins/event_listener.py
[2026-03-29T12:16:16.065+0500] {processor.py:842} WARNING - No viable dags retrieved from /home/abayturar/airflow-project/venv/lib/python3.12/site-packages/airflow/example_dags/plugins/event_listener.py
[2026-03-29T12:16:16.076+0500] {processor.py:183} INFO - Processing /home/abayturar/airflow-project/venv/lib/python3.12/site-packages/airflow/example_dags/plugins/event_listener.py took 0.023 seconds
[2026-03-29T12:17:06.826+0500] {processor.py:161} INFO - Started process (PID=2090) to work on /home/abayturar/airflow-project/venv/lib/python3.12/site-packages/airflow/example_dags/plugins/event_listener.py
[2026-03-29T12:17:06.827+0500] {processor.py:830} INFO - Processing file /home/abayturar/airflow-project/venv/lib/python3.12/site-packages/airflow/example_dags/plugins/event_listener.py for tasks to queue
[2026-03-29T12:17:06.829+0500] {logging_mixin.py:188} INFO - [2026-03-29T12:17:06.828+0500] {dagbag.py:545} INFO - Filling up the DagBag from /home/abayturar/airflow-project/venv/lib/python3.12/site-packages/airflow/example_dags/plugins/event_listener.py
[2026-03-29T12:17:06.831+0500] {processor.py:842} WARNING - No viable dags retrieved from /home/abayturar/airflow-project/venv/lib/python3.12/site-packages/airflow/example_dags/plugins/event_listener.py
[2026-03-29T12:17:06.842+0500] {processor.py:183} INFO - Processing /home/abayturar/airflow-project/venv/lib/python3.12/site-packages/airflow/example_dags/plugins/event_listener.py took 0.021 seconds
[2026-03-29T12:18:01.393+0500] {processor.py:161} INFO - Started process (PID=2230) to work on /home/abayturar/airflow-project/venv/lib/python3.12/site-packages/airflow/example_dags/plugins/event_listener.py
[2026-03-29T12:18:01.394+0500] {processor.py:830} INFO - Processing file /home/abayturar/airflow-project/venv/lib/python3.12/site-packages/airflow/example_dags/plugins/event_listener.py for tasks to queue
[2026-03-29T12:18:01.395+0500] {logging_mixin.py:188} INFO - [2026-03-29T12:18:01.395+0500] {dagbag.py:545} INFO - Filling up the DagBag from /home/abayturar/airflow-project/venv/lib/python3.12/site-packages/airflow/example_dags/plugins/event_listener.py
[2026-03-29T12:18:01.398+0500] {processor.py:842} WARNING - No viable dags retrieved from /home/abayturar/airflow-project/venv/lib/python3.12/site-packages/airflow/example_dags/plugins/event_listener.py
[2026-03-29T12:18:01.409+0500] {processor.py:183} INFO - Processing /home/abayturar/airflow-project/venv/lib/python3.12/site-packages/airflow/example_dags/plugins/event_listener.py took 0.022 seconds
[2026-03-29T12:18:52.409+0500] {processor.py:161} INFO - Started process (PID=2364) to work on /home/abayturar/airflow-project/venv/lib/python3.12/site-packages/airflow/example_dags/plugins/event_listener.py
[2026-03-29T12:18:52.410+0500] {processor.py:830} INFO - Processing file /home/abayturar/airflow-project/venv/lib/python3.12/site-packages/airflow/example_dags/plugins/event_listener.py for tasks to queue
[2026-03-29T12:18:52.411+0500] {logging_mixin.py:188} INFO - [2026-03-29T12:18:52.411+0500] {dagbag.py:545} INFO - Filling up the DagBag from /home/abayturar/airflow-project/venv/lib/python3.12/site-packages/airflow/example_dags/plugins/event_listener.py
[2026-03-29T12:18:52.414+0500] {processor.py:842} WARNING - No viable dags retrieved from /home/abayturar/airflow-project/venv/lib/python3.12/site-packages/airflow/example_dags/plugins/event_listener.py
[2026-03-29T12:18:52.427+0500] {processor.py:183} INFO - Processing /home/abayturar/airflow-project/venv/lib/python3.12/site-packages/airflow/example_dags/plugins/event_listener.py took 0.026 seconds
[2026-03-29T12:19:41.763+0500] {processor.py:161} INFO - Started process (PID=2494) to work on /home/abayturar/airflow-project/venv/lib/python3.12/site-packages/airflow/example_dags/plugins/event_listener.py
[2026-03-29T12:19:41.764+0500] {processor.py:830} INFO - Processing file /home/abayturar/airflow-project/venv/lib/python3.12/site-packages/airflow/example_dags/plugins/event_listener.py for tasks to queue
[2026-03-29T12:19:41.766+0500] {logging_mixin.py:188} INFO - [2026-03-29T12:19:41.766+0500] {dagbag.py:545} INFO - Filling up the DagBag from /home/abayturar/airflow-project/venv/lib/python3.12/site-packages/airflow/example_dags/plugins/event_listener.py
[2026-03-29T12:19:41.769+0500] {processor.py:842} WARNING - No viable dags retrieved from /home/abayturar/airflow-project/venv/lib/python3.12/site-packages/airflow/example_dags/plugins/event_listener.py
[2026-03-29T12:19:41.784+0500] {processor.py:183} INFO - Processing /home/abayturar/airflow-project/venv/lib/python3.12/site-packages/airflow/example_dags/plugins/event_listener.py took 0.027 seconds
[2026-03-29T12:20:35.547+0500] {processor.py:161} INFO - Started process (PID=2633) to work on /home/abayturar/airflow-project/venv/lib/python3.12/site-packages/airflow/example_dags/plugins/event_listener.py
[2026-03-29T12:20:35.548+0500] {processor.py:830} INFO - Processing file /home/abayturar/airflow-project/venv/lib/python3.12/site-packages/airflow/example_dags/plugins/event_listener.py for tasks to queue
[2026-03-29T12:20:35.549+0500] {logging_mixin.py:188} INFO - [2026-03-29T12:20:35.549+0500] {dagbag.py:545} INFO - Filling up the DagBag from /home/abayturar/airflow-project/venv/lib/python3.12/site-packages/airflow/example_dags/plugins/event_listener.py
[2026-03-29T12:20:35.552+0500] {processor.py:842} WARNING - No viable dags retrieved from /home/abayturar/airflow-project/venv/lib/python3.12/site-packages/airflow/example_dags/plugins/event_listener.py
[2026-03-29T12:20:35.563+0500] {processor.py:183} INFO - Processing /home/abayturar/airflow-project/venv/lib/python3.12/site-packages/airflow/example_dags/plugins/event_listener.py took 0.022 seconds
[2026-03-29T12:21:28.851+0500] {processor.py:161} INFO - Started process (PID=2773) to work on /home/abayturar/airflow-project/venv/lib/python3.12/site-packages/airflow/example_dags/plugins/event_listener.py
[2026-03-29T12:21:28.852+0500] {processor.py:830} INFO - Processing file /home/abayturar/airflow-project/venv/lib/python3.12/site-packages/airflow/example_dags/plugins/event_listener.py for tasks to queue
[2026-03-29T12:21:28.854+0500] {logging_mixin.py:188} INFO - [2026-03-29T12:21:28.853+0500] {dagbag.py:545} INFO - Filling up the DagBag from /home/abayturar/airflow-project/venv/lib/python3.12/site-packages/airflow/example_dags/plugins/event_listener.py
[2026-03-29T12:21:28.856+0500] {processor.py:842} WARNING - No viable dags retrieved from /home/abayturar/airflow-project/venv/lib/python3.12/site-packages/airflow/example_dags/plugins/event_listener.py
[2026-03-29T12:21:28.867+0500] {processor.py:183} INFO - Processing /home/abayturar/airflow-project/venv/lib/python3.12/site-packages/airflow/example_dags/plugins/event_listener.py took 0.022 seconds
[2026-03-29T12:22:19.735+0500] {processor.py:161} INFO - Started process (PID=3029) to work on /home/abayturar/airflow-project/venv/lib/python3.12/site-packages/airflow/example_dags/plugins/event_listener.py
[2026-03-29T12:22:19.736+0500] {processor.py:830} INFO - Processing file /home/abayturar/airflow-project/venv/lib/python3.12/site-packages/airflow/example_dags/plugins/event_listener.py for tasks to queue
[2026-03-29T12:22:19.738+0500] {logging_mixin.py:188} INFO - [2026-03-29T12:22:19.738+0500] {dagbag.py:545} INFO - Filling up the DagBag from /home/abayturar/airflow-project/venv/lib/python3.12/site-packages/airflow/example_dags/plugins/event_listener.py
[2026-03-29T12:22:19.740+0500] {processor.py:842} WARNING - No viable dags retrieved from /home/abayturar/airflow-project/venv/lib/python3.12/site-packages/airflow/example_dags/plugins/event_listener.py
[2026-03-29T12:22:19.751+0500] {processor.py:183} INFO - Processing /home/abayturar/airflow-project/venv/lib/python3.12/site-packages/airflow/example_dags/plugins/event_listener.py took 0.022 seconds
[2026-03-29T12:23:12.165+0500] {processor.py:161} INFO - Started process (PID=3231) to work on /home/abayturar/airflow-project/venv/lib/python3.12/site-packages/airflow/example_dags/plugins/event_listener.py
[2026-03-29T12:23:12.166+0500] {processor.py:830} INFO - Processing file /home/abayturar/airflow-project/venv/lib/python3.12/site-packages/airflow/example_dags/plugins/event_listener.py for tasks to queue
[2026-03-29T12:23:12.168+0500] {logging_mixin.py:188} INFO - [2026-03-29T12:23:12.168+0500] {dagbag.py:545} INFO - Filling up the DagBag from /home/abayturar/airflow-project/venv/lib/python3.12/site-packages/airflow/example_dags/plugins/event_listener.py
[2026-03-29T12:23:12.170+0500] {processor.py:842} WARNING - No viable dags retrieved from /home/abayturar/airflow-project/venv/lib/python3.12/site-packages/airflow/example_dags/plugins/event_listener.py
[2026-03-29T12:23:12.183+0500] {processor.py:183} INFO - Processing /home/abayturar/airflow-project/venv/lib/python3.12/site-packages/airflow/example_dags/plugins/event_listener.py took 0.023 seconds
[2026-03-29T12:24:04.727+0500] {processor.py:161} INFO - Started process (PID=3443) to work on /home/abayturar/airflow-project/venv/lib/python3.12/site-packages/airflow/example_dags/plugins/event_listener.py
[2026-03-29T12:24:04.728+0500] {processor.py:830} INFO - Processing file /home/abayturar/airflow-project/venv/lib/python3.12/site-packages/airflow/example_dags/plugins/event_listener.py for tasks to queue
[2026-03-29T12:24:04.730+0500] {logging_mixin.py:188} INFO - [2026-03-29T12:24:04.730+0500] {dagbag.py:545} INFO - Filling up the DagBag from /home/abayturar/airflow-project/venv/lib/python3.12/site-packages/airflow/example_dags/plugins/event_listener.py
[2026-03-29T12:24:04.733+0500] {processor.py:842} WARNING - No viable dags retrieved from /home/abayturar/airflow-project/venv/lib/python3.12/site-packages/airflow/example_dags/plugins/event_listener.py
[2026-03-29T12:24:04.747+0500] {processor.py:183} INFO - Processing /home/abayturar/airflow-project/venv/lib/python3.12/site-packages/airflow/example_dags/plugins/event_listener.py took 0.027 seconds
[2026-03-29T12:24:58.069+0500] {processor.py:161} INFO - Started process (PID=3595) to work on /home/abayturar/airflow-project/venv/lib/python3.12/site-packages/airflow/example_dags/plugins/event_listener.py
[2026-03-29T12:24:58.070+0500] {processor.py:830} INFO - Processing file /home/abayturar/airflow-project/venv/lib/python3.12/site-packages/airflow/example_dags/plugins/event_listener.py for tasks to queue
[2026-03-29T12:24:58.072+0500] {logging_mixin.py:188} INFO - [2026-03-29T12:24:58.072+0500] {dagbag.py:545} INFO - Filling up the DagBag from /home/abayturar/airflow-project/venv/lib/python3.12/site-packages/airflow/example_dags/plugins/event_listener.py
[2026-03-29T12:24:58.074+0500] {processor.py:842} WARNING - No viable dags retrieved from /home/abayturar/airflow-project/venv/lib/python3.12/site-packages/airflow/example_dags/plugins/event_listener.py
[2026-03-29T12:24:58.085+0500] {processor.py:183} INFO - Processing /home/abayturar/airflow-project/venv/lib/python3.12/site-packages/airflow/example_dags/plugins/event_listener.py took 0.022 seconds
[2026-03-29T12:25:51.108+0500] {processor.py:161} INFO - Started process (PID=3775) to work on /home/abayturar/airflow-project/venv/lib/python3.12/site-packages/airflow/example_dags/plugins/event_listener.py
[2026-03-29T12:25:51.109+0500] {processor.py:830} INFO - Processing file /home/abayturar/airflow-project/venv/lib/python3.12/site-packages/airflow/example_dags/plugins/event_listener.py for tasks to queue
[2026-03-29T12:25:51.111+0500] {logging_mixin.py:188} INFO - [2026-03-29T12:25:51.110+0500] {dagbag.py:545} INFO - Filling up the DagBag from /home/abayturar/airflow-project/venv/lib/python3.12/site-packages/airflow/example_dags/plugins/event_listener.py
[2026-03-29T12:25:51.113+0500] {processor.py:842} WARNING - No viable dags retrieved from /home/abayturar/airflow-project/venv/lib/python3.12/site-packages/airflow/example_dags/plugins/event_listener.py
[2026-03-29T12:25:51.124+0500] {processor.py:183} INFO - Processing /home/abayturar/airflow-project/venv/lib/python3.12/site-packages/airflow/example_dags/plugins/event_listener.py took 0.022 seconds
[2026-03-29T12:26:40.206+0500] {processor.py:161} INFO - Started process (PID=4060) to work on /home/abayturar/airflow-project/venv/lib/python3.12/site-packages/airflow/example_dags/plugins/event_listener.py
[2026-03-29T12:26:40.207+0500] {processor.py:830} INFO - Processing file /home/abayturar/airflow-project/venv/lib/python3.12/site-packages/airflow/example_dags/plugins/event_listener.py for tasks to queue
[2026-03-29T12:26:40.209+0500] {logging_mixin.py:188} INFO - [2026-03-29T12:26:40.209+0500] {dagbag.py:545} INFO - Filling up the DagBag from /home/abayturar/airflow-project/venv/lib/python3.12/site-packages/airflow/example_dags/plugins/event_listener.py
[2026-03-29T12:26:40.212+0500] {processor.py:842} WARNING - No viable dags retrieved from /home/abayturar/airflow-project/venv/lib/python3.12/site-packages/airflow/example_dags/plugins/event_listener.py
[2026-03-29T12:26:40.226+0500] {processor.py:183} INFO - Processing /home/abayturar/airflow-project/venv/lib/python3.12/site-packages/airflow/example_dags/plugins/event_listener.py took 0.027 seconds
[2026-03-29T12:27:28.643+0500] {processor.py:161} INFO - Started process (PID=4297) to work on /home/abayturar/airflow-project/venv/lib/python3.12/site-packages/airflow/example_dags/plugins/event_listener.py
[2026-03-29T12:27:28.644+0500] {processor.py:830} INFO - Processing file /home/abayturar/airflow-project/venv/lib/python3.12/site-packages/airflow/example_dags/plugins/event_listener.py for tasks to queue
[2026-03-29T12:27:28.646+0500] {logging_mixin.py:188} INFO - [2026-03-29T12:27:28.645+0500] {dagbag.py:545} INFO - Filling up the DagBag from /home/abayturar/airflow-project/venv/lib/python3.12/site-packages/airflow/example_dags/plugins/event_listener.py
[2026-03-29T12:27:28.648+0500] {processor.py:842} WARNING - No viable dags retrieved from /home/abayturar/airflow-project/venv/lib/python3.12/site-packages/airflow/example_dags/plugins/event_listener.py
[2026-03-29T12:27:28.661+0500] {processor.py:183} INFO - Processing /home/abayturar/airflow-project/venv/lib/python3.12/site-packages/airflow/example_dags/plugins/event_listener.py took 0.025 seconds
[2026-03-29T12:28:17.395+0500] {processor.py:161} INFO - Started process (PID=4504) to work on /home/abayturar/airflow-project/venv/lib/python3.12/site-packages/airflow/example_dags/plugins/event_listener.py
[2026-03-29T12:28:17.397+0500] {processor.py:830} INFO - Processing file /home/abayturar/airflow-project/venv/lib/python3.12/site-packages/airflow/example_dags/plugins/event_listener.py for tasks to queue
[2026-03-29T12:28:17.399+0500] {logging_mixin.py:188} INFO - [2026-03-29T12:28:17.398+0500] {dagbag.py:545} INFO - Filling up the DagBag from /home/abayturar/airflow-project/venv/lib/python3.12/site-packages/airflow/example_dags/plugins/event_listener.py
[2026-03-29T12:28:17.402+0500] {processor.py:842} WARNING - No viable dags retrieved from /home/abayturar/airflow-project/venv/lib/python3.12/site-packages/airflow/example_dags/plugins/event_listener.py
[2026-03-29T12:28:17.417+0500] {processor.py:183} INFO - Processing /home/abayturar/airflow-project/venv/lib/python3.12/site-packages/airflow/example_dags/plugins/event_listener.py took 0.028 seconds
[2026-03-29T12:29:04.877+0500] {processor.py:161} INFO - Started process (PID=4628) to work on /home/abayturar/airflow-project/venv/lib/python3.12/site-packages/airflow/example_dags/plugins/event_listener.py
[2026-03-29T12:29:04.878+0500] {processor.py:830} INFO - Processing file /home/abayturar/airflow-project/venv/lib/python3.12/site-packages/airflow/example_dags/plugins/event_listener.py for tasks to queue
[2026-03-29T12:29:04.880+0500] {logging_mixin.py:188} INFO - [2026-03-29T12:29:04.880+0500] {dagbag.py:545} INFO - Filling up the DagBag from /home/abayturar/airflow-project/venv/lib/python3.12/site-packages/airflow/example_dags/plugins/event_listener.py
[2026-03-29T12:29:04.883+0500] {processor.py:842} WARNING - No viable dags retrieved from /home/abayturar/airflow-project/venv/lib/python3.12/site-packages/airflow/example_dags/plugins/event_listener.py
[2026-03-29T12:29:04.896+0500] {processor.py:183} INFO - Processing /home/abayturar/airflow-project/venv/lib/python3.12/site-packages/airflow/example_dags/plugins/event_listener.py took 0.026 seconds
[2026-03-29T12:29:53.826+0500] {processor.py:161} INFO - Started process (PID=4917) to work on /home/abayturar/airflow-project/venv/lib/python3.12/site-packages/airflow/example_dags/plugins/event_listener.py
[2026-03-29T12:29:53.827+0500] {processor.py:830} INFO - Processing file /home/abayturar/airflow-project/venv/lib/python3.12/site-packages/airflow/example_dags/plugins/event_listener.py for tasks to queue
[2026-03-29T12:29:53.829+0500] {logging_mixin.py:188} INFO - [2026-03-29T12:29:53.828+0500] {dagbag.py:545} INFO - Filling up the DagBag from /home/abayturar/airflow-project/venv/lib/python3.12/site-packages/airflow/example_dags/plugins/event_listener.py
[2026-03-29T12:29:53.832+0500] {processor.py:842} WARNING - No viable dags retrieved from /home/abayturar/airflow-project/venv/lib/python3.12/site-packages/airflow/example_dags/plugins/event_listener.py
[2026-03-29T12:29:53.844+0500] {processor.py:183} INFO - Processing /home/abayturar/airflow-project/venv/lib/python3.12/site-packages/airflow/example_dags/plugins/event_listener.py took 0.026 seconds
[2026-03-29T12:30:45.096+0500] {processor.py:161} INFO - Started process (PID=5090) to work on /home/abayturar/airflow-project/venv/lib/python3.12/site-packages/airflow/example_dags/plugins/event_listener.py
[2026-03-29T12:30:45.097+0500] {processor.py:830} INFO - Processing file /home/abayturar/airflow-project/venv/lib/python3.12/site-packages/airflow/example_dags/plugins/event_listener.py for tasks to queue
[2026-03-29T12:30:45.099+0500] {logging_mixin.py:188} INFO - [2026-03-29T12:30:45.098+0500] {dagbag.py:545} INFO - Filling up the DagBag from /home/abayturar/airflow-project/venv/lib/python3.12/site-packages/airflow/example_dags/plugins/event_listener.py
[2026-03-29T12:30:45.101+0500] {processor.py:842} WARNING - No viable dags retrieved from /home/abayturar/airflow-project/venv/lib/python3.12/site-packages/airflow/example_dags/plugins/event_listener.py
[2026-03-29T12:30:45.113+0500] {processor.py:183} INFO - Processing /home/abayturar/airflow-project/venv/lib/python3.12/site-packages/airflow/example_dags/plugins/event_listener.py took 0.024 seconds
[2026-03-29T12:31:32.915+0500] {processor.py:161} INFO - Started process (PID=5381) to work on /home/abayturar/airflow-project/venv/lib/python3.12/site-packages/airflow/example_dags/plugins/event_listener.py
[2026-03-29T12:31:32.916+0500] {processor.py:830} INFO - Processing file /home/abayturar/airflow-project/venv/lib/python3.12/site-packages/airflow/example_dags/plugins/event_listener.py for tasks to queue
[2026-03-29T12:31:32.917+0500] {logging_mixin.py:188} INFO - [2026-03-29T12:31:32.917+0500] {dagbag.py:545} INFO - Filling up the DagBag from /home/abayturar/airflow-project/venv/lib/python3.12/site-packages/airflow/example_dags/plugins/event_listener.py
[2026-03-29T12:31:32.920+0500] {processor.py:842} WARNING - No viable dags retrieved from /home/abayturar/airflow-project/venv/lib/python3.12/site-packages/airflow/example_dags/plugins/event_listener.py
[2026-03-29T12:31:32.932+0500] {processor.py:183} INFO - Processing /home/abayturar/airflow-project/venv/lib/python3.12/site-packages/airflow/example_dags/plugins/event_listener.py took 0.023 seconds
[2026-03-29T12:32:20.377+0500] {processor.py:161} INFO - Started process (PID=5919) to work on /home/abayturar/airflow-project/venv/lib/python3.12/site-packages/airflow/example_dags/plugins/event_listener.py
[2026-03-29T12:32:20.377+0500] {processor.py:830} INFO - Processing file /home/abayturar/airflow-project/venv/lib/python3.12/site-packages/airflow/example_dags/plugins/event_listener.py for tasks to queue
[2026-03-29T12:32:20.379+0500] {logging_mixin.py:188} INFO - [2026-03-29T12:32:20.379+0500] {dagbag.py:545} INFO - Filling up the DagBag from /home/abayturar/airflow-project/venv/lib/python3.12/site-packages/airflow/example_dags/plugins/event_listener.py
[2026-03-29T12:32:20.381+0500] {processor.py:842} WARNING - No viable dags retrieved from /home/abayturar/airflow-project/venv/lib/python3.12/site-packages/airflow/example_dags/plugins/event_listener.py
[2026-03-29T12:32:20.393+0500] {processor.py:183} INFO - Processing /home/abayturar/airflow-project/venv/lib/python3.12/site-packages/airflow/example_dags/plugins/event_listener.py took 0.023 seconds
[2026-03-29T12:33:08.689+0500] {processor.py:161} INFO - Started process (PID=6122) to work on /home/abayturar/airflow-project/venv/lib/python3.12/site-packages/airflow/example_dags/plugins/event_listener.py
[2026-03-29T12:33:08.691+0500] {processor.py:830} INFO - Processing file /home/abayturar/airflow-project/venv/lib/python3.12/site-packages/airflow/example_dags/plugins/event_listener.py for tasks to queue
[2026-03-29T12:33:08.692+0500] {logging_mixin.py:188} INFO - [2026-03-29T12:33:08.692+0500] {dagbag.py:545} INFO - Filling up the DagBag from /home/abayturar/airflow-project/venv/lib/python3.12/site-packages/airflow/example_dags/plugins/event_listener.py
[2026-03-29T12:33:08.695+0500] {processor.py:842} WARNING - No viable dags retrieved from /home/abayturar/airflow-project/venv/lib/python3.12/site-packages/airflow/example_dags/plugins/event_listener.py
[2026-03-29T12:33:08.707+0500] {processor.py:183} INFO - Processing /home/abayturar/airflow-project/venv/lib/python3.12/site-packages/airflow/example_dags/plugins/event_listener.py took 0.025 seconds
[2026-03-29T12:33:57.856+0500] {processor.py:161} INFO - Started process (PID=6257) to work on /home/abayturar/airflow-project/venv/lib/python3.12/site-packages/airflow/example_dags/plugins/event_listener.py
[2026-03-29T12:33:57.857+0500] {processor.py:830} INFO - Processing file /home/abayturar/airflow-project/venv/lib/python3.12/site-packages/airflow/example_dags/plugins/event_listener.py for tasks to queue
[2026-03-29T12:33:57.859+0500] {logging_mixin.py:188} INFO - [2026-03-29T12:33:57.859+0500] {dagbag.py:545} INFO - Filling up the DagBag from /home/abayturar/airflow-project/venv/lib/python3.12/site-packages/airflow/example_dags/plugins/event_listener.py
[2026-03-29T12:33:57.862+0500] {processor.py:842} WARNING - No viable dags retrieved from /home/abayturar/airflow-project/venv/lib/python3.12/site-packages/airflow/example_dags/plugins/event_listener.py
[2026-03-29T12:33:57.875+0500] {processor.py:183} INFO - Processing /home/abayturar/airflow-project/venv/lib/python3.12/site-packages/airflow/example_dags/plugins/event_listener.py took 0.026 seconds
[2026-03-29T12:34:46.108+0500] {processor.py:161} INFO - Started process (PID=6389) to work on /home/abayturar/airflow-project/venv/lib/python3.12/site-packages/airflow/example_dags/plugins/event_listener.py
[2026-03-29T12:34:46.109+0500] {processor.py:830} INFO - Processing file /home/abayturar/airflow-project/venv/lib/python3.12/site-packages/airflow/example_dags/plugins/event_listener.py for tasks to queue
[2026-03-29T12:34:46.111+0500] {logging_mixin.py:188} INFO - [2026-03-29T12:34:46.110+0500] {dagbag.py:545} INFO - Filling up the DagBag from /home/abayturar/airflow-project/venv/lib/python3.12/site-packages/airflow/example_dags/plugins/event_listener.py
[2026-03-29T12:34:46.114+0500] {processor.py:842} WARNING - No viable dags retrieved from /home/abayturar/airflow-project/venv/lib/python3.12/site-packages/airflow/example_dags/plugins/event_listener.py
[2026-03-29T12:34:46.127+0500] {processor.py:183} INFO - Processing /home/abayturar/airflow-project/venv/lib/python3.12/site-packages/airflow/example_dags/plugins/event_listener.py took 0.026 seconds
[2026-03-29T12:35:35.934+0500] {processor.py:161} INFO - Started process (PID=6520) to work on /home/abayturar/airflow-project/venv/lib/python3.12/site-packages/airflow/example_dags/plugins/event_listener.py
[2026-03-29T12:35:35.935+0500] {processor.py:830} INFO - Processing file /home/abayturar/airflow-project/venv/lib/python3.12/site-packages/airflow/example_dags/plugins/event_listener.py for tasks to queue
[2026-03-29T12:35:35.937+0500] {logging_mixin.py:188} INFO - [2026-03-29T12:35:35.936+0500] {dagbag.py:545} INFO - Filling up the DagBag from /home/abayturar/airflow-project/venv/lib/python3.12/site-packages/airflow/example_dags/plugins/event_listener.py
[2026-03-29T12:35:35.939+0500] {processor.py:842} WARNING - No viable dags retrieved from /home/abayturar/airflow-project/venv/lib/python3.12/site-packages/airflow/example_dags/plugins/event_listener.py
[2026-03-29T12:35:35.950+0500] {processor.py:183} INFO - Processing /home/abayturar/airflow-project/venv/lib/python3.12/site-packages/airflow/example_dags/plugins/event_listener.py took 0.022 seconds
[2026-03-29T12:36:24.388+0500] {processor.py:161} INFO - Started process (PID=6649) to work on /home/abayturar/airflow-project/venv/lib/python3.12/site-packages/airflow/example_dags/plugins/event_listener.py
[2026-03-29T12:36:24.389+0500] {processor.py:830} INFO - Processing file /home/abayturar/airflow-project/venv/lib/python3.12/site-packages/airflow/example_dags/plugins/event_listener.py for tasks to queue
[2026-03-29T12:36:24.391+0500] {logging_mixin.py:188} INFO - [2026-03-29T12:36:24.391+0500] {dagbag.py:545} INFO - Filling up the DagBag from /home/abayturar/airflow-project/venv/lib/python3.12/site-packages/airflow/example_dags/plugins/event_listener.py
[2026-03-29T12:36:24.394+0500] {processor.py:842} WARNING - No viable dags retrieved from /home/abayturar/airflow-project/venv/lib/python3.12/site-packages/airflow/example_dags/plugins/event_listener.py
[2026-03-29T12:36:24.407+0500] {processor.py:183} INFO - Processing /home/abayturar/airflow-project/venv/lib/python3.12/site-packages/airflow/example_dags/plugins/event_listener.py took 0.026 seconds
[2026-03-29T12:37:15.019+0500] {processor.py:161} INFO - Started process (PID=6781) to work on /home/abayturar/airflow-project/venv/lib/python3.12/site-packages/airflow/example_dags/plugins/event_listener.py
[2026-03-29T12:37:15.020+0500] {processor.py:830} INFO - Processing file /home/abayturar/airflow-project/venv/lib/python3.12/site-packages/airflow/example_dags/plugins/event_listener.py for tasks to queue
[2026-03-29T12:37:15.023+0500] {logging_mixin.py:188} INFO - [2026-03-29T12:37:15.022+0500] {dagbag.py:545} INFO - Filling up the DagBag from /home/abayturar/airflow-project/venv/lib/python3.12/site-packages/airflow/example_dags/plugins/event_listener.py
[2026-03-29T12:37:15.025+0500] {processor.py:842} WARNING - No viable dags retrieved from /home/abayturar/airflow-project/venv/lib/python3.12/site-packages/airflow/example_dags/plugins/event_listener.py
[2026-03-29T12:37:15.037+0500] {processor.py:183} INFO - Processing /home/abayturar/airflow-project/venv/lib/python3.12/site-packages/airflow/example_dags/plugins/event_listener.py took 0.025 seconds
[2026-03-29T12:38:04.960+0500] {processor.py:161} INFO - Started process (PID=6912) to work on /home/abayturar/airflow-project/venv/lib/python3.12/site-packages/airflow/example_dags/plugins/event_listener.py
[2026-03-29T12:38:04.961+0500] {processor.py:830} INFO - Processing file /home/abayturar/airflow-project/venv/lib/python3.12/site-packages/airflow/example_dags/plugins/event_listener.py for tasks to queue
[2026-03-29T12:38:04.963+0500] {logging_mixin.py:188} INFO - [2026-03-29T12:38:04.963+0500] {dagbag.py:545} INFO - Filling up the DagBag from /home/abayturar/airflow-project/venv/lib/python3.12/site-packages/airflow/example_dags/plugins/event_listener.py
[2026-03-29T12:38:04.965+0500] {processor.py:842} WARNING - No viable dags retrieved from /home/abayturar/airflow-project/venv/lib/python3.12/site-packages/airflow/example_dags/plugins/event_listener.py
[2026-03-29T12:38:04.976+0500] {processor.py:183} INFO - Processing /home/abayturar/airflow-project/venv/lib/python3.12/site-packages/airflow/example_dags/plugins/event_listener.py took 0.024 seconds
[2026-03-29T12:38:56.109+0500] {processor.py:161} INFO - Started process (PID=7046) to work on /home/abayturar/airflow-project/venv/lib/python3.12/site-packages/airflow/example_dags/plugins/event_listener.py
[2026-03-29T12:38:56.111+0500] {processor.py:830} INFO - Processing file /home/abayturar/airflow-project/venv/lib/python3.12/site-packages/airflow/example_dags/plugins/event_listener.py for tasks to queue
[2026-03-29T12:38:56.113+0500] {logging_mixin.py:188} INFO - [2026-03-29T12:38:56.113+0500] {dagbag.py:545} INFO - Filling up the DagBag from /home/abayturar/airflow-project/venv/lib/python3.12/site-packages/airflow/example_dags/plugins/event_listener.py
[2026-03-29T12:38:56.117+0500] {processor.py:842} WARNING - No viable dags retrieved from /home/abayturar/airflow-project/venv/lib/python3.12/site-packages/airflow/example_dags/plugins/event_listener.py
[2026-03-29T12:38:56.135+0500] {processor.py:183} INFO - Processing /home/abayturar/airflow-project/venv/lib/python3.12/site-packages/airflow/example_dags/plugins/event_listener.py took 0.037 seconds
[2026-03-29T12:39:48.379+0500] {processor.py:161} INFO - Started process (PID=7209) to work on /home/abayturar/airflow-project/venv/lib/python3.12/site-packages/airflow/example_dags/plugins/event_listener.py
[2026-03-29T12:39:48.380+0500] {processor.py:830} INFO - Processing file /home/abayturar/airflow-project/venv/lib/python3.12/site-packages/airflow/example_dags/plugins/event_listener.py for tasks to queue
[2026-03-29T12:39:48.382+0500] {logging_mixin.py:188} INFO - [2026-03-29T12:39:48.381+0500] {dagbag.py:545} INFO - Filling up the DagBag from /home/abayturar/airflow-project/venv/lib/python3.12/site-packages/airflow/example_dags/plugins/event_listener.py
[2026-03-29T12:39:48.385+0500] {processor.py:842} WARNING - No viable dags retrieved from /home/abayturar/airflow-project/venv/lib/python3.12/site-packages/airflow/example_dags/plugins/event_listener.py
[2026-03-29T12:39:48.399+0500] {processor.py:183} INFO - Processing /home/abayturar/airflow-project/venv/lib/python3.12/site-packages/airflow/example_dags/plugins/event_listener.py took 0.027 seconds
[2026-03-29T12:40:37.892+0500] {processor.py:161} INFO - Started process (PID=7343) to work on /home/abayturar/airflow-project/venv/lib/python3.12/site-packages/airflow/example_dags/plugins/event_listener.py
[2026-03-29T12:40:37.893+0500] {processor.py:830} INFO - Processing file /home/abayturar/airflow-project/venv/lib/python3.12/site-packages/airflow/example_dags/plugins/event_listener.py for tasks to queue
[2026-03-29T12:40:37.894+0500] {logging_mixin.py:188} INFO - [2026-03-29T12:40:37.894+0500] {dagbag.py:545} INFO - Filling up the DagBag from /home/abayturar/airflow-project/venv/lib/python3.12/site-packages/airflow/example_dags/plugins/event_listener.py
[2026-03-29T12:40:37.897+0500] {processor.py:842} WARNING - No viable dags retrieved from /home/abayturar/airflow-project/venv/lib/python3.12/site-packages/airflow/example_dags/plugins/event_listener.py
[2026-03-29T12:40:37.908+0500] {processor.py:183} INFO - Processing /home/abayturar/airflow-project/venv/lib/python3.12/site-packages/airflow/example_dags/plugins/event_listener.py took 0.022 seconds
[2026-03-29T12:41:29.801+0500] {processor.py:161} INFO - Started process (PID=7478) to work on /home/abayturar/airflow-project/venv/lib/python3.12/site-packages/airflow/example_dags/plugins/event_listener.py
[2026-03-29T12:41:29.802+0500] {processor.py:830} INFO - Processing file /home/abayturar/airflow-project/venv/lib/python3.12/site-packages/airflow/example_dags/plugins/event_listener.py for tasks to queue
[2026-03-29T12:41:29.803+0500] {logging_mixin.py:188} INFO - [2026-03-29T12:41:29.803+0500] {dagbag.py:545} INFO - Filling up the DagBag from /home/abayturar/airflow-project/venv/lib/python3.12/site-packages/airflow/example_dags/plugins/event_listener.py
[2026-03-29T12:41:29.806+0500] {processor.py:842} WARNING - No viable dags retrieved from /home/abayturar/airflow-project/venv/lib/python3.12/site-packages/airflow/example_dags/plugins/event_listener.py
[2026-03-29T12:41:29.817+0500] {processor.py:183} INFO - Processing /home/abayturar/airflow-project/venv/lib/python3.12/site-packages/airflow/example_dags/plugins/event_listener.py took 0.022 seconds
[2026-03-29T12:42:21.965+0500] {processor.py:161} INFO - Started process (PID=7637) to work on /home/abayturar/airflow-project/venv/lib/python3.12/site-packages/airflow/example_dags/plugins/event_listener.py
[2026-03-29T12:42:21.967+0500] {processor.py:830} INFO - Processing file /home/abayturar/airflow-project/venv/lib/python3.12/site-packages/airflow/example_dags/plugins/event_listener.py for tasks to queue
[2026-03-29T12:42:21.968+0500] {logging_mixin.py:188} INFO - [2026-03-29T12:42:21.968+0500] {dagbag.py:545} INFO - Filling up the DagBag from /home/abayturar/airflow-project/venv/lib/python3.12/site-packages/airflow/example_dags/plugins/event_listener.py
[2026-03-29T12:42:21.972+0500] {processor.py:842} WARNING - No viable dags retrieved from /home/abayturar/airflow-project/venv/lib/python3.12/site-packages/airflow/example_dags/plugins/event_listener.py
[2026-03-29T12:42:21.985+0500] {processor.py:183} INFO - Processing /home/abayturar/airflow-project/venv/lib/python3.12/site-packages/airflow/example_dags/plugins/event_listener.py took 0.027 seconds
[2026-03-29T12:43:14.273+0500] {processor.py:161} INFO - Started process (PID=7775) to work on /home/abayturar/airflow-project/venv/lib/python3.12/site-packages/airflow/example_dags/plugins/event_listener.py
[2026-03-29T12:43:14.274+0500] {processor.py:830} INFO - Processing file /home/abayturar/airflow-project/venv/lib/python3.12/site-packages/airflow/example_dags/plugins/event_listener.py for tasks to queue
[2026-03-29T12:43:14.276+0500] {logging_mixin.py:188} INFO - [2026-03-29T12:43:14.275+0500] {dagbag.py:545} INFO - Filling up the DagBag from /home/abayturar/airflow-project/venv/lib/python3.12/site-packages/airflow/example_dags/plugins/event_listener.py
[2026-03-29T12:43:14.278+0500] {processor.py:842} WARNING - No viable dags retrieved from /home/abayturar/airflow-project/venv/lib/python3.12/site-packages/airflow/example_dags/plugins/event_listener.py
[2026-03-29T12:43:14.289+0500] {processor.py:183} INFO - Processing /home/abayturar/airflow-project/venv/lib/python3.12/site-packages/airflow/example_dags/plugins/event_listener.py took 0.022 seconds
[2026-03-29T12:44:07.968+0500] {processor.py:161} INFO - Started process (PID=8045) to work on /home/abayturar/airflow-project/venv/lib/python3.12/site-packages/airflow/example_dags/plugins/event_listener.py
[2026-03-29T12:44:07.969+0500] {processor.py:830} INFO - Processing file /home/abayturar/airflow-project/venv/lib/python3.12/site-packages/airflow/example_dags/plugins/event_listener.py for tasks to queue
[2026-03-29T12:44:07.970+0500] {logging_mixin.py:188} INFO - [2026-03-29T12:44:07.970+0500] {dagbag.py:545} INFO - Filling up the DagBag from /home/abayturar/airflow-project/venv/lib/python3.12/site-packages/airflow/example_dags/plugins/event_listener.py
[2026-03-29T12:44:07.973+0500] {processor.py:842} WARNING - No viable dags retrieved from /home/abayturar/airflow-project/venv/lib/python3.12/site-packages/airflow/example_dags/plugins/event_listener.py
[2026-03-29T12:44:07.985+0500] {processor.py:183} INFO - Processing /home/abayturar/airflow-project/venv/lib/python3.12/site-packages/airflow/example_dags/plugins/event_listener.py took 0.024 seconds
[2026-03-29T12:45:01.463+0500] {processor.py:161} INFO - Started process (PID=8367) to work on /home/abayturar/airflow-project/venv/lib/python3.12/site-packages/airflow/example_dags/plugins/event_listener.py
[2026-03-29T12:45:01.464+0500] {processor.py:830} INFO - Processing file /home/abayturar/airflow-project/venv/lib/python3.12/site-packages/airflow/example_dags/plugins/event_listener.py for tasks to queue
[2026-03-29T12:45:01.466+0500] {logging_mixin.py:188} INFO - [2026-03-29T12:45:01.465+0500] {dagbag.py:545} INFO - Filling up the DagBag from /home/abayturar/airflow-project/venv/lib/python3.12/site-packages/airflow/example_dags/plugins/event_listener.py
[2026-03-29T12:45:01.468+0500] {processor.py:842} WARNING - No viable dags retrieved from /home/abayturar/airflow-project/venv/lib/python3.12/site-packages/airflow/example_dags/plugins/event_listener.py
[2026-03-29T12:45:01.480+0500] {processor.py:183} INFO - Processing /home/abayturar/airflow-project/venv/lib/python3.12/site-packages/airflow/example_dags/plugins/event_listener.py took 0.023 seconds
[2026-03-29T12:45:53.386+0500] {processor.py:161} INFO - Started process (PID=8711) to work on /home/abayturar/airflow-project/venv/lib/python3.12/site-packages/airflow/example_dags/plugins/event_listener.py
[2026-03-29T12:45:53.387+0500] {processor.py:830} INFO - Processing file /home/abayturar/airflow-project/venv/lib/python3.12/site-packages/airflow/example_dags/plugins/event_listener.py for tasks to queue
[2026-03-29T12:45:53.389+0500] {logging_mixin.py:188} INFO - [2026-03-29T12:45:53.389+0500] {dagbag.py:545} INFO - Filling up the DagBag from /home/abayturar/airflow-project/venv/lib/python3.12/site-packages/airflow/example_dags/plugins/event_listener.py
[2026-03-29T12:45:53.391+0500] {processor.py:842} WARNING - No viable dags retrieved from /home/abayturar/airflow-project/venv/lib/python3.12/site-packages/airflow/example_dags/plugins/event_listener.py
[2026-03-29T12:45:53.403+0500] {processor.py:183} INFO - Processing /home/abayturar/airflow-project/venv/lib/python3.12/site-packages/airflow/example_dags/plugins/event_listener.py took 0.024 seconds
[2026-03-29T12:46:45.660+0500] {processor.py:161} INFO - Started process (PID=8952) to work on /home/abayturar/airflow-project/venv/lib/python3.12/site-packages/airflow/example_dags/plugins/event_listener.py
[2026-03-29T12:46:45.661+0500] {processor.py:830} INFO - Processing file /home/abayturar/airflow-project/venv/lib/python3.12/site-packages/airflow/example_dags/plugins/event_listener.py for tasks to queue
[2026-03-29T12:46:45.663+0500] {logging_mixin.py:188} INFO - [2026-03-29T12:46:45.663+0500] {dagbag.py:545} INFO - Filling up the DagBag from /home/abayturar/airflow-project/venv/lib/python3.12/site-packages/airflow/example_dags/plugins/event_listener.py
[2026-03-29T12:46:45.665+0500] {processor.py:842} WARNING - No viable dags retrieved from /home/abayturar/airflow-project/venv/lib/python3.12/site-packages/airflow/example_dags/plugins/event_listener.py
[2026-03-29T12:46:45.677+0500] {processor.py:183} INFO - Processing /home/abayturar/airflow-project/venv/lib/python3.12/site-packages/airflow/example_dags/plugins/event_listener.py took 0.024 seconds
