[2026-03-28T19:35:32.213+0500] {local_task_job_runner.py:120} INFO - ::group::Pre task execution logs
[2026-03-28T19:35:32.225+0500] {taskinstance.py:2076} INFO - Dependencies all met for dep_context=non-requeueable deps ti=<TaskInstance: sales_dwh_pipeline.scd2_update manual__2026-03-28T14:30:41.306537+00:00 [queued]>
[2026-03-28T19:35:32.230+0500] {taskinstance.py:2076} INFO - Dependencies all met for dep_context=requeueable deps ti=<TaskInstance: sales_dwh_pipeline.scd2_update manual__2026-03-28T14:30:41.306537+00:00 [queued]>
[2026-03-28T19:35:32.230+0500] {taskinstance.py:2306} INFO - Starting attempt 1 of 2
[2026-03-28T19:35:32.239+0500] {taskinstance.py:2330} INFO - Executing <Task(PostgresOperator): scd2_update> on 2026-03-28 14:30:41.306537+00:00
[2026-03-28T19:35:32.257+0500] {standard_task_runner.py:64} INFO - Started process 30630 to run task
[2026-03-28T19:35:32.261+0500] {standard_task_runner.py:90} INFO - Running: ['airflow', 'tasks', 'run', 'sales_dwh_pipeline', 'scd2_update', 'manual__2026-03-28T14:30:41.306537+00:00', '--job-id', '29', '--raw', '--subdir', 'DAGS_FOLDER/sales_dwh_pipeline.py', '--cfg-path', '/tmp/tmpajjd3irm']
[2026-03-28T19:35:32.263+0500] {standard_task_runner.py:91} INFO - Job 29: Subtask scd2_update
[2026-03-28T19:35:32.297+0500] {task_command.py:426} INFO - Running <TaskInstance: sales_dwh_pipeline.scd2_update manual__2026-03-28T14:30:41.306537+00:00 [running]> on host DESKTOP-I2ADLC6.localdomain
[2026-03-28T19:35:32.341+0500] {taskinstance.py:2648} INFO - Exporting env vars: AIRFLOW_CTX_DAG_OWNER='abay' AIRFLOW_CTX_DAG_ID='sales_dwh_pipeline' AIRFLOW_CTX_TASK_ID='scd2_update' AIRFLOW_CTX_EXECUTION_DATE='2026-03-28T14:30:41.306537+00:00' AIRFLOW_CTX_TRY_NUMBER='1' AIRFLOW_CTX_DAG_RUN_ID='manual__2026-03-28T14:30:41.306537+00:00'
[2026-03-28T19:35:32.343+0500] {taskinstance.py:430} INFO - ::endgroup::
[2026-03-28T19:35:32.344+0500] {sql.py:282} INFO - Executing: UPDATE analytics.dim_customer d
SET valid_to = CURRENT_DATE,
    is_current = FALSE
FROM analytics.sales_stg s
WHERE d.customer_name = s.customer_name
    AND d.is_current = TRUE
    AND (
        s.customer_segment IS DISTINCT
        FROM d.customer_segment
            OR s.region IS DISTINCT
        FROM d.region
            OR s.province IS DISTINCT
        FROM d.province
    );
[2026-03-28T19:35:32.347+0500] {base.py:84} INFO - Using connection ID 'postgres_default' for task execution.
[2026-03-28T19:35:32.352+0500] {base.py:84} INFO - Using connection ID 'postgres_default' for task execution.
[2026-03-28T19:35:32.369+0500] {sql.py:495} INFO - Running statement: UPDATE analytics.dim_customer d
SET valid_to = CURRENT_DATE,
    is_current = FALSE
FROM analytics.sales_stg s
WHERE d.customer_name = s.customer_name
    AND d.is_current = TRUE
    AND (
        s.customer_segment IS DISTINCT
        FROM d.customer_segment
            OR s.region IS DISTINCT
        FROM d.region
            OR s.province IS DISTINCT
        FROM d.province
    );, parameters: None
[2026-03-28T19:35:32.372+0500] {sql.py:504} INFO - Rows affected: 0
[2026-03-28T19:35:32.373+0500] {taskinstance.py:441} INFO - ::group::Post task execution logs
[2026-03-28T19:35:32.379+0500] {taskinstance.py:1206} INFO - Marking task as SUCCESS. dag_id=sales_dwh_pipeline, task_id=scd2_update, run_id=manual__2026-03-28T14:30:41.306537+00:00, execution_date=20260328T143041, start_date=20260328T143532, end_date=20260328T143532
[2026-03-28T19:35:32.519+0500] {local_task_job_runner.py:243} INFO - Task exited with return code 0
[2026-03-28T19:35:32.532+0500] {logging_mixin.py:188} WARNING - /home/abayturar/airflow-project/venv/lib/python3.12/site-packages/airflow/models/baseoperator.py:1297 AirflowProviderDeprecationWarning: Call to deprecated class PostgresOperator. (Please use `airflow.providers.common.sql.operators.sql.SQLExecuteQueryOperator`.Also, you can provide `hook_params={'schema': <database>}`.)
[2026-03-28T19:35:32.546+0500] {taskinstance.py:3503} INFO - 1 downstream tasks scheduled from follow-on schedule check
[2026-03-28T19:35:32.548+0500] {local_task_job_runner.py:222} INFO - ::endgroup::
