[2026-03-28T18:41:29.712+0500] {local_task_job_runner.py:120} INFO - ::group::Pre task execution logs
[2026-03-28T18:41:29.726+0500] {taskinstance.py:2076} INFO - Dependencies all met for dep_context=non-requeueable deps ti=<TaskInstance: sales_dwh_pipeline.dim_product manual__2026-03-28T13:36:27.228103+00:00 [queued]>
[2026-03-28T18:41:29.730+0500] {taskinstance.py:2076} INFO - Dependencies all met for dep_context=requeueable deps ti=<TaskInstance: sales_dwh_pipeline.dim_product manual__2026-03-28T13:36:27.228103+00:00 [queued]>
[2026-03-28T18:41:29.730+0500] {taskinstance.py:2306} INFO - Starting attempt 1 of 2
[2026-03-28T18:41:29.739+0500] {taskinstance.py:2330} INFO - Executing <Task(PostgresOperator): dim_product> on 2026-03-28 13:36:27.228103+00:00
[2026-03-28T18:41:29.757+0500] {standard_task_runner.py:64} INFO - Started process 21740 to run task
[2026-03-28T18:41:29.761+0500] {standard_task_runner.py:90} INFO - Running: ['airflow', 'tasks', 'run', 'sales_dwh_pipeline', 'dim_product', 'manual__2026-03-28T13:36:27.228103+00:00', '--job-id', '20', '--raw', '--subdir', 'DAGS_FOLDER/sales_dwh_pipeline.py', '--cfg-path', '/tmp/tmpohd9thsj']
[2026-03-28T18:41:29.763+0500] {standard_task_runner.py:91} INFO - Job 20: Subtask dim_product
[2026-03-28T18:41:29.798+0500] {task_command.py:426} INFO - Running <TaskInstance: sales_dwh_pipeline.dim_product manual__2026-03-28T13:36:27.228103+00:00 [running]> on host DESKTOP-I2ADLC6.localdomain
[2026-03-28T18:41:29.837+0500] {taskinstance.py:2648} INFO - Exporting env vars: AIRFLOW_CTX_DAG_OWNER='abay' AIRFLOW_CTX_DAG_ID='sales_dwh_pipeline' AIRFLOW_CTX_TASK_ID='dim_product' AIRFLOW_CTX_EXECUTION_DATE='2026-03-28T13:36:27.228103+00:00' AIRFLOW_CTX_TRY_NUMBER='1' AIRFLOW_CTX_DAG_RUN_ID='manual__2026-03-28T13:36:27.228103+00:00'
[2026-03-28T18:41:29.838+0500] {taskinstance.py:430} INFO - ::endgroup::
[2026-03-28T18:41:29.839+0500] {sql.py:282} INFO - Executing: TRUNCATE TABLE analytics.dim_product RESTART IDENTITY CASCADE;
INSERT INTO analytics.dim_product (
        product_name,
        product_category,
        product_sub_category,
        product_container
    )
SELECT DISTINCT ON (product_name) product_name,
    product_category,
    product_sub_category,
    product_container
FROM analytics.sales
ORDER BY product_name,
    order_date DESC;
[2026-03-28T18:41:29.843+0500] {base.py:84} INFO - Using connection ID 'postgres_default' for task execution.
[2026-03-28T18:41:29.847+0500] {base.py:84} INFO - Using connection ID 'postgres_default' for task execution.
[2026-03-28T18:41:29.863+0500] {sql.py:495} INFO - Running statement: TRUNCATE TABLE analytics.dim_product RESTART IDENTITY CASCADE;
INSERT INTO analytics.dim_product (
        product_name,
        product_category,
        product_sub_category,
        product_container
    )
SELECT DISTINCT ON (product_name) product_name,
    product_category,
    product_sub_category,
    product_container
FROM analytics.sales
ORDER BY product_name,
    order_date DESC;, parameters: None
[2026-03-28T18:41:29.899+0500] {sql.py:504} INFO - Rows affected: 1265
[2026-03-28T18:41:29.920+0500] {taskinstance.py:441} INFO - ::group::Post task execution logs
[2026-03-28T18:41:29.929+0500] {taskinstance.py:1206} INFO - Marking task as SUCCESS. dag_id=sales_dwh_pipeline, task_id=dim_product, run_id=manual__2026-03-28T13:36:27.228103+00:00, execution_date=20260328T133627, start_date=20260328T134129, end_date=20260328T134129
[2026-03-28T18:41:29.977+0500] {local_task_job_runner.py:243} INFO - Task exited with return code 0
[2026-03-28T18:41:29.988+0500] {logging_mixin.py:188} WARNING - /home/abayturar/airflow-project/venv/lib/python3.12/site-packages/airflow/models/baseoperator.py:1297 AirflowProviderDeprecationWarning: Call to deprecated class PostgresOperator. (Please use `airflow.providers.common.sql.operators.sql.SQLExecuteQueryOperator`.Also, you can provide `hook_params={'schema': <database>}`.)
[2026-03-28T18:41:29.999+0500] {taskinstance.py:3503} INFO - 1 downstream tasks scheduled from follow-on schedule check
[2026-03-28T18:41:30.001+0500] {local_task_job_runner.py:222} INFO - ::endgroup::
