[2026-03-29T12:01:39.669+0500] {processor.py:161} INFO - Started process (PID=32277) to work on /home/abayturar/airflow-project/venv/lib/python3.12/site-packages/airflow/example_dags/subdags/subdag.py
[2026-03-29T12:01:39.670+0500] {processor.py:830} INFO - Processing file /home/abayturar/airflow-project/venv/lib/python3.12/site-packages/airflow/example_dags/subdags/subdag.py for tasks to queue
[2026-03-29T12:01:39.672+0500] {logging_mixin.py:188} INFO - [2026-03-29T12:01:39.672+0500] {dagbag.py:545} INFO - Filling up the DagBag from /home/abayturar/airflow-project/venv/lib/python3.12/site-packages/airflow/example_dags/subdags/subdag.py
[2026-03-29T12:01:39.714+0500] {processor.py:842} WARNING - No viable dags retrieved from /home/abayturar/airflow-project/venv/lib/python3.12/site-packages/airflow/example_dags/subdags/subdag.py
[2026-03-29T12:01:39.725+0500] {processor.py:183} INFO - Processing /home/abayturar/airflow-project/venv/lib/python3.12/site-packages/airflow/example_dags/subdags/subdag.py took 0.062 seconds
[2026-03-29T12:02:13.588+0500] {processor.py:161} INFO - Started process (PID=32493) to work on /home/abayturar/airflow-project/venv/lib/python3.12/site-packages/airflow/example_dags/subdags/subdag.py
[2026-03-29T12:02:13.589+0500] {processor.py:830} INFO - Processing file /home/abayturar/airflow-project/venv/lib/python3.12/site-packages/airflow/example_dags/subdags/subdag.py for tasks to queue
[2026-03-29T12:02:13.590+0500] {logging_mixin.py:188} INFO - [2026-03-29T12:02:13.590+0500] {dagbag.py:545} INFO - Filling up the DagBag from /home/abayturar/airflow-project/venv/lib/python3.12/site-packages/airflow/example_dags/subdags/subdag.py
[2026-03-29T12:02:13.593+0500] {processor.py:842} WARNING - No viable dags retrieved from /home/abayturar/airflow-project/venv/lib/python3.12/site-packages/airflow/example_dags/subdags/subdag.py
[2026-03-29T12:02:13.604+0500] {processor.py:183} INFO - Processing /home/abayturar/airflow-project/venv/lib/python3.12/site-packages/airflow/example_dags/subdags/subdag.py took 0.022 seconds
[2026-03-29T12:05:41.125+0500] {processor.py:161} INFO - Started process (PID=32698) to work on /home/abayturar/airflow-project/venv/lib/python3.12/site-packages/airflow/example_dags/subdags/subdag.py
[2026-03-29T12:05:41.127+0500] {processor.py:830} INFO - Processing file /home/abayturar/airflow-project/venv/lib/python3.12/site-packages/airflow/example_dags/subdags/subdag.py for tasks to queue
[2026-03-29T12:05:41.129+0500] {logging_mixin.py:188} INFO - [2026-03-29T12:05:41.129+0500] {dagbag.py:545} INFO - Filling up the DagBag from /home/abayturar/airflow-project/venv/lib/python3.12/site-packages/airflow/example_dags/subdags/subdag.py
[2026-03-29T12:05:41.134+0500] {processor.py:842} WARNING - No viable dags retrieved from /home/abayturar/airflow-project/venv/lib/python3.12/site-packages/airflow/example_dags/subdags/subdag.py
[2026-03-29T12:05:41.150+0500] {processor.py:183} INFO - Processing /home/abayturar/airflow-project/venv/lib/python3.12/site-packages/airflow/example_dags/subdags/subdag.py took 0.033 seconds
[2026-03-29T12:06:36.773+0500] {processor.py:161} INFO - Started process (PID=178) to work on /home/abayturar/airflow-project/venv/lib/python3.12/site-packages/airflow/example_dags/subdags/subdag.py
[2026-03-29T12:06:36.774+0500] {processor.py:830} INFO - Processing file /home/abayturar/airflow-project/venv/lib/python3.12/site-packages/airflow/example_dags/subdags/subdag.py for tasks to queue
[2026-03-29T12:06:36.776+0500] {logging_mixin.py:188} INFO - [2026-03-29T12:06:36.775+0500] {dagbag.py:545} INFO - Filling up the DagBag from /home/abayturar/airflow-project/venv/lib/python3.12/site-packages/airflow/example_dags/subdags/subdag.py
[2026-03-29T12:06:36.778+0500] {processor.py:842} WARNING - No viable dags retrieved from /home/abayturar/airflow-project/venv/lib/python3.12/site-packages/airflow/example_dags/subdags/subdag.py
[2026-03-29T12:06:36.789+0500] {processor.py:183} INFO - Processing /home/abayturar/airflow-project/venv/lib/python3.12/site-packages/airflow/example_dags/subdags/subdag.py took 0.023 seconds
[2026-03-29T12:07:22.603+0500] {processor.py:161} INFO - Started process (PID=372) to work on /home/abayturar/airflow-project/venv/lib/python3.12/site-packages/airflow/example_dags/subdags/subdag.py
[2026-03-29T12:07:22.604+0500] {processor.py:830} INFO - Processing file /home/abayturar/airflow-project/venv/lib/python3.12/site-packages/airflow/example_dags/subdags/subdag.py for tasks to queue
[2026-03-29T12:07:22.606+0500] {logging_mixin.py:188} INFO - [2026-03-29T12:07:22.605+0500] {dagbag.py:545} INFO - Filling up the DagBag from /home/abayturar/airflow-project/venv/lib/python3.12/site-packages/airflow/example_dags/subdags/subdag.py
[2026-03-29T12:07:22.608+0500] {processor.py:842} WARNING - No viable dags retrieved from /home/abayturar/airflow-project/venv/lib/python3.12/site-packages/airflow/example_dags/subdags/subdag.py
[2026-03-29T12:07:22.620+0500] {processor.py:183} INFO - Processing /home/abayturar/airflow-project/venv/lib/python3.12/site-packages/airflow/example_dags/subdags/subdag.py took 0.022 seconds
[2026-03-29T12:08:11.840+0500] {processor.py:161} INFO - Started process (PID=568) to work on /home/abayturar/airflow-project/venv/lib/python3.12/site-packages/airflow/example_dags/subdags/subdag.py
[2026-03-29T12:08:11.841+0500] {processor.py:830} INFO - Processing file /home/abayturar/airflow-project/venv/lib/python3.12/site-packages/airflow/example_dags/subdags/subdag.py for tasks to queue
[2026-03-29T12:08:11.842+0500] {logging_mixin.py:188} INFO - [2026-03-29T12:08:11.842+0500] {dagbag.py:545} INFO - Filling up the DagBag from /home/abayturar/airflow-project/venv/lib/python3.12/site-packages/airflow/example_dags/subdags/subdag.py
[2026-03-29T12:08:11.845+0500] {processor.py:842} WARNING - No viable dags retrieved from /home/abayturar/airflow-project/venv/lib/python3.12/site-packages/airflow/example_dags/subdags/subdag.py
[2026-03-29T12:08:11.856+0500] {processor.py:183} INFO - Processing /home/abayturar/airflow-project/venv/lib/python3.12/site-packages/airflow/example_dags/subdags/subdag.py took 0.022 seconds
[2026-03-29T12:09:02.300+0500] {processor.py:161} INFO - Started process (PID=784) to work on /home/abayturar/airflow-project/venv/lib/python3.12/site-packages/airflow/example_dags/subdags/subdag.py
[2026-03-29T12:09:02.301+0500] {processor.py:830} INFO - Processing file /home/abayturar/airflow-project/venv/lib/python3.12/site-packages/airflow/example_dags/subdags/subdag.py for tasks to queue
[2026-03-29T12:09:02.303+0500] {logging_mixin.py:188} INFO - [2026-03-29T12:09:02.302+0500] {dagbag.py:545} INFO - Filling up the DagBag from /home/abayturar/airflow-project/venv/lib/python3.12/site-packages/airflow/example_dags/subdags/subdag.py
[2026-03-29T12:09:02.305+0500] {processor.py:842} WARNING - No viable dags retrieved from /home/abayturar/airflow-project/venv/lib/python3.12/site-packages/airflow/example_dags/subdags/subdag.py
[2026-03-29T12:09:02.316+0500] {processor.py:183} INFO - Processing /home/abayturar/airflow-project/venv/lib/python3.12/site-packages/airflow/example_dags/subdags/subdag.py took 0.022 seconds
[2026-03-29T12:09:53.978+0500] {processor.py:161} INFO - Started process (PID=949) to work on /home/abayturar/airflow-project/venv/lib/python3.12/site-packages/airflow/example_dags/subdags/subdag.py
[2026-03-29T12:09:53.979+0500] {processor.py:830} INFO - Processing file /home/abayturar/airflow-project/venv/lib/python3.12/site-packages/airflow/example_dags/subdags/subdag.py for tasks to queue
[2026-03-29T12:09:53.980+0500] {logging_mixin.py:188} INFO - [2026-03-29T12:09:53.980+0500] {dagbag.py:545} INFO - Filling up the DagBag from /home/abayturar/airflow-project/venv/lib/python3.12/site-packages/airflow/example_dags/subdags/subdag.py
[2026-03-29T12:09:53.982+0500] {processor.py:842} WARNING - No viable dags retrieved from /home/abayturar/airflow-project/venv/lib/python3.12/site-packages/airflow/example_dags/subdags/subdag.py
[2026-03-29T12:09:53.993+0500] {processor.py:183} INFO - Processing /home/abayturar/airflow-project/venv/lib/python3.12/site-packages/airflow/example_dags/subdags/subdag.py took 0.021 seconds
[2026-03-29T12:10:41.795+0500] {processor.py:161} INFO - Started process (PID=1075) to work on /home/abayturar/airflow-project/venv/lib/python3.12/site-packages/airflow/example_dags/subdags/subdag.py
[2026-03-29T12:10:41.796+0500] {processor.py:830} INFO - Processing file /home/abayturar/airflow-project/venv/lib/python3.12/site-packages/airflow/example_dags/subdags/subdag.py for tasks to queue
[2026-03-29T12:10:41.798+0500] {logging_mixin.py:188} INFO - [2026-03-29T12:10:41.798+0500] {dagbag.py:545} INFO - Filling up the DagBag from /home/abayturar/airflow-project/venv/lib/python3.12/site-packages/airflow/example_dags/subdags/subdag.py
[2026-03-29T12:10:41.800+0500] {processor.py:842} WARNING - No viable dags retrieved from /home/abayturar/airflow-project/venv/lib/python3.12/site-packages/airflow/example_dags/subdags/subdag.py
[2026-03-29T12:10:41.812+0500] {processor.py:183} INFO - Processing /home/abayturar/airflow-project/venv/lib/python3.12/site-packages/airflow/example_dags/subdags/subdag.py took 0.023 seconds
[2026-03-29T12:11:31.511+0500] {processor.py:161} INFO - Started process (PID=1210) to work on /home/abayturar/airflow-project/venv/lib/python3.12/site-packages/airflow/example_dags/subdags/subdag.py
[2026-03-29T12:11:31.512+0500] {processor.py:830} INFO - Processing file /home/abayturar/airflow-project/venv/lib/python3.12/site-packages/airflow/example_dags/subdags/subdag.py for tasks to queue
[2026-03-29T12:11:31.513+0500] {logging_mixin.py:188} INFO - [2026-03-29T12:11:31.513+0500] {dagbag.py:545} INFO - Filling up the DagBag from /home/abayturar/airflow-project/venv/lib/python3.12/site-packages/airflow/example_dags/subdags/subdag.py
[2026-03-29T12:11:31.516+0500] {processor.py:842} WARNING - No viable dags retrieved from /home/abayturar/airflow-project/venv/lib/python3.12/site-packages/airflow/example_dags/subdags/subdag.py
[2026-03-29T12:11:31.527+0500] {processor.py:183} INFO - Processing /home/abayturar/airflow-project/venv/lib/python3.12/site-packages/airflow/example_dags/subdags/subdag.py took 0.022 seconds
[2026-03-29T12:12:22.015+0500] {processor.py:161} INFO - Started process (PID=1340) to work on /home/abayturar/airflow-project/venv/lib/python3.12/site-packages/airflow/example_dags/subdags/subdag.py
[2026-03-29T12:12:22.016+0500] {processor.py:830} INFO - Processing file /home/abayturar/airflow-project/venv/lib/python3.12/site-packages/airflow/example_dags/subdags/subdag.py for tasks to queue
[2026-03-29T12:12:22.017+0500] {logging_mixin.py:188} INFO - [2026-03-29T12:12:22.017+0500] {dagbag.py:545} INFO - Filling up the DagBag from /home/abayturar/airflow-project/venv/lib/python3.12/site-packages/airflow/example_dags/subdags/subdag.py
[2026-03-29T12:12:22.019+0500] {processor.py:842} WARNING - No viable dags retrieved from /home/abayturar/airflow-project/venv/lib/python3.12/site-packages/airflow/example_dags/subdags/subdag.py
[2026-03-29T12:12:22.030+0500] {processor.py:183} INFO - Processing /home/abayturar/airflow-project/venv/lib/python3.12/site-packages/airflow/example_dags/subdags/subdag.py took 0.022 seconds
[2026-03-29T12:13:12.665+0500] {processor.py:161} INFO - Started process (PID=1476) to work on /home/abayturar/airflow-project/venv/lib/python3.12/site-packages/airflow/example_dags/subdags/subdag.py
[2026-03-29T12:13:12.666+0500] {processor.py:830} INFO - Processing file /home/abayturar/airflow-project/venv/lib/python3.12/site-packages/airflow/example_dags/subdags/subdag.py for tasks to queue
[2026-03-29T12:13:12.668+0500] {logging_mixin.py:188} INFO - [2026-03-29T12:13:12.667+0500] {dagbag.py:545} INFO - Filling up the DagBag from /home/abayturar/airflow-project/venv/lib/python3.12/site-packages/airflow/example_dags/subdags/subdag.py
[2026-03-29T12:13:12.670+0500] {processor.py:842} WARNING - No viable dags retrieved from /home/abayturar/airflow-project/venv/lib/python3.12/site-packages/airflow/example_dags/subdags/subdag.py
[2026-03-29T12:13:12.681+0500] {processor.py:183} INFO - Processing /home/abayturar/airflow-project/venv/lib/python3.12/site-packages/airflow/example_dags/subdags/subdag.py took 0.021 seconds
[2026-03-29T12:14:02.331+0500] {processor.py:161} INFO - Started process (PID=1606) to work on /home/abayturar/airflow-project/venv/lib/python3.12/site-packages/airflow/example_dags/subdags/subdag.py
[2026-03-29T12:14:02.332+0500] {processor.py:830} INFO - Processing file /home/abayturar/airflow-project/venv/lib/python3.12/site-packages/airflow/example_dags/subdags/subdag.py for tasks to queue
[2026-03-29T12:14:02.334+0500] {logging_mixin.py:188} INFO - [2026-03-29T12:14:02.333+0500] {dagbag.py:545} INFO - Filling up the DagBag from /home/abayturar/airflow-project/venv/lib/python3.12/site-packages/airflow/example_dags/subdags/subdag.py
[2026-03-29T12:14:02.336+0500] {processor.py:842} WARNING - No viable dags retrieved from /home/abayturar/airflow-project/venv/lib/python3.12/site-packages/airflow/example_dags/subdags/subdag.py
[2026-03-29T12:14:02.347+0500] {processor.py:183} INFO - Processing /home/abayturar/airflow-project/venv/lib/python3.12/site-packages/airflow/example_dags/subdags/subdag.py took 0.022 seconds
[2026-03-29T12:14:56.284+0500] {processor.py:161} INFO - Started process (PID=1745) to work on /home/abayturar/airflow-project/venv/lib/python3.12/site-packages/airflow/example_dags/subdags/subdag.py
[2026-03-29T12:14:56.285+0500] {processor.py:830} INFO - Processing file /home/abayturar/airflow-project/venv/lib/python3.12/site-packages/airflow/example_dags/subdags/subdag.py for tasks to queue
[2026-03-29T12:14:56.288+0500] {logging_mixin.py:188} INFO - [2026-03-29T12:14:56.287+0500] {dagbag.py:545} INFO - Filling up the DagBag from /home/abayturar/airflow-project/venv/lib/python3.12/site-packages/airflow/example_dags/subdags/subdag.py
[2026-03-29T12:14:56.291+0500] {processor.py:842} WARNING - No viable dags retrieved from /home/abayturar/airflow-project/venv/lib/python3.12/site-packages/airflow/example_dags/subdags/subdag.py
[2026-03-29T12:14:56.304+0500] {processor.py:183} INFO - Processing /home/abayturar/airflow-project/venv/lib/python3.12/site-packages/airflow/example_dags/subdags/subdag.py took 0.027 seconds
[2026-03-29T12:15:49.845+0500] {processor.py:161} INFO - Started process (PID=1884) to work on /home/abayturar/airflow-project/venv/lib/python3.12/site-packages/airflow/example_dags/subdags/subdag.py
[2026-03-29T12:15:49.847+0500] {processor.py:830} INFO - Processing file /home/abayturar/airflow-project/venv/lib/python3.12/site-packages/airflow/example_dags/subdags/subdag.py for tasks to queue
[2026-03-29T12:15:49.849+0500] {logging_mixin.py:188} INFO - [2026-03-29T12:15:49.848+0500] {dagbag.py:545} INFO - Filling up the DagBag from /home/abayturar/airflow-project/venv/lib/python3.12/site-packages/airflow/example_dags/subdags/subdag.py
[2026-03-29T12:15:49.851+0500] {processor.py:842} WARNING - No viable dags retrieved from /home/abayturar/airflow-project/venv/lib/python3.12/site-packages/airflow/example_dags/subdags/subdag.py
[2026-03-29T12:15:49.866+0500] {processor.py:183} INFO - Processing /home/abayturar/airflow-project/venv/lib/python3.12/site-packages/airflow/example_dags/subdags/subdag.py took 0.027 seconds
[2026-03-29T12:16:42.760+0500] {processor.py:161} INFO - Started process (PID=2023) to work on /home/abayturar/airflow-project/venv/lib/python3.12/site-packages/airflow/example_dags/subdags/subdag.py
[2026-03-29T12:16:42.761+0500] {processor.py:830} INFO - Processing file /home/abayturar/airflow-project/venv/lib/python3.12/site-packages/airflow/example_dags/subdags/subdag.py for tasks to queue
[2026-03-29T12:16:42.763+0500] {logging_mixin.py:188} INFO - [2026-03-29T12:16:42.762+0500] {dagbag.py:545} INFO - Filling up the DagBag from /home/abayturar/airflow-project/venv/lib/python3.12/site-packages/airflow/example_dags/subdags/subdag.py
[2026-03-29T12:16:42.765+0500] {processor.py:842} WARNING - No viable dags retrieved from /home/abayturar/airflow-project/venv/lib/python3.12/site-packages/airflow/example_dags/subdags/subdag.py
[2026-03-29T12:16:42.776+0500] {processor.py:183} INFO - Processing /home/abayturar/airflow-project/venv/lib/python3.12/site-packages/airflow/example_dags/subdags/subdag.py took 0.021 seconds
[2026-03-29T12:17:35.088+0500] {processor.py:161} INFO - Started process (PID=2161) to work on /home/abayturar/airflow-project/venv/lib/python3.12/site-packages/airflow/example_dags/subdags/subdag.py
[2026-03-29T12:17:35.089+0500] {processor.py:830} INFO - Processing file /home/abayturar/airflow-project/venv/lib/python3.12/site-packages/airflow/example_dags/subdags/subdag.py for tasks to queue
[2026-03-29T12:17:35.091+0500] {logging_mixin.py:188} INFO - [2026-03-29T12:17:35.090+0500] {dagbag.py:545} INFO - Filling up the DagBag from /home/abayturar/airflow-project/venv/lib/python3.12/site-packages/airflow/example_dags/subdags/subdag.py
[2026-03-29T12:17:35.094+0500] {processor.py:842} WARNING - No viable dags retrieved from /home/abayturar/airflow-project/venv/lib/python3.12/site-packages/airflow/example_dags/subdags/subdag.py
[2026-03-29T12:17:35.107+0500] {processor.py:183} INFO - Processing /home/abayturar/airflow-project/venv/lib/python3.12/site-packages/airflow/example_dags/subdags/subdag.py took 0.025 seconds
[2026-03-29T12:18:26.910+0500] {processor.py:161} INFO - Started process (PID=2295) to work on /home/abayturar/airflow-project/venv/lib/python3.12/site-packages/airflow/example_dags/subdags/subdag.py
[2026-03-29T12:18:26.911+0500] {processor.py:830} INFO - Processing file /home/abayturar/airflow-project/venv/lib/python3.12/site-packages/airflow/example_dags/subdags/subdag.py for tasks to queue
[2026-03-29T12:18:26.912+0500] {logging_mixin.py:188} INFO - [2026-03-29T12:18:26.912+0500] {dagbag.py:545} INFO - Filling up the DagBag from /home/abayturar/airflow-project/venv/lib/python3.12/site-packages/airflow/example_dags/subdags/subdag.py
[2026-03-29T12:18:26.914+0500] {processor.py:842} WARNING - No viable dags retrieved from /home/abayturar/airflow-project/venv/lib/python3.12/site-packages/airflow/example_dags/subdags/subdag.py
[2026-03-29T12:18:26.926+0500] {processor.py:183} INFO - Processing /home/abayturar/airflow-project/venv/lib/python3.12/site-packages/airflow/example_dags/subdags/subdag.py took 0.022 seconds
[2026-03-29T12:19:18.373+0500] {processor.py:161} INFO - Started process (PID=2431) to work on /home/abayturar/airflow-project/venv/lib/python3.12/site-packages/airflow/example_dags/subdags/subdag.py
[2026-03-29T12:19:18.374+0500] {processor.py:830} INFO - Processing file /home/abayturar/airflow-project/venv/lib/python3.12/site-packages/airflow/example_dags/subdags/subdag.py for tasks to queue
[2026-03-29T12:19:18.376+0500] {logging_mixin.py:188} INFO - [2026-03-29T12:19:18.376+0500] {dagbag.py:545} INFO - Filling up the DagBag from /home/abayturar/airflow-project/venv/lib/python3.12/site-packages/airflow/example_dags/subdags/subdag.py
[2026-03-29T12:19:18.379+0500] {processor.py:842} WARNING - No viable dags retrieved from /home/abayturar/airflow-project/venv/lib/python3.12/site-packages/airflow/example_dags/subdags/subdag.py
[2026-03-29T12:19:18.392+0500] {processor.py:183} INFO - Processing /home/abayturar/airflow-project/venv/lib/python3.12/site-packages/airflow/example_dags/subdags/subdag.py took 0.024 seconds
[2026-03-29T12:20:08.842+0500] {processor.py:161} INFO - Started process (PID=2562) to work on /home/abayturar/airflow-project/venv/lib/python3.12/site-packages/airflow/example_dags/subdags/subdag.py
[2026-03-29T12:20:08.843+0500] {processor.py:830} INFO - Processing file /home/abayturar/airflow-project/venv/lib/python3.12/site-packages/airflow/example_dags/subdags/subdag.py for tasks to queue
[2026-03-29T12:20:08.844+0500] {logging_mixin.py:188} INFO - [2026-03-29T12:20:08.844+0500] {dagbag.py:545} INFO - Filling up the DagBag from /home/abayturar/airflow-project/venv/lib/python3.12/site-packages/airflow/example_dags/subdags/subdag.py
[2026-03-29T12:20:08.846+0500] {processor.py:842} WARNING - No viable dags retrieved from /home/abayturar/airflow-project/venv/lib/python3.12/site-packages/airflow/example_dags/subdags/subdag.py
[2026-03-29T12:20:08.858+0500] {processor.py:183} INFO - Processing /home/abayturar/airflow-project/venv/lib/python3.12/site-packages/airflow/example_dags/subdags/subdag.py took 0.022 seconds
[2026-03-29T12:21:05.221+0500] {processor.py:161} INFO - Started process (PID=2707) to work on /home/abayturar/airflow-project/venv/lib/python3.12/site-packages/airflow/example_dags/subdags/subdag.py
[2026-03-29T12:21:05.222+0500] {processor.py:830} INFO - Processing file /home/abayturar/airflow-project/venv/lib/python3.12/site-packages/airflow/example_dags/subdags/subdag.py for tasks to queue
[2026-03-29T12:21:05.224+0500] {logging_mixin.py:188} INFO - [2026-03-29T12:21:05.223+0500] {dagbag.py:545} INFO - Filling up the DagBag from /home/abayturar/airflow-project/venv/lib/python3.12/site-packages/airflow/example_dags/subdags/subdag.py
[2026-03-29T12:21:05.226+0500] {processor.py:842} WARNING - No viable dags retrieved from /home/abayturar/airflow-project/venv/lib/python3.12/site-packages/airflow/example_dags/subdags/subdag.py
[2026-03-29T12:21:05.241+0500] {processor.py:183} INFO - Processing /home/abayturar/airflow-project/venv/lib/python3.12/site-packages/airflow/example_dags/subdags/subdag.py took 0.027 seconds
[2026-03-29T12:21:53.956+0500] {processor.py:161} INFO - Started process (PID=2847) to work on /home/abayturar/airflow-project/venv/lib/python3.12/site-packages/airflow/example_dags/subdags/subdag.py
[2026-03-29T12:21:53.957+0500] {processor.py:830} INFO - Processing file /home/abayturar/airflow-project/venv/lib/python3.12/site-packages/airflow/example_dags/subdags/subdag.py for tasks to queue
[2026-03-29T12:21:53.958+0500] {logging_mixin.py:188} INFO - [2026-03-29T12:21:53.958+0500] {dagbag.py:545} INFO - Filling up the DagBag from /home/abayturar/airflow-project/venv/lib/python3.12/site-packages/airflow/example_dags/subdags/subdag.py
[2026-03-29T12:21:53.961+0500] {processor.py:842} WARNING - No viable dags retrieved from /home/abayturar/airflow-project/venv/lib/python3.12/site-packages/airflow/example_dags/subdags/subdag.py
[2026-03-29T12:21:53.976+0500] {processor.py:183} INFO - Processing /home/abayturar/airflow-project/venv/lib/python3.12/site-packages/airflow/example_dags/subdags/subdag.py took 0.025 seconds
[2026-03-29T12:22:46.917+0500] {processor.py:161} INFO - Started process (PID=3141) to work on /home/abayturar/airflow-project/venv/lib/python3.12/site-packages/airflow/example_dags/subdags/subdag.py
[2026-03-29T12:22:46.918+0500] {processor.py:830} INFO - Processing file /home/abayturar/airflow-project/venv/lib/python3.12/site-packages/airflow/example_dags/subdags/subdag.py for tasks to queue
[2026-03-29T12:22:46.920+0500] {logging_mixin.py:188} INFO - [2026-03-29T12:22:46.920+0500] {dagbag.py:545} INFO - Filling up the DagBag from /home/abayturar/airflow-project/venv/lib/python3.12/site-packages/airflow/example_dags/subdags/subdag.py
[2026-03-29T12:22:46.924+0500] {processor.py:842} WARNING - No viable dags retrieved from /home/abayturar/airflow-project/venv/lib/python3.12/site-packages/airflow/example_dags/subdags/subdag.py
[2026-03-29T12:22:46.938+0500] {processor.py:183} INFO - Processing /home/abayturar/airflow-project/venv/lib/python3.12/site-packages/airflow/example_dags/subdags/subdag.py took 0.029 seconds
[2026-03-29T12:23:39.397+0500] {processor.py:161} INFO - Started process (PID=3324) to work on /home/abayturar/airflow-project/venv/lib/python3.12/site-packages/airflow/example_dags/subdags/subdag.py
[2026-03-29T12:23:39.398+0500] {processor.py:830} INFO - Processing file /home/abayturar/airflow-project/venv/lib/python3.12/site-packages/airflow/example_dags/subdags/subdag.py for tasks to queue
[2026-03-29T12:23:39.400+0500] {logging_mixin.py:188} INFO - [2026-03-29T12:23:39.399+0500] {dagbag.py:545} INFO - Filling up the DagBag from /home/abayturar/airflow-project/venv/lib/python3.12/site-packages/airflow/example_dags/subdags/subdag.py
[2026-03-29T12:23:39.403+0500] {processor.py:842} WARNING - No viable dags retrieved from /home/abayturar/airflow-project/venv/lib/python3.12/site-packages/airflow/example_dags/subdags/subdag.py
[2026-03-29T12:23:39.419+0500] {processor.py:183} INFO - Processing /home/abayturar/airflow-project/venv/lib/python3.12/site-packages/airflow/example_dags/subdags/subdag.py took 0.031 seconds
[2026-03-29T12:24:32.314+0500] {processor.py:161} INFO - Started process (PID=3523) to work on /home/abayturar/airflow-project/venv/lib/python3.12/site-packages/airflow/example_dags/subdags/subdag.py
[2026-03-29T12:24:32.315+0500] {processor.py:830} INFO - Processing file /home/abayturar/airflow-project/venv/lib/python3.12/site-packages/airflow/example_dags/subdags/subdag.py for tasks to queue
[2026-03-29T12:24:32.317+0500] {logging_mixin.py:188} INFO - [2026-03-29T12:24:32.316+0500] {dagbag.py:545} INFO - Filling up the DagBag from /home/abayturar/airflow-project/venv/lib/python3.12/site-packages/airflow/example_dags/subdags/subdag.py
[2026-03-29T12:24:32.319+0500] {processor.py:842} WARNING - No viable dags retrieved from /home/abayturar/airflow-project/venv/lib/python3.12/site-packages/airflow/example_dags/subdags/subdag.py
[2026-03-29T12:24:32.333+0500] {processor.py:183} INFO - Processing /home/abayturar/airflow-project/venv/lib/python3.12/site-packages/airflow/example_dags/subdags/subdag.py took 0.026 seconds
[2026-03-29T12:25:25.982+0500] {processor.py:161} INFO - Started process (PID=3661) to work on /home/abayturar/airflow-project/venv/lib/python3.12/site-packages/airflow/example_dags/subdags/subdag.py
[2026-03-29T12:25:25.983+0500] {processor.py:830} INFO - Processing file /home/abayturar/airflow-project/venv/lib/python3.12/site-packages/airflow/example_dags/subdags/subdag.py for tasks to queue
[2026-03-29T12:25:25.984+0500] {logging_mixin.py:188} INFO - [2026-03-29T12:25:25.984+0500] {dagbag.py:545} INFO - Filling up the DagBag from /home/abayturar/airflow-project/venv/lib/python3.12/site-packages/airflow/example_dags/subdags/subdag.py
[2026-03-29T12:25:25.987+0500] {processor.py:842} WARNING - No viable dags retrieved from /home/abayturar/airflow-project/venv/lib/python3.12/site-packages/airflow/example_dags/subdags/subdag.py
[2026-03-29T12:25:25.999+0500] {processor.py:183} INFO - Processing /home/abayturar/airflow-project/venv/lib/python3.12/site-packages/airflow/example_dags/subdags/subdag.py took 0.024 seconds
[2026-03-29T12:26:16.278+0500] {processor.py:161} INFO - Started process (PID=3954) to work on /home/abayturar/airflow-project/venv/lib/python3.12/site-packages/airflow/example_dags/subdags/subdag.py
[2026-03-29T12:26:16.279+0500] {processor.py:830} INFO - Processing file /home/abayturar/airflow-project/venv/lib/python3.12/site-packages/airflow/example_dags/subdags/subdag.py for tasks to queue
[2026-03-29T12:26:16.283+0500] {logging_mixin.py:188} INFO - [2026-03-29T12:26:16.282+0500] {dagbag.py:545} INFO - Filling up the DagBag from /home/abayturar/airflow-project/venv/lib/python3.12/site-packages/airflow/example_dags/subdags/subdag.py
[2026-03-29T12:26:16.286+0500] {processor.py:842} WARNING - No viable dags retrieved from /home/abayturar/airflow-project/venv/lib/python3.12/site-packages/airflow/example_dags/subdags/subdag.py
[2026-03-29T12:26:16.303+0500] {processor.py:183} INFO - Processing /home/abayturar/airflow-project/venv/lib/python3.12/site-packages/airflow/example_dags/subdags/subdag.py took 0.035 seconds
[2026-03-29T12:27:04.902+0500] {processor.py:161} INFO - Started process (PID=4161) to work on /home/abayturar/airflow-project/venv/lib/python3.12/site-packages/airflow/example_dags/subdags/subdag.py
[2026-03-29T12:27:04.903+0500] {processor.py:830} INFO - Processing file /home/abayturar/airflow-project/venv/lib/python3.12/site-packages/airflow/example_dags/subdags/subdag.py for tasks to queue
[2026-03-29T12:27:04.904+0500] {logging_mixin.py:188} INFO - [2026-03-29T12:27:04.904+0500] {dagbag.py:545} INFO - Filling up the DagBag from /home/abayturar/airflow-project/venv/lib/python3.12/site-packages/airflow/example_dags/subdags/subdag.py
[2026-03-29T12:27:04.907+0500] {processor.py:842} WARNING - No viable dags retrieved from /home/abayturar/airflow-project/venv/lib/python3.12/site-packages/airflow/example_dags/subdags/subdag.py
[2026-03-29T12:27:04.923+0500] {processor.py:183} INFO - Processing /home/abayturar/airflow-project/venv/lib/python3.12/site-packages/airflow/example_dags/subdags/subdag.py took 0.027 seconds
[2026-03-29T12:27:55.497+0500] {processor.py:161} INFO - Started process (PID=4439) to work on /home/abayturar/airflow-project/venv/lib/python3.12/site-packages/airflow/example_dags/subdags/subdag.py
[2026-03-29T12:27:55.498+0500] {processor.py:830} INFO - Processing file /home/abayturar/airflow-project/venv/lib/python3.12/site-packages/airflow/example_dags/subdags/subdag.py for tasks to queue
[2026-03-29T12:27:55.499+0500] {logging_mixin.py:188} INFO - [2026-03-29T12:27:55.499+0500] {dagbag.py:545} INFO - Filling up the DagBag from /home/abayturar/airflow-project/venv/lib/python3.12/site-packages/airflow/example_dags/subdags/subdag.py
[2026-03-29T12:27:55.502+0500] {processor.py:842} WARNING - No viable dags retrieved from /home/abayturar/airflow-project/venv/lib/python3.12/site-packages/airflow/example_dags/subdags/subdag.py
[2026-03-29T12:27:55.514+0500] {processor.py:183} INFO - Processing /home/abayturar/airflow-project/venv/lib/python3.12/site-packages/airflow/example_dags/subdags/subdag.py took 0.023 seconds
[2026-03-29T12:28:41.395+0500] {processor.py:161} INFO - Started process (PID=4561) to work on /home/abayturar/airflow-project/venv/lib/python3.12/site-packages/airflow/example_dags/subdags/subdag.py
[2026-03-29T12:28:41.396+0500] {processor.py:830} INFO - Processing file /home/abayturar/airflow-project/venv/lib/python3.12/site-packages/airflow/example_dags/subdags/subdag.py for tasks to queue
[2026-03-29T12:28:41.398+0500] {logging_mixin.py:188} INFO - [2026-03-29T12:28:41.397+0500] {dagbag.py:545} INFO - Filling up the DagBag from /home/abayturar/airflow-project/venv/lib/python3.12/site-packages/airflow/example_dags/subdags/subdag.py
[2026-03-29T12:28:41.400+0500] {processor.py:842} WARNING - No viable dags retrieved from /home/abayturar/airflow-project/venv/lib/python3.12/site-packages/airflow/example_dags/subdags/subdag.py
[2026-03-29T12:28:41.413+0500] {processor.py:183} INFO - Processing /home/abayturar/airflow-project/venv/lib/python3.12/site-packages/airflow/example_dags/subdags/subdag.py took 0.025 seconds
[2026-03-29T12:29:30.127+0500] {processor.py:161} INFO - Started process (PID=4692) to work on /home/abayturar/airflow-project/venv/lib/python3.12/site-packages/airflow/example_dags/subdags/subdag.py
[2026-03-29T12:29:30.128+0500] {processor.py:830} INFO - Processing file /home/abayturar/airflow-project/venv/lib/python3.12/site-packages/airflow/example_dags/subdags/subdag.py for tasks to queue
[2026-03-29T12:29:30.130+0500] {logging_mixin.py:188} INFO - [2026-03-29T12:29:30.130+0500] {dagbag.py:545} INFO - Filling up the DagBag from /home/abayturar/airflow-project/venv/lib/python3.12/site-packages/airflow/example_dags/subdags/subdag.py
[2026-03-29T12:29:30.134+0500] {processor.py:842} WARNING - No viable dags retrieved from /home/abayturar/airflow-project/venv/lib/python3.12/site-packages/airflow/example_dags/subdags/subdag.py
[2026-03-29T12:29:30.149+0500] {processor.py:183} INFO - Processing /home/abayturar/airflow-project/venv/lib/python3.12/site-packages/airflow/example_dags/subdags/subdag.py took 0.029 seconds
[2026-03-29T12:30:20.226+0500] {processor.py:161} INFO - Started process (PID=4983) to work on /home/abayturar/airflow-project/venv/lib/python3.12/site-packages/airflow/example_dags/subdags/subdag.py
[2026-03-29T12:30:20.227+0500] {processor.py:830} INFO - Processing file /home/abayturar/airflow-project/venv/lib/python3.12/site-packages/airflow/example_dags/subdags/subdag.py for tasks to queue
[2026-03-29T12:30:20.229+0500] {logging_mixin.py:188} INFO - [2026-03-29T12:30:20.228+0500] {dagbag.py:545} INFO - Filling up the DagBag from /home/abayturar/airflow-project/venv/lib/python3.12/site-packages/airflow/example_dags/subdags/subdag.py
[2026-03-29T12:30:20.231+0500] {processor.py:842} WARNING - No viable dags retrieved from /home/abayturar/airflow-project/venv/lib/python3.12/site-packages/airflow/example_dags/subdags/subdag.py
[2026-03-29T12:30:20.248+0500] {processor.py:183} INFO - Processing /home/abayturar/airflow-project/venv/lib/python3.12/site-packages/airflow/example_dags/subdags/subdag.py took 0.030 seconds
[2026-03-29T12:31:10.147+0500] {processor.py:161} INFO - Started process (PID=5211) to work on /home/abayturar/airflow-project/venv/lib/python3.12/site-packages/airflow/example_dags/subdags/subdag.py
[2026-03-29T12:31:10.148+0500] {processor.py:830} INFO - Processing file /home/abayturar/airflow-project/venv/lib/python3.12/site-packages/airflow/example_dags/subdags/subdag.py for tasks to queue
[2026-03-29T12:31:10.150+0500] {logging_mixin.py:188} INFO - [2026-03-29T12:31:10.149+0500] {dagbag.py:545} INFO - Filling up the DagBag from /home/abayturar/airflow-project/venv/lib/python3.12/site-packages/airflow/example_dags/subdags/subdag.py
[2026-03-29T12:31:10.152+0500] {processor.py:842} WARNING - No viable dags retrieved from /home/abayturar/airflow-project/venv/lib/python3.12/site-packages/airflow/example_dags/subdags/subdag.py
[2026-03-29T12:31:10.164+0500] {processor.py:183} INFO - Processing /home/abayturar/airflow-project/venv/lib/python3.12/site-packages/airflow/example_dags/subdags/subdag.py took 0.023 seconds
[2026-03-29T12:31:58.698+0500] {processor.py:161} INFO - Started process (PID=5576) to work on /home/abayturar/airflow-project/venv/lib/python3.12/site-packages/airflow/example_dags/subdags/subdag.py
[2026-03-29T12:31:58.699+0500] {processor.py:830} INFO - Processing file /home/abayturar/airflow-project/venv/lib/python3.12/site-packages/airflow/example_dags/subdags/subdag.py for tasks to queue
[2026-03-29T12:31:58.701+0500] {logging_mixin.py:188} INFO - [2026-03-29T12:31:58.701+0500] {dagbag.py:545} INFO - Filling up the DagBag from /home/abayturar/airflow-project/venv/lib/python3.12/site-packages/airflow/example_dags/subdags/subdag.py
[2026-03-29T12:31:58.705+0500] {processor.py:842} WARNING - No viable dags retrieved from /home/abayturar/airflow-project/venv/lib/python3.12/site-packages/airflow/example_dags/subdags/subdag.py
[2026-03-29T12:31:58.718+0500] {processor.py:183} INFO - Processing /home/abayturar/airflow-project/venv/lib/python3.12/site-packages/airflow/example_dags/subdags/subdag.py took 0.028 seconds
[2026-03-29T12:32:45.707+0500] {processor.py:161} INFO - Started process (PID=6055) to work on /home/abayturar/airflow-project/venv/lib/python3.12/site-packages/airflow/example_dags/subdags/subdag.py
[2026-03-29T12:32:45.708+0500] {processor.py:830} INFO - Processing file /home/abayturar/airflow-project/venv/lib/python3.12/site-packages/airflow/example_dags/subdags/subdag.py for tasks to queue
[2026-03-29T12:32:45.710+0500] {logging_mixin.py:188} INFO - [2026-03-29T12:32:45.710+0500] {dagbag.py:545} INFO - Filling up the DagBag from /home/abayturar/airflow-project/venv/lib/python3.12/site-packages/airflow/example_dags/subdags/subdag.py
[2026-03-29T12:32:45.713+0500] {processor.py:842} WARNING - No viable dags retrieved from /home/abayturar/airflow-project/venv/lib/python3.12/site-packages/airflow/example_dags/subdags/subdag.py
[2026-03-29T12:32:45.726+0500] {processor.py:183} INFO - Processing /home/abayturar/airflow-project/venv/lib/python3.12/site-packages/airflow/example_dags/subdags/subdag.py took 0.029 seconds
[2026-03-29T12:33:33.431+0500] {processor.py:161} INFO - Started process (PID=6184) to work on /home/abayturar/airflow-project/venv/lib/python3.12/site-packages/airflow/example_dags/subdags/subdag.py
[2026-03-29T12:33:33.432+0500] {processor.py:830} INFO - Processing file /home/abayturar/airflow-project/venv/lib/python3.12/site-packages/airflow/example_dags/subdags/subdag.py for tasks to queue
[2026-03-29T12:33:33.434+0500] {logging_mixin.py:188} INFO - [2026-03-29T12:33:33.433+0500] {dagbag.py:545} INFO - Filling up the DagBag from /home/abayturar/airflow-project/venv/lib/python3.12/site-packages/airflow/example_dags/subdags/subdag.py
[2026-03-29T12:33:33.436+0500] {processor.py:842} WARNING - No viable dags retrieved from /home/abayturar/airflow-project/venv/lib/python3.12/site-packages/airflow/example_dags/subdags/subdag.py
[2026-03-29T12:33:33.449+0500] {processor.py:183} INFO - Processing /home/abayturar/airflow-project/venv/lib/python3.12/site-packages/airflow/example_dags/subdags/subdag.py took 0.025 seconds
[2026-03-29T12:34:22.409+0500] {processor.py:161} INFO - Started process (PID=6322) to work on /home/abayturar/airflow-project/venv/lib/python3.12/site-packages/airflow/example_dags/subdags/subdag.py
[2026-03-29T12:34:22.410+0500] {processor.py:830} INFO - Processing file /home/abayturar/airflow-project/venv/lib/python3.12/site-packages/airflow/example_dags/subdags/subdag.py for tasks to queue
[2026-03-29T12:34:22.412+0500] {logging_mixin.py:188} INFO - [2026-03-29T12:34:22.412+0500] {dagbag.py:545} INFO - Filling up the DagBag from /home/abayturar/airflow-project/venv/lib/python3.12/site-packages/airflow/example_dags/subdags/subdag.py
[2026-03-29T12:34:22.415+0500] {processor.py:842} WARNING - No viable dags retrieved from /home/abayturar/airflow-project/venv/lib/python3.12/site-packages/airflow/example_dags/subdags/subdag.py
[2026-03-29T12:34:22.427+0500] {processor.py:183} INFO - Processing /home/abayturar/airflow-project/venv/lib/python3.12/site-packages/airflow/example_dags/subdags/subdag.py took 0.024 seconds
[2026-03-29T12:35:12.588+0500] {processor.py:161} INFO - Started process (PID=6456) to work on /home/abayturar/airflow-project/venv/lib/python3.12/site-packages/airflow/example_dags/subdags/subdag.py
[2026-03-29T12:35:12.589+0500] {processor.py:830} INFO - Processing file /home/abayturar/airflow-project/venv/lib/python3.12/site-packages/airflow/example_dags/subdags/subdag.py for tasks to queue
[2026-03-29T12:35:12.592+0500] {logging_mixin.py:188} INFO - [2026-03-29T12:35:12.591+0500] {dagbag.py:545} INFO - Filling up the DagBag from /home/abayturar/airflow-project/venv/lib/python3.12/site-packages/airflow/example_dags/subdags/subdag.py
[2026-03-29T12:35:12.594+0500] {processor.py:842} WARNING - No viable dags retrieved from /home/abayturar/airflow-project/venv/lib/python3.12/site-packages/airflow/example_dags/subdags/subdag.py
[2026-03-29T12:35:12.607+0500] {processor.py:183} INFO - Processing /home/abayturar/airflow-project/venv/lib/python3.12/site-packages/airflow/example_dags/subdags/subdag.py took 0.026 seconds
[2026-03-29T12:36:01.669+0500] {processor.py:161} INFO - Started process (PID=6583) to work on /home/abayturar/airflow-project/venv/lib/python3.12/site-packages/airflow/example_dags/subdags/subdag.py
[2026-03-29T12:36:01.670+0500] {processor.py:830} INFO - Processing file /home/abayturar/airflow-project/venv/lib/python3.12/site-packages/airflow/example_dags/subdags/subdag.py for tasks to queue
[2026-03-29T12:36:01.672+0500] {logging_mixin.py:188} INFO - [2026-03-29T12:36:01.672+0500] {dagbag.py:545} INFO - Filling up the DagBag from /home/abayturar/airflow-project/venv/lib/python3.12/site-packages/airflow/example_dags/subdags/subdag.py
[2026-03-29T12:36:01.675+0500] {processor.py:842} WARNING - No viable dags retrieved from /home/abayturar/airflow-project/venv/lib/python3.12/site-packages/airflow/example_dags/subdags/subdag.py
[2026-03-29T12:36:01.690+0500] {processor.py:183} INFO - Processing /home/abayturar/airflow-project/venv/lib/python3.12/site-packages/airflow/example_dags/subdags/subdag.py took 0.028 seconds
[2026-03-29T12:36:50.651+0500] {processor.py:161} INFO - Started process (PID=6714) to work on /home/abayturar/airflow-project/venv/lib/python3.12/site-packages/airflow/example_dags/subdags/subdag.py
[2026-03-29T12:36:50.652+0500] {processor.py:830} INFO - Processing file /home/abayturar/airflow-project/venv/lib/python3.12/site-packages/airflow/example_dags/subdags/subdag.py for tasks to queue
[2026-03-29T12:36:50.654+0500] {logging_mixin.py:188} INFO - [2026-03-29T12:36:50.654+0500] {dagbag.py:545} INFO - Filling up the DagBag from /home/abayturar/airflow-project/venv/lib/python3.12/site-packages/airflow/example_dags/subdags/subdag.py
[2026-03-29T12:36:50.656+0500] {processor.py:842} WARNING - No viable dags retrieved from /home/abayturar/airflow-project/venv/lib/python3.12/site-packages/airflow/example_dags/subdags/subdag.py
[2026-03-29T12:36:50.669+0500] {processor.py:183} INFO - Processing /home/abayturar/airflow-project/venv/lib/python3.12/site-packages/airflow/example_dags/subdags/subdag.py took 0.025 seconds
[2026-03-29T12:37:41.457+0500] {processor.py:161} INFO - Started process (PID=6847) to work on /home/abayturar/airflow-project/venv/lib/python3.12/site-packages/airflow/example_dags/subdags/subdag.py
[2026-03-29T12:37:41.458+0500] {processor.py:830} INFO - Processing file /home/abayturar/airflow-project/venv/lib/python3.12/site-packages/airflow/example_dags/subdags/subdag.py for tasks to queue
[2026-03-29T12:37:41.460+0500] {logging_mixin.py:188} INFO - [2026-03-29T12:37:41.459+0500] {dagbag.py:545} INFO - Filling up the DagBag from /home/abayturar/airflow-project/venv/lib/python3.12/site-packages/airflow/example_dags/subdags/subdag.py
[2026-03-29T12:37:41.462+0500] {processor.py:842} WARNING - No viable dags retrieved from /home/abayturar/airflow-project/venv/lib/python3.12/site-packages/airflow/example_dags/subdags/subdag.py
[2026-03-29T12:37:41.475+0500] {processor.py:183} INFO - Processing /home/abayturar/airflow-project/venv/lib/python3.12/site-packages/airflow/example_dags/subdags/subdag.py took 0.026 seconds
[2026-03-29T12:38:31.374+0500] {processor.py:161} INFO - Started process (PID=6979) to work on /home/abayturar/airflow-project/venv/lib/python3.12/site-packages/airflow/example_dags/subdags/subdag.py
[2026-03-29T12:38:31.375+0500] {processor.py:830} INFO - Processing file /home/abayturar/airflow-project/venv/lib/python3.12/site-packages/airflow/example_dags/subdags/subdag.py for tasks to queue
[2026-03-29T12:38:31.376+0500] {logging_mixin.py:188} INFO - [2026-03-29T12:38:31.376+0500] {dagbag.py:545} INFO - Filling up the DagBag from /home/abayturar/airflow-project/venv/lib/python3.12/site-packages/airflow/example_dags/subdags/subdag.py
[2026-03-29T12:38:31.379+0500] {processor.py:842} WARNING - No viable dags retrieved from /home/abayturar/airflow-project/venv/lib/python3.12/site-packages/airflow/example_dags/subdags/subdag.py
[2026-03-29T12:38:31.390+0500] {processor.py:183} INFO - Processing /home/abayturar/airflow-project/venv/lib/python3.12/site-packages/airflow/example_dags/subdags/subdag.py took 0.023 seconds
[2026-03-29T12:39:24.362+0500] {processor.py:161} INFO - Started process (PID=7116) to work on /home/abayturar/airflow-project/venv/lib/python3.12/site-packages/airflow/example_dags/subdags/subdag.py
[2026-03-29T12:39:24.363+0500] {processor.py:830} INFO - Processing file /home/abayturar/airflow-project/venv/lib/python3.12/site-packages/airflow/example_dags/subdags/subdag.py for tasks to queue
[2026-03-29T12:39:24.365+0500] {logging_mixin.py:188} INFO - [2026-03-29T12:39:24.364+0500] {dagbag.py:545} INFO - Filling up the DagBag from /home/abayturar/airflow-project/venv/lib/python3.12/site-packages/airflow/example_dags/subdags/subdag.py
[2026-03-29T12:39:24.367+0500] {processor.py:842} WARNING - No viable dags retrieved from /home/abayturar/airflow-project/venv/lib/python3.12/site-packages/airflow/example_dags/subdags/subdag.py
[2026-03-29T12:39:24.378+0500] {processor.py:183} INFO - Processing /home/abayturar/airflow-project/venv/lib/python3.12/site-packages/airflow/example_dags/subdags/subdag.py took 0.022 seconds
[2026-03-29T12:40:14.195+0500] {processor.py:161} INFO - Started process (PID=7276) to work on /home/abayturar/airflow-project/venv/lib/python3.12/site-packages/airflow/example_dags/subdags/subdag.py
[2026-03-29T12:40:14.196+0500] {processor.py:830} INFO - Processing file /home/abayturar/airflow-project/venv/lib/python3.12/site-packages/airflow/example_dags/subdags/subdag.py for tasks to queue
[2026-03-29T12:40:14.197+0500] {logging_mixin.py:188} INFO - [2026-03-29T12:40:14.197+0500] {dagbag.py:545} INFO - Filling up the DagBag from /home/abayturar/airflow-project/venv/lib/python3.12/site-packages/airflow/example_dags/subdags/subdag.py
[2026-03-29T12:40:14.200+0500] {processor.py:842} WARNING - No viable dags retrieved from /home/abayturar/airflow-project/venv/lib/python3.12/site-packages/airflow/example_dags/subdags/subdag.py
[2026-03-29T12:40:14.211+0500] {processor.py:183} INFO - Processing /home/abayturar/airflow-project/venv/lib/python3.12/site-packages/airflow/example_dags/subdags/subdag.py took 0.022 seconds
[2026-03-29T12:41:05.702+0500] {processor.py:161} INFO - Started process (PID=7409) to work on /home/abayturar/airflow-project/venv/lib/python3.12/site-packages/airflow/example_dags/subdags/subdag.py
[2026-03-29T12:41:05.703+0500] {processor.py:830} INFO - Processing file /home/abayturar/airflow-project/venv/lib/python3.12/site-packages/airflow/example_dags/subdags/subdag.py for tasks to queue
[2026-03-29T12:41:05.705+0500] {logging_mixin.py:188} INFO - [2026-03-29T12:41:05.704+0500] {dagbag.py:545} INFO - Filling up the DagBag from /home/abayturar/airflow-project/venv/lib/python3.12/site-packages/airflow/example_dags/subdags/subdag.py
[2026-03-29T12:41:05.707+0500] {processor.py:842} WARNING - No viable dags retrieved from /home/abayturar/airflow-project/venv/lib/python3.12/site-packages/airflow/example_dags/subdags/subdag.py
[2026-03-29T12:41:05.718+0500] {processor.py:183} INFO - Processing /home/abayturar/airflow-project/venv/lib/python3.12/site-packages/airflow/example_dags/subdags/subdag.py took 0.022 seconds
[2026-03-29T12:41:56.815+0500] {processor.py:161} INFO - Started process (PID=7569) to work on /home/abayturar/airflow-project/venv/lib/python3.12/site-packages/airflow/example_dags/subdags/subdag.py
[2026-03-29T12:41:56.816+0500] {processor.py:830} INFO - Processing file /home/abayturar/airflow-project/venv/lib/python3.12/site-packages/airflow/example_dags/subdags/subdag.py for tasks to queue
[2026-03-29T12:41:56.817+0500] {logging_mixin.py:188} INFO - [2026-03-29T12:41:56.817+0500] {dagbag.py:545} INFO - Filling up the DagBag from /home/abayturar/airflow-project/venv/lib/python3.12/site-packages/airflow/example_dags/subdags/subdag.py
[2026-03-29T12:41:56.820+0500] {processor.py:842} WARNING - No viable dags retrieved from /home/abayturar/airflow-project/venv/lib/python3.12/site-packages/airflow/example_dags/subdags/subdag.py
[2026-03-29T12:41:56.833+0500] {processor.py:183} INFO - Processing /home/abayturar/airflow-project/venv/lib/python3.12/site-packages/airflow/example_dags/subdags/subdag.py took 0.026 seconds
[2026-03-29T12:42:48.862+0500] {processor.py:161} INFO - Started process (PID=7704) to work on /home/abayturar/airflow-project/venv/lib/python3.12/site-packages/airflow/example_dags/subdags/subdag.py
[2026-03-29T12:42:48.863+0500] {processor.py:830} INFO - Processing file /home/abayturar/airflow-project/venv/lib/python3.12/site-packages/airflow/example_dags/subdags/subdag.py for tasks to queue
[2026-03-29T12:42:48.865+0500] {logging_mixin.py:188} INFO - [2026-03-29T12:42:48.864+0500] {dagbag.py:545} INFO - Filling up the DagBag from /home/abayturar/airflow-project/venv/lib/python3.12/site-packages/airflow/example_dags/subdags/subdag.py
[2026-03-29T12:42:48.867+0500] {processor.py:842} WARNING - No viable dags retrieved from /home/abayturar/airflow-project/venv/lib/python3.12/site-packages/airflow/example_dags/subdags/subdag.py
[2026-03-29T12:42:48.878+0500] {processor.py:183} INFO - Processing /home/abayturar/airflow-project/venv/lib/python3.12/site-packages/airflow/example_dags/subdags/subdag.py took 0.022 seconds
[2026-03-29T12:43:42.530+0500] {processor.py:161} INFO - Started process (PID=7868) to work on /home/abayturar/airflow-project/venv/lib/python3.12/site-packages/airflow/example_dags/subdags/subdag.py
[2026-03-29T12:43:42.531+0500] {processor.py:830} INFO - Processing file /home/abayturar/airflow-project/venv/lib/python3.12/site-packages/airflow/example_dags/subdags/subdag.py for tasks to queue
[2026-03-29T12:43:42.533+0500] {logging_mixin.py:188} INFO - [2026-03-29T12:43:42.532+0500] {dagbag.py:545} INFO - Filling up the DagBag from /home/abayturar/airflow-project/venv/lib/python3.12/site-packages/airflow/example_dags/subdags/subdag.py
[2026-03-29T12:43:42.536+0500] {processor.py:842} WARNING - No viable dags retrieved from /home/abayturar/airflow-project/venv/lib/python3.12/site-packages/airflow/example_dags/subdags/subdag.py
[2026-03-29T12:43:42.549+0500] {processor.py:183} INFO - Processing /home/abayturar/airflow-project/venv/lib/python3.12/site-packages/airflow/example_dags/subdags/subdag.py took 0.026 seconds
[2026-03-29T12:44:34.154+0500] {processor.py:161} INFO - Started process (PID=8133) to work on /home/abayturar/airflow-project/venv/lib/python3.12/site-packages/airflow/example_dags/subdags/subdag.py
[2026-03-29T12:44:34.155+0500] {processor.py:830} INFO - Processing file /home/abayturar/airflow-project/venv/lib/python3.12/site-packages/airflow/example_dags/subdags/subdag.py for tasks to queue
[2026-03-29T12:44:34.157+0500] {logging_mixin.py:188} INFO - [2026-03-29T12:44:34.157+0500] {dagbag.py:545} INFO - Filling up the DagBag from /home/abayturar/airflow-project/venv/lib/python3.12/site-packages/airflow/example_dags/subdags/subdag.py
[2026-03-29T12:44:34.160+0500] {processor.py:842} WARNING - No viable dags retrieved from /home/abayturar/airflow-project/venv/lib/python3.12/site-packages/airflow/example_dags/subdags/subdag.py
[2026-03-29T12:44:34.171+0500] {processor.py:183} INFO - Processing /home/abayturar/airflow-project/venv/lib/python3.12/site-packages/airflow/example_dags/subdags/subdag.py took 0.023 seconds
[2026-03-29T12:45:28.640+0500] {processor.py:161} INFO - Started process (PID=8582) to work on /home/abayturar/airflow-project/venv/lib/python3.12/site-packages/airflow/example_dags/subdags/subdag.py
[2026-03-29T12:45:28.640+0500] {processor.py:830} INFO - Processing file /home/abayturar/airflow-project/venv/lib/python3.12/site-packages/airflow/example_dags/subdags/subdag.py for tasks to queue
[2026-03-29T12:45:28.642+0500] {logging_mixin.py:188} INFO - [2026-03-29T12:45:28.642+0500] {dagbag.py:545} INFO - Filling up the DagBag from /home/abayturar/airflow-project/venv/lib/python3.12/site-packages/airflow/example_dags/subdags/subdag.py
[2026-03-29T12:45:28.644+0500] {processor.py:842} WARNING - No viable dags retrieved from /home/abayturar/airflow-project/venv/lib/python3.12/site-packages/airflow/example_dags/subdags/subdag.py
[2026-03-29T12:45:28.656+0500] {processor.py:183} INFO - Processing /home/abayturar/airflow-project/venv/lib/python3.12/site-packages/airflow/example_dags/subdags/subdag.py took 0.022 seconds
[2026-03-29T12:46:20.410+0500] {processor.py:161} INFO - Started process (PID=8801) to work on /home/abayturar/airflow-project/venv/lib/python3.12/site-packages/airflow/example_dags/subdags/subdag.py
[2026-03-29T12:46:20.411+0500] {processor.py:830} INFO - Processing file /home/abayturar/airflow-project/venv/lib/python3.12/site-packages/airflow/example_dags/subdags/subdag.py for tasks to queue
[2026-03-29T12:46:20.413+0500] {logging_mixin.py:188} INFO - [2026-03-29T12:46:20.412+0500] {dagbag.py:545} INFO - Filling up the DagBag from /home/abayturar/airflow-project/venv/lib/python3.12/site-packages/airflow/example_dags/subdags/subdag.py
[2026-03-29T12:46:20.415+0500] {processor.py:842} WARNING - No viable dags retrieved from /home/abayturar/airflow-project/venv/lib/python3.12/site-packages/airflow/example_dags/subdags/subdag.py
[2026-03-29T12:46:20.426+0500] {processor.py:183} INFO - Processing /home/abayturar/airflow-project/venv/lib/python3.12/site-packages/airflow/example_dags/subdags/subdag.py took 0.022 seconds
[2026-03-29T12:47:13.253+0500] {processor.py:161} INFO - Started process (PID=9137) to work on /home/abayturar/airflow-project/venv/lib/python3.12/site-packages/airflow/example_dags/subdags/subdag.py
[2026-03-29T12:47:13.279+0500] {processor.py:830} INFO - Processing file /home/abayturar/airflow-project/venv/lib/python3.12/site-packages/airflow/example_dags/subdags/subdag.py for tasks to queue
[2026-03-29T12:47:13.282+0500] {logging_mixin.py:188} INFO - [2026-03-29T12:47:13.281+0500] {dagbag.py:545} INFO - Filling up the DagBag from /home/abayturar/airflow-project/venv/lib/python3.12/site-packages/airflow/example_dags/subdags/subdag.py
[2026-03-29T12:47:13.285+0500] {processor.py:842} WARNING - No viable dags retrieved from /home/abayturar/airflow-project/venv/lib/python3.12/site-packages/airflow/example_dags/subdags/subdag.py
[2026-03-29T12:47:13.312+0500] {processor.py:183} INFO - Processing /home/abayturar/airflow-project/venv/lib/python3.12/site-packages/airflow/example_dags/subdags/subdag.py took 0.068 seconds
