[2026-03-28T19:35:42.618+0500] {local_task_job_runner.py:120} INFO - ::group::Pre task execution logs
[2026-03-28T19:35:42.631+0500] {taskinstance.py:2076} INFO - Dependencies all met for dep_context=non-requeueable deps ti=<TaskInstance: sales_dwh_pipeline.load_fact manual__2026-03-28T14:30:41.306537+00:00 [queued]>
[2026-03-28T19:35:42.636+0500] {taskinstance.py:2076} INFO - Dependencies all met for dep_context=requeueable deps ti=<TaskInstance: sales_dwh_pipeline.load_fact manual__2026-03-28T14:30:41.306537+00:00 [queued]>
[2026-03-28T19:35:42.636+0500] {taskinstance.py:2306} INFO - Starting attempt 1 of 2
[2026-03-28T19:35:42.646+0500] {taskinstance.py:2330} INFO - Executing <Task(PostgresOperator): load_fact> on 2026-03-28 14:30:41.306537+00:00
[2026-03-28T19:35:42.666+0500] {standard_task_runner.py:64} INFO - Started process 30690 to run task
[2026-03-28T19:35:42.670+0500] {standard_task_runner.py:90} INFO - Running: ['airflow', 'tasks', 'run', 'sales_dwh_pipeline', 'load_fact', 'manual__2026-03-28T14:30:41.306537+00:00', '--job-id', '33', '--raw', '--subdir', 'DAGS_FOLDER/sales_dwh_pipeline.py', '--cfg-path', '/tmp/tmpzl6y0zum']
[2026-03-28T19:35:42.672+0500] {standard_task_runner.py:91} INFO - Job 33: Subtask load_fact
[2026-03-28T19:35:42.705+0500] {task_command.py:426} INFO - Running <TaskInstance: sales_dwh_pipeline.load_fact manual__2026-03-28T14:30:41.306537+00:00 [running]> on host DESKTOP-I2ADLC6.localdomain
[2026-03-28T19:35:42.747+0500] {taskinstance.py:2648} INFO - Exporting env vars: AIRFLOW_CTX_DAG_OWNER='abay' AIRFLOW_CTX_DAG_ID='sales_dwh_pipeline' AIRFLOW_CTX_TASK_ID='load_fact' AIRFLOW_CTX_EXECUTION_DATE='2026-03-28T14:30:41.306537+00:00' AIRFLOW_CTX_TRY_NUMBER='1' AIRFLOW_CTX_DAG_RUN_ID='manual__2026-03-28T14:30:41.306537+00:00'
[2026-03-28T19:35:42.748+0500] {taskinstance.py:430} INFO - ::endgroup::
[2026-03-28T19:35:42.748+0500] {sql.py:282} INFO - Executing: TRUNCATE TABLE analytics.fact_sales;
INSERT INTO analytics.fact_sales (
        order_id,
        product_id,
        customer_sk,
        order_date_id,
        ship_date_id,
        ship_mode_id,
        quantity,
        sales,
        profit,
        discount,
        shipping_cost
    )
SELECT s.order_id,
    p.product_id,
    d.customer_id,
    od.date_id,
    sd.date_id,
    sm.ship_mode_id,
    s.order_quantity,
    s.sales,
    s.profit,
    s.discount,
    s.shipping_cost
FROM analytics.sales s
    JOIN analytics.dim_customer d ON s.customer_name = d.customer_name
    AND d.is_current = TRUE -- пока так
    JOIN analytics.dim_product p ON s.product_name = p.product_name
    JOIN analytics.dim_date od ON od.full_date = s.order_date
    JOIN analytics.dim_date sd ON sd.full_date = s.ship_date
    JOIN analytics.dim_ship_mode sm ON sm.ship_mode = s.ship_mode;
[2026-03-28T19:35:42.752+0500] {base.py:84} INFO - Using connection ID 'postgres_default' for task execution.
[2026-03-28T19:35:42.756+0500] {base.py:84} INFO - Using connection ID 'postgres_default' for task execution.
[2026-03-28T19:35:42.772+0500] {sql.py:495} INFO - Running statement: TRUNCATE TABLE analytics.fact_sales;
INSERT INTO analytics.fact_sales (
        order_id,
        product_id,
        customer_sk,
        order_date_id,
        ship_date_id,
        ship_mode_id,
        quantity,
        sales,
        profit,
        discount,
        shipping_cost
    )
SELECT s.order_id,
    p.product_id,
    d.customer_id,
    od.date_id,
    sd.date_id,
    sm.ship_mode_id,
    s.order_quantity,
    s.sales,
    s.profit,
    s.discount,
    s.shipping_cost
FROM analytics.sales s
    JOIN analytics.dim_customer d ON s.customer_name = d.customer_name
    AND d.is_current = TRUE -- пока так
    JOIN analytics.dim_product p ON s.product_name = p.product_name
    JOIN analytics.dim_date od ON od.full_date = s.order_date
    JOIN analytics.dim_date sd ON sd.full_date = s.ship_date
    JOIN analytics.dim_ship_mode sm ON sm.ship_mode = s.ship_mode;, parameters: None
[2026-03-28T19:35:42.956+0500] {sql.py:504} INFO - Rows affected: 8402
[2026-03-28T19:35:42.961+0500] {taskinstance.py:441} INFO - ::group::Post task execution logs
[2026-03-28T19:35:42.967+0500] {taskinstance.py:1206} INFO - Marking task as SUCCESS. dag_id=sales_dwh_pipeline, task_id=load_fact, run_id=manual__2026-03-28T14:30:41.306537+00:00, execution_date=20260328T143041, start_date=20260328T143542, end_date=20260328T143542
[2026-03-28T19:35:43.133+0500] {local_task_job_runner.py:243} INFO - Task exited with return code 0
[2026-03-28T19:35:43.147+0500] {taskinstance.py:3503} INFO - 0 downstream tasks scheduled from follow-on schedule check
[2026-03-28T19:35:43.147+0500] {local_task_job_runner.py:222} INFO - ::endgroup::
