[2026-03-28T18:41:27.223+0500] {local_task_job_runner.py:120} INFO - ::group::Pre task execution logs
[2026-03-28T18:41:27.237+0500] {taskinstance.py:2076} INFO - Dependencies all met for dep_context=non-requeueable deps ti=<TaskInstance: sales_dwh_pipeline.scd2_insert manual__2026-03-28T13:36:27.228103+00:00 [queued]>
[2026-03-28T18:41:27.241+0500] {taskinstance.py:2076} INFO - Dependencies all met for dep_context=requeueable deps ti=<TaskInstance: sales_dwh_pipeline.scd2_insert manual__2026-03-28T13:36:27.228103+00:00 [queued]>
[2026-03-28T18:41:27.241+0500] {taskinstance.py:2306} INFO - Starting attempt 1 of 2
[2026-03-28T18:41:27.251+0500] {taskinstance.py:2330} INFO - Executing <Task(PostgresOperator): scd2_insert> on 2026-03-28 13:36:27.228103+00:00
[2026-03-28T18:41:27.270+0500] {standard_task_runner.py:64} INFO - Started process 21726 to run task
[2026-03-28T18:41:27.274+0500] {standard_task_runner.py:90} INFO - Running: ['airflow', 'tasks', 'run', 'sales_dwh_pipeline', 'scd2_insert', 'manual__2026-03-28T13:36:27.228103+00:00', '--job-id', '19', '--raw', '--subdir', 'DAGS_FOLDER/sales_dwh_pipeline.py', '--cfg-path', '/tmp/tmppy7uf4u4']
[2026-03-28T18:41:27.276+0500] {standard_task_runner.py:91} INFO - Job 19: Subtask scd2_insert
[2026-03-28T18:41:27.311+0500] {task_command.py:426} INFO - Running <TaskInstance: sales_dwh_pipeline.scd2_insert manual__2026-03-28T13:36:27.228103+00:00 [running]> on host DESKTOP-I2ADLC6.localdomain
[2026-03-28T18:41:27.350+0500] {taskinstance.py:2648} INFO - Exporting env vars: AIRFLOW_CTX_DAG_OWNER='abay' AIRFLOW_CTX_DAG_ID='sales_dwh_pipeline' AIRFLOW_CTX_TASK_ID='scd2_insert' AIRFLOW_CTX_EXECUTION_DATE='2026-03-28T13:36:27.228103+00:00' AIRFLOW_CTX_TRY_NUMBER='1' AIRFLOW_CTX_DAG_RUN_ID='manual__2026-03-28T13:36:27.228103+00:00'
[2026-03-28T18:41:27.352+0500] {taskinstance.py:430} INFO - ::endgroup::
[2026-03-28T18:41:27.353+0500] {sql.py:282} INFO - Executing: INSERT INTO analytics.dim_customer (
        customer_name,
        customer_segment,
        region,
        province,
        valid_from,
        valid_to,
        is_current
    )
SELECT s.customer_name,
    s.customer_segment,
    s.region,
    s.province,
    CURRENT_DATE,
    NULL,
    TRUE
FROM analytics.sales_stg s
    LEFT JOIN analytics.dim_customer d ON s.customer_name = d.customer_name
    AND d.is_current = TRUE
WHERE d.customer_name IS NULL
    OR (
        s.customer_segment IS DISTINCT
        FROM d.customer_segment
            OR s.region IS DISTINCT
        FROM d.region
            OR s.province IS DISTINCT
        FROM d.province
    );
[2026-03-28T18:41:27.356+0500] {base.py:84} INFO - Using connection ID 'postgres_default' for task execution.
[2026-03-28T18:41:27.361+0500] {base.py:84} INFO - Using connection ID 'postgres_default' for task execution.
[2026-03-28T18:41:27.376+0500] {sql.py:495} INFO - Running statement: INSERT INTO analytics.dim_customer (
        customer_name,
        customer_segment,
        region,
        province,
        valid_from,
        valid_to,
        is_current
    )
SELECT s.customer_name,
    s.customer_segment,
    s.region,
    s.province,
    CURRENT_DATE,
    NULL,
    TRUE
FROM analytics.sales_stg s
    LEFT JOIN analytics.dim_customer d ON s.customer_name = d.customer_name
    AND d.is_current = TRUE
WHERE d.customer_name IS NULL
    OR (
        s.customer_segment IS DISTINCT
        FROM d.customer_segment
            OR s.region IS DISTINCT
        FROM d.region
            OR s.province IS DISTINCT
        FROM d.province
    );, parameters: None
[2026-03-28T18:41:27.379+0500] {sql.py:504} INFO - Rows affected: 0
[2026-03-28T18:41:27.380+0500] {taskinstance.py:441} INFO - ::group::Post task execution logs
[2026-03-28T18:41:27.384+0500] {taskinstance.py:1206} INFO - Marking task as SUCCESS. dag_id=sales_dwh_pipeline, task_id=scd2_insert, run_id=manual__2026-03-28T13:36:27.228103+00:00, execution_date=20260328T133627, start_date=20260328T134127, end_date=20260328T134127
[2026-03-28T18:41:27.408+0500] {local_task_job_runner.py:243} INFO - Task exited with return code 0
[2026-03-28T18:41:27.420+0500] {logging_mixin.py:188} WARNING - /home/abayturar/airflow-project/venv/lib/python3.12/site-packages/airflow/models/baseoperator.py:1297 AirflowProviderDeprecationWarning: Call to deprecated class PostgresOperator. (Please use `airflow.providers.common.sql.operators.sql.SQLExecuteQueryOperator`.Also, you can provide `hook_params={'schema': <database>}`.)
[2026-03-28T18:41:27.430+0500] {taskinstance.py:3503} INFO - 1 downstream tasks scheduled from follow-on schedule check
[2026-03-28T18:41:27.432+0500] {local_task_job_runner.py:222} INFO - ::endgroup::
