[2026-03-28T19:30:24.159+0500] {local_task_job_runner.py:120} INFO - ::group::Pre task execution logs
[2026-03-28T19:30:24.172+0500] {taskinstance.py:2076} INFO - Dependencies all met for dep_context=non-requeueable deps ti=<TaskInstance: sales_etl_superstore.transform manual__2026-03-28T14:30:15.113051+00:00 [queued]>
[2026-03-28T19:30:24.177+0500] {taskinstance.py:2076} INFO - Dependencies all met for dep_context=requeueable deps ti=<TaskInstance: sales_etl_superstore.transform manual__2026-03-28T14:30:15.113051+00:00 [queued]>
[2026-03-28T19:30:24.177+0500] {taskinstance.py:2306} INFO - Starting attempt 1 of 1
[2026-03-28T19:30:24.185+0500] {taskinstance.py:2330} INFO - Executing <Task(_PythonDecoratedOperator): transform> on 2026-03-28 14:30:15.113051+00:00
[2026-03-28T19:30:24.202+0500] {standard_task_runner.py:64} INFO - Started process 29793 to run task
[2026-03-28T19:30:24.206+0500] {standard_task_runner.py:90} INFO - Running: ['airflow', 'tasks', 'run', 'sales_etl_superstore', 'transform', 'manual__2026-03-28T14:30:15.113051+00:00', '--job-id', '24', '--raw', '--subdir', 'DAGS_FOLDER/sales_etl_superstore.py', '--cfg-path', '/tmp/tmp0hns7trk']
[2026-03-28T19:30:24.209+0500] {standard_task_runner.py:91} INFO - Job 24: Subtask transform
[2026-03-28T19:30:24.242+0500] {task_command.py:426} INFO - Running <TaskInstance: sales_etl_superstore.transform manual__2026-03-28T14:30:15.113051+00:00 [running]> on host DESKTOP-I2ADLC6.localdomain
[2026-03-28T19:30:24.288+0500] {taskinstance.py:2648} INFO - Exporting env vars: AIRFLOW_CTX_DAG_OWNER='airflow' AIRFLOW_CTX_DAG_ID='sales_etl_superstore' AIRFLOW_CTX_TASK_ID='transform' AIRFLOW_CTX_EXECUTION_DATE='2026-03-28T14:30:15.113051+00:00' AIRFLOW_CTX_TRY_NUMBER='1' AIRFLOW_CTX_DAG_RUN_ID='manual__2026-03-28T14:30:15.113051+00:00'
[2026-03-28T19:30:24.290+0500] {taskinstance.py:430} INFO - ::endgroup::
[2026-03-28T19:30:24.291+0500] {logging_mixin.py:188} INFO - === TRANSFORM START ===
[2026-03-28T19:30:24.291+0500] {logging_mixin.py:188} INFO - INPUT FILE: /home/abayturar/airflow-project/data/raw/superstore_sales.csv
[2026-03-28T19:30:24.317+0500] {logging_mixin.py:188} INFO - Rows before transform: 8399
[2026-03-28T19:30:24.319+0500] {logging_mixin.py:188} INFO - Columns: ['row_id', 'order_id', 'order_date', 'order_priority', 'order_quantity', 'sales', 'discount', 'ship_mode', 'profit', 'unit_price', 'shipping_cost', 'customer_name', 'province', 'region', 'customer_segment', 'product_category', 'product_sub_category', 'product_name', 'product_container', 'product_base_margin', 'ship_date']
[2026-03-28T19:30:24.336+0500] {logging_mixin.py:188} INFO - NULL order_date: 0
[2026-03-28T19:30:24.336+0500] {logging_mixin.py:188} INFO - NULL ship_date: 0
[2026-03-28T19:30:24.338+0500] {logging_mixin.py:188} INFO - Dropped rows: 0
[2026-03-28T19:30:24.338+0500] {logging_mixin.py:188} INFO - Rows after clean: 8399
[2026-03-28T19:30:24.393+0500] {logging_mixin.py:188} INFO - OUTPUT FILE: /home/abayturar/airflow-project/data/processed/superstore_sales_processed.csv
[2026-03-28T19:30:24.393+0500] {logging_mixin.py:188} INFO - === TRANSFORM DONE ===
[2026-03-28T19:30:24.393+0500] {python.py:237} INFO - Done. Returned value was: /home/abayturar/airflow-project/data/processed/superstore_sales_processed.csv
[2026-03-28T19:30:24.394+0500] {taskinstance.py:441} INFO - ::group::Post task execution logs
[2026-03-28T19:30:24.403+0500] {taskinstance.py:1206} INFO - Marking task as SUCCESS. dag_id=sales_etl_superstore, task_id=transform, run_id=manual__2026-03-28T14:30:15.113051+00:00, execution_date=20260328T143015, start_date=20260328T143024, end_date=20260328T143024
[2026-03-28T19:30:24.423+0500] {local_task_job_runner.py:243} INFO - Task exited with return code 0
[2026-03-28T19:30:24.440+0500] {taskinstance.py:3503} INFO - 1 downstream tasks scheduled from follow-on schedule check
[2026-03-28T19:30:24.442+0500] {local_task_job_runner.py:222} INFO - ::endgroup::
