[2026-03-28T19:30:26.666+0500] {local_task_job_runner.py:120} INFO - ::group::Pre task execution logs
[2026-03-28T19:30:26.679+0500] {taskinstance.py:2076} INFO - Dependencies all met for dep_context=non-requeueable deps ti=<TaskInstance: sales_etl_superstore.load manual__2026-03-28T14:30:15.113051+00:00 [queued]>
[2026-03-28T19:30:26.683+0500] {taskinstance.py:2076} INFO - Dependencies all met for dep_context=requeueable deps ti=<TaskInstance: sales_etl_superstore.load manual__2026-03-28T14:30:15.113051+00:00 [queued]>
[2026-03-28T19:30:26.683+0500] {taskinstance.py:2306} INFO - Starting attempt 1 of 1
[2026-03-28T19:30:26.691+0500] {taskinstance.py:2330} INFO - Executing <Task(_PythonDecoratedOperator): load> on 2026-03-28 14:30:15.113051+00:00
[2026-03-28T19:30:26.709+0500] {standard_task_runner.py:64} INFO - Started process 29806 to run task
[2026-03-28T19:30:26.713+0500] {standard_task_runner.py:90} INFO - Running: ['airflow', 'tasks', 'run', 'sales_etl_superstore', 'load', 'manual__2026-03-28T14:30:15.113051+00:00', '--job-id', '25', '--raw', '--subdir', 'DAGS_FOLDER/sales_etl_superstore.py', '--cfg-path', '/tmp/tmppzwwmfyk']
[2026-03-28T19:30:26.715+0500] {standard_task_runner.py:91} INFO - Job 25: Subtask load
[2026-03-28T19:30:26.749+0500] {task_command.py:426} INFO - Running <TaskInstance: sales_etl_superstore.load manual__2026-03-28T14:30:15.113051+00:00 [running]> on host DESKTOP-I2ADLC6.localdomain
[2026-03-28T19:30:26.797+0500] {taskinstance.py:2648} INFO - Exporting env vars: AIRFLOW_CTX_DAG_OWNER='airflow' AIRFLOW_CTX_DAG_ID='sales_etl_superstore' AIRFLOW_CTX_TASK_ID='load' AIRFLOW_CTX_EXECUTION_DATE='2026-03-28T14:30:15.113051+00:00' AIRFLOW_CTX_TRY_NUMBER='1' AIRFLOW_CTX_DAG_RUN_ID='manual__2026-03-28T14:30:15.113051+00:00'
[2026-03-28T19:30:26.799+0500] {taskinstance.py:430} INFO - ::endgroup::
[2026-03-28T19:30:26.801+0500] {logging_mixin.py:188} INFO - LOAD INPUT: /home/abayturar/airflow-project/data/processed/superstore_sales_processed.csv
[2026-03-28T19:30:26.801+0500] {logging_mixin.py:188} INFO - === LOAD START ===
[2026-03-28T19:30:26.803+0500] {logging_mixin.py:188} INFO - Using file: /home/abayturar/airflow-project/data/processed/superstore_sales_processed.csv
[2026-03-28T19:30:26.832+0500] {logging_mixin.py:188} INFO - Data shape (raw): (8399, 21)
[2026-03-28T19:30:26.850+0500] {logging_mixin.py:188} INFO - Max row_id in DB: 999200
[2026-03-28T19:30:26.852+0500] {logging_mixin.py:188} INFO - Rows to insert: (0, 21)
[2026-03-28T19:30:26.853+0500] {logging_mixin.py:188} INFO - No new rows. Skip.
[2026-03-28T19:30:26.853+0500] {logging_mixin.py:188} INFO - LOAD DONE
[2026-03-28T19:30:26.853+0500] {python.py:237} INFO - Done. Returned value was: None
[2026-03-28T19:30:26.854+0500] {taskinstance.py:441} INFO - ::group::Post task execution logs
[2026-03-28T19:30:26.857+0500] {taskinstance.py:1206} INFO - Marking task as SUCCESS. dag_id=sales_etl_superstore, task_id=load, run_id=manual__2026-03-28T14:30:15.113051+00:00, execution_date=20260328T143015, start_date=20260328T143026, end_date=20260328T143026
[2026-03-28T19:30:26.888+0500] {local_task_job_runner.py:243} INFO - Task exited with return code 0
[2026-03-28T19:30:26.901+0500] {taskinstance.py:3503} INFO - 0 downstream tasks scheduled from follow-on schedule check
[2026-03-28T19:30:26.901+0500] {local_task_job_runner.py:222} INFO - ::endgroup::
