[2026-03-28T18:41:32.337+0500] {local_task_job_runner.py:120} INFO - ::group::Pre task execution logs
[2026-03-28T18:41:32.351+0500] {taskinstance.py:2076} INFO - Dependencies all met for dep_context=non-requeueable deps ti=<TaskInstance: sales_dwh_pipeline.dim_ship_mode manual__2026-03-28T13:36:27.228103+00:00 [queued]>
[2026-03-28T18:41:32.355+0500] {taskinstance.py:2076} INFO - Dependencies all met for dep_context=requeueable deps ti=<TaskInstance: sales_dwh_pipeline.dim_ship_mode manual__2026-03-28T13:36:27.228103+00:00 [queued]>
[2026-03-28T18:41:32.355+0500] {taskinstance.py:2306} INFO - Starting attempt 1 of 2
[2026-03-28T18:41:32.365+0500] {taskinstance.py:2330} INFO - Executing <Task(PostgresOperator): dim_ship_mode> on 2026-03-28 13:36:27.228103+00:00
[2026-03-28T18:41:32.382+0500] {standard_task_runner.py:64} INFO - Started process 21757 to run task
[2026-03-28T18:41:32.386+0500] {standard_task_runner.py:90} INFO - Running: ['airflow', 'tasks', 'run', 'sales_dwh_pipeline', 'dim_ship_mode', 'manual__2026-03-28T13:36:27.228103+00:00', '--job-id', '21', '--raw', '--subdir', 'DAGS_FOLDER/sales_dwh_pipeline.py', '--cfg-path', '/tmp/tmpsd2xhttk']
[2026-03-28T18:41:32.389+0500] {standard_task_runner.py:91} INFO - Job 21: Subtask dim_ship_mode
[2026-03-28T18:41:32.423+0500] {task_command.py:426} INFO - Running <TaskInstance: sales_dwh_pipeline.dim_ship_mode manual__2026-03-28T13:36:27.228103+00:00 [running]> on host DESKTOP-I2ADLC6.localdomain
[2026-03-28T18:41:32.465+0500] {taskinstance.py:2648} INFO - Exporting env vars: AIRFLOW_CTX_DAG_OWNER='abay' AIRFLOW_CTX_DAG_ID='sales_dwh_pipeline' AIRFLOW_CTX_TASK_ID='dim_ship_mode' AIRFLOW_CTX_EXECUTION_DATE='2026-03-28T13:36:27.228103+00:00' AIRFLOW_CTX_TRY_NUMBER='1' AIRFLOW_CTX_DAG_RUN_ID='manual__2026-03-28T13:36:27.228103+00:00'
[2026-03-28T18:41:32.466+0500] {taskinstance.py:430} INFO - ::endgroup::
[2026-03-28T18:41:32.467+0500] {sql.py:282} INFO - Executing: TRUNCATE TABLE analytics.dim_ship_mode RESTART IDENTITY CASCADE;
INSERT INTO analytics.dim_ship_mode (ship_mode)
SELECT DISTINCT ship_mode
FROM analytics.sales;
[2026-03-28T18:41:32.471+0500] {base.py:84} INFO - Using connection ID 'postgres_default' for task execution.
[2026-03-28T18:41:32.475+0500] {base.py:84} INFO - Using connection ID 'postgres_default' for task execution.
[2026-03-28T18:41:32.491+0500] {sql.py:495} INFO - Running statement: TRUNCATE TABLE analytics.dim_ship_mode RESTART IDENTITY CASCADE;
INSERT INTO analytics.dim_ship_mode (ship_mode)
SELECT DISTINCT ship_mode
FROM analytics.sales;, parameters: None
[2026-03-28T18:41:32.507+0500] {sql.py:504} INFO - Rows affected: 4
[2026-03-28T18:41:32.513+0500] {taskinstance.py:441} INFO - ::group::Post task execution logs
[2026-03-28T18:41:32.517+0500] {taskinstance.py:1206} INFO - Marking task as SUCCESS. dag_id=sales_dwh_pipeline, task_id=dim_ship_mode, run_id=manual__2026-03-28T13:36:27.228103+00:00, execution_date=20260328T133627, start_date=20260328T134132, end_date=20260328T134132
[2026-03-28T18:41:32.562+0500] {local_task_job_runner.py:243} INFO - Task exited with return code 0
[2026-03-28T18:41:32.573+0500] {logging_mixin.py:188} WARNING - /home/abayturar/airflow-project/venv/lib/python3.12/site-packages/airflow/models/baseoperator.py:1297 AirflowProviderDeprecationWarning: Call to deprecated class PostgresOperator. (Please use `airflow.providers.common.sql.operators.sql.SQLExecuteQueryOperator`.Also, you can provide `hook_params={'schema': <database>}`.)
[2026-03-28T18:41:32.581+0500] {taskinstance.py:3503} INFO - 1 downstream tasks scheduled from follow-on schedule check
[2026-03-28T18:41:32.583+0500] {local_task_job_runner.py:222} INFO - ::endgroup::
